00:00.321  blend            | Read blend: "/Users/dean/Documents/MORI/mechanical/mori_v1_2.blend"
00:00.860  render           | Saved: '/Users/dean/Documents/MORI/mechanical/renders/parts/Battery.png'
PART_PREVIEW 1 139 MORI_V1__Battery
00:01.171  render           | Saved: '/Users/dean/Documents/MORI/mechanical/renders/parts/Battery_Retainer_Insert_-1.png'
PART_PREVIEW 2 139 MORI_V1__Battery_Retainer_Insert_-1
00:01.485  render           | Saved: '/Users/dean/Documents/MORI/mechanical/renders/parts/Battery_Retainer_Insert_1.png'
PART_PREVIEW 3 139 MORI_V1__Battery_Retainer_Insert_1
00:01.799  render           | Saved: '/Users/dean/Documents/MORI/mechanical/renders/parts/Battery_Retainer_Screw_-1.png'
PART_PREVIEW 4 139 MORI_V1__Battery_Retainer_Screw_-1
00:02.114  render           | Saved: '/Users/dean/Documents/MORI/mechanical/renders/parts/Battery_Retainer_Screw_1.png'
PART_PREVIEW 5 139 MORI_V1__Battery_Retainer_Screw_1
00:02.454  render           | Saved: '/Users/dean/Documents/MORI/mechanical/renders/parts/Battery_Tray.png'
PART_PREVIEW 6 139 MORI_V1__Battery_Tray
00:02.804  render           | Saved: '/Users/dean/Documents/MORI/mechanical/renders/parts/Body_Cheek_L.png'
PART_PREVIEW 7 139 MORI_V1__Body_Cheek_L
00:03.158  render           | Saved: '/Users/dean/Documents/MORI/mechanical/renders/parts/Body_Cheek_R.png'
PART_PREVIEW 8 139 MORI_V1__Body_Cheek_R
00:03.519  render           | Saved: '/Users/dean/Documents/MORI/mechanical/renders/parts/Body_IMU.png'
PART_PREVIEW 9 139 MORI_V1__Body_IMU
00:03.892  render           | Saved: '/Users/dean/Documents/MORI/mechanical/renders/parts/Body_Lower.png'
PART_PREVIEW 10 139 MORI_V1__Body_Lower
00:04.199  render           | Saved: '/Users/dean/Documents/MORI/mechanical/renders/parts/Body_Top_Shroud.png'
PART_PREVIEW 11 139 MORI_V1__Body_Top_Shroud
00:04.590  render           | Saved: '/Users/dean/Documents/MORI/mechanical/renders/parts/Body_Upper.png'
PART_PREVIEW 12 139 MORI_V1__Body_Upper
00:04.921  render           | Saved: '/Users/dean/Documents/MORI/mechanical/renders/parts/Button_Cap.png'
PART_PREVIEW 13 139 MORI_V1__Button_Cap
00:05.295  render           | Saved: '/Users/dean/Documents/MORI/mechanical/renders/parts/CAM_Mainboard.png'
PART_PREVIEW 14 139 MORI_V1__CAM_Mainboard
00:05.647  render           | Saved: '/Users/dean/Documents/MORI/mechanical/renders/parts/Camera_Baffle.png'
PART_PREVIEW 15 139 MORI_V1__Camera_Baffle
00:05.996  render           | Saved: '/Users/dean/Documents/MORI/mechanical/renders/parts/Camera_Lens.png'
PART_PREVIEW 16 139 MORI_V1__Camera_Lens
00:06.373  render           | Saved: '/Users/dean/Documents/MORI/mechanical/renders/parts/Camera_PCB.png'
PART_PREVIEW 17 139 MORI_V1__Camera_PCB
00:06.708  render           | Saved: '/Users/dean/Documents/MORI/mechanical/renders/parts/Camera_Window.png'
PART_PREVIEW 18 139 MORI_V1__Camera_Window
00:07.046  render           | Saved: '/Users/dean/Documents/MORI/mechanical/renders/parts/Coupon_Insert.png'
PART_PREVIEW 19 139 MORI_V1__Coupon_Insert
00:07.434  render           | Saved: '/Users/dean/Documents/MORI/mechanical/renders/parts/Coupon_Mating_Tab.png'
PART_PREVIEW 20 139 MORI_V1__Coupon_Mating_Tab
00:07.761  render           | Saved: '/Users/dean/Documents/MORI/mechanical/renders/parts/Coupon_Plane_Fit.png'
PART_PREVIEW 21 139 MORI_V1__Coupon_Plane_Fit
00:08.080  render           | Saved: '/Users/dean/Documents/MORI/mechanical/renders/parts/Deck_L_-8_Nut.png'
PART_PREVIEW 22 139 MORI_V1__Deck_L_-8_Nut
00:08.390  render           | Saved: '/Users/dean/Documents/MORI/mechanical/renders/parts/Deck_L_-8_Screw.png'
PART_PREVIEW 23 139 MORI_V1__Deck_L_-8_Screw
00:08.693  render           | Saved: '/Users/dean/Documents/MORI/mechanical/renders/parts/Deck_L_8_Nut.png'
PART_PREVIEW 24 139 MORI_V1__Deck_L_8_Nut
00:09.017  render           | Saved: '/Users/dean/Documents/MORI/mechanical/renders/parts/Deck_L_8_Screw.png'
PART_PREVIEW 25 139 MORI_V1__Deck_L_8_Screw
00:09.349  render           | Saved: '/Users/dean/Documents/MORI/mechanical/renders/parts/Deck_R_-8_Nut.png'
PART_PREVIEW 26 139 MORI_V1__Deck_R_-8_Nut
00:09.677  render           | Saved: '/Users/dean/Documents/MORI/mechanical/renders/parts/Deck_R_-8_Screw.png'
PART_PREVIEW 27 139 MORI_V1__Deck_R_-8_Screw
00:10.003  render           | Saved: '/Users/dean/Documents/MORI/mechanical/renders/parts/Deck_R_8_Nut.png'
PART_PREVIEW 28 139 MORI_V1__Deck_R_8_Nut
00:10.321  render           | Saved: '/Users/dean/Documents/MORI/mechanical/renders/parts/Deck_R_8_Screw.png'
PART_PREVIEW 29 139 MORI_V1__Deck_R_8_Screw
00:10.642  render           | Saved: '/Users/dean/Documents/MORI/mechanical/renders/parts/Display_Frame.png'
PART_PREVIEW 30 139 MORI_V1__Display_Frame
00:11.149  render           | Saved: '/Users/dean/Documents/MORI/mechanical/renders/parts/Display_PCB.png'
PART_PREVIEW 31 139 MORI_V1__Display_PCB
00:11.464  render           | Saved: '/Users/dean/Documents/MORI/mechanical/renders/parts/Dock_Pad_0.png'
PART_PREVIEW 32 139 MORI_V1__Dock_Pad_0
00:11.784  render           | Saved: '/Users/dean/Documents/MORI/mechanical/renders/parts/Dock_Pad_1.png'
PART_PREVIEW 33 139 MORI_V1__Dock_Pad_1
00:12.118  render           | Saved: '/Users/dean/Documents/MORI/mechanical/renders/parts/Dock_Pad_2.png'
PART_PREVIEW 34 139 MORI_V1__Dock_Pad_2
00:12.487  render           | Saved: '/Users/dean/Documents/MORI/mechanical/renders/parts/Dock_Pad_3.png'
PART_PREVIEW 35 139 MORI_V1__Dock_Pad_3
00:12.865  render           | Saved: '/Users/dean/Documents/MORI/mechanical/renders/parts/Drive_Bridge.png'
PART_PREVIEW 36 139 MORI_V1__Drive_Bridge
00:13.183  render           | Saved: '/Users/dean/Documents/MORI/mechanical/renders/parts/Drive_L_-8_Nut.png'
PART_PREVIEW 37 139 MORI_V1__Drive_L_-8_Nut
00:13.497  render           | Saved: '/Users/dean/Documents/MORI/mechanical/renders/parts/Drive_L_-8_Screw.png'
PART_PREVIEW 38 139 MORI_V1__Drive_L_-8_Screw
00:13.810  render           | Saved: '/Users/dean/Documents/MORI/mechanical/renders/parts/Drive_L_8_Nut.png'
PART_PREVIEW 39 139 MORI_V1__Drive_L_8_Nut
00:14.122  render           | Saved: '/Users/dean/Documents/MORI/mechanical/renders/parts/Drive_L_8_Screw.png'
PART_PREVIEW 40 139 MORI_V1__Drive_L_8_Screw
00:14.510  render           | Saved: '/Users/dean/Documents/MORI/mechanical/renders/parts/Drive_Motor_L.png'
PART_PREVIEW 41 139 MORI_V1__Drive_Motor_L
00:14.906  render           | Saved: '/Users/dean/Documents/MORI/mechanical/renders/parts/Drive_Motor_R.png'
PART_PREVIEW 42 139 MORI_V1__Drive_Motor_R
00:15.228  render           | Saved: '/Users/dean/Documents/MORI/mechanical/renders/parts/Drive_R_-8_Nut.png'
PART_PREVIEW 43 139 MORI_V1__Drive_R_-8_Nut
00:15.546  render           | Saved: '/Users/dean/Documents/MORI/mechanical/renders/parts/Drive_R_-8_Screw.png'
PART_PREVIEW 44 139 MORI_V1__Drive_R_-8_Screw
00:15.865  render           | Saved: '/Users/dean/Documents/MORI/mechanical/renders/parts/Drive_R_8_Nut.png'
PART_PREVIEW 45 139 MORI_V1__Drive_R_8_Nut
00:16.175  render           | Saved: '/Users/dean/Documents/MORI/mechanical/renders/parts/Drive_R_8_Screw.png'
PART_PREVIEW 46 139 MORI_V1__Drive_R_8_Screw
00:16.494  render           | Saved: '/Users/dean/Documents/MORI/mechanical/renders/parts/Face_Joint_-1_-6.2_Nut.png'
PART_PREVIEW 47 139 MORI_V1__Face_Joint_-1_-6.2_Nut
00:16.806  render           | Saved: '/Users/dean/Documents/MORI/mechanical/renders/parts/Face_Joint_-1_-6.2_Screw.png'
PART_PREVIEW 48 139 MORI_V1__Face_Joint_-1_-6.2_Screw
00:17.126  render           | Saved: '/Users/dean/Documents/MORI/mechanical/renders/parts/Face_Joint_-1_0.8_Nut.png'
PART_PREVIEW 49 139 MORI_V1__Face_Joint_-1_0.8_Nut
00:17.441  render           | Saved: '/Users/dean/Documents/MORI/mechanical/renders/parts/Face_Joint_-1_0.8_Screw.png'
PART_PREVIEW 50 139 MORI_V1__Face_Joint_-1_0.8_Screw
00:17.762  render           | Saved: '/Users/dean/Documents/MORI/mechanical/renders/parts/Face_Joint_1_-6.2_Nut.png'
PART_PREVIEW 51 139 MORI_V1__Face_Joint_1_-6.2_Nut
00:18.075  render           | Saved: '/Users/dean/Documents/MORI/mechanical/renders/parts/Face_Joint_1_-6.2_Screw.png'
PART_PREVIEW 52 139 MORI_V1__Face_Joint_1_-6.2_Screw
00:18.400  render           | Saved: '/Users/dean/Documents/MORI/mechanical/renders/parts/Face_Joint_1_0.8_Nut.png'
PART_PREVIEW 53 139 MORI_V1__Face_Joint_1_0.8_Nut
00:18.717  render           | Saved: '/Users/dean/Documents/MORI/mechanical/renders/parts/Face_Joint_1_0.8_Screw.png'
PART_PREVIEW 54 139 MORI_V1__Face_Joint_1_0.8_Screw
00:19.045  render           | Saved: '/Users/dean/Documents/MORI/mechanical/renders/parts/Face_Mask.png'
PART_PREVIEW 55 139 MORI_V1__Face_Mask
00:19.392  render           | Saved: '/Users/dean/Documents/MORI/mechanical/renders/parts/Face_Protector.png'
PART_PREVIEW 56 139 MORI_V1__Face_Protector
00:19.725  render           | Saved: '/Users/dean/Documents/MORI/mechanical/renders/parts/Frame_Insert_0.png'
PART_PREVIEW 57 139 MORI_V1__Frame_Insert_0
00:20.058  render           | Saved: '/Users/dean/Documents/MORI/mechanical/renders/parts/Frame_Insert_1.png'
PART_PREVIEW 58 139 MORI_V1__Frame_Insert_1
00:20.390  render           | Saved: '/Users/dean/Documents/MORI/mechanical/renders/parts/Frame_Insert_2.png'
PART_PREVIEW 59 139 MORI_V1__Frame_Insert_2
00:20.719  render           | Saved: '/Users/dean/Documents/MORI/mechanical/renders/parts/Frame_Insert_3.png'
PART_PREVIEW 60 139 MORI_V1__Frame_Insert_3
00:21.065  render           | Saved: '/Users/dean/Documents/MORI/mechanical/renders/parts/Frame_Screw_0.png'
PART_PREVIEW 61 139 MORI_V1__Frame_Screw_0
00:21.407  render           | Saved: '/Users/dean/Documents/MORI/mechanical/renders/parts/Frame_Screw_1.png'
PART_PREVIEW 62 139 MORI_V1__Frame_Screw_1
00:21.746  render           | Saved: '/Users/dean/Documents/MORI/mechanical/renders/parts/Frame_Screw_2.png'
PART_PREVIEW 63 139 MORI_V1__Frame_Screw_2
00:22.086  render           | Saved: '/Users/dean/Documents/MORI/mechanical/renders/parts/Frame_Screw_3.png'
PART_PREVIEW 64 139 MORI_V1__Frame_Screw_3
00:22.433  render           | Saved: '/Users/dean/Documents/MORI/mechanical/renders/parts/Function_Button.png'
PART_PREVIEW 65 139 MORI_V1__Function_Button
00:22.753  render           | Saved: '/Users/dean/Documents/MORI/mechanical/renders/parts/Gimbal_Base_-13_Nut.png'
PART_PREVIEW 66 139 MORI_V1__Gimbal_Base_-13_Nut
00:23.075  render           | Saved: '/Users/dean/Documents/MORI/mechanical/renders/parts/Gimbal_Base_-13_Screw.png'
PART_PREVIEW 67 139 MORI_V1__Gimbal_Base_-13_Screw
00:23.394  render           | Saved: '/Users/dean/Documents/MORI/mechanical/renders/parts/Gimbal_Base_13_Nut.png'
PART_PREVIEW 68 139 MORI_V1__Gimbal_Base_13_Nut
00:23.710  render           | Saved: '/Users/dean/Documents/MORI/mechanical/renders/parts/Gimbal_Base_13_Screw.png'
PART_PREVIEW 69 139 MORI_V1__Gimbal_Base_13_Screw
00:24.072  render           | Saved: '/Users/dean/Documents/MORI/mechanical/renders/parts/Head_Front.png'
PART_PREVIEW 70 139 MORI_V1__Head_Front
00:24.497  render           | Saved: '/Users/dean/Documents/MORI/mechanical/renders/parts/Head_Rear.png'
PART_PREVIEW 71 139 MORI_V1__Head_Rear
00:24.842  render           | Saved: '/Users/dean/Documents/MORI/mechanical/renders/parts/Load_Frame.png'
PART_PREVIEW 72 139 MORI_V1__Load_Frame
00:25.188  render           | Saved: '/Users/dean/Documents/MORI/mechanical/renders/parts/MCU_Motion.png'
PART_PREVIEW 73 139 MORI_V1__MCU_Motion
00:25.522  render           | Saved: '/Users/dean/Documents/MORI/mechanical/renders/parts/Mic_Duct_L.png'
PART_PREVIEW 74 139 MORI_V1__Mic_Duct_L
00:25.848  render           | Saved: '/Users/dean/Documents/MORI/mechanical/renders/parts/Mic_Duct_R.png'
PART_PREVIEW 75 139 MORI_V1__Mic_Duct_R
00:26.176  render           | Saved: '/Users/dean/Documents/MORI/mechanical/renders/parts/Motor_Retainer.png'
PART_PREVIEW 76 139 MORI_V1__Motor_Retainer
00:26.500  render           | Saved: '/Users/dean/Documents/MORI/mechanical/renders/parts/Motor_Retainer_Insert_0.png'
PART_PREVIEW 77 139 MORI_V1__Motor_Retainer_Insert_0
00:26.821  render           | Saved: '/Users/dean/Documents/MORI/mechanical/renders/parts/Motor_Retainer_Insert_1.png'
PART_PREVIEW 78 139 MORI_V1__Motor_Retainer_Insert_1
00:27.171  render           | Saved: '/Users/dean/Documents/MORI/mechanical/renders/parts/Motor_Retainer_Pad_-1.png'
PART_PREVIEW 79 139 MORI_V1__Motor_Retainer_Pad_-1
00:27.515  render           | Saved: '/Users/dean/Documents/MORI/mechanical/renders/parts/Motor_Retainer_Pad_1.png'
PART_PREVIEW 80 139 MORI_V1__Motor_Retainer_Pad_1
00:27.854  render           | Saved: '/Users/dean/Documents/MORI/mechanical/renders/parts/Motor_Retainer_Screw_0.png'
PART_PREVIEW 81 139 MORI_V1__Motor_Retainer_Screw_0
00:28.190  render           | Saved: '/Users/dean/Documents/MORI/mechanical/renders/parts/Motor_Retainer_Screw_1.png'
PART_PREVIEW 82 139 MORI_V1__Motor_Retainer_Screw_1
00:28.544  render           | Saved: '/Users/dean/Documents/MORI/mechanical/renders/parts/Parking_Cradle.png'
PART_PREVIEW 83 139 MORI_V1__Parking_Cradle
00:28.924  render           | Saved: '/Users/dean/Documents/MORI/mechanical/renders/parts/Pitch_Bearing_L.png'
PART_PREVIEW 84 139 MORI_V1__Pitch_Bearing_L
00:29.300  render           | Saved: '/Users/dean/Documents/MORI/mechanical/renders/parts/Pitch_Bearing_R.png'
PART_PREVIEW 85 139 MORI_V1__Pitch_Bearing_R
00:29.667  render           | Saved: '/Users/dean/Documents/MORI/mechanical/renders/parts/Pitch_Cable_Clip.png'
PART_PREVIEW 86 139 MORI_V1__Pitch_Cable_Clip
00:30.063  render           | Saved: '/Users/dean/Documents/MORI/mechanical/renders/parts/Pitch_Cradle.png'
PART_PREVIEW 87 139 MORI_V1__Pitch_Cradle
00:30.408  render           | Saved: '/Users/dean/Documents/MORI/mechanical/renders/parts/Pitch_Horn.png'
PART_PREVIEW 88 139 MORI_V1__Pitch_Horn
00:30.721  render           | Saved: '/Users/dean/Documents/MORI/mechanical/renders/parts/Pitch_Lock_Screw.png'
PART_PREVIEW 89 139 MORI_V1__Pitch_Lock_Screw
00:31.051  render           | Saved: '/Users/dean/Documents/MORI/mechanical/renders/parts/Pitch_Output.png'
PART_PREVIEW 90 139 MORI_V1__Pitch_Output
00:31.415  render           | Saved: '/Users/dean/Documents/MORI/mechanical/renders/parts/Pitch_Servo.png'
PART_PREVIEW 91 139 MORI_V1__Pitch_Servo
00:31.791  render           | Saved: '/Users/dean/Documents/MORI/mechanical/renders/parts/Pitch_Trunnion_L.png'
PART_PREVIEW 92 139 MORI_V1__Pitch_Trunnion_L
00:32.149  render           | Saved: '/Users/dean/Documents/MORI/mechanical/renders/parts/Pitch_Trunnion_R.png'
PART_PREVIEW 93 139 MORI_V1__Pitch_Trunnion_R
00:32.538  render           | Saved: '/Users/dean/Documents/MORI/mechanical/renders/parts/Pitch_Yoke.png'
PART_PREVIEW 94 139 MORI_V1__Pitch_Yoke
00:32.892  render           | Saved: '/Users/dean/Documents/MORI/mechanical/renders/parts/Power_Module.png'
PART_PREVIEW 95 139 MORI_V1__Power_Module
00:33.290  render           | Saved: '/Users/dean/Documents/MORI/mechanical/renders/parts/Power_Switch.png'
PART_PREVIEW 96 139 MORI_V1__Power_Switch
00:33.654  render           | Saved: '/Users/dean/Documents/MORI/mechanical/renders/parts/S288_Output_L_Inner.png'
PART_PREVIEW 97 139 MORI_V1__S288_Output_L_Inner
00:34.014  render           | Saved: '/Users/dean/Documents/MORI/mechanical/renders/parts/S288_Output_L_Outer.png'
PART_PREVIEW 98 139 MORI_V1__S288_Output_L_Outer
00:34.371  render           | Saved: '/Users/dean/Documents/MORI/mechanical/renders/parts/S288_Output_R_Inner.png'
PART_PREVIEW 99 139 MORI_V1__S288_Output_R_Inner
00:34.731  render           | Saved: '/Users/dean/Documents/MORI/mechanical/renders/parts/S288_Output_R_Outer.png'
PART_PREVIEW 100 139 MORI_V1__S288_Output_R_Outer
00:35.076  render           | Saved: '/Users/dean/Documents/MORI/mechanical/renders/parts/Shell_Insert_0.png'
PART_PREVIEW 101 139 MORI_V1__Shell_Insert_0
00:35.414  render           | Saved: '/Users/dean/Documents/MORI/mechanical/renders/parts/Shell_Insert_1.png'
PART_PREVIEW 102 139 MORI_V1__Shell_Insert_1
00:35.751  render           | Saved: '/Users/dean/Documents/MORI/mechanical/renders/parts/Shell_Insert_2.png'
PART_PREVIEW 103 139 MORI_V1__Shell_Insert_2
00:36.085  render           | Saved: '/Users/dean/Documents/MORI/mechanical/renders/parts/Shell_Insert_3.png'
PART_PREVIEW 104 139 MORI_V1__Shell_Insert_3
00:36.412  render           | Saved: '/Users/dean/Documents/MORI/mechanical/renders/parts/Shell_Screw_0.png'
PART_PREVIEW 105 139 MORI_V1__Shell_Screw_0
00:36.766  render           | Saved: '/Users/dean/Documents/MORI/mechanical/renders/parts/Shell_Screw_1.png'
PART_PREVIEW 106 139 MORI_V1__Shell_Screw_1
00:37.123  render           | Saved: '/Users/dean/Documents/MORI/mechanical/renders/parts/Shell_Screw_2.png'
PART_PREVIEW 107 139 MORI_V1__Shell_Screw_2
00:37.463  render           | Saved: '/Users/dean/Documents/MORI/mechanical/renders/parts/Shell_Screw_3.png'
PART_PREVIEW 108 139 MORI_V1__Shell_Screw_3
00:37.837  render           | Saved: '/Users/dean/Documents/MORI/mechanical/renders/parts/Speaker.png'
PART_PREVIEW 109 139 MORI_V1__Speaker
00:38.249  render           | Saved: '/Users/dean/Documents/MORI/mechanical/renders/parts/Speaker_Mount.png'
PART_PREVIEW 110 139 MORI_V1__Speaker_Mount
00:38.597  render           | Saved: '/Users/dean/Documents/MORI/mechanical/renders/parts/Tire_L.png'
PART_PREVIEW 111 139 MORI_V1__Tire_L
00:38.944  render           | Saved: '/Users/dean/Documents/MORI/mechanical/renders/parts/Tire_R.png'
PART_PREVIEW 112 139 MORI_V1__Tire_R
00:39.320  render           | Saved: '/Users/dean/Documents/MORI/mechanical/renders/parts/USB_Charge.png'
PART_PREVIEW 113 139 MORI_V1__USB_Charge
00:39.699  render           | Saved: '/Users/dean/Documents/MORI/mechanical/renders/parts/USB_Receptacle.png'
PART_PREVIEW 114 139 MORI_V1__USB_Receptacle
00:40.014  render           | Saved: '/Users/dean/Documents/MORI/mechanical/renders/parts/Wheel_Axle_L.png'
PART_PREVIEW 115 139 MORI_V1__Wheel_Axle_L
00:40.327  render           | Saved: '/Users/dean/Documents/MORI/mechanical/renders/parts/Wheel_Axle_R.png'
PART_PREVIEW 116 139 MORI_V1__Wheel_Axle_R
00:40.700  render           | Saved: '/Users/dean/Documents/MORI/mechanical/renders/parts/Wheel_Bearing_L_33.png'
PART_PREVIEW 117 139 MORI_V1__Wheel_Bearing_L_33
00:41.083  render           | Saved: '/Users/dean/Documents/MORI/mechanical/renders/parts/Wheel_Bearing_L_39.png'
PART_PREVIEW 118 139 MORI_V1__Wheel_Bearing_L_39
00:41.467  render           | Saved: '/Users/dean/Documents/MORI/mechanical/renders/parts/Wheel_Bearing_R_33.png'
PART_PREVIEW 119 139 MORI_V1__Wheel_Bearing_R_33
00:41.846  render           | Saved: '/Users/dean/Documents/MORI/mechanical/renders/parts/Wheel_Bearing_R_39.png'
PART_PREVIEW 120 139 MORI_V1__Wheel_Bearing_R_39
00:42.193  render           | Saved: '/Users/dean/Documents/MORI/mechanical/renders/parts/Wheel_Cap_L.png'
PART_PREVIEW 121 139 MORI_V1__Wheel_Cap_L
00:42.541  render           | Saved: '/Users/dean/Documents/MORI/mechanical/renders/parts/Wheel_Cap_R.png'
PART_PREVIEW 122 139 MORI_V1__Wheel_Cap_R
00:42.902  render           | Saved: '/Users/dean/Documents/MORI/mechanical/renders/parts/Wheel_Coupler_L.png'
PART_PREVIEW 123 139 MORI_V1__Wheel_Coupler_L
00:43.261  render           | Saved: '/Users/dean/Documents/MORI/mechanical/renders/parts/Wheel_Coupler_R.png'
PART_PREVIEW 124 139 MORI_V1__Wheel_Coupler_R
00:43.629  render           | Saved: '/Users/dean/Documents/MORI/mechanical/renders/parts/Wheel_Hub_L.png'
PART_PREVIEW 125 139 MORI_V1__Wheel_Hub_L
00:43.996  render           | Saved: '/Users/dean/Documents/MORI/mechanical/renders/parts/Wheel_Hub_R.png'
PART_PREVIEW 126 139 MORI_V1__Wheel_Hub_R
00:44.364  render           | Saved: '/Users/dean/Documents/MORI/mechanical/renders/parts/Yaw_Base.png'
PART_PREVIEW 127 139 MORI_V1__Yaw_Base
00:44.692  render           | Saved: '/Users/dean/Documents/MORI/mechanical/renders/parts/Yaw_Base_-1_Nut.png'
PART_PREVIEW 128 139 MORI_V1__Yaw_Base_-1_Nut
00:45.018  render           | Saved: '/Users/dean/Documents/MORI/mechanical/renders/parts/Yaw_Base_-1_Screw.png'
PART_PREVIEW 129 139 MORI_V1__Yaw_Base_-1_Screw
00:45.463  render           | Saved: '/Users/dean/Documents/MORI/mechanical/renders/parts/Yaw_Base_1_Nut.png'
PART_PREVIEW 130 139 MORI_V1__Yaw_Base_1_Nut
00:45.805  render           | Saved: '/Users/dean/Documents/MORI/mechanical/renders/parts/Yaw_Base_1_Screw.png'
PART_PREVIEW 131 139 MORI_V1__Yaw_Base_1_Screw
00:46.192  render           | Saved: '/Users/dean/Documents/MORI/mechanical/renders/parts/Yaw_Bearing.png'
PART_PREVIEW 132 139 MORI_V1__Yaw_Bearing
00:46.587  render           | Saved: '/Users/dean/Documents/MORI/mechanical/renders/parts/Yaw_Cable_Clip.png'
PART_PREVIEW 133 139 MORI_V1__Yaw_Cable_Clip
00:46.936  render           | Saved: '/Users/dean/Documents/MORI/mechanical/renders/parts/Yaw_Horn.png'
PART_PREVIEW 134 139 MORI_V1__Yaw_Horn
00:47.252  render           | Saved: '/Users/dean/Documents/MORI/mechanical/renders/parts/Yaw_Lock_Screw.png'
PART_PREVIEW 135 139 MORI_V1__Yaw_Lock_Screw
00:47.600  render           | Saved: '/Users/dean/Documents/MORI/mechanical/renders/parts/Yaw_Output.png'
PART_PREVIEW 136 139 MORI_V1__Yaw_Output
00:47.982  render           | Saved: '/Users/dean/Documents/MORI/mechanical/renders/parts/Yaw_Servo.png'
PART_PREVIEW 137 139 MORI_V1__Yaw_Servo
00:48.316  render           | Saved: '/Users/dean/Documents/MORI/mechanical/renders/parts/Yaw_Stop_Flag.png'
PART_PREVIEW 138 139 MORI_V1__Yaw_Stop_Flag
00:48.693  render           | Saved: '/Users/dean/Documents/MORI/mechanical/renders/parts/Yaw_Turntable.png'
PART_PREVIEW 139 139 MORI_V1__Yaw_Turntable
CATALOG_COMPLETE
Blender 5.2.1 LTS (hash 9e2066aef7ef built 2026-08-25 01:35:57)

Blender quit
