00:00.355  blend            | Read blend: "/Users/dean/Documents/MORI/mechanical/mori_v1_2.blend"
MORI STL Battery_Tray PASS
MORI STL Body_Cheek_L PASS
MORI STL Body_Cheek_R PASS
MORI STL Body_Lower PASS
MORI STL Body_Top_Shroud PASS
MORI STL Body_Upper PASS
MORI STL Button_Cap PASS
MORI STL Camera_Baffle PASS
MORI STL Coupon_Insert PASS
MORI STL Coupon_Mating_Tab PASS
MORI STL Coupon_Plane_Fit PASS
MORI STL Display_Frame PASS
MORI STL Drive_Bridge PASS
MORI STL Head_Front PASS
MORI STL Head_Rear PASS
MORI STL Load_Frame PASS
MORI STL Mic_Duct_L PASS
MORI STL Mic_Duct_R PASS
MORI STL Motor_Retainer PASS
MORI STL Parking_Cradle PASS
MORI STL Pitch_Cable_Clip PASS
MORI STL Pitch_Cradle PASS
MORI STL Pitch_Yoke PASS
MORI STL Speaker_Mount PASS
MORI STL Wheel_Cap_L PASS
MORI STL Wheel_Cap_R PASS
MORI STL Wheel_Coupler_L PASS
MORI STL Wheel_Coupler_R PASS
MORI STL Wheel_Hub_L PASS
MORI STL Wheel_Hub_R PASS
MORI STL Yaw_Base PASS
MORI STL Yaw_Cable_Clip PASS
MORI STL Yaw_Stop_Flag PASS
MORI STL Yaw_Turntable PASS
Blender 5.2.1 LTS (hash 9e2066aef7ef built 2026-08-25 01:35:57)
Timer 'STL Import' took 0.80 ms
Timer 'STL Import' took 0.42 ms
Timer 'STL Import' took 0.38 ms
Timer 'STL Import' took 4.93 ms
Timer 'STL Import' took 0.15 ms
Timer 'STL Import' took 1.99 ms
Timer 'STL Import' took 0.11 ms
Timer 'STL Import' took 0.12 ms
Timer 'STL Import' took 0.30 ms
Timer 'STL Import' took 56250 ns
Timer 'STL Import' took 68542 ns
Timer 'STL Import' took 0.78 ms
Timer 'STL Import' took 0.87 ms
Timer 'STL Import' took 1.42 ms
Timer 'STL Import' took 1.51 ms
Timer 'STL Import' took 0.64 ms
Timer 'STL Import' took 0.14 ms
Timer 'STL Import' took 0.13 ms
Timer 'STL Import' took 0.15 ms
Timer 'STL Import' took 0.14 ms
Timer 'STL Import' took 0.11 ms
Timer 'STL Import' took 0.49 ms
Timer 'STL Import' took 0.37 ms
Timer 'STL Import' took 0.32 ms
Timer 'STL Import' took 0.11 ms
Timer 'STL Import' took 79167 ns
Timer 'STL Import' took 0.12 ms
Timer 'STL Import' took 0.12 ms
Timer 'STL Import' took 0.11 ms
Timer 'STL Import' took 0.12 ms
Timer 'STL Import' took 0.45 ms
Timer 'STL Import' took 0.12 ms
Timer 'STL Import' took 50459 ns
Timer 'STL Import' took 1.06 ms

Blender quit
