./src/common/stdpbase.cpp(59): assert ""traits"" failed in Get(): create wxApp before calling this
04:08:09 AM: Debug: Adding duplicate image handler for 'PNG file'
04:08:09 AM: Debug: Adding duplicate image handler for 'JPEG file'
04:08:09 AM: Debug: Adding duplicate image handler for 'TIFF file'
04:08:09 AM: Debug: Adding duplicate image handler for 'GIF file'
04:08:09 AM: Debug: Adding duplicate image handler for 'PNM file'
04:08:09 AM: Debug: Adding duplicate image handler for 'PCX file'
04:08:09 AM: Debug: Adding duplicate image handler for 'IFF file'
04:08:09 AM: Debug: Adding duplicate image handler for 'Windows icon file'
04:08:09 AM: Debug: Adding duplicate image handler for 'Windows cursor file'
04:08:09 AM: Debug: Adding duplicate image handler for 'Windows animated cursor file'
04:08:09 AM: Debug: Adding duplicate image handler for 'TGA file'
04:08:09 AM: Debug: Adding duplicate image handler for 'XPM file'
04:08:11 AM: Debug: Adding duplicate image handler for 'PNG file'
04:08:11 AM: Debug: Adding duplicate image handler for 'JPEG file'
04:08:11 AM: Debug: Adding duplicate image handler for 'TIFF file'
04:08:11 AM: Debug: Adding duplicate image handler for 'GIF file'
04:08:11 AM: Debug: Adding duplicate image handler for 'PNM file'
04:08:11 AM: Debug: Adding duplicate image handler for 'PCX file'
04:08:11 AM: Debug: Adding duplicate image handler for 'IFF file'
04:08:11 AM: Debug: Adding duplicate image handler for 'Windows icon file'
04:08:11 AM: Debug: Adding duplicate image handler for 'Windows cursor file'
04:08:11 AM: Debug: Adding duplicate image handler for 'Windows animated cursor file'
04:08:11 AM: Debug: Adding duplicate image handler for 'TGA file'
04:08:11 AM: Debug: Adding duplicate image handler for 'XPM file'
04:08:13 AM: Debug: Adding duplicate image handler for 'PNG file'
04:08:13 AM: Debug: Adding duplicate image handler for 'JPEG file'
04:08:13 AM: Debug: Adding duplicate image handler for 'TIFF file'
04:08:13 AM: Debug: Adding duplicate image handler for 'GIF file'
04:08:13 AM: Debug: Adding duplicate image handler for 'PNM file'
04:08:13 AM: Debug: Adding duplicate image handler for 'PCX file'
04:08:13 AM: Debug: Adding duplicate image handler for 'IFF file'
04:08:13 AM: Debug: Adding duplicate image handler for 'Windows icon file'
04:08:13 AM: Debug: Adding duplicate image handler for 'Windows cursor file'
04:08:13 AM: Debug: Adding duplicate image handler for 'Windows animated cursor file'
04:08:13 AM: Debug: Adding duplicate image handler for 'TGA file'
04:08:13 AM: Debug: Adding duplicate image handler for 'XPM file'
power removed /CHG_BASE 68d288ff
04:08:18 AM: Debug: Adding duplicate image handler for 'PNG file'
04:08:18 AM: Debug: Adding duplicate image handler for 'JPEG file'
04:08:18 AM: Debug: Adding duplicate image handler for 'TIFF file'
04:08:18 AM: Debug: Adding duplicate image handler for 'GIF file'
04:08:18 AM: Debug: Adding duplicate image handler for 'PNM file'
04:08:18 AM: Debug: Adding duplicate image handler for 'PCX file'
04:08:18 AM: Debug: Adding duplicate image handler for 'IFF file'
04:08:18 AM: Debug: Adding duplicate image handler for 'Windows icon file'
04:08:18 AM: Debug: Adding duplicate image handler for 'Windows cursor file'
04:08:18 AM: Debug: Adding duplicate image handler for 'Windows animated cursor file'
04:08:18 AM: Debug: Adding duplicate image handler for 'TGA file'
04:08:18 AM: Debug: Adding duplicate image handler for 'XPM file'
04:08:20 AM: Debug: Adding duplicate image handler for 'PNG file'
04:08:20 AM: Debug: Adding duplicate image handler for 'JPEG file'
04:08:20 AM: Debug: Adding duplicate image handler for 'TIFF file'
04:08:20 AM: Debug: Adding duplicate image handler for 'GIF file'
04:08:20 AM: Debug: Adding duplicate image handler for 'PNM file'
04:08:20 AM: Debug: Adding duplicate image handler for 'PCX file'
04:08:20 AM: Debug: Adding duplicate image handler for 'IFF file'
04:08:20 AM: Debug: Adding duplicate image handler for 'Windows icon file'
04:08:20 AM: Debug: Adding duplicate image handler for 'Windows cursor file'
04:08:20 AM: Debug: Adding duplicate image handler for 'Windows animated cursor file'
04:08:20 AM: Debug: Adding duplicate image handler for 'TGA file'
04:08:20 AM: Debug: Adding duplicate image handler for 'XPM file'
04:08:22 AM: Debug: Adding duplicate image handler for 'PNG file'
04:08:22 AM: Debug: Adding duplicate image handler for 'JPEG file'
04:08:22 AM: Debug: Adding duplicate image handler for 'TIFF file'
04:08:22 AM: Debug: Adding duplicate image handler for 'GIF file'
04:08:22 AM: Debug: Adding duplicate image handler for 'PNM file'
04:08:22 AM: Debug: Adding duplicate image handler for 'PCX file'
04:08:22 AM: Debug: Adding duplicate image handler for 'IFF file'
04:08:22 AM: Debug: Adding duplicate image handler for 'Windows icon file'
04:08:22 AM: Debug: Adding duplicate image handler for 'Windows cursor file'
04:08:22 AM: Debug: Adding duplicate image handler for 'Windows animated cursor file'
04:08:22 AM: Debug: Adding duplicate image handler for 'TGA file'
04:08:22 AM: Debug: Adding duplicate image handler for 'XPM file'
power removed /CHG_BASE 901521ae
power removed /W_BRAKE_GATE 19825846
04:08:29 AM: Debug: Adding duplicate image handler for 'PNG file'
04:08:29 AM: Debug: Adding duplicate image handler for 'JPEG file'
04:08:29 AM: Debug: Adding duplicate image handler for 'TIFF file'
04:08:29 AM: Debug: Adding duplicate image handler for 'GIF file'
04:08:29 AM: Debug: Adding duplicate image handler for 'PNM file'
04:08:29 AM: Debug: Adding duplicate image handler for 'PCX file'
04:08:29 AM: Debug: Adding duplicate image handler for 'IFF file'
04:08:29 AM: Debug: Adding duplicate image handler for 'Windows icon file'
04:08:29 AM: Debug: Adding duplicate image handler for 'Windows cursor file'
04:08:29 AM: Debug: Adding duplicate image handler for 'Windows animated cursor file'
04:08:29 AM: Debug: Adding duplicate image handler for 'TGA file'
04:08:29 AM: Debug: Adding duplicate image handler for 'XPM file'
04:08:31 AM: Debug: Adding duplicate image handler for 'PNG file'
04:08:31 AM: Debug: Adding duplicate image handler for 'JPEG file'
04:08:31 AM: Debug: Adding duplicate image handler for 'TIFF file'
04:08:31 AM: Debug: Adding duplicate image handler for 'GIF file'
04:08:31 AM: Debug: Adding duplicate image handler for 'PNM file'
04:08:31 AM: Debug: Adding duplicate image handler for 'PCX file'
04:08:31 AM: Debug: Adding duplicate image handler for 'IFF file'
04:08:31 AM: Debug: Adding duplicate image handler for 'Windows icon file'
04:08:31 AM: Debug: Adding duplicate image handler for 'Windows cursor file'
04:08:31 AM: Debug: Adding duplicate image handler for 'Windows animated cursor file'
04:08:31 AM: Debug: Adding duplicate image handler for 'TGA file'
04:08:31 AM: Debug: Adding duplicate image handler for 'XPM file'
04:08:34 AM: Debug: Adding duplicate image handler for 'PNG file'
04:08:34 AM: Debug: Adding duplicate image handler for 'JPEG file'
04:08:34 AM: Debug: Adding duplicate image handler for 'TIFF file'
04:08:34 AM: Debug: Adding duplicate image handler for 'GIF file'
04:08:34 AM: Debug: Adding duplicate image handler for 'PNM file'
04:08:34 AM: Debug: Adding duplicate image handler for 'PCX file'
04:08:34 AM: Debug: Adding duplicate image handler for 'IFF file'
04:08:34 AM: Debug: Adding duplicate image handler for 'Windows icon file'
04:08:34 AM: Debug: Adding duplicate image handler for 'Windows cursor file'
04:08:34 AM: Debug: Adding duplicate image handler for 'Windows animated cursor file'
04:08:34 AM: Debug: Adding duplicate image handler for 'TGA file'
04:08:34 AM: Debug: Adding duplicate image handler for 'XPM file'
04:08:37 AM: Debug: Adding duplicate image handler for 'PNG file'
04:08:37 AM: Debug: Adding duplicate image handler for 'JPEG file'
04:08:37 AM: Debug: Adding duplicate image handler for 'TIFF file'
04:08:37 AM: Debug: Adding duplicate image handler for 'GIF file'
04:08:37 AM: Debug: Adding duplicate image handler for 'PNM file'
04:08:37 AM: Debug: Adding duplicate image handler for 'PCX file'
04:08:37 AM: Debug: Adding duplicate image handler for 'IFF file'
04:08:37 AM: Debug: Adding duplicate image handler for 'Windows icon file'
04:08:37 AM: Debug: Adding duplicate image handler for 'Windows cursor file'
04:08:37 AM: Debug: Adding duplicate image handler for 'Windows animated cursor file'
04:08:37 AM: Debug: Adding duplicate image handler for 'TGA file'
04:08:37 AM: Debug: Adding duplicate image handler for 'XPM file'
04:08:39 AM: Debug: Adding duplicate image handler for 'PNG file'
04:08:39 AM: Debug: Adding duplicate image handler for 'JPEG file'
04:08:39 AM: Debug: Adding duplicate image handler for 'TIFF file'
04:08:39 AM: Debug: Adding duplicate image handler for 'GIF file'
04:08:39 AM: Debug: Adding duplicate image handler for 'PNM file'
04:08:39 AM: Debug: Adding duplicate image handler for 'PCX file'
04:08:39 AM: Debug: Adding duplicate image handler for 'IFF file'
04:08:39 AM: Debug: Adding duplicate image handler for 'Windows icon file'
04:08:39 AM: Debug: Adding duplicate image handler for 'Windows cursor file'
04:08:39 AM: Debug: Adding duplicate image handler for 'Windows animated cursor file'
04:08:39 AM: Debug: Adding duplicate image handler for 'TGA file'
04:08:39 AM: Debug: Adding duplicate image handler for 'XPM file'
power removed /CHG_BASE de719da7
04:08:43 AM: Debug: Adding duplicate image handler for 'PNG file'
04:08:43 AM: Debug: Adding duplicate image handler for 'JPEG file'
04:08:43 AM: Debug: Adding duplicate image handler for 'TIFF file'
04:08:43 AM: Debug: Adding duplicate image handler for 'GIF file'
04:08:43 AM: Debug: Adding duplicate image handler for 'PNM file'
04:08:43 AM: Debug: Adding duplicate image handler for 'PCX file'
04:08:43 AM: Debug: Adding duplicate image handler for 'IFF file'
04:08:43 AM: Debug: Adding duplicate image handler for 'Windows icon file'
04:08:43 AM: Debug: Adding duplicate image handler for 'Windows cursor file'
04:08:43 AM: Debug: Adding duplicate image handler for 'Windows animated cursor file'
04:08:43 AM: Debug: Adding duplicate image handler for 'TGA file'
04:08:43 AM: Debug: Adding duplicate image handler for 'XPM file'
04:08:45 AM: Debug: Adding duplicate image handler for 'PNG file'
04:08:45 AM: Debug: Adding duplicate image handler for 'JPEG file'
04:08:45 AM: Debug: Adding duplicate image handler for 'TIFF file'
04:08:45 AM: Debug: Adding duplicate image handler for 'GIF file'
04:08:45 AM: Debug: Adding duplicate image handler for 'PNM file'
04:08:45 AM: Debug: Adding duplicate image handler for 'PCX file'
04:08:45 AM: Debug: Adding duplicate image handler for 'IFF file'
04:08:45 AM: Debug: Adding duplicate image handler for 'Windows icon file'
04:08:45 AM: Debug: Adding duplicate image handler for 'Windows cursor file'
04:08:45 AM: Debug: Adding duplicate image handler for 'Windows animated cursor file'
04:08:45 AM: Debug: Adding duplicate image handler for 'TGA file'
04:08:45 AM: Debug: Adding duplicate image handler for 'XPM file'
power native cleanup 4 accepted edits Counter({'silk_over_copper': 44, 'track_angle': 34, 'silk_overlap': 3, 'starved_thermal': 2, 'track_not_centered_on_via': 2, 'track_dangling': 1}) unconnected 0
