./src/common/stdpbase.cpp(59): assert ""traits"" failed in Get(): create wxApp before calling this
power pruned 0 3
04:18:47 AM: Debug: Adding duplicate image handler for 'PNG file'
04:18:47 AM: Debug: Adding duplicate image handler for 'JPEG file'
04:18:47 AM: Debug: Adding duplicate image handler for 'TIFF file'
04:18:47 AM: Debug: Adding duplicate image handler for 'GIF file'
04:18:47 AM: Debug: Adding duplicate image handler for 'PNM file'
04:18:47 AM: Debug: Adding duplicate image handler for 'PCX file'
04:18:47 AM: Debug: Adding duplicate image handler for 'IFF file'
04:18:47 AM: Debug: Adding duplicate image handler for 'Windows icon file'
04:18:47 AM: Debug: Adding duplicate image handler for 'Windows cursor file'
04:18:47 AM: Debug: Adding duplicate image handler for 'Windows animated cursor file'
04:18:47 AM: Debug: Adding duplicate image handler for 'TGA file'
04:18:47 AM: Debug: Adding duplicate image handler for 'XPM file'
power pruned 1 1
04:18:49 AM: Debug: Adding duplicate image handler for 'PNG file'
04:18:49 AM: Debug: Adding duplicate image handler for 'JPEG file'
04:18:49 AM: Debug: Adding duplicate image handler for 'TIFF file'
04:18:49 AM: Debug: Adding duplicate image handler for 'GIF file'
04:18:49 AM: Debug: Adding duplicate image handler for 'PNM file'
04:18:49 AM: Debug: Adding duplicate image handler for 'PCX file'
04:18:49 AM: Debug: Adding duplicate image handler for 'IFF file'
04:18:49 AM: Debug: Adding duplicate image handler for 'Windows icon file'
04:18:49 AM: Debug: Adding duplicate image handler for 'Windows cursor file'
04:18:49 AM: Debug: Adding duplicate image handler for 'Windows animated cursor file'
04:18:49 AM: Debug: Adding duplicate image handler for 'TGA file'
04:18:49 AM: Debug: Adding duplicate image handler for 'XPM file'
power pruned 2 1
04:18:51 AM: Debug: Adding duplicate image handler for 'PNG file'
04:18:51 AM: Debug: Adding duplicate image handler for 'JPEG file'
04:18:51 AM: Debug: Adding duplicate image handler for 'TIFF file'
04:18:51 AM: Debug: Adding duplicate image handler for 'GIF file'
04:18:51 AM: Debug: Adding duplicate image handler for 'PNM file'
04:18:51 AM: Debug: Adding duplicate image handler for 'PCX file'
04:18:51 AM: Debug: Adding duplicate image handler for 'IFF file'
04:18:51 AM: Debug: Adding duplicate image handler for 'Windows icon file'
04:18:51 AM: Debug: Adding duplicate image handler for 'Windows cursor file'
04:18:51 AM: Debug: Adding duplicate image handler for 'Windows animated cursor file'
04:18:51 AM: Debug: Adding duplicate image handler for 'TGA file'
04:18:51 AM: Debug: Adding duplicate image handler for 'XPM file'
power pruned 3 1
04:18:53 AM: Debug: Adding duplicate image handler for 'PNG file'
04:18:53 AM: Debug: Adding duplicate image handler for 'JPEG file'
04:18:53 AM: Debug: Adding duplicate image handler for 'TIFF file'
04:18:53 AM: Debug: Adding duplicate image handler for 'GIF file'
04:18:53 AM: Debug: Adding duplicate image handler for 'PNM file'
04:18:53 AM: Debug: Adding duplicate image handler for 'PCX file'
04:18:53 AM: Debug: Adding duplicate image handler for 'IFF file'
04:18:53 AM: Debug: Adding duplicate image handler for 'Windows icon file'
04:18:53 AM: Debug: Adding duplicate image handler for 'Windows cursor file'
04:18:53 AM: Debug: Adding duplicate image handler for 'Windows animated cursor file'
04:18:53 AM: Debug: Adding duplicate image handler for 'TGA file'
04:18:53 AM: Debug: Adding duplicate image handler for 'XPM file'
power pruned 4 1
04:18:56 AM: Debug: Adding duplicate image handler for 'PNG file'
04:18:56 AM: Debug: Adding duplicate image handler for 'JPEG file'
04:18:56 AM: Debug: Adding duplicate image handler for 'TIFF file'
04:18:56 AM: Debug: Adding duplicate image handler for 'GIF file'
04:18:56 AM: Debug: Adding duplicate image handler for 'PNM file'
04:18:56 AM: Debug: Adding duplicate image handler for 'PCX file'
04:18:56 AM: Debug: Adding duplicate image handler for 'IFF file'
04:18:56 AM: Debug: Adding duplicate image handler for 'Windows icon file'
04:18:56 AM: Debug: Adding duplicate image handler for 'Windows cursor file'
04:18:56 AM: Debug: Adding duplicate image handler for 'Windows animated cursor file'
04:18:56 AM: Debug: Adding duplicate image handler for 'TGA file'
04:18:56 AM: Debug: Adding duplicate image handler for 'XPM file'
power pruned 5 1
04:18:58 AM: Debug: Adding duplicate image handler for 'PNG file'
04:18:58 AM: Debug: Adding duplicate image handler for 'JPEG file'
04:18:58 AM: Debug: Adding duplicate image handler for 'TIFF file'
04:18:58 AM: Debug: Adding duplicate image handler for 'GIF file'
04:18:58 AM: Debug: Adding duplicate image handler for 'PNM file'
04:18:58 AM: Debug: Adding duplicate image handler for 'PCX file'
04:18:58 AM: Debug: Adding duplicate image handler for 'IFF file'
04:18:58 AM: Debug: Adding duplicate image handler for 'Windows icon file'
04:18:58 AM: Debug: Adding duplicate image handler for 'Windows cursor file'
04:18:58 AM: Debug: Adding duplicate image handler for 'Windows animated cursor file'
04:18:58 AM: Debug: Adding duplicate image handler for 'TGA file'
04:18:58 AM: Debug: Adding duplicate image handler for 'XPM file'
power pruned 6 1
04:19:00 AM: Debug: Adding duplicate image handler for 'PNG file'
04:19:00 AM: Debug: Adding duplicate image handler for 'JPEG file'
04:19:00 AM: Debug: Adding duplicate image handler for 'TIFF file'
04:19:00 AM: Debug: Adding duplicate image handler for 'GIF file'
04:19:00 AM: Debug: Adding duplicate image handler for 'PNM file'
04:19:00 AM: Debug: Adding duplicate image handler for 'PCX file'
04:19:00 AM: Debug: Adding duplicate image handler for 'IFF file'
04:19:00 AM: Debug: Adding duplicate image handler for 'Windows icon file'
04:19:00 AM: Debug: Adding duplicate image handler for 'Windows cursor file'
04:19:00 AM: Debug: Adding duplicate image handler for 'Windows animated cursor file'
04:19:00 AM: Debug: Adding duplicate image handler for 'TGA file'
04:19:00 AM: Debug: Adding duplicate image handler for 'XPM file'
power pruned 7 1
04:19:02 AM: Debug: Adding duplicate image handler for 'PNG file'
04:19:02 AM: Debug: Adding duplicate image handler for 'JPEG file'
04:19:02 AM: Debug: Adding duplicate image handler for 'TIFF file'
04:19:02 AM: Debug: Adding duplicate image handler for 'GIF file'
04:19:02 AM: Debug: Adding duplicate image handler for 'PNM file'
04:19:02 AM: Debug: Adding duplicate image handler for 'PCX file'
04:19:02 AM: Debug: Adding duplicate image handler for 'IFF file'
04:19:02 AM: Debug: Adding duplicate image handler for 'Windows icon file'
04:19:02 AM: Debug: Adding duplicate image handler for 'Windows cursor file'
04:19:02 AM: Debug: Adding duplicate image handler for 'Windows animated cursor file'
04:19:02 AM: Debug: Adding duplicate image handler for 'TGA file'
04:19:02 AM: Debug: Adding duplicate image handler for 'XPM file'
power pruned 8 1
04:19:04 AM: Debug: Adding duplicate image handler for 'PNG file'
04:19:04 AM: Debug: Adding duplicate image handler for 'JPEG file'
04:19:04 AM: Debug: Adding duplicate image handler for 'TIFF file'
04:19:04 AM: Debug: Adding duplicate image handler for 'GIF file'
04:19:04 AM: Debug: Adding duplicate image handler for 'PNM file'
04:19:04 AM: Debug: Adding duplicate image handler for 'PCX file'
04:19:04 AM: Debug: Adding duplicate image handler for 'IFF file'
04:19:04 AM: Debug: Adding duplicate image handler for 'Windows icon file'
04:19:04 AM: Debug: Adding duplicate image handler for 'Windows cursor file'
04:19:04 AM: Debug: Adding duplicate image handler for 'Windows animated cursor file'
04:19:04 AM: Debug: Adding duplicate image handler for 'TGA file'
04:19:04 AM: Debug: Adding duplicate image handler for 'XPM file'
power pruned 9 1
04:19:07 AM: Debug: Adding duplicate image handler for 'PNG file'
04:19:07 AM: Debug: Adding duplicate image handler for 'JPEG file'
04:19:07 AM: Debug: Adding duplicate image handler for 'TIFF file'
04:19:07 AM: Debug: Adding duplicate image handler for 'GIF file'
04:19:07 AM: Debug: Adding duplicate image handler for 'PNM file'
04:19:07 AM: Debug: Adding duplicate image handler for 'PCX file'
04:19:07 AM: Debug: Adding duplicate image handler for 'IFF file'
04:19:07 AM: Debug: Adding duplicate image handler for 'Windows icon file'
04:19:07 AM: Debug: Adding duplicate image handler for 'Windows cursor file'
04:19:07 AM: Debug: Adding duplicate image handler for 'Windows animated cursor file'
04:19:07 AM: Debug: Adding duplicate image handler for 'TGA file'
04:19:07 AM: Debug: Adding duplicate image handler for 'XPM file'
power pruned 10 1
04:19:09 AM: Debug: Adding duplicate image handler for 'PNG file'
04:19:09 AM: Debug: Adding duplicate image handler for 'JPEG file'
04:19:09 AM: Debug: Adding duplicate image handler for 'TIFF file'
04:19:09 AM: Debug: Adding duplicate image handler for 'GIF file'
04:19:09 AM: Debug: Adding duplicate image handler for 'PNM file'
04:19:09 AM: Debug: Adding duplicate image handler for 'PCX file'
04:19:09 AM: Debug: Adding duplicate image handler for 'IFF file'
04:19:09 AM: Debug: Adding duplicate image handler for 'Windows icon file'
04:19:09 AM: Debug: Adding duplicate image handler for 'Windows cursor file'
04:19:09 AM: Debug: Adding duplicate image handler for 'Windows animated cursor file'
04:19:09 AM: Debug: Adding duplicate image handler for 'TGA file'
04:19:09 AM: Debug: Adding duplicate image handler for 'XPM file'
power pruned 11 1
04:19:11 AM: Debug: Adding duplicate image handler for 'PNG file'
04:19:11 AM: Debug: Adding duplicate image handler for 'JPEG file'
04:19:11 AM: Debug: Adding duplicate image handler for 'TIFF file'
04:19:11 AM: Debug: Adding duplicate image handler for 'GIF file'
04:19:11 AM: Debug: Adding duplicate image handler for 'PNM file'
04:19:11 AM: Debug: Adding duplicate image handler for 'PCX file'
04:19:11 AM: Debug: Adding duplicate image handler for 'IFF file'
04:19:11 AM: Debug: Adding duplicate image handler for 'Windows icon file'
04:19:11 AM: Debug: Adding duplicate image handler for 'Windows cursor file'
04:19:11 AM: Debug: Adding duplicate image handler for 'Windows animated cursor file'
04:19:11 AM: Debug: Adding duplicate image handler for 'TGA file'
04:19:11 AM: Debug: Adding duplicate image handler for 'XPM file'
power pruned 12 1
04:19:13 AM: Debug: Adding duplicate image handler for 'PNG file'
04:19:13 AM: Debug: Adding duplicate image handler for 'JPEG file'
04:19:13 AM: Debug: Adding duplicate image handler for 'TIFF file'
04:19:13 AM: Debug: Adding duplicate image handler for 'GIF file'
04:19:13 AM: Debug: Adding duplicate image handler for 'PNM file'
04:19:13 AM: Debug: Adding duplicate image handler for 'PCX file'
04:19:13 AM: Debug: Adding duplicate image handler for 'IFF file'
04:19:13 AM: Debug: Adding duplicate image handler for 'Windows icon file'
04:19:13 AM: Debug: Adding duplicate image handler for 'Windows cursor file'
04:19:13 AM: Debug: Adding duplicate image handler for 'Windows animated cursor file'
04:19:13 AM: Debug: Adding duplicate image handler for 'TGA file'
04:19:13 AM: Debug: Adding duplicate image handler for 'XPM file'
power pruned 13 1
