00:00.563  blend            | Read blend: "/Users/dean/Documents/MORI/mechanical/mori_v1_2.blend"
00:01.531  render           | Saved: '/Users/dean/Documents/MORI/mechanical/renders/parts/Battery.png'
PART_PREVIEW 1 176 MORI_V1__Battery
00:02.064  render           | Saved: '/Users/dean/Documents/MORI/mechanical/renders/parts/Battery_Pad_-38.0.png'
PART_PREVIEW 2 176 MORI_V1__Battery_Pad_-38.0
00:02.616  render           | Saved: '/Users/dean/Documents/MORI/mechanical/renders/parts/Battery_Pad_38.0.png'
PART_PREVIEW 3 176 MORI_V1__Battery_Pad_38.0
00:03.148  render           | Saved: '/Users/dean/Documents/MORI/mechanical/renders/parts/Battery_Pad_Base.png'
PART_PREVIEW 4 176 MORI_V1__Battery_Pad_Base
00:03.671  render           | Saved: '/Users/dean/Documents/MORI/mechanical/renders/parts/Battery_Retainer_Insert_-1.png'
PART_PREVIEW 5 176 MORI_V1__Battery_Retainer_Insert_-1
00:04.197  render           | Saved: '/Users/dean/Documents/MORI/mechanical/renders/parts/Battery_Retainer_Insert_1.png'
PART_PREVIEW 6 176 MORI_V1__Battery_Retainer_Insert_1
00:04.736  render           | Saved: '/Users/dean/Documents/MORI/mechanical/renders/parts/Battery_Retainer_Screw_-1.png'
PART_PREVIEW 7 176 MORI_V1__Battery_Retainer_Screw_-1
00:05.271  render           | Saved: '/Users/dean/Documents/MORI/mechanical/renders/parts/Battery_Retainer_Screw_1.png'
PART_PREVIEW 8 176 MORI_V1__Battery_Retainer_Screw_1
00:05.819  render           | Saved: '/Users/dean/Documents/MORI/mechanical/renders/parts/Battery_Tray.png'
PART_PREVIEW 9 176 MORI_V1__Battery_Tray
00:06.355  render           | Saved: '/Users/dean/Documents/MORI/mechanical/renders/parts/Body_IMU.png'
PART_PREVIEW 10 176 MORI_V1__Body_IMU
00:06.952  render           | Saved: '/Users/dean/Documents/MORI/mechanical/renders/parts/Body_Lower.png'
PART_PREVIEW 11 176 MORI_V1__Body_Lower
00:07.521  render           | Saved: '/Users/dean/Documents/MORI/mechanical/renders/parts/Body_Upper.png'
PART_PREVIEW 12 176 MORI_V1__Body_Upper
00:08.092  render           | Saved: '/Users/dean/Documents/MORI/mechanical/renders/parts/CAM_Mainboard.png'
PART_PREVIEW 13 176 MORI_V1__CAM_Mainboard
00:08.646  render           | Saved: '/Users/dean/Documents/MORI/mechanical/renders/parts/Camera_Lens.png'
PART_PREVIEW 14 176 MORI_V1__Camera_Lens
00:09.231  render           | Saved: '/Users/dean/Documents/MORI/mechanical/renders/parts/Camera_PCB.png'
PART_PREVIEW 15 176 MORI_V1__Camera_PCB
00:09.789  render           | Saved: '/Users/dean/Documents/MORI/mechanical/renders/parts/Camera_Window.png'
PART_PREVIEW 16 176 MORI_V1__Camera_Window
00:10.297  render           | Saved: '/Users/dean/Documents/MORI/mechanical/renders/parts/Carrier_Insert_0.png'
PART_PREVIEW 17 176 MORI_V1__Carrier_Insert_0
00:10.814  render           | Saved: '/Users/dean/Documents/MORI/mechanical/renders/parts/Carrier_Insert_1.png'
PART_PREVIEW 18 176 MORI_V1__Carrier_Insert_1
00:11.329  render           | Saved: '/Users/dean/Documents/MORI/mechanical/renders/parts/Carrier_Insert_2.png'
PART_PREVIEW 19 176 MORI_V1__Carrier_Insert_2
00:11.817  render           | Saved: '/Users/dean/Documents/MORI/mechanical/renders/parts/Carrier_Insert_3.png'
PART_PREVIEW 20 176 MORI_V1__Carrier_Insert_3
00:12.332  render           | Saved: '/Users/dean/Documents/MORI/mechanical/renders/parts/Carrier_Screw_0.png'
PART_PREVIEW 21 176 MORI_V1__Carrier_Screw_0
00:12.848  render           | Saved: '/Users/dean/Documents/MORI/mechanical/renders/parts/Carrier_Screw_1.png'
PART_PREVIEW 22 176 MORI_V1__Carrier_Screw_1
00:13.362  render           | Saved: '/Users/dean/Documents/MORI/mechanical/renders/parts/Carrier_Screw_2.png'
PART_PREVIEW 23 176 MORI_V1__Carrier_Screw_2
00:13.868  render           | Saved: '/Users/dean/Documents/MORI/mechanical/renders/parts/Carrier_Screw_3.png'
PART_PREVIEW 24 176 MORI_V1__Carrier_Screw_3
00:14.428  render           | Saved: '/Users/dean/Documents/MORI/mechanical/renders/parts/Coupon_Insert.png'
PART_PREVIEW 25 176 MORI_V1__Coupon_Insert
00:15.030  render           | Saved: '/Users/dean/Documents/MORI/mechanical/renders/parts/Coupon_Mating_Tab.png'
PART_PREVIEW 26 176 MORI_V1__Coupon_Mating_Tab
00:15.584  render           | Saved: '/Users/dean/Documents/MORI/mechanical/renders/parts/Coupon_Plane_Fit.png'
PART_PREVIEW 27 176 MORI_V1__Coupon_Plane_Fit
00:16.223  render           | Saved: '/Users/dean/Documents/MORI/mechanical/renders/parts/Coupon_Wheel_Fit.png'
PART_PREVIEW 28 176 MORI_V1__Coupon_Wheel_Fit
00:16.791  render           | Saved: '/Users/dean/Documents/MORI/mechanical/renders/parts/Display_Frame.png'
PART_PREVIEW 29 176 MORI_V1__Display_Frame
00:17.658  render           | Saved: '/Users/dean/Documents/MORI/mechanical/renders/parts/Display_PCB.png'
PART_PREVIEW 30 176 MORI_V1__Display_PCB
00:18.178  render           | Saved: '/Users/dean/Documents/MORI/mechanical/renders/parts/Dock_Pad_0.png'
PART_PREVIEW 31 176 MORI_V1__Dock_Pad_0
00:18.702  render           | Saved: '/Users/dean/Documents/MORI/mechanical/renders/parts/Dock_Pad_1.png'
PART_PREVIEW 32 176 MORI_V1__Dock_Pad_1
00:19.254  render           | Saved: '/Users/dean/Documents/MORI/mechanical/renders/parts/Dock_Pad_2.png'
PART_PREVIEW 33 176 MORI_V1__Dock_Pad_2
00:19.908  render           | Saved: '/Users/dean/Documents/MORI/mechanical/renders/parts/Dock_Pad_3.png'
PART_PREVIEW 34 176 MORI_V1__Dock_Pad_3
00:20.565  render           | Saved: '/Users/dean/Documents/MORI/mechanical/renders/parts/Drive_Bridge.png'
PART_PREVIEW 35 176 MORI_V1__Drive_Bridge
00:21.157  render           | Saved: '/Users/dean/Documents/MORI/mechanical/renders/parts/Drive_L_-8_Nut.png'
PART_PREVIEW 36 176 MORI_V1__Drive_L_-8_Nut
00:21.717  render           | Saved: '/Users/dean/Documents/MORI/mechanical/renders/parts/Drive_L_-8_Screw.png'
PART_PREVIEW 37 176 MORI_V1__Drive_L_-8_Screw
00:22.273  render           | Saved: '/Users/dean/Documents/MORI/mechanical/renders/parts/Drive_L_8_Nut.png'
PART_PREVIEW 38 176 MORI_V1__Drive_L_8_Nut
00:22.825  render           | Saved: '/Users/dean/Documents/MORI/mechanical/renders/parts/Drive_L_8_Screw.png'
PART_PREVIEW 39 176 MORI_V1__Drive_L_8_Screw
00:23.495  render           | Saved: '/Users/dean/Documents/MORI/mechanical/renders/parts/Drive_Motor_L.png'
PART_PREVIEW 40 176 MORI_V1__Drive_Motor_L
00:24.160  render           | Saved: '/Users/dean/Documents/MORI/mechanical/renders/parts/Drive_Motor_R.png'
PART_PREVIEW 41 176 MORI_V1__Drive_Motor_R
00:24.772  render           | Saved: '/Users/dean/Documents/MORI/mechanical/renders/parts/Drive_R_-8_Nut.png'
PART_PREVIEW 42 176 MORI_V1__Drive_R_-8_Nut
00:25.458  render           | Saved: '/Users/dean/Documents/MORI/mechanical/renders/parts/Drive_R_-8_Screw.png'
PART_PREVIEW 43 176 MORI_V1__Drive_R_-8_Screw
00:26.090  render           | Saved: '/Users/dean/Documents/MORI/mechanical/renders/parts/Drive_R_8_Nut.png'
PART_PREVIEW 44 176 MORI_V1__Drive_R_8_Nut
00:26.667  render           | Saved: '/Users/dean/Documents/MORI/mechanical/renders/parts/Drive_R_8_Screw.png'
PART_PREVIEW 45 176 MORI_V1__Drive_R_8_Screw
00:27.246  render           | Saved: '/Users/dean/Documents/MORI/mechanical/renders/parts/Face_Joint_-1_0.0_Nut.png'
PART_PREVIEW 46 176 MORI_V1__Face_Joint_-1_0.0_Nut
00:27.780  render           | Saved: '/Users/dean/Documents/MORI/mechanical/renders/parts/Face_Joint_-1_0.0_Screw.png'
PART_PREVIEW 47 176 MORI_V1__Face_Joint_-1_0.0_Screw
00:28.342  render           | Saved: '/Users/dean/Documents/MORI/mechanical/renders/parts/Face_Joint_-1_7.0_Nut.png'
PART_PREVIEW 48 176 MORI_V1__Face_Joint_-1_7.0_Nut
00:28.916  render           | Saved: '/Users/dean/Documents/MORI/mechanical/renders/parts/Face_Joint_-1_7.0_Screw.png'
PART_PREVIEW 49 176 MORI_V1__Face_Joint_-1_7.0_Screw
00:29.492  render           | Saved: '/Users/dean/Documents/MORI/mechanical/renders/parts/Face_Joint_1_0.0_Nut.png'
PART_PREVIEW 50 176 MORI_V1__Face_Joint_1_0.0_Nut
00:30.041  render           | Saved: '/Users/dean/Documents/MORI/mechanical/renders/parts/Face_Joint_1_0.0_Screw.png'
PART_PREVIEW 51 176 MORI_V1__Face_Joint_1_0.0_Screw
00:30.614  render           | Saved: '/Users/dean/Documents/MORI/mechanical/renders/parts/Face_Joint_1_7.0_Nut.png'
PART_PREVIEW 52 176 MORI_V1__Face_Joint_1_7.0_Nut
00:31.159  render           | Saved: '/Users/dean/Documents/MORI/mechanical/renders/parts/Face_Joint_1_7.0_Screw.png'
PART_PREVIEW 53 176 MORI_V1__Face_Joint_1_7.0_Screw
00:31.748  render           | Saved: '/Users/dean/Documents/MORI/mechanical/renders/parts/Face_Mask.png'
PART_PREVIEW 54 176 MORI_V1__Face_Mask
00:32.387  render           | Saved: '/Users/dean/Documents/MORI/mechanical/renders/parts/Face_Protector.png'
PART_PREVIEW 55 176 MORI_V1__Face_Protector
00:32.966  render           | Saved: '/Users/dean/Documents/MORI/mechanical/renders/parts/Frame_Insert_0.png'
PART_PREVIEW 56 176 MORI_V1__Frame_Insert_0
00:33.542  render           | Saved: '/Users/dean/Documents/MORI/mechanical/renders/parts/Frame_Insert_1.png'
PART_PREVIEW 57 176 MORI_V1__Frame_Insert_1
00:34.124  render           | Saved: '/Users/dean/Documents/MORI/mechanical/renders/parts/Frame_Insert_2.png'
PART_PREVIEW 58 176 MORI_V1__Frame_Insert_2
00:34.696  render           | Saved: '/Users/dean/Documents/MORI/mechanical/renders/parts/Frame_Insert_3.png'
PART_PREVIEW 59 176 MORI_V1__Frame_Insert_3
00:35.304  render           | Saved: '/Users/dean/Documents/MORI/mechanical/renders/parts/Frame_Screw_0.png'
PART_PREVIEW 60 176 MORI_V1__Frame_Screw_0
00:35.899  render           | Saved: '/Users/dean/Documents/MORI/mechanical/renders/parts/Frame_Screw_1.png'
PART_PREVIEW 61 176 MORI_V1__Frame_Screw_1
00:36.523  render           | Saved: '/Users/dean/Documents/MORI/mechanical/renders/parts/Frame_Screw_2.png'
PART_PREVIEW 62 176 MORI_V1__Frame_Screw_2
00:37.125  render           | Saved: '/Users/dean/Documents/MORI/mechanical/renders/parts/Frame_Screw_3.png'
PART_PREVIEW 63 176 MORI_V1__Frame_Screw_3
00:37.806  render           | Saved: '/Users/dean/Documents/MORI/mechanical/renders/parts/Head_Front.png'
PART_PREVIEW 64 176 MORI_V1__Head_Front
00:38.562  render           | Saved: '/Users/dean/Documents/MORI/mechanical/renders/parts/Head_Rear.png'
PART_PREVIEW 65 176 MORI_V1__Head_Rear
00:39.155  render           | Saved: '/Users/dean/Documents/MORI/mechanical/renders/parts/Head_Yaw_Ear_0_Nut.png'
PART_PREVIEW 66 176 MORI_V1__Head_Yaw_Ear_0_Nut
00:39.752  render           | Saved: '/Users/dean/Documents/MORI/mechanical/renders/parts/Head_Yaw_Ear_0_Screw.png'
PART_PREVIEW 67 176 MORI_V1__Head_Yaw_Ear_0_Screw
00:40.331  render           | Saved: '/Users/dean/Documents/MORI/mechanical/renders/parts/Head_Yaw_Ear_1_Nut.png'
PART_PREVIEW 68 176 MORI_V1__Head_Yaw_Ear_1_Nut
00:40.930  render           | Saved: '/Users/dean/Documents/MORI/mechanical/renders/parts/Head_Yaw_Ear_1_Screw.png'
PART_PREVIEW 69 176 MORI_V1__Head_Yaw_Ear_1_Screw
00:41.526  render           | Saved: '/Users/dean/Documents/MORI/mechanical/renders/parts/IMU_Insert_0.png'
PART_PREVIEW 70 176 MORI_V1__IMU_Insert_0
00:42.120  render           | Saved: '/Users/dean/Documents/MORI/mechanical/renders/parts/IMU_Insert_1.png'
PART_PREVIEW 71 176 MORI_V1__IMU_Insert_1
00:42.791  render           | Saved: '/Users/dean/Documents/MORI/mechanical/renders/parts/IMU_Screw_0.png'
PART_PREVIEW 72 176 MORI_V1__IMU_Screw_0
00:43.398  render           | Saved: '/Users/dean/Documents/MORI/mechanical/renders/parts/IMU_Screw_1.png'
PART_PREVIEW 73 176 MORI_V1__IMU_Screw_1
00:44.066  render           | Saved: '/Users/dean/Documents/MORI/mechanical/renders/parts/Load_Frame.png'
PART_PREVIEW 74 176 MORI_V1__Load_Frame
00:44.687  render           | Saved: '/Users/dean/Documents/MORI/mechanical/renders/parts/MCU_Carrier.png'
PART_PREVIEW 75 176 MORI_V1__MCU_Carrier
00:45.640  render           | Saved: '/Users/dean/Documents/MORI/mechanical/renders/parts/MCU_Motion.png'
PART_PREVIEW 76 176 MORI_V1__MCU_Motion
00:46.268  render           | Saved: '/Users/dean/Documents/MORI/mechanical/renders/parts/Mic_Duct_L.png'
PART_PREVIEW 77 176 MORI_V1__Mic_Duct_L
00:46.892  render           | Saved: '/Users/dean/Documents/MORI/mechanical/renders/parts/Mic_Duct_R.png'
PART_PREVIEW 78 176 MORI_V1__Mic_Duct_R
00:47.515  render           | Saved: '/Users/dean/Documents/MORI/mechanical/renders/parts/Motor_Retainer.png'
PART_PREVIEW 79 176 MORI_V1__Motor_Retainer
00:48.095  render           | Saved: '/Users/dean/Documents/MORI/mechanical/renders/parts/Motor_Retainer_Pad_-1.png'
PART_PREVIEW 80 176 MORI_V1__Motor_Retainer_Pad_-1
00:48.671  render           | Saved: '/Users/dean/Documents/MORI/mechanical/renders/parts/Motor_Retainer_Pad_1.png'
PART_PREVIEW 81 176 MORI_V1__Motor_Retainer_Pad_1
00:49.258  render           | Saved: '/Users/dean/Documents/MORI/mechanical/renders/parts/Motor_Top_Pad_L.png'
PART_PREVIEW 82 176 MORI_V1__Motor_Top_Pad_L
00:49.846  render           | Saved: '/Users/dean/Documents/MORI/mechanical/renders/parts/Motor_Top_Pad_R.png'
PART_PREVIEW 83 176 MORI_V1__Motor_Top_Pad_R
00:50.404  render           | Saved: '/Users/dean/Documents/MORI/mechanical/renders/parts/Onboard_MIC_L.png'
PART_PREVIEW 84 176 MORI_V1__Onboard_MIC_L
00:50.947  render           | Saved: '/Users/dean/Documents/MORI/mechanical/renders/parts/Onboard_MIC_R.png'
PART_PREVIEW 85 176 MORI_V1__Onboard_MIC_R
00:51.561  render           | Saved: '/Users/dean/Documents/MORI/mechanical/renders/parts/Parking_Cradle.png'
PART_PREVIEW 86 176 MORI_V1__Parking_Cradle
00:52.209  render           | Saved: '/Users/dean/Documents/MORI/mechanical/renders/parts/Pitch_Bearing_L.png'
PART_PREVIEW 87 176 MORI_V1__Pitch_Bearing_L
00:52.844  render           | Saved: '/Users/dean/Documents/MORI/mechanical/renders/parts/Pitch_Bearing_R.png'
PART_PREVIEW 88 176 MORI_V1__Pitch_Bearing_R
00:53.459  render           | Saved: '/Users/dean/Documents/MORI/mechanical/renders/parts/Pitch_Cradle.png'
PART_PREVIEW 89 176 MORI_V1__Pitch_Cradle
00:54.020  render           | Saved: '/Users/dean/Documents/MORI/mechanical/renders/parts/Pitch_Horn.png'
PART_PREVIEW 90 176 MORI_V1__Pitch_Horn
00:54.481  render           | Saved: '/Users/dean/Documents/MORI/mechanical/renders/parts/Pitch_Lock_Screw.png'
PART_PREVIEW 91 176 MORI_V1__Pitch_Lock_Screw
00:54.972  render           | Saved: '/Users/dean/Documents/MORI/mechanical/renders/parts/Pitch_Output.png'
PART_PREVIEW 92 176 MORI_V1__Pitch_Output
00:55.522  render           | Saved: '/Users/dean/Documents/MORI/mechanical/renders/parts/Pitch_Servo.png'
PART_PREVIEW 93 176 MORI_V1__Pitch_Servo
00:56.109  render           | Saved: '/Users/dean/Documents/MORI/mechanical/renders/parts/Pitch_Trunnion_L.png'
PART_PREVIEW 94 176 MORI_V1__Pitch_Trunnion_L
00:56.683  render           | Saved: '/Users/dean/Documents/MORI/mechanical/renders/parts/Pitch_Trunnion_R.png'
PART_PREVIEW 95 176 MORI_V1__Pitch_Trunnion_R
00:57.308  render           | Saved: '/Users/dean/Documents/MORI/mechanical/renders/parts/Pitch_Yoke.png'
PART_PREVIEW 96 176 MORI_V1__Pitch_Yoke
00:57.921  render           | Saved: '/Users/dean/Documents/MORI/mechanical/renders/parts/Power_Module.png'
PART_PREVIEW 97 176 MORI_V1__Power_Module
00:58.551  render           | Saved: '/Users/dean/Documents/MORI/mechanical/renders/parts/Power_Switch.png'
PART_PREVIEW 98 176 MORI_V1__Power_Switch
00:59.077  render           | Saved: '/Users/dean/Documents/MORI/mechanical/renders/parts/Rear_Interface_Insert_0.png'
PART_PREVIEW 99 176 MORI_V1__Rear_Interface_Insert_0
00:59.611  render           | Saved: '/Users/dean/Documents/MORI/mechanical/renders/parts/Rear_Interface_Insert_1.png'
PART_PREVIEW 100 176 MORI_V1__Rear_Interface_Insert_1
01:00.159  render           | Saved: '/Users/dean/Documents/MORI/mechanical/renders/parts/Rear_Interface_PCB.png'
PART_PREVIEW 101 176 MORI_V1__Rear_Interface_PCB
01:00.689  render           | Saved: '/Users/dean/Documents/MORI/mechanical/renders/parts/Rear_Interface_Screw_0.png'
PART_PREVIEW 102 176 MORI_V1__Rear_Interface_Screw_0
01:01.220  render           | Saved: '/Users/dean/Documents/MORI/mechanical/renders/parts/Rear_Interface_Screw_1.png'
PART_PREVIEW 103 176 MORI_V1__Rear_Interface_Screw_1
01:01.822  render           | Saved: '/Users/dean/Documents/MORI/mechanical/renders/parts/S288_Output_L_Inner.png'
PART_PREVIEW 104 176 MORI_V1__S288_Output_L_Inner
01:02.435  render           | Saved: '/Users/dean/Documents/MORI/mechanical/renders/parts/S288_Output_L_Outer.png'
PART_PREVIEW 105 176 MORI_V1__S288_Output_L_Outer
01:03.038  render           | Saved: '/Users/dean/Documents/MORI/mechanical/renders/parts/S288_Output_R_Inner.png'
PART_PREVIEW 106 176 MORI_V1__S288_Output_R_Inner
01:03.642  render           | Saved: '/Users/dean/Documents/MORI/mechanical/renders/parts/S288_Output_R_Outer.png'
PART_PREVIEW 107 176 MORI_V1__S288_Output_R_Outer
01:04.184  render           | Saved: '/Users/dean/Documents/MORI/mechanical/renders/parts/Shell_Insert_0.png'
PART_PREVIEW 108 176 MORI_V1__Shell_Insert_0
01:04.730  render           | Saved: '/Users/dean/Documents/MORI/mechanical/renders/parts/Shell_Insert_1.png'
PART_PREVIEW 109 176 MORI_V1__Shell_Insert_1
01:05.296  render           | Saved: '/Users/dean/Documents/MORI/mechanical/renders/parts/Shell_Insert_2.png'
PART_PREVIEW 110 176 MORI_V1__Shell_Insert_2
01:05.862  render           | Saved: '/Users/dean/Documents/MORI/mechanical/renders/parts/Shell_Insert_3.png'
PART_PREVIEW 111 176 MORI_V1__Shell_Insert_3
01:06.405  render           | Saved: '/Users/dean/Documents/MORI/mechanical/renders/parts/Shell_Screw_0.png'
PART_PREVIEW 112 176 MORI_V1__Shell_Screw_0
01:06.951  render           | Saved: '/Users/dean/Documents/MORI/mechanical/renders/parts/Shell_Screw_1.png'
PART_PREVIEW 113 176 MORI_V1__Shell_Screw_1
01:07.503  render           | Saved: '/Users/dean/Documents/MORI/mechanical/renders/parts/Shell_Screw_2.png'
PART_PREVIEW 114 176 MORI_V1__Shell_Screw_2
01:08.044  render           | Saved: '/Users/dean/Documents/MORI/mechanical/renders/parts/Shell_Screw_3.png'
PART_PREVIEW 115 176 MORI_V1__Shell_Screw_3
01:08.649  render           | Saved: '/Users/dean/Documents/MORI/mechanical/renders/parts/Speaker.png'
PART_PREVIEW 116 176 MORI_V1__Speaker
01:09.156  render           | Saved: '/Users/dean/Documents/MORI/mechanical/renders/parts/Speaker_Gasket.png'
PART_PREVIEW 117 176 MORI_V1__Speaker_Gasket
01:09.714  render           | Saved: '/Users/dean/Documents/MORI/mechanical/renders/parts/Speaker_Insert_-1.png'
PART_PREVIEW 118 176 MORI_V1__Speaker_Insert_-1
01:10.266  render           | Saved: '/Users/dean/Documents/MORI/mechanical/renders/parts/Speaker_Insert_1.png'
PART_PREVIEW 119 176 MORI_V1__Speaker_Insert_1
01:10.994  render           | Saved: '/Users/dean/Documents/MORI/mechanical/renders/parts/Speaker_Mount.png'
PART_PREVIEW 120 176 MORI_V1__Speaker_Mount
01:11.514  render           | Saved: '/Users/dean/Documents/MORI/mechanical/renders/parts/Speaker_Screw_-1.png'
PART_PREVIEW 121 176 MORI_V1__Speaker_Screw_-1
01:12.030  render           | Saved: '/Users/dean/Documents/MORI/mechanical/renders/parts/Speaker_Screw_1.png'
PART_PREVIEW 122 176 MORI_V1__Speaker_Screw_1
01:12.586  render           | Saved: '/Users/dean/Documents/MORI/mechanical/renders/parts/Tire_L.png'
PART_PREVIEW 123 176 MORI_V1__Tire_L
01:13.145  render           | Saved: '/Users/dean/Documents/MORI/mechanical/renders/parts/Tire_R.png'
PART_PREVIEW 124 176 MORI_V1__Tire_R
01:13.740  render           | Saved: '/Users/dean/Documents/MORI/mechanical/renders/parts/USB_Receptacle.png'
PART_PREVIEW 125 176 MORI_V1__USB_Receptacle
01:14.281  render           | Saved: '/Users/dean/Documents/MORI/mechanical/renders/parts/Wheel_Axle_L.png'
PART_PREVIEW 126 176 MORI_V1__Wheel_Axle_L
01:14.828  render           | Saved: '/Users/dean/Documents/MORI/mechanical/renders/parts/Wheel_Axle_R.png'
PART_PREVIEW 127 176 MORI_V1__Wheel_Axle_R
01:15.553  render           | Saved: '/Users/dean/Documents/MORI/mechanical/renders/parts/Wheel_Bearing_L_Inner.png'
PART_PREVIEW 128 176 MORI_V1__Wheel_Bearing_L_Inner
01:16.222  render           | Saved: '/Users/dean/Documents/MORI/mechanical/renders/parts/Wheel_Bearing_L_Outer.png'
PART_PREVIEW 129 176 MORI_V1__Wheel_Bearing_L_Outer
01:16.821  render           | Saved: '/Users/dean/Documents/MORI/mechanical/renders/parts/Wheel_Bearing_R_Inner.png'
PART_PREVIEW 130 176 MORI_V1__Wheel_Bearing_R_Inner
01:17.414  render           | Saved: '/Users/dean/Documents/MORI/mechanical/renders/parts/Wheel_Bearing_R_Outer.png'
PART_PREVIEW 131 176 MORI_V1__Wheel_Bearing_R_Outer
01:17.959  render           | Saved: '/Users/dean/Documents/MORI/mechanical/renders/parts/Wheel_Cap_Clamp_Nut_0.png'
PART_PREVIEW 132 176 MORI_V1__Wheel_Cap_Clamp_Nut_0
01:18.499  render           | Saved: '/Users/dean/Documents/MORI/mechanical/renders/parts/Wheel_Cap_Clamp_Nut_1.png'
PART_PREVIEW 133 176 MORI_V1__Wheel_Cap_Clamp_Nut_1
01:19.036  render           | Saved: '/Users/dean/Documents/MORI/mechanical/renders/parts/Wheel_Cap_Clamp_Nut_2.png'
PART_PREVIEW 134 176 MORI_V1__Wheel_Cap_Clamp_Nut_2
01:19.585  render           | Saved: '/Users/dean/Documents/MORI/mechanical/renders/parts/Wheel_Cap_Clamp_Nut_3.png'
PART_PREVIEW 135 176 MORI_V1__Wheel_Cap_Clamp_Nut_3
01:20.165  render           | Saved: '/Users/dean/Documents/MORI/mechanical/renders/parts/Wheel_Cap_Clamp_Screw_0.png'
PART_PREVIEW 136 176 MORI_V1__Wheel_Cap_Clamp_Screw_0
01:20.684  render           | Saved: '/Users/dean/Documents/MORI/mechanical/renders/parts/Wheel_Cap_Clamp_Screw_1.png'
PART_PREVIEW 137 176 MORI_V1__Wheel_Cap_Clamp_Screw_1
01:21.188  render           | Saved: '/Users/dean/Documents/MORI/mechanical/renders/parts/Wheel_Cap_Clamp_Screw_2.png'
PART_PREVIEW 138 176 MORI_V1__Wheel_Cap_Clamp_Screw_2
01:21.769  render           | Saved: '/Users/dean/Documents/MORI/mechanical/renders/parts/Wheel_Cap_Clamp_Screw_3.png'
PART_PREVIEW 139 176 MORI_V1__Wheel_Cap_Clamp_Screw_3
01:22.564  render           | Saved: '/Users/dean/Documents/MORI/mechanical/renders/parts/Wheel_End_Screw_L.png'
PART_PREVIEW 140 176 MORI_V1__Wheel_End_Screw_L
01:23.182  render           | Saved: '/Users/dean/Documents/MORI/mechanical/renders/parts/Wheel_End_Screw_R.png'
PART_PREVIEW 141 176 MORI_V1__Wheel_End_Screw_R
01:23.741  render           | Saved: '/Users/dean/Documents/MORI/mechanical/renders/parts/Wheel_End_Washer_L.png'
PART_PREVIEW 142 176 MORI_V1__Wheel_End_Washer_L
01:24.289  render           | Saved: '/Users/dean/Documents/MORI/mechanical/renders/parts/Wheel_End_Washer_R.png'
PART_PREVIEW 143 176 MORI_V1__Wheel_End_Washer_R
01:24.849  render           | Saved: '/Users/dean/Documents/MORI/mechanical/renders/parts/Wheel_Hub_L.png'
PART_PREVIEW 144 176 MORI_V1__Wheel_Hub_L
01:25.416  render           | Saved: '/Users/dean/Documents/MORI/mechanical/renders/parts/Wheel_Hub_R.png'
PART_PREVIEW 145 176 MORI_V1__Wheel_Hub_R
01:25.956  render           | Saved: '/Users/dean/Documents/MORI/mechanical/renders/parts/Wheel_Output_Screw_L_0.png'
PART_PREVIEW 146 176 MORI_V1__Wheel_Output_Screw_L_0
01:26.486  render           | Saved: '/Users/dean/Documents/MORI/mechanical/renders/parts/Wheel_Output_Screw_L_1.png'
PART_PREVIEW 147 176 MORI_V1__Wheel_Output_Screw_L_1
01:27.039  render           | Saved: '/Users/dean/Documents/MORI/mechanical/renders/parts/Wheel_Output_Screw_L_2.png'
PART_PREVIEW 148 176 MORI_V1__Wheel_Output_Screw_L_2
01:27.579  render           | Saved: '/Users/dean/Documents/MORI/mechanical/renders/parts/Wheel_Output_Screw_L_3.png'
PART_PREVIEW 149 176 MORI_V1__Wheel_Output_Screw_L_3
01:28.112  render           | Saved: '/Users/dean/Documents/MORI/mechanical/renders/parts/Wheel_Output_Screw_L_4.png'
PART_PREVIEW 150 176 MORI_V1__Wheel_Output_Screw_L_4
01:28.632  render           | Saved: '/Users/dean/Documents/MORI/mechanical/renders/parts/Wheel_Output_Screw_L_5.png'
PART_PREVIEW 151 176 MORI_V1__Wheel_Output_Screw_L_5
01:29.215  render           | Saved: '/Users/dean/Documents/MORI/mechanical/renders/parts/Wheel_Output_Screw_R_0.png'
PART_PREVIEW 152 176 MORI_V1__Wheel_Output_Screw_R_0
01:29.810  render           | Saved: '/Users/dean/Documents/MORI/mechanical/renders/parts/Wheel_Output_Screw_R_1.png'
PART_PREVIEW 153 176 MORI_V1__Wheel_Output_Screw_R_1
01:30.354  render           | Saved: '/Users/dean/Documents/MORI/mechanical/renders/parts/Wheel_Output_Screw_R_2.png'
PART_PREVIEW 154 176 MORI_V1__Wheel_Output_Screw_R_2
01:30.889  render           | Saved: '/Users/dean/Documents/MORI/mechanical/renders/parts/Wheel_Output_Screw_R_3.png'
PART_PREVIEW 155 176 MORI_V1__Wheel_Output_Screw_R_3
01:31.415  render           | Saved: '/Users/dean/Documents/MORI/mechanical/renders/parts/Wheel_Output_Screw_R_4.png'
PART_PREVIEW 156 176 MORI_V1__Wheel_Output_Screw_R_4
01:31.939  render           | Saved: '/Users/dean/Documents/MORI/mechanical/renders/parts/Wheel_Output_Screw_R_5.png'
PART_PREVIEW 157 176 MORI_V1__Wheel_Output_Screw_R_5
01:32.546  render           | Saved: '/Users/dean/Documents/MORI/mechanical/renders/parts/Wheel_Spacer_L_0.png'
PART_PREVIEW 158 176 MORI_V1__Wheel_Spacer_L_0
01:33.203  render           | Saved: '/Users/dean/Documents/MORI/mechanical/renders/parts/Wheel_Spacer_L_1.png'
PART_PREVIEW 159 176 MORI_V1__Wheel_Spacer_L_1
01:33.922  render           | Saved: '/Users/dean/Documents/MORI/mechanical/renders/parts/Wheel_Spacer_R_0.png'
PART_PREVIEW 160 176 MORI_V1__Wheel_Spacer_R_0
01:34.606  render           | Saved: '/Users/dean/Documents/MORI/mechanical/renders/parts/Wheel_Spacer_R_1.png'
PART_PREVIEW 161 176 MORI_V1__Wheel_Spacer_R_1
01:35.192  render           | Saved: '/Users/dean/Documents/MORI/mechanical/renders/parts/Yaw_Base.png'
PART_PREVIEW 162 176 MORI_V1__Yaw_Base
01:35.699  render           | Saved: '/Users/dean/Documents/MORI/mechanical/renders/parts/Yaw_Base_-1_Insert.png'
PART_PREVIEW 163 176 MORI_V1__Yaw_Base_-1_Insert
01:36.226  render           | Saved: '/Users/dean/Documents/MORI/mechanical/renders/parts/Yaw_Base_-1_Screw.png'
PART_PREVIEW 164 176 MORI_V1__Yaw_Base_-1_Screw
01:36.761  render           | Saved: '/Users/dean/Documents/MORI/mechanical/renders/parts/Yaw_Base_1_Insert.png'
PART_PREVIEW 165 176 MORI_V1__Yaw_Base_1_Insert
01:37.314  render           | Saved: '/Users/dean/Documents/MORI/mechanical/renders/parts/Yaw_Base_1_Screw.png'
PART_PREVIEW 166 176 MORI_V1__Yaw_Base_1_Screw
01:37.884  render           | Saved: '/Users/dean/Documents/MORI/mechanical/renders/parts/Yaw_Bearing.png'
PART_PREVIEW 167 176 MORI_V1__Yaw_Bearing
01:38.486  render           | Saved: '/Users/dean/Documents/MORI/mechanical/renders/parts/Yaw_Horn.png'
PART_PREVIEW 168 176 MORI_V1__Yaw_Horn
01:39.342  render           | Saved: '/Users/dean/Documents/MORI/mechanical/renders/parts/Yaw_Lock_Screw.png'
PART_PREVIEW 169 176 MORI_V1__Yaw_Lock_Screw
01:40.187  render           | Saved: '/Users/dean/Documents/MORI/mechanical/renders/parts/Yaw_Output.png'
PART_PREVIEW 170 176 MORI_V1__Yaw_Output
01:40.805  render           | Saved: '/Users/dean/Documents/MORI/mechanical/renders/parts/Yaw_Reaction_Clamp_Nut.png'
PART_PREVIEW 171 176 MORI_V1__Yaw_Reaction_Clamp_Nut
01:41.388  render           | Saved: '/Users/dean/Documents/MORI/mechanical/renders/parts/Yaw_Reaction_Clamp_Screw.png'
PART_PREVIEW 172 176 MORI_V1__Yaw_Reaction_Clamp_Screw
01:42.121  render           | Saved: '/Users/dean/Documents/MORI/mechanical/renders/parts/Yaw_Reaction_Link.png'
PART_PREVIEW 173 176 MORI_V1__Yaw_Reaction_Link
01:42.663  render           | Saved: '/Users/dean/Documents/MORI/mechanical/renders/parts/Yaw_Reaction_Retainer_Nut.png'
PART_PREVIEW 174 176 MORI_V1__Yaw_Reaction_Retainer_Nut
01:43.165  render           | Saved: '/Users/dean/Documents/MORI/mechanical/renders/parts/Yaw_Reaction_Retainer_Screw.png'
PART_PREVIEW 175 176 MORI_V1__Yaw_Reaction_Retainer_Screw
01:43.709  render           | Saved: '/Users/dean/Documents/MORI/mechanical/renders/parts/Yaw_Servo.png'
PART_PREVIEW 176 176 MORI_V1__Yaw_Servo
CATALOG_COMPLETE
Blender 5.2.1 LTS (hash 9e2066aef7ef built 2026-08-25 01:35:57)

Blender quit
