00:00.273  blend            | Read blend: "/Users/dean/Documents/MORI/mechanical/mori_v1_2.blend"
RENDER battery_retention_detail
00:11.856  render           | Saved: '/Users/dean/Documents/MORI/mechanical/renders/battery_retention_detail.png'
RENDER battery_retention_open
00:23.066  render           | Saved: '/Users/dean/Documents/MORI/mechanical/renders/battery_retention_open.png'
RENDER flush_bridge
00:28.849  render           | Saved: '/Users/dean/Documents/MORI/mechanical/renders/flush_bridge.png'
RENDER flush_bridge_underside
00:34.772  render           | Saved: '/Users/dean/Documents/MORI/mechanical/renders/flush_bridge_underside.png'
RENDER flush_speaker
00:39.943  render           | Saved: '/Users/dean/Documents/MORI/mechanical/renders/flush_speaker.png'
RENDER flush_cap
00:44.410  render           | Saved: '/Users/dean/Documents/MORI/mechanical/renders/flush_cap.png'
RENDER flush_reaction
00:49.811  render           | Saved: '/Users/dean/Documents/MORI/mechanical/renders/flush_reaction.png'
RENDER consolidated_yaw
00:56.125  render           | Saved: '/Users/dean/Documents/MORI/mechanical/renders/consolidated_yaw.png'
RENDER consolidated_base
01:01.599  render           | Saved: '/Users/dean/Documents/MORI/mechanical/renders/consolidated_base.png'
RENDER consolidated_camera
01:06.694  render           | Saved: '/Users/dean/Documents/MORI/mechanical/renders/consolidated_camera.png'
RENDER consolidated_wheel
01:14.252  render           | Saved: '/Users/dean/Documents/MORI/mechanical/renders/consolidated_wheel.png'
RENDER rear_interface_section
01:18.234  render           | Saved: '/Users/dean/Documents/MORI/mechanical/renders/rear_interface_section.png'
RENDER frame_underside
01:23.623  render           | Saved: '/Users/dean/Documents/MORI/mechanical/renders/frame_underside.png'
RENDER face_surface_side
01:30.981  render           | Saved: '/Users/dean/Documents/MORI/mechanical/renders/face_surface_side.png'
RENDER imu_underside
01:36.937  render           | Saved: '/Users/dean/Documents/MORI/mechanical/renders/imu_underside.png'
RENDER rear_interface_detail
01:42.914  render           | Saved: '/Users/dean/Documents/MORI/mechanical/renders/rear_interface_detail.png'
/Users/dean/Documents/MORI/mechanical/scripts/render.py:109: DeprecationWarning: 'Material.use_nodes' is expected to be removed in Blender 6.0
  shell=bpy.data.objects[PREFIX+n];mat=bpy.data.materials.get(PREFIX+'level_xray') or bpy.data.materials.new(PREFIX+'level_xray');mat.use_nodes=True;nodes=mat.node_tree.nodes;nodes.clear();out=nodes.new('ShaderNodeOutputMaterial');mix=nodes.new('ShaderNodeMixShader');mix.inputs[0].default_value=.82;solid=nodes.new('ShaderNodeBsdfDiffuse');solid.inputs['Color'].default_value=(.8,.85,.9,1);clear=nodes.new('ShaderNodeBsdfTransparent');mat.node_tree.links.new(solid.outputs[0],mix.inputs[1]);mat.node_tree.links.new(clear.outputs[0],mix.inputs[2]);mat.node_tree.links.new(mix.outputs[0],out.inputs[0]);shell.data.materials.clear();shell.data.materials.append(mat)
RENDER level_head_side
02:02.726  render           | Saved: '/Users/dean/Documents/MORI/mechanical/renders/level_head_side.png'
RENDER deck_plan
02:11.283  render           | Saved: '/Users/dean/Documents/MORI/mechanical/renders/deck_plan.png'
RENDER weact_detail
02:15.575  render           | Saved: '/Users/dean/Documents/MORI/mechanical/renders/weact_detail.png'
/Users/dean/Documents/MORI/mechanical/scripts/render.py:97: DeprecationWarning: 'Material.use_nodes' is expected to be removed in Blender 6.0
  mat=bpy.data.materials.get(PREFIX+'speaker_xray') or bpy.data.materials.new(PREFIX+'speaker_xray');mat.use_nodes=True;nodes=mat.node_tree.nodes;nodes.clear();out=nodes.new('ShaderNodeOutputMaterial');mix=nodes.new('ShaderNodeMixShader');mix.inputs[0].default_value=.84;solid=nodes.new('ShaderNodeBsdfDiffuse');solid.inputs['Color'].default_value=(.65,.72,.78,1);clear=nodes.new('ShaderNodeBsdfTransparent');mat.node_tree.links.new(solid.outputs[0],mix.inputs[1]);mat.node_tree.links.new(clear.outputs[0],mix.inputs[2]);mat.node_tree.links.new(mix.outputs[0],out.inputs[0]);shell.data.materials.clear();shell.data.materials.append(mat)
RENDER speaker_shell_detail
02:37.368  render           | Saved: '/Users/dean/Documents/MORI/mechanical/renders/speaker_shell_detail.png'
RENDER mic_detail
02:41.864  render           | Saved: '/Users/dean/Documents/MORI/mechanical/renders/mic_detail.png'
RENDER belly_detail
02:54.309  render           | Saved: '/Users/dean/Documents/MORI/mechanical/renders/belly_detail.png'
RENDER yaw_drive_detail
03:11.429  render           | Saved: '/Users/dean/Documents/MORI/mechanical/renders/yaw_drive_detail.png'
RENDER 45_assembled
03:24.707  render           | Saved: '/Users/dean/Documents/MORI/mechanical/renders/45_assembled.png'
RENDER front
03:31.446  render           | Saved: '/Users/dean/Documents/MORI/mechanical/renders/front.png'
RENDER side
03:37.741  render           | Saved: '/Users/dean/Documents/MORI/mechanical/renders/side.png'
RENDER rear
03:43.689  render           | Saved: '/Users/dean/Documents/MORI/mechanical/renders/rear.png'
RENDER top
03:51.743  render           | Saved: '/Users/dean/Documents/MORI/mechanical/renders/top.png'
RENDER bottom
04:00.405  render           | Saved: '/Users/dean/Documents/MORI/mechanical/renders/bottom.png'
RENDER exploded
04:07.363  render           | Saved: '/Users/dean/Documents/MORI/mechanical/renders/exploded.png'
RENDER internal
04:14.816  render           | Saved: '/Users/dean/Documents/MORI/mechanical/renders/internal.png'
RENDER structure_only
04:22.173  render           | Saved: '/Users/dean/Documents/MORI/mechanical/renders/structure_only.png'
RENDER structure_exploded
04:27.397  render           | Saved: '/Users/dean/Documents/MORI/mechanical/renders/structure_exploded.png'
RENDER deck_detail
04:36.269  render           | Saved: '/Users/dean/Documents/MORI/mechanical/renders/deck_detail.png'
RENDER head_support
04:41.046  render           | Saved: '/Users/dean/Documents/MORI/mechanical/renders/head_support.png'
RENDER face_detail
04:53.925  render           | Saved: '/Users/dean/Documents/MORI/mechanical/renders/face_detail.png'
RENDER head_section
05:05.474  render           | Saved: '/Users/dean/Documents/MORI/mechanical/renders/head_section.png'
RENDER screen_outline_review
05:13.867  render           | Saved: '/Users/dean/Documents/MORI/mechanical/renders/screen_outline_review.png'
RENDER clearance
05:20.100  render           | Saved: '/Users/dean/Documents/MORI/mechanical/renders/clearance.png'
RENDER balance_side
05:26.015  render           | Saved: '/Users/dean/Documents/MORI/mechanical/renders/balance_side.png'
RENDER wheel_gap_detail
05:34.203  render           | Saved: '/Users/dean/Documents/MORI/mechanical/renders/wheel_gap_detail.png'
RENDER pose_up
05:47.874  render           | Saved: '/Users/dean/Documents/MORI/mechanical/renders/pose_up.png'
RENDER pose_down
06:02.168  render           | Saved: '/Users/dean/Documents/MORI/mechanical/renders/pose_down.png'
RENDER docked
06:15.979  render           | Saved: '/Users/dean/Documents/MORI/mechanical/renders/docked.png'
RENDER_COMPLETE
Blender 5.2.1 LTS (hash 9e2066aef7ef built 2026-08-25 01:35:57)

Blender quit
