00:00.253  blend            | Read blend: "/Users/dean/Documents/MORI/mechanical/models/MORI_V1_A.blend"
00:00.708  render           | Saved: '/Users/dean/Documents/MORI/mechanical/renders/parts/Audio_Amp.png'
PART_PREVIEW 1 115 MORI_V1__Audio_Amp
00:01.026  render           | Saved: '/Users/dean/Documents/MORI/mechanical/renders/parts/Audio_Amp_Mount.png'
PART_PREVIEW 2 115 MORI_V1__Audio_Amp_Mount
00:01.374  render           | Saved: '/Users/dean/Documents/MORI/mechanical/renders/parts/Battery.png'
PART_PREVIEW 3 115 MORI_V1__Battery
00:01.664  render           | Saved: '/Users/dean/Documents/MORI/mechanical/renders/parts/Battery_Hanger_0.png'
PART_PREVIEW 4 115 MORI_V1__Battery_Hanger_0
00:01.943  render           | Saved: '/Users/dean/Documents/MORI/mechanical/renders/parts/Battery_Hanger_1.png'
PART_PREVIEW 5 115 MORI_V1__Battery_Hanger_1
00:02.229  render           | Saved: '/Users/dean/Documents/MORI/mechanical/renders/parts/Battery_Hanger_2.png'
PART_PREVIEW 6 115 MORI_V1__Battery_Hanger_2
00:02.504  render           | Saved: '/Users/dean/Documents/MORI/mechanical/renders/parts/Battery_Hanger_3.png'
PART_PREVIEW 7 115 MORI_V1__Battery_Hanger_3
00:02.826  render           | Saved: '/Users/dean/Documents/MORI/mechanical/renders/parts/Battery_Tray.png'
PART_PREVIEW 8 115 MORI_V1__Battery_Tray
00:03.115  render           | Saved: '/Users/dean/Documents/MORI/mechanical/renders/parts/Belt_L.png'
PART_PREVIEW 9 115 MORI_V1__Belt_L
00:03.417  render           | Saved: '/Users/dean/Documents/MORI/mechanical/renders/parts/Belt_R.png'
PART_PREVIEW 10 115 MORI_V1__Belt_R
00:03.748  render           | Saved: '/Users/dean/Documents/MORI/mechanical/renders/parts/Body_Cable_Clip.png'
PART_PREVIEW 11 115 MORI_V1__Body_Cable_Clip
00:04.088  render           | Saved: '/Users/dean/Documents/MORI/mechanical/renders/parts/Body_IMU.png'
PART_PREVIEW 12 115 MORI_V1__Body_IMU
00:04.478  render           | Saved: '/Users/dean/Documents/MORI/mechanical/renders/parts/Body_Lower.png'
PART_PREVIEW 13 115 MORI_V1__Body_Lower
00:04.839  render           | Saved: '/Users/dean/Documents/MORI/mechanical/renders/parts/Body_Upper.png'
PART_PREVIEW 14 115 MORI_V1__Body_Upper
00:05.151  render           | Saved: '/Users/dean/Documents/MORI/mechanical/renders/parts/Button_Cap.png'
PART_PREVIEW 15 115 MORI_V1__Button_Cap
00:05.537  render           | Saved: '/Users/dean/Documents/MORI/mechanical/renders/parts/Camera_Baffle.png'
PART_PREVIEW 16 115 MORI_V1__Camera_Baffle
00:05.892  render           | Saved: '/Users/dean/Documents/MORI/mechanical/renders/parts/Camera_Lens.png'
PART_PREVIEW 17 115 MORI_V1__Camera_Lens
00:06.222  render           | Saved: '/Users/dean/Documents/MORI/mechanical/renders/parts/Camera_Mount.png'
PART_PREVIEW 18 115 MORI_V1__Camera_Mount
00:06.595  render           | Saved: '/Users/dean/Documents/MORI/mechanical/renders/parts/Camera_PCB.png'
PART_PREVIEW 19 115 MORI_V1__Camera_PCB
00:06.975  render           | Saved: '/Users/dean/Documents/MORI/mechanical/renders/parts/Camera_Window.png'
PART_PREVIEW 20 115 MORI_V1__Camera_Window
00:07.315  render           | Saved: '/Users/dean/Documents/MORI/mechanical/renders/parts/Coupon_Insert.png'
PART_PREVIEW 21 115 MORI_V1__Coupon_Insert
00:07.669  render           | Saved: '/Users/dean/Documents/MORI/mechanical/renders/parts/Coupon_Mating_Tab.png'
PART_PREVIEW 22 115 MORI_V1__Coupon_Mating_Tab
00:07.976  render           | Saved: '/Users/dean/Documents/MORI/mechanical/renders/parts/Coupon_Plane_Fit.png'
PART_PREVIEW 23 115 MORI_V1__Coupon_Plane_Fit
00:08.332  render           | Saved: '/Users/dean/Documents/MORI/mechanical/renders/parts/Display_Connector.png'
PART_PREVIEW 24 115 MORI_V1__Display_Connector
00:08.634  render           | Saved: '/Users/dean/Documents/MORI/mechanical/renders/parts/Display_Frame.png'
PART_PREVIEW 25 115 MORI_V1__Display_Frame
00:08.959  render           | Saved: '/Users/dean/Documents/MORI/mechanical/renders/parts/Display_Module.png'
PART_PREVIEW 26 115 MORI_V1__Display_Module
00:09.293  render           | Saved: '/Users/dean/Documents/MORI/mechanical/renders/parts/Display_PCB.png'
PART_PREVIEW 27 115 MORI_V1__Display_PCB
00:09.589  render           | Saved: '/Users/dean/Documents/MORI/mechanical/renders/parts/Dock_Pad_0.png'
PART_PREVIEW 28 115 MORI_V1__Dock_Pad_0
00:09.891  render           | Saved: '/Users/dean/Documents/MORI/mechanical/renders/parts/Dock_Pad_1.png'
PART_PREVIEW 29 115 MORI_V1__Dock_Pad_1
00:10.188  render           | Saved: '/Users/dean/Documents/MORI/mechanical/renders/parts/Dock_Pad_2.png'
PART_PREVIEW 30 115 MORI_V1__Dock_Pad_2
00:10.522  render           | Saved: '/Users/dean/Documents/MORI/mechanical/renders/parts/Dock_Pad_3.png'
PART_PREVIEW 31 115 MORI_V1__Dock_Pad_3
00:10.842  render           | Saved: '/Users/dean/Documents/MORI/mechanical/renders/parts/Drive_Motor_L.png'
PART_PREVIEW 32 115 MORI_V1__Drive_Motor_L
00:11.163  render           | Saved: '/Users/dean/Documents/MORI/mechanical/renders/parts/Drive_Motor_R.png'
PART_PREVIEW 33 115 MORI_V1__Drive_Motor_R
00:11.542  render           | Saved: '/Users/dean/Documents/MORI/mechanical/renders/parts/Face_Protector.png'
PART_PREVIEW 34 115 MORI_V1__Face_Protector
00:11.852  render           | Saved: '/Users/dean/Documents/MORI/mechanical/renders/parts/Frame_Insert_0.png'
PART_PREVIEW 35 115 MORI_V1__Frame_Insert_0
00:12.170  render           | Saved: '/Users/dean/Documents/MORI/mechanical/renders/parts/Frame_Insert_1.png'
PART_PREVIEW 36 115 MORI_V1__Frame_Insert_1
00:12.482  render           | Saved: '/Users/dean/Documents/MORI/mechanical/renders/parts/Frame_Insert_2.png'
PART_PREVIEW 37 115 MORI_V1__Frame_Insert_2
00:12.793  render           | Saved: '/Users/dean/Documents/MORI/mechanical/renders/parts/Frame_Insert_3.png'
PART_PREVIEW 38 115 MORI_V1__Frame_Insert_3
00:13.119  render           | Saved: '/Users/dean/Documents/MORI/mechanical/renders/parts/Frame_Screw_0.png'
PART_PREVIEW 39 115 MORI_V1__Frame_Screw_0
00:13.424  render           | Saved: '/Users/dean/Documents/MORI/mechanical/renders/parts/Frame_Screw_1.png'
PART_PREVIEW 40 115 MORI_V1__Frame_Screw_1
00:13.744  render           | Saved: '/Users/dean/Documents/MORI/mechanical/renders/parts/Frame_Screw_2.png'
PART_PREVIEW 41 115 MORI_V1__Frame_Screw_2
00:14.062  render           | Saved: '/Users/dean/Documents/MORI/mechanical/renders/parts/Frame_Screw_3.png'
PART_PREVIEW 42 115 MORI_V1__Frame_Screw_3
00:14.383  render           | Saved: '/Users/dean/Documents/MORI/mechanical/renders/parts/Function_Button.png'
PART_PREVIEW 43 115 MORI_V1__Function_Button
00:14.732  render           | Saved: '/Users/dean/Documents/MORI/mechanical/renders/parts/Head_Front.png'
PART_PREVIEW 44 115 MORI_V1__Head_Front
00:15.050  render           | Saved: '/Users/dean/Documents/MORI/mechanical/renders/parts/Head_Lower_Guard.png'
PART_PREVIEW 45 115 MORI_V1__Head_Lower_Guard
00:15.466  render           | Saved: '/Users/dean/Documents/MORI/mechanical/renders/parts/Head_Rear.png'
PART_PREVIEW 46 115 MORI_V1__Head_Rear
00:15.789  render           | Saved: '/Users/dean/Documents/MORI/mechanical/renders/parts/IMU_Mount.png'
PART_PREVIEW 47 115 MORI_V1__IMU_Mount
00:16.108  render           | Saved: '/Users/dean/Documents/MORI/mechanical/renders/parts/Load_Frame.png'
PART_PREVIEW 48 115 MORI_V1__Load_Frame
00:16.441  render           | Saved: '/Users/dean/Documents/MORI/mechanical/renders/parts/MCU_Interaction.png'
PART_PREVIEW 49 115 MORI_V1__MCU_Interaction
00:16.766  render           | Saved: '/Users/dean/Documents/MORI/mechanical/renders/parts/MCU_Motion.png'
PART_PREVIEW 50 115 MORI_V1__MCU_Motion
00:17.078  render           | Saved: '/Users/dean/Documents/MORI/mechanical/renders/parts/MCU_Mount_Interaction.png'
PART_PREVIEW 51 115 MORI_V1__MCU_Mount_Interaction
00:17.392  render           | Saved: '/Users/dean/Documents/MORI/mechanical/renders/parts/MCU_Mount_Motion.png'
PART_PREVIEW 52 115 MORI_V1__MCU_Mount_Motion
00:17.711  render           | Saved: '/Users/dean/Documents/MORI/mechanical/renders/parts/Mic_Duct.png'
PART_PREVIEW 53 115 MORI_V1__Mic_Duct
00:18.045  render           | Saved: '/Users/dean/Documents/MORI/mechanical/renders/parts/Microphone.png'
PART_PREVIEW 54 115 MORI_V1__Microphone
00:18.375  render           | Saved: '/Users/dean/Documents/MORI/mechanical/renders/parts/Microphone_Mount.png'
PART_PREVIEW 55 115 MORI_V1__Microphone_Mount
00:18.712  render           | Saved: '/Users/dean/Documents/MORI/mechanical/renders/parts/Motor_Driver.png'
PART_PREVIEW 56 115 MORI_V1__Motor_Driver
00:19.016  render           | Saved: '/Users/dean/Documents/MORI/mechanical/renders/parts/Motor_Driver_Mount.png'
PART_PREVIEW 57 115 MORI_V1__Motor_Driver_Mount
00:19.334  render           | Saved: '/Users/dean/Documents/MORI/mechanical/renders/parts/Motor_Mount_L.png'
PART_PREVIEW 58 115 MORI_V1__Motor_Mount_L
00:19.647  render           | Saved: '/Users/dean/Documents/MORI/mechanical/renders/parts/Motor_Mount_R.png'
PART_PREVIEW 59 115 MORI_V1__Motor_Mount_R
00:19.981  render           | Saved: '/Users/dean/Documents/MORI/mechanical/renders/parts/Motor_Output_L.png'
PART_PREVIEW 60 115 MORI_V1__Motor_Output_L
00:20.322  render           | Saved: '/Users/dean/Documents/MORI/mechanical/renders/parts/Motor_Output_R.png'
PART_PREVIEW 61 115 MORI_V1__Motor_Output_R
00:20.638  render           | Saved: '/Users/dean/Documents/MORI/mechanical/renders/parts/Parking_Cradle.png'
PART_PREVIEW 62 115 MORI_V1__Parking_Cradle
00:20.975  render           | Saved: '/Users/dean/Documents/MORI/mechanical/renders/parts/Pitch_Bearing_L.png'
PART_PREVIEW 63 115 MORI_V1__Pitch_Bearing_L
00:21.316  render           | Saved: '/Users/dean/Documents/MORI/mechanical/renders/parts/Pitch_Bearing_R.png'
PART_PREVIEW 64 115 MORI_V1__Pitch_Bearing_R
00:21.638  render           | Saved: '/Users/dean/Documents/MORI/mechanical/renders/parts/Pitch_Cable_Clip.png'
PART_PREVIEW 65 115 MORI_V1__Pitch_Cable_Clip
00:21.931  render           | Saved: '/Users/dean/Documents/MORI/mechanical/renders/parts/Pitch_Cradle.png'
PART_PREVIEW 66 115 MORI_V1__Pitch_Cradle
00:22.246  render           | Saved: '/Users/dean/Documents/MORI/mechanical/renders/parts/Pitch_Horn.png'
PART_PREVIEW 67 115 MORI_V1__Pitch_Horn
00:22.611  render           | Saved: '/Users/dean/Documents/MORI/mechanical/renders/parts/Pitch_Servo.png'
PART_PREVIEW 68 115 MORI_V1__Pitch_Servo
00:22.962  render           | Saved: '/Users/dean/Documents/MORI/mechanical/renders/parts/Pitch_Servo_Mount.png'
PART_PREVIEW 69 115 MORI_V1__Pitch_Servo_Mount
00:23.306  render           | Saved: '/Users/dean/Documents/MORI/mechanical/renders/parts/Pitch_Trunnion_L.png'
PART_PREVIEW 70 115 MORI_V1__Pitch_Trunnion_L
00:23.630  render           | Saved: '/Users/dean/Documents/MORI/mechanical/renders/parts/Pitch_Trunnion_R.png'
PART_PREVIEW 71 115 MORI_V1__Pitch_Trunnion_R
00:23.926  render           | Saved: '/Users/dean/Documents/MORI/mechanical/renders/parts/Pitch_Yoke.png'
PART_PREVIEW 72 115 MORI_V1__Pitch_Yoke
00:24.271  render           | Saved: '/Users/dean/Documents/MORI/mechanical/renders/parts/Power_Module.png'
PART_PREVIEW 73 115 MORI_V1__Power_Module
00:24.585  render           | Saved: '/Users/dean/Documents/MORI/mechanical/renders/parts/Power_Module_Mount.png'
PART_PREVIEW 74 115 MORI_V1__Power_Module_Mount
00:24.963  render           | Saved: '/Users/dean/Documents/MORI/mechanical/renders/parts/Power_Switch.png'
PART_PREVIEW 75 115 MORI_V1__Power_Switch
00:25.291  render           | Saved: '/Users/dean/Documents/MORI/mechanical/renders/parts/Pulley_L_Axle.png'
PART_PREVIEW 76 115 MORI_V1__Pulley_L_Axle
00:25.640  render           | Saved: '/Users/dean/Documents/MORI/mechanical/renders/parts/Pulley_L_Motor.png'
PART_PREVIEW 77 115 MORI_V1__Pulley_L_Motor
00:25.974  render           | Saved: '/Users/dean/Documents/MORI/mechanical/renders/parts/Pulley_R_Axle.png'
PART_PREVIEW 78 115 MORI_V1__Pulley_R_Axle
00:26.329  render           | Saved: '/Users/dean/Documents/MORI/mechanical/renders/parts/Pulley_R_Motor.png'
PART_PREVIEW 79 115 MORI_V1__Pulley_R_Motor
00:26.644  render           | Saved: '/Users/dean/Documents/MORI/mechanical/renders/parts/Shell_Insert_0.png'
PART_PREVIEW 80 115 MORI_V1__Shell_Insert_0
00:26.969  render           | Saved: '/Users/dean/Documents/MORI/mechanical/renders/parts/Shell_Insert_1.png'
PART_PREVIEW 81 115 MORI_V1__Shell_Insert_1
00:27.291  render           | Saved: '/Users/dean/Documents/MORI/mechanical/renders/parts/Shell_Insert_2.png'
PART_PREVIEW 82 115 MORI_V1__Shell_Insert_2
00:27.601  render           | Saved: '/Users/dean/Documents/MORI/mechanical/renders/parts/Shell_Insert_3.png'
PART_PREVIEW 83 115 MORI_V1__Shell_Insert_3
00:27.922  render           | Saved: '/Users/dean/Documents/MORI/mechanical/renders/parts/Shell_Screw_0.png'
PART_PREVIEW 84 115 MORI_V1__Shell_Screw_0
00:28.234  render           | Saved: '/Users/dean/Documents/MORI/mechanical/renders/parts/Shell_Screw_1.png'
PART_PREVIEW 85 115 MORI_V1__Shell_Screw_1
00:28.548  render           | Saved: '/Users/dean/Documents/MORI/mechanical/renders/parts/Shell_Screw_2.png'
PART_PREVIEW 86 115 MORI_V1__Shell_Screw_2
00:28.860  render           | Saved: '/Users/dean/Documents/MORI/mechanical/renders/parts/Shell_Screw_3.png'
PART_PREVIEW 87 115 MORI_V1__Shell_Screw_3
00:29.194  render           | Saved: '/Users/dean/Documents/MORI/mechanical/renders/parts/Speaker.png'
PART_PREVIEW 88 115 MORI_V1__Speaker
00:29.536  render           | Saved: '/Users/dean/Documents/MORI/mechanical/renders/parts/Speaker_Mount.png'
PART_PREVIEW 89 115 MORI_V1__Speaker_Mount
00:29.865  render           | Saved: '/Users/dean/Documents/MORI/mechanical/renders/parts/Tire_L.png'
PART_PREVIEW 90 115 MORI_V1__Tire_L
00:30.180  render           | Saved: '/Users/dean/Documents/MORI/mechanical/renders/parts/Tire_R.png'
PART_PREVIEW 91 115 MORI_V1__Tire_R
00:30.546  render           | Saved: '/Users/dean/Documents/MORI/mechanical/renders/parts/USB_Charge.png'
PART_PREVIEW 92 115 MORI_V1__USB_Charge
00:30.866  render           | Saved: '/Users/dean/Documents/MORI/mechanical/renders/parts/USB_Charge_Mount.png'
PART_PREVIEW 93 115 MORI_V1__USB_Charge_Mount
00:31.214  render           | Saved: '/Users/dean/Documents/MORI/mechanical/renders/parts/USB_Receptacle.png'
PART_PREVIEW 94 115 MORI_V1__USB_Receptacle
00:31.513  render           | Saved: '/Users/dean/Documents/MORI/mechanical/renders/parts/Wheel_Axle_L.png'
PART_PREVIEW 95 115 MORI_V1__Wheel_Axle_L
00:31.798  render           | Saved: '/Users/dean/Documents/MORI/mechanical/renders/parts/Wheel_Axle_R.png'
PART_PREVIEW 96 115 MORI_V1__Wheel_Axle_R
00:32.137  render           | Saved: '/Users/dean/Documents/MORI/mechanical/renders/parts/Wheel_Bearing_L_26.png'
PART_PREVIEW 97 115 MORI_V1__Wheel_Bearing_L_26
00:32.479  render           | Saved: '/Users/dean/Documents/MORI/mechanical/renders/parts/Wheel_Bearing_L_36.png'
PART_PREVIEW 98 115 MORI_V1__Wheel_Bearing_L_36
00:32.859  render           | Saved: '/Users/dean/Documents/MORI/mechanical/renders/parts/Wheel_Bearing_R_26.png'
PART_PREVIEW 99 115 MORI_V1__Wheel_Bearing_R_26
00:33.208  render           | Saved: '/Users/dean/Documents/MORI/mechanical/renders/parts/Wheel_Bearing_R_36.png'
PART_PREVIEW 100 115 MORI_V1__Wheel_Bearing_R_36
00:33.527  render           | Saved: '/Users/dean/Documents/MORI/mechanical/renders/parts/Wheel_Cap_L.png'
PART_PREVIEW 101 115 MORI_V1__Wheel_Cap_L
00:33.844  render           | Saved: '/Users/dean/Documents/MORI/mechanical/renders/parts/Wheel_Cap_R.png'
PART_PREVIEW 102 115 MORI_V1__Wheel_Cap_R
00:34.199  render           | Saved: '/Users/dean/Documents/MORI/mechanical/renders/parts/Wheel_Hub_L.png'
PART_PREVIEW 103 115 MORI_V1__Wheel_Hub_L
00:34.530  render           | Saved: '/Users/dean/Documents/MORI/mechanical/renders/parts/Wheel_Hub_R.png'
PART_PREVIEW 104 115 MORI_V1__Wheel_Hub_R
00:34.861  render           | Saved: '/Users/dean/Documents/MORI/mechanical/renders/parts/Yaw_Bearing.png'
PART_PREVIEW 105 115 MORI_V1__Yaw_Bearing
00:35.214  render           | Saved: '/Users/dean/Documents/MORI/mechanical/renders/parts/Yaw_Cable_Clip.png'
PART_PREVIEW 106 115 MORI_V1__Yaw_Cable_Clip
00:35.560  render           | Saved: '/Users/dean/Documents/MORI/mechanical/renders/parts/Yaw_Carrier.png'
PART_PREVIEW 107 115 MORI_V1__Yaw_Carrier
00:35.887  render           | Saved: '/Users/dean/Documents/MORI/mechanical/renders/parts/Yaw_Horn.png'
PART_PREVIEW 108 115 MORI_V1__Yaw_Horn
00:36.234  render           | Saved: '/Users/dean/Documents/MORI/mechanical/renders/parts/Yaw_Output.png'
PART_PREVIEW 109 115 MORI_V1__Yaw_Output
00:36.611  render           | Saved: '/Users/dean/Documents/MORI/mechanical/renders/parts/Yaw_Servo.png'
PART_PREVIEW 110 115 MORI_V1__Yaw_Servo
00:36.959  render           | Saved: '/Users/dean/Documents/MORI/mechanical/renders/parts/Yaw_Servo_Mount.png'
PART_PREVIEW 111 115 MORI_V1__Yaw_Servo_Mount
00:37.264  render           | Saved: '/Users/dean/Documents/MORI/mechanical/renders/parts/Yaw_Stop_-76.png'
PART_PREVIEW 112 115 MORI_V1__Yaw_Stop_-76
00:37.562  render           | Saved: '/Users/dean/Documents/MORI/mechanical/renders/parts/Yaw_Stop_76.png'
PART_PREVIEW 113 115 MORI_V1__Yaw_Stop_76
00:37.864  render           | Saved: '/Users/dean/Documents/MORI/mechanical/renders/parts/Yaw_Stop_Flag.png'
PART_PREVIEW 114 115 MORI_V1__Yaw_Stop_Flag
00:38.210  render           | Saved: '/Users/dean/Documents/MORI/mechanical/renders/parts/Yaw_Turntable.png'
PART_PREVIEW 115 115 MORI_V1__Yaw_Turntable
CATALOG_COMPLETE
Blender 5.2.1 LTS (hash 9e2066aef7ef built 2026-08-25 01:35:57)

Blender quit
