00:00.253  blend            | Read blend: "/Users/dean/Documents/MORI/mechanical/models/MORI_V1_A.blend"
BUILD shells
BUILD optics
BUILD head_joint
BUILD wheel_and_drive
BUILD frame_and_electronics
BUILD fasteners_and_coupons
BUILD dock
BUILD controls_datums
BUILD studio
信息: 已另存为 "MORI_V1_A.blend"
BUILD_COMPLETE
BUILD shells
BUILD optics
BUILD head_joint
BUILD wheel_and_drive
BUILD frame_and_electronics
BUILD fasteners_and_coupons
BUILD dock
BUILD controls_datums
BUILD studio
信息: 已另存为 "MORI_V1_A.blend"
BUILD_COMPLETE
信息: 已另存为 "MORI_V1_A.blend"
REBUILD_CHECK_COMPLETE
Blender 5.2.1 LTS (hash 9e2066aef7ef built 2026-08-25 01:35:57)

Blender quit
