00:00.335  blend            | Read blend: "/Users/dean/Documents/MORI/mechanical/models/MORI_V1_A.blend"
MORI STL Audio_Amp_Mount PASS
MORI STL Battery_Tray PASS
MORI STL Body_Cable_Clip PASS
MORI STL Body_Lower PASS
MORI STL Body_Upper PASS
MORI STL Button_Cap PASS
MORI STL Camera_Baffle PASS
MORI STL Camera_Mount PASS
MORI STL Coupon_Insert PASS
MORI STL Coupon_Mating_Tab PASS
MORI STL Coupon_Plane_Fit PASS
MORI STL Display_Frame PASS
MORI STL Head_Front PASS
MORI STL Head_Lower_Guard PASS
MORI STL Head_Rear PASS
MORI STL IMU_Mount PASS
MORI STL Load_Frame PASS
MORI STL MCU_Mount_Interaction PASS
MORI STL MCU_Mount_Motion PASS
MORI STL Mic_Duct PASS
MORI STL Microphone_Mount PASS
MORI STL Motor_Driver_Mount PASS
MORI STL Motor_Mount_L PASS
MORI STL Motor_Mount_R PASS
MORI STL Parking_Cradle PASS
MORI STL Pitch_Cable_Clip PASS
MORI STL Pitch_Cradle PASS
MORI STL Pitch_Servo_Mount PASS
MORI STL Pitch_Yoke PASS
MORI STL Power_Module_Mount PASS
MORI STL Speaker_Mount PASS
MORI STL USB_Charge_Mount PASS
MORI STL Wheel_Cap_L PASS
MORI STL Wheel_Cap_R PASS
MORI STL Wheel_Hub_L PASS
MORI STL Wheel_Hub_R PASS
MORI STL Yaw_Cable_Clip PASS
MORI STL Yaw_Carrier PASS
MORI STL Yaw_Servo_Mount PASS
MORI STL Yaw_Stop_-76 PASS
MORI STL Yaw_Stop_76 PASS
MORI STL Yaw_Stop_Flag PASS
MORI STL Yaw_Turntable PASS
Blender 5.2.1 LTS (hash 9e2066aef7ef built 2026-08-25 01:35:57)
Timer 'STL Import' took 0.38 ms
Timer 'STL Import' took 0.35 ms
Timer 'STL Import' took 0.11 ms
Timer 'STL Import' took 3.07 ms
Timer 'STL Import' took 1.96 ms
Timer 'STL Import' took 0.15 ms
Timer 'STL Import' took 0.47 ms
Timer 'STL Import' took 0.38 ms
Timer 'STL Import' took 0.32 ms
Timer 'STL Import' took 0.13 ms
Timer 'STL Import' took 85292 ns
Timer 'STL Import' took 0.38 ms
Timer 'STL Import' took 1.30 ms
Timer 'STL Import' took 0.69 ms
Timer 'STL Import' took 1.35 ms
Timer 'STL Import' took 65959 ns
Timer 'STL Import' took 0.67 ms
Timer 'STL Import' took 47584 ns
Timer 'STL Import' took 38541 ns
Timer 'STL Import' took 0.10 ms
Timer 'STL Import' took 0.10 ms
Timer 'STL Import' took 0.16 ms
Timer 'STL Import' took 0.34 ms
Timer 'STL Import' took 0.33 ms
Timer 'STL Import' took 0.15 ms
Timer 'STL Import' took 90209 ns
Timer 'STL Import' took 0.38 ms
Timer 'STL Import' took 84292 ns
Timer 'STL Import' took 0.55 ms
Timer 'STL Import' took 0.19 ms
Timer 'STL Import' took 0.28 ms
Timer 'STL Import' took 0.14 ms
Timer 'STL Import' took 0.21 ms
Timer 'STL Import' took 0.21 ms
Timer 'STL Import' took 90791 ns
Timer 'STL Import' took 77292 ns
Timer 'STL Import' took 0.16 ms
Timer 'STL Import' took 0.54 ms
Timer 'STL Import' took 63209 ns
Timer 'STL Import' took 38083 ns
Timer 'STL Import' took 38750 ns
Timer 'STL Import' took 35375 ns
Timer 'STL Import' took 0.49 ms

Blender quit
