00:00.380  blend            | Read blend: "/Users/dean/Documents/MORI/mechanical/mori_v1_2.blend"
/Users/dean/Documents/MORI/mechanical/scripts/assembly_animation.py:85: DeprecationWarning: 'Material.use_nodes' is expected to be removed in Blender 6.0
  m.use_nodes = True
/Users/dean/Documents/MORI/mechanical/scripts/assembly_animation.py:175: DeprecationWarning: 'Material.use_nodes' is expected to be removed in Blender 6.0
  clear = tagged(bpy.data.materials.new(AP+'Clear_Window')); clear.use_nodes = True
信息: 已另存为 "mori_assembly_animation.blend"
ANIMATION_STILL 1
00:03.773  render           | Saved: '/Users/dean/Documents/MORI/mechanical/animation/step_01.png'
ANIMATION_STILL 2
00:04.030  render           | Saved: '/Users/dean/Documents/MORI/mechanical/animation/step_02.png'
ANIMATION_STILL 3
00:04.302  render           | Saved: '/Users/dean/Documents/MORI/mechanical/animation/step_03.png'
ANIMATION_STILL 4
00:04.667  render           | Saved: '/Users/dean/Documents/MORI/mechanical/animation/step_04.png'
ANIMATION_STILL 5
00:05.119  render           | Saved: '/Users/dean/Documents/MORI/mechanical/animation/step_05.png'
ANIMATION_STILL 6
00:05.559  render           | Saved: '/Users/dean/Documents/MORI/mechanical/animation/step_06.png'
ANIMATION_STILL 7
00:06.077  render           | Saved: '/Users/dean/Documents/MORI/mechanical/animation/step_07.png'
ANIMATION_STILL 8
00:06.606  render           | Saved: '/Users/dean/Documents/MORI/mechanical/animation/step_08.png'
ANIMATION_STILL 9
00:07.159  render           | Saved: '/Users/dean/Documents/MORI/mechanical/animation/step_09.png'
ANIMATION_STILL 10
00:07.626  render           | Saved: '/Users/dean/Documents/MORI/mechanical/animation/step_10.png'
ANIMATION_STILL 11
00:08.116  render           | Saved: '/Users/dean/Documents/MORI/mechanical/animation/step_11.png'
ANIMATION_STILL 12
00:08.588  render           | Saved: '/Users/dean/Documents/MORI/mechanical/animation/step_12.png'
ANIMATION_STILL 13
00:09.136  render           | Saved: '/Users/dean/Documents/MORI/mechanical/animation/step_13.png'
ANIMATION_STILL 14
00:09.903  render           | Saved: '/Users/dean/Documents/MORI/mechanical/animation/step_14.png'
ANIMATION_STILL 15
00:10.161  render           | Saved: '/Users/dean/Documents/MORI/mechanical/animation/step_15.png'
ANIMATION_STILL 16
00:10.794  render           | Saved: '/Users/dean/Documents/MORI/mechanical/animation/step_16.png'
ANIMATION_STILL 17
00:11.405  render           | Saved: '/Users/dean/Documents/MORI/mechanical/animation/step_17.png'
ANIMATION_STILL 18
00:12.040  render           | Saved: '/Users/dean/Documents/MORI/mechanical/animation/step_18.png'
ASSEMBLY_ANIMATION_BUILT 189 1338
Blender 5.2.1 LTS (hash 9e2066aef7ef built 2026-08-25 01:35:57)

Blender quit
