无法为 J3 添加 3D 模型。
找不到文件: /Applications/KiCad/KiCad.app/Contents/SharedSupport/3dmodels/Connector_AMASS.3dshapes/AMASS_XT30UPB-M_1x02_P5.0mm_Vertical.step
无法为 F60 添加 3D 模型。
找不到文件: /Applications/KiCad/KiCad.app/Contents/SharedSupport/3dmodels/Fuse.3dshapes/Fuse_Littelfuse-NANO2-451_453.step
无法为 J5 添加 3D 模型。
找不到文件: /Applications/KiCad/KiCad.app/Contents/SharedSupport/3dmodels/Connector_AMASS.3dshapes/AMASS_XT30UPB-M_1x02_P5.0mm_Vertical.step
无法为 J2 添加 3D 模型。
找不到文件: /Applications/KiCad/KiCad.app/Contents/SharedSupport/3dmodels/Connector_AMASS.3dshapes/AMASS_XT30UPB-M_1x02_P5.0mm_Vertical.step
无法为 J4 添加 3D 模型。
找不到文件: /Applications/KiCad/KiCad.app/Contents/SharedSupport/3dmodels/Connector_AMASS.3dshapes/AMASS_XT30UPB-M_1x02_P5.0mm_Vertical.step
无法为 J1 添加 3D 模型。
找不到文件: /Applications/KiCad/KiCad.app/Contents/SharedSupport/3dmodels/Connector_AMASS.3dshapes/AMASS_XT30UPB-M_1x02_P5.0mm_Vertical.step
无法为 F70 添加 3D 模型。
找不到文件: /Applications/KiCad/KiCad.app/Contents/SharedSupport/3dmodels/Fuse.3dshapes/Fuse_Littelfuse-NANO2-451_453.step
无法为 J12 添加 3D 模型。
找不到文件: /Applications/KiCad/KiCad.app/Contents/SharedSupport/3dmodels/Connector_AMASS.3dshapes/AMASS_XT30UPB-M_1x02_P5.0mm_Vertical.step
无法为 J11 添加 3D 模型。
找不到文件: /Applications/KiCad/KiCad.app/Contents/SharedSupport/3dmodels/Connector_AMASS.3dshapes/AMASS_XT30UPB-M_1x02_P5.0mm_Vertical.step
2026-10-01 01:32:21.073 kicad-cli[58976:25074973] Error retrieving source file attributes: Error Domain=NSCocoaErrorDomain Code=260 "The file “power.step” couldn’t be opened because there is no such file." UserInfo={NSFilePath=/Users/dean/Documents/MORI/mechanical/studies/prearrival_closure/p5r7_receipt/power.step, NSURL=file:///Users/dean/Documents/MORI/mechanical/studies/prearrival_closure/p5r7_receipt/power.step, NSUnderlyingError=0x7631014390 {Error Domain=NSPOSIXErrorDomain Code=2 "No such file or directory"}}
STEP file '/Users/dean/Documents/MORI/mechanical/studies/prearrival_closure/p5r7_receipt/power.step' created.

导出耗时 0.472 s
