Command line invocation:
    /Applications/Xcode.app/Contents/Developer/usr/bin/xcodebuild -project apps/mobile/ios/App/App.xcodeproj -scheme App -sdk iphonesimulator -configuration Debug -derivedDataPath .state/ios-build -disableAutomaticPackageResolution -skipPackageUpdates CODE_SIGNING_ALLOWED=NO build

Build settings from command line:
    CODE_SIGNING_ALLOWED = NO
    SDKROOT = iphonesimulator27.0

Resolve Package Graph


Resolved source packages:
  CapacitorApp: /Users/dean/Documents/MORI/node_modules/.pnpm/@capacitor+app@7.0.1_@capacitor+core@7.2.0/node_modules/@capacitor/app @ local
  capacitor-swift-pm: https://github.com/ionic-team/capacitor-swift-pm.git @ 7.2.0
  CapApp-SPM: /Users/dean/Documents/MORI/apps/mobile/ios/App/CapApp-SPM @ local

2026-09-21 22:24:31.138 xcodebuild[41998:11708993] [MT] IDERunDestination: Supported platforms for the buildables in the current scheme is empty.
--- xcodebuild: WARNING: Using the first of multiple matching destinations:
{ platform:iOS Simulator, id:dvtdevice-DVTiOSDeviceSimulatorPlaceholder-iphonesimulator:placeholder, name:Any iOS Simulator Device }
{ platform:iOS Simulator, arch:arm64, id:1B48C363-AE0A-42C6-8D2C-1945B32F0393, OS:27.0, name:HowToCook UI Review (iOS 27) }
{ platform:iOS Simulator, arch:arm64, id:771F6F1E-E8CA-48BF-8CFD-045DBD16C4B9, OS:27.0, name:MORI V1 Software Test }
{ platform:iOS Simulator, arch:arm64, id:B74A5F64-1AED-4A58-85D4-0D5CA92FB379, OS:27.0, name:PACE iPhone 17 Pro }
{ platform:iOS Simulator, arch:arm64, id:B2332363-340E-451D-A166-D966EC624F01, OS:27.0, name:iPad (A16) }
{ platform:iOS Simulator, arch:arm64, id:A002EB4A-B525-489F-8A7A-42CF2D82AC05, OS:27.0, name:iPad Air 11-inch (M4) }
{ platform:iOS Simulator, arch:arm64, id:1393512C-E2A9-4D91-9EBE-1EBA872546A7, OS:27.0, name:iPad Air 13-inch (M4) }
{ platform:iOS Simulator, arch:arm64, id:40F155BB-ED20-44E8-8B1A-8B6BDAE6EE06, OS:27.0, name:iPad Pro 11-inch (M5) }
{ platform:iOS Simulator, arch:arm64, id:0B428DCD-C902-4D57-B51F-AD05178BDCDA, OS:27.0, name:iPad mini (A17 Pro) }
{ platform:iOS Simulator, arch:arm64, id:C91415EE-9446-455E-9B89-4A9E57103556, OS:27.0, name:iPhone 17e }
{ platform:iOS Simulator, arch:arm64, id:C6B78054-E217-46FC-8A97-7CBE0A4D5E75, OS:27.0, name:iPhone 18 Pro Max }
{ platform:iOS Simulator, arch:arm64, id:D4706688-5922-49C2-BB33-C16562A6B3AE, OS:27.0, name:iPhone Air }
{ platform:macOS, arch:arm64, variant:Designed for [iPad,iPhone], id:00008142-001A78E6266B401C, name:My Mac }
{ platform:iOS, id:dvtdevice-DVTiPhonePlaceholder-iphoneos:placeholder, name:Any iOS Device }
{ platform:iOS, arch:arm64, id:00008112-0006154C3A78201E, name:Dean's iPad }
{ platform:iOS, arch:arm64, id:00008150-00117D201E98401C, name:Dean’s iPhone }
ComputePackagePrebuildTargetDependencyGraph

Prepare packages

CreateBuildRequest

SendProjectDescription

CreateBuildOperation

ComputeTargetDependencyGraph
note: Building targets in dependency order
note: Target dependency graph (7 targets)
    Target 'App' in project 'App'
        ➜ Explicit dependency on target 'CapApp-SPM-product' in project 'CapApp-SPM'
    Target 'CapApp-SPM-product' in project 'CapApp-SPM'
        ➜ Explicit dependency on target 'CapApp-SPM' in project 'CapApp-SPM'
        ➜ Explicit dependency on target 'Capacitor-product' in project 'capacitor-swift-pm'
        ➜ Explicit dependency on target 'Cordova-product' in project 'capacitor-swift-pm'
        ➜ Explicit dependency on target 'CapacitorApp-product' in project 'CapacitorApp'
    Target 'CapApp-SPM' in project 'CapApp-SPM'
        ➜ Explicit dependency on target 'Capacitor-product' in project 'capacitor-swift-pm'
        ➜ Explicit dependency on target 'Cordova-product' in project 'capacitor-swift-pm'
        ➜ Explicit dependency on target 'CapacitorApp-product' in project 'CapacitorApp'
    Target 'CapacitorApp-product' in project 'CapacitorApp'
        ➜ Explicit dependency on target 'AppPlugin' in project 'CapacitorApp'
        ➜ Explicit dependency on target 'Capacitor-product' in project 'capacitor-swift-pm'
        ➜ Explicit dependency on target 'Cordova-product' in project 'capacitor-swift-pm'
    Target 'AppPlugin' in project 'CapacitorApp'
        ➜ Explicit dependency on target 'Capacitor-product' in project 'capacitor-swift-pm'
        ➜ Explicit dependency on target 'Cordova-product' in project 'capacitor-swift-pm'
    Target 'Cordova-product' in project 'capacitor-swift-pm' (no dependencies)
    Target 'Capacitor-product' in project 'capacitor-swift-pm' (no dependencies)

GatherProvisioningInputs

CreateBuildDescription

ExecuteExternalTool /Applications/Xcode.app/Contents/Developer/Toolchains/XcodeDefault.xctoolchain/usr/bin/swiftc --version

ExecuteExternalTool /Applications/Xcode.app/Contents/Developer/usr/bin/actool --print-asset-tag-combinations --output-format xml1 /Users/dean/Documents/MORI/apps/mobile/ios/App/App/Assets.xcassets

ExecuteExternalTool /Applications/Xcode.app/Contents/Developer/usr/bin/ibtool --version --output-format xml1

ExecuteExternalTool /Applications/Xcode.app/Contents/Developer/Toolchains/XcodeDefault.xctoolchain/usr/bin/clang -v -E -dM -isysroot /Applications/Xcode.app/Contents/Developer/Platforms/iPhoneSimulator.platform/Developer/SDKs/iPhoneSimulator27.0.sdk -x c -c /dev/null

ExecuteExternalTool /Applications/Xcode.app/Contents/Developer/Toolchains/XcodeDefault.xctoolchain/usr/bin/ld -version_details

ExecuteExternalTool /Applications/Xcode.app/Contents/Developer/usr/bin/actool --version --output-format xml1

Build description signature: 3476750bc8ef5f25a821d72b890aa1ca
Build description path: /Users/dean/Documents/MORI/.state/ios-build/Build/Intermediates.noindex/XCBuildData/3476750bc8ef5f25a821d72b890aa1ca.xcbuilddata
ClangStatCache /Applications/Xcode.app/Contents/Developer/Toolchains/XcodeDefault.xctoolchain/usr/bin/clang-stat-cache /Applications/Xcode.app/Contents/Developer/Platforms/iPhoneSimulator.platform/Developer/SDKs/iPhoneSimulator27.0.sdk /Users/dean/Documents/MORI/.state/ios-build/SDKStatCaches.noindex/iphonesimulator27.0-24A430-8dc58220667be655e1bcc261a7455254.sdkstatcache
    cd /Users/dean/Documents/MORI/apps/mobile/ios/App/App.xcodeproj
    /Applications/Xcode.app/Contents/Developer/Toolchains/XcodeDefault.xctoolchain/usr/bin/clang-stat-cache /Applications/Xcode.app/Contents/Developer/Platforms/iPhoneSimulator.platform/Developer/SDKs/iPhoneSimulator27.0.sdk -o /Users/dean/Documents/MORI/.state/ios-build/SDKStatCaches.noindex/iphonesimulator27.0-24A430-8dc58220667be655e1bcc261a7455254.sdkstatcache

SwiftDriver App normal x86_64 com.apple.xcode.tools.swift.compiler (in target 'App' from project 'App')
    cd /Users/dean/Documents/MORI/apps/mobile/ios/App
    builtin-SwiftDriver -- /Applications/Xcode.app/Contents/Developer/Toolchains/XcodeDefault.xctoolchain/usr/bin/swiftc -module-name App -Onone @/Users/dean/Documents/MORI/.state/ios-build/Build/Intermediates.noindex/App.build/Debug-iphonesimulator/App.build/Objects-normal/x86_64/App.SwiftFileList -DDEBUG -D COCOAPODS -DDEBUG -enable-bare-slash-regex -enable-experimental-feature DebugDescriptionMacro -sdk /Applications/Xcode.app/Contents/Developer/Platforms/iPhoneSimulator.platform/Developer/SDKs/iPhoneSimulator27.0.sdk -target x86_64-apple-ios15.0-simulator -g -module-cache-path /Users/dean/Documents/MORI/.state/ios-build/ModuleCache.noindex -Xfrontend -serialize-debugging-options -enable-testing -index-store-path /Users/dean/Documents/MORI/.state/ios-build/Index.noindex/DataStore -Xcc -D_LIBCPP_HARDENING_MODE\=_LIBCPP_HARDENING_MODE_DEBUG -swift-version 5 -I /Users/dean/Documents/MORI/.state/ios-build/Build/Products/Debug-iphonesimulator -F /Users/dean/Documents/MORI/.state/ios-build/Build/Products/Debug-iphonesimulator/PackageFrameworks -F /Users/dean/Documents/MORI/.state/ios-build/Build/Products/Debug-iphonesimulator -c -j10 -enable-batch-mode -incremental -Xcc -ivfsstatcache -Xcc /Users/dean/Documents/MORI/.state/ios-build/SDKStatCaches.noindex/iphonesimulator27.0-24A430-8dc58220667be655e1bcc261a7455254.sdkstatcache -output-file-map /Users/dean/Documents/MORI/.state/ios-build/Build/Intermediates.noindex/App.build/Debug-iphonesimulator/App.build/Objects-normal/x86_64/App-OutputFileMap.json -save-temps -no-color-diagnostics -explicit-module-build -module-cache-path /Users/dean/Documents/MORI/.state/ios-build/Build/Intermediates.noindex/SwiftExplicitPrecompiledModules -clang-scanner-module-cache-path /Users/dean/Documents/MORI/.state/ios-build/ModuleCache.noindex -sdk-module-cache-path /Users/dean/Documents/MORI/.state/ios-build/SDKExplicitPrecompiledModules -emit-dependencies -emit-module -emit-module-path /Users/dean/Documents/MORI/.state/ios-build/Build/Intermediates.noindex/App.build/Debug-iphonesimulator/App.build/Objects-normal/x86_64/App.swiftmodule -serialize-diagnostics -dependency-scan-serialize-diagnostics-path /Users/dean/Documents/MORI/.state/ios-build/Build/Intermediates.noindex/App.build/Debug-iphonesimulator/App.build/Objects-normal/x86_64/App-dependency-scan.dia -validate-clang-modules-once -clang-build-session-file /Users/dean/Documents/MORI/.state/ios-build/ModuleCache.noindex/Session.modulevalidation -Xcc -fmodules-prune-interval\=86400 -Xcc -fmodules-prune-after\=345600 -emit-const-values -const-gather-protocols-list /Users/dean/Documents/MORI/.state/ios-build/Build/Intermediates.noindex/App.build/Debug-iphonesimulator/App.build/Objects-normal/x86_64/App_const_extract_protocols.json -Xcc -iquote -Xcc /Users/dean/Documents/MORI/.state/ios-build/Build/Intermediates.noindex/App.build/Debug-iphonesimulator/App.build/App-generated-files.hmap -Xcc -I/Users/dean/Documents/MORI/.state/ios-build/Build/Intermediates.noindex/App.build/Debug-iphonesimulator/App.build/App-own-target-headers.hmap -Xcc -I/Users/dean/Documents/MORI/.state/ios-build/Build/Intermediates.noindex/App.build/Debug-iphonesimulator/App.build/App-all-non-framework-target-headers.hmap -Xcc -ivfsoverlay -Xcc /Users/dean/Documents/MORI/.state/ios-build/Build/Intermediates.noindex/App.build/Debug-iphonesimulator/App-0ca3007d900a678c2b4d53418799ee3d-VFS-iphonesimulator/all-product-headers.yaml -Xcc -iquote -Xcc /Users/dean/Documents/MORI/.state/ios-build/Build/Intermediates.noindex/App.build/Debug-iphonesimulator/App.build/App-project-headers.hmap -Xcc -I/Users/dean/Documents/MORI/.state/ios-build/Build/Products/Debug-iphonesimulator/include -Xcc -I/Users/dean/Documents/MORI/.state/ios-build/Build/Intermediates.noindex/App.build/Debug-iphonesimulator/App.build/DerivedSources-normal/x86_64 -Xcc -I/Users/dean/Documents/MORI/.state/ios-build/Build/Intermediates.noindex/App.build/Debug-iphonesimulator/App.build/DerivedSources/x86_64 -Xcc -I/Users/dean/Documents/MORI/.state/ios-build/Build/Intermediates.noindex/App.build/Debug-iphonesimulator/App.build/DerivedSources -Xcc -DDEBUG\=1 -emit-objc-header -emit-objc-header-path /Users/dean/Documents/MORI/.state/ios-build/Build/Intermediates.noindex/App.build/Debug-iphonesimulator/App.build/Objects-normal/x86_64/App-Swift.h -working-directory /Users/dean/Documents/MORI/apps/mobile/ios/App -experimental-emit-module-separately -disable-cmo

SwiftDriver App normal arm64 com.apple.xcode.tools.swift.compiler (in target 'App' from project 'App')
    cd /Users/dean/Documents/MORI/apps/mobile/ios/App
    builtin-SwiftDriver -- /Applications/Xcode.app/Contents/Developer/Toolchains/XcodeDefault.xctoolchain/usr/bin/swiftc -module-name App -Onone @/Users/dean/Documents/MORI/.state/ios-build/Build/Intermediates.noindex/App.build/Debug-iphonesimulator/App.build/Objects-normal/arm64/App.SwiftFileList -DDEBUG -D COCOAPODS -DDEBUG -enable-bare-slash-regex -enable-experimental-feature DebugDescriptionMacro -sdk /Applications/Xcode.app/Contents/Developer/Platforms/iPhoneSimulator.platform/Developer/SDKs/iPhoneSimulator27.0.sdk -target arm64-apple-ios15.0-simulator -g -module-cache-path /Users/dean/Documents/MORI/.state/ios-build/ModuleCache.noindex -Xfrontend -serialize-debugging-options -enable-testing -index-store-path /Users/dean/Documents/MORI/.state/ios-build/Index.noindex/DataStore -Xcc -D_LIBCPP_HARDENING_MODE\=_LIBCPP_HARDENING_MODE_DEBUG -swift-version 5 -I /Users/dean/Documents/MORI/.state/ios-build/Build/Products/Debug-iphonesimulator -F /Users/dean/Documents/MORI/.state/ios-build/Build/Products/Debug-iphonesimulator/PackageFrameworks -F /Users/dean/Documents/MORI/.state/ios-build/Build/Products/Debug-iphonesimulator -c -j10 -enable-batch-mode -incremental -Xcc -ivfsstatcache -Xcc /Users/dean/Documents/MORI/.state/ios-build/SDKStatCaches.noindex/iphonesimulator27.0-24A430-8dc58220667be655e1bcc261a7455254.sdkstatcache -output-file-map /Users/dean/Documents/MORI/.state/ios-build/Build/Intermediates.noindex/App.build/Debug-iphonesimulator/App.build/Objects-normal/arm64/App-OutputFileMap.json -save-temps -no-color-diagnostics -explicit-module-build -module-cache-path /Users/dean/Documents/MORI/.state/ios-build/Build/Intermediates.noindex/SwiftExplicitPrecompiledModules -clang-scanner-module-cache-path /Users/dean/Documents/MORI/.state/ios-build/ModuleCache.noindex -sdk-module-cache-path /Users/dean/Documents/MORI/.state/ios-build/SDKExplicitPrecompiledModules -emit-dependencies -emit-module -emit-module-path /Users/dean/Documents/MORI/.state/ios-build/Build/Intermediates.noindex/App.build/Debug-iphonesimulator/App.build/Objects-normal/arm64/App.swiftmodule -serialize-diagnostics -dependency-scan-serialize-diagnostics-path /Users/dean/Documents/MORI/.state/ios-build/Build/Intermediates.noindex/App.build/Debug-iphonesimulator/App.build/Objects-normal/arm64/App-dependency-scan.dia -validate-clang-modules-once -clang-build-session-file /Users/dean/Documents/MORI/.state/ios-build/ModuleCache.noindex/Session.modulevalidation -Xcc -fmodules-prune-interval\=86400 -Xcc -fmodules-prune-after\=345600 -emit-const-values -const-gather-protocols-list /Users/dean/Documents/MORI/.state/ios-build/Build/Intermediates.noindex/App.build/Debug-iphonesimulator/App.build/Objects-normal/arm64/App_const_extract_protocols.json -Xcc -iquote -Xcc /Users/dean/Documents/MORI/.state/ios-build/Build/Intermediates.noindex/App.build/Debug-iphonesimulator/App.build/App-generated-files.hmap -Xcc -I/Users/dean/Documents/MORI/.state/ios-build/Build/Intermediates.noindex/App.build/Debug-iphonesimulator/App.build/App-own-target-headers.hmap -Xcc -I/Users/dean/Documents/MORI/.state/ios-build/Build/Intermediates.noindex/App.build/Debug-iphonesimulator/App.build/App-all-non-framework-target-headers.hmap -Xcc -ivfsoverlay -Xcc /Users/dean/Documents/MORI/.state/ios-build/Build/Intermediates.noindex/App.build/Debug-iphonesimulator/App-0ca3007d900a678c2b4d53418799ee3d-VFS-iphonesimulator/all-product-headers.yaml -Xcc -iquote -Xcc /Users/dean/Documents/MORI/.state/ios-build/Build/Intermediates.noindex/App.build/Debug-iphonesimulator/App.build/App-project-headers.hmap -Xcc -I/Users/dean/Documents/MORI/.state/ios-build/Build/Products/Debug-iphonesimulator/include -Xcc -I/Users/dean/Documents/MORI/.state/ios-build/Build/Intermediates.noindex/App.build/Debug-iphonesimulator/App.build/DerivedSources-normal/arm64 -Xcc -I/Users/dean/Documents/MORI/.state/ios-build/Build/Intermediates.noindex/App.build/Debug-iphonesimulator/App.build/DerivedSources/arm64 -Xcc -I/Users/dean/Documents/MORI/.state/ios-build/Build/Intermediates.noindex/App.build/Debug-iphonesimulator/App.build/DerivedSources -Xcc -DDEBUG\=1 -emit-objc-header -emit-objc-header-path /Users/dean/Documents/MORI/.state/ios-build/Build/Intermediates.noindex/App.build/Debug-iphonesimulator/App.build/Objects-normal/arm64/App-Swift.h -working-directory /Users/dean/Documents/MORI/apps/mobile/ios/App -experimental-emit-module-separately -disable-cmo

CpResource /Users/dean/Documents/MORI/.state/ios-build/Build/Products/Debug-iphonesimulator/App.app/capacitor.config.json /Users/dean/Documents/MORI/apps/mobile/ios/App/App/capacitor.config.json (in target 'App' from project 'App')
    cd /Users/dean/Documents/MORI/apps/mobile/ios/App
    builtin-copy -exclude .DS_Store -exclude CVS -exclude .svn -exclude .git -exclude .hg -resolve-src-symlinks /Users/dean/Documents/MORI/apps/mobile/ios/App/App/capacitor.config.json /Users/dean/Documents/MORI/.state/ios-build/Build/Products/Debug-iphonesimulator/App.app

CpResource /Users/dean/Documents/MORI/.state/ios-build/Build/Products/Debug-iphonesimulator/App.app/config.xml /Users/dean/Documents/MORI/apps/mobile/ios/App/App/config.xml (in target 'App' from project 'App')
    cd /Users/dean/Documents/MORI/apps/mobile/ios/App
    builtin-copy -exclude .DS_Store -exclude CVS -exclude .svn -exclude .git -exclude .hg -resolve-src-symlinks /Users/dean/Documents/MORI/apps/mobile/ios/App/App/config.xml /Users/dean/Documents/MORI/.state/ios-build/Build/Products/Debug-iphonesimulator/App.app

CpResource /Users/dean/Documents/MORI/.state/ios-build/Build/Products/Debug-iphonesimulator/App.app/public /Users/dean/Documents/MORI/apps/mobile/ios/App/App/public (in target 'App' from project 'App')
    cd /Users/dean/Documents/MORI/apps/mobile/ios/App
    builtin-copy -exclude .DS_Store -exclude CVS -exclude .svn -exclude .git -exclude .hg -resolve-src-symlinks /Users/dean/Documents/MORI/apps/mobile/ios/App/App/public /Users/dean/Documents/MORI/.state/ios-build/Build/Products/Debug-iphonesimulator/App.app

SwiftEmitModule normal arm64 Emitting\ module\ for\ App (in target 'App' from project 'App')

SwiftCompile normal arm64 (in target 'App' from project 'App')
    cd /Users/dean/Documents/MORI/apps/mobile/ios/App
    

SwiftEmitModule normal x86_64 Emitting\ module\ for\ App (in target 'App' from project 'App')

SwiftCompile normal x86_64 (in target 'App' from project 'App')
    cd /Users/dean/Documents/MORI/apps/mobile/ios/App
    

SwiftCompile normal arm64 Compiling\ AppDelegate.swift /Users/dean/Documents/MORI/apps/mobile/ios/App/App/AppDelegate.swift (in target 'App' from project 'App')

SwiftCompile normal arm64 /Users/dean/Documents/MORI/apps/mobile/ios/App/App/AppDelegate.swift (in target 'App' from project 'App')
    cd /Users/dean/Documents/MORI/apps/mobile/ios/App
    builtin-SwiftPerFileCompile AppDelegate.swift

SwiftCompile normal x86_64 Compiling\ AppDelegate.swift /Users/dean/Documents/MORI/apps/mobile/ios/App/App/AppDelegate.swift (in target 'App' from project 'App')

SwiftCompile normal x86_64 /Users/dean/Documents/MORI/apps/mobile/ios/App/App/AppDelegate.swift (in target 'App' from project 'App')
    cd /Users/dean/Documents/MORI/apps/mobile/ios/App
    builtin-SwiftPerFileCompile AppDelegate.swift

SwiftDriverJobDiscovery normal x86_64 Emitting module for App (in target 'App' from project 'App')

SwiftDriverJobDiscovery normal arm64 Emitting module for App (in target 'App' from project 'App')

SwiftDriver\ Compilation\ Requirements App normal arm64 com.apple.xcode.tools.swift.compiler (in target 'App' from project 'App')
    cd /Users/dean/Documents/MORI/apps/mobile/ios/App
    builtin-Swift-Compilation-Requirements -- /Applications/Xcode.app/Contents/Developer/Toolchains/XcodeDefault.xctoolchain/usr/bin/swiftc -module-name App -Onone @/Users/dean/Documents/MORI/.state/ios-build/Build/Intermediates.noindex/App.build/Debug-iphonesimulator/App.build/Objects-normal/arm64/App.SwiftFileList -DDEBUG -D COCOAPODS -DDEBUG -enable-bare-slash-regex -enable-experimental-feature DebugDescriptionMacro -sdk /Applications/Xcode.app/Contents/Developer/Platforms/iPhoneSimulator.platform/Developer/SDKs/iPhoneSimulator27.0.sdk -target arm64-apple-ios15.0-simulator -g -module-cache-path /Users/dean/Documents/MORI/.state/ios-build/ModuleCache.noindex -Xfrontend -serialize-debugging-options -enable-testing -index-store-path /Users/dean/Documents/MORI/.state/ios-build/Index.noindex/DataStore -Xcc -D_LIBCPP_HARDENING_MODE\=_LIBCPP_HARDENING_MODE_DEBUG -swift-version 5 -I /Users/dean/Documents/MORI/.state/ios-build/Build/Products/Debug-iphonesimulator -F /Users/dean/Documents/MORI/.state/ios-build/Build/Products/Debug-iphonesimulator/PackageFrameworks -F /Users/dean/Documents/MORI/.state/ios-build/Build/Products/Debug-iphonesimulator -c -j10 -enable-batch-mode -incremental -Xcc -ivfsstatcache -Xcc /Users/dean/Documents/MORI/.state/ios-build/SDKStatCaches.noindex/iphonesimulator27.0-24A430-8dc58220667be655e1bcc261a7455254.sdkstatcache -output-file-map /Users/dean/Documents/MORI/.state/ios-build/Build/Intermediates.noindex/App.build/Debug-iphonesimulator/App.build/Objects-normal/arm64/App-OutputFileMap.json -save-temps -no-color-diagnostics -explicit-module-build -module-cache-path /Users/dean/Documents/MORI/.state/ios-build/Build/Intermediates.noindex/SwiftExplicitPrecompiledModules -clang-scanner-module-cache-path /Users/dean/Documents/MORI/.state/ios-build/ModuleCache.noindex -sdk-module-cache-path /Users/dean/Documents/MORI/.state/ios-build/SDKExplicitPrecompiledModules -emit-dependencies -emit-module -emit-module-path /Users/dean/Documents/MORI/.state/ios-build/Build/Intermediates.noindex/App.build/Debug-iphonesimulator/App.build/Objects-normal/arm64/App.swiftmodule -serialize-diagnostics -dependency-scan-serialize-diagnostics-path /Users/dean/Documents/MORI/.state/ios-build/Build/Intermediates.noindex/App.build/Debug-iphonesimulator/App.build/Objects-normal/arm64/App-dependency-scan.dia -validate-clang-modules-once -clang-build-session-file /Users/dean/Documents/MORI/.state/ios-build/ModuleCache.noindex/Session.modulevalidation -Xcc -fmodules-prune-interval\=86400 -Xcc -fmodules-prune-after\=345600 -emit-const-values -const-gather-protocols-list /Users/dean/Documents/MORI/.state/ios-build/Build/Intermediates.noindex/App.build/Debug-iphonesimulator/App.build/Objects-normal/arm64/App_const_extract_protocols.json -Xcc -iquote -Xcc /Users/dean/Documents/MORI/.state/ios-build/Build/Intermediates.noindex/App.build/Debug-iphonesimulator/App.build/App-generated-files.hmap -Xcc -I/Users/dean/Documents/MORI/.state/ios-build/Build/Intermediates.noindex/App.build/Debug-iphonesimulator/App.build/App-own-target-headers.hmap -Xcc -I/Users/dean/Documents/MORI/.state/ios-build/Build/Intermediates.noindex/App.build/Debug-iphonesimulator/App.build/App-all-non-framework-target-headers.hmap -Xcc -ivfsoverlay -Xcc /Users/dean/Documents/MORI/.state/ios-build/Build/Intermediates.noindex/App.build/Debug-iphonesimulator/App-0ca3007d900a678c2b4d53418799ee3d-VFS-iphonesimulator/all-product-headers.yaml -Xcc -iquote -Xcc /Users/dean/Documents/MORI/.state/ios-build/Build/Intermediates.noindex/App.build/Debug-iphonesimulator/App.build/App-project-headers.hmap -Xcc -I/Users/dean/Documents/MORI/.state/ios-build/Build/Products/Debug-iphonesimulator/include -Xcc -I/Users/dean/Documents/MORI/.state/ios-build/Build/Intermediates.noindex/App.build/Debug-iphonesimulator/App.build/DerivedSources-normal/arm64 -Xcc -I/Users/dean/Documents/MORI/.state/ios-build/Build/Intermediates.noindex/App.build/Debug-iphonesimulator/App.build/DerivedSources/arm64 -Xcc -I/Users/dean/Documents/MORI/.state/ios-build/Build/Intermediates.noindex/App.build/Debug-iphonesimulator/App.build/DerivedSources -Xcc -DDEBUG\=1 -emit-objc-header -emit-objc-header-path /Users/dean/Documents/MORI/.state/ios-build/Build/Intermediates.noindex/App.build/Debug-iphonesimulator/App.build/Objects-normal/arm64/App-Swift.h -working-directory /Users/dean/Documents/MORI/apps/mobile/ios/App -experimental-emit-module-separately -disable-cmo

SwiftDriver\ Compilation\ Requirements App normal x86_64 com.apple.xcode.tools.swift.compiler (in target 'App' from project 'App')
    cd /Users/dean/Documents/MORI/apps/mobile/ios/App
    builtin-Swift-Compilation-Requirements -- /Applications/Xcode.app/Contents/Developer/Toolchains/XcodeDefault.xctoolchain/usr/bin/swiftc -module-name App -Onone @/Users/dean/Documents/MORI/.state/ios-build/Build/Intermediates.noindex/App.build/Debug-iphonesimulator/App.build/Objects-normal/x86_64/App.SwiftFileList -DDEBUG -D COCOAPODS -DDEBUG -enable-bare-slash-regex -enable-experimental-feature DebugDescriptionMacro -sdk /Applications/Xcode.app/Contents/Developer/Platforms/iPhoneSimulator.platform/Developer/SDKs/iPhoneSimulator27.0.sdk -target x86_64-apple-ios15.0-simulator -g -module-cache-path /Users/dean/Documents/MORI/.state/ios-build/ModuleCache.noindex -Xfrontend -serialize-debugging-options -enable-testing -index-store-path /Users/dean/Documents/MORI/.state/ios-build/Index.noindex/DataStore -Xcc -D_LIBCPP_HARDENING_MODE\=_LIBCPP_HARDENING_MODE_DEBUG -swift-version 5 -I /Users/dean/Documents/MORI/.state/ios-build/Build/Products/Debug-iphonesimulator -F /Users/dean/Documents/MORI/.state/ios-build/Build/Products/Debug-iphonesimulator/PackageFrameworks -F /Users/dean/Documents/MORI/.state/ios-build/Build/Products/Debug-iphonesimulator -c -j10 -enable-batch-mode -incremental -Xcc -ivfsstatcache -Xcc /Users/dean/Documents/MORI/.state/ios-build/SDKStatCaches.noindex/iphonesimulator27.0-24A430-8dc58220667be655e1bcc261a7455254.sdkstatcache -output-file-map /Users/dean/Documents/MORI/.state/ios-build/Build/Intermediates.noindex/App.build/Debug-iphonesimulator/App.build/Objects-normal/x86_64/App-OutputFileMap.json -save-temps -no-color-diagnostics -explicit-module-build -module-cache-path /Users/dean/Documents/MORI/.state/ios-build/Build/Intermediates.noindex/SwiftExplicitPrecompiledModules -clang-scanner-module-cache-path /Users/dean/Documents/MORI/.state/ios-build/ModuleCache.noindex -sdk-module-cache-path /Users/dean/Documents/MORI/.state/ios-build/SDKExplicitPrecompiledModules -emit-dependencies -emit-module -emit-module-path /Users/dean/Documents/MORI/.state/ios-build/Build/Intermediates.noindex/App.build/Debug-iphonesimulator/App.build/Objects-normal/x86_64/App.swiftmodule -serialize-diagnostics -dependency-scan-serialize-diagnostics-path /Users/dean/Documents/MORI/.state/ios-build/Build/Intermediates.noindex/App.build/Debug-iphonesimulator/App.build/Objects-normal/x86_64/App-dependency-scan.dia -validate-clang-modules-once -clang-build-session-file /Users/dean/Documents/MORI/.state/ios-build/ModuleCache.noindex/Session.modulevalidation -Xcc -fmodules-prune-interval\=86400 -Xcc -fmodules-prune-after\=345600 -emit-const-values -const-gather-protocols-list /Users/dean/Documents/MORI/.state/ios-build/Build/Intermediates.noindex/App.build/Debug-iphonesimulator/App.build/Objects-normal/x86_64/App_const_extract_protocols.json -Xcc -iquote -Xcc /Users/dean/Documents/MORI/.state/ios-build/Build/Intermediates.noindex/App.build/Debug-iphonesimulator/App.build/App-generated-files.hmap -Xcc -I/Users/dean/Documents/MORI/.state/ios-build/Build/Intermediates.noindex/App.build/Debug-iphonesimulator/App.build/App-own-target-headers.hmap -Xcc -I/Users/dean/Documents/MORI/.state/ios-build/Build/Intermediates.noindex/App.build/Debug-iphonesimulator/App.build/App-all-non-framework-target-headers.hmap -Xcc -ivfsoverlay -Xcc /Users/dean/Documents/MORI/.state/ios-build/Build/Intermediates.noindex/App.build/Debug-iphonesimulator/App-0ca3007d900a678c2b4d53418799ee3d-VFS-iphonesimulator/all-product-headers.yaml -Xcc -iquote -Xcc /Users/dean/Documents/MORI/.state/ios-build/Build/Intermediates.noindex/App.build/Debug-iphonesimulator/App.build/App-project-headers.hmap -Xcc -I/Users/dean/Documents/MORI/.state/ios-build/Build/Products/Debug-iphonesimulator/include -Xcc -I/Users/dean/Documents/MORI/.state/ios-build/Build/Intermediates.noindex/App.build/Debug-iphonesimulator/App.build/DerivedSources-normal/x86_64 -Xcc -I/Users/dean/Documents/MORI/.state/ios-build/Build/Intermediates.noindex/App.build/Debug-iphonesimulator/App.build/DerivedSources/x86_64 -Xcc -I/Users/dean/Documents/MORI/.state/ios-build/Build/Intermediates.noindex/App.build/Debug-iphonesimulator/App.build/DerivedSources -Xcc -DDEBUG\=1 -emit-objc-header -emit-objc-header-path /Users/dean/Documents/MORI/.state/ios-build/Build/Intermediates.noindex/App.build/Debug-iphonesimulator/App.build/Objects-normal/x86_64/App-Swift.h -working-directory /Users/dean/Documents/MORI/apps/mobile/ios/App -experimental-emit-module-separately -disable-cmo

Copy /Users/dean/Documents/MORI/.state/ios-build/Build/Products/Debug-iphonesimulator/App.swiftmodule/Project/arm64-apple-ios-simulator.swiftsourceinfo /Users/dean/Documents/MORI/.state/ios-build/Build/Intermediates.noindex/App.build/Debug-iphonesimulator/App.build/Objects-normal/arm64/App.swiftsourceinfo (in target 'App' from project 'App')
    cd /Users/dean/Documents/MORI/apps/mobile/ios/App
    builtin-copy -exclude .DS_Store -exclude CVS -exclude .svn -exclude .git -exclude .hg -resolve-src-symlinks -rename /Users/dean/Documents/MORI/.state/ios-build/Build/Intermediates.noindex/App.build/Debug-iphonesimulator/App.build/Objects-normal/arm64/App.swiftsourceinfo /Users/dean/Documents/MORI/.state/ios-build/Build/Products/Debug-iphonesimulator/App.swiftmodule/Project/arm64-apple-ios-simulator.swiftsourceinfo

Copy /Users/dean/Documents/MORI/.state/ios-build/Build/Products/Debug-iphonesimulator/App.swiftmodule/arm64-apple-ios-simulator.swiftmodule /Users/dean/Documents/MORI/.state/ios-build/Build/Intermediates.noindex/App.build/Debug-iphonesimulator/App.build/Objects-normal/arm64/App.swiftmodule (in target 'App' from project 'App')
    cd /Users/dean/Documents/MORI/apps/mobile/ios/App
    builtin-copy -exclude .DS_Store -exclude CVS -exclude .svn -exclude .git -exclude .hg -resolve-src-symlinks -rename /Users/dean/Documents/MORI/.state/ios-build/Build/Intermediates.noindex/App.build/Debug-iphonesimulator/App.build/Objects-normal/arm64/App.swiftmodule /Users/dean/Documents/MORI/.state/ios-build/Build/Products/Debug-iphonesimulator/App.swiftmodule/arm64-apple-ios-simulator.swiftmodule

Copy /Users/dean/Documents/MORI/.state/ios-build/Build/Products/Debug-iphonesimulator/App.swiftmodule/arm64-apple-ios-simulator.abi.json /Users/dean/Documents/MORI/.state/ios-build/Build/Intermediates.noindex/App.build/Debug-iphonesimulator/App.build/Objects-normal/arm64/App.abi.json (in target 'App' from project 'App')
    cd /Users/dean/Documents/MORI/apps/mobile/ios/App
    builtin-copy -exclude .DS_Store -exclude CVS -exclude .svn -exclude .git -exclude .hg -resolve-src-symlinks -rename /Users/dean/Documents/MORI/.state/ios-build/Build/Intermediates.noindex/App.build/Debug-iphonesimulator/App.build/Objects-normal/arm64/App.abi.json /Users/dean/Documents/MORI/.state/ios-build/Build/Products/Debug-iphonesimulator/App.swiftmodule/arm64-apple-ios-simulator.abi.json

Copy /Users/dean/Documents/MORI/.state/ios-build/Build/Products/Debug-iphonesimulator/App.swiftmodule/x86_64-apple-ios-simulator.abi.json /Users/dean/Documents/MORI/.state/ios-build/Build/Intermediates.noindex/App.build/Debug-iphonesimulator/App.build/Objects-normal/x86_64/App.abi.json (in target 'App' from project 'App')
    cd /Users/dean/Documents/MORI/apps/mobile/ios/App
    builtin-copy -exclude .DS_Store -exclude CVS -exclude .svn -exclude .git -exclude .hg -resolve-src-symlinks -rename /Users/dean/Documents/MORI/.state/ios-build/Build/Intermediates.noindex/App.build/Debug-iphonesimulator/App.build/Objects-normal/x86_64/App.abi.json /Users/dean/Documents/MORI/.state/ios-build/Build/Products/Debug-iphonesimulator/App.swiftmodule/x86_64-apple-ios-simulator.abi.json

Copy /Users/dean/Documents/MORI/.state/ios-build/Build/Products/Debug-iphonesimulator/App.swiftmodule/x86_64-apple-ios-simulator.swiftmodule /Users/dean/Documents/MORI/.state/ios-build/Build/Intermediates.noindex/App.build/Debug-iphonesimulator/App.build/Objects-normal/x86_64/App.swiftmodule (in target 'App' from project 'App')
    cd /Users/dean/Documents/MORI/apps/mobile/ios/App
    builtin-copy -exclude .DS_Store -exclude CVS -exclude .svn -exclude .git -exclude .hg -resolve-src-symlinks -rename /Users/dean/Documents/MORI/.state/ios-build/Build/Intermediates.noindex/App.build/Debug-iphonesimulator/App.build/Objects-normal/x86_64/App.swiftmodule /Users/dean/Documents/MORI/.state/ios-build/Build/Products/Debug-iphonesimulator/App.swiftmodule/x86_64-apple-ios-simulator.swiftmodule

Copy /Users/dean/Documents/MORI/.state/ios-build/Build/Products/Debug-iphonesimulator/App.swiftmodule/Project/x86_64-apple-ios-simulator.swiftsourceinfo /Users/dean/Documents/MORI/.state/ios-build/Build/Intermediates.noindex/App.build/Debug-iphonesimulator/App.build/Objects-normal/x86_64/App.swiftsourceinfo (in target 'App' from project 'App')
    cd /Users/dean/Documents/MORI/apps/mobile/ios/App
    builtin-copy -exclude .DS_Store -exclude CVS -exclude .svn -exclude .git -exclude .hg -resolve-src-symlinks -rename /Users/dean/Documents/MORI/.state/ios-build/Build/Intermediates.noindex/App.build/Debug-iphonesimulator/App.build/Objects-normal/x86_64/App.swiftsourceinfo /Users/dean/Documents/MORI/.state/ios-build/Build/Products/Debug-iphonesimulator/App.swiftmodule/Project/x86_64-apple-ios-simulator.swiftsourceinfo

SwiftDriverJobDiscovery normal arm64 Compiling AppDelegate.swift (in target 'App' from project 'App')

SwiftDriver\ Compilation App normal arm64 com.apple.xcode.tools.swift.compiler (in target 'App' from project 'App')
    cd /Users/dean/Documents/MORI/apps/mobile/ios/App
    builtin-Swift-Compilation -- /Applications/Xcode.app/Contents/Developer/Toolchains/XcodeDefault.xctoolchain/usr/bin/swiftc -module-name App -Onone @/Users/dean/Documents/MORI/.state/ios-build/Build/Intermediates.noindex/App.build/Debug-iphonesimulator/App.build/Objects-normal/arm64/App.SwiftFileList -DDEBUG -D COCOAPODS -DDEBUG -enable-bare-slash-regex -enable-experimental-feature DebugDescriptionMacro -sdk /Applications/Xcode.app/Contents/Developer/Platforms/iPhoneSimulator.platform/Developer/SDKs/iPhoneSimulator27.0.sdk -target arm64-apple-ios15.0-simulator -g -module-cache-path /Users/dean/Documents/MORI/.state/ios-build/ModuleCache.noindex -Xfrontend -serialize-debugging-options -enable-testing -index-store-path /Users/dean/Documents/MORI/.state/ios-build/Index.noindex/DataStore -Xcc -D_LIBCPP_HARDENING_MODE\=_LIBCPP_HARDENING_MODE_DEBUG -swift-version 5 -I /Users/dean/Documents/MORI/.state/ios-build/Build/Products/Debug-iphonesimulator -F /Users/dean/Documents/MORI/.state/ios-build/Build/Products/Debug-iphonesimulator/PackageFrameworks -F /Users/dean/Documents/MORI/.state/ios-build/Build/Products/Debug-iphonesimulator -c -j10 -enable-batch-mode -incremental -Xcc -ivfsstatcache -Xcc /Users/dean/Documents/MORI/.state/ios-build/SDKStatCaches.noindex/iphonesimulator27.0-24A430-8dc58220667be655e1bcc261a7455254.sdkstatcache -output-file-map /Users/dean/Documents/MORI/.state/ios-build/Build/Intermediates.noindex/App.build/Debug-iphonesimulator/App.build/Objects-normal/arm64/App-OutputFileMap.json -save-temps -no-color-diagnostics -explicit-module-build -module-cache-path /Users/dean/Documents/MORI/.state/ios-build/Build/Intermediates.noindex/SwiftExplicitPrecompiledModules -clang-scanner-module-cache-path /Users/dean/Documents/MORI/.state/ios-build/ModuleCache.noindex -sdk-module-cache-path /Users/dean/Documents/MORI/.state/ios-build/SDKExplicitPrecompiledModules -emit-dependencies -emit-module -emit-module-path /Users/dean/Documents/MORI/.state/ios-build/Build/Intermediates.noindex/App.build/Debug-iphonesimulator/App.build/Objects-normal/arm64/App.swiftmodule -serialize-diagnostics -dependency-scan-serialize-diagnostics-path /Users/dean/Documents/MORI/.state/ios-build/Build/Intermediates.noindex/App.build/Debug-iphonesimulator/App.build/Objects-normal/arm64/App-dependency-scan.dia -validate-clang-modules-once -clang-build-session-file /Users/dean/Documents/MORI/.state/ios-build/ModuleCache.noindex/Session.modulevalidation -Xcc -fmodules-prune-interval\=86400 -Xcc -fmodules-prune-after\=345600 -emit-const-values -const-gather-protocols-list /Users/dean/Documents/MORI/.state/ios-build/Build/Intermediates.noindex/App.build/Debug-iphonesimulator/App.build/Objects-normal/arm64/App_const_extract_protocols.json -Xcc -iquote -Xcc /Users/dean/Documents/MORI/.state/ios-build/Build/Intermediates.noindex/App.build/Debug-iphonesimulator/App.build/App-generated-files.hmap -Xcc -I/Users/dean/Documents/MORI/.state/ios-build/Build/Intermediates.noindex/App.build/Debug-iphonesimulator/App.build/App-own-target-headers.hmap -Xcc -I/Users/dean/Documents/MORI/.state/ios-build/Build/Intermediates.noindex/App.build/Debug-iphonesimulator/App.build/App-all-non-framework-target-headers.hmap -Xcc -ivfsoverlay -Xcc /Users/dean/Documents/MORI/.state/ios-build/Build/Intermediates.noindex/App.build/Debug-iphonesimulator/App-0ca3007d900a678c2b4d53418799ee3d-VFS-iphonesimulator/all-product-headers.yaml -Xcc -iquote -Xcc /Users/dean/Documents/MORI/.state/ios-build/Build/Intermediates.noindex/App.build/Debug-iphonesimulator/App.build/App-project-headers.hmap -Xcc -I/Users/dean/Documents/MORI/.state/ios-build/Build/Products/Debug-iphonesimulator/include -Xcc -I/Users/dean/Documents/MORI/.state/ios-build/Build/Intermediates.noindex/App.build/Debug-iphonesimulator/App.build/DerivedSources-normal/arm64 -Xcc -I/Users/dean/Documents/MORI/.state/ios-build/Build/Intermediates.noindex/App.build/Debug-iphonesimulator/App.build/DerivedSources/arm64 -Xcc -I/Users/dean/Documents/MORI/.state/ios-build/Build/Intermediates.noindex/App.build/Debug-iphonesimulator/App.build/DerivedSources -Xcc -DDEBUG\=1 -emit-objc-header -emit-objc-header-path /Users/dean/Documents/MORI/.state/ios-build/Build/Intermediates.noindex/App.build/Debug-iphonesimulator/App.build/Objects-normal/arm64/App-Swift.h -working-directory /Users/dean/Documents/MORI/apps/mobile/ios/App -experimental-emit-module-separately -disable-cmo

SwiftMergeGeneratedHeaders /Users/dean/Documents/MORI/.state/ios-build/Build/Intermediates.noindex/App.build/Debug-iphonesimulator/App.build/DerivedSources/App-Swift.h /Users/dean/Documents/MORI/.state/ios-build/Build/Intermediates.noindex/App.build/Debug-iphonesimulator/App.build/Objects-normal/arm64/App-Swift.h /Users/dean/Documents/MORI/.state/ios-build/Build/Intermediates.noindex/App.build/Debug-iphonesimulator/App.build/Objects-normal/x86_64/App-Swift.h (in target 'App' from project 'App')
    cd /Users/dean/Documents/MORI/apps/mobile/ios/App
    builtin-swiftHeaderTool -arch arm64 /Users/dean/Documents/MORI/.state/ios-build/Build/Intermediates.noindex/App.build/Debug-iphonesimulator/App.build/Objects-normal/arm64/App-Swift.h -arch x86_64 /Users/dean/Documents/MORI/.state/ios-build/Build/Intermediates.noindex/App.build/Debug-iphonesimulator/App.build/Objects-normal/x86_64/App-Swift.h -o /Users/dean/Documents/MORI/.state/ios-build/Build/Intermediates.noindex/App.build/Debug-iphonesimulator/App.build/DerivedSources/App-Swift.h

Ld /Users/dean/Documents/MORI/.state/ios-build/Build/Intermediates.noindex/App.build/Debug-iphonesimulator/App.build/Objects-normal/arm64/Binary/App.debug.dylib normal arm64 (in target 'App' from project 'App')
    cd /Users/dean/Documents/MORI/apps/mobile/ios/App
    /Applications/Xcode.app/Contents/Developer/Toolchains/XcodeDefault.xctoolchain/usr/bin/clang -Xlinker -reproducible -target arm64-apple-ios15.0-simulator -dynamiclib -isysroot /Applications/Xcode.app/Contents/Developer/Platforms/iPhoneSimulator.platform/Developer/SDKs/iPhoneSimulator27.0.sdk -O0 -Xlinker -no_warn_duplicate_libraries -L/Users/dean/Documents/MORI/.state/ios-build/Build/Intermediates.noindex/EagerLinkingTBDs/Debug-iphonesimulator -L/Users/dean/Documents/MORI/.state/ios-build/Build/Products/Debug-iphonesimulator -F/Users/dean/Documents/MORI/.state/ios-build/Build/Intermediates.noindex/EagerLinkingTBDs/Debug-iphonesimulator -F/Users/dean/Documents/MORI/.state/ios-build/Build/Products/Debug-iphonesimulator/PackageFrameworks -F/Users/dean/Documents/MORI/.state/ios-build/Build/Products/Debug-iphonesimulator -filelist /Users/dean/Documents/MORI/.state/ios-build/Build/Intermediates.noindex/App.build/Debug-iphonesimulator/App.build/Objects-normal/arm64/App.LinkFileList -install_name @rpath/App.debug.dylib -Xlinker -rpath -Xlinker /usr/lib/swift -Xlinker -rpath -Xlinker @loader_path -Xlinker -rpath -Xlinker /Users/dean/Documents/MORI/.state/ios-build/Build/Products/Debug-iphonesimulator/PackageFrameworks -Xlinker -rpath -Xlinker @executable_path/Frameworks -Xlinker -dead_strip -Xlinker -object_path_lto -Xlinker /Users/dean/Documents/MORI/.state/ios-build/Build/Intermediates.noindex/App.build/Debug-iphonesimulator/App.build/Objects-normal/arm64/App_lto.o -rdynamic -Xlinker -no_deduplicate -Xlinker -objc_abi_version -Xlinker 2 -Xlinker -dependency_info -Xlinker /Users/dean/Documents/MORI/.state/ios-build/Build/Intermediates.noindex/App.build/Debug-iphonesimulator/App.build/Objects-normal/arm64/App_dependency_info.dat -fobjc-link-runtime -L/Applications/Xcode.app/Contents/Developer/Toolchains/XcodeDefault.xctoolchain/usr/lib/swift/iphonesimulator -L/usr/lib/swift -Xlinker -add_ast_path -Xlinker /Users/dean/Documents/MORI/.state/ios-build/Build/Intermediates.noindex/App.build/Debug-iphonesimulator/App.build/Objects-normal/arm64/App.swiftmodule -Xlinker -alias -Xlinker _main -Xlinker ___debug_main_executable_dylib_entry_point -framework Capacitor -framework Capacitor -framework Cordova -framework Cordova -framework Capacitor -framework Cordova -o /Users/dean/Documents/MORI/.state/ios-build/Build/Intermediates.noindex/App.build/Debug-iphonesimulator/App.build/Objects-normal/arm64/Binary/App.debug.dylib

SwiftDriverJobDiscovery normal x86_64 Compiling AppDelegate.swift (in target 'App' from project 'App')

SwiftDriver\ Compilation App normal x86_64 com.apple.xcode.tools.swift.compiler (in target 'App' from project 'App')
    cd /Users/dean/Documents/MORI/apps/mobile/ios/App
    builtin-Swift-Compilation -- /Applications/Xcode.app/Contents/Developer/Toolchains/XcodeDefault.xctoolchain/usr/bin/swiftc -module-name App -Onone @/Users/dean/Documents/MORI/.state/ios-build/Build/Intermediates.noindex/App.build/Debug-iphonesimulator/App.build/Objects-normal/x86_64/App.SwiftFileList -DDEBUG -D COCOAPODS -DDEBUG -enable-bare-slash-regex -enable-experimental-feature DebugDescriptionMacro -sdk /Applications/Xcode.app/Contents/Developer/Platforms/iPhoneSimulator.platform/Developer/SDKs/iPhoneSimulator27.0.sdk -target x86_64-apple-ios15.0-simulator -g -module-cache-path /Users/dean/Documents/MORI/.state/ios-build/ModuleCache.noindex -Xfrontend -serialize-debugging-options -enable-testing -index-store-path /Users/dean/Documents/MORI/.state/ios-build/Index.noindex/DataStore -Xcc -D_LIBCPP_HARDENING_MODE\=_LIBCPP_HARDENING_MODE_DEBUG -swift-version 5 -I /Users/dean/Documents/MORI/.state/ios-build/Build/Products/Debug-iphonesimulator -F /Users/dean/Documents/MORI/.state/ios-build/Build/Products/Debug-iphonesimulator/PackageFrameworks -F /Users/dean/Documents/MORI/.state/ios-build/Build/Products/Debug-iphonesimulator -c -j10 -enable-batch-mode -incremental -Xcc -ivfsstatcache -Xcc /Users/dean/Documents/MORI/.state/ios-build/SDKStatCaches.noindex/iphonesimulator27.0-24A430-8dc58220667be655e1bcc261a7455254.sdkstatcache -output-file-map /Users/dean/Documents/MORI/.state/ios-build/Build/Intermediates.noindex/App.build/Debug-iphonesimulator/App.build/Objects-normal/x86_64/App-OutputFileMap.json -save-temps -no-color-diagnostics -explicit-module-build -module-cache-path /Users/dean/Documents/MORI/.state/ios-build/Build/Intermediates.noindex/SwiftExplicitPrecompiledModules -clang-scanner-module-cache-path /Users/dean/Documents/MORI/.state/ios-build/ModuleCache.noindex -sdk-module-cache-path /Users/dean/Documents/MORI/.state/ios-build/SDKExplicitPrecompiledModules -emit-dependencies -emit-module -emit-module-path /Users/dean/Documents/MORI/.state/ios-build/Build/Intermediates.noindex/App.build/Debug-iphonesimulator/App.build/Objects-normal/x86_64/App.swiftmodule -serialize-diagnostics -dependency-scan-serialize-diagnostics-path /Users/dean/Documents/MORI/.state/ios-build/Build/Intermediates.noindex/App.build/Debug-iphonesimulator/App.build/Objects-normal/x86_64/App-dependency-scan.dia -validate-clang-modules-once -clang-build-session-file /Users/dean/Documents/MORI/.state/ios-build/ModuleCache.noindex/Session.modulevalidation -Xcc -fmodules-prune-interval\=86400 -Xcc -fmodules-prune-after\=345600 -emit-const-values -const-gather-protocols-list /Users/dean/Documents/MORI/.state/ios-build/Build/Intermediates.noindex/App.build/Debug-iphonesimulator/App.build/Objects-normal/x86_64/App_const_extract_protocols.json -Xcc -iquote -Xcc /Users/dean/Documents/MORI/.state/ios-build/Build/Intermediates.noindex/App.build/Debug-iphonesimulator/App.build/App-generated-files.hmap -Xcc -I/Users/dean/Documents/MORI/.state/ios-build/Build/Intermediates.noindex/App.build/Debug-iphonesimulator/App.build/App-own-target-headers.hmap -Xcc -I/Users/dean/Documents/MORI/.state/ios-build/Build/Intermediates.noindex/App.build/Debug-iphonesimulator/App.build/App-all-non-framework-target-headers.hmap -Xcc -ivfsoverlay -Xcc /Users/dean/Documents/MORI/.state/ios-build/Build/Intermediates.noindex/App.build/Debug-iphonesimulator/App-0ca3007d900a678c2b4d53418799ee3d-VFS-iphonesimulator/all-product-headers.yaml -Xcc -iquote -Xcc /Users/dean/Documents/MORI/.state/ios-build/Build/Intermediates.noindex/App.build/Debug-iphonesimulator/App.build/App-project-headers.hmap -Xcc -I/Users/dean/Documents/MORI/.state/ios-build/Build/Products/Debug-iphonesimulator/include -Xcc -I/Users/dean/Documents/MORI/.state/ios-build/Build/Intermediates.noindex/App.build/Debug-iphonesimulator/App.build/DerivedSources-normal/x86_64 -Xcc -I/Users/dean/Documents/MORI/.state/ios-build/Build/Intermediates.noindex/App.build/Debug-iphonesimulator/App.build/DerivedSources/x86_64 -Xcc -I/Users/dean/Documents/MORI/.state/ios-build/Build/Intermediates.noindex/App.build/Debug-iphonesimulator/App.build/DerivedSources -Xcc -DDEBUG\=1 -emit-objc-header -emit-objc-header-path /Users/dean/Documents/MORI/.state/ios-build/Build/Intermediates.noindex/App.build/Debug-iphonesimulator/App.build/Objects-normal/x86_64/App-Swift.h -working-directory /Users/dean/Documents/MORI/apps/mobile/ios/App -experimental-emit-module-separately -disable-cmo

Ld /Users/dean/Documents/MORI/.state/ios-build/Build/Intermediates.noindex/App.build/Debug-iphonesimulator/App.build/Objects-normal/x86_64/Binary/App.debug.dylib normal x86_64 (in target 'App' from project 'App')
    cd /Users/dean/Documents/MORI/apps/mobile/ios/App
    /Applications/Xcode.app/Contents/Developer/Toolchains/XcodeDefault.xctoolchain/usr/bin/clang -Xlinker -reproducible -target x86_64-apple-ios15.0-simulator -dynamiclib -isysroot /Applications/Xcode.app/Contents/Developer/Platforms/iPhoneSimulator.platform/Developer/SDKs/iPhoneSimulator27.0.sdk -O0 -Xlinker -no_warn_duplicate_libraries -L/Users/dean/Documents/MORI/.state/ios-build/Build/Intermediates.noindex/EagerLinkingTBDs/Debug-iphonesimulator -L/Users/dean/Documents/MORI/.state/ios-build/Build/Products/Debug-iphonesimulator -F/Users/dean/Documents/MORI/.state/ios-build/Build/Intermediates.noindex/EagerLinkingTBDs/Debug-iphonesimulator -F/Users/dean/Documents/MORI/.state/ios-build/Build/Products/Debug-iphonesimulator/PackageFrameworks -F/Users/dean/Documents/MORI/.state/ios-build/Build/Products/Debug-iphonesimulator -filelist /Users/dean/Documents/MORI/.state/ios-build/Build/Intermediates.noindex/App.build/Debug-iphonesimulator/App.build/Objects-normal/x86_64/App.LinkFileList -install_name @rpath/App.debug.dylib -Xlinker -rpath -Xlinker /usr/lib/swift -Xlinker -rpath -Xlinker @loader_path -Xlinker -rpath -Xlinker /Users/dean/Documents/MORI/.state/ios-build/Build/Products/Debug-iphonesimulator/PackageFrameworks -Xlinker -rpath -Xlinker @executable_path/Frameworks -Xlinker -dead_strip -Xlinker -object_path_lto -Xlinker /Users/dean/Documents/MORI/.state/ios-build/Build/Intermediates.noindex/App.build/Debug-iphonesimulator/App.build/Objects-normal/x86_64/App_lto.o -rdynamic -Xlinker -no_deduplicate -Xlinker -objc_abi_version -Xlinker 2 -Xlinker -dependency_info -Xlinker /Users/dean/Documents/MORI/.state/ios-build/Build/Intermediates.noindex/App.build/Debug-iphonesimulator/App.build/Objects-normal/x86_64/App_dependency_info.dat -fobjc-link-runtime -L/Applications/Xcode.app/Contents/Developer/Toolchains/XcodeDefault.xctoolchain/usr/lib/swift/iphonesimulator -L/usr/lib/swift -Xlinker -add_ast_path -Xlinker /Users/dean/Documents/MORI/.state/ios-build/Build/Intermediates.noindex/App.build/Debug-iphonesimulator/App.build/Objects-normal/x86_64/App.swiftmodule -Xlinker -alias -Xlinker _main -Xlinker ___debug_main_executable_dylib_entry_point -framework Capacitor -framework Capacitor -framework Cordova -framework Cordova -framework Capacitor -framework Cordova -o /Users/dean/Documents/MORI/.state/ios-build/Build/Intermediates.noindex/App.build/Debug-iphonesimulator/App.build/Objects-normal/x86_64/Binary/App.debug.dylib

ConstructStubExecutorLinkFileList /Users/dean/Documents/MORI/.state/ios-build/Build/Intermediates.noindex/App.build/Debug-iphonesimulator/App.build/App-ExecutorLinkFileList-normal-arm64.txt (in target 'App' from project 'App')
    cd /Users/dean/Documents/MORI/apps/mobile/ios/App
    construct-stub-executor-link-file-list /Users/dean/Documents/MORI/.state/ios-build/Build/Intermediates.noindex/App.build/Debug-iphonesimulator/App.build/Objects-normal/arm64/Binary/App.debug.dylib /Applications/Xcode.app/Contents/Developer/Platforms/iPhoneSimulator.platform/Developer/usr/lib/libPreviewsJITStubExecutor_no_swift_entry_point.a /Applications/Xcode.app/Contents/Developer/Platforms/iPhoneSimulator.platform/Developer/usr/lib/libPreviewsJITStubExecutor.a --output /Users/dean/Documents/MORI/.state/ios-build/Build/Intermediates.noindex/App.build/Debug-iphonesimulator/App.build/App-ExecutorLinkFileList-normal-arm64.txt
note: Using stub executor library with Swift entry point. (in target 'App' from project 'App')

ConstructStubExecutorLinkFileList /Users/dean/Documents/MORI/.state/ios-build/Build/Intermediates.noindex/App.build/Debug-iphonesimulator/App.build/App-ExecutorLinkFileList-normal-x86_64.txt (in target 'App' from project 'App')
    cd /Users/dean/Documents/MORI/apps/mobile/ios/App
    construct-stub-executor-link-file-list /Users/dean/Documents/MORI/.state/ios-build/Build/Intermediates.noindex/App.build/Debug-iphonesimulator/App.build/Objects-normal/x86_64/Binary/App.debug.dylib /Applications/Xcode.app/Contents/Developer/Platforms/iPhoneSimulator.platform/Developer/usr/lib/libPreviewsJITStubExecutor_no_swift_entry_point.a /Applications/Xcode.app/Contents/Developer/Platforms/iPhoneSimulator.platform/Developer/usr/lib/libPreviewsJITStubExecutor.a --output /Users/dean/Documents/MORI/.state/ios-build/Build/Intermediates.noindex/App.build/Debug-iphonesimulator/App.build/App-ExecutorLinkFileList-normal-x86_64.txt
note: Using stub executor library with Swift entry point. (in target 'App' from project 'App')

CreateUniversalBinary /Users/dean/Documents/MORI/.state/ios-build/Build/Products/Debug-iphonesimulator/App.app/App.debug.dylib normal arm64\ x86_64 (in target 'App' from project 'App')
    cd /Users/dean/Documents/MORI/apps/mobile/ios/App
    /Applications/Xcode.app/Contents/Developer/Toolchains/XcodeDefault.xctoolchain/usr/bin/lipo -create /Users/dean/Documents/MORI/.state/ios-build/Build/Intermediates.noindex/App.build/Debug-iphonesimulator/App.build/Objects-normal/arm64/Binary/App.debug.dylib /Users/dean/Documents/MORI/.state/ios-build/Build/Intermediates.noindex/App.build/Debug-iphonesimulator/App.build/Objects-normal/x86_64/Binary/App.debug.dylib -output /Users/dean/Documents/MORI/.state/ios-build/Build/Products/Debug-iphonesimulator/App.app/App.debug.dylib

Ld /Users/dean/Documents/MORI/.state/ios-build/Build/Intermediates.noindex/App.build/Debug-iphonesimulator/App.build/Objects-normal/x86_64/Binary/App normal x86_64 (in target 'App' from project 'App')
    cd /Users/dean/Documents/MORI/apps/mobile/ios/App
    /Applications/Xcode.app/Contents/Developer/Toolchains/XcodeDefault.xctoolchain/usr/bin/clang -Xlinker -reproducible -target x86_64-apple-ios15.0-simulator -isysroot /Applications/Xcode.app/Contents/Developer/Platforms/iPhoneSimulator.platform/Developer/SDKs/iPhoneSimulator27.0.sdk -O0 -Xlinker -no_warn_duplicate_libraries -L/Users/dean/Documents/MORI/.state/ios-build/Build/Products/Debug-iphonesimulator -F/Users/dean/Documents/MORI/.state/ios-build/Build/Products/Debug-iphonesimulator/PackageFrameworks -F/Users/dean/Documents/MORI/.state/ios-build/Build/Products/Debug-iphonesimulator -Xlinker -rpath -Xlinker @executable_path -Xlinker -rpath -Xlinker @loader_path -Xlinker -rpath -Xlinker /Users/dean/Documents/MORI/.state/ios-build/Build/Products/Debug-iphonesimulator/PackageFrameworks -Xlinker -rpath -Xlinker @executable_path/Frameworks -rdynamic -Xlinker -no_deduplicate -Xlinker -objc_abi_version -Xlinker 2 -e ___debug_blank_executor_main -Xlinker -sectcreate -Xlinker __TEXT -Xlinker __debug_dylib -Xlinker /Users/dean/Documents/MORI/.state/ios-build/Build/Intermediates.noindex/App.build/Debug-iphonesimulator/App.build/App-DebugDylibPath-normal-x86_64.txt -Xlinker -sectcreate -Xlinker __TEXT -Xlinker __debug_instlnm -Xlinker /Users/dean/Documents/MORI/.state/ios-build/Build/Intermediates.noindex/App.build/Debug-iphonesimulator/App.build/App-DebugDylibInstallName-normal-x86_64.txt -Xlinker -filelist -Xlinker /Users/dean/Documents/MORI/.state/ios-build/Build/Intermediates.noindex/App.build/Debug-iphonesimulator/App.build/App-ExecutorLinkFileList-normal-x86_64.txt /Users/dean/Documents/MORI/.state/ios-build/Build/Intermediates.noindex/App.build/Debug-iphonesimulator/App.build/Objects-normal/x86_64/Binary/App.debug.dylib -o /Users/dean/Documents/MORI/.state/ios-build/Build/Intermediates.noindex/App.build/Debug-iphonesimulator/App.build/Objects-normal/x86_64/Binary/App

Ld /Users/dean/Documents/MORI/.state/ios-build/Build/Intermediates.noindex/App.build/Debug-iphonesimulator/App.build/Objects-normal/arm64/Binary/App normal arm64 (in target 'App' from project 'App')
    cd /Users/dean/Documents/MORI/apps/mobile/ios/App
    /Applications/Xcode.app/Contents/Developer/Toolchains/XcodeDefault.xctoolchain/usr/bin/clang -Xlinker -reproducible -target arm64-apple-ios15.0-simulator -isysroot /Applications/Xcode.app/Contents/Developer/Platforms/iPhoneSimulator.platform/Developer/SDKs/iPhoneSimulator27.0.sdk -O0 -Xlinker -no_warn_duplicate_libraries -L/Users/dean/Documents/MORI/.state/ios-build/Build/Products/Debug-iphonesimulator -F/Users/dean/Documents/MORI/.state/ios-build/Build/Products/Debug-iphonesimulator/PackageFrameworks -F/Users/dean/Documents/MORI/.state/ios-build/Build/Products/Debug-iphonesimulator -Xlinker -rpath -Xlinker @executable_path -Xlinker -rpath -Xlinker @loader_path -Xlinker -rpath -Xlinker /Users/dean/Documents/MORI/.state/ios-build/Build/Products/Debug-iphonesimulator/PackageFrameworks -Xlinker -rpath -Xlinker @executable_path/Frameworks -rdynamic -Xlinker -no_deduplicate -Xlinker -objc_abi_version -Xlinker 2 -e ___debug_blank_executor_main -Xlinker -sectcreate -Xlinker __TEXT -Xlinker __debug_dylib -Xlinker /Users/dean/Documents/MORI/.state/ios-build/Build/Intermediates.noindex/App.build/Debug-iphonesimulator/App.build/App-DebugDylibPath-normal-arm64.txt -Xlinker -sectcreate -Xlinker __TEXT -Xlinker __debug_instlnm -Xlinker /Users/dean/Documents/MORI/.state/ios-build/Build/Intermediates.noindex/App.build/Debug-iphonesimulator/App.build/App-DebugDylibInstallName-normal-arm64.txt -Xlinker -filelist -Xlinker /Users/dean/Documents/MORI/.state/ios-build/Build/Intermediates.noindex/App.build/Debug-iphonesimulator/App.build/App-ExecutorLinkFileList-normal-arm64.txt /Users/dean/Documents/MORI/.state/ios-build/Build/Intermediates.noindex/App.build/Debug-iphonesimulator/App.build/Objects-normal/arm64/Binary/App.debug.dylib -o /Users/dean/Documents/MORI/.state/ios-build/Build/Intermediates.noindex/App.build/Debug-iphonesimulator/App.build/Objects-normal/arm64/Binary/App

CreateUniversalBinary /Users/dean/Documents/MORI/.state/ios-build/Build/Products/Debug-iphonesimulator/App.app/App normal arm64\ x86_64 (in target 'App' from project 'App')
    cd /Users/dean/Documents/MORI/apps/mobile/ios/App
    /Applications/Xcode.app/Contents/Developer/Toolchains/XcodeDefault.xctoolchain/usr/bin/lipo -create /Users/dean/Documents/MORI/.state/ios-build/Build/Intermediates.noindex/App.build/Debug-iphonesimulator/App.build/Objects-normal/arm64/Binary/App /Users/dean/Documents/MORI/.state/ios-build/Build/Intermediates.noindex/App.build/Debug-iphonesimulator/App.build/Objects-normal/x86_64/Binary/App -output /Users/dean/Documents/MORI/.state/ios-build/Build/Products/Debug-iphonesimulator/App.app/App

ExtractAppIntentsMetadata (in target 'App' from project 'App')
    cd /Users/dean/Documents/MORI/apps/mobile/ios/App
    /Applications/Xcode.app/Contents/Developer/Toolchains/XcodeDefault.xctoolchain/usr/bin/appintentsmetadataprocessor --toolchain-dir /Applications/Xcode.app/Contents/Developer/Toolchains/XcodeDefault.xctoolchain --module-name App --sdk-root /Applications/Xcode.app/Contents/Developer/Platforms/iPhoneSimulator.platform/Developer/SDKs/iPhoneSimulator27.0.sdk --xcode-version 27A266a --platform-family iOS --deployment-target 15.0 --bundle-identifier dev.mori.console --output /Users/dean/Documents/MORI/.state/ios-build/Build/Products/Debug-iphonesimulator/App.app --target-triple arm64-apple-ios15.0-simulator --target-triple x86_64-apple-ios15.0-simulator --binary-file /Users/dean/Documents/MORI/.state/ios-build/Build/Products/Debug-iphonesimulator/App.app/App --dependency-file /Users/dean/Documents/MORI/.state/ios-build/Build/Intermediates.noindex/App.build/Debug-iphonesimulator/App.build/Objects-normal/arm64/App_dependency_info.dat --dependency-file /Users/dean/Documents/MORI/.state/ios-build/Build/Intermediates.noindex/App.build/Debug-iphonesimulator/App.build/Objects-normal/x86_64/App_dependency_info.dat --stringsdata-file /Users/dean/Documents/MORI/.state/ios-build/Build/Intermediates.noindex/App.build/Debug-iphonesimulator/App.build/Objects-normal/arm64/ExtractedAppShortcutsMetadata.stringsdata --stringsdata-file /Users/dean/Documents/MORI/.state/ios-build/Build/Intermediates.noindex/App.build/Debug-iphonesimulator/App.build/Objects-normal/x86_64/ExtractedAppShortcutsMetadata.stringsdata --source-file-list /Users/dean/Documents/MORI/.state/ios-build/Build/Intermediates.noindex/App.build/Debug-iphonesimulator/App.build/Objects-normal/arm64/App.SwiftFileList --source-file-list /Users/dean/Documents/MORI/.state/ios-build/Build/Intermediates.noindex/App.build/Debug-iphonesimulator/App.build/Objects-normal/x86_64/App.SwiftFileList --metadata-file-list /Users/dean/Documents/MORI/.state/ios-build/Build/Intermediates.noindex/App.build/Debug-iphonesimulator/App.build/App.DependencyMetadataFileList --static-metadata-file-list /Users/dean/Documents/MORI/.state/ios-build/Build/Intermediates.noindex/App.build/Debug-iphonesimulator/App.build/App.DependencyStaticMetadataFileList --swift-const-vals-list /Users/dean/Documents/MORI/.state/ios-build/Build/Intermediates.noindex/App.build/Debug-iphonesimulator/App.build/Objects-normal/arm64/App.SwiftConstValuesFileList --swift-const-vals-list /Users/dean/Documents/MORI/.state/ios-build/Build/Intermediates.noindex/App.build/Debug-iphonesimulator/App.build/Objects-normal/x86_64/App.SwiftConstValuesFileList --compile-time-extraction --deployment-aware-processing --no-app-shortcuts-localization
2026-09-21 22:24:33.536 appintentsmetadataprocessor[42059:11709461] Starting appintentsmetadataprocessor export
2026-09-21 22:24:33.539 appintentsmetadataprocessor[42059:11709461] warning: Metadata extraction skipped, no AppIntents.framework dependency found

ProcessInfoPlistFile /Users/dean/Documents/MORI/.state/ios-build/Build/Products/Debug-iphonesimulator/App.app/Info.plist /Users/dean/Documents/MORI/apps/mobile/ios/App/App/Info.plist (in target 'App' from project 'App')
    cd /Users/dean/Documents/MORI/apps/mobile/ios/App
    builtin-infoPlistUtility /Users/dean/Documents/MORI/apps/mobile/ios/App/App/Info.plist -producttype com.apple.product-type.application -genpkginfo /Users/dean/Documents/MORI/.state/ios-build/Build/Products/Debug-iphonesimulator/App.app/PkgInfo -expandbuildsettings -format binary -platform iphonesimulator -additionalcontentfile /Users/dean/Documents/MORI/.state/ios-build/Build/Intermediates.noindex/App.build/Debug-iphonesimulator/App.build/Base.lproj/LaunchScreen-SBPartialInfo.plist -additionalcontentfile /Users/dean/Documents/MORI/.state/ios-build/Build/Intermediates.noindex/App.build/Debug-iphonesimulator/App.build/Base.lproj/Main-SBPartialInfo.plist -additionalcontentfile /Users/dean/Documents/MORI/.state/ios-build/Build/Intermediates.noindex/App.build/Debug-iphonesimulator/App.build/assetcatalog_generated_info.plist -scanforprivacyfile /Users/dean/Documents/MORI/.state/ios-build/Build/Products/Debug-iphonesimulator/App.app/Frameworks/Capacitor.framework -scanforprivacyfile /Users/dean/Documents/MORI/.state/ios-build/Build/Products/Debug-iphonesimulator/App.app/Frameworks/Cordova.framework -o /Users/dean/Documents/MORI/.state/ios-build/Build/Products/Debug-iphonesimulator/App.app/Info.plist

AppIntentsSSUTraining (in target 'App' from project 'App')
    cd /Users/dean/Documents/MORI/apps/mobile/ios/App
    /Applications/Xcode.app/Contents/Developer/Toolchains/XcodeDefault.xctoolchain/usr/bin/appintentsnltrainingprocessor --infoplist-path /Users/dean/Documents/MORI/.state/ios-build/Build/Products/Debug-iphonesimulator/App.app/Info.plist --temp-dir-path /Users/dean/Documents/MORI/.state/ios-build/Build/Intermediates.noindex/App.build/Debug-iphonesimulator/App.build/ssu --bundle-id dev.mori.console --product-path /Users/dean/Documents/MORI/.state/ios-build/Build/Products/Debug-iphonesimulator/App.app --extracted-metadata-path /Users/dean/Documents/MORI/.state/ios-build/Build/Products/Debug-iphonesimulator/App.app/Metadata.appintents --metadata-file-list /Users/dean/Documents/MORI/.state/ios-build/Build/Intermediates.noindex/App.build/Debug-iphonesimulator/App.build/App.DependencyMetadataFileList --source-file /Users/dean/Documents/MORI/.state/ios-build/Build/Products/Debug-iphonesimulator/App.app/Info.plist --archive-ssu-assets
2026-09-21 22:24:33.565 appintentsnltrainingprocessor[42060:11709462] Parsing options for appintentsnltrainingprocessor
2026-09-21 22:24:33.565 appintentsnltrainingprocessor[42060:11709462] Starting AppIntents SSU YAML Generation
2026-09-21 22:24:33.566 appintentsnltrainingprocessor[42060:11709462] No AppShortcuts found - Skipping.

CopySwiftLibs /Users/dean/Documents/MORI/.state/ios-build/Build/Products/Debug-iphonesimulator/App.app (in target 'App' from project 'App')
    cd /Users/dean/Documents/MORI/apps/mobile/ios/App
    builtin-swiftStdLibTool --copy --verbose --scan-executable /Users/dean/Documents/MORI/.state/ios-build/Build/Products/Debug-iphonesimulator/App.app/App.debug.dylib --scan-folder /Users/dean/Documents/MORI/.state/ios-build/Build/Products/Debug-iphonesimulator/App.app/Frameworks --scan-folder /Users/dean/Documents/MORI/.state/ios-build/Build/Products/Debug-iphonesimulator/App.app/PlugIns --scan-folder /Users/dean/Documents/MORI/.state/ios-build/Build/Products/Debug-iphonesimulator/App.app/SystemExtensions --scan-folder /Users/dean/Documents/MORI/.state/ios-build/Build/Products/Debug-iphonesimulator/App.app/Extensions --platform iphonesimulator --toolchain /Applications/Xcode.app/Contents/Developer/Toolchains/XcodeDefault.xctoolchain --destination /Users/dean/Documents/MORI/.state/ios-build/Build/Products/Debug-iphonesimulator/App.app/Frameworks --strip-bitcode --strip-bitcode-tool /Applications/Xcode.app/Contents/Developer/Toolchains/XcodeDefault.xctoolchain/usr/bin/bitcode_strip --emit-dependency-info /Users/dean/Documents/MORI/.state/ios-build/Build/Intermediates.noindex/App.build/Debug-iphonesimulator/App.build/SwiftStdLibToolInputDependencies.dep --filter-for-swift-os --back-deploy-swift-span
Ignoring --strip-bitcode because --sign was not passed

Validate /Users/dean/Documents/MORI/.state/ios-build/Build/Products/Debug-iphonesimulator/App.app (in target 'App' from project 'App')
    cd /Users/dean/Documents/MORI/apps/mobile/ios/App
    builtin-validationUtility /Users/dean/Documents/MORI/.state/ios-build/Build/Products/Debug-iphonesimulator/App.app -shallow-bundle -infoplist-subpath Info.plist

PruneExplicitPrecompiledModules /Users/dean/Documents/MORI/.state/ios-build/SDKExplicitPrecompiledModules

PruneExplicitPrecompiledModules /Users/dean/Documents/MORI/.state/ios-build/Build/Intermediates.noindex/ExplicitPrecompiledModules

PruneExplicitPrecompiledModules /Users/dean/Documents/MORI/.state/ios-build/Build/Intermediates.noindex/SwiftExplicitPrecompiledModules

** BUILD SUCCEEDED **

