BUILD shells
BUILD optics
BUILD head_joint
BUILD wheel_and_drive
BUILD frame_and_electronics
BUILD fasteners_and_coupons
BUILD v12_joint_details
BUILD apply_purchased_geometry
BUILD apply_structural_simplification
BUILD apply_monocoque_structure
BUILD apply_simple_modules
BUILD apply_belly_relayout
BELLY_RELAYOUT_COMPLETE
BUILD apply_detail_fit
DETAIL_FIT_COMPLETE
BUILD apply_layout_cleanup
LAYOUT_CLEANUP_COMPLETE
BUILD apply_part_consolidation
PART_CONSOLIDATION_COMPLETE 26 20
BUILD apply_wheel_interfaces
Traceback (most recent call last):
  File "/Users/dean/Documents/MORI/mechanical/scripts/build.py", line 503, in <module>
    if __name__=='__main__': main()
                             ~~~~^^
  File "/Users/dean/Documents/MORI/mechanical/scripts/build.py", line 473, in main
    print('BUILD '+fn.__name__,flush=True); fn()
                                            ~~^^
  File "/Users/dean/Documents/MORI/mechanical/scripts/wheel_interfaces.py", line 35, in apply_wheel_interfaces
    before={o.name.removeprefix(PREFIX):{'category':o.get('category'),'candidate':o.get('export_candidate'),'volume_mm3':volume(o)} for o in parts()}
                                                                                                                         ~~~~~~^^^
  File "/Users/dean/Documents/MORI/mechanical/scripts/structural_simplification.py", line 46, in volume
    assert m.status()==manifold.Error.NoError,o.name
           ^^^^^^^^^^^^^^^^^^^^^^^^^^^^^^^^^^
AssertionError: MORI_V1__Display_PCB

Error: script failed, file: 'mechanical/scripts/build.py', exiting.
Blender 5.2.1 LTS (hash 9e2066aef7ef built 2026-08-25 01:35:57)

Blender quit
