Apple clang version 21.0.0 (clang-2100.3.34.2)
Target: arm64-apple-darwin27.0.0
Thread model: posix
InstalledDir: /Applications/Xcode.app/Contents/Developer/Toolchains/XcodeDefault.xctoolchain/usr/bin
PASS 163 assertions; simulated-input safety/state tests only
PASS repeated timestamp cannot complete calibration
PASS first fault cause remains latched
PASS sensor failure in READY invalidates readiness and latches fault
PASS bench enabled interval <=200ms with 5.5ms frame cadence
FAIL tests/test_engine.c:79: r.core.out.low_battery&&r.core.out.request_support&&r.core.out.enable
PASS injection: IMU no response
PASS injection: IMU old sample
PASS injection: encoder jump
PASS injection: ADC open
PASS injection: ADC short
PASS injection: NTC left open
PASS injection: NTC right short
PASS injection: signed bus overcurrent
PASS injection: overtemperature
PASS injection: undervoltage
PASS injection: overvoltage
PASS injection: nFAULT
PASS injection: physical ESTOP
PASS injection: control overrun
PASS injection: PWM submit overrun
PASS injection: nonfinite sensor
