IMU_ARC_PRUNE 43610 {'1': 268, '2': 285, '3': 236, '4': 259, '5': 266, '6': 280, '7': 294, '8': 295}
IMU_ARC_PRUNE 89549 {'1': 268, '2': 285, '3': 236, '4': 259, '5': 266, '6': 280, '7': 281, '8': 295}
IMU_ARC_PRUNE 134434 {'1': 268, '2': 285, '3': 236, '4': 259, '5': 266, '6': 268, '7': 270, '8': 295}
IMU_ARC_PRUNE 171215 {'1': 268, '2': 285, '3': 236, '4': 259, '5': 247, '6': 221, '7': 270, '8': 295}
IMU_ARC_PRUNE 194431 {'1': 268, '2': 285, '3': 236, '4': 208, '5': 194, '6': 221, '7': 270, '8': 295}
IMU_ARC_PRUNE 223699 {'1': 268, '2': 285, '3': 162, '4': 124, '5': 194, '6': 221, '7': 270, '8': 295}
IMU_ARC_PRUNE 258214 {'1': 268, '2': 200, '3': 142, '4': 124, '5': 194, '6': 221, '7': 270, '8': 295}
IMU_ARC_PRUNE 276728 {'1': 204, '2': 188, '3': 118, '4': 109, '5': 179, '6': 219, '7': 268, '8': 293}
IMU_JOINT_PROGRESS 6 281397 best 2
IMU_JOINT_PROGRESS 18 290839 best 3
IMU_JOINT_PROGRESS 26 295922 best 3
IMU_JOINT_PROGRESS 43 305036 best 3
IMU_JOINT_PROGRESS 52 309889 best 3
IMU_JOINT_PROGRESS 82 328167 best 3
IMU_JOINT_PROGRESS 86 332637 best 3
IMU_JOINT_PROGRESS 108 338222 best 3
IMU_JOINT_PROGRESS 125 345887 best 3
IMU_JOINT_PROGRESS 152 355406 best 5
IMU_JOINT_PROGRESS 261 362242 best 5
IMU_JOINT_PROGRESS 605 371848 best 5
IMU_JOINT_PROGRESS 636 384875 best 5
IMU_JOINT_PROGRESS 661 393441 best 5
IMU_JOINT_PROGRESS 677 401662 best 5
IMU_JOINT_PROGRESS 718 408145 best 5
IMU_JOINT_PROGRESS 750 415201 best 5
IMU_JOINT_PROGRESS 796 423583 best 5
IMU_JOINT_PROGRESS 825 432620 best 5
IMU_JOINT_PROGRESS 843 439631 best 5
IMU_JOINT_RESULT PASS 870 445509 8 358.3834660053253
