00:00.265  blend            | Read blend: "/Users/dean/Documents/MORI/mechanical/mori_v1_2.blend"
H06_PREFIX_ENTRIES 1 12 {'H01_1': 10, 'H04_2': 1, 'H04_3': 1}
H06_ARC_PREFIX_POOL 1_45 0 {'tried': 768, 'curvature_rejected': 753, 'clearance_rejected': 15} {'Yaw_Base': 15}
H06_ARC_PREFIX_POOL 1_135 0 {'tried': 768, 'curvature_rejected': 768} {}
H06_ARC_PREFIX_POOL 1_225 0 {'tried': 768, 'curvature_rejected': 597, 'clearance_rejected': 171} {'H01_1': 153, 'Body_Upper': 18}
H06_ARC_PREFIX_POOL 1_315 3 {'tried': 768, 'passed': 3, 'curvature_rejected': 763, 'clearance_rejected': 2} {'H02_2': 2}
H06_PREFIX_ENTRIES 2 13 {'H01_1': 9, 'H04_2': 1, 'H04_3': 1}
H06_ARC_PREFIX_POOL 2_45 0 {'tried': 832, 'curvature_rejected': 804, 'clearance_rejected': 28} {'Yaw_Base': 28}
H06_ARC_PREFIX_POOL 2_135 0 {'tried': 832, 'curvature_rejected': 832} {}
H06_ARC_PREFIX_POOL 2_225 0 {'tried': 832, 'curvature_rejected': 679, 'clearance_rejected': 153} {'H01_1': 142, 'Body_Upper': 11}
H06_ARC_PREFIX_POOL 2_315 5 {'tried': 832, 'curvature_rejected': 826, 'passed': 5, 'clearance_rejected': 1} {'H01_1': 1}
H06_PREFIX_ENTRIES 3 12 {'H01_1': 11, 'H04_3': 1}
H06_ARC_PREFIX_POOL 3_45 0 {'tried': 768, 'curvature_rejected': 727, 'clearance_rejected': 41} {'Yaw_Base': 38, 'Body_Upper': 3}
H06_ARC_PREFIX_POOL 3_135 0 {'tried': 768, 'curvature_rejected': 768} {}
H06_ARC_PREFIX_POOL 3_225 0 {'tried': 768, 'curvature_rejected': 610, 'clearance_rejected': 158} {'H01_1': 139, 'Body_Upper': 19}
H06_ARC_PREFIX_POOL 3_315 0 {'tried': 768, 'curvature_rejected': 768} {}
H06_PREFIX_ENTRIES 4 14 {'H01_2': 1, 'H01_1': 9}
H06_ARC_PREFIX_POOL 4_45 0 {'tried': 896, 'curvature_rejected': 835, 'clearance_rejected': 61} {'Yaw_Base': 57, 'H02_2': 1, 'Body_Upper': 3}
H06_ARC_PREFIX_POOL 4_135 0 {'tried': 896, 'curvature_rejected': 896} {}
H06_ARC_PREFIX_POOL 4_225 0 {'tried': 896, 'curvature_rejected': 719, 'clearance_rejected': 177} {'H01_1': 148, 'Body_Upper': 29}
H06_ARC_PREFIX_POOL 4_315 0 {'tried': 896, 'curvature_rejected': 896} {}
H06_DOCUMENTED_MATES_PREFIX BLOCKED 0 phase assignments 6.4
Blender 5.2.2 LTS (hash d13f752e3b9c built 2026-09-15 01:49:19)

Blender quit
