{
  "status": "PASS",
  "source": "SIMULATED",
  "rows": 1000,
  "timing_evidence": "INJECTED_SIMULATION",
  "timing_sample_quantiles_us": {
    "run_us": {
      "status": "PASS",
      "samples": 1000,
      "p50": 520,
      "p95": 520,
      "p99": 520,
      "max": 520
    },
    "wake_us": {
      "status": "PASS",
      "samples": 1000,
      "p50": 0,
      "p95": 0,
      "p99": 0,
      "max": 0
    },
    "imu_io_us": {
      "status": "PASS",
      "samples": 1000,
      "p50": 500,
      "p95": 500,
      "p99": 500,
      "max": 500
    },
    "monitor_io_us": {
      "status": "PASS",
      "samples": 1000,
      "p50": 0,
      "p95": 0,
      "p99": 0,
      "max": 0
    },
    "encoder_us": {
      "status": "PASS",
      "samples": 1000,
      "p50": 0,
      "p95": 0,
      "p99": 0,
      "max": 0
    },
    "fusion_us": {
      "status": "PASS",
      "samples": 1000,
      "p50": 0,
      "p95": 0,
      "p99": 0,
      "max": 0
    },
    "feedback_us": {
      "status": "PASS",
      "samples": 1000,
      "p50": 0,
      "p95": 0,
      "p99": 0,
      "max": 0
    },
    "pwm_submit_us": {
      "status": "PASS",
      "samples": 1000,
      "p50": 20,
      "p95": 20,
      "p99": 20,
      "max": 20
    },
    "jitter_us": {
      "status": "PASS",
      "samples": 1000,
      "p50": 0,
      "p95": 0,
      "p99": 0,
      "max": 0
    }
  },
  "device_all_frame_max_us": {
    "max_run_us": 520,
    "max_wake_us": 0,
    "max_jitter_us": 0
  },
  "resets_or_clock_discontinuities": 0,
  "telemetry_stride": 1,
  "estimated_missing_telemetry_rows": 0,
  "device_counters_max": {
    "sample_missed": 0,
    "log_dropped": 0,
    "command_overflows": 0,
    "reply_dropped": 0,
    "dropped": null
  },
  "faults": [
    "ESTOP: physical emergency-stop chain not OK"
  ],
  "command_rtt_us": {
    "status": "NOT_TESTED",
    "samples": 0
  },
  "warning": "Quantiles cover recorded rows; all-frame histograms are 100us buckets, UINT32_MAX means >3200us. Maxima and counters restart on reset. No hardware PASS is inferred.",
  "device_metadata": {
    "firmware": "SW-0.3",
    "requirements": "HW-SW-0.2",
    "snapshot": "HW-SW-0.3",
    "wheel_counts_per_turn": "1204.44",
    "wheel_m_per_count": "0.000247792603",
    "source": "SIMULATED",
    "physical": "NOT_TESTED",
    "telemetry_stride": "1",
    "timing": "INJECTED",
    "power_gate": "0",
    "balance_gate": "0",
    "head_gate": "0",
    "axes_gate": "0"
  },
  "protocol": "MORI/1",
  "start_utc": "2026-09-21T05:58:52.169438+00:00",
  "physical_validation": "NOT_TESTED",
  "invalid_rows": 0,
  "info": [
    "INFO 0 MORI/1 firmware=SW-0.3 requirements=HW-SW-0.2 snapshot=HW-SW-0.3 wheel_counts_per_turn=1204.44 wheel_m_per_count=0.000247792603 source=SIMULATED physical=NOT_TESTED telemetry_stride=1 timing=INJECTED power_gate=0 balance_gate=0 head_gate=0 axes_gate=0"
  ],
  "replies": [],
  "csv_sha256": "924c39309d015daf3b99538809238cebc70043afc849dc50f1d5aae6d6079745",
  "raw_sha256": "e624516d8607ccee795cd3c7c79c6211ddad53f7f59c86b12b2acb56cc1dce41"
}
{
  "status": "PASS",
  "source": "SIMULATED",
  "rows": 1000,
  "timing_evidence": "INJECTED_SIMULATION",
  "timing_sample_quantiles_us": {
    "run_us": {
      "status": "PASS",
      "samples": 1000,
      "p50": 520,
      "p95": 520,
      "p99": 520,
      "max": 520
    },
    "wake_us": {
      "status": "PASS",
      "samples": 1000,
      "p50": 0,
      "p95": 0,
      "p99": 0,
      "max": 0
    },
    "imu_io_us": {
      "status": "PASS",
      "samples": 1000,
      "p50": 500,
      "p95": 500,
      "p99": 500,
      "max": 500
    },
    "monitor_io_us": {
      "status": "PASS",
      "samples": 1000,
      "p50": 0,
      "p95": 0,
      "p99": 0,
      "max": 0
    },
    "encoder_us": {
      "status": "PASS",
      "samples": 1000,
      "p50": 0,
      "p95": 0,
      "p99": 0,
      "max": 0
    },
    "fusion_us": {
      "status": "PASS",
      "samples": 1000,
      "p50": 0,
      "p95": 0,
      "p99": 0,
      "max": 0
    },
    "feedback_us": {
      "status": "PASS",
      "samples": 1000,
      "p50": 0,
      "p95": 0,
      "p99": 0,
      "max": 0
    },
    "pwm_submit_us": {
      "status": "PASS",
      "samples": 1000,
      "p50": 20,
      "p95": 20,
      "p99": 20,
      "max": 20
    },
    "jitter_us": {
      "status": "PASS",
      "samples": 1000,
      "p50": 0,
      "p95": 0,
      "p99": 0,
      "max": 0
    }
  },
  "device_all_frame_max_us": {
    "max_run_us": 520,
    "max_wake_us": 0,
    "max_jitter_us": 0
  },
  "resets_or_clock_discontinuities": 0,
  "telemetry_stride": 1,
  "estimated_missing_telemetry_rows": 0,
  "device_counters_max": {
    "sample_missed": 0,
    "log_dropped": 0,
    "command_overflows": 0,
    "reply_dropped": 0,
    "dropped": null
  },
  "faults": [
    "ESTOP: physical emergency-stop chain not OK"
  ],
  "command_rtt_us": {
    "status": "NOT_TESTED"
  },
  "warning": "Quantiles cover recorded rows; all-frame histograms are 100us buckets, UINT32_MAX means >3200us. Maxima and counters restart on reset. No hardware PASS is inferred.",
  "device_metadata": {
    "firmware": "SW-0.3",
    "requirements": "HW-SW-0.2",
    "snapshot": "HW-SW-0.3",
    "wheel_counts_per_turn": "1204.44",
    "wheel_m_per_count": "0.000247792603",
    "source": "SIMULATED",
    "physical": "NOT_TESTED",
    "telemetry_stride": "1",
    "timing": "INJECTED",
    "power_gate": "0",
    "balance_gate": "0",
    "head_gate": "0",
    "axes_gate": "0"
  }
}
{
  "status": "PASS",
  "source": "SIMULATED",
  "rows": 400,
  "timing_evidence": "INJECTED_SIMULATION",
  "timing_sample_quantiles_us": {
    "run_us": {
      "status": "PASS",
      "samples": 400,
      "p50": 520,
      "p95": 520,
      "p99": 520,
      "max": 520
    },
    "wake_us": {
      "status": "PASS",
      "samples": 400,
      "p50": 0,
      "p95": 0,
      "p99": 0,
      "max": 0
    },
    "imu_io_us": {
      "status": "PASS",
      "samples": 400,
      "p50": 500,
      "p95": 500,
      "p99": 500,
      "max": 500
    },
    "monitor_io_us": {
      "status": "PASS",
      "samples": 400,
      "p50": 0,
      "p95": 0,
      "p99": 0,
      "max": 0
    },
    "encoder_us": {
      "status": "PASS",
      "samples": 400,
      "p50": 0,
      "p95": 0,
      "p99": 0,
      "max": 0
    },
    "fusion_us": {
      "status": "PASS",
      "samples": 400,
      "p50": 0,
      "p95": 0,
      "p99": 0,
      "max": 0
    },
    "feedback_us": {
      "status": "PASS",
      "samples": 400,
      "p50": 0,
      "p95": 0,
      "p99": 0,
      "max": 0
    },
    "pwm_submit_us": {
      "status": "PASS",
      "samples": 400,
      "p50": 20,
      "p95": 20,
      "p99": 20,
      "max": 20
    },
    "jitter_us": {
      "status": "PASS",
      "samples": 400,
      "p50": 0,
      "p95": 0,
      "p99": 0,
      "max": 0
    }
  },
  "device_all_frame_max_us": {
    "max_run_us": 520,
    "max_wake_us": 0,
    "max_jitter_us": 0
  },
  "resets_or_clock_discontinuities": 1,
  "telemetry_stride": 1,
  "estimated_missing_telemetry_rows": 0,
  "device_counters_max": {
    "sample_missed": 0,
    "log_dropped": 0,
    "command_overflows": 0,
    "reply_dropped": 0,
    "dropped": null
  },
  "faults": [],
  "command_rtt_us": {
    "status": "NOT_TESTED",
    "samples": 0
  },
  "warning": "Quantiles cover recorded rows; all-frame histograms are 100us buckets, UINT32_MAX means >3200us. Maxima and counters restart on reset. No hardware PASS is inferred.",
  "device_metadata": {
    "firmware": "SW-0.3",
    "requirements": "HW-SW-0.2",
    "snapshot": "HW-SW-0.3",
    "wheel_counts_per_turn": "1204.44",
    "wheel_m_per_count": "0.000247792603",
    "source": "SIMULATED",
    "physical": "NOT_TESTED",
    "telemetry_stride": "1",
    "timing": "INJECTED",
    "power_gate": "0",
    "balance_gate": "0",
    "head_gate": "0",
    "axes_gate": "0"
  },
  "protocol": "MORI/1",
  "start_utc": "2026-09-21T05:58:52.879413+00:00",
  "physical_validation": "NOT_TESTED",
  "invalid_rows": 0,
  "info": [
    "INFO 0 MORI/1 firmware=SW-0.3 requirements=HW-SW-0.2 snapshot=HW-SW-0.3 wheel_counts_per_turn=1204.44 wheel_m_per_count=0.000247792603 source=SIMULATED physical=NOT_TESTED telemetry_stride=1 timing=INJECTED power_gate=0 balance_gate=0 head_gate=0 axes_gate=0"
  ],
  "replies": [],
  "csv_sha256": "bf7ef4540a015230715c783aeb11c74013c289396e564af65ca5087496191f5d",
  "raw_sha256": "8c23b9aac222eddb47b0f3df0dbeca015788f9a091f8ebf520737e0589ba5564"
}
{
  "status": "PASS",
  "source": "SIMULATED",
  "rows": 400,
  "timing_evidence": "INJECTED_SIMULATION",
  "timing_sample_quantiles_us": {
    "run_us": {
      "status": "PASS",
      "samples": 400,
      "p50": 520,
      "p95": 520,
      "p99": 520,
      "max": 520
    },
    "wake_us": {
      "status": "PASS",
      "samples": 400,
      "p50": 0,
      "p95": 0,
      "p99": 0,
      "max": 0
    },
    "imu_io_us": {
      "status": "PASS",
      "samples": 400,
      "p50": 500,
      "p95": 500,
      "p99": 500,
      "max": 500
    },
    "monitor_io_us": {
      "status": "PASS",
      "samples": 400,
      "p50": 0,
      "p95": 0,
      "p99": 0,
      "max": 0
    },
    "encoder_us": {
      "status": "PASS",
      "samples": 400,
      "p50": 0,
      "p95": 0,
      "p99": 0,
      "max": 0
    },
    "fusion_us": {
      "status": "PASS",
      "samples": 400,
      "p50": 0,
      "p95": 0,
      "p99": 0,
      "max": 0
    },
    "feedback_us": {
      "status": "PASS",
      "samples": 400,
      "p50": 0,
      "p95": 0,
      "p99": 0,
      "max": 0
    },
    "pwm_submit_us": {
      "status": "PASS",
      "samples": 400,
      "p50": 20,
      "p95": 20,
      "p99": 20,
      "max": 20
    },
    "jitter_us": {
      "status": "PASS",
      "samples": 400,
      "p50": 0,
      "p95": 0,
      "p99": 0,
      "max": 0
    }
  },
  "device_all_frame_max_us": {
    "max_run_us": 520,
    "max_wake_us": 0,
    "max_jitter_us": 0
  },
  "resets_or_clock_discontinuities": 1,
  "telemetry_stride": 1,
  "estimated_missing_telemetry_rows": 0,
  "device_counters_max": {
    "sample_missed": 0,
    "log_dropped": 0,
    "command_overflows": 0,
    "reply_dropped": 0,
    "dropped": null
  },
  "faults": [],
  "command_rtt_us": {
    "status": "NOT_TESTED"
  },
  "warning": "Quantiles cover recorded rows; all-frame histograms are 100us buckets, UINT32_MAX means >3200us. Maxima and counters restart on reset. No hardware PASS is inferred.",
  "device_metadata": {
    "firmware": "SW-0.3",
    "requirements": "HW-SW-0.2",
    "snapshot": "HW-SW-0.3",
    "wheel_counts_per_turn": "1204.44",
    "wheel_m_per_count": "0.000247792603",
    "source": "SIMULATED",
    "physical": "NOT_TESTED",
    "telemetry_stride": "1",
    "timing": "INJECTED",
    "power_gate": "0",
    "balance_gate": "0",
    "head_gate": "0",
    "axes_gate": "0"
  }
}
{
  "source": "SIMULATED",
  "physical_validation": "NOT_TESTED",
  "status": "PASS",
  "model": "theta_ddot = g/l * theta - wheel_acceleration/l",
  "assumptions": {
    "hypothetical_length_m": 0.15,
    "small_lean_rad": 0.02,
    "imposed_forward_acceleration_m_s2": 1.0
  },
  "predicted_angular_acceleration_rad_s2": {
    "unforced": 1.3075533333333333,
    "forward_catch": -5.359113333333333,
    "reversed_output": 7.974220000000001
  },
  "conclusion": "Positive forward lean needs positive forward wheel torque; reversed output amplifies lean. Positive speed error requests positive lean; initial negative torque initiates lean. This is not tuning or a balance demonstration."
}
