00:00.402  blend            | Read blend: "/Users/dean/Documents/MORI/mechanical/mori_v1_2.blend"
/Users/dean/Documents/MORI/mechanical/scripts/assembly_animation.py:93: DeprecationWarning: 'Material.use_nodes' is expected to be removed in Blender 6.0
  m.use_nodes = True
/Users/dean/Documents/MORI/mechanical/scripts/assembly_animation.py:192: DeprecationWarning: 'Material.use_nodes' is expected to be removed in Blender 6.0
  clear = tagged(bpy.data.materials.new(AP+'Clear_Window')); clear.use_nodes = True
信息: 已另存为 "mori_assembly_animation.blend"
ANIMATION_STILL 1
00:05.533  render           | Saved: '/Users/dean/Documents/MORI/mechanical/animation/step_01.png'
ANIMATION_STILL 2
00:05.933  render           | Saved: '/Users/dean/Documents/MORI/mechanical/animation/step_02.png'
ANIMATION_STILL 3
00:06.326  render           | Saved: '/Users/dean/Documents/MORI/mechanical/animation/step_03.png'
ANIMATION_STILL 4
00:06.680  render           | Saved: '/Users/dean/Documents/MORI/mechanical/animation/step_04.png'
ANIMATION_STILL 5
00:07.001  render           | Saved: '/Users/dean/Documents/MORI/mechanical/animation/step_05.png'
ANIMATION_STILL 6
00:07.399  render           | Saved: '/Users/dean/Documents/MORI/mechanical/animation/step_06.png'
ANIMATION_STILL 7
00:07.950  render           | Saved: '/Users/dean/Documents/MORI/mechanical/animation/step_07.png'
ANIMATION_STILL 8
00:09.149  render           | Saved: '/Users/dean/Documents/MORI/mechanical/animation/step_08.png'
ANIMATION_STILL 9
00:09.869  render           | Saved: '/Users/dean/Documents/MORI/mechanical/animation/step_09.png'
ANIMATION_STILL 10
00:10.638  render           | Saved: '/Users/dean/Documents/MORI/mechanical/animation/step_10.png'
ANIMATION_STILL 11
00:11.002  render           | Saved: '/Users/dean/Documents/MORI/mechanical/animation/step_11.png'
ANIMATION_STILL 12
00:11.328  render           | Saved: '/Users/dean/Documents/MORI/mechanical/animation/step_12.png'
ANIMATION_STILL 13
00:11.577  render           | Saved: '/Users/dean/Documents/MORI/mechanical/animation/step_13.png'
ANIMATION_STILL 14
00:11.828  render           | Saved: '/Users/dean/Documents/MORI/mechanical/animation/step_14.png'
ANIMATION_STILL 15
00:12.499  render           | Saved: '/Users/dean/Documents/MORI/mechanical/animation/step_15.png'
ANIMATION_STILL 16
00:13.204  render           | Saved: '/Users/dean/Documents/MORI/mechanical/animation/step_16.png'
ANIMATION_STILL 17
00:13.571  render           | Saved: '/Users/dean/Documents/MORI/mechanical/animation/step_17.png'
ANIMATION_STILL 18
00:14.154  render           | Saved: '/Users/dean/Documents/MORI/mechanical/animation/step_18.png'
ANIMATION_STILL 19
00:14.668  render           | Saved: '/Users/dean/Documents/MORI/mechanical/animation/step_19.png'
ANIMATION_STILL 20
00:15.211  render           | Saved: '/Users/dean/Documents/MORI/mechanical/animation/step_20.png'
ANIMATION_STILL 21
00:15.745  render           | Saved: '/Users/dean/Documents/MORI/mechanical/animation/step_21.png'
ANIMATION_STILL 22
00:16.266  render           | Saved: '/Users/dean/Documents/MORI/mechanical/animation/step_22.png'
ASSEMBLY_ANIMATION_BUILT 211 1980
Blender 5.2.2 LTS (hash d13f752e3b9c built 2026-09-15 01:49:19)

Blender quit
