00:00.307  blend            | Read blend: "/Users/dean/Documents/MORI/mechanical/mori_v1_2.blend"
BUILD shells
BUILD optics
BUILD head_joint
BUILD wheel_and_drive
BUILD frame_and_electronics
BUILD fasteners_and_coupons
BUILD v12_joint_details
BUILD apply_purchased_geometry
BUILD apply_structural_simplification
BUILD apply_monocoque_structure
BUILD apply_simple_modules
BUILD apply_belly_relayout
BELLY_RELAYOUT_COMPLETE
BUILD apply_detail_fit
DETAIL_FIT_COMPLETE
BUILD apply_layout_cleanup
LAYOUT_CLEANUP_COMPLETE
BUILD apply_part_consolidation
PART_CONSOLIDATION_COMPLETE 25 17
BUILD apply_head_cleanup
HEAD_CLEANUP_COMPLETE
BUILD apply_wheel_interfaces
WHEEL_INTERFACE_COMPLETE
BUILD apply_crossbolt_joint
CROSSBOLT_BRIDGE_COMPLETE
BUILD apply_native_electronics
NATIVE_ELECTRONICS_COMPLETE
BUILD apply_drive_cleanup
DRIVE_CLEANUP_COMPLETE
BUILD apply_head_servo_detail
HEAD_SERVO_DETAIL_COMPLETE
BUILD apply_waveshare_detail
WAVESHARE_DETAIL_COMPLETE 132 CAM component groups / 111 original LCD solids
BUILD apply_assembly_completion
BUILD apply_readiness_completion
BUILD apply_prearrival_completion
BUILD dock
BUILD controls_datums
BUILD studio
DISPLAY_FRAME_FLUSH_COMPLETE
INTERFACE_COMPLETION 34 catalogue inserts
ASSEMBLY_ISSUES_1_TO_6_APPLIED
HEAD_AXIAL_RETENTION_APPLIED -4.5
P5R7_ADOPTED 223 source solids; three sockets and E header
HEAD_SURFACE_DISPLAY_COMPLETE
信息: 已另存为 "mori_v1_2.blend"
BUILD_COMPLETE
BUILD shells
BUILD optics
BUILD head_joint
BUILD wheel_and_drive
BUILD frame_and_electronics
BUILD fasteners_and_coupons
BUILD v12_joint_details
BUILD apply_purchased_geometry
BUILD apply_structural_simplification
BUILD apply_monocoque_structure
BUILD apply_simple_modules
BUILD apply_belly_relayout
BELLY_RELAYOUT_COMPLETE
BUILD apply_detail_fit
DETAIL_FIT_COMPLETE
BUILD apply_layout_cleanup
LAYOUT_CLEANUP_COMPLETE
BUILD apply_part_consolidation
PART_CONSOLIDATION_COMPLETE 25 17
BUILD apply_head_cleanup
HEAD_CLEANUP_COMPLETE
BUILD apply_wheel_interfaces
WHEEL_INTERFACE_COMPLETE
BUILD apply_crossbolt_joint
CROSSBOLT_BRIDGE_COMPLETE
BUILD apply_native_electronics
NATIVE_ELECTRONICS_COMPLETE
BUILD apply_drive_cleanup
DRIVE_CLEANUP_COMPLETE
BUILD apply_head_servo_detail
HEAD_SERVO_DETAIL_COMPLETE
BUILD apply_waveshare_detail
WAVESHARE_DETAIL_COMPLETE 132 CAM component groups / 111 original LCD solids
BUILD apply_assembly_completion
BUILD apply_readiness_completion
BUILD apply_prearrival_completion
BUILD dock
BUILD controls_datums
BUILD studio
DISPLAY_FRAME_FLUSH_COMPLETE
INTERFACE_COMPLETION 34 catalogue inserts
ASSEMBLY_ISSUES_1_TO_6_APPLIED
HEAD_AXIAL_RETENTION_APPLIED -4.5
P5R7_ADOPTED 223 source solids; three sockets and E header
HEAD_SURFACE_DISPLAY_COMPLETE
信息: 已另存为 "mori_v1_2.blend"
BUILD_COMPLETE
信息: 已另存为 "mori_v1_2.blend"
REBUILD_CHECK_COMPLETE
Blender 5.2.2 LTS (hash d13f752e3b9c built 2026-09-15 01:49:19)

Blender quit
