00:00.415  blend            | Read blend: "/Users/dean/Documents/MORI/mechanical/mori_v1_2.blend"
STL_EXACT_READBACK Battery_Tray {'vertices': 417, 'triangles': 838, 'boundary_edges': 0, 'nonmanifold_edges': 0, 'inconsistent_edges': 0, 'degenerate_triangles': 0, 'signed_volume_mm3': 27108.414301804165, 'inconsistent_stl_normals': 0} {'vertices': 417, 'triangles': 838, 'boundary_edges': 0, 'nonmanifold_edges': 0, 'inconsistent_edges': 0, 'degenerate_triangles': 0, 'signed_volume_mm3': 27108.414301804165, 'inconsistent_stl_normals': 0}
STL_EXACT_READBACK Body_Lower {'vertices': 10617, 'triangles': 21262, 'boundary_edges': 0, 'nonmanifold_edges': 0, 'inconsistent_edges': 0, 'degenerate_triangles': 0, 'signed_volume_mm3': 85950.4682556774, 'inconsistent_stl_normals': 0} {'vertices': 10617, 'triangles': 21262, 'boundary_edges': 0, 'nonmanifold_edges': 0, 'inconsistent_edges': 0, 'degenerate_triangles': 0, 'signed_volume_mm3': 85950.4682556774, 'inconsistent_stl_normals': 0}
STL_EXACT_READBACK Body_Upper {'vertices': 11960, 'triangles': 23984, 'boundary_edges': 0, 'nonmanifold_edges': 0, 'inconsistent_edges': 0, 'degenerate_triangles': 0, 'signed_volume_mm3': 100395.59112578377, 'inconsistent_stl_normals': 0} {'vertices': 11960, 'triangles': 23984, 'boundary_edges': 0, 'nonmanifold_edges': 0, 'inconsistent_edges': 0, 'degenerate_triangles': 0, 'signed_volume_mm3': 100395.59112578377, 'inconsistent_stl_normals': 0}
STL_EXACT_READBACK Coupon_Insert {'vertices': 648, 'triangles': 1292, 'boundary_edges': 0, 'nonmanifold_edges': 0, 'inconsistent_edges': 0, 'degenerate_triangles': 0, 'signed_volume_mm3': 6514.677694527075, 'inconsistent_stl_normals': 0} {'vertices': 648, 'triangles': 1292, 'boundary_edges': 0, 'nonmanifold_edges': 0, 'inconsistent_edges': 0, 'degenerate_triangles': 0, 'signed_volume_mm3': 6514.677694527075, 'inconsistent_stl_normals': 0}
STL_EXACT_READBACK Coupon_Mating_Tab {'vertices': 8, 'triangles': 12, 'boundary_edges': 0, 'nonmanifold_edges': 0, 'inconsistent_edges': 0, 'degenerate_triangles': 0, 'signed_volume_mm3': 552.0, 'inconsistent_stl_normals': 0} {'vertices': 8, 'triangles': 12, 'boundary_edges': 0, 'nonmanifold_edges': 0, 'inconsistent_edges': 0, 'degenerate_triangles': 0, 'signed_volume_mm3': 552.0, 'inconsistent_stl_normals': 0}
STL_EXACT_READBACK Coupon_Plane_Fit {'vertices': 48, 'triangles': 112, 'boundary_edges': 0, 'nonmanifold_edges': 0, 'inconsistent_edges': 0, 'degenerate_triangles': 0, 'signed_volume_mm3': 4540.800111134846, 'inconsistent_stl_normals': 0} {'vertices': 48, 'triangles': 112, 'boundary_edges': 0, 'nonmanifold_edges': 0, 'inconsistent_edges': 0, 'degenerate_triangles': 0, 'signed_volume_mm3': 4540.800111134846, 'inconsistent_stl_normals': 0}
STL_EXACT_READBACK Coupon_Wheel_Fit {'vertices': 560, 'triangles': 1136, 'boundary_edges': 0, 'nonmanifold_edges': 0, 'inconsistent_edges': 0, 'degenerate_triangles': 0, 'signed_volume_mm3': 12232.766076336025, 'inconsistent_stl_normals': 0} {'vertices': 560, 'triangles': 1136, 'boundary_edges': 0, 'nonmanifold_edges': 0, 'inconsistent_edges': 0, 'degenerate_triangles': 0, 'signed_volume_mm3': 12232.766076336025, 'inconsistent_stl_normals': 0}
STL_EXACT_READBACK Display_Frame {'vertices': 1488, 'triangles': 3016, 'boundary_edges': 0, 'nonmanifold_edges': 0, 'inconsistent_edges': 0, 'degenerate_triangles': 0, 'signed_volume_mm3': 9773.426297863492, 'inconsistent_stl_normals': 0} {'vertices': 1488, 'triangles': 3016, 'boundary_edges': 0, 'nonmanifold_edges': 0, 'inconsistent_edges': 0, 'degenerate_triangles': 0, 'signed_volume_mm3': 9773.426297863492, 'inconsistent_stl_normals': 0}
STL_EXACT_READBACK Drive_Bridge {'vertices': 5169, 'triangles': 10382, 'boundary_edges': 0, 'nonmanifold_edges': 0, 'inconsistent_edges': 0, 'degenerate_triangles': 0, 'signed_volume_mm3': 40369.71391810854, 'inconsistent_stl_normals': 0} {'vertices': 5169, 'triangles': 10382, 'boundary_edges': 0, 'nonmanifold_edges': 0, 'inconsistent_edges': 0, 'degenerate_triangles': 0, 'signed_volume_mm3': 40369.71391810854, 'inconsistent_stl_normals': 0}
STL_EXACT_READBACK Head_Front {'vertices': 8802, 'triangles': 17630, 'boundary_edges': 0, 'nonmanifold_edges': 0, 'inconsistent_edges': 0, 'degenerate_triangles': 0, 'signed_volume_mm3': 40796.542585734285, 'inconsistent_stl_normals': 0} {'vertices': 8802, 'triangles': 17630, 'boundary_edges': 0, 'nonmanifold_edges': 0, 'inconsistent_edges': 0, 'degenerate_triangles': 0, 'signed_volume_mm3': 40796.542585734285, 'inconsistent_stl_normals': 0}
STL_EXACT_READBACK Head_Rear {'vertices': 6787, 'triangles': 13702, 'boundary_edges': 0, 'nonmanifold_edges': 6, 'inconsistent_edges': 0, 'degenerate_triangles': 0, 'signed_volume_mm3': 47026.55072860398, 'inconsistent_stl_normals': 0} {'vertices': 6787, 'triangles': 13702, 'boundary_edges': 0, 'nonmanifold_edges': 6, 'inconsistent_edges': 0, 'degenerate_triangles': 0, 'signed_volume_mm3': 47026.55072860398, 'inconsistent_stl_normals': 0}
STL_EXACT_READBACK Load_Frame {'vertices': 8118, 'triangles': 16292, 'boundary_edges': 0, 'nonmanifold_edges': 0, 'inconsistent_edges': 0, 'degenerate_triangles': 0, 'signed_volume_mm3': 59409.67962714429, 'inconsistent_stl_normals': 0} {'vertices': 8118, 'triangles': 16292, 'boundary_edges': 0, 'nonmanifold_edges': 0, 'inconsistent_edges': 0, 'degenerate_triangles': 0, 'signed_volume_mm3': 59409.67962714429, 'inconsistent_stl_normals': 0}
STL_EXACT_READBACK Motor_Retainer {'vertices': 1864, 'triangles': 3740, 'boundary_edges': 0, 'nonmanifold_edges': 0, 'inconsistent_edges': 0, 'degenerate_triangles': 0, 'signed_volume_mm3': 24978.13603641192, 'inconsistent_stl_normals': 0} {'vertices': 1864, 'triangles': 3740, 'boundary_edges': 0, 'nonmanifold_edges': 0, 'inconsistent_edges': 0, 'degenerate_triangles': 0, 'signed_volume_mm3': 24978.13603641192, 'inconsistent_stl_normals': 0}
STL_EXACT_READBACK Parking_Cradle {'vertices': 254, 'triangles': 504, 'boundary_edges': 0, 'nonmanifold_edges': 0, 'inconsistent_edges': 0, 'degenerate_triangles': 0, 'signed_volume_mm3': 151454.33694843925, 'inconsistent_stl_normals': 0} {'vertices': 254, 'triangles': 504, 'boundary_edges': 0, 'nonmanifold_edges': 0, 'inconsistent_edges': 0, 'degenerate_triangles': 0, 'signed_volume_mm3': 151454.33694843925, 'inconsistent_stl_normals': 0}
STL_EXACT_READBACK Pitch_Cradle {'vertices': 2560, 'triangles': 5148, 'boundary_edges': 0, 'nonmanifold_edges': 0, 'inconsistent_edges': 0, 'degenerate_triangles': 0, 'signed_volume_mm3': 26277.09496583425, 'inconsistent_stl_normals': 0} {'vertices': 2560, 'triangles': 5148, 'boundary_edges': 0, 'nonmanifold_edges': 0, 'inconsistent_edges': 0, 'degenerate_triangles': 0, 'signed_volume_mm3': 26277.09496583425, 'inconsistent_stl_normals': 0}
STL_EXACT_READBACK Pitch_Yoke {'vertices': 6562, 'triangles': 13164, 'boundary_edges': 0, 'nonmanifold_edges': 0, 'inconsistent_edges': 0, 'degenerate_triangles': 0, 'signed_volume_mm3': 54664.630745407965, 'inconsistent_stl_normals': 0} {'vertices': 6562, 'triangles': 13164, 'boundary_edges': 0, 'nonmanifold_edges': 0, 'inconsistent_edges': 0, 'degenerate_triangles': 0, 'signed_volume_mm3': 54664.630745407965, 'inconsistent_stl_normals': 0}
STL_EXACT_READBACK Wheel_Hub_L {'vertices': 340, 'triangles': 680, 'boundary_edges': 0, 'nonmanifold_edges': 0, 'inconsistent_edges': 0, 'degenerate_triangles': 0, 'signed_volume_mm3': 82541.4657661518, 'inconsistent_stl_normals': 0} {'vertices': 340, 'triangles': 680, 'boundary_edges': 0, 'nonmanifold_edges': 0, 'inconsistent_edges': 0, 'degenerate_triangles': 0, 'signed_volume_mm3': 82541.4657661518, 'inconsistent_stl_normals': 0}
STL_EXACT_READBACK Wheel_Hub_R {'vertices': 340, 'triangles': 680, 'boundary_edges': 0, 'nonmanifold_edges': 0, 'inconsistent_edges': 0, 'degenerate_triangles': 0, 'signed_volume_mm3': 82541.46072697642, 'inconsistent_stl_normals': 0} {'vertices': 340, 'triangles': 680, 'boundary_edges': 0, 'nonmanifold_edges': 0, 'inconsistent_edges': 0, 'degenerate_triangles': 0, 'signed_volume_mm3': 82541.46072697642, 'inconsistent_stl_normals': 0}
STL_EXACT_READBACK Yaw_Anti_Lift_Keeper {'vertices': 2064, 'triangles': 4132, 'boundary_edges': 0, 'nonmanifold_edges': 0, 'inconsistent_edges': 0, 'degenerate_triangles': 0, 'signed_volume_mm3': 7296.5035187973435, 'inconsistent_stl_normals': 0} {'vertices': 2064, 'triangles': 4132, 'boundary_edges': 0, 'nonmanifold_edges': 0, 'inconsistent_edges': 0, 'degenerate_triangles': 0, 'signed_volume_mm3': 7296.5035187973435, 'inconsistent_stl_normals': 0}
STL_EXACT_READBACK Yaw_Base {'vertices': 4542, 'triangles': 9104, 'boundary_edges': 0, 'nonmanifold_edges': 0, 'inconsistent_edges': 0, 'degenerate_triangles': 0, 'signed_volume_mm3': 59651.24876600772, 'inconsistent_stl_normals': 0} {'vertices': 4542, 'triangles': 9104, 'boundary_edges': 0, 'nonmanifold_edges': 0, 'inconsistent_edges': 0, 'degenerate_triangles': 0, 'signed_volume_mm3': 59651.24876600772, 'inconsistent_stl_normals': 0}
STL_EXACT_READBACK Yaw_Reaction_Link {'vertices': 1564, 'triangles': 3144, 'boundary_edges': 0, 'nonmanifold_edges': 0, 'inconsistent_edges': 0, 'degenerate_triangles': 0, 'signed_volume_mm3': 7543.185715768406, 'inconsistent_stl_normals': 0} {'vertices': 1564, 'triangles': 3144, 'boundary_edges': 0, 'nonmanifold_edges': 0, 'inconsistent_edges': 0, 'degenerate_triangles': 0, 'signed_volume_mm3': 7543.185715768406, 'inconsistent_stl_normals': 0}
Blender 5.2.2 LTS (hash d13f752e3b9c built 2026-09-15 01:49:19)
Timer 'STL Import' took 0.74 ms
Timer 'STL Import' took 4.85 ms
Timer 'STL Import' took 5.80 ms
Timer 'STL Import' took 0.36 ms
Timer 'STL Import' took 0.21 ms
Timer 'STL Import' took 0.13 ms
Timer 'STL Import' took 0.42 ms
Timer 'STL Import' took 0.67 ms
Timer 'STL Import' took 1.74 ms
Timer 'STL Import' took 1.96 ms
Timer 'STL Import' took 1.66 ms
Timer 'STL Import' took 2.27 ms
Timer 'STL Import' took 0.76 ms
Timer 'STL Import' took 0.20 ms
Timer 'STL Import' took 0.80 ms
Timer 'STL Import' took 1.82 ms
Timer 'STL Import' took 0.25 ms
Timer 'STL Import' took 0.20 ms
Timer 'STL Import' took 0.68 ms
Timer 'STL Import' took 1.20 ms
Timer 'STL Import' took 0.63 ms

Blender quit
