00:00.319  blend            | Read blend: "/Users/dean/Documents/MORI/mechanical/mori_v1_2.blend"
CURRENT_TILT 1 168 2 -6 BLOCKED 11 {'pivot_z_mm': 168, 'offset_y_mm': 1.6666666666666665, 'angle_x_deg': -5.0, 'lift_mm': 0.0, 'overlap_mm3': 0.3627539760028448, 'gap_mm': 0}
CURRENT_TILT 2 168 2 -4 BLOCKED 9 {'pivot_z_mm': 168, 'offset_y_mm': 2.0, 'angle_x_deg': -4.0, 'lift_mm': 0.0, 'overlap_mm3': 0.07207254399551852, 'gap_mm': 0}
CURRENT_TILT 3 168 2 -8 BLOCKED 12 {'pivot_z_mm': 168, 'offset_y_mm': 1.375, 'angle_x_deg': -5.5, 'lift_mm': 0.0, 'overlap_mm3': 0.07142600444030163, 'gap_mm': 0}
CURRENT_TILT 4 168 1 -8 BLOCKED 15 {'pivot_z_mm': 168, 'offset_y_mm': 0.875, 'angle_x_deg': -7.0, 'lift_mm': 0.0, 'overlap_mm3': 0.6556326574964827, 'gap_mm': 0}
CURRENT_TILT 5 168 3 -4 BLOCKED 11 {'pivot_z_mm': 168, 'offset_y_mm': 2.5, 'angle_x_deg': -3.333333333333333, 'lift_mm': 0.0, 'overlap_mm3': 1.5150635132083563, 'gap_mm': 0}
CURRENT_TILT 6 160 0 -4 BLOCKED 11 {'pivot_z_mm': 160, 'offset_y_mm': 0, 'angle_x_deg': -4, 'lift_mm': 1.0, 'overlap_mm3': 1.056204928822839, 'gap_mm': 0}
CURRENT_TILT 7 160 0 -6 BLOCKED 15 {'pivot_z_mm': 160, 'offset_y_mm': 0, 'angle_x_deg': -6, 'lift_mm': 1.0, 'overlap_mm3': 3.034964740296618, 'gap_mm': 0}
CURRENT_TILT 8 160 0 -8 BLOCKED 14 {'pivot_z_mm': 160, 'offset_y_mm': 0.0, 'angle_x_deg': -6.5, 'lift_mm': 0.0, 'overlap_mm3': 0.017720698404438014, 'gap_mm': 0}
CURRENT_TILT 9 160 0 -10 BLOCKED 14 {'pivot_z_mm': 160, 'offset_y_mm': 0.0, 'angle_x_deg': -6.5, 'lift_mm': 0.0, 'overlap_mm3': 0.017720698404438014, 'gap_mm': 0}
CURRENT_TILT 10 160 0 4 BLOCKED 13 {'pivot_z_mm': 160, 'offset_y_mm': 0, 'angle_x_deg': 4, 'lift_mm': 2.0, 'overlap_mm3': 0.11199936569744581, 'gap_mm': 0}
CURRENT_TILT 11 160 0 6 BLOCKED 14 {'pivot_z_mm': 160, 'offset_y_mm': 0, 'angle_x_deg': 6, 'lift_mm': 0.5, 'overlap_mm3': 0.24490201936785297, 'gap_mm': 0}
CURRENT_TILT 12 160 0 8 BLOCKED 14 {'pivot_z_mm': 160, 'offset_y_mm': 0.0, 'angle_x_deg': 6.5, 'lift_mm': 0.0, 'overlap_mm3': 0.017720698404438316, 'gap_mm': 0}
CURRENT_TILT 13 160 0 10 BLOCKED 14 {'pivot_z_mm': 160, 'offset_y_mm': 0.0, 'angle_x_deg': 6.5, 'lift_mm': 0.0, 'overlap_mm3': 0.017720698404438316, 'gap_mm': 0}
CURRENT_TILT 14 160 1 -4 BLOCKED 11 {'pivot_z_mm': 160, 'offset_y_mm': 1, 'angle_x_deg': -4, 'lift_mm': 1.0, 'overlap_mm3': 0.9498546793773375, 'gap_mm': 0}
CURRENT_TILT 15 160 1 -6 BLOCKED 11 {'pivot_z_mm': 160, 'offset_y_mm': 0.8333333333333333, 'angle_x_deg': -5.0, 'lift_mm': 0.0, 'overlap_mm3': 0.013835376865320752, 'gap_mm': 0}
CURRENT_TILT 16 160 1 -8 BLOCKED 12 {'pivot_z_mm': 160, 'offset_y_mm': 0.6875, 'angle_x_deg': -5.5, 'lift_mm': 0.0, 'overlap_mm3': 0.3993826935701942, 'gap_mm': 0}
CURRENT_TILT 17 160 1 -10 BLOCKED 12 {'pivot_z_mm': 160, 'offset_y_mm': 0.55, 'angle_x_deg': -5.5, 'lift_mm': 0.0, 'overlap_mm3': 0.011442449657677094, 'gap_mm': 0}
CURRENT_TILT 18 160 1 4 BLOCKED 13 {'pivot_z_mm': 160, 'offset_y_mm': 1, 'angle_x_deg': 4, 'lift_mm': 2.0, 'overlap_mm3': 0.027091185869349388, 'gap_mm': 0}
CURRENT_TILT 19 160 1 6 BLOCKED 15 {'pivot_z_mm': 160, 'offset_y_mm': 1, 'angle_x_deg': 6, 'lift_mm': 1.0, 'overlap_mm3': 0.2001203370928049, 'gap_mm': 0}
CURRENT_TILT 20 160 1 8 BLOCKED 19 {'pivot_z_mm': 160, 'offset_y_mm': 1, 'angle_x_deg': 8, 'lift_mm': 1.0, 'overlap_mm3': 0.2117315274775309, 'gap_mm': 0}
CURRENT_TILT 21 160 1 10 BLOCKED 17 {'pivot_z_mm': 160, 'offset_y_mm': 0.8, 'angle_x_deg': 8.0, 'lift_mm': 0.0, 'overlap_mm3': 0.07643687453610384, 'gap_mm': 0}
CURRENT_TILT 22 160 2 -4 BLOCKED 8 {'pivot_z_mm': 160, 'offset_y_mm': 1.75, 'angle_x_deg': -3.5, 'lift_mm': 0.0, 'overlap_mm3': 0.154612197786795, 'gap_mm': 0}
CURRENT_TILT 23 160 2 -6 BLOCKED 10 {'pivot_z_mm': 160, 'offset_y_mm': 1.5, 'angle_x_deg': -4.5, 'lift_mm': 0.0, 'overlap_mm3': 3.6818214424322253, 'gap_mm': 0}
CURRENT_TILT 24 160 2 -8 BLOCKED 10 {'pivot_z_mm': 160, 'offset_y_mm': 1.125, 'angle_x_deg': -4.5, 'lift_mm': 0.0, 'overlap_mm3': 0.02468382705188065, 'gap_mm': 0}
CURRENT_TILT 25 160 2 -10 BLOCKED 11 {'pivot_z_mm': 160, 'offset_y_mm': 1.0, 'angle_x_deg': -5.0, 'lift_mm': 0.0, 'overlap_mm3': 0.601538135145571, 'gap_mm': 0}
CURRENT_TILT 26 160 2 4 BLOCKED 14 {'pivot_z_mm': 160, 'offset_y_mm': 2, 'angle_x_deg': 4, 'lift_mm': 2.5, 'overlap_mm3': 10.627862786858133, 'gap_mm': 0}
CURRENT_TILT 27 160 2 6 BLOCKED 18 {'pivot_z_mm': 160, 'offset_y_mm': 2, 'angle_x_deg': 6, 'lift_mm': 2.5, 'overlap_mm3': 1.6095749928509508, 'gap_mm': 0}
CURRENT_TILT 28 160 2 8 BLOCKED 20 {'pivot_z_mm': 160, 'offset_y_mm': 2, 'angle_x_deg': 8, 'lift_mm': 1.5, 'overlap_mm3': 0.5762869891943131, 'gap_mm': 0}
CURRENT_TILT 29 160 2 10 BLOCKED 21 {'pivot_z_mm': 160, 'offset_y_mm': 2.0, 'angle_x_deg': 10.0, 'lift_mm': 0.0, 'overlap_mm3': 0.0004055744236542632, 'gap_mm': 0}
CURRENT_TILT 30 160 3 -4 BLOCKED 10 {'pivot_z_mm': 160, 'offset_y_mm': 2.25, 'angle_x_deg': -3.0, 'lift_mm': 0.0, 'overlap_mm3': 1.9205178239139962, 'gap_mm': 0}
CURRENT_TILT 31 160 3 -6 BLOCKED 8 {'pivot_z_mm': 160, 'offset_y_mm': 1.7499999999999998, 'angle_x_deg': -3.4999999999999996, 'lift_mm': 0.0, 'overlap_mm3': 0.154612197786795, 'gap_mm': 0}
CURRENT_TILT 32 160 3 -8 BLOCKED 9 {'pivot_z_mm': 160, 'offset_y_mm': 1.5, 'angle_x_deg': -4.0, 'lift_mm': 0.0, 'overlap_mm3': 0.26226948714093834, 'gap_mm': 0}
CURRENT_TILT 33 160 3 -10 BLOCKED 10 {'pivot_z_mm': 160, 'offset_y_mm': 1.35, 'angle_x_deg': -4.5, 'lift_mm': 0.0, 'overlap_mm3': 1.2247791589657009, 'gap_mm': 0}
CURRENT_TILT 34 160 3 4 BLOCKED 18 {'pivot_z_mm': 160, 'offset_y_mm': 3, 'angle_x_deg': 4, 'lift_mm': 2.5, 'overlap_mm3': 7.273910449674177, 'gap_mm': 0}
CURRENT_TILT 35 160 3 6 BLOCKED 18 {'pivot_z_mm': 160, 'offset_y_mm': 3, 'angle_x_deg': 6, 'lift_mm': 2.5, 'overlap_mm3': 0.9379368883901191, 'gap_mm': 0}
CURRENT_TILT 36 160 3 8 BLOCKED 22 {'pivot_z_mm': 160, 'offset_y_mm': 3, 'angle_x_deg': 8, 'lift_mm': 2.5, 'overlap_mm3': 0.0015884991740377497, 'gap_mm': 0}
CURRENT_TILT 37 160 3 10 BLOCKED 25 {'pivot_z_mm': 160, 'offset_y_mm': 3, 'angle_x_deg': 10, 'lift_mm': 2.0, 'overlap_mm3': 0.844714988469377, 'gap_mm': 0}
CURRENT_TILT 38 168 0 -4 BLOCKED 11 {'pivot_z_mm': 168, 'offset_y_mm': 0, 'angle_x_deg': -4, 'lift_mm': 1.0, 'overlap_mm3': 1.448533180423295, 'gap_mm': 0}
CURRENT_TILT 39 168 0 -6 BLOCKED 14 {'pivot_z_mm': 168, 'offset_y_mm': 0, 'angle_x_deg': -6, 'lift_mm': 0.5, 'overlap_mm3': 0.0023785460954960777, 'gap_mm': 0}
CURRENT_TILT 40 168 0 -8 BLOCKED 18 {'pivot_z_mm': 168, 'offset_y_mm': 0, 'angle_x_deg': -8, 'lift_mm': 0.5, 'overlap_mm3': 1.2445629700615384, 'gap_mm': 0}
CURRENT_TILT 41 168 0 -10 BLOCKED 19 {'pivot_z_mm': 168, 'offset_y_mm': 0.0, 'angle_x_deg': -9.0, 'lift_mm': 0.0, 'overlap_mm3': 0.3875979657195582, 'gap_mm': 0}
CURRENT_TILT 42 168 0 4 BLOCKED 13 {'pivot_z_mm': 168, 'offset_y_mm': 0, 'angle_x_deg': 4, 'lift_mm': 2.0, 'overlap_mm3': 0.12413953397499523, 'gap_mm': 0}
CURRENT_TILT 43 168 0 6 BLOCKED 14 {'pivot_z_mm': 168, 'offset_y_mm': 0, 'angle_x_deg': 6, 'lift_mm': 0.5, 'overlap_mm3': 0.021184607783125697, 'gap_mm': 0}
CURRENT_TILT 44 168 0 8 BLOCKED 19 {'pivot_z_mm': 168, 'offset_y_mm': 0, 'angle_x_deg': 8, 'lift_mm': 1.0, 'overlap_mm3': 0.6209434083502927, 'gap_mm': 0}
CURRENT_TILT 45 168 0 10 BLOCKED 19 {'pivot_z_mm': 168, 'offset_y_mm': 0.0, 'angle_x_deg': 9.0, 'lift_mm': 0.0, 'overlap_mm3': 0.3875979657195623, 'gap_mm': 0}
CURRENT_TILT 46 168 1 -4 BLOCKED 11 {'pivot_z_mm': 168, 'offset_y_mm': 1, 'angle_x_deg': -4, 'lift_mm': 1.0, 'overlap_mm3': 1.2786922189578347, 'gap_mm': 0}
CURRENT_TILT 47 168 1 -6 BLOCKED 14 {'pivot_z_mm': 168, 'offset_y_mm': 1, 'angle_x_deg': -6, 'lift_mm': 0.5, 'overlap_mm3': 0.0019863101334740532, 'gap_mm': 0}
CURRENT_TILT 48 168 1 -10 BLOCKED 15 {'pivot_z_mm': 168, 'offset_y_mm': 0.7000000000000001, 'angle_x_deg': -7.000000000000001, 'lift_mm': 0.0, 'overlap_mm3': 0.008538990873406711, 'gap_mm': 0}
CURRENT_TILT 49 168 1 4 BLOCKED 13 {'pivot_z_mm': 168, 'offset_y_mm': 1, 'angle_x_deg': 4, 'lift_mm': 2.0, 'overlap_mm3': 0.009273638287605041, 'gap_mm': 0}
CURRENT_TILT 50 168 1 6 BLOCKED 18 {'pivot_z_mm': 168, 'offset_y_mm': 1, 'angle_x_deg': 6, 'lift_mm': 2.5, 'overlap_mm3': 2.361073949232728, 'gap_mm': 0}
CURRENT_TILT 51 168 1 8 BLOCKED 20 {'pivot_z_mm': 168, 'offset_y_mm': 1, 'angle_x_deg': 8, 'lift_mm': 1.5, 'overlap_mm3': 0.36765733009628726, 'gap_mm': 0}
CURRENT_TILT 52 168 1 10 BLOCKED 24 {'pivot_z_mm': 168, 'offset_y_mm': 1, 'angle_x_deg': 10, 'lift_mm': 1.5, 'overlap_mm3': 0.2641320473459083, 'gap_mm': 0}
CURRENT_TILT 53 168 2 -10 BLOCKED 13 {'pivot_z_mm': 168, 'offset_y_mm': 1.2000000000000002, 'angle_x_deg': -6.000000000000001, 'lift_mm': 0.0, 'overlap_mm3': 0.15656488077767428, 'gap_mm': 0}
CURRENT_TILT 54 168 2 4 BLOCKED 14 {'pivot_z_mm': 168, 'offset_y_mm': 2, 'angle_x_deg': 4, 'lift_mm': 2.5, 'overlap_mm3': 9.460311502809747, 'gap_mm': 0}
CURRENT_TILT 55 168 2 6 BLOCKED 18 {'pivot_z_mm': 168, 'offset_y_mm': 2, 'angle_x_deg': 6, 'lift_mm': 2.5, 'overlap_mm3': 1.610552216870612, 'gap_mm': 0}
CURRENT_TILT 56 168 2 8 BLOCKED 22 {'pivot_z_mm': 168, 'offset_y_mm': 2, 'angle_x_deg': 8, 'lift_mm': 2.5, 'overlap_mm3': 0.04301132211036046, 'gap_mm': 0}
CURRENT_TILT 57 168 2 10 BLOCKED 25 {'pivot_z_mm': 168, 'offset_y_mm': 2, 'angle_x_deg': 10, 'lift_mm': 2.0, 'overlap_mm3': 0.1361704047573311, 'gap_mm': 0}
CURRENT_TILT 58 168 3 -6 BLOCKED 9 {'pivot_z_mm': 168, 'offset_y_mm': 2.0, 'angle_x_deg': -4.0, 'lift_mm': 0.0, 'overlap_mm3': 0.07207254399551852, 'gap_mm': 0}
CURRENT_TILT 59 168 3 -8 BLOCKED 11 {'pivot_z_mm': 168, 'offset_y_mm': 1.875, 'angle_x_deg': -5.0, 'lift_mm': 0.0, 'overlap_mm3': 2.719934832462923, 'gap_mm': 0}
CURRENT_TILT 60 168 3 -10 BLOCKED 11 {'pivot_z_mm': 168, 'offset_y_mm': 1.5, 'angle_x_deg': -5.0, 'lift_mm': 0.0, 'overlap_mm3': 0.0002782683132629171, 'gap_mm': 0}
CURRENT_TILT 61 168 3 4 BLOCKED 18 {'pivot_z_mm': 168, 'offset_y_mm': 3, 'angle_x_deg': 4, 'lift_mm': 2.5, 'overlap_mm3': 6.251596529165792, 'gap_mm': 0}
CURRENT_TILT 62 168 3 6 BLOCKED 18 {'pivot_z_mm': 168, 'offset_y_mm': 3, 'angle_x_deg': 6, 'lift_mm': 2.5, 'overlap_mm3': 0.5991682400232868, 'gap_mm': 0}
CURRENT_TILT 63 168 3 8 BLOCKED 23 {'pivot_z_mm': 168, 'offset_y_mm': 3, 'angle_x_deg': 8, 'lift_mm': 3.0, 'overlap_mm3': 3.967956897487901, 'gap_mm': 0}
CURRENT_TILT 64 168 3 10 BLOCKED 23 {'pivot_z_mm': 168, 'offset_y_mm': 3, 'angle_x_deg': 10, 'lift_mm': 1.0, 'overlap_mm3': 0.0003828411641419818, 'gap_mm': 0}
CURRENT_TILT 65 175 0 -4 BLOCKED 11 {'pivot_z_mm': 175, 'offset_y_mm': 0, 'angle_x_deg': -4, 'lift_mm': 1.0, 'overlap_mm3': 1.887498422271885, 'gap_mm': 0}
CURRENT_TILT 66 175 0 -6 BLOCKED 14 {'pivot_z_mm': 175, 'offset_y_mm': 0, 'angle_x_deg': -6, 'lift_mm': 0.5, 'overlap_mm3': 0.04920816215990234, 'gap_mm': 0}
CURRENT_TILT 67 175 0 -8 BLOCKED 16 {'pivot_z_mm': 175, 'offset_y_mm': 0.0, 'angle_x_deg': -7.5, 'lift_mm': 0.0, 'overlap_mm3': 0.10292229127747184, 'gap_mm': 0}
CURRENT_TILT 68 175 0 -10 BLOCKED 16 {'pivot_z_mm': 175, 'offset_y_mm': 0.0, 'angle_x_deg': -7.5, 'lift_mm': 0.0, 'overlap_mm3': 0.10292229127747184, 'gap_mm': 0}
CURRENT_TILT 69 175 0 4 BLOCKED 13 {'pivot_z_mm': 175, 'offset_y_mm': 0, 'angle_x_deg': 4, 'lift_mm': 2.0, 'overlap_mm3': 0.1148610634476445, 'gap_mm': 0}
CURRENT_TILT 70 175 0 6 BLOCKED 18 {'pivot_z_mm': 175, 'offset_y_mm': 0, 'angle_x_deg': 6, 'lift_mm': 2.5, 'overlap_mm3': 3.2234397036126556, 'gap_mm': 0}
CURRENT_TILT 71 175 0 8 BLOCKED 19 {'pivot_z_mm': 175, 'offset_y_mm': 0, 'angle_x_deg': 8, 'lift_mm': 1.0, 'overlap_mm3': 0.05414248568982091, 'gap_mm': 0}
CURRENT_TILT 72 175 0 10 BLOCKED 24 {'pivot_z_mm': 175, 'offset_y_mm': 0, 'angle_x_deg': 10, 'lift_mm': 1.5, 'overlap_mm3': 0.5999865940786197, 'gap_mm': 0}
CURRENT_TILT 73 175 1 -4 BLOCKED 11 {'pivot_z_mm': 175, 'offset_y_mm': 1, 'angle_x_deg': -4, 'lift_mm': 1.0, 'overlap_mm3': 1.6185327570504382, 'gap_mm': 0}
CURRENT_TILT 74 175 1 -6 BLOCKED 14 {'pivot_z_mm': 175, 'offset_y_mm': 1, 'angle_x_deg': -6, 'lift_mm': 0.5, 'overlap_mm3': 0.029977557041890368, 'gap_mm': 0}
CURRENT_TILT 75 175 1 -8 BLOCKED 18 {'pivot_z_mm': 175, 'offset_y_mm': 1, 'angle_x_deg': -8, 'lift_mm': 0.5, 'overlap_mm3': 1.7106078115363925, 'gap_mm': 0}
CURRENT_TILT 76 175 1 -10 BLOCKED 19 {'pivot_z_mm': 175, 'offset_y_mm': 0.9, 'angle_x_deg': -9.0, 'lift_mm': 0.0, 'overlap_mm3': 0.0015286503063745038, 'gap_mm': 0}
CURRENT_TILT 77 175 1 4 BLOCKED 13 {'pivot_z_mm': 175, 'offset_y_mm': 1, 'angle_x_deg': 4, 'lift_mm': 2.0, 'overlap_mm3': 6.334638044282165e-05, 'gap_mm': 0}
CURRENT_TILT 78 175 1 6 BLOCKED 18 {'pivot_z_mm': 175, 'offset_y_mm': 1, 'angle_x_deg': 6, 'lift_mm': 2.5, 'overlap_mm3': 2.4560991750321053, 'gap_mm': 0}
CURRENT_TILT 79 175 1 8 BLOCKED 22 {'pivot_z_mm': 175, 'offset_y_mm': 1, 'angle_x_deg': 8, 'lift_mm': 2.5, 'overlap_mm3': 0.18206757340315774, 'gap_mm': 0}
CURRENT_TILT 80 175 1 10 BLOCKED 26 {'pivot_z_mm': 175, 'offset_y_mm': 1, 'angle_x_deg': 10, 'lift_mm': 2.5, 'overlap_mm3': 0.00019741337457848532, 'gap_mm': 0}
CURRENT_TILT 81 175 2 -4 BLOCKED 11 {'pivot_z_mm': 175, 'offset_y_mm': 2, 'angle_x_deg': -4, 'lift_mm': 1.0, 'overlap_mm3': 1.3341401172849805, 'gap_mm': 0}
CURRENT_TILT 82 175 2 -6 BLOCKED 13 {'pivot_z_mm': 175, 'offset_y_mm': 2.0, 'angle_x_deg': -6.0, 'lift_mm': 0.0, 'overlap_mm3': 0.41314617921290386, 'gap_mm': 0}
CURRENT_TILT 83 175 2 -8 BLOCKED 15 {'pivot_z_mm': 175, 'offset_y_mm': 1.75, 'angle_x_deg': -7.0, 'lift_mm': 0.0, 'overlap_mm3': 0.7152431653145479, 'gap_mm': 0}
CURRENT_TILT 84 175 2 -10 BLOCKED 16 {'pivot_z_mm': 175, 'offset_y_mm': 1.5, 'angle_x_deg': -7.5, 'lift_mm': 0.0, 'overlap_mm3': 0.13625698919867563, 'gap_mm': 0}
CURRENT_TILT 85 175 2 4 BLOCKED 14 {'pivot_z_mm': 175, 'offset_y_mm': 2, 'angle_x_deg': 4, 'lift_mm': 2.5, 'overlap_mm3': 8.378085927089863, 'gap_mm': 0}
CURRENT_TILT 86 175 2 6 BLOCKED 18 {'pivot_z_mm': 175, 'offset_y_mm': 2, 'angle_x_deg': 6, 'lift_mm': 2.5, 'overlap_mm3': 1.2892635209831231, 'gap_mm': 0}
CURRENT_TILT 87 175 2 8 BLOCKED 22 {'pivot_z_mm': 175, 'offset_y_mm': 2, 'angle_x_deg': 8, 'lift_mm': 2.5, 'overlap_mm3': 0.0016477436598145746, 'gap_mm': 0}
CURRENT_TILT 88 175 2 10 BLOCKED 21 {'pivot_z_mm': 175, 'offset_y_mm': 2.0, 'angle_x_deg': 10.0, 'lift_mm': 0.0, 'overlap_mm3': 0.02073528630160908, 'gap_mm': 0}
CURRENT_TILT 89 175 3 -4 BLOCKED 12 {'pivot_z_mm': 175, 'offset_y_mm': 2.75, 'angle_x_deg': -3.6666666666666665, 'lift_mm': 0.0, 'overlap_mm3': 0.8744384075908704, 'gap_mm': 0}
CURRENT_TILT 90 175 3 -6 BLOCKED 10 {'pivot_z_mm': 175, 'offset_y_mm': 2.25, 'angle_x_deg': -4.5, 'lift_mm': 0.0, 'overlap_mm3': 4.856191813660362e-06, 'gap_mm': 0}
CURRENT_TILT 91 175 3 -8 BLOCKED 12 {'pivot_z_mm': 175, 'offset_y_mm': 2.0625, 'angle_x_deg': -5.5, 'lift_mm': 0.0, 'overlap_mm3': 0.08717384907528962, 'gap_mm': 0}
CURRENT_TILT 92 175 3 -10 BLOCKED 14 {'pivot_z_mm': 175, 'offset_y_mm': 1.9500000000000002, 'angle_x_deg': -6.5, 'lift_mm': 0.0, 'overlap_mm3': 1.2510021641617215, 'gap_mm': 0}
CURRENT_TILT 93 175 3 4 BLOCKED 18 {'pivot_z_mm': 175, 'offset_y_mm': 3, 'angle_x_deg': 4, 'lift_mm': 2.5, 'overlap_mm3': 5.393409092853942, 'gap_mm': 0}
CURRENT_TILT 94 175 3 6 BLOCKED 18 {'pivot_z_mm': 175, 'offset_y_mm': 3, 'angle_x_deg': 6, 'lift_mm': 2.5, 'overlap_mm3': 0.3188272362083334, 'gap_mm': 0}
CURRENT_TILT 95 175 3 8 BLOCKED 17 {'pivot_z_mm': 175, 'offset_y_mm': 3.0, 'angle_x_deg': 8.0, 'lift_mm': 0.0, 'overlap_mm3': 0.07739569319472288, 'gap_mm': 0}
CURRENT_TILT 96 175 3 10 BLOCKED 19 {'pivot_z_mm': 175, 'offset_y_mm': 2.7, 'angle_x_deg': 9.0, 'lift_mm': 0.0, 'overlap_mm3': 1.2927262696075676, 'gap_mm': 0}
CURRENT_TILT_DONE BLOCKED 96 1478 12.387555837631226
Blender 5.2.2 LTS (hash d13f752e3b9c built 2026-09-15 01:49:19)

Blender quit
