2026-09-22 21:59:36.393 INFO   Freerouting v2.4.1 (build-date: 2026-09-03)
2026-09-22 21:59:37.741 INFO   [398597\945B87] Loading board file 'MORI_imu_P3.dsn'...
2026-09-22 21:59:37.769 INFO   [398597\945B87] Job '398597\945B87' started at 2026-09-22T13:59:37.769394Z.
2026-09-22 21:59:37.795 INFO   [398597\945B87] Auto-routing stage started on board 'bfac805a1192d00f65e34f5d146ee3ac' for 24 unrouted items.
2026-09-22 21:59:38.380 INFO   [398597\945B87] Auto-routing pass #1 on board 'bfac805a1192d00f65e34f5d146ee3ac' was completed in 0.56 seconds with score 341.66 (13 unrouted and 14 violations).
2026-09-22 21:59:38.735 INFO   [398597\945B87] Auto-routing pass #2 on board 'f91f45eb5bd0a23dffc7337776078b64' was completed in 0.34 seconds with score 425.00 (11 unrouted and 14 violations).
2026-09-22 21:59:38.996 INFO   [398597\945B87] Auto-routing pass #3 on board '3e1c7e524c8b2d190f780efa646504c8' was completed in 0.25 seconds with score 466.66 (10 unrouted and 14 violations), using 0.72 CPU seconds and the job allocated 2.83 GB of memory so far.
2026-09-22 21:59:39.124 INFO   [398597\945B87] Auto-routing pass #4 on board 'a86e6e11497af80331a5cd3f8a67ea28' was completed in 0.12 seconds with score 425.00 (11 unrouted and 14 violations), using 0.72 CPU seconds and the job allocated 2.83 GB of memory so far.
2026-09-22 21:59:39.229 INFO   [398597\945B87] Auto-routing pass #5 on board 'e93deed514bb461a119bf8262c4aa271' was completed in 0.10 seconds with score 466.66 (10 unrouted and 14 violations), using 0.72 CPU seconds and the job allocated 2.83 GB of memory so far.
2026-09-22 21:59:39.308 INFO   [398597\945B87] Auto-routing pass #6 on board '2df08b33e4e36672d563400c71840b15' was completed in 0.07 seconds with score 508.33 (9 unrouted and 14 violations), using 0.72 CPU seconds and the job allocated 2.83 GB of memory so far.
2026-09-22 21:59:39.444 INFO   [398597\945B87] Auto-routing pass #7 on board '5d21e534faff1390e445d6782946b9ed' was completed in 0.13 seconds with score 508.33 (9 unrouted and 14 violations), using 0.72 CPU seconds and the job allocated 2.83 GB of memory so far.
2026-09-22 21:59:39.535 INFO   [398597\945B87] Auto-routing pass #8 on board 'f6728621146dabcb780dfe5909665639' was completed in 0.09 seconds with score 591.66 (7 unrouted and 14 violations), using 0.72 CPU seconds and the job allocated 2.83 GB of memory so far.
2026-09-22 21:59:39.593 INFO   [398597\945B87] Auto-routing pass #9 on board 'ed00fd3ed7fda5239fae08847c2a2c9d' was completed in 0.05 seconds with score 633.33 (6 unrouted and 14 violations), using 0.72 CPU seconds and the job allocated 2.83 GB of memory so far.
2026-09-22 21:59:39.624 INFO   [398597\945B87] Auto-routing pass #10 on board '92a8515b37148203cddc6f3c5fa426e1' was completed in 0.02 seconds with score 633.33 (6 unrouted and 14 violations), using 0.72 CPU seconds and the job allocated 2.83 GB of memory so far.
2026-09-22 21:59:39.650 INFO   [398597\945B87] Auto-routing pass #11 on board '92a8515b37148203cddc6f3c5fa426e1' was completed in 0.02 seconds with score 633.33 (6 unrouted and 14 violations), using 0.72 CPU seconds and the job allocated 2.83 GB of memory so far.
2026-09-22 21:59:39.677 INFO   [398597\945B87] Auto-routing pass #12 on board '92a8515b37148203cddc6f3c5fa426e1' was completed in 0.02 seconds with score 633.33 (6 unrouted and 14 violations), using 0.72 CPU seconds and the job allocated 2.83 GB of memory so far.
2026-09-22 21:59:39.699 INFO   [398597\945B87] Auto-routing pass #13 on board '92a8515b37148203cddc6f3c5fa426e1' was completed in 0.02 seconds with score 633.33 (6 unrouted and 14 violations), using 0.72 CPU seconds and the job allocated 2.83 GB of memory so far.
2026-09-22 21:59:39.722 INFO   [398597\945B87] Auto-routing pass #14 on board '92a8515b37148203cddc6f3c5fa426e1' was completed in 0.02 seconds with score 633.33 (6 unrouted and 14 violations), using 0.72 CPU seconds and the job allocated 2.83 GB of memory so far.
2026-09-22 21:59:39.746 INFO   [398597\945B87] Auto-routing pass #15 on board '92a8515b37148203cddc6f3c5fa426e1' was completed in 0.02 seconds with score 633.33 (6 unrouted and 14 violations), using 0.72 CPU seconds and the job allocated 2.83 GB of memory so far.
2026-09-22 21:59:39.775 INFO   [398597\945B87] Auto-routing pass #16 on board '92a8515b37148203cddc6f3c5fa426e1' was completed in 0.02 seconds with score 633.33 (6 unrouted and 14 violations), using 0.72 CPU seconds and the job allocated 2.83 GB of memory so far.
2026-09-22 21:59:39.856 INFO   [398597\945B87] Auto-routing pass #17 on board '92a8515b37148203cddc6f3c5fa426e1' was completed in 0.08 seconds with score 633.33 (6 unrouted and 14 violations), using 1.62 CPU seconds and the job allocated 14.19 GB of memory so far.
2026-09-22 21:59:39.971 INFO   [398597\945B87] Auto-routing pass #18 on board '92a8515b37148203cddc6f3c5fa426e1' was completed in 0.11 seconds with score 633.33 (6 unrouted and 14 violations), using 1.62 CPU seconds and the job allocated 14.19 GB of memory so far.
2026-09-22 21:59:40.116 INFO   [398597\945B87] Auto-routing pass #19 on board '92a8515b37148203cddc6f3c5fa426e1' was completed in 0.12 seconds with score 633.33 (6 unrouted and 14 violations), using 1.62 CPU seconds and the job allocated 14.19 GB of memory so far.
2026-09-22 21:59:40.121 INFO   [398597\945B87] The router's score (633.33) has not improved by more than 0.5 points in the last 10 passes (6 items still unconnected). Stopping the auto-router.
The following connections could not be routed -- please review your design (e.g. check pad clearances, trace width rules, and available routing space):
  Net '/GND' (6 unrouted connections):
    - U1-3  ->  U1-2
    - U1-7  ->  U1-6
    - U1-10  ->  U1-9
    - U1-11  ->  U1-10
    - U1-9  ->  U1-7
    - U1-3  ->  U1-6
2026-09-22 21:59:40.180 INFO   [398597\945B87] Auto-routing stage completed: started with 24 unrouted nets, completed in 2.38 seconds, final score: 633.33 (6 unrouted and 14 violations), using 1.62 total CPU seconds, 14.19 GB total allocated, and 42.5 MB peak heap usage.
2026-09-22 21:59:40.219 INFO   [398597\945B87] Optimization stage started on board '92a8515b37148203cddc6f3c5fa426e1' with score 633.33 (6 unrouted and 14 violations).
2026-09-22 21:59:40.568 INFO   [398597\945B87] Optimizer pass #1 on board '8d280321b7ae7ce7514bf5b22eaa9b55' was completed in 0.30 seconds with the score of 633.33 (6 unrouted and 14 violations).
2026-09-22 21:59:40.571 INFO   [398597\945B87] Stopping optimizer because the improvement in this pass (0.0000%) is below the threshold (1.00%).
2026-09-22 21:59:40.573 INFO   [398597\945B87] Optimization stage completed: started with score 633.33 (6 unrouted and 14 violations), completed in 0.35 seconds, final score: 633.33 (6 unrouted and 14 violations), using 0.15 total CPU seconds, 2.78 GB total allocated, and 579.2 MB peak heap usage.
2026-09-22 21:59:40.575 INFO   [398597\945B87] Job '398597\945B87' finished with state: COMPLETED (elapsed: 2.81 seconds, finished at UTC: 2026-09-22T13:59:40.575004Z).
2026-09-22 21:59:41.024 INFO   Saving output file '/Users/dean/Documents/MORI/hardware/v1_2/kicad/MORI_imu_P3/MORI_imu_P3.ses' (SES)...
2026-09-22 21:59:41.029 INFO   Successfully saved output file '/Users/dean/Documents/MORI/hardware/v1_2/kicad/MORI_imu_P3/MORI_imu_P3.ses' (8149 bytes).
