./src/common/stdpbase.cpp(59): assert ""traits"" failed in Get(): create wxApp before calling this
10:29:40 AM: Debug: Adding duplicate image handler for 'PNG file'
10:29:40 AM: Debug: Adding duplicate image handler for 'JPEG file'
10:29:40 AM: Debug: Adding duplicate image handler for 'TIFF file'
10:29:40 AM: Debug: Adding duplicate image handler for 'GIF file'
10:29:40 AM: Debug: Adding duplicate image handler for 'PNM file'
10:29:40 AM: Debug: Adding duplicate image handler for 'PCX file'
10:29:40 AM: Debug: Adding duplicate image handler for 'IFF file'
10:29:40 AM: Debug: Adding duplicate image handler for 'Windows icon file'
10:29:40 AM: Debug: Adding duplicate image handler for 'Windows cursor file'
10:29:40 AM: Debug: Adding duplicate image handler for 'Windows animated cursor file'
10:29:40 AM: Debug: Adding duplicate image handler for 'TGA file'
10:29:40 AM: Debug: Adding duplicate image handler for 'XPM file'
MORI_imu_P5R4 silk outline portions trimmed {}
10:29:40 AM: Debug: Adding duplicate image handler for 'PNG file'
10:29:40 AM: Debug: Adding duplicate image handler for 'JPEG file'
10:29:40 AM: Debug: Adding duplicate image handler for 'TIFF file'
10:29:40 AM: Debug: Adding duplicate image handler for 'GIF file'
10:29:40 AM: Debug: Adding duplicate image handler for 'PNM file'
10:29:40 AM: Debug: Adding duplicate image handler for 'PCX file'
10:29:40 AM: Debug: Adding duplicate image handler for 'IFF file'
10:29:40 AM: Debug: Adding duplicate image handler for 'Windows icon file'
10:29:40 AM: Debug: Adding duplicate image handler for 'Windows cursor file'
10:29:40 AM: Debug: Adding duplicate image handler for 'Windows animated cursor file'
10:29:40 AM: Debug: Adding duplicate image handler for 'TGA file'
10:29:40 AM: Debug: Adding duplicate image handler for 'XPM file'
imu_VDD_01 5 Counter({'items_not_allowed': 5, 'clearance': 2}) opens 0
./src/common/stdpbase.cpp(59): assert ""traits"" failed in Get(): create wxApp before calling this
10:30:58 AM: Debug: Adding duplicate image handler for 'PNG file'
10:30:58 AM: Debug: Adding duplicate image handler for 'JPEG file'
10:30:58 AM: Debug: Adding duplicate image handler for 'TIFF file'
10:30:58 AM: Debug: Adding duplicate image handler for 'GIF file'
10:30:58 AM: Debug: Adding duplicate image handler for 'PNM file'
10:30:58 AM: Debug: Adding duplicate image handler for 'PCX file'
10:30:58 AM: Debug: Adding duplicate image handler for 'IFF file'
10:30:58 AM: Debug: Adding duplicate image handler for 'Windows icon file'
10:30:58 AM: Debug: Adding duplicate image handler for 'Windows cursor file'
10:30:58 AM: Debug: Adding duplicate image handler for 'Windows animated cursor file'
10:30:58 AM: Debug: Adding duplicate image handler for 'TGA file'
10:30:58 AM: Debug: Adding duplicate image handler for 'XPM file'
MORI_imu_P5R4 silk outline portions trimmed {}
10:30:58 AM: Debug: Adding duplicate image handler for 'PNG file'
10:30:58 AM: Debug: Adding duplicate image handler for 'JPEG file'
10:30:58 AM: Debug: Adding duplicate image handler for 'TIFF file'
10:30:58 AM: Debug: Adding duplicate image handler for 'GIF file'
10:30:58 AM: Debug: Adding duplicate image handler for 'PNM file'
10:30:58 AM: Debug: Adding duplicate image handler for 'PCX file'
10:30:58 AM: Debug: Adding duplicate image handler for 'IFF file'
10:30:58 AM: Debug: Adding duplicate image handler for 'Windows icon file'
10:30:58 AM: Debug: Adding duplicate image handler for 'Windows cursor file'
10:30:58 AM: Debug: Adding duplicate image handler for 'Windows animated cursor file'
10:30:58 AM: Debug: Adding duplicate image handler for 'TGA file'
10:30:58 AM: Debug: Adding duplicate image handler for 'XPM file'
imu_VDD_02 5 Counter({'track_angle': 2}) opens 0
./src/common/stdpbase.cpp(59): assert ""traits"" failed in Get(): create wxApp before calling this
10:32:48 AM: Debug: Adding duplicate image handler for 'PNG file'
10:32:48 AM: Debug: Adding duplicate image handler for 'JPEG file'
10:32:48 AM: Debug: Adding duplicate image handler for 'TIFF file'
10:32:48 AM: Debug: Adding duplicate image handler for 'GIF file'
10:32:48 AM: Debug: Adding duplicate image handler for 'PNM file'
10:32:48 AM: Debug: Adding duplicate image handler for 'PCX file'
10:32:48 AM: Debug: Adding duplicate image handler for 'IFF file'
10:32:48 AM: Debug: Adding duplicate image handler for 'Windows icon file'
10:32:48 AM: Debug: Adding duplicate image handler for 'Windows cursor file'
10:32:48 AM: Debug: Adding duplicate image handler for 'Windows animated cursor file'
10:32:48 AM: Debug: Adding duplicate image handler for 'TGA file'
10:32:48 AM: Debug: Adding duplicate image handler for 'XPM file'
MORI_imu_P5R4 silk outline portions trimmed {}
10:32:48 AM: Debug: Adding duplicate image handler for 'PNG file'
10:32:48 AM: Debug: Adding duplicate image handler for 'JPEG file'
10:32:48 AM: Debug: Adding duplicate image handler for 'TIFF file'
10:32:48 AM: Debug: Adding duplicate image handler for 'GIF file'
10:32:48 AM: Debug: Adding duplicate image handler for 'PNM file'
10:32:48 AM: Debug: Adding duplicate image handler for 'PCX file'
10:32:48 AM: Debug: Adding duplicate image handler for 'IFF file'
10:32:48 AM: Debug: Adding duplicate image handler for 'Windows icon file'
10:32:48 AM: Debug: Adding duplicate image handler for 'Windows cursor file'
10:32:48 AM: Debug: Adding duplicate image handler for 'Windows animated cursor file'
10:32:48 AM: Debug: Adding duplicate image handler for 'TGA file'
10:32:48 AM: Debug: Adding duplicate image handler for 'XPM file'
imu_VDD_03 0 Counter() opens 0
