./src/common/stdpbase.cpp(59): assert ""traits"" failed in Get(): create wxApp before calling this
imu_paste_axes_01 5 Counter({'silk_overlap': 2}) opens 0
Traceback (most recent call last):
  File "/Users/dean/Documents/MORI/hardware/v1_2/tools/finish_imu_P5R4.py", line 18, in <module>
    print(p.GetNumber(),'copper',xy(p.GetSize()),'effective_paste',xy(p.GetSize()+m*2))
TypeError: unsupported operand type(s) for *: 'VECTOR2I' and 'int'
./src/common/stdpbase.cpp(59): assert ""traits"" failed in Get(): create wxApp before calling this
imu_paste_axes_02 0 Counter() opens 0
1 copper (0.475, 0.25) effective_paste (0.38, 0.2)
2 copper (0.475, 0.25) effective_paste (0.38, 0.2)
3 copper (0.475, 0.25) effective_paste (0.38, 0.2)
4 copper (0.475, 0.25) effective_paste (0.38, 0.2)
5 copper (0.25, 0.475) effective_paste (0.2, 0.38)
6 copper (0.25, 0.475) effective_paste (0.2, 0.38)
7 copper (0.25, 0.475) effective_paste (0.2, 0.38)
8 copper (0.475, 0.25) effective_paste (0.38, 0.2)
9 copper (0.475, 0.25) effective_paste (0.38, 0.2)
10 copper (0.475, 0.25) effective_paste (0.38, 0.2)
11 copper (0.475, 0.25) effective_paste (0.38, 0.2)
12 copper (0.25, 0.475) effective_paste (0.2, 0.38)
13 copper (0.25, 0.475) effective_paste (0.2, 0.38)
14 copper (0.25, 0.475) effective_paste (0.2, 0.38)
