00:00.297  blend            | Read blend: "/Users/dean/Documents/MORI/mechanical/mori_v1_2.blend"
Dock_Pad_0 OLD {'geometry_sha256': '59ad0566f0757c8b9c55fba9515f78666c69aaa7e50fd3a151d1ee789012e163', 'local_mesh_sha256': '59ad0566f0757c8b9c55fba9515f78666c69aaa7e50fd3a151d1ee789012e163', 'world_matrix': [[1.0, 0.0, 0.0, 0.0], [0.0, 1.0, 0.0, 0.0], [0.0, 0.0, 1.0, 0.0], [0.0, 0.0, 0.0, 1.0]], 'group': 'dock', 'category': 'PRINTABLE'} NEW {'geometry_sha256': '59ad0566f0757c8b9c55fba9515f78666c69aaa7e50fd3a151d1ee789012e163', 'local_mesh_sha256': '59ad0566f0757c8b9c55fba9515f78666c69aaa7e50fd3a151d1ee789012e163', 'world_matrix': [[1.0, 0.0, 0.0, 0.0], [0.0, 1.0, 0.0, 0.0], [0.0, 0.0, 1.0, 0.0], [0.0, 0.0, 0.0, 1.0]], 'group': 'dock', 'category': 'PRINTABLE'}
Parking_Cradle OLD {'geometry_sha256': '999bd6af56bf2114971b3005287ac900413058844603ba6ffafa8c51288e45cc', 'local_mesh_sha256': '999bd6af56bf2114971b3005287ac900413058844603ba6ffafa8c51288e45cc', 'world_matrix': [[1.0, 0.0, 0.0, 0.0], [0.0, 1.0, 0.0, 0.0], [0.0, 0.0, 1.0, 0.0], [0.0, 0.0, 0.0, 1.0]], 'group': 'dock', 'category': 'PRINTABLE'} NEW {'geometry_sha256': '999bd6af56bf2114971b3005287ac900413058844603ba6ffafa8c51288e45cc', 'local_mesh_sha256': '999bd6af56bf2114971b3005287ac900413058844603ba6ffafa8c51288e45cc', 'world_matrix': [[1.0, 0.0, 0.0, 0.0], [0.0, 1.0, 0.0, 0.0], [0.0, 0.0, 1.0, 0.0], [0.0, 0.0, 0.0, 1.0]], 'group': 'dock', 'category': 'PRINTABLE'}
added 0.013808721814875378 682
0.001792435360125494 (11.030683517456055, 45.6348876953125, 250.18380737304688, 16.979843139648438, 47.79354476928711, 257.741943359375)
0.0015720190614059322 (8.954792022705078, 45.6348876953125, 251.34645080566406, 15.87231731414795, 47.588539123535156, 257.741943359375)
0.00031227517251122984 (-3.9696972370147705, 40.73789596557617, 260.8916591952657, -2.4986257553100586, 45.52260975774099, 262.6082763671875)
0.00026109397404591294 (-1.7864797115325928, 41.236270904541016, 260.51336669921875, -0.8755819797515869, 45.8746337890625, 262.1524963378906)
0.00021658496637695274 (-5.777078628540039, 26.920204162597656, 268.8299560546875, -1.7758517265319824, 29.668794631958008, 272.79864501953125)
0.00021559451979942334 (-8.673134803771973, 38.27579879760742, 262.2935485839844, -5.041499137878418, 43.60289764404297, 264.7276916503906)
0.0002139099216371624 (0.8755759000778198, 41.23405838012695, 260.51336669921875, 1.7864826917648315, 45.874664306640625, 262.1544189453125)
0.00020680339522240274 (-8.673134803771973, 39.321266174316406, 262.2935485839844, -4.318263530731201, 43.9468879699707, 263.8068542480469)
0.00020625811383236683 (2.507878065109253, 40.737770080566406, 260.841874416659, 3.969667911529541, 45.56586169333656, 262.60833740234375)
0.0002059877426814607 (3.74364972114563, 33.44999313354492, 268.4844055175781, 6.9729108810424805, 36.298789978027344, 270.19244384765625)
0.0002017447896163569 (3.210900068283081, 39.82138442993164, 260.0635986328125, 6.053886890411377, 45.991492921672815, 263.3748474121094)
0.00019044754758825014 (-7.450952529907227, 37.984519958496094, 263.9722595214844, -5.159027576446533, 42.211063385009766, 264.964599609375)
0.00018777019713215248 (-7.342574119567871, 35.05799102783203, 266.525390625, -4.891925811767578, 38.35715103149414, 267.7718811035156)
0.00018758476097297414 (4.891866207122803, 33.86857986450195, 267.23675537109375, 7.342543125152588, 38.35710906982422, 268.2576904296875)
0.00018542302351523977 (4.324997425079346, 39.32119369506836, 262.2935485839844, 8.673144340515137, 43.94681930541992, 263.806884765625)
removed 0.049517073525793896 649
0.0015431286885836427 (47.396202202736205, 0.20001220703125, 254.89999389648438, 48.18593215942383, 1.6038693189620972, 258.7014334780148)
0.0013350537029451282 (47.76350402832031, 0.20001220703125, 254.89999389648438, 48.18593215942383, 1.8380274772644043, 258.2243347167969)
0.0011678271567022451 (48.11394500732422, 0.20001220703125, 254.89999389648438, 49.881656646728516, 2.136054277420044, 257.7654724121094)
0.001006773270699123 (48.11394500732422, 4.881341998154622, 254.89999389648438, 49.46139907836914, 6.511712551116943, 257.42718505859375)
0.0009728706484904915 (48.41197204589844, 0.20001220703125, 254.89999389648438, 49.881656646728516, 2.486496925354004, 257.33099365234375)
0.0009013293170996705 (-48.185997009277344, 0.20001220703125, 254.89999389648438, -47.16947201689262, 1.4425780773162842, 258.98058539956236)
0.0008644365699557824 (48.42594856485047, 4.513503074645996, 254.89999389648438, 49.46139907836914, 6.511712551116943, 257.0301985050367)
0.0008595379575590261 (46.562700824452854, 5.640798745717226, 254.89999389648438, 46.937299838771374, 6.1593918800354, 257.48744415473396)
0.0008487683599550841 (47.169478908008564, 0.20001220703125, 254.89999389648438, 48.18593215942383, 1.4425780773162842, 258.9419844308626)
0.0008435974606695723 (48.6461296081543, 0.20001220703125, 254.89999389648438, 49.881656646728516, 2.875887870788574, 256.98223876953125)
0.0007996789065179109 (-47.57276274359422, 1.4504823686880468, 254.89999389648438, -47.3962022031195, 1.513656702768386, 258.70152503025224)
0.0007711159042126088 (-47.37411117553711, 5.557421684265137, 254.89999389648438, -47.16945641559561, 5.608685504422197, 258.57369352364856)
0.0007709269309711924 (47.16945641635468, 5.557421684265137, 254.89999389648438, 47.37411117553711, 5.608685504296868, 258.57360975667007)
0.0007649703328449778 (48.6461296081543, 4.124112129211426, 254.89999389648438, 49.46139907836914, 6.511712551116943, 256.7651062011719)
0.0007595570286868522 (48.81313253653106, 0.20001220703125, 254.89999389648438, 49.881656646728516, 3.2892632484436035, 256.7259403133095)
Blender 5.2.2 LTS (hash d13f752e3b9c built 2026-09-15 01:49:19)

Blender quit
