{
  "output": "/Users/dean/Documents/MORI/hardware/v1_2/reviews/fourboards_P5R5_P5R4_external_20260925/native_audit.json",
  "existing_native_checks": {
    "power": {
      "record": "hardware/v1_2/layout_P5R5/reports/power",
      "input_files_checked": 122,
      "input_hash_mismatches": [],
      "version": "10.0.6",
      "drc_date": "2026-09-24T18:35:05",
      "erc_date": "2026-09-24T18:35:06",
      "DRC": 0,
      "ERC": 0,
      "unconnected": 0,
      "parity": 0,
      "ignored_DRC": [],
      "ignored_ERC": [],
      "rerun_in_this_review": false
    },
    "motion": {
      "record": "hardware/v1_2/layout_P5R5/reports/motion",
      "input_files_checked": 47,
      "input_hash_mismatches": [],
      "version": "10.0.6",
      "drc_date": "2026-09-24T18:29:13",
      "erc_date": "2026-09-24T18:29:15",
      "DRC": 0,
      "ERC": 0,
      "unconnected": 0,
      "parity": 0,
      "ignored_DRC": [],
      "ignored_ERC": [],
      "rerun_in_this_review": false
    },
    "rear": {
      "record": "hardware/v1_2/layout_P5R4/reports/rear",
      "input_files_checked": 25,
      "input_hash_mismatches": [],
      "version": "10.0.6",
      "drc_date": "2026-09-24T13:51:42",
      "erc_date": "2026-09-24T13:51:44",
      "DRC": 0,
      "ERC": 0,
      "unconnected": 0,
      "parity": 0,
      "ignored_DRC": [],
      "ignored_ERC": [],
      "rerun_in_this_review": false
    },
    "imu": {
      "record": "hardware/v1_2/layout_P5R4/reports/imu",
      "input_files_checked": 17,
      "input_hash_mismatches": [],
      "version": "10.0.6",
      "drc_date": "2026-09-24T13:51:45",
      "erc_date": "2026-09-24T13:51:46",
      "DRC": 0,
      "ERC": 0,
      "unconnected": 0,
      "parity": 0,
      "ignored_DRC": [],
      "ignored_ERC": [],
      "rerun_in_this_review": false
    }
  },
  "power_routes": {
    "60_SW_to_CBOOT": {
      "status": "PASS",
      "planar_length_mm": 11.532107659866558,
      "via_count": 2
    },
    "60_BOOT_to_CBOOT": {
      "status": "PASS",
      "planar_length_mm": 1.675,
      "via_count": 0
    },
    "60_SW_to_L": {
      "status": "PASS",
      "planar_length_mm": 8.425,
      "via_count": 2
    },
    "60_quiet_GND": {
      "status": "PASS",
      "planar_length_mm": 13.644850238342812,
      "via_count": 2
    },
    "70_SW_to_CBOOT": {
      "status": "PASS",
      "planar_length_mm": 12.032107366972987,
      "via_count": 2
    },
    "70_BOOT_to_CBOOT": {
      "status": "PASS",
      "planar_length_mm": 2.175,
      "via_count": 0
    },
    "70_SW_to_L": {
      "status": "PASS",
      "planar_length_mm": 7.675000000000001,
      "via_count": 2
    },
    "70_quiet_GND": {
      "status": "PASS",
      "planar_length_mm": 14.043377789980232,
      "via_count": 2
    }
  },
  "diodes": {
    "power": {
      "D20": {
        "value": "BZT52H-C10,115",
        "footprint": "D_SOD-123F",
        "layer": "F.Cu",
        "dnp": false,
        "pads": [
          {
            "pin": "1",
            "net": "/W_BRAKE_GATE",
            "xy_mm": [
              71.6,
              9.5
            ],
            "size_mm": [
              1.1,
              1.1
            ]
          },
          {
            "pin": "2",
            "net": "/GND",
            "xy_mm": [
              74.4,
              9.5
            ],
            "size_mm": [
              1.1,
              1.1
            ]
          }
        ]
      },
      "D1": {
        "value": "BZT52H-C10,115",
        "footprint": "D_SOD-123F",
        "layer": "F.Cu",
        "dnp": false,
        "pads": [
          {
            "pin": "1",
            "net": "/BAT_REV",
            "xy_mm": [
              27.4,
              17.5
            ],
            "size_mm": [
              1.1,
              1.1
            ]
          },
          {
            "pin": "2",
            "net": "/REV_GATE",
            "xy_mm": [
              24.6,
              17.5
            ],
            "size_mm": [
              1.1,
              1.1
            ]
          }
        ]
      },
      "D40": {
        "value": "BZT52H-C10,115",
        "footprint": "D_SOD-123F__P5_D40",
        "layer": "F.Cu",
        "dnp": false,
        "pads": [
          {
            "pin": "1",
            "net": "/H_BRAKE_GATE",
            "xy_mm": [
              58.1,
              51.0
            ],
            "size_mm": [
              1.1,
              1.1
            ]
          },
          {
            "pin": "2",
            "net": "/GND",
            "xy_mm": [
              60.9,
              51.0
            ],
            "size_mm": [
              1.1,
              1.1
            ]
          }
        ]
      },
      "D30": {
        "value": "B540C-13-F",
        "footprint": "D_SMC__P5_D30",
        "layer": "F.Cu",
        "dnp": false,
        "pads": [
          {
            "pin": "1",
            "net": "/H_PRE",
            "xy_mm": [
              36.0,
              31.6
            ],
            "size_mm": [
              3.3,
              2.5
            ]
          },
          {
            "pin": "2",
            "net": "/H6_IN",
            "xy_mm": [
              36.0,
              38.4
            ],
            "size_mm": [
              3.3,
              2.5
            ]
          }
        ]
      },
      "D10": {
        "value": "B540C-13-F",
        "footprint": "D_SMC__P3_D10__P5_D10",
        "layer": "F.Cu",
        "dnp": false,
        "pads": [
          {
            "pin": "1",
            "net": "/W_PRE",
            "xy_mm": [
              47.4,
              13.5
            ],
            "size_mm": [
              3.3,
              2.5
            ]
          },
          {
            "pin": "2",
            "net": "/W9_IN",
            "xy_mm": [
              40.6,
              13.5
            ],
            "size_mm": [
              3.3,
              2.5
            ]
          }
        ]
      },
      "D90": {
        "value": "BZT52H-C10,115",
        "footprint": "D_SOD-123F",
        "layer": "F.Cu",
        "dnp": false,
        "pads": [
          {
            "pin": "1",
            "net": "/PACK_FUSED",
            "xy_mm": [
              9.9,
              10.5
            ],
            "size_mm": [
              1.1,
              1.1
            ]
          },
          {
            "pin": "2",
            "net": "/MASTER_GATE",
            "xy_mm": [
              7.1,
              10.5
            ],
            "size_mm": [
              1.1,
              1.1
            ]
          }
        ]
      }
    },
    "motion": {
      "D3": {
        "value": "BAT54H,115",
        "footprint": "D_SOD-123__P5_D3",
        "layer": "B.Cu",
        "dnp": false,
        "pads": [
          {
            "pin": "1",
            "net": "/CHG_N",
            "xy_mm": [
              27.0,
              19.15
            ],
            "size_mm": [
              0.9,
              1.2
            ]
          },
          {
            "pin": "2",
            "net": "/CLR_N",
            "xy_mm": [
              27.0,
              15.85
            ],
            "size_mm": [
              0.9,
              1.2
            ]
          }
        ]
      },
      "D2": {
        "value": "BAT54H,115",
        "footprint": "D_SOD-123",
        "layer": "B.Cu",
        "dnp": false,
        "pads": [
          {
            "pin": "1",
            "net": "/FAULT_N",
            "xy_mm": [
              13.0,
              17.15
            ],
            "size_mm": [
              0.9,
              1.2
            ]
          },
          {
            "pin": "2",
            "net": "/CLR_N",
            "xy_mm": [
              13.0,
              13.85
            ],
            "size_mm": [
              0.9,
              1.2
            ]
          }
        ]
      },
      "D1": {
        "value": "BAT54H,115",
        "footprint": "D_SOD-123",
        "layer": "B.Cu",
        "dnp": false,
        "pads": [
          {
            "pin": "1",
            "net": "/NRST",
            "xy_mm": [
              30.0,
              22.65
            ],
            "size_mm": [
              0.9,
              1.2
            ]
          },
          {
            "pin": "2",
            "net": "/CLR_N",
            "xy_mm": [
              30.0,
              19.35
            ],
            "size_mm": [
              0.9,
              1.2
            ]
          }
        ]
      }
    },
    "rear": {
      "D2": {
        "value": "PESD5V0L1BA,115",
        "footprint": "D_SOD-323__P5_D2",
        "layer": "B.Cu",
        "dnp": false,
        "pads": [
          {
            "pin": "1",
            "net": "/CC1",
            "xy_mm": [
              12.0,
              9.85
            ],
            "size_mm": [
              0.6,
              0.45
            ]
          },
          {
            "pin": "2",
            "net": "/GND",
            "xy_mm": [
              9.9,
              9.85
            ],
            "size_mm": [
              0.6,
              0.45
            ]
          }
        ]
      },
      "D3": {
        "value": "PESD5V0L1BA,115",
        "footprint": "D_SOD-323__P5_D3",
        "layer": "B.Cu",
        "dnp": false,
        "pads": [
          {
            "pin": "1",
            "net": "/CC2",
            "xy_mm": [
              13.25,
              9.5
            ],
            "size_mm": [
              0.6,
              0.45
            ]
          },
          {
            "pin": "2",
            "net": "/GND",
            "xy_mm": [
              15.35,
              9.5
            ],
            "size_mm": [
              0.6,
              0.45
            ]
          }
        ]
      },
      "D1": {
        "value": "SMF24A / Littelfuse",
        "footprint": "D_SOD-123F__P5_D1",
        "layer": "B.Cu",
        "dnp": false,
        "pads": [
          {
            "pin": "1",
            "net": "/VBUS_FUSED",
            "xy_mm": [
              5.3,
              17.7
            ],
            "size_mm": [
              1.1,
              1.1
            ]
          },
          {
            "pin": "2",
            "net": "/GND",
            "xy_mm": [
              2.5,
              17.7
            ],
            "size_mm": [
              1.1,
              1.1
            ]
          }
        ]
      }
    },
    "imu": {}
  },
  "silk_counts": {
    "power": 78,
    "motion": 27,
    "rear": 0,
    "imu": 3
  }
}
