00:00.396  blend            | Read blend: "/Users/dean/Documents/MORI/mechanical/mori_v1_2.blend"
RENDER electronics_bay
00:08.424  render           | Saved: '/Users/dean/Documents/MORI/mechanical/renders/electronics_bay.png'
RENDER electronics_underside
00:14.140  render           | Saved: '/Users/dean/Documents/MORI/mechanical/renders/electronics_underside.png'
RENDER pcb_power
00:19.363  render           | Saved: '/Users/dean/Documents/MORI/mechanical/renders/pcb_power.png'
RENDER pcb_motion
00:26.829  render           | Saved: '/Users/dean/Documents/MORI/mechanical/renders/pcb_motion.png'
RENDER pcb_imu
00:33.406  render           | Saved: '/Users/dean/Documents/MORI/mechanical/renders/pcb_imu.png'
RENDER pcb_rear
00:38.135  render           | Saved: '/Users/dean/Documents/MORI/mechanical/renders/pcb_rear.png'
RENDER pcb_rear_bottom
00:42.951  render           | Saved: '/Users/dean/Documents/MORI/mechanical/renders/pcb_rear_bottom.png'
RENDER pcb_bucks
00:47.361  render           | Saved: '/Users/dean/Documents/MORI/mechanical/renders/pcb_bucks.png'
RENDER bridge_joint_detail
00:53.543  render           | Saved: '/Users/dean/Documents/MORI/mechanical/renders/bridge_joint_detail.png'
RENDER bridge_joint_exploded
00:59.320  render           | Saved: '/Users/dean/Documents/MORI/mechanical/renders/bridge_joint_exploded.png'
RENDER yaw_stop_detail
01:04.321  render           | Saved: '/Users/dean/Documents/MORI/mechanical/renders/yaw_stop_detail.png'
RENDER yaw_stop_exploded
01:09.506  render           | Saved: '/Users/dean/Documents/MORI/mechanical/renders/yaw_stop_exploded.png'
RENDER battery_tray_fit
01:16.542  render           | Saved: '/Users/dean/Documents/MORI/mechanical/renders/battery_tray_fit.png'
RENDER battery_frame_flat
01:21.825  render           | Saved: '/Users/dean/Documents/MORI/mechanical/renders/battery_frame_flat.png'
RENDER battery_tray_wide
01:26.737  render           | Saved: '/Users/dean/Documents/MORI/mechanical/renders/battery_tray_wide.png'
RENDER power_seats
01:33.240  render           | Saved: '/Users/dean/Documents/MORI/mechanical/renders/power_seats.png'
/Users/dean/Documents/MORI/mechanical/scripts/render.py:187: DeprecationWarning: 'Material.use_nodes' is expected to be removed in Blender 6.0
  mat.use_nodes=True;nodes=mat.node_tree.nodes;nodes.clear()
RENDER power_board_mounted
01:41.128  render           | Saved: '/Users/dean/Documents/MORI/mechanical/renders/power_board_mounted.png'
RENDER battery_retention_detail
01:49.713  render           | Saved: '/Users/dean/Documents/MORI/mechanical/renders/battery_retention_detail.png'
RENDER battery_retention_open
01:58.723  render           | Saved: '/Users/dean/Documents/MORI/mechanical/renders/battery_retention_open.png'
RENDER flush_bridge
02:05.032  render           | Saved: '/Users/dean/Documents/MORI/mechanical/renders/flush_bridge.png'
RENDER flush_bridge_underside
02:11.716  render           | Saved: '/Users/dean/Documents/MORI/mechanical/renders/flush_bridge_underside.png'
RENDER flush_speaker
02:17.317  render           | Saved: '/Users/dean/Documents/MORI/mechanical/renders/flush_speaker.png'
RENDER flush_cap
02:22.279  render           | Saved: '/Users/dean/Documents/MORI/mechanical/renders/flush_cap.png'
RENDER flush_reaction
02:27.774  render           | Saved: '/Users/dean/Documents/MORI/mechanical/renders/flush_reaction.png'
RENDER consolidated_yaw
02:34.588  render           | Saved: '/Users/dean/Documents/MORI/mechanical/renders/consolidated_yaw.png'
RENDER consolidated_base
02:40.661  render           | Saved: '/Users/dean/Documents/MORI/mechanical/renders/consolidated_base.png'
RENDER consolidated_camera
02:50.112  render           | Saved: '/Users/dean/Documents/MORI/mechanical/renders/consolidated_camera.png'
RENDER consolidated_wheel
03:00.262  render           | Saved: '/Users/dean/Documents/MORI/mechanical/renders/consolidated_wheel.png'
RENDER rear_interface_section
03:06.176  render           | Saved: '/Users/dean/Documents/MORI/mechanical/renders/rear_interface_section.png'
RENDER frame_underside
03:12.643  render           | Saved: '/Users/dean/Documents/MORI/mechanical/renders/frame_underside.png'
RENDER face_surface_side
03:19.935  render           | Saved: '/Users/dean/Documents/MORI/mechanical/renders/face_surface_side.png'
RENDER imu_underside
03:26.665  render           | Saved: '/Users/dean/Documents/MORI/mechanical/renders/imu_underside.png'
RENDER rear_interface_detail
03:33.009  render           | Saved: '/Users/dean/Documents/MORI/mechanical/renders/rear_interface_detail.png'
/Users/dean/Documents/MORI/mechanical/scripts/render.py:154: DeprecationWarning: 'Material.use_nodes' is expected to be removed in Blender 6.0
  shell=bpy.data.objects[PREFIX+n];mat=bpy.data.materials.get(PREFIX+'level_xray') or bpy.data.materials.new(PREFIX+'level_xray');mat.use_nodes=True;nodes=mat.node_tree.nodes;nodes.clear();out=nodes.new('ShaderNodeOutputMaterial');mix=nodes.new('ShaderNodeMixShader');mix.inputs[0].default_value=.82;solid=nodes.new('ShaderNodeBsdfDiffuse');solid.inputs['Color'].default_value=(.8,.85,.9,1);clear=nodes.new('ShaderNodeBsdfTransparent');mat.node_tree.links.new(solid.outputs[0],mix.inputs[1]);mat.node_tree.links.new(clear.outputs[0],mix.inputs[2]);mat.node_tree.links.new(mix.outputs[0],out.inputs[0]);shell.data.materials.clear();shell.data.materials.append(mat)
RENDER level_head_side
03:47.315  render           | Saved: '/Users/dean/Documents/MORI/mechanical/renders/level_head_side.png'
RENDER deck_plan
03:55.403  render           | Saved: '/Users/dean/Documents/MORI/mechanical/renders/deck_plan.png'
RENDER weact_detail
04:00.975  render           | Saved: '/Users/dean/Documents/MORI/mechanical/renders/weact_detail.png'
/Users/dean/Documents/MORI/mechanical/scripts/render.py:135: DeprecationWarning: 'Material.use_nodes' is expected to be removed in Blender 6.0
  mat=bpy.data.materials.get(PREFIX+'speaker_xray') or bpy.data.materials.new(PREFIX+'speaker_xray');mat.use_nodes=True;nodes=mat.node_tree.nodes;nodes.clear();out=nodes.new('ShaderNodeOutputMaterial');mix=nodes.new('ShaderNodeMixShader');mix.inputs[0].default_value=.84;solid=nodes.new('ShaderNodeBsdfDiffuse');solid.inputs['Color'].default_value=(.65,.72,.78,1);clear=nodes.new('ShaderNodeBsdfTransparent');mat.node_tree.links.new(solid.outputs[0],mix.inputs[1]);mat.node_tree.links.new(clear.outputs[0],mix.inputs[2]);mat.node_tree.links.new(mix.outputs[0],out.inputs[0]);shell.data.materials.clear();shell.data.materials.append(mat)
RENDER speaker_shell_detail
04:17.435  render           | Saved: '/Users/dean/Documents/MORI/mechanical/renders/speaker_shell_detail.png'
RENDER mic_detail
04:23.165  render           | Saved: '/Users/dean/Documents/MORI/mechanical/renders/mic_detail.png'
/Users/dean/Documents/MORI/mechanical/scripts/render.py:145: DeprecationWarning: 'Material.use_nodes' is expected to be removed in Blender 6.0
  mat=bpy.data.materials.new(PREFIX+'mic_open_'+n);mat.use_nodes=True;nodes=mat.node_tree.nodes;nodes.clear();out=nodes.new('ShaderNodeOutputMaterial');mix=nodes.new('ShaderNodeMixShader');mix.inputs[0].default_value=alpha;solid=nodes.new('ShaderNodeBsdfDiffuse');solid.inputs['Color'].default_value=(.8,.86,.9,1);clear=nodes.new('ShaderNodeBsdfTransparent');mat.node_tree.links.new(solid.outputs[0],mix.inputs[1]);mat.node_tree.links.new(clear.outputs[0],mix.inputs[2]);mat.node_tree.links.new(mix.outputs[0],out.inputs[0]);ob=bpy.data.objects[PREFIX+n];ob.data.materials.clear();ob.data.materials.append(mat)
RENDER mic_open_path
04:37.713  render           | Saved: '/Users/dean/Documents/MORI/mechanical/renders/mic_open_path.png'
RENDER belly_detail
04:49.255  render           | Saved: '/Users/dean/Documents/MORI/mechanical/renders/belly_detail.png'
RENDER yaw_drive_detail
05:16.209  render           | Saved: '/Users/dean/Documents/MORI/mechanical/renders/yaw_drive_detail.png'
RENDER 45_assembled
05:32.096  render           | Saved: '/Users/dean/Documents/MORI/mechanical/renders/45_assembled.png'
RENDER front
05:38.998  render           | Saved: '/Users/dean/Documents/MORI/mechanical/renders/front.png'
RENDER side
05:45.554  render           | Saved: '/Users/dean/Documents/MORI/mechanical/renders/side.png'
RENDER rear
05:58.372  render           | Saved: '/Users/dean/Documents/MORI/mechanical/renders/rear.png'
RENDER top
06:17.067  render           | Saved: '/Users/dean/Documents/MORI/mechanical/renders/top.png'
RENDER bottom
06:37.646  render           | Saved: '/Users/dean/Documents/MORI/mechanical/renders/bottom.png'
RENDER exploded
06:55.825  render           | Saved: '/Users/dean/Documents/MORI/mechanical/renders/exploded.png'
RENDER internal
07:14.675  render           | Saved: '/Users/dean/Documents/MORI/mechanical/renders/internal.png'
RENDER structure_only
07:34.476  render           | Saved: '/Users/dean/Documents/MORI/mechanical/renders/structure_only.png'
RENDER structure_exploded
07:54.507  render           | Saved: '/Users/dean/Documents/MORI/mechanical/renders/structure_exploded.png'
RENDER deck_detail
08:24.917  render           | Saved: '/Users/dean/Documents/MORI/mechanical/renders/deck_detail.png'
RENDER head_support
08:30.600  render           | Saved: '/Users/dean/Documents/MORI/mechanical/renders/head_support.png'
RENDER face_detail
08:41.321  render           | Saved: '/Users/dean/Documents/MORI/mechanical/renders/face_detail.png'
RENDER head_section
08:48.277  render           | Saved: '/Users/dean/Documents/MORI/mechanical/renders/head_section.png'
RENDER screen_outline_review
08:53.751  render           | Saved: '/Users/dean/Documents/MORI/mechanical/renders/screen_outline_review.png'
RENDER clearance
08:58.641  render           | Saved: '/Users/dean/Documents/MORI/mechanical/renders/clearance.png'
RENDER balance_side
09:03.320  render           | Saved: '/Users/dean/Documents/MORI/mechanical/renders/balance_side.png'
RENDER wheel_gap_detail
09:09.084  render           | Saved: '/Users/dean/Documents/MORI/mechanical/renders/wheel_gap_detail.png'
RENDER pose_up
09:16.953  render           | Saved: '/Users/dean/Documents/MORI/mechanical/renders/pose_up.png'
RENDER pose_down
09:25.130  render           | Saved: '/Users/dean/Documents/MORI/mechanical/renders/pose_down.png'
RENDER docked
09:33.076  render           | Saved: '/Users/dean/Documents/MORI/mechanical/renders/docked.png'
RENDER_COMPLETE
Blender 5.2.1 LTS (hash 9e2066aef7ef built 2026-08-25 01:35:57)

Blender quit
