PAD_DELIVERY check_rebuild START
PAD_DELIVERY check_rebuild 0
PAD_DELIVERY validate START
PAD_DELIVERY validate 0
PAD_DELIVERY render START
PAD_DELIVERY export START
PAD_DELIVERY export_wheel_metal START
PAD_DELIVERY servo_comparison START
PAD_DELIVERY animation START
PAD_DELIVERY pad_comparison START
PAD_DELIVERY foot_comparison START
PAD_DELIVERY export_wheel_metal 0
PAD_DELIVERY export 0
PAD_DELIVERY foot_comparison 0
PAD_DELIVERY pad_comparison 0
PAD_DELIVERY servo_comparison 0
PAD_DELIVERY animation 0
PAD_DELIVERY render 0
PAD_DELIVERY head_comparison START
PAD_DELIVERY corner_comparison START
PAD_DELIVERY catalog START
PAD_DELIVERY export_electronics_detail START
PAD_DELIVERY drive_comparison START
PAD_DELIVERY retained_interfaces START
PAD_DELIVERY catalog 0
PAD_DELIVERY retained_interfaces 0
PAD_DELIVERY export_electronics_detail 0
PAD_DELIVERY corner_comparison 0
PAD_DELIVERY head_comparison 0
PAD_DELIVERY drive_comparison 0
PAD_DELIVERY structure_metadata START
PAD_DELIVERY structure_metadata 0
PAD_DELIVERY delivery_check START
PAD_DELIVERY electronics_detail_check START
PAD_DELIVERY electronics_detail_check 0
PAD_DELIVERY delivery_check 0
PAD_DELIVERY report START
PAD_DELIVERY report 0
PAD_DELIVERY_COMPLETE
