00:00.527  blend            | Read blend: "/Users/dean/Documents/MORI/mechanical/mori_v1_2.blend"
00:01.388  render           | Saved: '/Users/dean/Documents/MORI/mechanical/renders/parts/Battery.png'
PART_PREVIEW 1 106 MORI_V1__Battery
00:01.843  render           | Saved: '/Users/dean/Documents/MORI/mechanical/renders/parts/Battery_Retainer_Insert_-1.png'
PART_PREVIEW 2 106 MORI_V1__Battery_Retainer_Insert_-1
00:02.302  render           | Saved: '/Users/dean/Documents/MORI/mechanical/renders/parts/Battery_Retainer_Insert_1.png'
PART_PREVIEW 3 106 MORI_V1__Battery_Retainer_Insert_1
00:02.767  render           | Saved: '/Users/dean/Documents/MORI/mechanical/renders/parts/Battery_Retainer_Screw_-1.png'
PART_PREVIEW 4 106 MORI_V1__Battery_Retainer_Screw_-1
00:03.240  render           | Saved: '/Users/dean/Documents/MORI/mechanical/renders/parts/Battery_Retainer_Screw_1.png'
PART_PREVIEW 5 106 MORI_V1__Battery_Retainer_Screw_1
00:03.725  render           | Saved: '/Users/dean/Documents/MORI/mechanical/renders/parts/Battery_Tray.png'
PART_PREVIEW 6 106 MORI_V1__Battery_Tray
00:04.238  render           | Saved: '/Users/dean/Documents/MORI/mechanical/renders/parts/Body_IMU.png'
PART_PREVIEW 7 106 MORI_V1__Body_IMU
00:04.790  render           | Saved: '/Users/dean/Documents/MORI/mechanical/renders/parts/Body_Lower.png'
PART_PREVIEW 8 106 MORI_V1__Body_Lower
00:05.246  render           | Saved: '/Users/dean/Documents/MORI/mechanical/renders/parts/Body_Top_Shroud.png'
PART_PREVIEW 9 106 MORI_V1__Body_Top_Shroud
00:05.760  render           | Saved: '/Users/dean/Documents/MORI/mechanical/renders/parts/Body_Upper.png'
PART_PREVIEW 10 106 MORI_V1__Body_Upper
00:06.241  render           | Saved: '/Users/dean/Documents/MORI/mechanical/renders/parts/Button_Cap.png'
PART_PREVIEW 11 106 MORI_V1__Button_Cap
00:06.762  render           | Saved: '/Users/dean/Documents/MORI/mechanical/renders/parts/CAM_Mainboard.png'
PART_PREVIEW 12 106 MORI_V1__CAM_Mainboard
00:07.258  render           | Saved: '/Users/dean/Documents/MORI/mechanical/renders/parts/Camera_Baffle.png'
PART_PREVIEW 13 106 MORI_V1__Camera_Baffle
00:07.749  render           | Saved: '/Users/dean/Documents/MORI/mechanical/renders/parts/Camera_Lens.png'
PART_PREVIEW 14 106 MORI_V1__Camera_Lens
00:08.278  render           | Saved: '/Users/dean/Documents/MORI/mechanical/renders/parts/Camera_PCB.png'
PART_PREVIEW 15 106 MORI_V1__Camera_PCB
00:08.778  render           | Saved: '/Users/dean/Documents/MORI/mechanical/renders/parts/Camera_Window.png'
PART_PREVIEW 16 106 MORI_V1__Camera_Window
00:09.277  render           | Saved: '/Users/dean/Documents/MORI/mechanical/renders/parts/Coupon_Insert.png'
PART_PREVIEW 17 106 MORI_V1__Coupon_Insert
00:09.816  render           | Saved: '/Users/dean/Documents/MORI/mechanical/renders/parts/Coupon_Mating_Tab.png'
PART_PREVIEW 18 106 MORI_V1__Coupon_Mating_Tab
00:10.308  render           | Saved: '/Users/dean/Documents/MORI/mechanical/renders/parts/Coupon_Plane_Fit.png'
PART_PREVIEW 19 106 MORI_V1__Coupon_Plane_Fit
00:10.771  render           | Saved: '/Users/dean/Documents/MORI/mechanical/renders/parts/Display_Frame.png'
PART_PREVIEW 20 106 MORI_V1__Display_Frame
00:11.219  render           | Saved: '/Users/dean/Documents/MORI/mechanical/renders/parts/Display_Frame_Nut_-1.png'
PART_PREVIEW 21 106 MORI_V1__Display_Frame_Nut_-1
00:11.674  render           | Saved: '/Users/dean/Documents/MORI/mechanical/renders/parts/Display_Frame_Nut_1.png'
PART_PREVIEW 22 106 MORI_V1__Display_Frame_Nut_1
00:12.132  render           | Saved: '/Users/dean/Documents/MORI/mechanical/renders/parts/Display_Frame_Screw_-1.png'
PART_PREVIEW 23 106 MORI_V1__Display_Frame_Screw_-1
00:12.596  render           | Saved: '/Users/dean/Documents/MORI/mechanical/renders/parts/Display_Frame_Screw_1.png'
PART_PREVIEW 24 106 MORI_V1__Display_Frame_Screw_1
00:13.352  render           | Saved: '/Users/dean/Documents/MORI/mechanical/renders/parts/Display_PCB.png'
PART_PREVIEW 25 106 MORI_V1__Display_PCB
00:13.802  render           | Saved: '/Users/dean/Documents/MORI/mechanical/renders/parts/Dock_Pad_0.png'
PART_PREVIEW 26 106 MORI_V1__Dock_Pad_0
00:14.277  render           | Saved: '/Users/dean/Documents/MORI/mechanical/renders/parts/Dock_Pad_1.png'
PART_PREVIEW 27 106 MORI_V1__Dock_Pad_1
00:14.753  render           | Saved: '/Users/dean/Documents/MORI/mechanical/renders/parts/Dock_Pad_2.png'
PART_PREVIEW 28 106 MORI_V1__Dock_Pad_2
00:15.261  render           | Saved: '/Users/dean/Documents/MORI/mechanical/renders/parts/Dock_Pad_3.png'
PART_PREVIEW 29 106 MORI_V1__Dock_Pad_3
00:15.809  render           | Saved: '/Users/dean/Documents/MORI/mechanical/renders/parts/Drive_Motor_L.png'
PART_PREVIEW 30 106 MORI_V1__Drive_Motor_L
00:16.361  render           | Saved: '/Users/dean/Documents/MORI/mechanical/renders/parts/Drive_Motor_R.png'
PART_PREVIEW 31 106 MORI_V1__Drive_Motor_R
00:16.826  render           | Saved: '/Users/dean/Documents/MORI/mechanical/renders/parts/Face_Mask.png'
PART_PREVIEW 32 106 MORI_V1__Face_Mask
00:17.319  render           | Saved: '/Users/dean/Documents/MORI/mechanical/renders/parts/Face_Protector.png'
PART_PREVIEW 33 106 MORI_V1__Face_Protector
00:17.797  render           | Saved: '/Users/dean/Documents/MORI/mechanical/renders/parts/Frame_Insert_0.png'
PART_PREVIEW 34 106 MORI_V1__Frame_Insert_0
00:18.328  render           | Saved: '/Users/dean/Documents/MORI/mechanical/renders/parts/Frame_Insert_1.png'
PART_PREVIEW 35 106 MORI_V1__Frame_Insert_1
00:18.941  render           | Saved: '/Users/dean/Documents/MORI/mechanical/renders/parts/Frame_Insert_2.png'
PART_PREVIEW 36 106 MORI_V1__Frame_Insert_2
00:19.504  render           | Saved: '/Users/dean/Documents/MORI/mechanical/renders/parts/Frame_Insert_3.png'
PART_PREVIEW 37 106 MORI_V1__Frame_Insert_3
00:20.012  render           | Saved: '/Users/dean/Documents/MORI/mechanical/renders/parts/Frame_Screw_0.png'
PART_PREVIEW 38 106 MORI_V1__Frame_Screw_0
00:20.479  render           | Saved: '/Users/dean/Documents/MORI/mechanical/renders/parts/Frame_Screw_1.png'
PART_PREVIEW 39 106 MORI_V1__Frame_Screw_1
00:20.946  render           | Saved: '/Users/dean/Documents/MORI/mechanical/renders/parts/Frame_Screw_2.png'
PART_PREVIEW 40 106 MORI_V1__Frame_Screw_2
00:21.416  render           | Saved: '/Users/dean/Documents/MORI/mechanical/renders/parts/Frame_Screw_3.png'
PART_PREVIEW 41 106 MORI_V1__Frame_Screw_3
00:21.897  render           | Saved: '/Users/dean/Documents/MORI/mechanical/renders/parts/Function_Button.png'
PART_PREVIEW 42 106 MORI_V1__Function_Button
00:22.400  render           | Saved: '/Users/dean/Documents/MORI/mechanical/renders/parts/Head_Front.png'
PART_PREVIEW 43 106 MORI_V1__Head_Front
00:22.968  render           | Saved: '/Users/dean/Documents/MORI/mechanical/renders/parts/Head_Rear.png'
PART_PREVIEW 44 106 MORI_V1__Head_Rear
00:23.590  render           | Saved: '/Users/dean/Documents/MORI/mechanical/renders/parts/Load_Frame.png'
PART_PREVIEW 45 106 MORI_V1__Load_Frame
00:24.100  render           | Saved: '/Users/dean/Documents/MORI/mechanical/renders/parts/MCU_Motion.png'
PART_PREVIEW 46 106 MORI_V1__MCU_Motion
00:24.587  render           | Saved: '/Users/dean/Documents/MORI/mechanical/renders/parts/Mic_Duct_L.png'
PART_PREVIEW 47 106 MORI_V1__Mic_Duct_L
00:25.079  render           | Saved: '/Users/dean/Documents/MORI/mechanical/renders/parts/Mic_Duct_R.png'
PART_PREVIEW 48 106 MORI_V1__Mic_Duct_R
00:25.559  render           | Saved: '/Users/dean/Documents/MORI/mechanical/renders/parts/Motor_Retainer.png'
PART_PREVIEW 49 106 MORI_V1__Motor_Retainer
00:25.985  render           | Saved: '/Users/dean/Documents/MORI/mechanical/renders/parts/Motor_Retainer_Insert_0.png'
PART_PREVIEW 50 106 MORI_V1__Motor_Retainer_Insert_0
00:26.375  render           | Saved: '/Users/dean/Documents/MORI/mechanical/renders/parts/Motor_Retainer_Insert_1.png'
PART_PREVIEW 51 106 MORI_V1__Motor_Retainer_Insert_1
00:26.780  render           | Saved: '/Users/dean/Documents/MORI/mechanical/renders/parts/Motor_Retainer_Pad_-1.png'
PART_PREVIEW 52 106 MORI_V1__Motor_Retainer_Pad_-1
00:27.229  render           | Saved: '/Users/dean/Documents/MORI/mechanical/renders/parts/Motor_Retainer_Pad_1.png'
PART_PREVIEW 53 106 MORI_V1__Motor_Retainer_Pad_1
00:27.684  render           | Saved: '/Users/dean/Documents/MORI/mechanical/renders/parts/Motor_Retainer_Screw_0.png'
PART_PREVIEW 54 106 MORI_V1__Motor_Retainer_Screw_0
00:28.150  render           | Saved: '/Users/dean/Documents/MORI/mechanical/renders/parts/Motor_Retainer_Screw_1.png'
PART_PREVIEW 55 106 MORI_V1__Motor_Retainer_Screw_1
00:28.624  render           | Saved: '/Users/dean/Documents/MORI/mechanical/renders/parts/Parking_Cradle.png'
PART_PREVIEW 56 106 MORI_V1__Parking_Cradle
00:29.654  render           | Saved: '/Users/dean/Documents/MORI/mechanical/renders/parts/Pitch_Bearing_L.png'
PART_PREVIEW 57 106 MORI_V1__Pitch_Bearing_L
00:30.434  render           | Saved: '/Users/dean/Documents/MORI/mechanical/renders/parts/Pitch_Bearing_R.png'
PART_PREVIEW 58 106 MORI_V1__Pitch_Bearing_R
00:30.999  render           | Saved: '/Users/dean/Documents/MORI/mechanical/renders/parts/Pitch_Cable_Clip.png'
PART_PREVIEW 59 106 MORI_V1__Pitch_Cable_Clip
00:31.698  render           | Saved: '/Users/dean/Documents/MORI/mechanical/renders/parts/Pitch_Cradle.png'
PART_PREVIEW 60 106 MORI_V1__Pitch_Cradle
00:32.721  render           | Saved: '/Users/dean/Documents/MORI/mechanical/renders/parts/Pitch_Horn.png'
PART_PREVIEW 61 106 MORI_V1__Pitch_Horn
00:33.167  render           | Saved: '/Users/dean/Documents/MORI/mechanical/renders/parts/Pitch_Lock_Screw.png'
PART_PREVIEW 62 106 MORI_V1__Pitch_Lock_Screw
00:33.598  render           | Saved: '/Users/dean/Documents/MORI/mechanical/renders/parts/Pitch_Output.png'
PART_PREVIEW 63 106 MORI_V1__Pitch_Output
00:34.036  render           | Saved: '/Users/dean/Documents/MORI/mechanical/renders/parts/Pitch_Servo.png'
PART_PREVIEW 64 106 MORI_V1__Pitch_Servo
00:34.474  render           | Saved: '/Users/dean/Documents/MORI/mechanical/renders/parts/Pitch_Trunnion_L.png'
PART_PREVIEW 65 106 MORI_V1__Pitch_Trunnion_L
00:34.895  render           | Saved: '/Users/dean/Documents/MORI/mechanical/renders/parts/Pitch_Trunnion_R.png'
PART_PREVIEW 66 106 MORI_V1__Pitch_Trunnion_R
00:35.411  render           | Saved: '/Users/dean/Documents/MORI/mechanical/renders/parts/Pitch_Yoke.png'
PART_PREVIEW 67 106 MORI_V1__Pitch_Yoke
00:35.849  render           | Saved: '/Users/dean/Documents/MORI/mechanical/renders/parts/Power_Module.png'
PART_PREVIEW 68 106 MORI_V1__Power_Module
00:36.319  render           | Saved: '/Users/dean/Documents/MORI/mechanical/renders/parts/Power_Switch.png'
PART_PREVIEW 69 106 MORI_V1__Power_Switch
00:36.773  render           | Saved: '/Users/dean/Documents/MORI/mechanical/renders/parts/S288_Output_L_Inner.png'
PART_PREVIEW 70 106 MORI_V1__S288_Output_L_Inner
00:37.205  render           | Saved: '/Users/dean/Documents/MORI/mechanical/renders/parts/S288_Output_L_Outer.png'
PART_PREVIEW 71 106 MORI_V1__S288_Output_L_Outer
00:37.627  render           | Saved: '/Users/dean/Documents/MORI/mechanical/renders/parts/S288_Output_R_Inner.png'
PART_PREVIEW 72 106 MORI_V1__S288_Output_R_Inner
00:38.104  render           | Saved: '/Users/dean/Documents/MORI/mechanical/renders/parts/S288_Output_R_Outer.png'
PART_PREVIEW 73 106 MORI_V1__S288_Output_R_Outer
00:38.507  render           | Saved: '/Users/dean/Documents/MORI/mechanical/renders/parts/Shell_Insert_0.png'
PART_PREVIEW 74 106 MORI_V1__Shell_Insert_0
00:38.907  render           | Saved: '/Users/dean/Documents/MORI/mechanical/renders/parts/Shell_Insert_1.png'
PART_PREVIEW 75 106 MORI_V1__Shell_Insert_1
00:39.309  render           | Saved: '/Users/dean/Documents/MORI/mechanical/renders/parts/Shell_Insert_2.png'
PART_PREVIEW 76 106 MORI_V1__Shell_Insert_2
00:39.715  render           | Saved: '/Users/dean/Documents/MORI/mechanical/renders/parts/Shell_Insert_3.png'
PART_PREVIEW 77 106 MORI_V1__Shell_Insert_3
00:40.110  render           | Saved: '/Users/dean/Documents/MORI/mechanical/renders/parts/Shell_Screw_0.png'
PART_PREVIEW 78 106 MORI_V1__Shell_Screw_0
00:40.505  render           | Saved: '/Users/dean/Documents/MORI/mechanical/renders/parts/Shell_Screw_1.png'
PART_PREVIEW 79 106 MORI_V1__Shell_Screw_1
00:40.900  render           | Saved: '/Users/dean/Documents/MORI/mechanical/renders/parts/Shell_Screw_2.png'
PART_PREVIEW 80 106 MORI_V1__Shell_Screw_2
00:41.299  render           | Saved: '/Users/dean/Documents/MORI/mechanical/renders/parts/Shell_Screw_3.png'
PART_PREVIEW 81 106 MORI_V1__Shell_Screw_3
00:41.730  render           | Saved: '/Users/dean/Documents/MORI/mechanical/renders/parts/Speaker.png'
PART_PREVIEW 82 106 MORI_V1__Speaker
00:42.208  render           | Saved: '/Users/dean/Documents/MORI/mechanical/renders/parts/Speaker_Mount.png'
PART_PREVIEW 83 106 MORI_V1__Speaker_Mount
00:42.624  render           | Saved: '/Users/dean/Documents/MORI/mechanical/renders/parts/Tire_L.png'
PART_PREVIEW 84 106 MORI_V1__Tire_L
00:43.030  render           | Saved: '/Users/dean/Documents/MORI/mechanical/renders/parts/Tire_R.png'
PART_PREVIEW 85 106 MORI_V1__Tire_R
00:43.494  render           | Saved: '/Users/dean/Documents/MORI/mechanical/renders/parts/USB_Charge.png'
PART_PREVIEW 86 106 MORI_V1__USB_Charge
00:43.934  render           | Saved: '/Users/dean/Documents/MORI/mechanical/renders/parts/USB_Receptacle.png'
PART_PREVIEW 87 106 MORI_V1__USB_Receptacle
00:44.310  render           | Saved: '/Users/dean/Documents/MORI/mechanical/renders/parts/Wheel_Axle_L.png'
PART_PREVIEW 88 106 MORI_V1__Wheel_Axle_L
00:44.688  render           | Saved: '/Users/dean/Documents/MORI/mechanical/renders/parts/Wheel_Axle_R.png'
PART_PREVIEW 89 106 MORI_V1__Wheel_Axle_R
00:45.144  render           | Saved: '/Users/dean/Documents/MORI/mechanical/renders/parts/Wheel_Bearing_L_33.png'
PART_PREVIEW 90 106 MORI_V1__Wheel_Bearing_L_33
00:45.597  render           | Saved: '/Users/dean/Documents/MORI/mechanical/renders/parts/Wheel_Bearing_L_39.png'
PART_PREVIEW 91 106 MORI_V1__Wheel_Bearing_L_39
00:46.055  render           | Saved: '/Users/dean/Documents/MORI/mechanical/renders/parts/Wheel_Bearing_R_33.png'
PART_PREVIEW 92 106 MORI_V1__Wheel_Bearing_R_33
00:46.497  render           | Saved: '/Users/dean/Documents/MORI/mechanical/renders/parts/Wheel_Bearing_R_39.png'
PART_PREVIEW 93 106 MORI_V1__Wheel_Bearing_R_39
00:46.897  render           | Saved: '/Users/dean/Documents/MORI/mechanical/renders/parts/Wheel_Cap_L.png'
PART_PREVIEW 94 106 MORI_V1__Wheel_Cap_L
00:47.304  render           | Saved: '/Users/dean/Documents/MORI/mechanical/renders/parts/Wheel_Cap_R.png'
PART_PREVIEW 95 106 MORI_V1__Wheel_Cap_R
00:47.729  render           | Saved: '/Users/dean/Documents/MORI/mechanical/renders/parts/Wheel_Coupler_L.png'
PART_PREVIEW 96 106 MORI_V1__Wheel_Coupler_L
00:48.157  render           | Saved: '/Users/dean/Documents/MORI/mechanical/renders/parts/Wheel_Coupler_R.png'
PART_PREVIEW 97 106 MORI_V1__Wheel_Coupler_R
00:48.589  render           | Saved: '/Users/dean/Documents/MORI/mechanical/renders/parts/Wheel_Hub_L.png'
PART_PREVIEW 98 106 MORI_V1__Wheel_Hub_L
00:49.026  render           | Saved: '/Users/dean/Documents/MORI/mechanical/renders/parts/Wheel_Hub_R.png'
PART_PREVIEW 99 106 MORI_V1__Wheel_Hub_R
00:49.448  render           | Saved: '/Users/dean/Documents/MORI/mechanical/renders/parts/Yaw_Bearing.png'
PART_PREVIEW 100 106 MORI_V1__Yaw_Bearing
00:49.894  render           | Saved: '/Users/dean/Documents/MORI/mechanical/renders/parts/Yaw_Cable_Clip.png'
PART_PREVIEW 101 106 MORI_V1__Yaw_Cable_Clip
00:50.310  render           | Saved: '/Users/dean/Documents/MORI/mechanical/renders/parts/Yaw_Horn.png'
PART_PREVIEW 102 106 MORI_V1__Yaw_Horn
00:50.691  render           | Saved: '/Users/dean/Documents/MORI/mechanical/renders/parts/Yaw_Lock_Screw.png'
PART_PREVIEW 103 106 MORI_V1__Yaw_Lock_Screw
00:51.079  render           | Saved: '/Users/dean/Documents/MORI/mechanical/renders/parts/Yaw_Output.png'
PART_PREVIEW 104 106 MORI_V1__Yaw_Output
00:51.538  render           | Saved: '/Users/dean/Documents/MORI/mechanical/renders/parts/Yaw_Servo.png'
PART_PREVIEW 105 106 MORI_V1__Yaw_Servo
00:51.938  render           | Saved: '/Users/dean/Documents/MORI/mechanical/renders/parts/Yaw_Stop_Flag.png'
PART_PREVIEW 106 106 MORI_V1__Yaw_Stop_Flag
CATALOG_COMPLETE
Blender 5.2.1 LTS (hash 9e2066aef7ef built 2026-08-25 01:35:57)

Blender quit
