00:01.794  blend            | Read blend: "/Users/dean/Documents/MORI/mechanical/mori_v1_2.blend"
MORI STL Battery_Tray PASS
MORI STL Body_Lower PASS
MORI STL Body_Top_Shroud PASS
MORI STL Body_Upper PASS
MORI STL Button_Cap PASS
MORI STL Camera_Baffle PASS
MORI STL Coupon_Insert PASS
MORI STL Coupon_Mating_Tab PASS
MORI STL Coupon_Plane_Fit PASS
MORI STL Display_Frame PASS
MORI STL Head_Front PASS
MORI STL Head_Rear PASS
MORI STL Load_Frame PASS
MORI STL Mic_Duct_L PASS
MORI STL Mic_Duct_R PASS
MORI STL Motor_Retainer PASS
MORI STL Parking_Cradle PASS
MORI STL Pitch_Cable_Clip PASS
MORI STL Pitch_Cradle PASS
MORI STL Pitch_Yoke PASS
MORI STL Speaker_Mount PASS
MORI STL Wheel_Cap_L PASS
MORI STL Wheel_Cap_R PASS
MORI STL Wheel_Coupler_L PASS
MORI STL Wheel_Coupler_R PASS
MORI STL Wheel_Hub_L PASS
MORI STL Wheel_Hub_R PASS
MORI STL Yaw_Cable_Clip PASS
MORI STL Yaw_Stop_Flag PASS
Blender 5.2.1 LTS (hash 9e2066aef7ef built 2026-08-25 01:35:57)
Timer 'STL Import' took 0.73 ms
Timer 'STL Import' took 4.93 ms
Timer 'STL Import' took 0.15 ms
Timer 'STL Import' took 1.86 ms
Timer 'STL Import' took 95625 ns
Timer 'STL Import' took 97500 ns
Timer 'STL Import' took 0.26 ms
Timer 'STL Import' took 46042 ns
Timer 'STL Import' took 84208 ns
Timer 'STL Import' took 0.37 ms
Timer 'STL Import' took 1.50 ms
Timer 'STL Import' took 1.49 ms
Timer 'STL Import' took 1.95 ms
Timer 'STL Import' took 0.15 ms
Timer 'STL Import' took 0.12 ms
Timer 'STL Import' took 0.13 ms
Timer 'STL Import' took 0.12 ms
Timer 'STL Import' took 99459 ns
Timer 'STL Import' took 0.74 ms
Timer 'STL Import' took 1.89 ms
Timer 'STL Import' took 0.35 ms
Timer 'STL Import' took 95959 ns
Timer 'STL Import' took 70542 ns
Timer 'STL Import' took 0.14 ms
Timer 'STL Import' took 98166 ns
Timer 'STL Import' took 97375 ns
Timer 'STL Import' took 0.14 ms
Timer 'STL Import' took 0.12 ms
Timer 'STL Import' took 43209 ns

Blender quit
