./src/common/stdpbase.cpp(59): assert ""traits"" failed in Get(): create wxApp before calling this
{
  "revision": "A0.5",
  "checked_electrical_pin_nets": 242,
  "wiring_rows_checked": 94,
  "offboard_wiring_rows_retained": 7,
  "netlist_board_wiring_consistency": "PASS",
  "GPIO_baseline_unchanged": "PASS",
  "root_mechanics_unchanged": "PASS",
  "baseline_firmware_unchanged": "PASS",
  "baseline_files_checked": 18,
  "default_motion_locked": "PASS",
  "native_DRC_counts": {
    "violations": 0,
    "unconnected_items": 0,
    "schematic_parity": 0
  },
  "footprints": 80,
  "tracks_and_vias": 1074,
  "zones": 2,
  "firmware_build": {
    "argv": [
      "/bin/bash",
      "-c",
      "source /Users/dean/esp/esp-idf/export.sh && idf.py -C hardware/revisions/A0.5/firmware reconfigure build"
    ],
    "start_utc": "2026-09-21T06:29:17.634771+00:00",
    "exit_code": 0
  },
  "simulated_assertions": 195,
  "physical_tests": "NOT_TESTED",
  "fabrication_allowed": false,
  "board_sha256": "9fdfdb99cf219452565bb680c331b3180dc0a1aa6d1fc7838382ce6cf01059cd"
}
