2026-09-21 15:07:09.203 INFO   Freerouting v2.4.1 (build-date: 2026-09-03)
2026-09-21 15:07:10.643 INFO   [8CD679\ED7AA8] Loading board file 'MORI_carrier.dsn'...
2026-09-21 15:07:10.716 INFO   [8CD679\ED7AA8] Job '8CD679\ED7AA8' started at 2026-09-21T07:07:10.716831Z.
2026-09-21 15:07:10.759 INFO   [8CD679\ED7AA8] Auto-routing stage started on board '609c95c0ce4861529abbbf897b8a073d' for 186 unrouted items.
2026-09-21 15:07:15.193 INFO   [8CD679\ED7AA8] Auto-routing pass #1 on board '609c95c0ce4861529abbbf897b8a073d' was completed in 4.39 seconds with score 741.93 (48 unrouted and 0 violations), using 3.89 CPU seconds and the job allocated 46.38 GB of memory so far.
2026-09-21 15:07:19.025 INFO   [8CD679\ED7AA8] Auto-routing pass #2 on board '390b17326f368d1b6fee13fae9b8d6d7' was completed in 3.80 seconds with score 892.46 (20 unrouted and 0 violations), using 7.81 CPU seconds and the job allocated 110.36 GB of memory so far.
2026-09-21 15:07:21.410 INFO   [8CD679\ED7AA8] Auto-routing pass #3 on board '9d0fcbc2de4c2367be4a84df65c4b167' was completed in 2.34 seconds with score 935.47 (12 unrouted and 0 violations), using 9.77 CPU seconds and the job allocated 137.21 GB of memory so far.
2026-09-21 15:07:23.452 INFO   [8CD679\ED7AA8] Auto-routing pass #4 on board '056da9fc2ed633627f4dc1101dfa3673' was completed in 2.00 seconds with score 951.60 (9 unrouted and 0 violations), using 11.73 CPU seconds and the job allocated 164.96 GB of memory so far.
2026-09-21 15:07:25.932 INFO   [8CD679\ED7AA8] Auto-routing pass #5 on board 'ce48d1d6c6900c514710e93bddf01537' was completed in 2.43 seconds with score 967.73 (6 unrouted and 0 violations), using 14.66 CPU seconds and the job allocated 202.06 GB of memory so far.
2026-09-21 15:07:28.648 INFO   [8CD679\ED7AA8] Auto-routing pass #6 on board '434713cafa4c60362b33a731eda78e9f' was completed in 2.67 seconds with score 983.85 (3 unrouted and 0 violations), using 16.62 CPU seconds and the job allocated 226.54 GB of memory so far.
2026-09-21 15:07:29.675 INFO   [8CD679\ED7AA8] Auto-routing pass #7 on board 'bcda061ed6c2267174259af60efd7576' was completed in 0.98 seconds with score 989.23 (2 unrouted and 0 violations), using 17.58 CPU seconds and the job allocated 241.48 GB of memory so far.
2026-09-21 15:07:30.611 INFO   [8CD679\ED7AA8] Auto-routing pass #8 on board 'c090d252fd6ce82030632aca31af2bf2' was completed in 0.89 seconds with score 994.61 (1 unrouted and 0 violations), using 18.56 CPU seconds and the job allocated 255.37 GB of memory so far.
2026-09-21 15:07:31.240 INFO   [8CD679\ED7AA8] Auto-routing pass #9 on board 'c81acb858386652d53045be8518e7e0a' was completed in 0.58 seconds with score 994.61 (1 unrouted and 0 violations), using 19.54 CPU seconds and the job allocated 269.17 GB of memory so far.
2026-09-21 15:07:31.845 INFO   [8CD679\ED7AA8] Auto-routing pass #10 on board 'c81acb858386652d53045be8518e7e0a' was completed in 0.58 seconds with score 994.61 (1 unrouted and 0 violations), using 20.51 CPU seconds and the job allocated 282.51 GB of memory so far.
2026-09-21 15:07:32.442 INFO   [8CD679\ED7AA8] Auto-routing pass #11 on board 'c81acb858386652d53045be8518e7e0a' was completed in 0.57 seconds with score 994.61 (1 unrouted and 0 violations), using 20.51 CPU seconds and the job allocated 282.51 GB of memory so far.
2026-09-21 15:07:33.037 INFO   [8CD679\ED7AA8] Auto-routing pass #12 on board 'c81acb858386652d53045be8518e7e0a' was completed in 0.57 seconds with score 994.61 (1 unrouted and 0 violations), using 21.50 CPU seconds and the job allocated 296.56 GB of memory so far.
2026-09-21 15:07:33.631 INFO   [8CD679\ED7AA8] Auto-routing pass #13 on board 'c81acb858386652d53045be8518e7e0a' was completed in 0.57 seconds with score 994.61 (1 unrouted and 0 violations), using 21.50 CPU seconds and the job allocated 296.56 GB of memory so far.
2026-09-21 15:07:34.224 INFO   [8CD679\ED7AA8] Auto-routing pass #14 on board 'c81acb858386652d53045be8518e7e0a' was completed in 0.57 seconds with score 994.61 (1 unrouted and 0 violations), using 22.47 CPU seconds and the job allocated 311.26 GB of memory so far.
2026-09-21 15:07:34.820 INFO   [8CD679\ED7AA8] Auto-routing pass #15 on board 'c81acb858386652d53045be8518e7e0a' was completed in 0.57 seconds with score 994.61 (1 unrouted and 0 violations), using 22.47 CPU seconds and the job allocated 311.26 GB of memory so far.
2026-09-21 15:07:35.413 INFO   [8CD679\ED7AA8] Auto-routing pass #16 on board 'c81acb858386652d53045be8518e7e0a' was completed in 0.57 seconds with score 994.61 (1 unrouted and 0 violations), using 23.44 CPU seconds and the job allocated 325.35 GB of memory so far.
2026-09-21 15:07:36.007 INFO   [8CD679\ED7AA8] Auto-routing pass #17 on board 'c81acb858386652d53045be8518e7e0a' was completed in 0.57 seconds with score 994.61 (1 unrouted and 0 violations), using 24.42 CPU seconds and the job allocated 338.86 GB of memory so far.
2026-09-21 15:07:36.600 INFO   [8CD679\ED7AA8] Auto-routing pass #18 on board 'c81acb858386652d53045be8518e7e0a' was completed in 0.57 seconds with score 994.61 (1 unrouted and 0 violations), using 24.42 CPU seconds and the job allocated 338.86 GB of memory so far.
2026-09-21 15:07:36.609 INFO   [8CD679\ED7AA8] The router's score (994.61) has not improved by more than 0.5 points in the last 10 passes (1 item still unconnected). Stopping the auto-router.
The following connections could not be routed -- please review your design (e.g. check pad clearances, trace width rules, and available routing space):
  Net '/GND' (1 unrouted connection):
    - C15-2  ->  U6-2
2026-09-21 15:07:36.657 INFO   [8CD679\ED7AA8] Auto-routing stage completed: started with 186 unrouted nets, completed in 25.90 seconds, final score: 994.61 (1 unrouted and 0 violations), using 24.42 total CPU seconds, 338.86 GB total allocated, and 521.4 MB peak heap usage.
2026-09-21 15:07:36.680 INFO   [8CD679\ED7AA8] Optimization stage started on board 'c81acb858386652d53045be8518e7e0a' with score 994.61 (1 unrouted and 0 violations).
2026-09-21 15:07:36.701 INFO   [8CD679\ED7AA8] Stopping optimizer because the current board score (994.61) is already close to the maximum score (1000). Remaining potential improvement is less than the threshold (1.00%).
2026-09-21 15:07:36.722 INFO   [8CD679\ED7AA8] Optimization stage completed: started with score 994.61 (1 unrouted and 0 violations), completed in 0.02 seconds, final score: 994.61 (1 unrouted and 0 violations), using 0.02 total CPU seconds, 0.57 GB total allocated, and 602.2 MB peak heap usage.
2026-09-21 15:07:36.730 INFO   [8CD679\ED7AA8] Job '8CD679\ED7AA8' finished with state: COMPLETED (elapsed: 26.01 seconds, finished at UTC: 2026-09-21T07:07:36.730460Z).
2026-09-21 15:07:37.120 INFO   Saving output file '/Users/dean/Documents/MORI/hardware/revisions/A0.5/kicad/MORI_carrier.ses' (SES)...
2026-09-21 15:07:37.127 INFO   Successfully saved output file '/Users/dean/Documents/MORI/hardware/revisions/A0.5/kicad/MORI_carrier.ses' (73785 bytes).
