2026-09-21 14:45:19.392 INFO   Freerouting v2.1.0 (build-date: 2025-04-12)
2026-09-21 14:45:21.055 INFO   [E3F795\A919BC] Job 'E3F795\A919BC' started at 2026-09-21T06:45:21.055753Z
2026-09-21 14:45:21.390 INFO   New version available: v2.4.1
2026-09-21 14:45:26.050 INFO   [E3F795\A919BC] Auto-router pass #1 on board 'bcee15dfc7a0612096f395c20dbac14e' was completed in 4.91 seconds with the score of 903.26 (42 unrouted), using 9.78 CPU seconds and 7330 MB memory.
2026-09-21 14:45:29.230 INFO   [E3F795\A919BC] Auto-router pass #2 on board 'cc0e9a595c26dd12959dec62137cfbdd' was completed in 3.16 seconds with the score of 944.72 (24 unrouted), using 35.26 CPU seconds and 14616 MB memory.
2026-09-21 14:45:31.145 INFO   [E3F795\A919BC] Auto-router pass #3 on board '55b44300fe73493e1bf03ba6a28222d6' was completed in 1.89 seconds with the score of 958.24 (16 unrouted), using 53.87 CPU seconds and 18253 MB memory.
2026-09-21 14:45:34.880 INFO   [E3F795\A919BC] Auto-router pass #4 on board '1c9f39b7a62b797bb6306321b07fe954' was completed in 3.71 seconds with the score of 953.69 (18 unrouted), using 89.16 CPU seconds and 23268 MB memory.
2026-09-21 14:45:36.653 INFO   [E3F795\A919BC] Auto-router pass #5 on board '6b2488fc0e8b3768cb3109a5026d3683' was completed in 1.75 seconds with the score of 961.50 (13 unrouted), using 117.59 CPU seconds and 27140 MB memory.
2026-09-21 14:45:37.783 INFO   [E3F795\A919BC] Auto-router pass #6 on board '722cabbfc033e5229a01b48bd89a9bc0' was completed in 1.11 seconds with the score of 959.64 (15 unrouted), using 133.28 CPU seconds and 29068 MB memory.
2026-09-21 14:45:39.167 INFO   [E3F795\A919BC] Auto-router pass #7 on board 'da79f2b5465c1d2ccb147416105046dd' was completed in 1.36 seconds with the score of 968.14 (9 unrouted), using 149.95 CPU seconds and 31103 MB memory.
2026-09-21 14:45:41.506 INFO   [E3F795\A919BC] Restoring an earlier board that has the score of 968.14 (9 unrouted).
2026-09-21 14:45:41.506 INFO   [E3F795\A919BC] Auto-router pass #8 on board '0333fb9ba8b56cd1551fdb01caea86ea' was completed in 2.32 seconds with the score of 964.58 (11 unrouted), using 205.83 CPU seconds and 36548 MB memory.
2026-09-21 14:45:42.417 INFO   [E3F795\A919BC] Auto-router pass #9 on board '0333fb9ba8b56cd1551fdb01caea86ea' was completed in 0.90 seconds with the score of 966.23 (10 unrouted), using 226.40 CPU seconds and 38478 MB memory.
2026-09-21 14:45:43.939 INFO   [E3F795\A919BC] Auto-router pass #10 on board 'd30868b2334daaefbc4c0ce8bb1437b4' was completed in 1.51 seconds with the score of 961.78 (13 unrouted), using 247.96 CPU seconds and 40396 MB memory.
2026-09-21 14:45:45.498 INFO   [E3F795\A919BC] Auto-router pass #11 on board '4a7961d730f3c63750db61b5264c8968' was completed in 1.54 seconds with the score of 970.31 (7 unrouted), using 294.04 CPU seconds and 44410 MB memory.
2026-09-21 14:45:48.057 INFO   [E3F795\A919BC] Auto-router pass #12 on board '9aae08a1b415a5333fb326a622518096' was completed in 2.54 seconds with the score of 972.13 (6 unrouted), using 344.05 CPU seconds and 47920 MB memory.
2026-09-21 14:45:48.943 INFO   [E3F795\A919BC] Auto-router pass #13 on board 'fa2b5e2586328ff5c94f90c7f6a59d5d' was completed in 0.87 seconds with the score of 963.10 (12 unrouted), using 370.53 CPU seconds and 49718 MB memory.
2026-09-21 14:45:49.880 INFO   [E3F795\A919BC] Auto-router pass #14 on board 'cab7d94bbc047d2a51832c946f929ca6' was completed in 0.92 seconds with the score of 966.34 (10 unrouted), using 397.99 CPU seconds and 51670 MB memory.
2026-09-21 14:45:51.005 INFO   [E3F795\A919BC] Auto-router pass #15 on board '2a5239147b905645a128a1bd8424a19b' was completed in 1.11 seconds with the score of 967.40 (9 unrouted), using 426.45 CPU seconds and 53592 MB memory.
2026-09-21 14:45:53.165 INFO   [E3F795\A919BC] Restoring an earlier board that has the score of 972.13 (6 unrouted).
2026-09-21 14:45:53.165 INFO   [E3F795\A919BC] Auto-router pass #16 on board 'c7bd55fc9d098f3deec5971f100178a6' was completed in 2.15 seconds with the score of 966.89 (9 unrouted), using 486.31 CPU seconds and 57271 MB memory.
2026-09-21 14:45:54.012 INFO   [E3F795\A919BC] Auto-router pass #17 on board 'fa2b5e2586328ff5c94f90c7f6a59d5d' was completed in 0.84 seconds with the score of 970.06 (8 unrouted), using 517.73 CPU seconds and 59133 MB memory.
2026-09-21 14:45:54.993 INFO   [E3F795\A919BC] Auto-router pass #18 on board '2c00fc3d2fd2c2205b7e9875cc72b2ce' was completed in 0.96 seconds with the score of 964.71 (11 unrouted), using 550.11 CPU seconds and 61133 MB memory.
2026-09-21 14:45:56.090 INFO   [E3F795\A919BC] Auto-router pass #19 on board '7f1520cff6ff795049d6fc3fbe8fd1b7' was completed in 1.08 seconds with the score of 964.11 (12 unrouted), using 583.48 CPU seconds and 63021 MB memory.
2026-09-21 14:45:58.594 INFO   [E3F795\A919BC] Restoring an earlier board that has the score of 972.13 (6 unrouted).
2026-09-21 14:45:58.594 INFO   [E3F795\A919BC] Auto-router pass #20 on board '047e13564d5323fc508a7c2c491c2ad2' was completed in 2.49 seconds with the score of 969.99 (8 unrouted), using 689.52 CPU seconds and 68703 MB memory.
2026-09-21 14:45:59.224 INFO   [E3F795\A919BC] Auto-router pass #21 on board 'fa2b5e2586328ff5c94f90c7f6a59d5d' was completed in 0.62 seconds with the score of 968.86 (8 unrouted), using 689.52 CPU seconds and 68703 MB memory.
2026-09-21 14:46:00.177 INFO   [E3F795\A919BC] Auto-router pass #22 on board '42eb38173bc4895e11cce6243b59c3d6' was completed in 0.94 seconds with the score of 961.99 (12 unrouted), using 726.83 CPU seconds and 70613 MB memory.
2026-09-21 14:46:01.561 INFO   [E3F795\A919BC] Auto-router pass #23 on board 'fe3d953eef268382751e24e011ee053e' was completed in 1.37 seconds with the score of 971.25 (7 unrouted), using 804.37 CPU seconds and 74568 MB memory.
2026-09-21 14:46:03.327 INFO   [E3F795\A919BC] Restoring an earlier board that has the score of 972.13 (6 unrouted).
2026-09-21 14:46:03.327 INFO   [E3F795\A919BC] Auto-router pass #24 on board 'c6d4461f80ed80fb45bd5e5a80a4ea76' was completed in 1.75 seconds with the score of 965.60 (11 unrouted), using 844.62 CPU seconds and 76484 MB memory.
2026-09-21 14:46:04.002 INFO   [E3F795\A919BC] Auto-router pass #25 on board 'fa2b5e2586328ff5c94f90c7f6a59d5d' was completed in 0.67 seconds with the score of 967.64 (9 unrouted), using 885.84 CPU seconds and 78275 MB memory.
2026-09-21 14:46:05.467 INFO   [E3F795\A919BC] Auto-router pass #26 on board 'af76c4fd10af24ad81639108d8e49383' was completed in 1.45 seconds with the score of 966.93 (10 unrouted), using 971.23 CPU seconds and 82027 MB memory.
2026-09-21 14:46:06.625 INFO   [E3F795\A919BC] Auto-router pass #27 on board 'c2ad3f5825539577eaa2c8ff5059b562' was completed in 1.14 seconds with the score of 970.56 (8 unrouted), using 1015.41 CPU seconds and 83937 MB memory.
2026-09-21 14:46:10.490 INFO   [E3F795\A919BC] Auto-router pass #28 on board '2f059d2cbffa88bbf6629a48c4cedcdb' was completed in 3.85 seconds with the score of 972.14 (7 unrouted), using 1201.96 CPU seconds and 90910 MB memory.
2026-09-21 14:46:11.005 INFO   [E3F795\A919BC] Auto-router pass #29 on board 'a0a4b2a7db26d2682e10927342a7fab4' was completed in 0.50 seconds with the score of 966.04 (11 unrouted), using 1201.96 CPU seconds and 90910 MB memory.
2026-09-21 14:46:11.948 INFO   [E3F795\A919BC] Auto-router pass #30 on board 'c21ef28c2f2e1608a5abecb474ffc43c' was completed in 0.93 seconds with the score of 960.12 (14 unrouted), using 1251.07 CPU seconds and 92920 MB memory.
2026-09-21 14:46:13.320 INFO   [E3F795\A919BC] Auto-router pass #31 on board 'a32339375e54c0879499d4ed618b5eb1' was completed in 1.36 seconds with the score of 970.38 (7 unrouted), using 1301.16 CPU seconds and 94911 MB memory.
2026-09-21 14:46:15.803 INFO   [E3F795\A919BC] Restoring an earlier board that has the score of 972.14 (7 unrouted).
2026-09-21 14:46:15.803 INFO   [E3F795\A919BC] Auto-router pass #32 on board '92ccdba83582088cc60bbf89f8c11598' was completed in 2.47 seconds with the score of 971.69 (7 unrouted), using 1457.35 CPU seconds and 100297 MB memory.
2026-09-21 14:46:16.665 INFO   [E3F795\A919BC] Auto-router pass #33 on board 'a0a4b2a7db26d2682e10927342a7fab4' was completed in 0.85 seconds with the score of 965.24 (12 unrouted), using 1511.37 CPU seconds and 102051 MB memory.
2026-09-21 14:46:18.278 INFO   [E3F795\A919BC] Auto-router pass #34 on board '25d90beeb1158b1dde8e34c01f60cdae' was completed in 1.60 seconds with the score of 958.55 (16 unrouted), using 1566.37 CPU seconds and 104079 MB memory.
2026-09-21 14:46:19.428 INFO   [E3F795\A919BC] Auto-router pass #35 on board '083d7d104eab91bdbe2486c7b03a0b09' was completed in 1.14 seconds with the score of 966.82 (10 unrouted), using 1622.36 CPU seconds and 106031 MB memory.
2026-09-21 14:46:22.737 INFO   [E3F795\A919BC] Restoring an earlier board that has the score of 972.14 (7 unrouted).
2026-09-21 14:46:22.737 INFO   [E3F795\A919BC] Auto-router pass #36 on board '070f7a76be7b9f81e0e10a7c1b4c88ab' was completed in 3.29 seconds with the score of 968.63 (9 unrouted), using 1856.16 CPU seconds and 113151 MB memory.
2026-09-21 14:46:23.385 INFO   [E3F795\A919BC] Auto-router pass #37 on board 'a0a4b2a7db26d2682e10927342a7fab4' was completed in 0.64 seconds with the score of 972.70 (7 unrouted), using 1856.16 CPU seconds and 113151 MB memory.
2026-09-21 14:46:24.153 INFO   [E3F795\A919BC] Auto-router pass #38 on board 'dd120e7bcd7fbd3251a8743588c703bf' was completed in 0.75 seconds with the score of 970.25 (8 unrouted), using 1917.05 CPU seconds and 115013 MB memory.
2026-09-21 14:46:25.060 INFO   [E3F795\A919BC] Auto-router pass #39 on board '434e5bb0a2f459083b3954c0020e3c87' was completed in 0.89 seconds with the score of 976.67 (4 unrouted), using 1978.92 CPU seconds and 116943 MB memory.
2026-09-21 14:46:26.496 INFO   [E3F795\A919BC] Auto-router pass #40 on board '83cd4b2989d4c97ed1fbb64acf7dce8e' was completed in 1.42 seconds with the score of 977.05 (3 unrouted), using 2041.77 CPU seconds and 118690 MB memory.
2026-09-21 14:46:26.694 INFO   [E3F795\A919BC] Auto-router pass #41 on board 'db3a17c4e67a74eb4f216ade518473cf' was completed in 0.18 seconds with the score of 978.04 (2 unrouted), using 2105.59 CPU seconds and 120397 MB memory.
2026-09-21 14:46:26.921 INFO   [E3F795\A919BC] Auto-router pass #42 on board 'e5fd7d934b45a8f9c69d3f84bb2cbfcc' was completed in 0.21 seconds with the score of 976.56 (3 unrouted), using 2105.59 CPU seconds and 120397 MB memory.
2026-09-21 14:46:27.110 INFO   [E3F795\A919BC] Auto-router pass #43 on board 'ef36e5aa29b0d881740f7b8ec8e784fb' was completed in 0.17 seconds with the score of 978.20 (2 unrouted), using 2105.59 CPU seconds and 120397 MB memory.
2026-09-21 14:46:27.736 INFO   [E3F795\A919BC] Auto-router pass #44 on board '93f4335aaf3bccc5e863e74a4ab243de' was completed in 0.61 seconds with the score of 979.27 (1 unrouted), using 2170.39 CPU seconds and 122256 MB memory.
2026-09-21 14:46:27.819 INFO   [E3F795\A919BC] Auto-router pass #45 on board '9082ecf67db0b14ebb5d0b2658dd610c' was completed in 0.07 seconds with the score of 977.17 (2 unrouted), using 2170.39 CPU seconds and 122256 MB memory.
2026-09-21 14:46:28.044 INFO   [E3F795\A919BC] Auto-router pass #46 on board '8a4610761667bd090db0fc40c2d9f847' was completed in 0.21 seconds with the score of 976.39 (3 unrouted), using 2170.39 CPU seconds and 122256 MB memory.
2026-09-21 14:46:28.686 INFO   [E3F795\A919BC] Auto-router pass #47 on board '7862c8db316dd088fadaefede5799326' was completed in 0.62 seconds with the score of 973.22 (6 unrouted), using 2236.18 CPU seconds and 124083 MB memory.
2026-09-21 14:46:30.337 INFO   [E3F795\A919BC] Restoring an earlier board that has the score of 979.27 (1 unrouted).
2026-09-21 14:46:30.337 INFO   [E3F795\A919BC] Auto-router pass #48 on board '45251000e2381c045ddf36d1bb0227be' was completed in 1.64 seconds with the score of 974.27 (5 unrouted), using 2302.95 CPU seconds and 125858 MB memory.
2026-09-21 14:46:30.406 INFO   [E3F795\A919BC] Auto-router pass #49 on board '9082ecf67db0b14ebb5d0b2658dd610c' was completed in 0.06 seconds with the score of 977.38 (2 unrouted), using 2302.95 CPU seconds and 125858 MB memory.
2026-09-21 14:46:30.809 INFO   [E3F795\A919BC] Auto-router pass #50 on board '12e49d472249998c69ef407a20d22e4f' was completed in 0.39 seconds with the score of 975.38 (4 unrouted), using 2370.69 CPU seconds and 127613 MB memory.
2026-09-21 14:46:31.545 INFO   [E3F795\A919BC] Auto-router pass #51 on board '66bd7688e8db079a005a5a7960d56360' was completed in 0.72 seconds with the score of 971.70 (7 unrouted), using 2370.69 CPU seconds and 127613 MB memory.
2026-09-21 14:46:33.323 INFO   [E3F795\A919BC] Restoring an earlier board that has the score of 979.27 (1 unrouted).
2026-09-21 14:46:33.324 INFO   [E3F795\A919BC] Auto-router pass #52 on board 'e2c3eff3af6ee86a34418ce98338739a' was completed in 1.76 seconds with the score of 973.58 (6 unrouted), using 2509.12 CPU seconds and 131151 MB memory.
2026-09-21 14:46:33.394 INFO   [E3F795\A919BC] Auto-router pass #53 on board '9082ecf67db0b14ebb5d0b2658dd610c' was completed in 0.06 seconds with the score of 977.17 (2 unrouted), using 2509.12 CPU seconds and 131151 MB memory.
2026-09-21 14:46:33.598 INFO   [E3F795\A919BC] Auto-router pass #54 on board '8a4610761667bd090db0fc40c2d9f847' was completed in 0.20 seconds with the score of 974.91 (4 unrouted), using 2579.81 CPU seconds and 132951 MB memory.
2026-09-21 14:46:34.316 INFO   [E3F795\A919BC] Auto-router pass #55 on board 'da5e9804b10be4bdba83665e96db780b' was completed in 0.70 seconds with the score of 971.62 (7 unrouted), using 2579.81 CPU seconds and 132951 MB memory.
2026-09-21 14:46:35.841 INFO   [E3F795\A919BC] Restoring an earlier board that has the score of 979.27 (1 unrouted).
2026-09-21 14:46:35.841 INFO   [E3F795\A919BC] Auto-router pass #56 on board '7e95ae06fd0df5882301ad122efe9936' was completed in 1.51 seconds with the score of 970.24 (8 unrouted), using 2724.13 CPU seconds and 136663 MB memory.
2026-09-21 14:46:35.910 INFO   [E3F795\A919BC] Auto-router pass #57 on board '9082ecf67db0b14ebb5d0b2658dd610c' was completed in 0.06 seconds with the score of 977.17 (2 unrouted), using 2724.13 CPU seconds and 136663 MB memory.
2026-09-21 14:46:36.076 INFO   [E3F795\A919BC] Auto-router pass #58 on board '8a4610761667bd090db0fc40c2d9f847' was completed in 0.16 seconds with the score of 974.97 (4 unrouted), using 2724.13 CPU seconds and 136663 MB memory.
2026-09-21 14:46:36.592 INFO   [E3F795\A919BC] Auto-router pass #59 on board 'c46cb06e66ab1fbb128122c787aefae9' was completed in 0.50 seconds with the score of 967.71 (10 unrouted), using 2724.13 CPU seconds and 136663 MB memory.
2026-09-21 14:46:38.260 INFO   [E3F795\A919BC] Restoring an earlier board that has the score of 979.27 (1 unrouted).
2026-09-21 14:46:38.262 INFO   [E3F795\A919BC] Auto-router pass #60 on board '19f31c9f3928ee9dcf93a63143cee9cb' was completed in 1.65 seconds with the score of 968.36 (9 unrouted), using 2872.39 CPU seconds and 140426 MB memory.
2026-09-21 14:46:38.332 INFO   [E3F795\A919BC] Auto-router pass #61 on board '9082ecf67db0b14ebb5d0b2658dd610c' was completed in 0.06 seconds with the score of 977.17 (2 unrouted), using 2872.39 CPU seconds and 140426 MB memory.
2026-09-21 14:46:38.530 INFO   [E3F795\A919BC] Auto-router pass #62 on board '8a4610761667bd090db0fc40c2d9f847' was completed in 0.19 seconds with the score of 974.98 (4 unrouted), using 2872.39 CPU seconds and 140426 MB memory.
2026-09-21 14:46:39.156 INFO   [E3F795\A919BC] Auto-router pass #63 on board 'b75b259a448b1054f026567dcebaf916' was completed in 0.61 seconds with the score of 967.61 (10 unrouted), using 2947.99 CPU seconds and 142194 MB memory.
2026-09-21 14:46:41.460 INFO   [E3F795\A919BC] Restoring an earlier board that has the score of 978.20 (2 unrouted).
2026-09-21 14:46:41.461 INFO   [E3F795\A919BC] Auto-router pass #64 on board 'a8ed50436b2123efc8ce08b1de425e49' was completed in 2.29 seconds with the score of 960.99 (14 unrouted), using 3102.13 CPU seconds and 145823 MB memory.
2026-09-21 14:46:41.693 INFO   [E3F795\A919BC] Auto-router pass #65 on board '93f4335aaf3bccc5e863e74a4ab243de' was completed in 0.23 seconds with the score of 980.30, using 3180.68 CPU seconds and 147643 MB memory.
2026-09-21 14:46:41.716 INFO   [E3F795\A919BC] Auto-router pass #66 on board 'bdb2d5362051d6e017f408d5be775cbc' was completed in 0.00 seconds with the score of 980.30, using 3180.68 CPU seconds and 147643 MB memory.
{
  "host": "KiCad's Pcbnew,10.0.6",
  "unit": "mm",
  "board": {
    "bounding_box": {
      "x": 1481.0,
      "y": -539.0,
      "width": 519.0,
      "height": -1461.0
    },
    "size": {
      "x": 0.0,
      "y": 0.0,
      "width": 962.0,
      "height": 922.0
    }
  },
  "layers": {
    "total_count": 2,
    "signal_count": 2
  },
  "items": {
    "total_count": 2233,
    "trace_count": 485,
    "via_count": 102,
    "conduction_area_count": 0,
    "drill_item_count": 253,
    "pin_count": 0,
    "component_count": 1378,
    "other_count": 15
  },
  "components": {
    "total_count": 80
  },
  "pads": {
    "total_count": 253
  },
  "nets": {
    "total_count": 65,
    "class_count": 7
  },
  "connections": {
    "maximum_count": 773,
    "incomplete_count": 0
  },
  "traces": {
    "total_count": 485,
    "total_segment_count": 1206,
    "total_length": 48595.64,
    "total_weighted_length": 2.257166E8,
    "average_length": 100.1972,
    "total_vertical_length": 13242.525,
    "total_horizontal_length": 14385.025,
    "total_angled_length": 14342.324
  },
  "bends": {
    "total_count": 721,
    "90_degree_count": 3,
    "45_degree_count": 718,
    "other_angle_count": 0
  },
  "vias": {
    "total_count": 102,
    "through_hole_count": 102,
    "blind_count": 0,
    "buried_count": 0
  },
  "clearance_violations": {
    "total_count": 0
  }
}
