2026-09-21 15:03:08.460 INFO   Freerouting v2.4.1 (build-date: 2026-09-03)
2026-09-21 15:03:09.909 INFO   [F6CB70\FB6A5B] Loading board file 'MORI_carrier.dsn'...
2026-09-21 15:03:10.008 WARN   DSN file 'MORI_carrier.dsn' was loaded with 3 warning(s).
2026-09-21 15:03:10.016 INFO   [F6CB70\FB6A5B] Job 'F6CB70\FB6A5B' started at 2026-09-21T07:03:10.016024Z.
2026-09-21 15:03:10.221 INFO   [F6CB70\FB6A5B] Auto-routing stage started on board '98bca3b2c6a0f26c49a612e168da2809' for 24 unrouted items.
2026-09-21 15:03:13.198 INFO   [F6CB70\FB6A5B] Auto-routing pass #1 on board '98bca3b2c6a0f26c49a612e168da2809' was completed in 2.55 seconds with score 936.16 (12 unrouted and 0 violations), using 2.79 CPU seconds and the job allocated 36.64 GB of memory so far.
2026-09-21 15:03:15.005 INFO   [F6CB70\FB6A5B] Auto-routing pass #2 on board 'eb62fe92546037efb5d1cedd8b987f55' was completed in 1.48 seconds with score 936.16 (12 unrouted and 0 violations), using 3.77 CPU seconds and the job allocated 50.47 GB of memory so far.
2026-09-21 15:03:16.637 INFO   [F6CB70\FB6A5B] Auto-routing pass #3 on board 'eb62fe92546037efb5d1cedd8b987f55' was completed in 1.47 seconds with score 936.16 (12 unrouted and 0 violations), using 5.71 CPU seconds and the job allocated 79.61 GB of memory so far.
2026-09-21 15:03:18.368 INFO   [F6CB70\FB6A5B] Auto-routing pass #4 on board 'eb62fe92546037efb5d1cedd8b987f55' was completed in 1.56 seconds with score 936.16 (12 unrouted and 0 violations), using 7.66 CPU seconds and the job allocated 109.12 GB of memory so far.
2026-09-21 15:03:19.871 INFO   [F6CB70\FB6A5B] Auto-routing pass #5 on board 'eb62fe92546037efb5d1cedd8b987f55' was completed in 1.34 seconds with score 936.16 (12 unrouted and 0 violations), using 8.64 CPU seconds and the job allocated 124.28 GB of memory so far.
2026-09-21 15:03:21.370 INFO   [F6CB70\FB6A5B] Auto-routing pass #6 on board 'eb62fe92546037efb5d1cedd8b987f55' was completed in 1.34 seconds with score 936.16 (12 unrouted and 0 violations), using 10.60 CPU seconds and the job allocated 156.68 GB of memory so far.
2026-09-21 15:03:22.884 INFO   [F6CB70\FB6A5B] Auto-routing pass #7 on board 'eb62fe92546037efb5d1cedd8b987f55' was completed in 1.34 seconds with score 936.16 (12 unrouted and 0 violations), using 11.59 CPU seconds and the job allocated 171.90 GB of memory so far.
2026-09-21 15:03:24.383 INFO   [F6CB70\FB6A5B] Auto-routing pass #8 on board 'eb62fe92546037efb5d1cedd8b987f55' was completed in 1.33 seconds with score 936.16 (12 unrouted and 0 violations), using 13.56 CPU seconds and the job allocated 204.54 GB of memory so far.
2026-09-21 15:03:25.894 INFO   [F6CB70\FB6A5B] Auto-routing pass #9 on board 'eb62fe92546037efb5d1cedd8b987f55' was completed in 1.35 seconds with score 936.16 (12 unrouted and 0 violations), using 14.55 CPU seconds and the job allocated 220.14 GB of memory so far.
2026-09-21 15:03:27.422 INFO   [F6CB70\FB6A5B] Auto-routing pass #10 on board 'eb62fe92546037efb5d1cedd8b987f55' was completed in 1.37 seconds with score 936.16 (12 unrouted and 0 violations), using 16.51 CPU seconds and the job allocated 252.54 GB of memory so far.
2026-09-21 15:03:28.891 INFO   [F6CB70\FB6A5B] Auto-routing pass #11 on board 'eb62fe92546037efb5d1cedd8b987f55' was completed in 1.31 seconds with score 936.16 (12 unrouted and 0 violations), using 17.47 CPU seconds and the job allocated 267.74 GB of memory so far.
2026-09-21 15:03:30.593 INFO   [F6CB70\FB6A5B] Auto-routing pass #12 on board 'eb62fe92546037efb5d1cedd8b987f55' was completed in 1.54 seconds with score 936.16 (12 unrouted and 0 violations), using 19.41 CPU seconds and the job allocated 298.98 GB of memory so far.
2026-09-21 15:03:32.205 INFO   [F6CB70\FB6A5B] Auto-routing pass #13 on board 'eb62fe92546037efb5d1cedd8b987f55' was completed in 1.44 seconds with score 936.16 (12 unrouted and 0 violations), using 21.28 CPU seconds and the job allocated 327.27 GB of memory so far.
2026-09-21 15:03:33.878 INFO   [F6CB70\FB6A5B] Auto-routing pass #14 on board 'eb62fe92546037efb5d1cedd8b987f55' was completed in 1.43 seconds with score 936.16 (12 unrouted and 0 violations), using 22.23 CPU seconds and the job allocated 342.09 GB of memory so far.
2026-09-21 15:03:35.387 INFO   [F6CB70\FB6A5B] Auto-routing pass #15 on board 'eb62fe92546037efb5d1cedd8b987f55' was completed in 1.34 seconds with score 936.16 (12 unrouted and 0 violations), using 24.17 CPU seconds and the job allocated 373.13 GB of memory so far.
2026-09-21 15:03:36.888 INFO   [F6CB70\FB6A5B] Auto-routing pass #16 on board 'eb62fe92546037efb5d1cedd8b987f55' was completed in 1.34 seconds with score 936.16 (12 unrouted and 0 violations), using 25.16 CPU seconds and the job allocated 388.96 GB of memory so far.
2026-09-21 15:03:38.353 INFO   [F6CB70\FB6A5B] Auto-routing pass #17 on board 'eb62fe92546037efb5d1cedd8b987f55' was completed in 1.31 seconds with score 936.16 (12 unrouted and 0 violations), using 27.13 CPU seconds and the job allocated 421.70 GB of memory so far.
2026-09-21 15:03:39.825 INFO   [F6CB70\FB6A5B] Auto-routing pass #18 on board 'eb62fe92546037efb5d1cedd8b987f55' was completed in 1.31 seconds with score 936.16 (12 unrouted and 0 violations), using 28.11 CPU seconds and the job allocated 437.94 GB of memory so far.
2026-09-21 15:03:39.856 INFO   [F6CB70\FB6A5B] The router's score (936.16) has not improved by more than 0.5 points in the last 10 passes (12 items still unconnected). Stopping the auto-router.
The following connections could not be routed -- please review your design (e.g. check pad clearances, trace width rules, and available routing space):
  Net '/BUS_DIV' (1 unrouted connection):
    - U3-3  ->  R14-2
  Net '/DUMP_GATE' (1 unrouted connection):
    - R20-1  ->  R19-2
  Net '/ENC_LA_5V' (1 unrouted connection):
    - R21-1  ->  via
  Net '/3V3' (3 unrouted connections):
    - U6-5  ->  via
    - U1-16  ->  C14-1
    - J7-2  ->  TP5-1
  Net '/HEAD_PWM' (1 unrouted connection):
    - via  ->  U6-3
  Net '/HEAD_5V' (1 unrouted connection):
    - via  ->  U6-6
  Net '/ENC_RB_5V' (1 unrouted connection):
    - R24-1  ->  via
  Net '/DEVKIT_5V' (1 unrouted connection):
    - via  ->  D1-1
  Net '/ENC_LB_5V' (1 unrouted connection):
    - R22-1  ->  via
  Net '/BAT_DIV' (1 unrouted connection):
    - via  ->  R8-1
2026-09-21 15:03:40.149 INFO   [F6CB70\FB6A5B] Auto-routing stage completed: started with 24 unrouted nets, completed in 29.95 seconds, final score: 936.16 (12 unrouted and 0 violations), using 28.11 total CPU seconds, 437.94 GB total allocated, and 522.9 MB peak heap usage.
2026-09-21 15:03:40.295 INFO   [F6CB70\FB6A5B] Optimization stage started on board 'eb62fe92546037efb5d1cedd8b987f55' with score 936.16 (12 unrouted and 0 violations).
2026-09-21 15:03:44.037 INFO   [F6CB70\FB6A5B] Optimizer pass #1 on board 'd2637df5ee762e899b29929923635769' was completed in 3.29 seconds with the score of 936.16 (12 unrouted and 0 violations).
2026-09-21 15:03:44.177 INFO   [F6CB70\FB6A5B] Stopping optimizer because the improvement in this pass (0.0000%) is below the threshold (1.00%).
2026-09-21 15:03:44.319 INFO   [F6CB70\FB6A5B] Optimization stage completed: started with score 936.16 (12 unrouted and 0 violations), completed in 3.88 seconds, final score: 936.16 (12 unrouted and 0 violations), using 3.82 total CPU seconds, 61.55 GB total allocated, and 165.9 MB peak heap usage.
2026-09-21 15:03:44.331 INFO   [F6CB70\FB6A5B] Job 'F6CB70\FB6A5B' finished with state: COMPLETED (elapsed: 34.31 seconds, finished at UTC: 2026-09-21T07:03:44.331343Z).
2026-09-21 15:03:44.439 INFO   Saving output file '/Users/dean/Documents/MORI/hardware/revisions/A0.5/kicad/MORI_carrier.ses' (SES)...
2026-09-21 15:03:44.442 INFO   Successfully saved output file '/Users/dean/Documents/MORI/hardware/revisions/A0.5/kicad/MORI_carrier.ses' (152010 bytes).
