2026-09-21 15:04:22.911 INFO   Freerouting v2.4.1 (build-date: 2026-09-03)
2026-09-21 15:04:24.350 INFO   [E6B204\C4E6F6] Loading board file 'MORI_carrier.dsn'...
2026-09-21 15:04:24.460 WARN   DSN file 'MORI_carrier.dsn' was loaded with 3 warning(s).
2026-09-21 15:04:24.469 INFO   [E6B204\C4E6F6] Job 'E6B204\C4E6F6' started at 2026-09-21T07:04:24.469510Z.
2026-09-21 15:04:24.627 INFO   [E6B204\C4E6F6] Auto-routing stage started on board '83c1f0a6c33d60388f149d7f9db45843' for 48 unrouted items.
2026-09-21 15:04:26.788 INFO   [E6B204\C4E6F6] Auto-routing pass #1 on board '83c1f0a6c33d60388f149d7f9db45843' was completed in 1.98 seconds with score 913.97 (16 unrouted and 0 violations), using 1.91 CPU seconds and the job allocated 29.10 GB of memory so far.
2026-09-21 15:04:27.672 INFO   [E6B204\C4E6F6] Auto-routing pass #2 on board '3669dc77453017dd711da9f7733293f9' was completed in 0.79 seconds with score 924.72 (14 unrouted and 0 violations), using 2.88 CPU seconds and the job allocated 49.02 GB of memory so far.
2026-09-21 15:04:28.441 INFO   [E6B204\C4E6F6] Auto-routing pass #3 on board '9560eccc6785f612a54797c03ab3a57f' was completed in 0.68 seconds with score 924.72 (14 unrouted and 0 violations), using 2.88 CPU seconds and the job allocated 49.02 GB of memory so far.
2026-09-21 15:04:29.139 INFO   [E6B204\C4E6F6] Auto-routing pass #4 on board '9560eccc6785f612a54797c03ab3a57f' was completed in 0.65 seconds with score 924.72 (14 unrouted and 0 violations), using 3.86 CPU seconds and the job allocated 71.17 GB of memory so far.
2026-09-21 15:04:29.833 INFO   [E6B204\C4E6F6] Auto-routing pass #5 on board '9560eccc6785f612a54797c03ab3a57f' was completed in 0.65 seconds with score 924.72 (14 unrouted and 0 violations), using 4.84 CPU seconds and the job allocated 94.77 GB of memory so far.
2026-09-21 15:04:30.523 INFO   [E6B204\C4E6F6] Auto-routing pass #6 on board '9560eccc6785f612a54797c03ab3a57f' was completed in 0.64 seconds with score 924.72 (14 unrouted and 0 violations), using 5.82 CPU seconds and the job allocated 117.47 GB of memory so far.
2026-09-21 15:04:31.218 INFO   [E6B204\C4E6F6] Auto-routing pass #7 on board '9560eccc6785f612a54797c03ab3a57f' was completed in 0.65 seconds with score 924.72 (14 unrouted and 0 violations), using 5.82 CPU seconds and the job allocated 117.47 GB of memory so far.
2026-09-21 15:04:31.909 INFO   [E6B204\C4E6F6] Auto-routing pass #8 on board '9560eccc6785f612a54797c03ab3a57f' was completed in 0.64 seconds with score 924.72 (14 unrouted and 0 violations), using 6.80 CPU seconds and the job allocated 141.26 GB of memory so far.
2026-09-21 15:04:32.597 INFO   [E6B204\C4E6F6] Auto-routing pass #9 on board '9560eccc6785f612a54797c03ab3a57f' was completed in 0.64 seconds with score 924.72 (14 unrouted and 0 violations), using 7.78 CPU seconds and the job allocated 164.06 GB of memory so far.
2026-09-21 15:04:33.284 INFO   [E6B204\C4E6F6] Auto-routing pass #10 on board '9560eccc6785f612a54797c03ab3a57f' was completed in 0.64 seconds with score 924.72 (14 unrouted and 0 violations), using 7.78 CPU seconds and the job allocated 164.06 GB of memory so far.
2026-09-21 15:04:33.973 INFO   [E6B204\C4E6F6] Auto-routing pass #11 on board '9560eccc6785f612a54797c03ab3a57f' was completed in 0.64 seconds with score 924.72 (14 unrouted and 0 violations), using 8.76 CPU seconds and the job allocated 187.82 GB of memory so far.
2026-09-21 15:04:34.661 INFO   [E6B204\C4E6F6] Auto-routing pass #12 on board '9560eccc6785f612a54797c03ab3a57f' was completed in 0.64 seconds with score 924.72 (14 unrouted and 0 violations), using 9.74 CPU seconds and the job allocated 210.42 GB of memory so far.
2026-09-21 15:04:35.349 INFO   [E6B204\C4E6F6] Auto-routing pass #13 on board '9560eccc6785f612a54797c03ab3a57f' was completed in 0.64 seconds with score 924.72 (14 unrouted and 0 violations), using 9.74 CPU seconds and the job allocated 210.42 GB of memory so far.
2026-09-21 15:04:36.040 INFO   [E6B204\C4E6F6] Auto-routing pass #14 on board '9560eccc6785f612a54797c03ab3a57f' was completed in 0.64 seconds with score 924.72 (14 unrouted and 0 violations), using 10.72 CPU seconds and the job allocated 234.18 GB of memory so far.
2026-09-21 15:04:36.728 INFO   [E6B204\C4E6F6] Auto-routing pass #15 on board '9560eccc6785f612a54797c03ab3a57f' was completed in 0.64 seconds with score 924.72 (14 unrouted and 0 violations), using 11.70 CPU seconds and the job allocated 256.87 GB of memory so far.
2026-09-21 15:04:37.435 INFO   [E6B204\C4E6F6] Auto-routing pass #16 on board '9560eccc6785f612a54797c03ab3a57f' was completed in 0.66 seconds with score 924.72 (14 unrouted and 0 violations), using 11.70 CPU seconds and the job allocated 256.87 GB of memory so far.
2026-09-21 15:04:38.122 INFO   [E6B204\C4E6F6] Auto-routing pass #17 on board '9560eccc6785f612a54797c03ab3a57f' was completed in 0.64 seconds with score 924.72 (14 unrouted and 0 violations), using 12.68 CPU seconds and the job allocated 280.23 GB of memory so far.
2026-09-21 15:04:38.807 INFO   [E6B204\C4E6F6] Auto-routing pass #18 on board '9560eccc6785f612a54797c03ab3a57f' was completed in 0.64 seconds with score 924.72 (14 unrouted and 0 violations), using 13.65 CPU seconds and the job allocated 303.79 GB of memory so far.
2026-09-21 15:04:38.827 INFO   [E6B204\C4E6F6] The router's score (924.72) has not improved by more than 0.5 points in the last 10 passes (14 items still unconnected). Stopping the auto-router.
The following connections could not be routed -- please review your design (e.g. check pad clearances, trace width rules, and available routing space):
  Net '/BUS_DIV' (1 unrouted connection):
    - U3-3  ->  R14-2
  Net '/GND' (2 unrouted connections):
    - C10-2  ->  J10-1
    - J10-1  ->  C14-2
  Net '/DUMP_GATE' (1 unrouted connection):
    - R20-1  ->  R19-2
  Net '/ENC_LA_5V' (1 unrouted connection):
    - R21-1  ->  via
  Net '/3V3' (3 unrouted connections):
    - J7-2  ->  C3-1
    - U1-16  ->  C14-1
    - J7-2  ->  TP5-1
  Net '/HEAD_PWM' (1 unrouted connection):
    - via  ->  U6-3
  Net '/HEAD_5V' (1 unrouted connection):
    - U6-6  ->  via
  Net '/ENC_RB_5V' (1 unrouted connection):
    - R24-1  ->  via
  Net '/DEVKIT_5V' (1 unrouted connection):
    - via  ->  D1-1
  Net '/ENC_LB_5V' (1 unrouted connection):
    - R22-1  ->  via
  Net '/BAT_DIV' (1 unrouted connection):
    - via  ->  R8-1
2026-09-21 15:04:38.903 INFO   [E6B204\C4E6F6] Auto-routing stage completed: started with 48 unrouted nets, completed in 14.36 seconds, final score: 924.72 (14 unrouted and 0 violations), using 13.65 total CPU seconds, 303.79 GB total allocated, and 534.6 MB peak heap usage.
2026-09-21 15:04:38.940 INFO   [E6B204\C4E6F6] Optimization stage started on board '9560eccc6785f612a54797c03ab3a57f' with score 924.72 (14 unrouted and 0 violations).
2026-09-21 15:04:41.673 INFO   [E6B204\C4E6F6] Optimizer pass #1 on board '4e3cb201125243e1cbf4d6e518559ec0' was completed in 2.60 seconds with the score of 924.72 (14 unrouted and 0 violations).
2026-09-21 15:04:41.707 INFO   [E6B204\C4E6F6] Stopping optimizer because the improvement in this pass (0.0000%) is below the threshold (1.00%).
2026-09-21 15:04:41.743 INFO   [E6B204\C4E6F6] Optimization stage completed: started with score 924.72 (14 unrouted and 0 violations), completed in 2.77 seconds, final score: 924.72 (14 unrouted and 0 violations), using 2.70 total CPU seconds, 77.02 GB total allocated, and 375.6 MB peak heap usage.
2026-09-21 15:04:41.754 INFO   [E6B204\C4E6F6] Job 'E6B204\C4E6F6' finished with state: COMPLETED (elapsed: 17.28 seconds, finished at UTC: 2026-09-21T07:04:41.754294Z).
2026-09-21 15:04:41.754 INFO   Saving output file '/Users/dean/Documents/MORI/hardware/revisions/A0.5/kicad/MORI_carrier.ses' (SES)...
2026-09-21 15:04:41.756 INFO   Successfully saved output file '/Users/dean/Documents/MORI/hardware/revisions/A0.5/kicad/MORI_carrier.ses' (147700 bytes).
