2026-09-21 14:58:40.430 INFO   Freerouting v2.4.1 (build-date: 2026-09-03)
2026-09-21 14:58:41.872 INFO   [D1E703\B2AB9F] Loading board file 'MORI_carrier.dsn'...
2026-09-21 14:58:41.918 INFO   [D1E703\B2AB9F] Job 'D1E703\B2AB9F' started at 2026-09-21T06:58:41.918469Z.
2026-09-21 14:58:41.959 INFO   [D1E703\B2AB9F] Auto-routing stage started on board '86cbd47e0445daee1ed7247c8c874d84' for 186 unrouted items.
2026-09-21 14:58:46.407 INFO   [D1E703\B2AB9F] Auto-routing pass #1 on board '86cbd47e0445daee1ed7247c8c874d84' was completed in 4.41 seconds with score 736.55 (49 unrouted and 0 violations), using 3.82 CPU seconds and the job allocated 44.01 GB of memory so far.
2026-09-21 14:58:50.953 INFO   [D1E703\B2AB9F] Auto-routing pass #2 on board '4c3f78cd0addd5ea80945c1f79aef617' was completed in 4.51 seconds with score 854.83 (27 unrouted and 0 violations), using 7.74 CPU seconds and the job allocated 99.35 GB of memory so far.
2026-09-21 14:58:53.873 INFO   [D1E703\B2AB9F] Auto-routing pass #3 on board '48a826919f3d34b8ecd71ecd647f3345' was completed in 2.87 seconds with score 897.84 (19 unrouted and 0 violations), using 10.67 CPU seconds and the job allocated 140.58 GB of memory so far.
2026-09-21 14:58:56.656 INFO   [D1E703\B2AB9F] Auto-routing pass #4 on board '496a19a0ca1410cef21c9fe846235ce6' was completed in 2.74 seconds with score 940.85 (11 unrouted and 0 violations), using 13.60 CPU seconds and the job allocated 180.52 GB of memory so far.
2026-09-21 14:58:59.287 INFO   [D1E703\B2AB9F] Auto-routing pass #5 on board '8b6e17c99774e025de0ce77ffa9cc562' was completed in 2.58 seconds with score 962.35 (7 unrouted and 0 violations), using 16.52 CPU seconds and the job allocated 217.96 GB of memory so far.
2026-09-21 14:59:00.938 INFO   [D1E703\B2AB9F] Auto-routing pass #6 on board '18a077d569583299a4da3a96b4a81a0d' was completed in 1.60 seconds with score 962.35 (7 unrouted and 0 violations), using 17.50 CPU seconds and the job allocated 231.44 GB of memory so far.
2026-09-21 14:59:02.767 INFO   [D1E703\B2AB9F] Auto-routing pass #7 on board '72e7c43efe2e4f2673ea983ea0200b25' was completed in 1.78 seconds with score 973.10 (5 unrouted and 0 violations), using 19.45 CPU seconds and the job allocated 255.32 GB of memory so far.
2026-09-21 14:59:03.779 INFO   [D1E703\B2AB9F] Auto-routing pass #8 on board 'f7e851f837d2d4679adce6810345c1e8' was completed in 0.96 seconds with score 973.10 (5 unrouted and 0 violations), using 20.42 CPU seconds and the job allocated 269.27 GB of memory so far.
2026-09-21 14:59:05.146 INFO   [D1E703\B2AB9F] Auto-routing pass #9 on board '28ae121a108c49c2d1c86a965dc8df39' was completed in 1.32 seconds with score 946.22 (10 unrouted and 0 violations), using 22.38 CPU seconds and the job allocated 293.24 GB of memory so far.
2026-09-21 14:59:08.322 INFO   [D1E703\B2AB9F] Auto-routing pass #10 on board '66dab95cccb7d781b01814047e0eb7db' was completed in 3.13 seconds with score 967.73 (6 unrouted and 0 violations), using 25.32 CPU seconds and the job allocated 328.86 GB of memory so far.
2026-09-21 14:59:10.117 INFO   [D1E703\B2AB9F] Auto-routing pass #11 on board 'bcd46193788e85f5a9fbc171c33999c2' was completed in 1.75 seconds with score 983.85 (3 unrouted and 0 violations), using 27.27 CPU seconds and the job allocated 353.84 GB of memory so far.
2026-09-21 14:59:10.873 INFO   [D1E703\B2AB9F] Auto-routing pass #12 on board '74e16d084dd396e7d610f8669d633790' was completed in 0.71 seconds with score 983.85 (3 unrouted and 0 violations), using 27.27 CPU seconds and the job allocated 353.84 GB of memory so far.
2026-09-21 14:59:11.547 INFO   [D1E703\B2AB9F] Auto-routing pass #13 on board 'a5c8b126521a7bdf0019dd1498e087e9' was completed in 0.62 seconds with score 989.23 (2 unrouted and 0 violations), using 28.24 CPU seconds and the job allocated 369.10 GB of memory so far.
2026-09-21 14:59:11.915 INFO   [D1E703\B2AB9F] Auto-routing pass #14 on board '752daa18a8e6939bdd53f419dc443968' was completed in 0.32 seconds with score 989.23 (2 unrouted and 0 violations), using 28.24 CPU seconds and the job allocated 369.10 GB of memory so far.
2026-09-21 14:59:12.279 INFO   [D1E703\B2AB9F] Auto-routing pass #15 on board '67f0515e64e803cf271d66a1d0adb27a' was completed in 0.32 seconds with score 989.23 (2 unrouted and 0 violations), using 29.22 CPU seconds and the job allocated 385.02 GB of memory so far.
2026-09-21 14:59:12.648 INFO   [D1E703\B2AB9F] Auto-routing pass #16 on board '4b4313abe9e42840fa3a57481a191b65' was completed in 0.32 seconds with score 989.23 (2 unrouted and 0 violations), using 29.22 CPU seconds and the job allocated 385.02 GB of memory so far.
2026-09-21 14:59:13.014 INFO   [D1E703\B2AB9F] Auto-routing pass #17 on board 'fadac407761428cdcc2d7ddad5ad80f3' was completed in 0.32 seconds with score 989.23 (2 unrouted and 0 violations), using 29.22 CPU seconds and the job allocated 385.02 GB of memory so far.
2026-09-21 14:59:13.381 INFO   [D1E703\B2AB9F] Auto-routing pass #18 on board 'bd6cc3e229d60d196b185a096222787d' was completed in 0.32 seconds with score 989.23 (2 unrouted and 0 violations), using 30.20 CPU seconds and the job allocated 402.15 GB of memory so far.
2026-09-21 14:59:13.746 INFO   [D1E703\B2AB9F] Auto-routing pass #19 on board '8d1bbce6ad1855b04c6f500e916c1e10' was completed in 0.32 seconds with score 989.23 (2 unrouted and 0 violations), using 30.20 CPU seconds and the job allocated 402.15 GB of memory so far.
2026-09-21 14:59:14.110 INFO   [D1E703\B2AB9F] Auto-routing pass #20 on board '0d1312a16bc13fec660dc5f36af00c58' was completed in 0.31 seconds with score 989.23 (2 unrouted and 0 violations), using 31.17 CPU seconds and the job allocated 418.60 GB of memory so far.
2026-09-21 14:59:14.475 INFO   [D1E703\B2AB9F] Auto-routing pass #21 on board '66c79702ad5988b2606d5e51fdcd04e2' was completed in 0.31 seconds with score 989.23 (2 unrouted and 0 violations), using 31.17 CPU seconds and the job allocated 418.60 GB of memory so far.
2026-09-21 14:59:14.850 INFO   [D1E703\B2AB9F] Auto-routing pass #22 on board 'd0ce18dd9d3beee9d6c7070f7c2f4d5d' was completed in 0.32 seconds with score 989.23 (2 unrouted and 0 violations), using 31.17 CPU seconds and the job allocated 418.60 GB of memory so far.
2026-09-21 14:59:15.212 INFO   [D1E703\B2AB9F] Auto-routing pass #23 on board 'a38a799f80d477c8808e5f17a680f117' was completed in 0.31 seconds with score 989.23 (2 unrouted and 0 violations), using 32.15 CPU seconds and the job allocated 436.02 GB of memory so far.
2026-09-21 14:59:15.221 INFO   [D1E703\B2AB9F] The router's score (989.23) has not improved by more than 0.5 points in the last 10 passes (2 items still unconnected). Stopping the auto-router.
The following connections could not be routed -- please review your design (e.g. check pad clearances, trace width rules, and available routing space):
  Net '/3V3' (2 unrouted connections):
    - C14-1  ->  U1-16
    - J7-2  ->  TP5-1
2026-09-21 14:59:15.271 INFO   [D1E703\B2AB9F] Auto-routing stage completed: started with 186 unrouted nets, completed in 33.31 seconds, final score: 989.23 (2 unrouted and 0 violations), using 32.15 total CPU seconds, 436.02 GB total allocated, and 525.6 MB peak heap usage.
2026-09-21 14:59:15.294 INFO   [D1E703\B2AB9F] Optimization stage started on board '6a9d720ee10b59e7f18b3f808b9bf979' with score 989.23 (2 unrouted and 0 violations).
2026-09-21 14:59:17.315 INFO   [D1E703\B2AB9F] Stopping optimization pass #1 early after 50 consecutive items could not be improved.
2026-09-21 14:59:17.360 INFO   [D1E703\B2AB9F] Optimizer pass #1 on board 'bca4348eb25cb229176bf51801f28cf5' was completed in 1.97 seconds with the score of 989.23 (2 unrouted and 0 violations).
2026-09-21 14:59:17.389 INFO   [D1E703\B2AB9F] Stopping optimizer because the improvement in this pass (0.0000%) is below the threshold (1.00%).
2026-09-21 14:59:17.423 INFO   [D1E703\B2AB9F] Optimization stage completed: started with score 989.23 (2 unrouted and 0 violations), completed in 2.10 seconds, final score: 989.23 (2 unrouted and 0 violations), using 2.02 total CPU seconds, 64.96 GB total allocated, and 417.3 MB peak heap usage.
2026-09-21 14:59:17.432 INFO   [D1E703\B2AB9F] Job 'D1E703\B2AB9F' finished with state: COMPLETED (elapsed: 35.51 seconds, finished at UTC: 2026-09-21T06:59:17.431816Z).
2026-09-21 14:59:17.924 INFO   Saving output file '/Users/dean/Documents/MORI/hardware/revisions/A0.5/kicad/MORI_carrier.ses' (SES)...
2026-09-21 14:59:17.931 INFO   Successfully saved output file '/Users/dean/Documents/MORI/hardware/revisions/A0.5/kicad/MORI_carrier.ses' (75524 bytes).
