2026-09-21 14:57:22.357 INFO   Freerouting v2.4.1 (build-date: 2026-09-03)
2026-09-21 14:57:22.361 INFO   Migrated configuration from legacy temporary location '/var/folders/dx/h7lhjhz15xv26dtgj56z32240000gn/T/freerouting/freerouting.json' to '/Users/dean/Library/Application Support/freerouting/freerouting.json'.
2026-09-21 14:57:22.383 WARN   freerouting.json at '/Users/dean/Library/Application Support/freerouting/freerouting.json' was written by an older version of Freerouting (file: 2.1.0, current: 2.4.1) - re-saving configuration with the updated version string.
2026-09-21 14:57:23.787 INFO   [DB04E8\9EB246] Loading board file 'MORI_carrier.dsn'...
2026-09-21 14:57:23.865 INFO   [DB04E8\9EB246] Job 'DB04E8\9EB246' started at 2026-09-21T06:57:23.865580Z.
2026-09-21 14:57:23.912 INFO   [DB04E8\9EB246] Auto-routing stage started on board '86cbd47e0445daee1ed7247c8c874d84' for 186 unrouted items.
2026-09-21 14:57:28.238 INFO   [DB04E8\9EB246] Auto-routing pass #1 on board '86cbd47e0445daee1ed7247c8c874d84' was completed in 4.29 seconds with score 736.55 (49 unrouted and 0 violations), using 3.90 CPU seconds and the job allocated 45.61 GB of memory so far.
2026-09-21 14:57:32.836 INFO   [DB04E8\9EB246] Auto-routing pass #2 on board '4c3f78cd0addd5ea80945c1f79aef617' was completed in 4.57 seconds with score 854.83 (27 unrouted and 0 violations), using 7.79 CPU seconds and the job allocated 100.10 GB of memory so far.
2026-09-21 14:57:35.784 INFO   [DB04E8\9EB246] Auto-routing pass #3 on board '48a826919f3d34b8ecd71ecd647f3345' was completed in 2.90 seconds with score 897.84 (19 unrouted and 0 violations), using 10.73 CPU seconds and the job allocated 141.30 GB of memory so far.
2026-09-21 14:57:38.554 INFO   [DB04E8\9EB246] Auto-routing pass #4 on board '496a19a0ca1410cef21c9fe846235ce6' was completed in 2.72 seconds with score 940.85 (11 unrouted and 0 violations), using 13.66 CPU seconds and the job allocated 181.30 GB of memory so far.
2026-09-21 14:57:41.140 INFO   [DB04E8\9EB246] Auto-routing pass #5 on board '8b6e17c99774e025de0ce77ffa9cc562' was completed in 2.54 seconds with score 962.35 (7 unrouted and 0 violations), using 16.59 CPU seconds and the job allocated 219.30 GB of memory so far.
2026-09-21 14:57:42.792 INFO   [DB04E8\9EB246] Auto-routing pass #6 on board '18a077d569583299a4da3a96b4a81a0d' was completed in 1.60 seconds with score 962.35 (7 unrouted and 0 violations), using 17.57 CPU seconds and the job allocated 232.39 GB of memory so far.
2026-09-21 14:57:42.841 INFO   [DB04E8\9EB246] Auto-routing stage completed: started with 186 unrouted nets, completed in 18.93 seconds, final score: 962.35 (7 unrouted and 0 violations), using 17.57 total CPU seconds, 232.39 GB total allocated, and 537.6 MB peak heap usage.
2026-09-21 14:57:42.862 INFO   [DB04E8\9EB246] Optimization stage started on board '72e7c43efe2e4f2673ea983ea0200b25' with score 962.35 (7 unrouted and 0 violations).
2026-09-21 14:57:44.782 INFO   [DB04E8\9EB246] Stopping optimization pass #1 early after 50 consecutive items could not be improved.
2026-09-21 14:57:44.810 INFO   [DB04E8\9EB246] Optimizer pass #1 on board '050d77c85e7fd585bbed170036856414' was completed in 1.87 seconds with the score of 962.35 (7 unrouted and 0 violations).
2026-09-21 14:57:44.829 INFO   [DB04E8\9EB246] Stopping optimizer because the improvement in this pass (0.0000%) is below the threshold (1.00%).
2026-09-21 14:57:44.849 INFO   [DB04E8\9EB246] Optimization stage completed: started with score 962.35 (7 unrouted and 0 violations), completed in 1.97 seconds, final score: 962.35 (7 unrouted and 0 violations), using 1.90 total CPU seconds, 61.67 GB total allocated, and 438.7 MB peak heap usage.
2026-09-21 14:57:44.857 INFO   [DB04E8\9EB246] Job 'DB04E8\9EB246' finished with state: COMPLETED (elapsed: 20.99 seconds, finished at UTC: 2026-09-21T06:57:44.857087Z).
2026-09-21 14:57:45.246 INFO   Saving output file '/Users/dean/Documents/MORI/hardware/revisions/A0.5/kicad/MORI_carrier.ses' (SES)...
2026-09-21 14:57:45.250 INFO   Successfully saved output file '/Users/dean/Documents/MORI/hardware/revisions/A0.5/kicad/MORI_carrier.ses' (70354 bytes).
