2026-09-21 14:50:23.358 INFO   Freerouting v2.1.0 (build-date: 2025-04-12)
2026-09-21 14:50:23.393 WARN   No default constructor found for field: currentLocale
2026-09-21 14:50:23.393 INFO   Settings were loaded from freerouting.json
2026-09-21 14:50:24.838 INFO   [1E8E73\37730B] Job '1E8E73\37730B' started at 2026-09-21T06:50:24.838404Z
java.util.concurrent.CompletionException: java.lang.NullPointerException: Cannot invoke "com.google.gson.JsonElement.getAsString()" because the return value of "com.google.gson.JsonObject.get(String)" is null
	at java.base/java.util.concurrent.CompletableFuture.encodeThrowable(Unknown Source)
	at java.base/java.util.concurrent.CompletableFuture.completeThrowable(Unknown Source)
	at java.base/java.util.concurrent.CompletableFuture$UniAccept.tryFire(Unknown Source)
	at java.base/java.util.concurrent.CompletableFuture.postComplete(Unknown Source)
	at java.base/java.util.concurrent.CompletableFuture.postFire(Unknown Source)
	at java.base/java.util.concurrent.CompletableFuture$UniWhenComplete.tryFire(Unknown Source)
	at java.base/java.util.concurrent.CompletableFuture$Completion.exec(Unknown Source)
	at java.base/java.util.concurrent.ForkJoinTask.doExec(Unknown Source)
	at java.base/java.util.concurrent.ForkJoinPool$WorkQueue.topLevelExec(Unknown Source)
	at java.base/java.util.concurrent.ForkJoinPool.scan(Unknown Source)
	at java.base/java.util.concurrent.ForkJoinPool.runWorker(Unknown Source)
	at java.base/java.util.concurrent.ForkJoinWorkerThread.run(Unknown Source)
Caused by: java.lang.NullPointerException: Cannot invoke "com.google.gson.JsonElement.getAsString()" because the return value of "com.google.gson.JsonObject.get(String)" is null
	at app.freerouting.management.VersionChecker.processResponse(VersionChecker.java:47)
	... 10 more
2026-09-21 14:50:28.128 INFO   [1E8E73\37730B] Auto-router pass #1 on board '0ae100ccb42400724e06cfd7b028ef96' was completed in 3.17 seconds with the score of 946.45 (21 unrouted), using 5.78 CPU seconds and 5231 MB memory.
2026-09-21 14:50:29.109 INFO   [1E8E73\37730B] Auto-router pass #2 on board '54e7a7b1d1b3ee40fc9eff8ca3e708de' was completed in 0.95 seconds with the score of 952.74 (17 unrouted), using 9.66 CPU seconds and 7226 MB memory.
2026-09-21 14:50:29.850 INFO   [1E8E73\37730B] Auto-router pass #3 on board '2774f15d9df9b63a2eca3ec11f3931c8' was completed in 0.72 seconds with the score of 953.50 (16 unrouted), using 9.66 CPU seconds and 7226 MB memory.
2026-09-21 14:50:33.031 INFO   [1E8E73\37730B] Auto-router pass #4 on board 'b6744f5536ee7e83ba3c2729ad1da20e' was completed in 3.16 seconds with the score of 957.99 (14 unrouted), using 34.96 CPU seconds and 15484 MB memory.
2026-09-21 14:50:33.640 INFO   [1E8E73\37730B] Auto-router pass #5 on board '737723121c7ac0c098e1d5187ca8e947' was completed in 0.59 seconds with the score of 960.60 (12 unrouted), using 34.96 CPU seconds and 15484 MB memory.
2026-09-21 14:50:34.169 INFO   [1E8E73\37730B] Auto-router pass #6 on board 'b8b394c56073103c85d61c074906a283' was completed in 0.51 seconds with the score of 960.60 (12 unrouted), using 43.72 CPU seconds and 17609 MB memory.
2026-09-21 14:50:34.686 INFO   [1E8E73\37730B] Auto-router pass #7 on board '89ebeb3be955b213615e7cef343ed0d4' was completed in 0.50 seconds with the score of 960.60 (12 unrouted), using 43.72 CPU seconds and 17609 MB memory.
2026-09-21 14:50:37.487 INFO   [1E8E73\37730B] Auto-router pass #8 on board '4b648a9de374c675390e53aa6e15e455' was completed in 2.78 seconds with the score of 962.53 (11 unrouted), using 75.89 CPU seconds and 24169 MB memory.
2026-09-21 14:50:38.141 INFO   [1E8E73\37730B] Auto-router pass #9 on board 'a7400915507d21d98401ebd5b233809d' was completed in 0.64 seconds with the score of 960.83 (12 unrouted), using 88.58 CPU seconds and 26271 MB memory.
2026-09-21 14:50:38.748 INFO   [1E8E73\37730B] Auto-router pass #10 on board 'cd7fd12d75044b56422bf83de46545f8' was completed in 0.59 seconds with the score of 962.29 (11 unrouted), using 88.58 CPU seconds and 26271 MB memory.
2026-09-21 14:50:39.240 INFO   [1E8E73\37730B] Auto-router pass #11 on board '19a110004625deb6aa3d852029b40f39' was completed in 0.47 seconds with the score of 962.34 (11 unrouted), using 102.25 CPU seconds and 28410 MB memory.
2026-09-21 14:50:41.570 INFO   [1E8E73\37730B] Auto-router pass #12 on board '496bf0b865fb6b6e8482d48fd27be939' was completed in 2.31 seconds with the score of 964.15 (10 unrouted), using 132.54 CPU seconds and 32846 MB memory.
2026-09-21 14:50:42.147 INFO   [1E8E73\37730B] Auto-router pass #13 on board '0ead73073a00b75658a01d5598ae447b' was completed in 0.56 seconds with the score of 966.03 (9 unrouted), using 149.15 CPU seconds and 35038 MB memory.
2026-09-21 14:50:42.598 INFO   [1E8E73\37730B] Auto-router pass #14 on board '2581aa5519f3908b823333c41caca6b0' was completed in 0.43 seconds with the score of 967.39 (8 unrouted), using 149.15 CPU seconds and 35038 MB memory.
2026-09-21 14:50:42.912 INFO   [1E8E73\37730B] Auto-router pass #15 on board '162703dc831f1694af45b4a088e23a18' was completed in 0.29 seconds with the score of 967.39 (8 unrouted), using 149.15 CPU seconds and 35038 MB memory.
2026-09-21 14:50:44.502 INFO   [1E8E73\37730B] Restoring an earlier board that has the score of 967.39 (8 unrouted).
2026-09-21 14:50:44.502 INFO   [1E8E73\37730B] Auto-router pass #16 on board '9d7167364a4c8fad3c78f1d792ba35b6' was completed in 1.57 seconds with the score of 965.98 (9 unrouted), using 185.34 CPU seconds and 39374 MB memory.
2026-09-21 14:50:45.283 INFO   [1E8E73\37730B] Auto-router pass #17 on board '162703dc831f1694af45b4a088e23a18' was completed in 0.77 seconds with the score of 970.98 (6 unrouted), using 204.90 CPU seconds and 41475 MB memory.
2026-09-21 14:50:45.568 INFO   [1E8E73\37730B] Auto-router pass #18 on board '711b2a8ddaa3191855e1684909b8efb8' was completed in 0.26 seconds with the score of 971.08 (6 unrouted), using 204.90 CPU seconds and 41475 MB memory.
2026-09-21 14:50:45.922 INFO   [1E8E73\37730B] Auto-router pass #19 on board '80fea14d0bbf24646bce6659f1256cf3' was completed in 0.34 seconds with the score of 974.06 (4 unrouted), using 204.90 CPU seconds and 41475 MB memory.
2026-09-21 14:50:46.647 INFO   [1E8E73\37730B] Restoring an earlier board that has the score of 974.06 (4 unrouted).
2026-09-21 14:50:46.647 INFO   [1E8E73\37730B] Auto-router pass #20 on board '5c2c8c41cace28a4c02d8a3ff5a20b32' was completed in 0.70 seconds with the score of 974.06 (4 unrouted), using 225.44 CPU seconds and 43565 MB memory.
2026-09-21 14:50:47.113 INFO   [1E8E73\37730B] Auto-router pass #21 on board '5c2c8c41cace28a4c02d8a3ff5a20b32' was completed in 0.46 seconds with the score of 972.82 (5 unrouted), using 246.95 CPU seconds and 45550 MB memory.
2026-09-21 14:50:47.509 INFO   [1E8E73\37730B] Auto-router pass #22 on board 'a5578700b5ca3bad59919142a30192bb' was completed in 0.38 seconds with the score of 972.71 (5 unrouted), using 246.95 CPU seconds and 45550 MB memory.
2026-09-21 14:50:47.890 INFO   [1E8E73\37730B] Auto-router pass #23 on board 'e3d08f697153055fa7fdd8a64473bccc' was completed in 0.36 seconds with the score of 972.71 (5 unrouted), using 246.95 CPU seconds and 45550 MB memory.
2026-09-21 14:50:48.826 INFO   [1E8E73\37730B] Restoring an earlier board that has the score of 974.06 (4 unrouted).
2026-09-21 14:50:48.826 INFO   [1E8E73\37730B] Auto-router pass #24 on board '095fd3697df88d41f721555f4daedc9f' was completed in 0.92 seconds with the score of 972.77 (5 unrouted), using 269.43 CPU seconds and 47622 MB memory.
2026-09-21 14:50:49.195 INFO   [1E8E73\37730B] Auto-router pass #25 on board '5c2c8c41cace28a4c02d8a3ff5a20b32' was completed in 0.36 seconds with the score of 973.04 (5 unrouted), using 292.88 CPU seconds and 49760 MB memory.
2026-09-21 14:50:49.616 INFO   [1E8E73\37730B] Auto-router pass #26 on board '6ab161f3c833b934965a40eab5b872ef' was completed in 0.40 seconds with the score of 971.63 (6 unrouted), using 292.88 CPU seconds and 49760 MB memory.
2026-09-21 14:50:50.077 INFO   [1E8E73\37730B] Auto-router pass #27 on board 'b6f0e84ed4cf87d9b8d862b1c9490b38' was completed in 0.44 seconds with the score of 972.87 (5 unrouted), using 317.30 CPU seconds and 51777 MB memory.
2026-09-21 14:50:50.915 INFO   [1E8E73\37730B] Restoring an earlier board that has the score of 974.06 (4 unrouted).
2026-09-21 14:50:50.915 INFO   [1E8E73\37730B] Auto-router pass #28 on board 'fcd94548cca25b0a2c704f9490adc46e' was completed in 0.82 seconds with the score of 972.61 (5 unrouted), using 317.30 CPU seconds and 51777 MB memory.
2026-09-21 14:50:51.368 INFO   [1E8E73\37730B] Auto-router pass #29 on board '5c2c8c41cace28a4c02d8a3ff5a20b32' was completed in 0.45 seconds with the score of 970.04 (7 unrouted), using 342.70 CPU seconds and 53882 MB memory.
2026-09-21 14:50:51.751 INFO   [1E8E73\37730B] Auto-router pass #30 on board 'c38ca570e963070bbebdb3d658287e26' was completed in 0.36 seconds with the score of 971.30 (6 unrouted), using 342.70 CPU seconds and 53882 MB memory.
2026-09-21 14:50:52.212 INFO   [1E8E73\37730B] Auto-router pass #31 on board 'a99a1281dcf94c65b59fb8f6f0faa468' was completed in 0.44 seconds with the score of 971.96 (6 unrouted), using 369.05 CPU seconds and 55887 MB memory.
2026-09-21 14:50:53.531 INFO   [1E8E73\37730B] Restoring an earlier board that has the score of 974.06 (4 unrouted).
2026-09-21 14:50:53.531 INFO   [1E8E73\37730B] Auto-router pass #32 on board '47606422b0a2a2ffaa587f6a95805e61' was completed in 1.30 seconds with the score of 970.51 (7 unrouted), using 396.39 CPU seconds and 58008 MB memory.
2026-09-21 14:50:53.987 INFO   [1E8E73\37730B] Auto-router pass #33 on board '5c2c8c41cace28a4c02d8a3ff5a20b32' was completed in 0.45 seconds with the score of 968.93 (8 unrouted), using 396.39 CPU seconds and 58008 MB memory.
2026-09-21 14:50:54.651 INFO   [1E8E73\37730B] Auto-router pass #34 on board 'aaa4be8a17fcf16df1e274ba56b27a44' was completed in 0.65 seconds with the score of 965.82 (10 unrouted), using 424.70 CPU seconds and 60087 MB memory.
2026-09-21 14:50:55.503 INFO   [1E8E73\37730B] Auto-router pass #35 on board '1e4de0859607167636718eb1107c2cee' was completed in 0.83 seconds with the score of 968.42 (8 unrouted), using 453.99 CPU seconds and 62080 MB memory.
2026-09-21 14:50:57.281 INFO   [1E8E73\37730B] Restoring an earlier board that has the score of 973.04 (5 unrouted).
2026-09-21 14:50:57.281 INFO   [1E8E73\37730B] Auto-router pass #36 on board '7973d92b772fefc1865e2e54f970d4db' was completed in 1.76 seconds with the score of 968.21 (8 unrouted), using 515.49 CPU seconds and 66415 MB memory.
2026-09-21 14:50:57.856 INFO   [1E8E73\37730B] Auto-router pass #37 on board '6ab161f3c833b934965a40eab5b872ef' was completed in 0.56 seconds with the score of 971.63 (6 unrouted), using 515.49 CPU seconds and 66415 MB memory.
2026-09-21 14:50:58.584 INFO   [1E8E73\37730B] Auto-router pass #38 on board '419288e3a7df3c99d6597403734c7599' was completed in 0.71 seconds with the score of 971.56 (6 unrouted), using 547.71 CPU seconds and 68322 MB memory.
2026-09-21 14:50:59.086 INFO   [1E8E73\37730B] Auto-router pass #39 on board 'ef17557ebd1682614032a5193b8d32c6' was completed in 0.48 seconds with the score of 971.28 (6 unrouted), using 547.71 CPU seconds and 68322 MB memory.
2026-09-21 14:51:00.651 INFO   [1E8E73\37730B] Restoring an earlier board that has the score of 973.04 (5 unrouted).
2026-09-21 14:51:00.651 INFO   [1E8E73\37730B] Auto-router pass #40 on board '65b96e10c51e15386250e0b029b1206f' was completed in 1.54 seconds with the score of 971.22 (6 unrouted), using 615.10 CPU seconds and 72326 MB memory.
2026-09-21 14:51:01.294 INFO   [1E8E73\37730B] Auto-router pass #41 on board '6ab161f3c833b934965a40eab5b872ef' was completed in 0.64 seconds with the score of 971.06 (6 unrouted), using 650.26 CPU seconds and 74318 MB memory.
2026-09-21 14:51:01.813 INFO   [1E8E73\37730B] Auto-router pass #42 on board 'f8ac8c5803d6c61a1183e7a674c84e67' was completed in 0.50 seconds with the score of 971.14 (6 unrouted), using 650.26 CPU seconds and 74318 MB memory.
2026-09-21 14:51:02.518 INFO   [1E8E73\37730B] Auto-router pass #43 on board 'a89eb94d0cbea48beefbf4f7b19e8688' was completed in 0.68 seconds with the score of 968.19 (8 unrouted), using 686.39 CPU seconds and 76304 MB memory.
2026-09-21 14:51:05.226 INFO   [1E8E73\37730B] Restoring an earlier board that has the score of 973.04 (5 unrouted).
2026-09-21 14:51:05.226 INFO   [1E8E73\37730B] Auto-router pass #44 on board '4d0ff67d536bd4359c21ae4af2b516ba' was completed in 2.69 seconds with the score of 968.20 (8 unrouted), using 800.66 CPU seconds and 82523 MB memory.
2026-09-21 14:51:05.764 INFO   [1E8E73\37730B] Auto-router pass #45 on board '6ab161f3c833b934965a40eab5b872ef' was completed in 0.53 seconds with the score of 971.63 (6 unrouted), using 800.66 CPU seconds and 82523 MB memory.
2026-09-21 14:51:06.258 INFO   [1E8E73\37730B] Auto-router pass #46 on board 'b5f9d432f5370fec5e1618ec91207b6b' was completed in 0.47 seconds with the score of 971.56 (6 unrouted), using 840.70 CPU seconds and 84513 MB memory.
2026-09-21 14:51:06.713 INFO   [1E8E73\37730B] Auto-router pass #47 on board 'b9867667a31ab7e90abf7cfc8bad6718' was completed in 0.43 seconds with the score of 972.86 (5 unrouted), using 840.70 CPU seconds and 84513 MB memory.
2026-09-21 14:51:07.608 INFO   [1E8E73\37730B] Restoring an earlier board that has the score of 973.04 (5 unrouted).
2026-09-21 14:51:07.608 INFO   [1E8E73\37730B] Auto-router pass #48 on board 'fffacbbab10d6b15b36b20d907b0870c' was completed in 0.88 seconds with the score of 972.75 (5 unrouted), using 881.72 CPU seconds and 86527 MB memory.
2026-09-21 14:51:08.168 INFO   [1E8E73\37730B] Auto-router pass #49 on board '6ab161f3c833b934965a40eab5b872ef' was completed in 0.55 seconds with the score of 971.70 (6 unrouted), using 881.72 CPU seconds and 86527 MB memory.
2026-09-21 14:51:08.628 INFO   [1E8E73\37730B] Auto-router pass #50 on board '5d565a73dc51b3298e1ab8e29d93863a' was completed in 0.44 seconds with the score of 973.02 (5 unrouted), using 923.70 CPU seconds and 88566 MB memory.
2026-09-21 14:51:08.926 INFO   [1E8E73\37730B] Auto-router pass #51 on board '098f91358d8bb6362851ba1421135500' was completed in 0.28 seconds with the score of 973.05 (5 unrouted), using 923.70 CPU seconds and 88566 MB memory.
2026-09-21 14:51:10.595 INFO   [1E8E73\37730B] Auto-router pass #52 on board '1a75aa9a63d6ac9abacf30bc9f23160c' was completed in 1.65 seconds with the score of 974.20 (4 unrouted), using 1010.60 CPU seconds and 92735 MB memory.
2026-09-21 14:51:11.089 INFO   [1E8E73\37730B] Auto-router pass #53 on board 'fa2450680f04c77e58fa8e243449552d' was completed in 0.47 seconds with the score of 973.81 (4 unrouted), using 1010.60 CPU seconds and 92735 MB memory.
2026-09-21 14:51:11.288 INFO   [1E8E73\37730B] Auto-router pass #54 on board 'f154bfe36fdc8af84350c81d9bde906f' was completed in 0.18 seconds with the score of 973.81 (4 unrouted), using 1055.51 CPU seconds and 94717 MB memory.
2026-09-21 14:51:11.466 INFO   [1E8E73\37730B] Auto-router pass #55 on board 'f154bfe36fdc8af84350c81d9bde906f' was completed in 0.17 seconds with the score of 973.81 (4 unrouted), using 1055.51 CPU seconds and 94717 MB memory.
2026-09-21 14:51:12.776 INFO   [1E8E73\37730B] Restoring an earlier board that has the score of 974.20 (4 unrouted).
2026-09-21 14:51:12.776 INFO   [1E8E73\37730B] Auto-router pass #56 on board 'f154bfe36fdc8af84350c81d9bde906f' was completed in 1.30 seconds with the score of 974.12 (4 unrouted), using 1101.40 CPU seconds and 96833 MB memory.
2026-09-21 14:51:13.131 INFO   [1E8E73\37730B] Auto-router pass #57 on board 'fa2450680f04c77e58fa8e243449552d' was completed in 0.35 seconds with the score of 973.68 (4 unrouted), using 1101.40 CPU seconds and 96833 MB memory.
2026-09-21 14:51:13.391 INFO   [1E8E73\37730B] Auto-router pass #58 on board '7144821e511a633cb6cbce553e2d0670' was completed in 0.24 seconds with the score of 974.09 (4 unrouted), using 1148.28 CPU seconds and 98890 MB memory.
2026-09-21 14:51:13.974 INFO   [1E8E73\37730B] Auto-router pass #59 on board 'faec3222d81df7edf05fc5fdf549dd9d' was completed in 0.56 seconds with the score of 972.71 (5 unrouted), using 1148.28 CPU seconds and 98890 MB memory.
2026-09-21 14:51:15.797 INFO   [1E8E73\37730B] Restoring an earlier board that has the score of 974.20 (4 unrouted).
2026-09-21 14:51:15.797 INFO   [1E8E73\37730B] Auto-router pass #60 on board '4008936f4ff6f5d4025020bc904f1f78' was completed in 1.80 seconds with the score of 972.36 (5 unrouted), using 1244.95 CPU seconds and 102990 MB memory.
2026-09-21 14:51:16.185 INFO   [1E8E73\37730B] Auto-router pass #61 on board 'fa2450680f04c77e58fa8e243449552d' was completed in 0.38 seconds with the score of 973.79 (4 unrouted), using 1244.95 CPU seconds and 102990 MB memory.
2026-09-21 14:51:16.533 INFO   [1E8E73\37730B] Auto-router pass #62 on board '1fc822ac663f09adb105701253eb7eda' was completed in 0.33 seconds with the score of 974.15 (4 unrouted), using 1294.73 CPU seconds and 105048 MB memory.
2026-09-21 14:51:16.829 INFO   [1E8E73\37730B] Auto-router pass #63 on board '863bdba3f8e2f786718998dbc3e3a259' was completed in 0.28 seconds with the score of 974.13 (4 unrouted), using 1294.73 CPU seconds and 105048 MB memory.
2026-09-21 14:51:17.947 INFO   [1E8E73\37730B] Restoring an earlier board that has the score of 974.20 (4 unrouted).
2026-09-21 14:51:17.947 INFO   [1E8E73\37730B] Auto-router pass #64 on board '41ddfc01f799fb2be713e0f3ba1aa5b3' was completed in 1.10 seconds with the score of 968.68 (8 unrouted), using 1345.49 CPU seconds and 107067 MB memory.
2026-09-21 14:51:18.754 INFO   [1E8E73\37730B] Auto-router pass #65 on board 'fa2450680f04c77e58fa8e243449552d' was completed in 0.80 seconds with the score of 970.17 (7 unrouted), using 1397.08 CPU seconds and 108643 MB memory.
2026-09-21 14:51:19.500 INFO   [1E8E73\37730B] Auto-router pass #66 on board 'f7960c19f9417afb0a0dcdfc1732ebf1' was completed in 0.72 seconds with the score of 971.92 (6 unrouted), using 1449.61 CPU seconds and 110306 MB memory.
2026-09-21 14:51:20.056 INFO   [1E8E73\37730B] Auto-router pass #67 on board 'ac64d73c69c77a81b2e94e4f13a3102f' was completed in 0.53 seconds with the score of 969.21 (8 unrouted), using 1449.61 CPU seconds and 110306 MB memory.
2026-09-21 14:51:23.260 INFO   [1E8E73\37730B] Restoring an earlier board that has the score of 974.20 (4 unrouted).
2026-09-21 14:51:23.260 INFO   [1E8E73\37730B] Auto-router pass #68 on board '10dee4adc516920faf3723a0b5a082b7' was completed in 3.18 seconds with the score of 968.83 (8 unrouted), using 1612.72 CPU seconds and 115566 MB memory.
2026-09-21 14:51:23.650 INFO   [1E8E73\37730B] Auto-router pass #69 on board 'fa2450680f04c77e58fa8e243449552d' was completed in 0.38 seconds with the score of 972.49 (5 unrouted), using 1668.99 CPU seconds and 117540 MB memory.
2026-09-21 14:51:24.057 INFO   [1E8E73\37730B] Auto-router pass #70 on board '18a35f19154e6ef8e59a15ac44998c79' was completed in 0.38 seconds with the score of 973.95 (4 unrouted), using 1668.99 CPU seconds and 117540 MB memory.
2026-09-21 14:51:24.543 INFO   [1E8E73\37730B] Auto-router pass #71 on board 'dd671e1fe41dd6db12109e8b0d1b2f6d' was completed in 0.46 seconds with the score of 975.22 (3 unrouted), using 1726.22 CPU seconds and 119344 MB memory.
2026-09-21 14:51:25.837 INFO   [1E8E73\37730B] Restoring an earlier board that has the score of 975.22 (3 unrouted).
2026-09-21 14:51:25.837 INFO   [1E8E73\37730B] Auto-router pass #72 on board '02f7575cb5000bf201ead3640e510492' was completed in 1.27 seconds with the score of 975.22 (3 unrouted), using 1784.42 CPU seconds and 121279 MB memory.
2026-09-21 14:51:26.149 INFO   [1E8E73\37730B] Auto-router pass #73 on board '02f7575cb5000bf201ead3640e510492' was completed in 0.30 seconds with the score of 975.22 (3 unrouted), using 1784.42 CPU seconds and 121279 MB memory.
2026-09-21 14:51:26.546 INFO   [1E8E73\37730B] Auto-router pass #74 on board '02f7575cb5000bf201ead3640e510492' was completed in 0.39 seconds with the score of 975.22 (3 unrouted), using 1843.58 CPU seconds and 123231 MB memory.
2026-09-21 14:51:26.681 INFO   [1E8E73\37730B] Auto-router pass #75 on board '02f7575cb5000bf201ead3640e510492' was completed in 0.13 seconds with the score of 975.22 (3 unrouted), using 1843.58 CPU seconds and 123231 MB memory.
2026-09-21 14:51:28.098 INFO   [1E8E73\37730B] Restoring an earlier board that has the score of 975.22 (3 unrouted).
2026-09-21 14:51:28.099 INFO   [1E8E73\37730B] Auto-router pass #76 on board '02f7575cb5000bf201ead3640e510492' was completed in 1.41 seconds with the score of 973.86 (4 unrouted), using 1903.71 CPU seconds and 125229 MB memory.
2026-09-21 14:51:28.746 INFO   [1E8E73\37730B] Auto-router pass #77 on board '02f7575cb5000bf201ead3640e510492' was completed in 0.64 seconds with the score of 971.34 (6 unrouted), using 1964.80 CPU seconds and 127191 MB memory.
2026-09-21 14:51:29.145 INFO   [1E8E73\37730B] Auto-router pass #78 on board 'f8331ce09a7dea1f413f5d1d8d103f18' was completed in 0.38 seconds with the score of 971.05 (6 unrouted), using 1964.80 CPU seconds and 127191 MB memory.
2026-09-21 14:51:29.481 INFO   [1E8E73\37730B] Auto-router pass #79 on board '1e43d2901551859f489e0a54f14c19d1' was completed in 0.32 seconds with the score of 971.05 (6 unrouted), using 2026.85 CPU seconds and 129131 MB memory.
2026-09-21 14:51:31.431 INFO   [1E8E73\37730B] Restoring an earlier board that has the score of 975.22 (3 unrouted).
2026-09-21 14:51:31.432 INFO   [1E8E73\37730B] Auto-router pass #80 on board '1e43d2901551859f489e0a54f14c19d1' was completed in 1.94 seconds with the score of 970.82 (6 unrouted), using 2153.87 CPU seconds and 133207 MB memory.
2026-09-21 14:51:31.953 INFO   [1E8E73\37730B] Auto-router pass #81 on board '02f7575cb5000bf201ead3640e510492' was completed in 0.51 seconds with the score of 975.22 (3 unrouted), using 2153.87 CPU seconds and 133207 MB memory.
2026-09-21 14:51:32.091 INFO   [1E8E73\37730B] Auto-router pass #82 on board '02f7575cb5000bf201ead3640e510492' was completed in 0.13 seconds with the score of 975.22 (3 unrouted), using 2153.87 CPU seconds and 133207 MB memory.
2026-09-21 14:51:32.227 INFO   [1E8E73\37730B] Auto-router pass #83 on board '02f7575cb5000bf201ead3640e510492' was completed in 0.13 seconds with the score of 975.22 (3 unrouted), using 2153.87 CPU seconds and 133207 MB memory.
2026-09-21 14:51:33.492 INFO   [1E8E73\37730B] Restoring an earlier board that has the score of 975.22 (3 unrouted).
2026-09-21 14:51:33.493 INFO   [1E8E73\37730B] Auto-router pass #84 on board '02f7575cb5000bf201ead3640e510492' was completed in 1.26 seconds with the score of 975.22 (3 unrouted), using 2284.76 CPU seconds and 137206 MB memory.
2026-09-21 14:51:33.807 INFO   [1E8E73\37730B] Auto-router pass #85 on board '02f7575cb5000bf201ead3640e510492' was completed in 0.31 seconds with the score of 975.22 (3 unrouted), using 2284.76 CPU seconds and 137206 MB memory.
2026-09-21 14:51:33.987 INFO   [1E8E73\37730B] Auto-router pass #86 on board '02f7575cb5000bf201ead3640e510492' was completed in 0.17 seconds with the score of 975.22 (3 unrouted), using 2284.76 CPU seconds and 137206 MB memory.
2026-09-21 14:51:34.404 INFO   [1E8E73\37730B] Auto-router pass #87 on board '02f7575cb5000bf201ead3640e510492' was completed in 0.41 seconds with the score of 975.22 (3 unrouted), using 2351.64 CPU seconds and 139090 MB memory.
2026-09-21 14:51:35.470 INFO   [1E8E73\37730B] Restoring an earlier board that has the score of 974.15 (4 unrouted).
2026-09-21 14:51:35.470 INFO   [1E8E73\37730B] Auto-router pass #88 on board '02f7575cb5000bf201ead3640e510492' was completed in 1.06 seconds with the score of 975.22 (3 unrouted), using 2419.48 CPU seconds and 141113 MB memory.
2026-09-21 14:51:36.000 INFO   [1E8E73\37730B] Auto-router pass #89 on board '863bdba3f8e2f786718998dbc3e3a259' was completed in 0.52 seconds with the score of 971.37 (6 unrouted), using 2419.48 CPU seconds and 141113 MB memory.
2026-09-21 14:51:36.389 INFO   [1E8E73\37730B] Auto-router pass #90 on board 'd61cce698ba0221f3f51e60bf696ec0f' was completed in 0.37 seconds with the score of 971.18 (6 unrouted), using 2488.23 CPU seconds and 142935 MB memory.
2026-09-21 14:51:36.901 INFO   [1E8E73\37730B] Auto-router pass #91 on board '8ccc57d75103632c333586427aa90ba2' was completed in 0.49 seconds with the score of 972.53 (5 unrouted), using 2488.23 CPU seconds and 142935 MB memory.
2026-09-21 14:51:38.869 INFO   [1E8E73\37730B] Restoring an earlier board that has the score of 974.15 (4 unrouted).
2026-09-21 14:51:38.869 INFO   [1E8E73\37730B] Auto-router pass #92 on board '574e1e52d216c3ae4d438caa498e8fd0' was completed in 1.94 seconds with the score of 972.52 (5 unrouted), using 2628.60 CPU seconds and 146617 MB memory.
2026-09-21 14:51:39.316 INFO   [1E8E73\37730B] Auto-router pass #93 on board '863bdba3f8e2f786718998dbc3e3a259' was completed in 0.44 seconds with the score of 974.01 (4 unrouted), using 2628.60 CPU seconds and 146617 MB memory.
2026-09-21 14:51:39.746 INFO   [1E8E73\37730B] Auto-router pass #94 on board '229a98f666a3ca12620f43acb52fbc6f' was completed in 0.40 seconds with the score of 971.27 (6 unrouted), using 2700.24 CPU seconds and 148536 MB memory.
2026-09-21 14:51:40.246 INFO   [1E8E73\37730B] Auto-router pass #95 on board '571022b9f4ed0f632671e2f8d5c10092' was completed in 0.48 seconds with the score of 972.51 (5 unrouted), using 2700.24 CPU seconds and 148536 MB memory.
2026-09-21 14:51:42.231 INFO   [1E8E73\37730B] Restoring an earlier board that has the score of 974.15 (4 unrouted).
2026-09-21 14:51:42.231 INFO   [1E8E73\37730B] Auto-router pass #96 on board '0514f79871f820d547338110fd419d20' was completed in 1.96 seconds with the score of 971.23 (6 unrouted), using 2846.40 CPU seconds and 152363 MB memory.
2026-09-21 14:51:42.727 INFO   [1E8E73\37730B] Auto-router pass #97 on board '863bdba3f8e2f786718998dbc3e3a259' was completed in 0.49 seconds with the score of 969.85 (7 unrouted), using 2920.94 CPU seconds and 154262 MB memory.
2026-09-21 14:51:43.171 INFO   [1E8E73\37730B] Auto-router pass #98 on board '6c61c1831e68e3aab1e07256d5d20ab8' was completed in 0.42 seconds with the score of 971.12 (6 unrouted), using 2920.94 CPU seconds and 154262 MB memory.
2026-09-21 14:51:43.876 INFO   [1E8E73\37730B] Auto-router pass #99 on board '2e054e85cfe7550e1f16c438f9e3a771' was completed in 0.69 seconds with the score of 970.97 (6 unrouted), using 2996.44 CPU seconds and 156208 MB memory.
2026-09-21 14:51:45.756 INFO   [1E8E73\37730B] Restoring an earlier board that has the score of 974.15 (4 unrouted).
2026-09-21 14:51:45.757 INFO   [1E8E73\37730B] Auto-router pass #100 on board 'c2d3dd712d4f3917e814e3770b011c56' was completed in 1.86 seconds with the score of 972.50 (5 unrouted), using 3150.24 CPU seconds and 159707 MB memory.
2026-09-21 14:51:46.187 INFO   [1E8E73\37730B] Auto-router pass #101 on board '863bdba3f8e2f786718998dbc3e3a259' was completed in 0.42 seconds with the score of 972.86 (5 unrouted), using 3150.24 CPU seconds and 159707 MB memory.
2026-09-21 14:51:46.284 WARN   ItemAutorouteInfo.get_expansion_room: p_index out of range
2026-09-21 14:51:46.285 WARN   ItemAutorouteInfo.get_expansion_room: p_index out of range
2026-09-21 14:51:46.285 WARN   ItemAutorouteInfo.get_expansion_room: p_index out of range
2026-09-21 14:51:46.285 WARN   ItemAutorouteInfo.get_expansion_room: p_index out of range
2026-09-21 14:51:46.285 WARN   ItemAutorouteInfo.get_expansion_room: p_index out of range
2026-09-21 14:51:46.285 WARN   ItemAutorouteInfo.get_expansion_room: p_index out of range
2026-09-21 14:51:46.285 WARN   ItemAutorouteInfo.get_expansion_room: p_index out of range
2026-09-21 14:51:46.286 WARN   ItemAutorouteInfo.get_expansion_room: p_index out of range
2026-09-21 14:51:46.287 WARN   ItemAutorouteInfo.get_expansion_room: p_index out of range
2026-09-21 14:51:46.287 WARN   ItemAutorouteInfo.get_expansion_room: p_index out of range
2026-09-21 14:51:46.287 WARN   ItemAutorouteInfo.get_expansion_room: p_index out of range
2026-09-21 14:51:46.287 WARN   ItemAutorouteInfo.get_expansion_room: p_index out of range
2026-09-21 14:51:46.287 WARN   ItemAutorouteInfo.get_expansion_room: p_index out of range
2026-09-21 14:51:46.287 WARN   ItemAutorouteInfo.get_expansion_room: p_index out of range
2026-09-21 14:51:46.288 WARN   ItemAutorouteInfo.get_expansion_room: p_index out of range
2026-09-21 14:51:46.288 WARN   ItemAutorouteInfo.get_expansion_room: p_index out of range
2026-09-21 14:51:46.288 WARN   ItemAutorouteInfo.get_expansion_room: p_index out of range
2026-09-21 14:51:46.288 WARN   ItemAutorouteInfo.get_expansion_room: p_index out of range
2026-09-21 14:51:46.288 WARN   ItemAutorouteInfo.get_expansion_room: p_index out of range
2026-09-21 14:51:46.289 WARN   ItemAutorouteInfo.get_expansion_room: p_index out of range
2026-09-21 14:51:46.289 WARN   ItemAutorouteInfo.get_expansion_room: p_index out of range
2026-09-21 14:51:46.289 WARN   ItemAutorouteInfo.get_expansion_room: p_index out of range
2026-09-21 14:51:46.289 WARN   ItemAutorouteInfo.get_expansion_room: p_index out of range
2026-09-21 14:51:46.289 WARN   ItemAutorouteInfo.get_expansion_room: p_index out of range
2026-09-21 14:51:46.289 WARN   ItemAutorouteInfo.get_expansion_room: p_index out of range
2026-09-21 14:51:46.289 WARN   ItemAutorouteInfo.get_expansion_room: p_index out of range
2026-09-21 14:51:46.290 WARN   ItemAutorouteInfo.get_expansion_room: p_index out of range
2026-09-21 14:51:46.290 WARN   ItemAutorouteInfo.get_expansion_room: p_index out of range
2026-09-21 14:51:46.295 WARN   ItemAutorouteInfo.get_expansion_room: p_index out of range
2026-09-21 14:51:46.303 WARN   ItemAutorouteInfo.get_expansion_room: p_index out of range
2026-09-21 14:51:46.303 WARN   ItemAutorouteInfo.get_expansion_room: p_index out of range
2026-09-21 14:51:46.340 WARN   ItemAutorouteInfo.get_expansion_room: p_index out of range
2026-09-21 14:51:46.340 WARN   ItemAutorouteInfo.get_expansion_room: p_index out of range
2026-09-21 14:51:46.340 WARN   ItemAutorouteInfo.get_expansion_room: p_index out of range
2026-09-21 14:51:46.340 WARN   ItemAutorouteInfo.get_expansion_room: p_index out of range
2026-09-21 14:51:46.341 WARN   ItemAutorouteInfo.get_expansion_room: p_index out of range
2026-09-21 14:51:46.341 WARN   ItemAutorouteInfo.get_expansion_room: p_index out of range
2026-09-21 14:51:46.341 WARN   ItemAutorouteInfo.get_expansion_room: p_index out of range
2026-09-21 14:51:46.342 WARN   ItemAutorouteInfo.get_expansion_room: p_index out of range
2026-09-21 14:51:46.671 INFO   [1E8E73\37730B] Auto-router pass #102 on board '1c56a73ee9782e8b41a6f28611990f47' was completed in 0.46 seconds with the score of 972.64 (5 unrouted), using 3228.60 CPU seconds and 161668 MB memory.
2026-09-21 14:51:46.963 INFO   [1E8E73\37730B] Auto-router pass #103 on board '86a18f735c8d0245015ce9142cc416fb' was completed in 0.27 seconds with the score of 971.44 (6 unrouted), using 3228.60 CPU seconds and 161668 MB memory.
2026-09-21 14:51:48.902 INFO   [1E8E73\37730B] Restoring an earlier board that has the score of 974.13 (4 unrouted).
2026-09-21 14:51:48.902 INFO   [1E8E73\37730B] Auto-router pass #104 on board '1fe15cd7067c80a10d822affef7a2145' was completed in 1.92 seconds with the score of 969.66 (7 unrouted), using 3388.24 CPU seconds and 165694 MB memory.
2026-09-21 14:51:49.359 INFO   [1E8E73\37730B] Auto-router pass #105 on board '41ddfc01f799fb2be713e0f3ba1aa5b3' was completed in 0.45 seconds with the score of 971.32 (6 unrouted), using 3388.24 CPU seconds and 165694 MB memory.
2026-09-21 14:51:49.668 INFO   [1E8E73\37730B] Auto-router pass #106 on board '1941f3e9d333e4ddeb7ec040ed4d3333' was completed in 0.29 seconds with the score of 970.92 (6 unrouted), using 3469.51 CPU seconds and 167621 MB memory.
2026-09-21 14:51:50.135 INFO   [1E8E73\37730B] Auto-router pass #107 on board '4567a1a9a70c02b2cce3eda425ed05e8' was completed in 0.45 seconds with the score of 972.31 (5 unrouted), using 3469.51 CPU seconds and 167621 MB memory.
2026-09-21 14:51:51.492 INFO   [1E8E73\37730B] Restoring an earlier board that has the score of 974.13 (4 unrouted).
2026-09-21 14:51:51.492 INFO   [1E8E73\37730B] Auto-router pass #108 on board 'e9f9319b151dd742bfc2bf14ed2c7c65' was completed in 1.33 seconds with the score of 973.87 (4 unrouted), using 3634.94 CPU seconds and 171639 MB memory.
2026-09-21 14:51:51.940 INFO   [1E8E73\37730B] Auto-router pass #109 on board '41ddfc01f799fb2be713e0f3ba1aa5b3' was completed in 0.44 seconds with the score of 971.32 (6 unrouted), using 3634.94 CPU seconds and 171639 MB memory.
2026-09-21 14:51:52.248 INFO   [1E8E73\37730B] Auto-router pass #110 on board '97622cb74da52a460b518b2fa355194a' was completed in 0.29 seconds with the score of 971.08 (6 unrouted), using 3634.94 CPU seconds and 171639 MB memory.
2026-09-21 14:51:52.633 INFO   [1E8E73\37730B] Auto-router pass #111 on board 'f546be8271320f161692b0f7445a4a25' was completed in 0.36 seconds with the score of 972.25 (5 unrouted), using 3719.11 CPU seconds and 173578 MB memory.
2026-09-21 14:51:53.867 INFO   [1E8E73\37730B] Restoring an earlier board that has the score of 974.13 (4 unrouted).
2026-09-21 14:51:53.867 INFO   [1E8E73\37730B] Auto-router pass #112 on board 'c8c42107066218d57477978e8021cbcf' was completed in 1.22 seconds with the score of 974.18 (4 unrouted), using 3804.24 CPU seconds and 175662 MB memory.
2026-09-21 14:51:54.562 INFO   [1E8E73\37730B] Auto-router pass #113 on board '41ddfc01f799fb2be713e0f3ba1aa5b3' was completed in 0.69 seconds with the score of 969.58 (7 unrouted), using 3890.31 CPU seconds and 177389 MB memory.
2026-09-21 14:51:55.249 INFO   [1E8E73\37730B] Auto-router pass #114 on board 'eb87c6d42c65f4f23b9811e3ca0ae638' was completed in 0.66 seconds with the score of 972.90 (5 unrouted), using 3890.31 CPU seconds and 177389 MB memory.
2026-09-21 14:51:55.750 INFO   [1E8E73\37730B] Auto-router pass #115 on board '6ea01ff2acff3e3c4331473567f75159' was completed in 0.48 seconds with the score of 970.58 (7 unrouted), using 3977.31 CPU seconds and 178953 MB memory.
2026-09-21 14:51:59.101 INFO   [1E8E73\37730B] Restoring an earlier board that has the score of 974.13 (4 unrouted).
2026-09-21 14:51:59.101 INFO   [1E8E73\37730B] Auto-router pass #116 on board '4e8c493f9211aad920ddf143d81eb743' was completed in 3.33 seconds with the score of 970.26 (7 unrouted), using 4244.08 CPU seconds and 184531 MB memory.
2026-09-21 14:51:59.634 INFO   [1E8E73\37730B] Auto-router pass #117 on board '41ddfc01f799fb2be713e0f3ba1aa5b3' was completed in 0.53 seconds with the score of 972.48 (5 unrouted), using 4334.91 CPU seconds and 186351 MB memory.
2026-09-21 14:52:00.121 INFO   [1E8E73\37730B] Auto-router pass #118 on board 'b21eda9a334efaacc6e433ac4487b4c9' was completed in 0.45 seconds with the score of 972.79 (5 unrouted), using 4334.91 CPU seconds and 186351 MB memory.
2026-09-21 14:52:00.695 INFO   [1E8E73\37730B] Auto-router pass #119 on board '3a9baaa840281298b70081f625d27b60' was completed in 0.55 seconds with the score of 971.04 (6 unrouted), using 4426.67 CPU seconds and 187913 MB memory.
2026-09-21 14:52:02.412 INFO   [1E8E73\37730B] Restoring an earlier board that has the score of 974.09 (4 unrouted).
2026-09-21 14:52:02.412 INFO   [1E8E73\37730B] Auto-router pass #120 on board '6c4bae49427ecbc17300dd3f8e445d9f' was completed in 1.70 seconds with the score of 973.82 (4 unrouted), using 4519.40 CPU seconds and 189853 MB memory.
2026-09-21 14:52:02.835 INFO   [1E8E73\37730B] Auto-router pass #121 on board 'faec3222d81df7edf05fc5fdf549dd9d' was completed in 0.41 seconds with the score of 972.71 (5 unrouted), using 4613.09 CPU seconds and 191890 MB memory.
2026-09-21 14:52:03.312 INFO   [1E8E73\37730B] Auto-router pass #122 on board '4008936f4ff6f5d4025020bc904f1f78' was completed in 0.47 seconds with the score of 972.71 (5 unrouted), using 4613.09 CPU seconds and 191890 MB memory.
2026-09-21 14:52:03.575 INFO   [1E8E73\37730B] Auto-router pass #123 on board '4008936f4ff6f5d4025020bc904f1f78' was completed in 0.25 seconds with the score of 972.71 (5 unrouted), using 4707.76 CPU seconds and 193744 MB memory.
2026-09-21 14:52:04.842 INFO   [1E8E73\37730B] Restoring an earlier board that has the score of 974.09 (4 unrouted).
2026-09-21 14:52:04.842 INFO   [1E8E73\37730B] Auto-router pass #124 on board '4008936f4ff6f5d4025020bc904f1f78' was completed in 1.26 seconds with the score of 972.61 (5 unrouted), using 4803.39 CPU seconds and 195728 MB memory.
2026-09-21 14:52:05.270 INFO   [1E8E73\37730B] Auto-router pass #125 on board 'faec3222d81df7edf05fc5fdf549dd9d' was completed in 0.42 seconds with the score of 971.33 (6 unrouted), using 4803.39 CPU seconds and 195728 MB memory.
2026-09-21 14:52:05.656 INFO   [1E8E73\37730B] Auto-router pass #126 on board 'cc1319ac2f8025bd7878d7c7705c45f7' was completed in 0.37 seconds with the score of 971.19 (6 unrouted), using 4900.00 CPU seconds and 197711 MB memory.
2026-09-21 14:52:06.084 INFO   [1E8E73\37730B] Auto-router pass #127 on board 'b3ac5de787bf04674492d77ce0fa8de2' was completed in 0.41 seconds with the score of 972.25 (5 unrouted), using 4900.00 CPU seconds and 197711 MB memory.
2026-09-21 14:52:07.934 INFO   [1E8E73\37730B] Restoring an earlier board that has the score of 974.09 (4 unrouted).
2026-09-21 14:52:07.936 INFO   [1E8E73\37730B] Auto-router pass #128 on board 'f1722bc524e4433942d066696a7e4bc7' was completed in 1.83 seconds with the score of 972.90 (5 unrouted), using 5096.10 CPU seconds and 201570 MB memory.
2026-09-21 14:52:08.325 INFO   [1E8E73\37730B] Auto-router pass #129 on board 'faec3222d81df7edf05fc5fdf549dd9d' was completed in 0.38 seconds with the score of 972.71 (5 unrouted), using 5096.10 CPU seconds and 201570 MB memory.
2026-09-21 14:52:08.957 INFO   [1E8E73\37730B] Auto-router pass #130 on board '4008936f4ff6f5d4025020bc904f1f78' was completed in 0.62 seconds with the score of 972.54 (5 unrouted), using 5195.60 CPU seconds and 203316 MB memory.
2026-09-21 14:52:09.198 INFO   [1E8E73\37730B] Auto-router pass #131 on board '629c02d0fceb2841fcc1c4a7fad5d315' was completed in 0.22 seconds with the score of 972.59 (5 unrouted), using 5195.60 CPU seconds and 203316 MB memory.
2026-09-21 14:52:10.695 INFO   [1E8E73\37730B] Restoring an earlier board that has the score of 974.09 (4 unrouted).
2026-09-21 14:52:10.696 INFO   [1E8E73\37730B] Auto-router pass #132 on board '8fa31c850940033820ba370045b9d243' was completed in 1.48 seconds with the score of 974.49 (4 unrouted), using 5397.51 CPU seconds and 207265 MB memory.
2026-09-21 14:52:11.333 INFO   [1E8E73\37730B] Auto-router pass #133 on board 'faec3222d81df7edf05fc5fdf549dd9d' was completed in 0.63 seconds with the score of 972.71 (5 unrouted), using 5397.51 CPU seconds and 207265 MB memory.
2026-09-21 14:52:11.734 INFO   [1E8E73\37730B] Auto-router pass #134 on board '4008936f4ff6f5d4025020bc904f1f78' was completed in 0.39 seconds with the score of 972.86 (5 unrouted), using 5499.91 CPU seconds and 209125 MB memory.
2026-09-21 14:52:12.237 INFO   [1E8E73\37730B] Auto-router pass #135 on board 'fe1a93d843fa4dd2f25223de568ed22b' was completed in 0.48 seconds with the score of 972.86 (5 unrouted), using 5499.91 CPU seconds and 209125 MB memory.
2026-09-21 14:52:14.619 INFO   [1E8E73\37730B] Restoring an earlier board that has the score of 974.01 (4 unrouted).
2026-09-21 14:52:14.620 INFO   [1E8E73\37730B] Auto-router pass #136 on board 'fe1a93d843fa4dd2f25223de568ed22b' was completed in 2.37 seconds with the score of 972.79 (5 unrouted), using 5812.97 CPU seconds and 214964 MB memory.
2026-09-21 14:52:15.048 INFO   [1E8E73\37730B] Auto-router pass #137 on board '229a98f666a3ca12620f43acb52fbc6f' was completed in 0.42 seconds with the score of 972.50 (5 unrouted), using 5812.97 CPU seconds and 214964 MB memory.
2026-09-21 14:52:15.375 INFO   [1E8E73\37730B] Auto-router pass #138 on board '21dd002e22bd493d72262443b06ca6e8' was completed in 0.31 seconds with the score of 972.49 (5 unrouted), using 5812.97 CPU seconds and 214964 MB memory.
2026-09-21 14:52:15.698 INFO   [1E8E73\37730B] Auto-router pass #139 on board '62945533c454de41e30b3156c12d080c' was completed in 0.30 seconds with the score of 973.90 (4 unrouted), using 5919.27 CPU seconds and 216835 MB memory.
2026-09-21 14:52:17.294 INFO   [1E8E73\37730B] Restoring an earlier board that has the score of 974.01 (4 unrouted).
2026-09-21 14:52:17.294 INFO   [1E8E73\37730B] Auto-router pass #140 on board 'efead74239d0737a490bbefe582ac6d3' was completed in 1.57 seconds with the score of 971.54 (6 unrouted), using 6026.54 CPU seconds and 218845 MB memory.
2026-09-21 14:52:17.728 INFO   [1E8E73\37730B] Auto-router pass #141 on board '229a98f666a3ca12620f43acb52fbc6f' was completed in 0.43 seconds with the score of 972.50 (5 unrouted), using 6134.79 CPU seconds and 220826 MB memory.
2026-09-21 14:52:18.047 INFO   [1E8E73\37730B] Auto-router pass #142 on board '21dd002e22bd493d72262443b06ca6e8' was completed in 0.31 seconds with the score of 972.69 (5 unrouted), using 6134.79 CPU seconds and 220826 MB memory.
2026-09-21 14:52:18.367 INFO   [1E8E73\37730B] Auto-router pass #143 on board 'e89066969a23dda8b0dbdc9c33074178' was completed in 0.30 seconds with the score of 971.01 (6 unrouted), using 6134.79 CPU seconds and 220826 MB memory.
2026-09-21 14:52:19.964 INFO   [1E8E73\37730B] Restoring an earlier board that has the score of 974.01 (4 unrouted).
2026-09-21 14:52:19.965 INFO   [1E8E73\37730B] Auto-router pass #144 on board '9fdb813b2ef2e372e4e64e83c8e6d426' was completed in 1.58 seconds with the score of 972.58 (5 unrouted), using 6354.17 CPU seconds and 224724 MB memory.
2026-09-21 14:52:20.722 INFO   [1E8E73\37730B] Auto-router pass #145 on board '229a98f666a3ca12620f43acb52fbc6f' was completed in 0.75 seconds with the score of 965.46 (10 unrouted), using 6465.29 CPU seconds and 226563 MB memory.
2026-09-21 14:52:21.665 INFO   [1E8E73\37730B] Auto-router pass #146 on board '8cac1851da29f674e8d92b5dfcae03e1' was completed in 0.92 seconds with the score of 966.58 (9 unrouted), using 6577.39 CPU seconds and 228410 MB memory.
2026-09-21 14:52:22.175 INFO   [1E8E73\37730B] Auto-router pass #147 on board 'f68acf5d2e9cb4e6a61bcb1d9ec613d7' was completed in 0.49 seconds with the score of 966.78 (9 unrouted), using 6577.39 CPU seconds and 228410 MB memory.
2026-09-21 14:52:24.936 INFO   [1E8E73\37730B] Restoring an earlier board that has the score of 974.01 (4 unrouted).
2026-09-21 14:52:24.936 INFO   [1E8E73\37730B] Auto-router pass #148 on board '7e9d4aebb75e284331b107f0762dcefa' was completed in 2.74 seconds with the score of 970.96 (6 unrouted), using 6919.42 CPU seconds and 233802 MB memory.
2026-09-21 14:52:25.473 INFO   [1E8E73\37730B] Auto-router pass #149 on board '229a98f666a3ca12620f43acb52fbc6f' was completed in 0.53 seconds with the score of 971.43 (6 unrouted), using 6919.42 CPU seconds and 233802 MB memory.
2026-09-21 14:52:25.866 INFO   [1E8E73\37730B] Auto-router pass #150 on board '8e3813a39740b22db4c96998ebdefd2b' was completed in 0.37 seconds with the score of 972.68 (5 unrouted), using 7035.34 CPU seconds and 235622 MB memory.
2026-09-21 14:52:26.257 INFO   [1E8E73\37730B] Auto-router pass #151 on board 'f383d4cfe8e6455e6865f4bbd32e4c9c' was completed in 0.37 seconds with the score of 974.03 (4 unrouted), using 7035.34 CPU seconds and 235622 MB memory.
2026-09-21 14:52:27.209 INFO   [1E8E73\37730B] Restoring an earlier board that has the score of 974.03 (4 unrouted).
2026-09-21 14:52:27.209 INFO   [1E8E73\37730B] Auto-router pass #152 on board '6e14740638b2739c9c776bb1ce512d50' was completed in 0.93 seconds with the score of 972.66 (5 unrouted), using 7152.23 CPU seconds and 237491 MB memory.
2026-09-21 14:52:27.879 INFO   [1E8E73\37730B] Auto-router pass #153 on board '6e14740638b2739c9c776bb1ce512d50' was completed in 0.66 seconds with the score of 974.30 (4 unrouted), using 7270.09 CPU seconds and 239346 MB memory.
2026-09-21 14:52:28.138 INFO   [1E8E73\37730B] Auto-router pass #154 on board 'bf17ac5922d14cd2b6678f5f42e3731e' was completed in 0.23 seconds with the score of 974.25 (4 unrouted), using 7270.09 CPU seconds and 239346 MB memory.
2026-09-21 14:52:28.851 INFO   [1E8E73\37730B] Auto-router pass #155 on board 'a2510d76be274c1126cdb95aa585eb07' was completed in 0.69 seconds with the score of 972.64 (5 unrouted), using 7388.89 CPU seconds and 241036 MB memory.
2026-09-21 14:52:29.943 INFO   [1E8E73\37730B] Restoring an earlier board that has the score of 974.30 (4 unrouted).
2026-09-21 14:52:29.943 INFO   [1E8E73\37730B] Auto-router pass #156 on board 'e38671c714b8f4fc1558a19ed2a3e7ff' was completed in 1.07 seconds with the score of 972.63 (5 unrouted), using 7508.66 CPU seconds and 242960 MB memory.
2026-09-21 14:52:30.507 INFO   [1E8E73\37730B] Auto-router pass #157 on board 'bf17ac5922d14cd2b6678f5f42e3731e' was completed in 0.55 seconds with the score of 972.88 (5 unrouted), using 7508.66 CPU seconds and 242960 MB memory.
2026-09-21 14:52:31.155 INFO   [1E8E73\37730B] Auto-router pass #158 on board '6f7237477c86cad2f00bc0d1ac35b1fc' was completed in 0.62 seconds with the score of 972.52 (5 unrouted), using 7629.39 CPU seconds and 244675 MB memory.
2026-09-21 14:52:31.432 INFO   [1E8E73\37730B] Auto-router pass #159 on board '9eba9c3f887cbf6c9a1537a7560c6a83' was completed in 0.26 seconds with the score of 972.60 (5 unrouted), using 7629.39 CPU seconds and 244675 MB memory.
2026-09-21 14:52:33.560 INFO   [1E8E73\37730B] Restoring an earlier board that has the score of 974.30 (4 unrouted).
2026-09-21 14:52:33.560 INFO   [1E8E73\37730B] Auto-router pass #160 on board 'aab8a55013b18bd9875a92127b3f44b0' was completed in 2.10 seconds with the score of 973.12 (5 unrouted), using 7873.74 CPU seconds and 248451 MB memory.
2026-09-21 14:52:34.198 INFO   [1E8E73\37730B] Auto-router pass #161 on board 'bf17ac5922d14cd2b6678f5f42e3731e' was completed in 0.62 seconds with the score of 970.23 (7 unrouted), using 7997.32 CPU seconds and 249886 MB memory.
2026-09-21 14:52:34.960 INFO   [1E8E73\37730B] Auto-router pass #162 on board '91fcef0fcb1c4b605457be9455332876' was completed in 0.74 seconds with the score of 972.89 (5 unrouted), using 8121.87 CPU seconds and 251661 MB memory.
2026-09-21 14:52:35.202 INFO   [1E8E73\37730B] Auto-router pass #163 on board 'b494faf99545232068526f5d30b775e0' was completed in 0.22 seconds with the score of 972.83 (5 unrouted), using 8121.87 CPU seconds and 251661 MB memory.
2026-09-21 14:52:35.274 WARN   ItemAutorouteInfo.get_expansion_room: p_index out of range
2026-09-21 14:52:37.207 INFO   [1E8E73\37730B] Restoring an earlier board that has the score of 974.30 (4 unrouted).
2026-09-21 14:52:37.207 INFO   [1E8E73\37730B] Auto-router pass #164 on board '70caf18c9b7eec7d8cd1b25f5cc8c079' was completed in 1.99 seconds with the score of 971.48 (6 unrouted), using 8373.86 CPU seconds and 255417 MB memory.
2026-09-21 14:52:37.789 INFO   [1E8E73\37730B] Auto-router pass #165 on board 'bf17ac5922d14cd2b6678f5f42e3731e' was completed in 0.57 seconds with the score of 969.70 (7 unrouted), using 8501.30 CPU seconds and 257179 MB memory.
2026-09-21 14:52:38.700 INFO   [1E8E73\37730B] Auto-router pass #166 on board '5ac7f5b3492fa31e5a8409d5377a4730' was completed in 0.89 seconds with the score of 971.38 (6 unrouted), using 8629.71 CPU seconds and 258941 MB memory.
2026-09-21 14:52:39.535 INFO   [1E8E73\37730B] Auto-router pass #167 on board 'ec0f4b8eadc9d7781630977f38e05d84' was completed in 0.81 seconds with the score of 971.24 (6 unrouted), using 8629.71 CPU seconds and 258941 MB memory.
2026-09-21 14:52:42.279 INFO   [1E8E73\37730B] Restoring an earlier board that has the score of 974.30 (4 unrouted).
2026-09-21 14:52:42.279 INFO   [1E8E73\37730B] Auto-router pass #168 on board '645d7e00a3f80198c1a2c6ad66e13eef' was completed in 2.72 seconds with the score of 970.16 (7 unrouted), using 9020.79 CPU seconds and 264722 MB memory.
2026-09-21 14:52:42.769 INFO   [1E8E73\37730B] Auto-router pass #169 on board 'bf17ac5922d14cd2b6678f5f42e3731e' was completed in 0.48 seconds with the score of 974.25 (4 unrouted), using 9153.10 CPU seconds and 266658 MB memory.
2026-09-21 14:52:43.429 INFO   [1E8E73\37730B] Auto-router pass #170 on board 'd34539947047cc39c602c6532380d18c' was completed in 0.64 seconds with the score of 971.43 (6 unrouted), using 9153.10 CPU seconds and 266658 MB memory.
2026-09-21 14:52:44.058 INFO   [1E8E73\37730B] Auto-router pass #171 on board '5e05bde3f2041a19b7c8124de4fc0896' was completed in 0.60 seconds with the score of 973.91 (4 unrouted), using 9286.38 CPU seconds and 268385 MB memory.
2026-09-21 14:52:45.564 INFO   [1E8E73\37730B] Restoring an earlier board that has the score of 974.25 (4 unrouted).
2026-09-21 14:52:45.564 INFO   [1E8E73\37730B] Auto-router pass #172 on board '288aea50586b0749f22b74e56b7fdd83' was completed in 1.48 seconds with the score of 974.01 (4 unrouted), using 9420.63 CPU seconds and 270381 MB memory.
2026-09-21 14:52:46.024 INFO   [1E8E73\37730B] Auto-router pass #173 on board 'a2510d76be274c1126cdb95aa585eb07' was completed in 0.45 seconds with the score of 974.16 (4 unrouted), using 9555.86 CPU seconds and 272300 MB memory.
2026-09-21 14:52:46.400 INFO   [1E8E73\37730B] Auto-router pass #174 on board 'b26fc8e537df381ef4f711afde9f90d6' was completed in 0.36 seconds with the score of 975.73 (3 unrouted), using 9555.86 CPU seconds and 272300 MB memory.
2026-09-21 14:52:46.646 INFO   [1E8E73\37730B] Auto-router pass #175 on board 'd84848d41a0cfc3964fd5d15109023cc' was completed in 0.22 seconds with the score of 975.73 (3 unrouted), using 9692.05 CPU seconds and 274090 MB memory.
2026-09-21 14:52:47.369 INFO   [1E8E73\37730B] Restoring an earlier board that has the score of 975.73 (3 unrouted).
2026-09-21 14:52:47.370 INFO   [1E8E73\37730B] Auto-router pass #176 on board 'd84848d41a0cfc3964fd5d15109023cc' was completed in 0.71 seconds with the score of 975.73 (3 unrouted), using 9692.05 CPU seconds and 274090 MB memory.
2026-09-21 14:52:47.724 INFO   [1E8E73\37730B] Auto-router pass #177 on board 'd84848d41a0cfc3964fd5d15109023cc' was completed in 0.35 seconds with the score of 975.73 (3 unrouted), using 9829.20 CPU seconds and 275921 MB memory.
2026-09-21 14:52:47.942 INFO   [1E8E73\37730B] Auto-router pass #178 on board 'd84848d41a0cfc3964fd5d15109023cc' was completed in 0.21 seconds with the score of 975.73 (3 unrouted), using 9829.20 CPU seconds and 275921 MB memory.
2026-09-21 14:52:48.177 INFO   [1E8E73\37730B] Auto-router pass #179 on board 'd84848d41a0cfc3964fd5d15109023cc' was completed in 0.23 seconds with the score of 975.73 (3 unrouted), using 9829.20 CPU seconds and 275921 MB memory.
2026-09-21 14:52:49.033 INFO   [1E8E73\37730B] Restoring an earlier board that has the score of 975.73 (3 unrouted).
2026-09-21 14:52:49.034 INFO   [1E8E73\37730B] Auto-router pass #180 on board 'd84848d41a0cfc3964fd5d15109023cc' was completed in 0.85 seconds with the score of 975.73 (3 unrouted), using 9967.32 CPU seconds and 277624 MB memory.
2026-09-21 14:52:49.429 INFO   [1E8E73\37730B] Auto-router pass #181 on board 'd84848d41a0cfc3964fd5d15109023cc' was completed in 0.39 seconds with the score of 975.73 (3 unrouted), using 9967.32 CPU seconds and 277624 MB memory.
2026-09-21 14:52:49.683 INFO   [1E8E73\37730B] Auto-router pass #182 on board 'd84848d41a0cfc3964fd5d15109023cc' was completed in 0.25 seconds with the score of 975.73 (3 unrouted), using 10106.39 CPU seconds and 279325 MB memory.
2026-09-21 14:52:49.979 INFO   [1E8E73\37730B] Auto-router pass #183 on board 'd84848d41a0cfc3964fd5d15109023cc' was completed in 0.29 seconds with the score of 975.73 (3 unrouted), using 10106.39 CPU seconds and 279325 MB memory.
2026-09-21 14:52:50.879 INFO   [1E8E73\37730B] Restoring an earlier board that has the score of 975.73 (3 unrouted).
2026-09-21 14:52:50.879 INFO   [1E8E73\37730B] Auto-router pass #184 on board 'd84848d41a0cfc3964fd5d15109023cc' was completed in 0.89 seconds with the score of 975.73 (3 unrouted), using 10246.40 CPU seconds and 280839 MB memory.
2026-09-21 14:52:51.460 INFO   [1E8E73\37730B] Auto-router pass #185 on board 'd84848d41a0cfc3964fd5d15109023cc' was completed in 0.57 seconds with the score of 968.89 (8 unrouted), using 10246.40 CPU seconds and 280839 MB memory.
2026-09-21 14:52:52.309 INFO   [1E8E73\37730B] Auto-router pass #186 on board '45d8b61713a22e7bcfa46ee1c996a2b1' was completed in 0.82 seconds with the score of 973.06 (5 unrouted), using 10387.37 CPU seconds and 282585 MB memory.
2026-09-21 14:52:52.922 INFO   [1E8E73\37730B] Auto-router pass #187 on board '0f19d969696cbdaf0533bbbfb9f7895b' was completed in 0.59 seconds with the score of 971.66 (6 unrouted), using 10529.29 CPU seconds and 284151 MB memory.
2026-09-21 14:52:56.516 INFO   [1E8E73\37730B] Restoring an earlier board that has the score of 975.73 (3 unrouted).
2026-09-21 14:52:56.517 INFO   [1E8E73\37730B] Auto-router pass #188 on board '4bd5e8cad72d82b7ccebbb03cd59b634' was completed in 3.57 seconds with the score of 970.89 (7 unrouted), using 10960.91 CPU seconds and 289417 MB memory.
2026-09-21 14:52:57.002 INFO   [1E8E73\37730B] Auto-router pass #189 on board 'd84848d41a0cfc3964fd5d15109023cc' was completed in 0.47 seconds with the score of 971.61 (6 unrouted), using 11106.72 CPU seconds and 291233 MB memory.
2026-09-21 14:52:57.778 INFO   [1E8E73\37730B] Auto-router pass #190 on board 'd726f0add7ec7b72b211e7c9019c9798' was completed in 0.75 seconds with the score of 973.00 (5 unrouted), using 11253.51 CPU seconds and 292924 MB memory.
2026-09-21 14:52:58.320 INFO   [1E8E73\37730B] Auto-router pass #191 on board 'c250d1c50eea25370de7c1a3137787be' was completed in 0.52 seconds with the score of 971.62 (6 unrouted), using 11253.51 CPU seconds and 292924 MB memory.
2026-09-21 14:53:00.445 INFO   [1E8E73\37730B] Restoring an earlier board that has the score of 974.25 (4 unrouted).
2026-09-21 14:53:00.445 INFO   [1E8E73\37730B] Auto-router pass #192 on board '46651384a81ee60fa2150d4a9676276d' was completed in 2.10 seconds with the score of 972.98 (5 unrouted), using 11550.00 CPU seconds and 296491 MB memory.
2026-09-21 14:53:00.909 INFO   [1E8E73\37730B] Auto-router pass #193 on board 'a2510d76be274c1126cdb95aa585eb07' was completed in 0.45 seconds with the score of 974.16 (4 unrouted), using 11699.70 CPU seconds and 298207 MB memory.
2026-09-21 14:53:00.965 WARN   ItemAutorouteInfo.get_expansion_room: p_index out of range
2026-09-21 14:53:00.966 WARN   ItemAutorouteInfo.get_expansion_room: p_index out of range
2026-09-21 14:53:00.967 WARN   ItemAutorouteInfo.get_expansion_room: p_index out of range
2026-09-21 14:53:00.967 WARN   ItemAutorouteInfo.get_expansion_room: p_index out of range
2026-09-21 14:53:00.967 WARN   ItemAutorouteInfo.get_expansion_room: p_index out of range
2026-09-21 14:53:00.970 WARN   ItemAutorouteInfo.get_expansion_room: p_index out of range
2026-09-21 14:53:00.971 WARN   ItemAutorouteInfo.get_expansion_room: p_index out of range
2026-09-21 14:53:00.971 WARN   ItemAutorouteInfo.get_expansion_room: p_index out of range
2026-09-21 14:53:00.971 WARN   ItemAutorouteInfo.get_expansion_room: p_index out of range
2026-09-21 14:53:00.971 WARN   ItemAutorouteInfo.get_expansion_room: p_index out of range
2026-09-21 14:53:00.971 WARN   ItemAutorouteInfo.get_expansion_room: p_index out of range
2026-09-21 14:53:00.972 WARN   ItemAutorouteInfo.get_expansion_room: p_index out of range
2026-09-21 14:53:00.972 WARN   ItemAutorouteInfo.get_expansion_room: p_index out of range
2026-09-21 14:53:00.972 WARN   ItemAutorouteInfo.get_expansion_room: p_index out of range
2026-09-21 14:53:00.972 WARN   ItemAutorouteInfo.get_expansion_room: p_index out of range
2026-09-21 14:53:00.972 WARN   ItemAutorouteInfo.get_expansion_room: p_index out of range
2026-09-21 14:53:00.973 WARN   ItemAutorouteInfo.get_expansion_room: p_index out of range
2026-09-21 14:53:00.973 WARN   ItemAutorouteInfo.get_expansion_room: p_index out of range
2026-09-21 14:53:00.973 WARN   ItemAutorouteInfo.get_expansion_room: p_index out of range
2026-09-21 14:53:00.973 WARN   ItemAutorouteInfo.get_expansion_room: p_index out of range
2026-09-21 14:53:00.974 WARN   ItemAutorouteInfo.get_expansion_room: p_index out of range
2026-09-21 14:53:00.974 WARN   ItemAutorouteInfo.get_expansion_room: p_index out of range
2026-09-21 14:53:00.974 WARN   ItemAutorouteInfo.get_expansion_room: p_index out of range
2026-09-21 14:53:00.974 WARN   ItemAutorouteInfo.get_expansion_room: p_index out of range
2026-09-21 14:53:00.974 WARN   ItemAutorouteInfo.get_expansion_room: p_index out of range
2026-09-21 14:53:00.975 WARN   ItemAutorouteInfo.get_expansion_room: p_index out of range
2026-09-21 14:53:00.975 WARN   ItemAutorouteInfo.get_expansion_room: p_index out of range
2026-09-21 14:53:00.975 WARN   ItemAutorouteInfo.get_expansion_room: p_index out of range
2026-09-21 14:53:00.975 WARN   ItemAutorouteInfo.get_expansion_room: p_index out of range
2026-09-21 14:53:00.975 WARN   ItemAutorouteInfo.get_expansion_room: p_index out of range
2026-09-21 14:53:00.976 WARN   ItemAutorouteInfo.get_expansion_room: p_index out of range
2026-09-21 14:53:00.976 WARN   ItemAutorouteInfo.get_expansion_room: p_index out of range
2026-09-21 14:53:00.976 WARN   ItemAutorouteInfo.get_expansion_room: p_index out of range
2026-09-21 14:53:00.976 WARN   ItemAutorouteInfo.get_expansion_room: p_index out of range
2026-09-21 14:53:00.977 WARN   ItemAutorouteInfo.get_expansion_room: p_index out of range
2026-09-21 14:53:00.977 WARN   ItemAutorouteInfo.get_expansion_room: p_index out of range
2026-09-21 14:53:00.977 WARN   ItemAutorouteInfo.get_expansion_room: p_index out of range
2026-09-21 14:53:00.977 WARN   ItemAutorouteInfo.get_expansion_room: p_index out of range
2026-09-21 14:53:00.978 WARN   ItemAutorouteInfo.get_expansion_room: p_index out of range
2026-09-21 14:53:00.978 WARN   ItemAutorouteInfo.get_expansion_room: p_index out of range
2026-09-21 14:53:00.978 WARN   ItemAutorouteInfo.get_expansion_room: p_index out of range
2026-09-21 14:53:00.978 WARN   ItemAutorouteInfo.get_expansion_room: p_index out of range
2026-09-21 14:53:00.978 WARN   ItemAutorouteInfo.get_expansion_room: p_index out of range
2026-09-21 14:53:00.979 WARN   ItemAutorouteInfo.get_expansion_room: p_index out of range
2026-09-21 14:53:00.979 WARN   ItemAutorouteInfo.get_expansion_room: p_index out of range
2026-09-21 14:53:00.979 WARN   ItemAutorouteInfo.get_expansion_room: p_index out of range
2026-09-21 14:53:00.979 WARN   ItemAutorouteInfo.get_expansion_room: p_index out of range
2026-09-21 14:53:00.979 WARN   ItemAutorouteInfo.get_expansion_room: p_index out of range
2026-09-21 14:53:00.979 WARN   ItemAutorouteInfo.get_expansion_room: p_index out of range
2026-09-21 14:53:00.980 WARN   ItemAutorouteInfo.get_expansion_room: p_index out of range
2026-09-21 14:53:00.980 WARN   ItemAutorouteInfo.get_expansion_room: p_index out of range
2026-09-21 14:53:00.980 WARN   ItemAutorouteInfo.get_expansion_room: p_index out of range
2026-09-21 14:53:00.980 WARN   ItemAutorouteInfo.get_expansion_room: p_index out of range
2026-09-21 14:53:00.980 WARN   ItemAutorouteInfo.get_expansion_room: p_index out of range
2026-09-21 14:53:00.981 WARN   ItemAutorouteInfo.get_expansion_room: p_index out of range
2026-09-21 14:53:00.981 WARN   ItemAutorouteInfo.get_expansion_room: p_index out of range
2026-09-21 14:53:00.981 WARN   ItemAutorouteInfo.get_expansion_room: p_index out of range
2026-09-21 14:53:00.981 WARN   ItemAutorouteInfo.get_expansion_room: p_index out of range
2026-09-21 14:53:00.982 WARN   ItemAutorouteInfo.get_expansion_room: p_index out of range
2026-09-21 14:53:00.982 WARN   ItemAutorouteInfo.get_expansion_room: p_index out of range
2026-09-21 14:53:00.982 WARN   ItemAutorouteInfo.get_expansion_room: p_index out of range
2026-09-21 14:53:00.982 WARN   ItemAutorouteInfo.get_expansion_room: p_index out of range
2026-09-21 14:53:00.982 WARN   ItemAutorouteInfo.get_expansion_room: p_index out of range
2026-09-21 14:53:00.983 WARN   ItemAutorouteInfo.get_expansion_room: p_index out of range
2026-09-21 14:53:00.983 WARN   ItemAutorouteInfo.get_expansion_room: p_index out of range
2026-09-21 14:53:00.983 WARN   ItemAutorouteInfo.get_expansion_room: p_index out of range
2026-09-21 14:53:00.983 WARN   ItemAutorouteInfo.get_expansion_room: p_index out of range
2026-09-21 14:53:00.983 WARN   ItemAutorouteInfo.get_expansion_room: p_index out of range
2026-09-21 14:53:00.984 WARN   ItemAutorouteInfo.get_expansion_room: p_index out of range
2026-09-21 14:53:00.984 WARN   ItemAutorouteInfo.get_expansion_room: p_index out of range
2026-09-21 14:53:00.984 WARN   ItemAutorouteInfo.get_expansion_room: p_index out of range
2026-09-21 14:53:00.984 WARN   ItemAutorouteInfo.get_expansion_room: p_index out of range
2026-09-21 14:53:00.984 WARN   ItemAutorouteInfo.get_expansion_room: p_index out of range
2026-09-21 14:53:00.987 WARN   ItemAutorouteInfo.get_expansion_room: p_index out of range
2026-09-21 14:53:00.989 WARN   ItemAutorouteInfo.get_expansion_room: p_index out of range
2026-09-21 14:53:00.989 WARN   ItemAutorouteInfo.get_expansion_room: p_index out of range
2026-09-21 14:53:01.348 INFO   [1E8E73\37730B] Auto-router pass #194 on board 'b26fc8e537df381ef4f711afde9f90d6' was completed in 0.43 seconds with the score of 975.65 (3 unrouted), using 11699.70 CPU seconds and 298207 MB memory.
2026-09-21 14:53:01.580 INFO   [1E8E73\37730B] Auto-router pass #195 on board '0aa3b04434b3e6813de44bfd832373db' was completed in 0.20 seconds with the score of 975.73 (3 unrouted), using 11699.70 CPU seconds and 298207 MB memory.
2026-09-21 14:53:02.608 INFO   [1E8E73\37730B] Restoring an earlier board that has the score of 975.73 (3 unrouted).
2026-09-21 14:53:02.608 INFO   [1E8E73\37730B] Auto-router pass #196 on board 'ac57f4be753a87307cd03f4dca5b1cf3' was completed in 1.01 seconds with the score of 975.73 (3 unrouted), using 11850.36 CPU seconds and 299793 MB memory.
2026-09-21 14:53:03.034 INFO   [1E8E73\37730B] Auto-router pass #197 on board 'ac57f4be753a87307cd03f4dca5b1cf3' was completed in 0.42 seconds with the score of 975.73 (3 unrouted), using 12001.99 CPU seconds and 301493 MB memory.
2026-09-21 14:53:03.289 INFO   [1E8E73\37730B] Auto-router pass #198 on board 'ac57f4be753a87307cd03f4dca5b1cf3' was completed in 0.25 seconds with the score of 975.73 (3 unrouted), using 12001.99 CPU seconds and 301493 MB memory.
2026-09-21 14:53:03.531 INFO   [1E8E73\37730B] Auto-router pass #199 on board 'ac57f4be753a87307cd03f4dca5b1cf3' was completed in 0.23 seconds with the score of 975.73 (3 unrouted), using 12001.99 CPU seconds and 301493 MB memory.
2026-09-21 14:53:04.358 INFO   [1E8E73\37730B] Restoring an earlier board that has the score of 975.73 (3 unrouted).
2026-09-21 14:53:04.358 INFO   [1E8E73\37730B] Auto-router pass #200 on board 'ac57f4be753a87307cd03f4dca5b1cf3' was completed in 0.82 seconds with the score of 975.73 (3 unrouted), using 12154.58 CPU seconds and 303082 MB memory.
2026-09-21 14:53:04.808 INFO   [1E8E73\37730B] Auto-router pass #201 on board 'ac57f4be753a87307cd03f4dca5b1cf3' was completed in 0.44 seconds with the score of 975.73 (3 unrouted), using 12308.12 CPU seconds and 304689 MB memory.
2026-09-21 14:53:05.065 INFO   [1E8E73\37730B] Auto-router pass #202 on board 'ac57f4be753a87307cd03f4dca5b1cf3' was completed in 0.25 seconds with the score of 975.73 (3 unrouted), using 12308.12 CPU seconds and 304689 MB memory.
2026-09-21 14:53:05.319 INFO   [1E8E73\37730B] Auto-router pass #203 on board 'ac57f4be753a87307cd03f4dca5b1cf3' was completed in 0.24 seconds with the score of 975.73 (3 unrouted), using 12308.12 CPU seconds and 304689 MB memory.
2026-09-21 14:53:06.310 INFO   [1E8E73\37730B] Restoring an earlier board that has the score of 975.73 (3 unrouted).
2026-09-21 14:53:06.310 INFO   [1E8E73\37730B] Auto-router pass #204 on board 'ac57f4be753a87307cd03f4dca5b1cf3' was completed in 0.98 seconds with the score of 975.73 (3 unrouted), using 12462.62 CPU seconds and 306265 MB memory.
2026-09-21 14:53:06.722 INFO   [1E8E73\37730B] Auto-router pass #205 on board 'ac57f4be753a87307cd03f4dca5b1cf3' was completed in 0.40 seconds with the score of 975.73 (3 unrouted), using 12462.62 CPU seconds and 306265 MB memory.
2026-09-21 14:53:06.983 INFO   [1E8E73\37730B] Auto-router pass #206 on board 'ac57f4be753a87307cd03f4dca5b1cf3' was completed in 0.25 seconds with the score of 975.73 (3 unrouted), using 12618.08 CPU seconds and 307857 MB memory.
2026-09-21 14:53:07.235 INFO   [1E8E73\37730B] Auto-router pass #207 on board 'ac57f4be753a87307cd03f4dca5b1cf3' was completed in 0.24 seconds with the score of 975.73 (3 unrouted), using 12618.08 CPU seconds and 307857 MB memory.
2026-09-21 14:53:08.265 INFO   [1E8E73\37730B] Restoring an earlier board that has the score of 975.73 (3 unrouted).
2026-09-21 14:53:08.265 INFO   [1E8E73\37730B] Auto-router pass #208 on board 'ac57f4be753a87307cd03f4dca5b1cf3' was completed in 1.02 seconds with the score of 975.73 (3 unrouted), using 12774.50 CPU seconds and 309497 MB memory.
2026-09-21 14:53:08.662 INFO   [1E8E73\37730B] Auto-router pass #209 on board 'ac57f4be753a87307cd03f4dca5b1cf3' was completed in 0.39 seconds with the score of 975.73 (3 unrouted), using 12774.50 CPU seconds and 309497 MB memory.
2026-09-21 14:53:08.908 INFO   [1E8E73\37730B] Auto-router pass #210 on board 'ac57f4be753a87307cd03f4dca5b1cf3' was completed in 0.24 seconds with the score of 975.73 (3 unrouted), using 12931.90 CPU seconds and 311180 MB memory.
2026-09-21 14:53:09.155 INFO   [1E8E73\37730B] Auto-router pass #211 on board 'ac57f4be753a87307cd03f4dca5b1cf3' was completed in 0.24 seconds with the score of 975.73 (3 unrouted), using 12931.90 CPU seconds and 311180 MB memory.
2026-09-21 14:53:09.966 INFO   [1E8E73\37730B] Restoring an earlier board that has the score of 975.65 (3 unrouted).
2026-09-21 14:53:09.966 INFO   [1E8E73\37730B] Auto-router pass #212 on board 'ac57f4be753a87307cd03f4dca5b1cf3' was completed in 0.80 seconds with the score of 975.73 (3 unrouted), using 13090.26 CPU seconds and 312811 MB memory.
2026-09-21 14:53:10.335 INFO   [1E8E73\37730B] Auto-router pass #213 on board '0aa3b04434b3e6813de44bfd832373db' was completed in 0.36 seconds with the score of 975.73 (3 unrouted), using 13090.26 CPU seconds and 312811 MB memory.
2026-09-21 14:53:10.592 INFO   [1E8E73\37730B] Auto-router pass #214 on board 'ac57f4be753a87307cd03f4dca5b1cf3' was completed in 0.25 seconds with the score of 975.73 (3 unrouted), using 13090.26 CPU seconds and 312811 MB memory.
2026-09-21 14:53:10.847 INFO   [1E8E73\37730B] Auto-router pass #215 on board 'ac57f4be753a87307cd03f4dca5b1cf3' was completed in 0.25 seconds with the score of 975.73 (3 unrouted), using 13249.58 CPU seconds and 314467 MB memory.
2026-09-21 14:53:11.713 INFO   [1E8E73\37730B] Restoring an earlier board that has the score of 975.65 (3 unrouted).
2026-09-21 14:53:11.713 INFO   [1E8E73\37730B] Auto-router pass #216 on board 'ac57f4be753a87307cd03f4dca5b1cf3' was completed in 0.86 seconds with the score of 975.73 (3 unrouted), using 13249.58 CPU seconds and 314467 MB memory.
2026-09-21 14:53:12.113 INFO   [1E8E73\37730B] Auto-router pass #217 on board '0aa3b04434b3e6813de44bfd832373db' was completed in 0.39 seconds with the score of 975.73 (3 unrouted), using 13409.88 CPU seconds and 316115 MB memory.
2026-09-21 14:53:12.399 INFO   [1E8E73\37730B] Auto-router pass #218 on board 'ac57f4be753a87307cd03f4dca5b1cf3' was completed in 0.28 seconds with the score of 975.73 (3 unrouted), using 13409.88 CPU seconds and 316115 MB memory.
2026-09-21 14:53:12.654 INFO   [1E8E73\37730B] Auto-router pass #219 on board 'ac57f4be753a87307cd03f4dca5b1cf3' was completed in 0.25 seconds with the score of 975.73 (3 unrouted), using 13409.88 CPU seconds and 316115 MB memory.
2026-09-21 14:53:13.524 INFO   [1E8E73\37730B] Restoring an earlier board that has the score of 975.65 (3 unrouted).
2026-09-21 14:53:13.524 INFO   [1E8E73\37730B] Auto-router pass #220 on board 'ac57f4be753a87307cd03f4dca5b1cf3' was completed in 0.86 seconds with the score of 975.73 (3 unrouted), using 13571.13 CPU seconds and 317698 MB memory.
2026-09-21 14:53:13.962 INFO   [1E8E73\37730B] Auto-router pass #221 on board '0aa3b04434b3e6813de44bfd832373db' was completed in 0.43 seconds with the score of 975.73 (3 unrouted), using 13733.36 CPU seconds and 319349 MB memory.
2026-09-21 14:53:14.206 INFO   [1E8E73\37730B] Auto-router pass #222 on board 'ac57f4be753a87307cd03f4dca5b1cf3' was completed in 0.23 seconds with the score of 975.73 (3 unrouted), using 13733.36 CPU seconds and 319349 MB memory.
2026-09-21 14:53:14.461 INFO   [1E8E73\37730B] Auto-router pass #223 on board 'ac57f4be753a87307cd03f4dca5b1cf3' was completed in 0.25 seconds with the score of 975.73 (3 unrouted), using 13733.36 CPU seconds and 319349 MB memory.
2026-09-21 14:53:15.520 INFO   [1E8E73\37730B] Restoring an earlier board that has the score of 975.65 (3 unrouted).
2026-09-21 14:53:15.520 INFO   [1E8E73\37730B] Auto-router pass #224 on board 'ac57f4be753a87307cd03f4dca5b1cf3' was completed in 1.05 seconds with the score of 975.73 (3 unrouted), using 13896.54 CPU seconds and 320968 MB memory.
2026-09-21 14:53:15.902 INFO   [1E8E73\37730B] Auto-router pass #225 on board '0aa3b04434b3e6813de44bfd832373db' was completed in 0.37 seconds with the score of 975.73 (3 unrouted), using 14060.69 CPU seconds and 322636 MB memory.
2026-09-21 14:53:16.178 INFO   [1E8E73\37730B] Auto-router pass #226 on board 'ac57f4be753a87307cd03f4dca5b1cf3' was completed in 0.27 seconds with the score of 975.73 (3 unrouted), using 14060.69 CPU seconds and 322636 MB memory.
2026-09-21 14:53:16.449 INFO   [1E8E73\37730B] Auto-router pass #227 on board 'ac57f4be753a87307cd03f4dca5b1cf3' was completed in 0.26 seconds with the score of 975.73 (3 unrouted), using 14060.69 CPU seconds and 322636 MB memory.
2026-09-21 14:53:17.256 INFO   [1E8E73\37730B] Restoring an earlier board that has the score of 974.25 (4 unrouted).
2026-09-21 14:53:17.256 INFO   [1E8E73\37730B] Auto-router pass #228 on board 'ac57f4be753a87307cd03f4dca5b1cf3' was completed in 0.80 seconds with the score of 975.73 (3 unrouted), using 14225.82 CPU seconds and 324285 MB memory.
2026-09-21 14:53:17.748 INFO   [1E8E73\37730B] Auto-router pass #229 on board 'a2510d76be274c1126cdb95aa585eb07' was completed in 0.48 seconds with the score of 974.16 (4 unrouted), using 14225.82 CPU seconds and 324285 MB memory.
2026-09-21 14:53:18.131 INFO   [1E8E73\37730B] Auto-router pass #230 on board 'b26fc8e537df381ef4f711afde9f90d6' was completed in 0.37 seconds with the score of 972.72 (5 unrouted), using 14391.91 CPU seconds and 325951 MB memory.
2026-09-21 14:53:18.571 INFO   [1E8E73\37730B] Auto-router pass #231 on board '4a0f7aae904c318b0b9237205faed063' was completed in 0.42 seconds with the score of 974.01 (4 unrouted), using 14391.91 CPU seconds and 325951 MB memory.
2026-09-21 14:53:20.571 INFO   [1E8E73\37730B] Restoring an earlier board that has the score of 974.25 (4 unrouted).
2026-09-21 14:53:20.571 INFO   [1E8E73\37730B] Auto-router pass #232 on board '643f7553f99d56b34e976dc1cff01a81' was completed in 1.98 seconds with the score of 972.71 (5 unrouted), using 14726.97 CPU seconds and 329231 MB memory.
2026-09-21 14:53:21.091 INFO   [1E8E73\37730B] Auto-router pass #233 on board 'a2510d76be274c1126cdb95aa585eb07' was completed in 0.51 seconds with the score of 974.27 (4 unrouted), using 14895.94 CPU seconds and 330873 MB memory.
2026-09-21 14:53:21.388 INFO   [1E8E73\37730B] Auto-router pass #234 on board '70cbf9c488db34a03ef964c5b2dff55c' was completed in 0.27 seconds with the score of 972.71 (5 unrouted), using 14895.94 CPU seconds and 330873 MB memory.
2026-09-21 14:53:21.758 INFO   [1E8E73\37730B] Auto-router pass #235 on board '9f5c806977031a73b77b82797388cb8e' was completed in 0.35 seconds with the score of 974.35 (4 unrouted), using 14895.94 CPU seconds and 330873 MB memory.
2026-09-21 14:53:23.668 INFO   [1E8E73\37730B] Restoring an earlier board that has the score of 974.35 (4 unrouted).
2026-09-21 14:53:23.668 INFO   [1E8E73\37730B] Auto-router pass #236 on board '6895aa195b2f25c9569a68d25bbfe5d5' was completed in 1.89 seconds with the score of 974.26 (4 unrouted), using 15236.81 CPU seconds and 334127 MB memory.
2026-09-21 14:53:24.095 INFO   [1E8E73\37730B] Auto-router pass #237 on board '6895aa195b2f25c9569a68d25bbfe5d5' was completed in 0.42 seconds with the score of 974.21 (4 unrouted), using 15408.68 CPU seconds and 335698 MB memory.
2026-09-21 14:53:24.457 INFO   [1E8E73\37730B] Auto-router pass #238 on board '49179241fda80f1423de520422f4a110' was completed in 0.34 seconds with the score of 975.55 (3 unrouted), using 15408.68 CPU seconds and 335698 MB memory.
2026-09-21 14:53:24.700 INFO   [1E8E73\37730B] Auto-router pass #239 on board 'cfe124e8117a494d9940eface5123bf6' was completed in 0.22 seconds with the score of 975.58 (3 unrouted), using 15408.68 CPU seconds and 335698 MB memory.
2026-09-21 14:53:25.825 INFO   [1E8E73\37730B] Restoring an earlier board that has the score of 975.58 (3 unrouted).
2026-09-21 14:53:25.825 INFO   [1E8E73\37730B] Auto-router pass #240 on board 'd9c8b810f53c598837092f2520665f39' was completed in 1.10 seconds with the score of 975.58 (3 unrouted), using 15755.32 CPU seconds and 338930 MB memory.
2026-09-21 14:53:25.881 INFO   [1E8E73\37730B] Restoring an earlier board that has the score of 975.58 (3 unrouted).
2026-09-21 14:53:25.881 INFO   [1E8E73\37730B] Auto-router pass #241 on board 'd9c8b810f53c598837092f2520665f39' was completed in 0.05 seconds with the score of 975.58 (3 unrouted), using 15755.32 CPU seconds and 338930 MB memory.
{
  "host": "KiCad's Pcbnew,10.0.6",
  "unit": "mm",
  "board": {
    "bounding_box": {
      "x": 1481.0,
      "y": -539.0,
      "width": 519.0,
      "height": -1461.0
    },
    "size": {
      "x": 0.0,
      "y": 0.0,
      "width": 962.0,
      "height": 922.0
    }
  },
  "layers": {
    "total_count": 2,
    "signal_count": 2
  },
  "items": {
    "total_count": 2192,
    "trace_count": 440,
    "via_count": 106,
    "conduction_area_count": 0,
    "drill_item_count": 253,
    "pin_count": 0,
    "component_count": 1378,
    "other_count": 15
  },
  "components": {
    "total_count": 80
  },
  "pads": {
    "total_count": 253
  },
  "nets": {
    "total_count": 65,
    "class_count": 7
  },
  "connections": {
    "maximum_count": 732,
    "incomplete_count": 3
  },
  "traces": {
    "total_count": 440,
    "total_segment_count": 1165,
    "total_length": 46944.137,
    "total_weighted_length": 2.9418646E7,
    "average_length": 106.691216,
    "total_vertical_length": 14411.393,
    "total_horizontal_length": 15094.917,
    "total_angled_length": 21694.877
  },
  "bends": {
    "total_count": 725,
    "90_degree_count": 25,
    "45_degree_count": 691,
    "other_angle_count": 9
  },
  "vias": {
    "total_count": 106,
    "through_hole_count": 106,
    "blind_count": 0,
    "buried_count": 0
  },
  "clearance_violations": {
    "total_count": 0
  }
}
