display_frame build START
display_frame build 0
display_frame check_rebuild START
display_frame check_rebuild 0
display_frame validate START
display_frame validate 0
display_frame render START
display_frame export START
display_frame readiness_views START
display_frame completion_views START
display_frame export 0
display_frame animation START
display_frame readiness_views 0
display_frame completion_views 0
display_frame render 0
display_frame animation 0
display_frame display_views START
display_frame mount_audit START
display_frame mount_views START
display_frame catalog START
display_frame catalog 0
display_frame export_electronics_detail START
display_frame mount_audit 0
display_frame export_wheel_metal START
display_frame export_wheel_metal 0
display_frame structure_metadata START
display_frame structure_metadata 0
display_frame display_views 0
display_frame mount_views 0
display_frame export_electronics_detail 0
display_frame delivery_check START
display_frame electronics_detail_check START
display_frame electronics_detail_check 0
display_frame delivery_check 0
display_frame report START
display_frame report 0
DISPLAY_FRAME_DELIVERY_COMPLETE
