00:00.319  blend            | Read blend: "/Users/dean/Documents/MORI/mechanical/mori_v1_2.blend"
00:00.895  render           | Saved: '/Users/dean/Documents/MORI/mechanical/renders/parts/Battery.png'
PART_PREVIEW 1 137 MORI_V1__Battery
00:01.201  render           | Saved: '/Users/dean/Documents/MORI/mechanical/renders/parts/Battery_Retainer_Insert_-1.png'
PART_PREVIEW 2 137 MORI_V1__Battery_Retainer_Insert_-1
00:01.500  render           | Saved: '/Users/dean/Documents/MORI/mechanical/renders/parts/Battery_Retainer_Insert_1.png'
PART_PREVIEW 3 137 MORI_V1__Battery_Retainer_Insert_1
00:01.811  render           | Saved: '/Users/dean/Documents/MORI/mechanical/renders/parts/Battery_Retainer_Screw_-1.png'
PART_PREVIEW 4 137 MORI_V1__Battery_Retainer_Screw_-1
00:02.122  render           | Saved: '/Users/dean/Documents/MORI/mechanical/renders/parts/Battery_Retainer_Screw_1.png'
PART_PREVIEW 5 137 MORI_V1__Battery_Retainer_Screw_1
00:02.452  render           | Saved: '/Users/dean/Documents/MORI/mechanical/renders/parts/Battery_Tray.png'
PART_PREVIEW 6 137 MORI_V1__Battery_Tray
00:02.804  render           | Saved: '/Users/dean/Documents/MORI/mechanical/renders/parts/Body_Cheek_L.png'
PART_PREVIEW 7 137 MORI_V1__Body_Cheek_L
00:03.148  render           | Saved: '/Users/dean/Documents/MORI/mechanical/renders/parts/Body_Cheek_R.png'
PART_PREVIEW 8 137 MORI_V1__Body_Cheek_R
00:03.500  render           | Saved: '/Users/dean/Documents/MORI/mechanical/renders/parts/Body_IMU.png'
PART_PREVIEW 9 137 MORI_V1__Body_IMU
00:03.898  render           | Saved: '/Users/dean/Documents/MORI/mechanical/renders/parts/Body_Lower.png'
PART_PREVIEW 10 137 MORI_V1__Body_Lower
00:04.217  render           | Saved: '/Users/dean/Documents/MORI/mechanical/renders/parts/Body_Top_Shroud.png'
PART_PREVIEW 11 137 MORI_V1__Body_Top_Shroud
00:04.573  render           | Saved: '/Users/dean/Documents/MORI/mechanical/renders/parts/Body_Upper.png'
PART_PREVIEW 12 137 MORI_V1__Body_Upper
00:04.876  render           | Saved: '/Users/dean/Documents/MORI/mechanical/renders/parts/Button_Cap.png'
PART_PREVIEW 13 137 MORI_V1__Button_Cap
00:05.237  render           | Saved: '/Users/dean/Documents/MORI/mechanical/renders/parts/CAM_Mainboard.png'
PART_PREVIEW 14 137 MORI_V1__CAM_Mainboard
00:05.599  render           | Saved: '/Users/dean/Documents/MORI/mechanical/renders/parts/Camera_Baffle.png'
PART_PREVIEW 15 137 MORI_V1__Camera_Baffle
00:05.937  render           | Saved: '/Users/dean/Documents/MORI/mechanical/renders/parts/Camera_Lens.png'
PART_PREVIEW 16 137 MORI_V1__Camera_Lens
00:06.306  render           | Saved: '/Users/dean/Documents/MORI/mechanical/renders/parts/Camera_PCB.png'
PART_PREVIEW 17 137 MORI_V1__Camera_PCB
00:06.637  render           | Saved: '/Users/dean/Documents/MORI/mechanical/renders/parts/Camera_Window.png'
PART_PREVIEW 18 137 MORI_V1__Camera_Window
00:06.975  render           | Saved: '/Users/dean/Documents/MORI/mechanical/renders/parts/Coupon_Insert.png'
PART_PREVIEW 19 137 MORI_V1__Coupon_Insert
00:07.346  render           | Saved: '/Users/dean/Documents/MORI/mechanical/renders/parts/Coupon_Mating_Tab.png'
PART_PREVIEW 20 137 MORI_V1__Coupon_Mating_Tab
00:07.660  render           | Saved: '/Users/dean/Documents/MORI/mechanical/renders/parts/Coupon_Plane_Fit.png'
PART_PREVIEW 21 137 MORI_V1__Coupon_Plane_Fit
00:07.959  render           | Saved: '/Users/dean/Documents/MORI/mechanical/renders/parts/Deck_L_-8_Nut.png'
PART_PREVIEW 22 137 MORI_V1__Deck_L_-8_Nut
00:08.256  render           | Saved: '/Users/dean/Documents/MORI/mechanical/renders/parts/Deck_L_-8_Screw.png'
PART_PREVIEW 23 137 MORI_V1__Deck_L_-8_Screw
00:08.567  render           | Saved: '/Users/dean/Documents/MORI/mechanical/renders/parts/Deck_L_8_Nut.png'
PART_PREVIEW 24 137 MORI_V1__Deck_L_8_Nut
00:08.865  render           | Saved: '/Users/dean/Documents/MORI/mechanical/renders/parts/Deck_L_8_Screw.png'
PART_PREVIEW 25 137 MORI_V1__Deck_L_8_Screw
00:09.164  render           | Saved: '/Users/dean/Documents/MORI/mechanical/renders/parts/Deck_R_-8_Nut.png'
PART_PREVIEW 26 137 MORI_V1__Deck_R_-8_Nut
00:09.466  render           | Saved: '/Users/dean/Documents/MORI/mechanical/renders/parts/Deck_R_-8_Screw.png'
PART_PREVIEW 27 137 MORI_V1__Deck_R_-8_Screw
00:09.771  render           | Saved: '/Users/dean/Documents/MORI/mechanical/renders/parts/Deck_R_8_Nut.png'
PART_PREVIEW 28 137 MORI_V1__Deck_R_8_Nut
00:10.067  render           | Saved: '/Users/dean/Documents/MORI/mechanical/renders/parts/Deck_R_8_Screw.png'
PART_PREVIEW 29 137 MORI_V1__Deck_R_8_Screw
00:10.409  render           | Saved: '/Users/dean/Documents/MORI/mechanical/renders/parts/Display_Frame.png'
PART_PREVIEW 30 137 MORI_V1__Display_Frame
00:10.915  render           | Saved: '/Users/dean/Documents/MORI/mechanical/renders/parts/Display_PCB.png'
PART_PREVIEW 31 137 MORI_V1__Display_PCB
00:11.226  render           | Saved: '/Users/dean/Documents/MORI/mechanical/renders/parts/Dock_Pad_0.png'
PART_PREVIEW 32 137 MORI_V1__Dock_Pad_0
00:11.529  render           | Saved: '/Users/dean/Documents/MORI/mechanical/renders/parts/Dock_Pad_1.png'
PART_PREVIEW 33 137 MORI_V1__Dock_Pad_1
00:11.845  render           | Saved: '/Users/dean/Documents/MORI/mechanical/renders/parts/Dock_Pad_2.png'
PART_PREVIEW 34 137 MORI_V1__Dock_Pad_2
00:12.189  render           | Saved: '/Users/dean/Documents/MORI/mechanical/renders/parts/Dock_Pad_3.png'
PART_PREVIEW 35 137 MORI_V1__Dock_Pad_3
00:12.550  render           | Saved: '/Users/dean/Documents/MORI/mechanical/renders/parts/Drive_Bridge.png'
PART_PREVIEW 36 137 MORI_V1__Drive_Bridge
00:12.853  render           | Saved: '/Users/dean/Documents/MORI/mechanical/renders/parts/Drive_L_-8_Nut.png'
PART_PREVIEW 37 137 MORI_V1__Drive_L_-8_Nut
00:13.150  render           | Saved: '/Users/dean/Documents/MORI/mechanical/renders/parts/Drive_L_-8_Screw.png'
PART_PREVIEW 38 137 MORI_V1__Drive_L_-8_Screw
00:13.467  render           | Saved: '/Users/dean/Documents/MORI/mechanical/renders/parts/Drive_L_8_Nut.png'
PART_PREVIEW 39 137 MORI_V1__Drive_L_8_Nut
00:13.760  render           | Saved: '/Users/dean/Documents/MORI/mechanical/renders/parts/Drive_L_8_Screw.png'
PART_PREVIEW 40 137 MORI_V1__Drive_L_8_Screw
00:14.135  render           | Saved: '/Users/dean/Documents/MORI/mechanical/renders/parts/Drive_Motor_L.png'
PART_PREVIEW 41 137 MORI_V1__Drive_Motor_L
00:14.502  render           | Saved: '/Users/dean/Documents/MORI/mechanical/renders/parts/Drive_Motor_R.png'
PART_PREVIEW 42 137 MORI_V1__Drive_Motor_R
00:14.819  render           | Saved: '/Users/dean/Documents/MORI/mechanical/renders/parts/Drive_R_-8_Nut.png'
PART_PREVIEW 43 137 MORI_V1__Drive_R_-8_Nut
00:15.117  render           | Saved: '/Users/dean/Documents/MORI/mechanical/renders/parts/Drive_R_-8_Screw.png'
PART_PREVIEW 44 137 MORI_V1__Drive_R_-8_Screw
00:15.416  render           | Saved: '/Users/dean/Documents/MORI/mechanical/renders/parts/Drive_R_8_Nut.png'
PART_PREVIEW 45 137 MORI_V1__Drive_R_8_Nut
00:15.726  render           | Saved: '/Users/dean/Documents/MORI/mechanical/renders/parts/Drive_R_8_Screw.png'
PART_PREVIEW 46 137 MORI_V1__Drive_R_8_Screw
00:16.027  render           | Saved: '/Users/dean/Documents/MORI/mechanical/renders/parts/Face_Joint_-1_0.0_Nut.png'
PART_PREVIEW 47 137 MORI_V1__Face_Joint_-1_0.0_Nut
00:16.333  render           | Saved: '/Users/dean/Documents/MORI/mechanical/renders/parts/Face_Joint_-1_0.0_Screw.png'
PART_PREVIEW 48 137 MORI_V1__Face_Joint_-1_0.0_Screw
00:16.638  render           | Saved: '/Users/dean/Documents/MORI/mechanical/renders/parts/Face_Joint_-1_7.0_Nut.png'
PART_PREVIEW 49 137 MORI_V1__Face_Joint_-1_7.0_Nut
00:16.933  render           | Saved: '/Users/dean/Documents/MORI/mechanical/renders/parts/Face_Joint_-1_7.0_Screw.png'
PART_PREVIEW 50 137 MORI_V1__Face_Joint_-1_7.0_Screw
00:17.237  render           | Saved: '/Users/dean/Documents/MORI/mechanical/renders/parts/Face_Joint_1_0.0_Nut.png'
PART_PREVIEW 51 137 MORI_V1__Face_Joint_1_0.0_Nut
00:17.537  render           | Saved: '/Users/dean/Documents/MORI/mechanical/renders/parts/Face_Joint_1_0.0_Screw.png'
PART_PREVIEW 52 137 MORI_V1__Face_Joint_1_0.0_Screw
00:17.845  render           | Saved: '/Users/dean/Documents/MORI/mechanical/renders/parts/Face_Joint_1_7.0_Nut.png'
PART_PREVIEW 53 137 MORI_V1__Face_Joint_1_7.0_Nut
00:18.141  render           | Saved: '/Users/dean/Documents/MORI/mechanical/renders/parts/Face_Joint_1_7.0_Screw.png'
PART_PREVIEW 54 137 MORI_V1__Face_Joint_1_7.0_Screw
00:18.440  render           | Saved: '/Users/dean/Documents/MORI/mechanical/renders/parts/Face_Mask.png'
PART_PREVIEW 55 137 MORI_V1__Face_Mask
00:18.769  render           | Saved: '/Users/dean/Documents/MORI/mechanical/renders/parts/Face_Protector.png'
PART_PREVIEW 56 137 MORI_V1__Face_Protector
00:19.074  render           | Saved: '/Users/dean/Documents/MORI/mechanical/renders/parts/Frame_Insert_0.png'
PART_PREVIEW 57 137 MORI_V1__Frame_Insert_0
00:19.400  render           | Saved: '/Users/dean/Documents/MORI/mechanical/renders/parts/Frame_Insert_1.png'
PART_PREVIEW 58 137 MORI_V1__Frame_Insert_1
00:19.710  render           | Saved: '/Users/dean/Documents/MORI/mechanical/renders/parts/Frame_Insert_2.png'
PART_PREVIEW 59 137 MORI_V1__Frame_Insert_2
00:20.017  render           | Saved: '/Users/dean/Documents/MORI/mechanical/renders/parts/Frame_Insert_3.png'
PART_PREVIEW 60 137 MORI_V1__Frame_Insert_3
00:20.369  render           | Saved: '/Users/dean/Documents/MORI/mechanical/renders/parts/Frame_Screw_0.png'
PART_PREVIEW 61 137 MORI_V1__Frame_Screw_0
00:20.695  render           | Saved: '/Users/dean/Documents/MORI/mechanical/renders/parts/Frame_Screw_1.png'
PART_PREVIEW 62 137 MORI_V1__Frame_Screw_1
00:21.018  render           | Saved: '/Users/dean/Documents/MORI/mechanical/renders/parts/Frame_Screw_2.png'
PART_PREVIEW 63 137 MORI_V1__Frame_Screw_2
00:21.349  render           | Saved: '/Users/dean/Documents/MORI/mechanical/renders/parts/Frame_Screw_3.png'
PART_PREVIEW 64 137 MORI_V1__Frame_Screw_3
00:21.673  render           | Saved: '/Users/dean/Documents/MORI/mechanical/renders/parts/Function_Button.png'
PART_PREVIEW 65 137 MORI_V1__Function_Button
00:21.979  render           | Saved: '/Users/dean/Documents/MORI/mechanical/renders/parts/Gimbal_Base_-13_Nut.png'
PART_PREVIEW 66 137 MORI_V1__Gimbal_Base_-13_Nut
00:22.285  render           | Saved: '/Users/dean/Documents/MORI/mechanical/renders/parts/Gimbal_Base_-13_Screw.png'
PART_PREVIEW 67 137 MORI_V1__Gimbal_Base_-13_Screw
00:22.593  render           | Saved: '/Users/dean/Documents/MORI/mechanical/renders/parts/Gimbal_Base_13_Nut.png'
PART_PREVIEW 68 137 MORI_V1__Gimbal_Base_13_Nut
00:22.891  render           | Saved: '/Users/dean/Documents/MORI/mechanical/renders/parts/Gimbal_Base_13_Screw.png'
PART_PREVIEW 69 137 MORI_V1__Gimbal_Base_13_Screw
00:23.235  render           | Saved: '/Users/dean/Documents/MORI/mechanical/renders/parts/Head_Front.png'
PART_PREVIEW 70 137 MORI_V1__Head_Front
00:23.617  render           | Saved: '/Users/dean/Documents/MORI/mechanical/renders/parts/Head_Rear.png'
PART_PREVIEW 71 137 MORI_V1__Head_Rear
00:23.933  render           | Saved: '/Users/dean/Documents/MORI/mechanical/renders/parts/Load_Frame.png'
PART_PREVIEW 72 137 MORI_V1__Load_Frame
00:24.259  render           | Saved: '/Users/dean/Documents/MORI/mechanical/renders/parts/MCU_Motion.png'
PART_PREVIEW 73 137 MORI_V1__MCU_Motion
00:24.570  render           | Saved: '/Users/dean/Documents/MORI/mechanical/renders/parts/Mic_Duct_L.png'
PART_PREVIEW 74 137 MORI_V1__Mic_Duct_L
00:24.876  render           | Saved: '/Users/dean/Documents/MORI/mechanical/renders/parts/Mic_Duct_R.png'
PART_PREVIEW 75 137 MORI_V1__Mic_Duct_R
00:25.196  render           | Saved: '/Users/dean/Documents/MORI/mechanical/renders/parts/Motor_Retainer.png'
PART_PREVIEW 76 137 MORI_V1__Motor_Retainer
00:25.501  render           | Saved: '/Users/dean/Documents/MORI/mechanical/renders/parts/Motor_Retainer_Insert_0.png'
PART_PREVIEW 77 137 MORI_V1__Motor_Retainer_Insert_0
00:25.792  render           | Saved: '/Users/dean/Documents/MORI/mechanical/renders/parts/Motor_Retainer_Insert_1.png'
PART_PREVIEW 78 137 MORI_V1__Motor_Retainer_Insert_1
00:26.107  render           | Saved: '/Users/dean/Documents/MORI/mechanical/renders/parts/Motor_Retainer_Pad_-1.png'
PART_PREVIEW 79 137 MORI_V1__Motor_Retainer_Pad_-1
00:26.416  render           | Saved: '/Users/dean/Documents/MORI/mechanical/renders/parts/Motor_Retainer_Pad_1.png'
PART_PREVIEW 80 137 MORI_V1__Motor_Retainer_Pad_1
00:26.735  render           | Saved: '/Users/dean/Documents/MORI/mechanical/renders/parts/Motor_Retainer_Screw_0.png'
PART_PREVIEW 81 137 MORI_V1__Motor_Retainer_Screw_0
00:27.049  render           | Saved: '/Users/dean/Documents/MORI/mechanical/renders/parts/Motor_Retainer_Screw_1.png'
PART_PREVIEW 82 137 MORI_V1__Motor_Retainer_Screw_1
00:27.371  render           | Saved: '/Users/dean/Documents/MORI/mechanical/renders/parts/Parking_Cradle.png'
PART_PREVIEW 83 137 MORI_V1__Parking_Cradle
00:27.737  render           | Saved: '/Users/dean/Documents/MORI/mechanical/renders/parts/Pitch_Bearing_L.png'
PART_PREVIEW 84 137 MORI_V1__Pitch_Bearing_L
00:28.083  render           | Saved: '/Users/dean/Documents/MORI/mechanical/renders/parts/Pitch_Bearing_R.png'
PART_PREVIEW 85 137 MORI_V1__Pitch_Bearing_R
00:28.417  render           | Saved: '/Users/dean/Documents/MORI/mechanical/renders/parts/Pitch_Cable_Clip.png'
PART_PREVIEW 86 137 MORI_V1__Pitch_Cable_Clip
00:28.780  render           | Saved: '/Users/dean/Documents/MORI/mechanical/renders/parts/Pitch_Cradle.png'
PART_PREVIEW 87 137 MORI_V1__Pitch_Cradle
00:29.103  render           | Saved: '/Users/dean/Documents/MORI/mechanical/renders/parts/Pitch_Horn.png'
PART_PREVIEW 88 137 MORI_V1__Pitch_Horn
00:29.393  render           | Saved: '/Users/dean/Documents/MORI/mechanical/renders/parts/Pitch_Lock_Screw.png'
PART_PREVIEW 89 137 MORI_V1__Pitch_Lock_Screw
00:29.706  render           | Saved: '/Users/dean/Documents/MORI/mechanical/renders/parts/Pitch_Output.png'
PART_PREVIEW 90 137 MORI_V1__Pitch_Output
00:30.060  render           | Saved: '/Users/dean/Documents/MORI/mechanical/renders/parts/Pitch_Servo.png'
PART_PREVIEW 91 137 MORI_V1__Pitch_Servo
00:30.396  render           | Saved: '/Users/dean/Documents/MORI/mechanical/renders/parts/Pitch_Trunnion_L.png'
PART_PREVIEW 92 137 MORI_V1__Pitch_Trunnion_L
00:30.747  render           | Saved: '/Users/dean/Documents/MORI/mechanical/renders/parts/Pitch_Trunnion_R.png'
PART_PREVIEW 93 137 MORI_V1__Pitch_Trunnion_R
00:31.102  render           | Saved: '/Users/dean/Documents/MORI/mechanical/renders/parts/Pitch_Yoke.png'
PART_PREVIEW 94 137 MORI_V1__Pitch_Yoke
00:31.439  render           | Saved: '/Users/dean/Documents/MORI/mechanical/renders/parts/Power_Module.png'
PART_PREVIEW 95 137 MORI_V1__Power_Module
00:31.793  render           | Saved: '/Users/dean/Documents/MORI/mechanical/renders/parts/Power_Switch.png'
PART_PREVIEW 96 137 MORI_V1__Power_Switch
00:32.132  render           | Saved: '/Users/dean/Documents/MORI/mechanical/renders/parts/S288_Output_L_Inner.png'
PART_PREVIEW 97 137 MORI_V1__S288_Output_L_Inner
00:32.453  render           | Saved: '/Users/dean/Documents/MORI/mechanical/renders/parts/S288_Output_L_Outer.png'
PART_PREVIEW 98 137 MORI_V1__S288_Output_L_Outer
00:32.799  render           | Saved: '/Users/dean/Documents/MORI/mechanical/renders/parts/S288_Output_R_Inner.png'
PART_PREVIEW 99 137 MORI_V1__S288_Output_R_Inner
00:33.124  render           | Saved: '/Users/dean/Documents/MORI/mechanical/renders/parts/S288_Output_R_Outer.png'
PART_PREVIEW 100 137 MORI_V1__S288_Output_R_Outer
00:33.441  render           | Saved: '/Users/dean/Documents/MORI/mechanical/renders/parts/Shell_Insert_0.png'
PART_PREVIEW 101 137 MORI_V1__Shell_Insert_0
00:33.757  render           | Saved: '/Users/dean/Documents/MORI/mechanical/renders/parts/Shell_Insert_1.png'
PART_PREVIEW 102 137 MORI_V1__Shell_Insert_1
00:34.071  render           | Saved: '/Users/dean/Documents/MORI/mechanical/renders/parts/Shell_Insert_2.png'
PART_PREVIEW 103 137 MORI_V1__Shell_Insert_2
00:34.378  render           | Saved: '/Users/dean/Documents/MORI/mechanical/renders/parts/Shell_Insert_3.png'
PART_PREVIEW 104 137 MORI_V1__Shell_Insert_3
00:34.682  render           | Saved: '/Users/dean/Documents/MORI/mechanical/renders/parts/Shell_Screw_0.png'
PART_PREVIEW 105 137 MORI_V1__Shell_Screw_0
00:34.988  render           | Saved: '/Users/dean/Documents/MORI/mechanical/renders/parts/Shell_Screw_1.png'
PART_PREVIEW 106 137 MORI_V1__Shell_Screw_1
00:35.301  render           | Saved: '/Users/dean/Documents/MORI/mechanical/renders/parts/Shell_Screw_2.png'
PART_PREVIEW 107 137 MORI_V1__Shell_Screw_2
00:35.607  render           | Saved: '/Users/dean/Documents/MORI/mechanical/renders/parts/Shell_Screw_3.png'
PART_PREVIEW 108 137 MORI_V1__Shell_Screw_3
00:35.956  render           | Saved: '/Users/dean/Documents/MORI/mechanical/renders/parts/Speaker.png'
PART_PREVIEW 109 137 MORI_V1__Speaker
00:36.349  render           | Saved: '/Users/dean/Documents/MORI/mechanical/renders/parts/Speaker_Mount.png'
PART_PREVIEW 110 137 MORI_V1__Speaker_Mount
00:36.665  render           | Saved: '/Users/dean/Documents/MORI/mechanical/renders/parts/Tire_L.png'
PART_PREVIEW 111 137 MORI_V1__Tire_L
00:36.975  render           | Saved: '/Users/dean/Documents/MORI/mechanical/renders/parts/Tire_R.png'
PART_PREVIEW 112 137 MORI_V1__Tire_R
00:37.330  render           | Saved: '/Users/dean/Documents/MORI/mechanical/renders/parts/USB_Charge.png'
PART_PREVIEW 113 137 MORI_V1__USB_Charge
00:37.667  render           | Saved: '/Users/dean/Documents/MORI/mechanical/renders/parts/USB_Receptacle.png'
PART_PREVIEW 114 137 MORI_V1__USB_Receptacle
00:37.955  render           | Saved: '/Users/dean/Documents/MORI/mechanical/renders/parts/Wheel_Axle_L.png'
PART_PREVIEW 115 137 MORI_V1__Wheel_Axle_L
00:38.250  render           | Saved: '/Users/dean/Documents/MORI/mechanical/renders/parts/Wheel_Axle_R.png'
PART_PREVIEW 116 137 MORI_V1__Wheel_Axle_R
00:38.615  render           | Saved: '/Users/dean/Documents/MORI/mechanical/renders/parts/Wheel_Bearing_L_33.png'
PART_PREVIEW 117 137 MORI_V1__Wheel_Bearing_L_33
00:38.953  render           | Saved: '/Users/dean/Documents/MORI/mechanical/renders/parts/Wheel_Bearing_L_39.png'
PART_PREVIEW 118 137 MORI_V1__Wheel_Bearing_L_39
00:39.317  render           | Saved: '/Users/dean/Documents/MORI/mechanical/renders/parts/Wheel_Bearing_R_33.png'
PART_PREVIEW 119 137 MORI_V1__Wheel_Bearing_R_33
00:39.654  render           | Saved: '/Users/dean/Documents/MORI/mechanical/renders/parts/Wheel_Bearing_R_39.png'
PART_PREVIEW 120 137 MORI_V1__Wheel_Bearing_R_39
00:39.967  render           | Saved: '/Users/dean/Documents/MORI/mechanical/renders/parts/Wheel_Cap_L.png'
PART_PREVIEW 121 137 MORI_V1__Wheel_Cap_L
00:40.287  render           | Saved: '/Users/dean/Documents/MORI/mechanical/renders/parts/Wheel_Cap_R.png'
PART_PREVIEW 122 137 MORI_V1__Wheel_Cap_R
00:40.627  render           | Saved: '/Users/dean/Documents/MORI/mechanical/renders/parts/Wheel_Coupler_L.png'
PART_PREVIEW 123 137 MORI_V1__Wheel_Coupler_L
00:40.953  render           | Saved: '/Users/dean/Documents/MORI/mechanical/renders/parts/Wheel_Coupler_R.png'
PART_PREVIEW 124 137 MORI_V1__Wheel_Coupler_R
00:41.285  render           | Saved: '/Users/dean/Documents/MORI/mechanical/renders/parts/Wheel_Hub_L.png'
PART_PREVIEW 125 137 MORI_V1__Wheel_Hub_L
00:41.619  render           | Saved: '/Users/dean/Documents/MORI/mechanical/renders/parts/Wheel_Hub_R.png'
PART_PREVIEW 126 137 MORI_V1__Wheel_Hub_R
00:41.953  render           | Saved: '/Users/dean/Documents/MORI/mechanical/renders/parts/Yaw_Base.png'
PART_PREVIEW 127 137 MORI_V1__Yaw_Base
00:42.262  render           | Saved: '/Users/dean/Documents/MORI/mechanical/renders/parts/Yaw_Base_-1_Nut.png'
PART_PREVIEW 128 137 MORI_V1__Yaw_Base_-1_Nut
00:42.564  render           | Saved: '/Users/dean/Documents/MORI/mechanical/renders/parts/Yaw_Base_-1_Screw.png'
PART_PREVIEW 129 137 MORI_V1__Yaw_Base_-1_Screw
00:42.889  render           | Saved: '/Users/dean/Documents/MORI/mechanical/renders/parts/Yaw_Base_1_Nut.png'
PART_PREVIEW 130 137 MORI_V1__Yaw_Base_1_Nut
00:43.211  render           | Saved: '/Users/dean/Documents/MORI/mechanical/renders/parts/Yaw_Base_1_Screw.png'
PART_PREVIEW 131 137 MORI_V1__Yaw_Base_1_Screw
00:43.534  render           | Saved: '/Users/dean/Documents/MORI/mechanical/renders/parts/Yaw_Bearing.png'
PART_PREVIEW 132 137 MORI_V1__Yaw_Bearing
00:43.849  render           | Saved: '/Users/dean/Documents/MORI/mechanical/renders/parts/Yaw_Horn.png'
PART_PREVIEW 133 137 MORI_V1__Yaw_Horn
00:44.140  render           | Saved: '/Users/dean/Documents/MORI/mechanical/renders/parts/Yaw_Lock_Screw.png'
PART_PREVIEW 134 137 MORI_V1__Yaw_Lock_Screw
00:44.440  render           | Saved: '/Users/dean/Documents/MORI/mechanical/renders/parts/Yaw_Output.png'
PART_PREVIEW 135 137 MORI_V1__Yaw_Output
00:44.777  render           | Saved: '/Users/dean/Documents/MORI/mechanical/renders/parts/Yaw_Servo.png'
PART_PREVIEW 136 137 MORI_V1__Yaw_Servo
00:45.113  render           | Saved: '/Users/dean/Documents/MORI/mechanical/renders/parts/Yaw_Turntable.png'
PART_PREVIEW 137 137 MORI_V1__Yaw_Turntable
CATALOG_COMPLETE
Blender 5.2.1 LTS (hash 9e2066aef7ef built 2026-08-25 01:35:57)

Blender quit
