BUILD shells
BUILD optics
BUILD head_joint
BUILD wheel_and_drive
BUILD frame_and_electronics
BUILD fasteners_and_coupons
BUILD v12_joint_details
BUILD apply_purchased_geometry
BUILD apply_structural_simplification
BUILD apply_monocoque_structure
BUILD apply_simple_modules
BUILD dock
BUILD controls_datums
BUILD studio
/Users/dean/Documents/MORI/mechanical/scripts/build.py:391: DeprecationWarning: 'World.use_nodes' is expected to be removed in Blender 6.0
  sc=bpy.context.scene; sc.world=bpy.data.worlds.get(PREFIX+'World') or bpy.data.worlds.new(PREFIX+'World'); mark(sc.world); sc.world.use_nodes=True; next(n for n in sc.world.node_tree.nodes if n.type=='BACKGROUND').inputs[0].default_value=(.18,.2,.24,1)
信息: 已另存为 "mori_v1_2.blend"
BUILD_COMPLETE
Blender 5.2.1 LTS (hash 9e2066aef7ef built 2026-08-25 01:35:57)

Blender quit
