00:00.348  blend            | Read blend: "/Users/dean/Documents/MORI/mechanical/mori_v1_2.blend"
{
  "revision": "V1.2-M1.47",
  "status": "PASS",
  "checks": {
    "source_unchanged": true,
    "all_physical_actors_accounted_for": true,
    "positive_inertia": true,
    "mass_conservation": true,
    "head_pose_count": true
  },
  "coverage": {
    "missing": [],
    "unexpected": [],
    "count": 209
  },
  "totals": {
    "whole": {
      "mass_g": 1323.5545285183302,
      "COM_mm": [
        -0.3367098235853944,
        -0.20733624432058484,
        111.3125410301379
      ],
      "inertia_about_pivot_kg_m2": [
        [
          0.011173357326431698,
          -5.452599175967684e-06,
          6.458687557810193e-05
        ],
        [
          -5.452599175967684e-06,
          0.012244727095479328,
          2.4079238413965668e-05
        ],
        [
          6.458687557810193e-05,
          2.4079238413965668e-05,
          0.003361925358476768
        ]
      ],
      "pivot_mm": [
        0.0,
        0.0,
        52.5
      ]
    },
    "prints": {
      "mass_g": 764.5263538378439,
      "COM_mm": [
        -0.0644792210583524,
        -1.0688517862815345,
        116.86290389504116
      ],
      "inertia_about_pivot_kg_m2": [
        [
          0.007408561610533318,
          -5.548144517647042e-08,
          8.119148806658542e-06
        ],
        [
          -5.548144517647042e-08,
          0.008252727010764155,
          0.00011208262233568663
        ],
        [
          8.119148806658542e-06,
          0.00011208262233568663,
          0.002255634731296901
        ]
      ],
      "pivot_mm": [
        0.0,
        0.0,
        52.5
      ]
    },
    "pitch": {
      "mass_g": 168.34705444930614,
      "COM_mm": [
        0.09817954824998253,
        -0.5243636090530414,
        228.5857262952995
      ],
      "inertia_about_pivot_kg_m2": [
        [
          0.00031675040711098536,
          -1.4216124284618531e-08,
          -1.301490532503652e-08
        ],
        [
          -1.4216124284618531e-08,
          0.00031695328970783083,
          5.4084808829714035e-06
        ],
        [
          -1.301490532503652e-08,
          5.4084808829714035e-06,
          0.00033752755485886725
        ]
      ],
      "pivot_mm": [
        0.0,
        0.0,
        222.0
      ]
    },
    "yaw": {
      "mass_g": 255.00912388694428,
      "COM_mm": [
        -1.334981546050218,
        -0.5535878188141896,
        217.9630212971474
      ],
      "inertia_about_pivot_kg_m2": [
        [
          0.0004095053899190661,
          -1.8262776174256747e-08,
          -1.4820891594299848e-06
        ],
        [
          -1.8262776174256747e-08,
          0.0004500272039582177,
          1.5759466608097183e-06
        ],
        [
          -1.4820891594299848e-06,
          1.5759466608097183e-06,
          0.0004007252093849589
        ]
      ],
      "pivot_mm": [
        0.0,
        0.0,
        222.0
      ]
    }
  },
  "mass_target_status": "BLOCKED"
}
Blender 5.2.2 LTS (hash d13f752e3b9c built 2026-09-15 01:49:19)

Blender quit
