00:00.247  blend            | Read blend: "/Users/dean/Documents/MORI/mechanical/mori_v1_2.blend"
{
  "revision": "V1.2-M1.46",
  "status": "PASS",
  "checks": {
    "source_unchanged": true,
    "all_physical_actors_accounted_for": true,
    "positive_inertia": true,
    "mass_conservation": true,
    "head_pose_count": true
  },
  "coverage": {
    "missing": [],
    "unexpected": [],
    "count": 209
  },
  "totals": {
    "whole": {
      "mass_g": 1322.9157962913068,
      "COM_mm": [
        -0.3367641403337805,
        -0.21015380924373736,
        111.31068528159757
      ],
      "inertia_about_pivot_kg_m2": [
        [
          0.01116813569768895,
          -5.452599186687772e-06,
          6.458821462112353e-05
        ],
        [
          -5.452599186687772e-06,
          0.012238881837964928,
          2.452732406545141e-05
        ],
        [
          6.458821462112353e-05,
          2.452732406545141e-05,
          0.003361170807028663
        ]
      ],
      "pivot_mm": [
        0.0,
        0.0,
        52.5
      ]
    },
    "prints": {
      "mass_g": 763.8876216108202,
      "COM_mm": [
        -0.06434565956097177,
        -1.0744516661115369,
        116.86433106383501
      ],
      "inertia_about_pivot_kg_m2": [
        [
          0.007403339981790569,
          -5.548145589655967e-08,
          8.120487849680131e-06
        ],
        [
          -5.548145589655967e-08,
          0.008246881753249755,
          0.00011253070798717238
        ],
        [
          8.120487849680131e-06,
          0.00011253070798717238,
          0.0022548801798487964
        ]
      ],
      "pivot_mm": [
        0.0,
        0.0,
        52.5
      ]
    },
    "pitch": {
      "mass_g": 168.34705444930614,
      "COM_mm": [
        0.09817954824998253,
        -0.5243636090530414,
        228.5857262952995
      ],
      "inertia_about_pivot_kg_m2": [
        [
          0.00031675040711098536,
          -1.4216124284618531e-08,
          -1.301490532503652e-08
        ],
        [
          -1.4216124284618531e-08,
          0.00031695328970783083,
          5.4084808829714035e-06
        ],
        [
          -1.301490532503652e-08,
          5.4084808829714035e-06,
          0.00033752755485886725
        ]
      ],
      "pivot_mm": [
        0.0,
        0.0,
        222.0
      ]
    },
    "yaw": {
      "mass_g": 254.6778641625003,
      "COM_mm": [
        -1.336717957791293,
        -0.5684236211973818,
        218.01610588551745
      ],
      "inertia_about_pivot_kg_m2": [
        [
          0.00040879712108182243,
          -1.8262776031149366e-08,
          -1.4820891600932958e-06
        ],
        [
          -1.8262776031149366e-08,
          0.0004493034823433642,
          1.414685047125086e-06
        ],
        [
          -1.4820891600932958e-06,
          1.414685047125086e-06,
          0.0004006307320608589
        ]
      ],
      "pivot_mm": [
        0.0,
        0.0,
        222.0
      ]
    }
  },
  "mass_target_status": "BLOCKED"
}
Blender 5.2.2 LTS (hash d13f752e3b9c built 2026-09-15 01:49:19)

Blender quit
