00:00.299  blend            | Read blend: "/Users/dean/Documents/MORI/mechanical/mori_v1_2.blend"
{
  "source_sha256": "e3bd4d76e6fa9a836cd1155a393e17b56dbe38c14cc536b65d8705f3eab1d350",
  "indexed_topology": {
    "vertices": 6799,
    "triangles": 13702,
    "boundary_edges": 0,
    "nonmanifold_edges": 0,
    "inconsistent_edges": 0,
    "degenerate_triangles": 0,
    "signed_volume_mm3": 47026.55072860398,
    "inconsistent_stl_normals": 0
  },
  "welded_topology": {
    "vertices": 6787,
    "triangles": 13702,
    "boundary_edges": 0,
    "nonmanifold_edges": 6,
    "inconsistent_edges": 0,
    "degenerate_triangles": 0,
    "signed_volume_mm3": 47026.55072860398,
    "inconsistent_stl_normals": 0
  },
  "kernel_status": "Error.NoError",
  "volume_mm3": 47026.927327665966,
  "bad_edges": [
    {
      "edge_mm": [
        [
          -41.061588287353516,
          -15.699999809265137,
          255.2763214111328
        ],
        [
          -40.98080062866211,
          -15.699999809265137,
          255.3195037841797
        ]
      ],
      "faces": [
        3508,
        3509,
        3843,
        4241
      ],
      "triangles_mm": [
        [
          [
            -41.39274978637695,
            -15.699999809265137,
            255.1197052001953
          ],
          [
            -41.061588287353516,
            -15.699999809265137,
            255.2763214111328
          ],
          [
            -40.98080062866211,
            -15.699999809265137,
            255.3195037841797
          ]
        ],
        [
          [
            -41.061588287353516,
            -15.699999809265137,
            255.2763214111328
          ],
          [
            -41.02013397216797,
            -15.699999809265137,
            255.29592895507812
          ],
          [
            -40.98080062866211,
            -15.699999809265137,
            255.3195037841797
          ]
        ],
        [
          [
            -41.061588287353516,
            -15.699999809265137,
            255.2763214111328
          ],
          [
            -41.27469253540039,
            -15.699999809265137,
            256.8089904785156
          ],
          [
            -40.98080062866211,
            -15.699999809265137,
            255.3195037841797
          ]
        ],
        [
          [
            -41.061588287353516,
            -15.699999809265137,
            255.2763214111328
          ],
          [
            -40.98080062866211,
            -15.699999809265137,
            255.3195037841797
          ],
          [
            -41.06159591674805,
            -0.3000005781650543,
            255.2763214111328
          ]
        ]
      ],
      "old_indices": [
        [
          1721,
          1723,
          1725
        ],
        [
          1724,
          1722,
          1726
        ],
        [
          1723,
          1852,
          1725
        ],
        [
          1724,
          1726,
          2147
        ]
      ]
    },
    {
      "edge_mm": [
        [
          -40.37234878540039,
          -15.699999809265137,
          255.72605895996094
        ],
        [
          -40.30160140991211,
          -15.699999809265137,
          255.78411865234375
        ]
      ],
      "faces": [
        3847,
        3848,
        3851,
        4786
      ],
      "triangles_mm": [
        [
          [
            -40.666603088378906,
            -15.699999809265137,
            255.50782775878906
          ],
          [
            -40.37234878540039,
            -15.699999809265137,
            255.72605895996094
          ],
          [
            -40.30160140991211,
            -15.699999809265137,
            255.78411865234375
          ]
        ],
        [
          [
            -40.37234878540039,
            -15.699999809265137,
            255.72605895996094
          ],
          [
            -40.335548400878906,
            -15.699999809265137,
            255.75335693359375
          ],
          [
            -40.30160140991211,
            -15.699999809265137,
            255.78411865234375
          ]
        ],
        [
          [
            -40.37234878540039,
            -15.699999809265137,
            255.72605895996094
          ],
          [
            -40.45178985595703,
            -15.699999809265137,
            256.8359375
          ],
          [
            -40.30160140991211,
            -15.699999809265137,
            255.78411865234375
          ]
        ],
        [
          [
            -40.37234878540039,
            -15.699999809265137,
            255.72605895996094
          ],
          [
            -40.30160140991211,
            -15.699999809265137,
            255.78411865234375
          ],
          [
            -40.37235641479492,
            -0.3000005781650543,
            255.72605895996094
          ]
        ]
      ],
      "old_indices": [
        [
          1893,
          1896,
          1901
        ],
        [
          1897,
          1895,
          1902
        ],
        [
          1896,
          1900,
          1901
        ],
        [
          1897,
          1902,
          2567
        ]
      ]
    },
    {
      "edge_mm": [
        [
          -39.3194465637207,
          -15.699999809265137,
          256.98089599609375
        ],
        [
          -39.2763786315918,
          -15.699999809265137,
          257.0614929199219
        ]
      ],
      "faces": [
        3895,
        3896,
        3898,
        4805
      ],
      "triangles_mm": [
        [
          [
            -39.50767135620117,
            -15.699999809265137,
            256.6668701171875
          ],
          [
            -39.3194465637207,
            -15.699999809265137,
            256.98089599609375
          ],
          [
            -39.2763786315918,
            -15.699999809265137,
            257.0614929199219
          ]
        ],
        [
          [
            -39.3194465637207,
            -15.699999809265137,
            256.98089599609375
          ],
          [
            -39.29593276977539,
            -15.699999809265137,
            257.0201416015625
          ],
          [
            -39.2763786315918,
            -15.699999809265137,
            257.0614929199219
          ]
        ],
        [
          [
            -39.392730712890625,
            -15.699999809265137,
            257.1197204589844
          ],
          [
            -39.2763786315918,
            -15.699999809265137,
            257.0614929199219
          ],
          [
            -39.3194465637207,
            -15.699999809265137,
            256.98089599609375
          ]
        ],
        [
          [
            -39.3194465637207,
            -15.699999809265137,
            256.98089599609375
          ],
          [
            -39.2763786315918,
            -15.699999809265137,
            257.0614929199219
          ],
          [
            -39.31945037841797,
            -0.30000051856040955,
            256.98089599609375
          ]
        ]
      ],
      "old_indices": [
        [
          1914,
          1923,
          1925
        ],
        [
          1924,
          1922,
          1926
        ],
        [
          1921,
          1925,
          1923
        ],
        [
          1924,
          1926,
          2586
        ]
      ]
    },
    {
      "edge_mm": [
        [
          40.98080062866211,
          -15.699999809265137,
          255.3195037841797
        ],
        [
          41.061588287353516,
          -15.699999809265137,
          255.2763214111328
        ]
      ],
      "faces": [
        11391,
        11392,
        11915,
        12095
      ],
      "triangles_mm": [
        [
          [
            40.98080062866211,
            -15.699999809265137,
            255.3195037841797
          ],
          [
            41.061588287353516,
            -15.699999809265137,
            255.2763214111328
          ],
          [
            40.66665267944336,
            -15.699999809265137,
            255.50779724121094
          ]
        ],
        [
          [
            41.02013397216797,
            -15.699999809265137,
            255.29592895507812
          ],
          [
            41.061588287353516,
            -15.699999809265137,
            255.2763214111328
          ],
          [
            40.98080062866211,
            -15.699999809265137,
            255.3195037841797
          ]
        ],
        [
          [
            40.98080062866211,
            -15.699999809265137,
            255.3195037841797
          ],
          [
            41.0,
            -15.699999809265137,
            256.79998779296875
          ],
          [
            41.061588287353516,
            -15.699999809265137,
            255.2763214111328
          ]
        ],
        [
          [
            40.98080062866211,
            -15.699999809265137,
            255.3195037841797
          ],
          [
            41.061588287353516,
            -15.699999809265137,
            255.2763214111328
          ],
          [
            40.98079299926758,
            -0.3000005781650543,
            255.3195037841797
          ]
        ]
      ],
      "old_indices": [
        [
          5674,
          5677,
          5973
        ],
        [
          5676,
          5678,
          5675
        ],
        [
          5674,
          5977,
          5677
        ],
        [
          5675,
          5678,
          6068
        ]
      ]
    },
    {
      "edge_mm": [
        [
          40.30160140991211,
          -15.699999809265137,
          255.78411865234375
        ],
        [
          40.37234878540039,
          -15.699999809265137,
          255.72605895996094
        ]
      ],
      "faces": [
        11890,
        11906,
        11909,
        12778
      ],
      "triangles_mm": [
        [
          [
            40.30160140991211,
            -15.699999809265137,
            255.78411865234375
          ],
          [
            40.37234878540039,
            -15.699999809265137,
            255.72605895996094
          ],
          [
            40.0301628112793,
            -15.699999809265137,
            256.0301513671875
          ]
        ],
        [
          [
            40.335548400878906,
            -15.699999809265137,
            255.75335693359375
          ],
          [
            40.37234878540039,
            -15.699999809265137,
            255.72605895996094
          ],
          [
            40.30160140991211,
            -15.699999809265137,
            255.78411865234375
          ]
        ],
        [
          [
            40.30160140991211,
            -15.699999809265137,
            255.78411865234375
          ],
          [
            40.72530746459961,
            -15.699999809265137,
            256.8089904785156
          ],
          [
            40.37234878540039,
            -15.699999809265137,
            255.72605895996094
          ]
        ],
        [
          [
            40.30160140991211,
            -15.699999809265137,
            255.78411865234375
          ],
          [
            40.37234878540039,
            -15.699999809265137,
            255.72605895996094
          ],
          [
            40.30159378051758,
            -0.3000005781650543,
            255.7841339111328
          ]
        ]
      ],
      "old_indices": [
        [
          5954,
          5970,
          5958
        ],
        [
          5969,
          5971,
          5955
        ],
        [
          5954,
          5976,
          5970
        ],
        [
          5955,
          5971,
          6490
        ]
      ]
    },
    {
      "edge_mm": [
        [
          39.72600173950195,
          -15.699999809265137,
          256.3724365234375
        ],
        [
          39.784183502197266,
          -15.699999809265137,
          256.301513671875
        ]
      ],
      "faces": [
        11893,
        11894,
        11896,
        12773
      ],
      "triangles_mm": [
        [
          [
            39.72600173950195,
            -15.699999809265137,
            256.3724365234375
          ],
          [
            39.75335693359375,
            -15.699999809265137,
            256.3355407714844
          ],
          [
            39.784183502197266,
            -15.699999809265137,
            256.301513671875
          ]
        ],
        [
          [
            39.784183502197266,
            -15.699999809265137,
            256.301513671875
          ],
          [
            39.50782775878906,
            -15.699999809265137,
            256.6665954589844
          ],
          [
            39.72600173950195,
            -15.699999809265137,
            256.3724365234375
          ]
        ],
        [
          [
            39.784183502197266,
            -15.699999809265137,
            256.301513671875
          ],
          [
            39.72600173950195,
            -15.699999809265137,
            256.3724365234375
          ],
          [
            39.912960052490234,
            -15.699999809265137,
            256.943115234375
          ]
        ],
        [
          [
            39.784183502197266,
            -15.699999809265137,
            256.301513671875
          ],
          [
            39.72599792480469,
            -0.30000054836273193,
            256.3724365234375
          ],
          [
            39.72600173950195,
            -15.699999809265137,
            256.3724365234375
          ]
        ]
      ],
      "old_indices": [
        [
          5963,
          5961,
          5960
        ],
        [
          5959,
          5964,
          5962
        ],
        [
          5959,
          5962,
          5967
        ],
        [
          5960,
          6496,
          5963
        ]
      ]
    }
  ]
}
Blender 5.2.2 LTS (hash d13f752e3b9c built 2026-09-15 01:49:19)

Blender quit
