00:00.313  blend            | Read blend: "/Users/dean/Documents/MORI/mechanical/mori_v1_2.blend"
C2_BEND 1.2 30 0
C2_BEND 1.2 45 1
C2_BEND 1.2 60 1
C2_BEND 1.2 75 1
C2_BEND 1.2 90 1
C2_BEND 1.2 105 2
C2_BEND 1.2 120 2
C2_BEND 1.2 135 2
C2_BEND 1.2 150 1
C2_BEND 2.4 30 5
C2_BEND 2.4 45 5
C2_BEND 2.4 60 5
C2_BEND 2.4 75 5
C2_BEND 2.4 90 5
C2_BEND 2.4 105 6
C2_BEND 2.4 120 6
C2_BEND 2.4 135 6
C2_BEND 2.4 150 4
C2_BEND 3.6 30 8
C2_BEND 3.6 45 8
C2_BEND 3.6 60 8
C2_BEND 3.6 75 8
C2_BEND 3.6 90 8
C2_BEND 3.6 105 8
C2_BEND 3.6 120 8
C2_BEND 3.6 135 8
C2_BEND 3.6 150 8
C2_REVIEW_COMPLETE [('D30', 1.84), ('F70', 1.4)]
Blender 5.2.2 LTS (hash d13f752e3b9c built 2026-09-15 01:49:19)

Blender quit
