00:00.242  blend            | Read blend: "/Users/dean/Documents/MORI/mechanical/mori_v1_2.blend"
BASELINE_RECONSTRUCTION 0.0
{
  "source_blend_sha256": "fcaca70cf1bd9d1a19443395279c06c10758fcc5811a0d1c399e83497ad36a08",
  "main_applied": false,
  "path_hits": [
    {
      "z_mm": 0.0,
      "volume_mm3": 0.0,
      "bounds_mm": null
    },
    {
      "z_mm": 2.0,
      "volume_mm3": 7.9935026911884695,
      "bounds_mm": [
        -5.5,
        -9.0,
        197.5500030517578,
        5.5,
        -6.149999618530273,
        198.0
      ]
    },
    {
      "z_mm": 5.0,
      "volume_mm3": 75.91960089770468,
      "bounds_mm": [
        -5.5,
        -9.0,
        197.5500030517578,
        5.5,
        -6.149999618530273,
        201.0
      ]
    },
    {
      "z_mm": 10.0,
      "volume_mm3": 81.25818630879625,
      "bounds_mm": [
        -5.5,
        -9.0,
        199.0,
        5.5,
        -6.149999618530273,
        202.0500030517578
      ]
    },
    {
      "z_mm": 13.0,
      "volume_mm3": 1.4245490507464345,
      "bounds_mm": [
        -5.5,
        -9.0,
        202.0,
        5.5,
        -6.149999618530273,
        202.0500030517578
      ]
    }
  ],
  "nut_overlap": {
    "volume_mm3": 0.008471761683322317,
    "bounds_mm": [
      5.199999904632568,
      -5.699999809265137,
      190.42153930664062,
      9.999999618530273,
      -3.299999952316284,
      194.57846069335938
    ]
  },
  "old_nut_overlap_mm3": 0.008471670057738719,
  "nut_bounds": [
    5.199999904632568,
    -5.699999809265137,
    190.42153930664062,
    9.999999618530273,
    -3.299999952316284,
    194.57846069335938
  ],
  "horn_bounds": [
    -4.999990463256836,
    -5.0,
    192.95001220703125,
    5.000009536743164,
    5.0,
    193.95001220703125
  ],
  "straight_trim_limit": {
    "rear_seat_front_y_mm": -6.149999618530273,
    "assumed_assembly_gap_mm": 0.3,
    "required_flat_y_at_least_mm": -5.849999618530273,
    "existing_horn_seat_radius_mm": 5.2,
    "remaining_centerline_lower_back_wall_mm": 0.649999618530273,
    "existing_upper_relief_radius_mm": 6.4,
    "effect": "Deeper straight trim opens the existing upper relief; cannot treat it as cosmetic cleanup",
    "qualification": "Geometric deduction for current provisional horn allocation, not strength evidence"
  }
}
Blender 5.2.2 LTS (hash d13f752e3b9c built 2026-09-15 01:49:19)

Blender quit
