03:38:39 AM: Debug: Adding duplicate image handler for 'PNG file'
03:38:39 AM: Debug: Adding duplicate image handler for 'JPEG file'
03:38:39 AM: Debug: Adding duplicate image handler for 'TIFF file'
03:38:39 AM: Debug: Adding duplicate image handler for 'GIF file'
03:38:39 AM: Debug: Adding duplicate image handler for 'PNM file'
03:38:39 AM: Debug: Adding duplicate image handler for 'PCX file'
03:38:39 AM: Debug: Adding duplicate image handler for 'IFF file'
03:38:39 AM: Debug: Adding duplicate image handler for 'Windows icon file'
03:38:39 AM: Debug: Adding duplicate image handler for 'Windows cursor file'
03:38:39 AM: Debug: Adding duplicate image handler for 'Windows animated cursor file'
03:38:39 AM: Debug: Adding duplicate image handler for 'TGA file'
03:38:39 AM: Debug: Adding duplicate image handler for 'XPM file'
03:38:40 AM: Debug: Adding duplicate image handler for 'PNG file'
03:38:40 AM: Debug: Adding duplicate image handler for 'JPEG file'
03:38:40 AM: Debug: Adding duplicate image handler for 'TIFF file'
03:38:40 AM: Debug: Adding duplicate image handler for 'GIF file'
03:38:40 AM: Debug: Adding duplicate image handler for 'PNM file'
03:38:40 AM: Debug: Adding duplicate image handler for 'PCX file'
03:38:40 AM: Debug: Adding duplicate image handler for 'IFF file'
03:38:40 AM: Debug: Adding duplicate image handler for 'Windows icon file'
03:38:40 AM: Debug: Adding duplicate image handler for 'Windows cursor file'
03:38:40 AM: Debug: Adding duplicate image handler for 'Windows animated cursor file'
03:38:40 AM: Debug: Adding duplicate image handler for 'TGA file'
03:38:40 AM: Debug: Adding duplicate image handler for 'XPM file'
Traceback (most recent call last):
  File "/Users/dean/Documents/MORI/mechanical/studies/prearrival_finish/receive_A7_J10_C4.py", line 112, in <module>
    if row[key]: assert (rd.parent / row[key]).is_file(), row[key]
AssertionError: UNCHANGED_NATIVE_GEOMETRY
