./src/common/stdpbase.cpp(59): assert ""traits"" failed in Get(): create wxApp before calling this
09:30:06 PM: Debug: Adding duplicate image handler for 'PNG file'
09:30:06 PM: Debug: Adding duplicate image handler for 'JPEG file'
09:30:06 PM: Debug: Adding duplicate image handler for 'TIFF file'
09:30:06 PM: Debug: Adding duplicate image handler for 'GIF file'
09:30:06 PM: Debug: Adding duplicate image handler for 'PNM file'
09:30:06 PM: Debug: Adding duplicate image handler for 'PCX file'
09:30:06 PM: Debug: Adding duplicate image handler for 'IFF file'
09:30:06 PM: Debug: Adding duplicate image handler for 'Windows icon file'
09:30:06 PM: Debug: Adding duplicate image handler for 'Windows cursor file'
09:30:06 PM: Debug: Adding duplicate image handler for 'Windows animated cursor file'
09:30:06 PM: Debug: Adding duplicate image handler for 'TGA file'
09:30:06 PM: Debug: Adding duplicate image handler for 'XPM file'
09:30:06 PM: Debug: Adding duplicate image handler for 'PNG file'
09:30:06 PM: Debug: Adding duplicate image handler for 'JPEG file'
09:30:06 PM: Debug: Adding duplicate image handler for 'TIFF file'
09:30:06 PM: Debug: Adding duplicate image handler for 'GIF file'
09:30:06 PM: Debug: Adding duplicate image handler for 'PNM file'
09:30:06 PM: Debug: Adding duplicate image handler for 'PCX file'
09:30:06 PM: Debug: Adding duplicate image handler for 'IFF file'
09:30:06 PM: Debug: Adding duplicate image handler for 'Windows icon file'
09:30:06 PM: Debug: Adding duplicate image handler for 'Windows cursor file'
09:30:06 PM: Debug: Adding duplicate image handler for 'Windows animated cursor file'
09:30:06 PM: Debug: Adding duplicate image handler for 'TGA file'
09:30:06 PM: Debug: Adding duplicate image handler for 'XPM file'
09:30:06 PM: Debug: Adding duplicate image handler for 'PNG file'
09:30:06 PM: Debug: Adding duplicate image handler for 'JPEG file'
09:30:06 PM: Debug: Adding duplicate image handler for 'TIFF file'
09:30:06 PM: Debug: Adding duplicate image handler for 'GIF file'
09:30:06 PM: Debug: Adding duplicate image handler for 'PNM file'
09:30:06 PM: Debug: Adding duplicate image handler for 'PCX file'
09:30:06 PM: Debug: Adding duplicate image handler for 'IFF file'
09:30:06 PM: Debug: Adding duplicate image handler for 'Windows icon file'
09:30:06 PM: Debug: Adding duplicate image handler for 'Windows cursor file'
09:30:06 PM: Debug: Adding duplicate image handler for 'Windows animated cursor file'
09:30:06 PM: Debug: Adding duplicate image handler for 'TGA file'
09:30:06 PM: Debug: Adding duplicate image handler for 'XPM file'
09:30:06 PM: Debug: Adding duplicate image handler for 'PNG file'
09:30:06 PM: Debug: Adding duplicate image handler for 'JPEG file'
09:30:06 PM: Debug: Adding duplicate image handler for 'TIFF file'
09:30:06 PM: Debug: Adding duplicate image handler for 'GIF file'
09:30:06 PM: Debug: Adding duplicate image handler for 'PNM file'
09:30:06 PM: Debug: Adding duplicate image handler for 'PCX file'
09:30:06 PM: Debug: Adding duplicate image handler for 'IFF file'
09:30:06 PM: Debug: Adding duplicate image handler for 'Windows icon file'
09:30:06 PM: Debug: Adding duplicate image handler for 'Windows cursor file'
09:30:06 PM: Debug: Adding duplicate image handler for 'Windows animated cursor file'
09:30:06 PM: Debug: Adding duplicate image handler for 'TGA file'
09:30:06 PM: Debug: Adding duplicate image handler for 'XPM file'
09:30:07 PM: Debug: Adding duplicate image handler for 'PNG file'
09:30:07 PM: Debug: Adding duplicate image handler for 'JPEG file'
09:30:07 PM: Debug: Adding duplicate image handler for 'TIFF file'
09:30:07 PM: Debug: Adding duplicate image handler for 'GIF file'
09:30:07 PM: Debug: Adding duplicate image handler for 'PNM file'
09:30:07 PM: Debug: Adding duplicate image handler for 'PCX file'
09:30:07 PM: Debug: Adding duplicate image handler for 'IFF file'
09:30:07 PM: Debug: Adding duplicate image handler for 'Windows icon file'
09:30:07 PM: Debug: Adding duplicate image handler for 'Windows cursor file'
09:30:07 PM: Debug: Adding duplicate image handler for 'Windows animated cursor file'
09:30:07 PM: Debug: Adding duplicate image handler for 'TGA file'
09:30:07 PM: Debug: Adding duplicate image handler for 'XPM file'
09:30:07 PM: Debug: Adding duplicate image handler for 'PNG file'
09:30:07 PM: Debug: Adding duplicate image handler for 'JPEG file'
09:30:07 PM: Debug: Adding duplicate image handler for 'TIFF file'
09:30:07 PM: Debug: Adding duplicate image handler for 'GIF file'
09:30:07 PM: Debug: Adding duplicate image handler for 'PNM file'
09:30:07 PM: Debug: Adding duplicate image handler for 'PCX file'
09:30:07 PM: Debug: Adding duplicate image handler for 'IFF file'
09:30:07 PM: Debug: Adding duplicate image handler for 'Windows icon file'
09:30:07 PM: Debug: Adding duplicate image handler for 'Windows cursor file'
09:30:07 PM: Debug: Adding duplicate image handler for 'Windows animated cursor file'
09:30:07 PM: Debug: Adding duplicate image handler for 'TGA file'
09:30:07 PM: Debug: Adding duplicate image handler for 'XPM file'
09:30:07 PM: Debug: Adding duplicate image handler for 'PNG file'
09:30:07 PM: Debug: Adding duplicate image handler for 'JPEG file'
09:30:07 PM: Debug: Adding duplicate image handler for 'TIFF file'
09:30:07 PM: Debug: Adding duplicate image handler for 'GIF file'
09:30:07 PM: Debug: Adding duplicate image handler for 'PNM file'
09:30:07 PM: Debug: Adding duplicate image handler for 'PCX file'
09:30:07 PM: Debug: Adding duplicate image handler for 'IFF file'
09:30:07 PM: Debug: Adding duplicate image handler for 'Windows icon file'
09:30:07 PM: Debug: Adding duplicate image handler for 'Windows cursor file'
09:30:07 PM: Debug: Adding duplicate image handler for 'Windows animated cursor file'
09:30:07 PM: Debug: Adding duplicate image handler for 'TGA file'
09:30:07 PM: Debug: Adding duplicate image handler for 'XPM file'
A4_NATIVE_RECEIPT_PASS 69 PH holes [53, 112, 11, 9] 10.0.6
