01:39:20 AM: Debug: Adding duplicate image handler for 'PNG file'
01:39:20 AM: Debug: Adding duplicate image handler for 'JPEG file'
01:39:20 AM: Debug: Adding duplicate image handler for 'TIFF file'
01:39:20 AM: Debug: Adding duplicate image handler for 'GIF file'
01:39:20 AM: Debug: Adding duplicate image handler for 'PNM file'
01:39:20 AM: Debug: Adding duplicate image handler for 'PCX file'
01:39:20 AM: Debug: Adding duplicate image handler for 'IFF file'
01:39:20 AM: Debug: Adding duplicate image handler for 'Windows icon file'
01:39:20 AM: Debug: Adding duplicate image handler for 'Windows cursor file'
01:39:20 AM: Debug: Adding duplicate image handler for 'Windows animated cursor file'
01:39:20 AM: Debug: Adding duplicate image handler for 'TGA file'
01:39:20 AM: Debug: Adding duplicate image handler for 'XPM file'
01:39:20 AM: Debug: Adding duplicate image handler for 'PNG file'
01:39:20 AM: Debug: Adding duplicate image handler for 'JPEG file'
01:39:20 AM: Debug: Adding duplicate image handler for 'TIFF file'
01:39:20 AM: Debug: Adding duplicate image handler for 'GIF file'
01:39:20 AM: Debug: Adding duplicate image handler for 'PNM file'
01:39:20 AM: Debug: Adding duplicate image handler for 'PCX file'
01:39:20 AM: Debug: Adding duplicate image handler for 'IFF file'
01:39:20 AM: Debug: Adding duplicate image handler for 'Windows icon file'
01:39:20 AM: Debug: Adding duplicate image handler for 'Windows cursor file'
01:39:20 AM: Debug: Adding duplicate image handler for 'Windows animated cursor file'
01:39:20 AM: Debug: Adding duplicate image handler for 'TGA file'
01:39:20 AM: Debug: Adding duplicate image handler for 'XPM file'
A6_MECHANICAL_RECEIPT_PASS 112 footprints 100 model files
