00:00.338  blend            | Read blend: "/Users/dean/Documents/MORI/mechanical/studies/prearrival_finish/thin_candidate_workspace/mechanical/mori_v1_2.blend"
CANDIDATE_SERVICE wheel_positive_drive_and_axial_stack PASS
CANDIDATE_SERVICE s288_six_hole_flange_installation PASS
CANDIDATE_SERVICE complete_wheel_drive_sweep PASS
CANDIDATE_SERVICE wheel_drive_service_sequence PASS
CANDIDATE_SERVICE wheel_cap_tools PASS
CANDIDATE_SERVICE wheel_shell_local_walls PASS
CANDIDATE_SERVICE wheel_drive_strength_and_fit NOT_TESTED
STATIC 0 []
MOTION 0 []
PATHS 0 0 [] []
TOOLS 0 0 [] []
HEAD_RETENTION_VALIDATION FAIL scope False pilots True
CANDIDATE_SERVICE head_retention_functional_checks PASS
CANDIDATE_SERVICE reaction_link_extraction PASS
CANDIDATE_SERVICE reaction_clamp_fastener_entry FAIL
CANDIDATE_SERVICE reaction_clamp_driver_allocation FAIL
CANDIDATE_SERVICE reaction_clamp_early_stage_candidate FAIL
CANDIDATE_SERVICE source_files_unchanged PASS
THIN_SERVICE_FINAL FAIL
Blender 5.2.2 LTS (hash d13f752e3b9c built 2026-09-15 01:49:19)
