00:00.446  blend            | Read blend: "/Users/dean/Documents/MORI/mechanical/mori_v1_2.blend"
00:01.776  render           | Saved: '/Users/dean/Documents/MORI/mechanical/renders/parts/Battery_Pad_Top.png'
PART_PREVIEW 1 22 MORI_V1__Battery_Pad_Top
00:02.367  render           | Saved: '/Users/dean/Documents/MORI/mechanical/renders/parts/Battery_Strap.png'
PART_PREVIEW 2 22 MORI_V1__Battery_Strap
00:03.001  render           | Saved: '/Users/dean/Documents/MORI/mechanical/renders/parts/Battery_Tray.png'
PART_PREVIEW 3 22 MORI_V1__Battery_Tray
00:03.652  render           | Saved: '/Users/dean/Documents/MORI/mechanical/renders/parts/Body_IMU.png'
PART_PREVIEW 4 22 MORI_V1__Body_IMU
00:04.154  render           | Saved: '/Users/dean/Documents/MORI/mechanical/renders/parts/CAM_Mount_Insert_0.png'
PART_PREVIEW 5 22 MORI_V1__CAM_Mount_Insert_0
00:04.679  render           | Saved: '/Users/dean/Documents/MORI/mechanical/renders/parts/CAM_Mount_Insert_1.png'
PART_PREVIEW 6 22 MORI_V1__CAM_Mount_Insert_1
00:05.293  render           | Saved: '/Users/dean/Documents/MORI/mechanical/renders/parts/CAM_Mount_Insert_2.png'
PART_PREVIEW 7 22 MORI_V1__CAM_Mount_Insert_2
00:05.966  render           | Saved: '/Users/dean/Documents/MORI/mechanical/renders/parts/CAM_Mount_Insert_3.png'
PART_PREVIEW 8 22 MORI_V1__CAM_Mount_Insert_3
00:06.514  render           | Saved: '/Users/dean/Documents/MORI/mechanical/renders/parts/CAM_Mount_Screw_0.png'
PART_PREVIEW 9 22 MORI_V1__CAM_Mount_Screw_0
00:07.203  render           | Saved: '/Users/dean/Documents/MORI/mechanical/renders/parts/CAM_Mount_Screw_1.png'
PART_PREVIEW 10 22 MORI_V1__CAM_Mount_Screw_1
00:07.921  render           | Saved: '/Users/dean/Documents/MORI/mechanical/renders/parts/CAM_Mount_Screw_2.png'
PART_PREVIEW 11 22 MORI_V1__CAM_Mount_Screw_2
00:08.768  render           | Saved: '/Users/dean/Documents/MORI/mechanical/renders/parts/CAM_Mount_Screw_3.png'
PART_PREVIEW 12 22 MORI_V1__CAM_Mount_Screw_3
00:09.762  render           | Saved: '/Users/dean/Documents/MORI/mechanical/renders/parts/Camera_Lens.png'
PART_PREVIEW 13 22 MORI_V1__Camera_Lens
00:10.720  render           | Saved: '/Users/dean/Documents/MORI/mechanical/renders/parts/Camera_PCB.png'
PART_PREVIEW 14 22 MORI_V1__Camera_PCB
00:11.293  render           | Saved: '/Users/dean/Documents/MORI/mechanical/renders/parts/Display_Frame.png'
PART_PREVIEW 15 22 MORI_V1__Display_Frame
00:11.954  render           | Saved: '/Users/dean/Documents/MORI/mechanical/renders/parts/Head_Front.png'
PART_PREVIEW 16 22 MORI_V1__Head_Front
00:13.076  render           | Saved: '/Users/dean/Documents/MORI/mechanical/renders/parts/MCU_Carrier.png'
PART_PREVIEW 17 22 MORI_V1__MCU_Carrier
00:13.967  render           | Saved: '/Users/dean/Documents/MORI/mechanical/renders/parts/Pitch_Cradle.png'
PART_PREVIEW 18 22 MORI_V1__Pitch_Cradle
00:14.650  render           | Saved: '/Users/dean/Documents/MORI/mechanical/renders/parts/Power_Module.png'
PART_PREVIEW 19 22 MORI_V1__Power_Module
00:15.353  render           | Saved: '/Users/dean/Documents/MORI/mechanical/renders/parts/Power_Switch.png'
PART_PREVIEW 20 22 MORI_V1__Power_Switch
00:16.032  render           | Saved: '/Users/dean/Documents/MORI/mechanical/renders/parts/Rear_Interface_PCB.png'
PART_PREVIEW 21 22 MORI_V1__Rear_Interface_PCB
00:16.901  render           | Saved: '/Users/dean/Documents/MORI/mechanical/renders/parts/USB_Receptacle.png'
PART_PREVIEW 22 22 MORI_V1__USB_Receptacle
CATALOG_COMPLETE
Blender 5.2.1 LTS (hash 9e2066aef7ef built 2026-08-25 01:35:57)

Blender quit
