00:00.480  blend            | Read blend: "/Users/dean/Documents/MORI/mechanical/mori_v1_2.blend"
00:02.845  render           | Saved: '/Users/dean/Documents/MORI/mechanical/renders/parts/Display_Frame.png'
PART_PREVIEW 1 15 MORI_V1__Display_Frame
00:04.695  render           | Saved: '/Users/dean/Documents/MORI/mechanical/renders/parts/Head_Pitch_Ear_0_Insert.png'
PART_PREVIEW 2 15 MORI_V1__Head_Pitch_Ear_0_Insert
00:06.384  render           | Saved: '/Users/dean/Documents/MORI/mechanical/renders/parts/Head_Pitch_Ear_0_Screw.png'
PART_PREVIEW 3 15 MORI_V1__Head_Pitch_Ear_0_Screw
00:07.767  render           | Saved: '/Users/dean/Documents/MORI/mechanical/renders/parts/Head_Pitch_Ear_1_Insert.png'
PART_PREVIEW 4 15 MORI_V1__Head_Pitch_Ear_1_Insert
00:08.896  render           | Saved: '/Users/dean/Documents/MORI/mechanical/renders/parts/Head_Pitch_Ear_1_Screw.png'
PART_PREVIEW 5 15 MORI_V1__Head_Pitch_Ear_1_Screw
00:09.801  render           | Saved: '/Users/dean/Documents/MORI/mechanical/renders/parts/Head_Yaw_Ear_0_Insert.png'
PART_PREVIEW 6 15 MORI_V1__Head_Yaw_Ear_0_Insert
00:11.135  render           | Saved: '/Users/dean/Documents/MORI/mechanical/renders/parts/Head_Yaw_Ear_0_Screw.png'
PART_PREVIEW 7 15 MORI_V1__Head_Yaw_Ear_0_Screw
00:12.001  render           | Saved: '/Users/dean/Documents/MORI/mechanical/renders/parts/Head_Yaw_Ear_1_Insert.png'
PART_PREVIEW 8 15 MORI_V1__Head_Yaw_Ear_1_Insert
00:12.898  render           | Saved: '/Users/dean/Documents/MORI/mechanical/renders/parts/Head_Yaw_Ear_1_Screw.png'
PART_PREVIEW 9 15 MORI_V1__Head_Yaw_Ear_1_Screw
00:13.805  render           | Saved: '/Users/dean/Documents/MORI/mechanical/renders/parts/Pitch_Cradle.png'
PART_PREVIEW 10 15 MORI_V1__Pitch_Cradle
00:15.119  render           | Saved: '/Users/dean/Documents/MORI/mechanical/renders/parts/Pitch_Output.png'
PART_PREVIEW 11 15 MORI_V1__Pitch_Output
00:16.200  render           | Saved: '/Users/dean/Documents/MORI/mechanical/renders/parts/Pitch_Servo.png'
PART_PREVIEW 12 15 MORI_V1__Pitch_Servo
00:17.413  render           | Saved: '/Users/dean/Documents/MORI/mechanical/renders/parts/Pitch_Yoke.png'
PART_PREVIEW 13 15 MORI_V1__Pitch_Yoke
00:18.466  render           | Saved: '/Users/dean/Documents/MORI/mechanical/renders/parts/Yaw_Output.png'
PART_PREVIEW 14 15 MORI_V1__Yaw_Output
00:19.499  render           | Saved: '/Users/dean/Documents/MORI/mechanical/renders/parts/Yaw_Servo.png'
PART_PREVIEW 15 15 MORI_V1__Yaw_Servo
CATALOG_COMPLETE
Blender 5.2.1 LTS (hash 9e2066aef7ef built 2026-08-25 01:35:57)

Blender quit
