00:00.890  blend            | Read blend: "/Users/dean/Documents/MORI/mechanical/mori_v1_2.blend"
PITCH_PACK_INDIVIDUAL 1 0 PASS 5.1
PITCH_PACK_INDIVIDUAL 2 0 PASS 9.5
PITCH_PACK_INDIVIDUAL 2 1 PASS 13.9
PITCH_PACK_INDIVIDUAL 2 2 PASS 18.4
PITCH_PACK_INDIVIDUAL 2 3 PASS 22.8
PITCH_PACK_INDIVIDUAL 2 4 PASS 27.2
PITCH_PACK_INDIVIDUAL 2 5 PASS 31.5
PITCH_PACK_INDIVIDUAL 3 0 PASS 36.9
PITCH_PACK_INDIVIDUAL 3 1 PASS 42.2
PITCH_PACK_INDIVIDUAL 3 2 PASS 47.6
PITCH_PACK_INDIVIDUAL 3 3 PASS 53.0
PITCH_PACK_INDIVIDUAL 3 4 PASS 58.6
PITCH_PACK_INDIVIDUAL 3 5 PASS 64.2
PITCH_PACK_INDIVIDUAL 4 0 PASS 69.9
PITCH_PACK_INDIVIDUAL 4 1 PASS 75.7
PITCH_PACK_INDIVIDUAL 4 2 PASS 81.4
PITCH_PACK_INDIVIDUAL 4 3 PASS 87.1
PITCH_PACK_INDIVIDUAL 4 4 PASS 92.6
PITCH_PACK_INDIVIDUAL 4 5 PASS 98.4
PITCH_PACK_PAIR 1 2 99.3
PITCH_PACK_PAIR 1 3 99.5
PITCH_PACK_PAIR 1 4 99.8
PITCH_PACK_PAIR 2 3 100.7
PITCH_PACK_PAIR 2 4 106.1
PITCH_PACK_PAIR 3 4 107.6
Traceback (most recent call last):
  File "/Users/dean/Documents/MORI/mechanical/studies/prearrival_finish/harness_A8/check_cam_pitch_flex_packing.py", line 138, in <module>
    (OUT/'packing.json').write_text(json.dumps(result,ensure_ascii=False,indent=2)+'\n')
                                    ~~~~~~~~~~^^^^^^^^^^^^^^^^^^^^^^^^^^^^^^^^^^^^
  File "/Applications/Blender.app/Contents/Resources/5.2/python/lib/python3.13/json/__init__.py", line 242, in dumps
    **kw).encode(obj)
          ~~~~~~^^^^^
  File "/Applications/Blender.app/Contents/Resources/5.2/python/lib/python3.13/json/encoder.py", line 202, in encode
    chunks = self.iterencode(o, _one_shot=True)
  File "/Applications/Blender.app/Contents/Resources/5.2/python/lib/python3.13/json/encoder.py", line 263, in iterencode
    return _iterencode(o, 0)
  File "/Applications/Blender.app/Contents/Resources/5.2/python/lib/python3.13/json/encoder.py", line 182, in default
    raise TypeError(f'Object of type {o.__class__.__name__} '
                    f'is not JSON serializable')
TypeError: Object of type int64 is not JSON serializable

Error: script failed, file: 'mechanical/studies/prearrival_finish/harness_A8/check_cam_pitch_flex_packing.py', exiting.
Blender 5.2.2 LTS (hash d13f752e3b9c built 2026-09-15 01:49:19)

Blender quit
