{
  "native_cad_status": "PASS",
  "checks": 32,
  "boards": {
    "MORI_motion_P3": {
      "counts": {
        "ERC": 0,
        "DRC": 0,
        "unconnected": 0,
        "schematic_parity": 0
      },
      "tracks": 571,
      "vias": 97,
      "supplemental_geometry": {
        "R14_chamfers_detected": 72,
        "R14_detected_not_0p5mm": 70,
        "R14_nonconforming_examples": [
          {
            "xy": [
              63.5,
              15.8027
            ],
            "setback_mm": 0.7805
          },
          {
            "xy": [
              34.85,
              12.25
            ],
            "setback_mm": 0.0754
          },
          {
            "xy": [
              62.7543,
              18.5
            ],
            "setback_mm": 1.7457
          },
          {
            "xy": [
              41.5537,
              11.1887
            ],
            "setback_mm": 0.3528
          },
          {
            "xy": [
              61.2011,
              21.1175
            ],
            "setback_mm": 4.2989
          },
          {
            "xy": [
              60.2415,
              22.0794
            ],
            "setback_mm": 0.9206
          },
          {
            "xy": [
              39.12,
              4.4206
            ],
            "setback_mm": 0.8906
          },
          {
            "xy": [
              37.4294,
              7.3929
            ],
            "setback_mm": 1.6906
          }
        ],
        "R14_status": "FAIL",
        "fanout_grid_probe_all_vias": 97,
        "vias_off_0p0254mm_grid": 92,
        "fanout_grid_status": "NOT_TESTED: all-via screening is not fanout classification; no equivalent routing-grid guarantee"
      }
    },
    "MORI_imu_P3": {
      "counts": {
        "ERC": 0,
        "DRC": 0,
        "unconnected": 0,
        "schematic_parity": 0
      },
      "tracks": 81,
      "vias": 12,
      "supplemental_geometry": {
        "R14_chamfers_detected": 12,
        "R14_detected_not_0p5mm": 11,
        "R14_nonconforming_examples": [
          {
            "xy": [
              10.625,
              4.598
            ],
            "setback_mm": 0.703
          },
          {
            "xy": [
              11.05,
              9.25
            ],
            "setback_mm": 1.05
          },
          {
            "xy": [
              10.4,
              9.95
            ],
            "setback_mm": 1.05
          },
          {
            "xy": [
              6.0,
              12.9
            ],
            "setback_mm": 0.3
          },
          {
            "xy": [
              8.7,
              9.25
            ],
            "setback_mm": 0.2
          },
          {
            "xy": [
              13.0,
              8.2
            ],
            "setback_mm": 1.4
          },
          {
            "xy": [
              8.125,
              5.2103
            ],
            "setback_mm": 0.9126
          },
          {
            "xy": [
              9.7124,
              4.2977
            ],
            "setback_mm": 0.2649
          }
        ],
        "R14_status": "FAIL",
        "fanout_grid_probe_all_vias": 12,
        "vias_off_0p0254mm_grid": 12,
        "fanout_grid_status": "NOT_TESTED: all-via screening is not fanout classification; no equivalent routing-grid guarantee"
      }
    },
    "MORI_power_P3": {
      "counts": {
        "ERC": 0,
        "DRC": 0,
        "unconnected": 0,
        "schematic_parity": 0
      },
      "tracks": 789,
      "vias": 97,
      "supplemental_geometry": {
        "R14_chamfers_detected": 93,
        "R14_detected_not_0p5mm": 92,
        "R14_nonconforming_examples": [
          {
            "xy": [
              16.8262,
              28.1988
            ],
            "setback_mm": 2.1988
          },
          {
            "xy": [
              79.1023,
              31.8509
            ],
            "setback_mm": 0.8509
          },
          {
            "xy": [
              7.95,
              17.0958
            ],
            "setback_mm": 6.9012
          },
          {
            "xy": [
              75.95,
              38.375
            ],
            "setback_mm": 3.1523
          },
          {
            "xy": [
              78.2231,
              17.375
            ],
            "setback_mm": 0.9202
          },
          {
            "xy": [
              20.5946,
              46.9304
            ],
            "setback_mm": 1.9904
          },
          {
            "xy": [
              23.0,
              7.0
            ],
            "setback_mm": 1.8018
          },
          {
            "xy": [
              39.368,
              50.368
            ],
            "setback_mm": 2.4344
          }
        ],
        "R14_status": "FAIL",
        "fanout_grid_probe_all_vias": 97,
        "vias_off_0p0254mm_grid": 97,
        "fanout_grid_status": "NOT_TESTED: all-via screening is not fanout classification; no equivalent routing-grid guarantee"
      }
    }
  }
}
