无法为 J3 添加 3D 模型。
找不到文件: /Applications/KiCad/KiCad.app/Contents/SharedSupport/3dmodels/Connector_AMASS.3dshapes/AMASS_XT30UPB-M_1x02_P5.0mm_Vertical.step
无法为 F60 添加 3D 模型。
找不到文件: /Applications/KiCad/KiCad.app/Contents/SharedSupport/3dmodels/Fuse.3dshapes/Fuse_Littelfuse-NANO2-451_453.step
无法为 J5 添加 3D 模型。
找不到文件: /Applications/KiCad/KiCad.app/Contents/SharedSupport/3dmodels/Connector_AMASS.3dshapes/AMASS_XT30UPB-M_1x02_P5.0mm_Vertical.step
无法为 J2 添加 3D 模型。
找不到文件: /Applications/KiCad/KiCad.app/Contents/SharedSupport/3dmodels/Connector_AMASS.3dshapes/AMASS_XT30UPB-M_1x02_P5.0mm_Vertical.step
无法为 J4 添加 3D 模型。
找不到文件: /Applications/KiCad/KiCad.app/Contents/SharedSupport/3dmodels/Connector_AMASS.3dshapes/AMASS_XT30UPB-M_1x02_P5.0mm_Vertical.step
无法为 J1 添加 3D 模型。
找不到文件: /Applications/KiCad/KiCad.app/Contents/SharedSupport/3dmodels/Connector_AMASS.3dshapes/AMASS_XT30UPB-M_1x02_P5.0mm_Vertical.step
无法为 F70 添加 3D 模型。
找不到文件: /Applications/KiCad/KiCad.app/Contents/SharedSupport/3dmodels/Fuse.3dshapes/Fuse_Littelfuse-NANO2-451_453.step
无法为 J12 添加 3D 模型。
找不到文件: /Applications/KiCad/KiCad.app/Contents/SharedSupport/3dmodels/Connector_AMASS.3dshapes/AMASS_XT30UPB-M_1x02_P5.0mm_Vertical.step
无法为 J11 添加 3D 模型。
找不到文件: /Applications/KiCad/KiCad.app/Contents/SharedSupport/3dmodels/Connector_AMASS.3dshapes/AMASS_XT30UPB-M_1x02_P5.0mm_Vertical.step
STEP file '/Users/dean/Documents/MORI/mechanical/sources/populated_P5/power.step' created.

导出耗时 0.482 s
