2026-09-22 22:37:38.906 INFO   Freerouting v2.4.1 (build-date: 2026-09-03)
2026-09-22 22:37:40.279 INFO   [232B87\6A43B7] Loading board file 'MORI_motion_P3.dsn'...
2026-09-22 22:37:40.508 INFO   [232B87\6A43B7] Job '232B87\6A43B7' started at 2026-09-22T14:37:40.507795Z.
2026-09-22 22:37:40.696 INFO   [232B87\6A43B7] Auto-routing stage started on board '8d91a4c355d68a1f453f6dfec42b42c4' for 89 unrouted items.
2026-09-22 22:37:44.975 INFO   [232B87\6A43B7] Auto-routing pass #1 on board '8d91a4c355d68a1f453f6dfec42b42c4' was completed in 4.08 seconds with score 450.37 (55 unrouted and 85 violations), using 2.29 CPU seconds and the job allocated 22.74 GB of memory so far.
2026-09-22 22:37:46.132 INFO   [232B87\6A43B7] Auto-routing pass #2 on board '7b59687f7a3a2bda2483124d93c491b2' was completed in 1.11 seconds with score 458.01 (54 unrouted and 85 violations), using 3.17 CPU seconds and the job allocated 37.75 GB of memory so far.
2026-09-22 22:37:47.222 INFO   [232B87\6A43B7] Auto-routing pass #3 on board '704f3ade2ad1cb103c382bba5aba8441' was completed in 1.06 seconds with score 511.44 (47 unrouted and 85 violations), using 4.15 CPU seconds and the job allocated 56.41 GB of memory so far.
2026-09-22 22:37:48.183 INFO   [232B87\6A43B7] Auto-routing pass #4 on board '1b124383b389741bf6a3fc72d0296386' was completed in 0.93 seconds with score 496.17 (49 unrouted and 85 violations), using 5.14 CPU seconds and the job allocated 76.68 GB of memory so far.
2026-09-22 22:37:49.174 INFO   [232B87\6A43B7] Auto-routing pass #5 on board '87afe4f084bad968ba357d71648bcf24' was completed in 0.96 seconds with score 511.44 (47 unrouted and 85 violations), using 6.13 CPU seconds and the job allocated 95.85 GB of memory so far.
2026-09-22 22:37:50.148 INFO   [232B87\6A43B7] Auto-routing pass #6 on board 'c85a0b55ca98f80772bc28f3227f6372' was completed in 0.95 seconds with score 519.07 (46 unrouted and 85 violations), using 7.12 CPU seconds and the job allocated 116.13 GB of memory so far.
2026-09-22 22:37:51.075 INFO   [232B87\6A43B7] Auto-routing pass #7 on board 'a335fc93ffae74d693e542fce08a9a23' was completed in 0.90 seconds with score 519.07 (46 unrouted and 85 violations), using 8.10 CPU seconds and the job allocated 136.38 GB of memory so far.
2026-09-22 22:37:51.998 INFO   [232B87\6A43B7] Auto-routing pass #8 on board '0f4a0ca88e4e9c7ae0d49d73f5fa759a' was completed in 0.90 seconds with score 519.07 (46 unrouted and 85 violations), using 9.09 CPU seconds and the job allocated 156.40 GB of memory so far.
2026-09-22 22:37:52.920 INFO   [232B87\6A43B7] Auto-routing pass #9 on board '164e557ecf8d17f9d80a65668b37fa5f' was completed in 0.90 seconds with score 519.07 (46 unrouted and 85 violations), using 10.07 CPU seconds and the job allocated 176.34 GB of memory so far.
2026-09-22 22:37:53.839 INFO   [232B87\6A43B7] Auto-routing pass #10 on board '64c0ca94d63b8c9b3e94f54cef8125c1' was completed in 0.89 seconds with score 519.07 (46 unrouted and 85 violations), using 11.06 CPU seconds and the job allocated 195.87 GB of memory so far.
2026-09-22 22:37:54.758 INFO   [232B87\6A43B7] Auto-routing pass #11 on board '1c46ab355a6ec51a384ee19cfcbe8ea9' was completed in 0.89 seconds with score 519.07 (46 unrouted and 85 violations), using 12.05 CPU seconds and the job allocated 216.27 GB of memory so far.
2026-09-22 22:37:55.668 INFO   [232B87\6A43B7] Auto-routing pass #12 on board '0343a5d5fe9a0478fcd46ef3e1040ad7' was completed in 0.88 seconds with score 519.07 (46 unrouted and 85 violations), using 13.04 CPU seconds and the job allocated 237.89 GB of memory so far.
2026-09-22 22:37:56.577 INFO   [232B87\6A43B7] Auto-routing pass #13 on board 'b9f86576f2b4ddcbace809742706a2c6' was completed in 0.88 seconds with score 519.07 (46 unrouted and 85 violations), using 13.04 CPU seconds and the job allocated 237.89 GB of memory so far.
2026-09-22 22:37:57.484 INFO   [232B87\6A43B7] Auto-routing pass #14 on board 'e7431e0693bc985f477af2af5120018c' was completed in 0.88 seconds with score 519.07 (46 unrouted and 85 violations), using 14.02 CPU seconds and the job allocated 258.47 GB of memory so far.
2026-09-22 22:37:58.397 INFO   [232B87\6A43B7] Auto-routing pass #15 on board '3aea647f97fcd41afe4ff2e11ca62e3d' was completed in 0.89 seconds with score 519.07 (46 unrouted and 85 violations), using 15.00 CPU seconds and the job allocated 279.54 GB of memory so far.
2026-09-22 22:37:59.333 INFO   [232B87\6A43B7] Auto-routing pass #16 on board '050fb8fbc96ead53ee241b3d905ee72b' was completed in 0.91 seconds with score 519.07 (46 unrouted and 85 violations), using 15.99 CPU seconds and the job allocated 300.63 GB of memory so far.
2026-09-22 22:38:00.264 INFO   [232B87\6A43B7] Auto-routing pass #17 on board '7cf9f7a773ca3e913de70512cfed0482' was completed in 0.90 seconds with score 519.07 (46 unrouted and 85 violations), using 16.97 CPU seconds and the job allocated 319.72 GB of memory so far.
2026-09-22 22:38:01.225 INFO   [232B87\6A43B7] Auto-routing pass #18 on board 'b24a958832a1b9122e0d96eda891f47f' was completed in 0.93 seconds with score 519.07 (46 unrouted and 85 violations), using 17.95 CPU seconds and the job allocated 339.10 GB of memory so far.
2026-09-22 22:38:01.233 INFO   [232B87\6A43B7] The router's score (519.07) has not improved by more than 0.5 points in the last 10 passes (46 items still unconnected). Stopping the auto-router.
The following connections could not be routed -- please review your design (e.g. check pad clearances, trace width rules, and available routing space):
  Net '/CAM_3V3' (1 unrouted connection):
    - C7-1  ->  U4-7
  Net '/GND' (23 unrouted connections):
    - U100-A2  ->  via
    - U100-B2  ->  via
    - U100-B2  ->  via
    - via  ->  U100-A2
    - U100-C2  ->  via
    - U100-C2  ->  via
    - U100-C4  ->  via
    - via  ->  U100-D6
    - U100-C6  ->  via
    - U100-D5  ->  via
    - U100-D5  ->  via
    - C5-2  ->  U5-4
    - U3-4  ->  C3-2
    - U1-4  ->  C1-2
    - C2-2  ->  U2-7
    - U4-2  ->  C4-2
    - U5-4  ->  C6-2
    - U2-4  ->  C11-2
    - R5-2  ->  C5-2
    - U5-4  ->  U3-4
    - U1-7  ->  U4-2
    - C3-2  ->  U1-4
    - via  ->  J4-2
  Net '/BAT_ADC' (1 unrouted connection):
    - C9-1  ->  R14-2
  Net '/CURRENT_ADC' (1 unrouted connection):
    - C11-1  ->  R16-2
  Net '/WHEEL_ADC' (1 unrouted connection):
    - C10-1  ->  U100-A8
  Net '/HEAD_TX' (1 unrouted connection):
    - U2-2  ->  U100-A11
  Net '/IMU_MISO' (1 unrouted connection):
    - J4-5  ->  via
  Net '/CLR_N' (2 unrouted connections):
    - D2-2  ->  U5-6
    - D3-2  ->  D2-2
  Net '/HEAD_OE_REQ_N' (1 unrouted connection):
    - R4-1  ->  U3-5
  Net '/FAULT_N' (1 unrouted connection):
    - J7-3  ->  R17-1
  Net '/LINK_TX' (1 unrouted connection):
    - U4-5  ->  U100-B21
  Net '/+3V3' (9 unrouted connections):
    - U5-2  ->  C5-1
    - U4-6  ->  U4-3
    - U1-8  ->  C1-1
    - U2-8  ->  C2-1
    - U3-8  ->  R17-2
    - U4-3  ->  via
    - R18-2  ->  C2-1
    - R17-2  ->  C2-1
    - R13-2  ->  U4-6
  Net '/+5V_MOTION' (1 unrouted connection):
    - U100-D3  ->  U100-D4
  Net '/S288_OE_N' (1 unrouted connection):
    - U3-7  ->  U1-1
  Net '/HEAD_OE_N' (1 unrouted connection):
    - U2-1  ->  U3-3
2026-09-22 22:38:01.264 INFO   [232B87\6A43B7] Auto-routing stage completed: started with 89 unrouted nets, completed in 20.65 seconds, final score: 519.07 (46 unrouted and 85 violations), using 17.95 total CPU seconds, 339.10 GB total allocated, and 703.2 MB peak heap usage.
2026-09-22 22:38:01.278 INFO   [232B87\6A43B7] Optimization stage started on board '1113fb25b2394cd15145df27eb6ce814' with score 519.07 (46 unrouted and 85 violations).
2026-09-22 22:38:02.372 INFO   [232B87\6A43B7] Optimizer pass #1 on board '668c3eb888b538280dbd49f1f85bc3bb' was completed in 1.05 seconds with the score of 519.07 (46 unrouted and 85 violations).
2026-09-22 22:38:02.382 INFO   [232B87\6A43B7] Stopping optimizer because the improvement in this pass (0.0000%) is below the threshold (1.00%).
2026-09-22 22:38:02.394 INFO   [232B87\6A43B7] Optimization stage completed: started with score 519.07 (46 unrouted and 85 violations), completed in 1.11 seconds, final score: 519.07 (46 unrouted and 85 violations), using 1.07 total CPU seconds, 37.30 GB total allocated, and 718.2 MB peak heap usage.
2026-09-22 22:38:02.399 INFO   [232B87\6A43B7] Job '232B87\6A43B7' finished with state: COMPLETED (elapsed: 21.89 seconds, finished at UTC: 2026-09-22T14:38:02.399124Z).
2026-09-22 22:38:02.838 INFO   Saving output file '/Users/dean/Documents/MORI/hardware/v1_2/kicad/MORI_motion_P3/MORI_motion_P3.ses' (SES)...
2026-09-22 22:38:02.840 INFO   Successfully saved output file '/Users/dean/Documents/MORI/hardware/v1_2/kicad/MORI_motion_P3/MORI_motion_P3.ses' (65777 bytes).
