00:00.251  blend            | Read blend: "/Users/dean/Documents/MORI/mechanical/mori_v1_2.blend"
{
  "revision": "V1.2-M1.50",
  "source_blend_sha256": "55cde4e3786f06c99aac99813bca6357dba5a9d689604751dcc6a29da4c76c9f",
  "status": "FAIL",
  "checks": {
    "only_rear_and_declared_later_changes": false,
    "all_other_parameters_unchanged": false,
    "cradle_physical_mesh_unchanged": true,
    "closed_stl": true,
    "all_exports_pass": true,
    "actual_blender_stl_reimport": true,
    "outside_seam_surface_deviation_under_002_mm": true,
    "outside_seam_symmetric_difference_under_002_mm3": true,
    "nominal_bounds_unchanged": true
  },
  "parts_compared": 214,
  "changed": [
    "Head_Rear",
    "Yaw_Base",
    "Display_Frame",
    "Drive_Bridge",
    "Motor_Retainer",
    "Pitch_Yoke",
    "Yaw_Anti_Lift_Keeper",
    "CAM_Mainboard",
    "Yaw_Keeper_Screw_0",
    "Yaw_Keeper_Insert_0",
    "Yaw_Keeper_Screw_1",
    "Yaw_Keeper_Insert_1",
    "Yaw_Bearing",
    "CAM_Mount_Screw_0",
    "CAM_Mount_Screw_1",
    "CAM_Mount_Screw_2",
    "CAM_Mount_Screw_3"
  ],
  "presentation_only_dock_changes": [
    {
      "id": "Parking_Cradle",
      "local_mesh_identical": true
    },
    {
      "id": "Dock_Pad_0",
      "local_mesh_identical": true
    },
    {
      "id": "Dock_Pad_1",
      "local_mesh_identical": true
    },
    {
      "id": "Dock_Pad_2",
      "local_mesh_identical": true
    },
    {
      "id": "Dock_Pad_3",
      "local_mesh_identical": true
    }
  ],
  "sampled_surface_distance": [
    {
      "samples": 19091,
      "max_mm": 0.06666652858257294,
      "p99_mm": 4.196438021608628e-05,
      "max_at_mm": [
        43.28670756022135,
        -0.23333348830540976,
        259.9682108561198
      ],
      "outside_seam_max_mm": 0.00076000124681741,
      "outside_seam_samples": 15373
    },
    {
      "samples": 20501,
      "max_mm": 2.5529544353485107,
      "p99_mm": 1.5209769010543823,
      "max_at_mm": [
        43.9503288269043,
        -0.30000046888987225,
        254.92583719889322
      ],
      "outside_seam_max_mm": 0.0005971554783172905,
      "outside_seam_samples": 15358
    }
  ],
  "outside_seam_symmetric_difference_mm3": 0.009707193122053863,
  "removed_volume_mm3": 0.13506169731216244,
  "added_volume_mm3": 0.09097693003679988,
  "limits": [
    "Surface deviation samples are not a mathematical Hausdorff proof.",
    "Old seam-cylinder restoration left nearly zero-thickness fragments up to2.55mm from the intended solid surface. Those fragments are removed inside the old/current seam regions; their distance is reported, not hidden as a passing global surface tolerance.",
    "No nominal hole, wall, actuator or board datum changed. Only the same rear shell construction was replaced.",
    "Topology/export PASS is not print strength or manufacturing release."
  ]
}
Traceback (most recent call last):
  File "/Users/dean/Documents/MORI/mechanical/studies/prearrival_finish/audit_rear_repair.py", line 96, in <module>
    if not all(checks.values()):raise RuntimeError('Rear repair scope/geometry audit failed')
                                ^^^^^^^^^^^^^^^^^^^^^^^^^^^^^^^^^^^^^^^^^^^^^^^^^^^^^^^^^^^^^
RuntimeError: Rear repair scope/geometry audit failed

Error: script failed, file: '/Users/dean/Documents/MORI/mechanical/studies/prearrival_finish/audit_rear_repair.py', exiting.
Blender 5.2.2 LTS (hash d13f752e3b9c built 2026-09-15 01:49:19)

Blender quit
