./src/common/stdpbase.cpp(59): assert ""traits"" failed in Get(): create wxApp before calling this
11:36:08 AM: Debug: Adding duplicate image handler for 'PNG file'
11:36:08 AM: Debug: Adding duplicate image handler for 'JPEG file'
11:36:08 AM: Debug: Adding duplicate image handler for 'TIFF file'
11:36:08 AM: Debug: Adding duplicate image handler for 'GIF file'
11:36:08 AM: Debug: Adding duplicate image handler for 'PNM file'
11:36:08 AM: Debug: Adding duplicate image handler for 'PCX file'
11:36:08 AM: Debug: Adding duplicate image handler for 'IFF file'
11:36:08 AM: Debug: Adding duplicate image handler for 'Windows icon file'
11:36:08 AM: Debug: Adding duplicate image handler for 'Windows cursor file'
11:36:08 AM: Debug: Adding duplicate image handler for 'Windows animated cursor file'
11:36:08 AM: Debug: Adding duplicate image handler for 'TGA file'
11:36:08 AM: Debug: Adding duplicate image handler for 'XPM file'
11:36:08 AM: Debug: Adding duplicate image handler for 'PNG file'
11:36:08 AM: Debug: Adding duplicate image handler for 'JPEG file'
11:36:08 AM: Debug: Adding duplicate image handler for 'TIFF file'
11:36:08 AM: Debug: Adding duplicate image handler for 'GIF file'
11:36:08 AM: Debug: Adding duplicate image handler for 'PNM file'
11:36:08 AM: Debug: Adding duplicate image handler for 'PCX file'
11:36:08 AM: Debug: Adding duplicate image handler for 'IFF file'
11:36:08 AM: Debug: Adding duplicate image handler for 'Windows icon file'
11:36:08 AM: Debug: Adding duplicate image handler for 'Windows cursor file'
11:36:08 AM: Debug: Adding duplicate image handler for 'Windows animated cursor file'
11:36:08 AM: Debug: Adding duplicate image handler for 'TGA file'
11:36:08 AM: Debug: Adding duplicate image handler for 'XPM file'
11:36:08 AM: Debug: Adding duplicate image handler for 'PNG file'
11:36:08 AM: Debug: Adding duplicate image handler for 'JPEG file'
11:36:08 AM: Debug: Adding duplicate image handler for 'TIFF file'
11:36:08 AM: Debug: Adding duplicate image handler for 'GIF file'
11:36:08 AM: Debug: Adding duplicate image handler for 'PNM file'
11:36:08 AM: Debug: Adding duplicate image handler for 'PCX file'
11:36:08 AM: Debug: Adding duplicate image handler for 'IFF file'
11:36:08 AM: Debug: Adding duplicate image handler for 'Windows icon file'
11:36:08 AM: Debug: Adding duplicate image handler for 'Windows cursor file'
11:36:08 AM: Debug: Adding duplicate image handler for 'Windows animated cursor file'
11:36:08 AM: Debug: Adding duplicate image handler for 'TGA file'
11:36:08 AM: Debug: Adding duplicate image handler for 'XPM file'
{
  "motion": {
    "ERC": 0,
    "DRC": 0,
    "unconnected": 0,
    "parity": 0,
    "status": "PASS",
    "stale_inputs": [],
    "tool": "10.0.6",
    "violations_by_type": {},
    "drc": "hardware/v1_2/layout_P4/reports/MORI_motion_P4/drc.json",
    "erc": "hardware/v1_2/layout_P4/reports/MORI_motion_P4/erc.json"
  },
  "imu": {
    "ERC": 0,
    "DRC": 0,
    "unconnected": 0,
    "parity": 0,
    "status": "PASS",
    "stale_inputs": [],
    "tool": "10.0.6",
    "violations_by_type": {},
    "drc": "hardware/v1_2/layout_P4/reports/MORI_imu_P4/drc.json",
    "erc": "hardware/v1_2/layout_P4/reports/MORI_imu_P4/erc.json"
  },
  "power": {
    "ERC": 0,
    "DRC": 0,
    "unconnected": 0,
    "parity": 0,
    "status": "PASS",
    "stale_inputs": [],
    "tool": "10.0.6",
    "violations_by_type": {},
    "drc": "hardware/v1_2/layout_P4/reports/MORI_power_P4/drc.json",
    "erc": "hardware/v1_2/layout_P4/reports/MORI_power_P4/erc.json"
  },
  "rear": {
    "ERC": 0,
    "DRC": 0,
    "unconnected": 0,
    "parity": 0,
    "status": "PASS",
    "stale_inputs": [],
    "tool": "10.0.6",
    "violations_by_type": {},
    "drc": "hardware/v1_2/layout_P4/reports/MORI_rear_P4/drc.json",
    "erc": "hardware/v1_2/layout_P4/reports/MORI_rear_P4/erc.json"
  }
}
