2026-09-22 11:42:09.391 INFO   Freerouting v2.4.1 (build-date: 2026-09-03)
2026-09-22 11:42:10.849 INFO   [DEDE52\B6B018] Loading board file 'MORI_motion_P1.dsn'...
2026-09-22 11:42:10.903 INFO   [DEDE52\B6B018] Job 'DEDE52\B6B018' started at 2026-09-22T03:42:10.903761Z.
2026-09-22 11:42:10.973 INFO   [DEDE52\B6B018] Auto-routing stage started on board 'c9ac0abc4f00749ea8216de0d6893cea' for 131 unrouted items.
2026-09-22 11:42:14.694 INFO   [DEDE52\B6B018] Auto-routing pass #1 on board 'c9ac0abc4f00749ea8216de0d6893cea' was completed in 3.67 seconds with score 670.22 (41 unrouted and 11 violations), using 2.58 CPU seconds and the job allocated 18.67 GB of memory so far.
2026-09-22 11:42:17.131 INFO   [DEDE52\B6B018] Auto-routing pass #2 on board '0f70d71b9c13d37957d784ddd8b224d7' was completed in 2.40 seconds with score 784.72 (26 unrouted and 11 violations), using 5.46 CPU seconds and the job allocated 52.14 GB of memory so far.
2026-09-22 11:42:19.259 INFO   [DEDE52\B6B018] Auto-routing pass #3 on board 'c999d60f5f986ea2e0475bb9d76e06c4' was completed in 2.10 seconds with score 853.42 (17 unrouted and 11 violations), using 7.41 CPU seconds and the job allocated 80.38 GB of memory so far.
2026-09-22 11:42:21.369 INFO   [DEDE52\B6B018] Auto-routing pass #4 on board '6c65e9c52386a00a640c57835e48f631' was completed in 2.07 seconds with score 937.39 (6 unrouted and 11 violations), using 9.35 CPU seconds and the job allocated 106.88 GB of memory so far.
2026-09-22 11:42:21.994 INFO   [DEDE52\B6B018] Auto-routing pass #5 on board '13b5e3e362f4472212178bdb1f5240c6' was completed in 0.59 seconds with score 960.29 (3 unrouted and 11 violations), using 10.32 CPU seconds and the job allocated 121.39 GB of memory so far.
2026-09-22 11:42:22.646 INFO   [DEDE52\B6B018] Auto-routing pass #6 on board '91ce6e0151f1b4aef995c810edceff8e' was completed in 0.61 seconds with score 967.92 (2 unrouted and 11 violations), using 10.32 CPU seconds and the job allocated 121.39 GB of memory so far.
2026-09-22 11:42:23.032 INFO   [DEDE52\B6B018] Auto-routing pass #7 on board '3eac2fd4b63f95b3934eec890af0e3b5' was completed in 0.35 seconds with score 967.92 (2 unrouted and 11 violations), using 11.29 CPU seconds and the job allocated 135.60 GB of memory so far.
2026-09-22 11:42:23.787 INFO   [DEDE52\B6B018] Auto-routing pass #8 on board '7e7f7d28a9fb6f8c65741a3db83a686a' was completed in 0.71 seconds with score 975.56 (1 unrouted and 11 violations), using 11.29 CPU seconds and the job allocated 135.60 GB of memory so far.
2026-09-22 11:42:24.066 INFO   [DEDE52\B6B018] Auto-routing pass #9 on board '12031a689f6a584d3a38495de4625134' was completed in 0.24 seconds with score 975.56 (1 unrouted and 11 violations), using 12.27 CPU seconds and the job allocated 149.82 GB of memory so far.
2026-09-22 11:42:24.343 INFO   [DEDE52\B6B018] Auto-routing pass #10 on board '3d8a4c5fd781a5c08d299a12f49ba0a3' was completed in 0.24 seconds with score 975.56 (1 unrouted and 11 violations), using 12.27 CPU seconds and the job allocated 149.82 GB of memory so far.
2026-09-22 11:42:24.618 INFO   [DEDE52\B6B018] Auto-routing pass #11 on board 'd738b6361483d331cf4f1ddc30dff344' was completed in 0.23 seconds with score 975.56 (1 unrouted and 11 violations), using 12.27 CPU seconds and the job allocated 149.82 GB of memory so far.
2026-09-22 11:42:24.888 INFO   [DEDE52\B6B018] Auto-routing pass #12 on board '1f40e0e9589dc93199664a9609374b89' was completed in 0.23 seconds with score 975.56 (1 unrouted and 11 violations), using 12.27 CPU seconds and the job allocated 149.82 GB of memory so far.
2026-09-22 11:42:25.157 INFO   [DEDE52\B6B018] Auto-routing pass #13 on board '3bdfebe6f65272aab4729c678abb5c98' was completed in 0.23 seconds with score 975.56 (1 unrouted and 11 violations), using 13.24 CPU seconds and the job allocated 167.77 GB of memory so far.
2026-09-22 11:42:25.429 INFO   [DEDE52\B6B018] Auto-routing pass #14 on board '468f208efdc9803872a696f3063f4ec1' was completed in 0.23 seconds with score 975.56 (1 unrouted and 11 violations), using 13.24 CPU seconds and the job allocated 167.77 GB of memory so far.
2026-09-22 11:42:25.697 INFO   [DEDE52\B6B018] Auto-routing pass #15 on board 'de1c49f5cc0408978e37067a3b1469e9' was completed in 0.23 seconds with score 975.56 (1 unrouted and 11 violations), using 13.24 CPU seconds and the job allocated 167.77 GB of memory so far.
2026-09-22 11:42:25.963 INFO   [DEDE52\B6B018] Auto-routing pass #16 on board 'fd84c0d80e494d3f3cdeaddf98d828aa' was completed in 0.23 seconds with score 975.56 (1 unrouted and 11 violations), using 13.24 CPU seconds and the job allocated 167.77 GB of memory so far.
2026-09-22 11:42:26.232 INFO   [DEDE52\B6B018] Auto-routing pass #17 on board '2719580167b8a4f6639d39055416aa75' was completed in 0.23 seconds with score 975.56 (1 unrouted and 11 violations), using 14.21 CPU seconds and the job allocated 185.11 GB of memory so far.
2026-09-22 11:42:26.461 INFO   [DEDE52\B6B018] Auto-routing pass #18 on board '744479e1d6b3d9704d08721b93db0d7a' was completed in 0.19 seconds with score 983.19 (0 unrouted and 11 violations), using 14.21 CPU seconds and the job allocated 185.11 GB of memory so far.
2026-09-22 11:42:26.523 INFO   [DEDE52\B6B018] Auto-routing pass #19 on board '5751c34e3f800c639a6794207f0d662e' was completed in 0.02 seconds with score 983.19 (0 unrouted and 11 violations), using 14.21 CPU seconds and the job allocated 185.11 GB of memory so far.
2026-09-22 11:42:26.567 INFO   [DEDE52\B6B018] Auto-routing stage completed: started with 131 unrouted nets, completed in 15.61 seconds, final score: 983.19 (0 unrouted and 11 violations), using 14.21 total CPU seconds, 185.11 GB total allocated, and 397.1 MB peak heap usage.
2026-09-22 11:42:26.586 INFO   [DEDE52\B6B018] Optimization stage started on board '5751c34e3f800c639a6794207f0d662e' with score 983.19 (0 unrouted and 11 violations).
2026-09-22 11:43:01.977 INFO   [DEDE52\B6B018] Optimizer pass #1 on board 'b61fcc25576fb1af2902175cd5d5300c' was completed in 35.33 seconds with the score of 983.19 (0 unrouted and 11 violations).
2026-09-22 11:43:01.994 INFO   [DEDE52\B6B018] Stopping optimizer because the improvement in this pass (0.0002%) is below the threshold (1.00%).
2026-09-22 11:43:02.013 INFO   [DEDE52\B6B018] Optimization stage completed: started with score 983.19 (0 unrouted and 11 violations), completed in 35.41 seconds, final score: 983.19 (0 unrouted and 11 violations), using 33.84 total CPU seconds, 779.98 GB total allocated, and 213.0 MB peak heap usage.
2026-09-22 11:43:02.018 INFO   [DEDE52\B6B018] Job 'DEDE52\B6B018' finished with state: COMPLETED (elapsed: 51.11 seconds, finished at UTC: 2026-09-22T03:43:02.017410Z).
2026-09-22 11:43:02.509 INFO   Saving output file '/Users/dean/Documents/MORI/hardware/v1_2/kicad/MORI_motion_P1/MORI_motion_P1.ses' (SES)...
2026-09-22 11:43:02.518 INFO   Successfully saved output file '/Users/dean/Documents/MORI/hardware/v1_2/kicad/MORI_motion_P1/MORI_motion_P1.ses' (47810 bytes).
