00:00.313  blend            | Read blend: "/Users/dean/Documents/MORI/mechanical/mori_v1_2.blend"
POWER_FILTER P_J9_1_slot6_lead5_0 PASS
POWER_FILTER P_J9_1_slot6_lead5_1 PASS
POWER_FILTER P_J9_1_slot6_lead5_2 PASS
POWER_FILTER P_J9_1_slot6_lead5_3 PASS
POWER_FILTER P_J9_1_slot6_lead5_4 PASS
POWER_FILTER P_J9_1_slot6_lead5_5 PASS
POWER_FILTER P_J9_2_slot0_lead5_0 BLOCKED
POWER_FILTER P_J9_2_slot0_lead5_1 BLOCKED
POWER_FILTER P_J9_2_slot6_lead5_0 PASS
POWER_FILTER P_J9_2_slot6_lead5_1 BLOCKED
POWER_FILTER P_J9_2_slot0_lead5_2 PASS
POWER_FILTER P_J9_2_slot0_lead5_3 BLOCKED
POWER_FILTER P_J9_2_slot6_lead5_2 PASS
POWER_FILTER P_J9_2_slot0_lead5_4 BLOCKED
POWER_FILTER P_J9_2_slot0_lead5_5 BLOCKED
POWER_FILTER P_J9_2_slot6_lead5_3 BLOCKED
POWER_FILTER P_J9_2_slot6_lead5_4 BLOCKED
POWER_FILTER P_J9_2_slot6_lead5_5 BLOCKED
POWER_FILTER P_J9_2_slot6_lead5_6 PASS
POWER_FILTER P_J9_2_slot6_lead5_7 PASS
POWER_FILTER P_J9_2_slot6_lead5_8 BLOCKED
POWER_FILTER P_J9_2_slot6_lead5_9 BLOCKED
POWER_FILTER P_J9_2_slot6_lead5_10 BLOCKED
POWER_FILTER P_J9_1_slot6_lead5_6 BLOCKED
POWER_FILTER P_J9_2_slot6_lead5_11 BLOCKED
POWER_FILTER P_J9_1_slot6_lead5_7 BLOCKED
POWER_FILTER P_J9_1_slot6_lead5_8 BLOCKED
POWER_FILTER P_J9_1_slot6_lead5_9 BLOCKED
POWER_FILTER P_J9_1_slot6_lead5_10 BLOCKED
POWER_FILTER P_J9_1_slot6_lead5_11 BLOCKED
POWER_PACK_DONE BLOCKED {'P_J9_1': 6, 'P_J9_2': 5, 'P_J9_3': 0, 'P_J18_1': 20, 'P_J18_2': 21} nodes 0 seconds 89.44565796852112
Blender 5.2.2 LTS (hash d13f752e3b9c built 2026-09-15 01:49:19)

Blender quit
