00:00.513  blend            | Read blend: "/Users/dean/Documents/MORI/mechanical/mori_v1_2.blend"
OUTER_BODY_POOL 1_45.0 valid 67 retained 32 blockers {'fixed_wire_H01_1': 80, 'Body_Upper': 79, 'Yaw_Base': 45, 'fixed_wire_H01_2': 1, 'fixed_wire_H04_4': 8, 'fixed_wire_H04_7': 10} 2.6
OUTER_BODY_POOL 1_135.0 valid 4 retained 4 blockers {'Yaw_Base': 126, 'fixed_wire_H01_1': 66, 'Body_Upper': 74} 3.6
OUTER_BODY_POOL 1_225.0 valid 68 retained 32 blockers {'fixed_wire_H01_1': 160, 'Body_Upper': 110, 'Yaw_Base': 8, 'fixed_wire_H01_2': 15, 'fixed_wire_H04_7': 5} 6.0
OUTER_BODY_POOL 1_300.0 valid 95 retained 32 blockers {'fixed_wire_H01_1': 204, 'fixed_wire_H01_2': 20, 'Yaw_Base': 9, 'Body_Upper': 140, 'fixed_wire_H04_4': 4, 'fixed_wire_H04_7': 10} 9.3
OUTER_BODY_POOL 2_45.0 valid 81 retained 32 blockers {'fixed_wire_H01_1': 81, 'Body_Upper': 102, 'Yaw_Base': 31, 'fixed_wire_H04_4': 4, 'fixed_wire_H04_7': 14} 12.0
OUTER_BODY_POOL 2_135.0 valid 6 retained 6 blockers {'Yaw_Base': 139, 'Body_Upper': 95, 'fixed_wire_H01_1': 52} 13.0
OUTER_BODY_POOL 2_225.0 valid 78 retained 32 blockers {'fixed_wire_H01_2': 20, 'fixed_wire_H01_1': 145, 'Body_Upper': 139, 'Yaw_Base': 7, 'fixed_wire_H04_7': 2} 15.5
OUTER_BODY_POOL 2_300.0 valid 113 retained 32 blockers {'fixed_wire_H01_2': 22, 'fixed_wire_H01_1': 186, 'Body_Upper': 175, 'Yaw_Base': 11, 'Yaw_Reaction_Retainer_Screw': 1, 'fixed_wire_H04_4': 2, 'fixed_wire_H04_7': 11} 18.9
OUTER_BODY_POOL 3_45.0 valid 57 retained 32 blockers {'Body_Upper': 125, 'fixed_wire_H01_1': 63, 'Yaw_Base': 24, 'fixed_wire_H04_5': 2, 'fixed_wire_H04_7': 6} 20.8
OUTER_BODY_POOL 3_135.0 valid 0 retained 0 blockers {'Yaw_Base': 85, 'Body_Upper': 118, 'fixed_wire_H01_1': 55} 21.6
OUTER_BODY_POOL 3_225.0 valid 52 retained 32 blockers {'Body_Upper': 161, 'fixed_wire_H01_1': 102, 'Yaw_Base': 7, 'fixed_wire_H01_2': 13} 23.4
OUTER_BODY_POOL 3_300.0 valid 81 retained 32 blockers {'fixed_wire_H01_2': 18, 'Body_Upper': 199, 'fixed_wire_H01_1': 144, 'Yaw_Base': 4, 'fixed_wire_H04_5': 1, 'fixed_wire_H04_7': 3} 25.8
OUTER_BODY_POOL 4_45.0 valid 66 retained 32 blockers {'Body_Upper': 159, 'fixed_wire_H01_1': 68, 'Yaw_Base': 22, 'fixed_wire_H04_7': 4} 27.6
OUTER_BODY_POOL 4_135.0 valid 0 retained 0 blockers {'Yaw_Base': 96, 'Body_Upper': 152, 'fixed_wire_H01_1': 51} 28.4
OUTER_BODY_POOL 4_225.0 valid 64 retained 32 blockers {'Body_Upper': 191, 'fixed_wire_H01_2': 11, 'fixed_wire_H01_1': 102, 'Yaw_Base': 8} 30.2
OUTER_BODY_POOL 4_300.0 valid 99 retained 32 blockers {'fixed_wire_H01_2': 14, 'Body_Upper': 246, 'Yaw_Base': 5, 'fixed_wire_H01_1': 154, 'fixed_wire_H04_7': 2} 32.7
OUTER_BODY_POOLS_DONE PASS phase assignments 12
Blender 5.2.2 LTS (hash d13f752e3b9c built 2026-09-15 01:49:19)

Blender quit
