2026-09-22 13:51:48.449 INFO   Freerouting v2.4.1 (build-date: 2026-09-03)
2026-09-22 13:51:50.267 INFO   [61D5B4\A72507] Loading board file 'MORI_motion_P2.dsn'...
2026-09-22 13:51:50.576 INFO   [61D5B4\A72507] Job '61D5B4\A72507' started at 2026-09-22T05:51:50.576570Z.
2026-09-22 13:51:50.681 INFO   [61D5B4\A72507] Auto-routing stage started on board '98f460585daf0b698570544f5b8ca317' for 131 unrouted items.
2026-09-22 13:51:58.713 INFO   [61D5B4\A72507] Auto-routing pass #1 on board '98f460585daf0b698570544f5b8ca317' was completed in 7.97 seconds with score 662.59 (42 unrouted and 11 violations), using 3.68 CPU seconds and the job allocated 19.11 GB of memory so far.
2026-09-22 13:52:04.935 INFO   [61D5B4\A72507] Auto-routing pass #2 on board '0a28bb71393026010413e1b68696ed03' was completed in 6.15 seconds with score 784.72 (26 unrouted and 11 violations), using 7.94 CPU seconds and the job allocated 50.29 GB of memory so far.
2026-09-22 13:52:07.441 INFO   [61D5B4\A72507] Auto-routing pass #3 on board '0b11c0807ad4446d73b64340bd2613a3' was completed in 2.45 seconds with score 815.26 (22 unrouted and 11 violations), using 9.61 CPU seconds and the job allocated 64.11 GB of memory so far.
2026-09-22 13:52:10.918 INFO   [61D5B4\A72507] Auto-routing pass #4 on board '78627851dfad15d0c6bb0a342d0d4cbf' was completed in 3.41 seconds with score 822.89 (21 unrouted and 11 violations), using 12.55 CPU seconds and the job allocated 86.27 GB of memory so far.
2026-09-22 13:52:13.663 INFO   [61D5B4\A72507] Auto-routing pass #5 on board '3608ad26fed06f41985a6819a4f98d3e' was completed in 2.66 seconds with score 891.59 (12 unrouted and 11 violations), using 13.97 CPU seconds and the job allocated 97.90 GB of memory so far.
2026-09-22 13:52:15.578 INFO   [61D5B4\A72507] Auto-routing pass #6 on board 'd176bf61359fc1f040408c7d395cfb8a' was completed in 1.88 seconds with score 899.22 (11 unrouted and 11 violations), using 15.76 CPU seconds and the job allocated 113.00 GB of memory so far.
2026-09-22 13:52:17.624 INFO   [61D5B4\A72507] Auto-routing pass #7 on board '74b3adbfa36f891a618afacb5d84c378' was completed in 1.98 seconds with score 899.22 (11 unrouted and 11 violations), using 17.41 CPU seconds and the job allocated 123.02 GB of memory so far.
2026-09-22 13:52:20.164 INFO   [61D5B4\A72507] Auto-routing pass #8 on board '4a0777d5a9d48d868cd626c1baaec79b' was completed in 2.45 seconds with score 914.49 (9 unrouted and 11 violations), using 19.49 CPU seconds and the job allocated 137.16 GB of memory so far.
2026-09-22 13:52:21.776 INFO   [61D5B4\A72507] Auto-routing pass #9 on board 'aa29f0301ce2a73fc7b7523677d78dba' was completed in 1.52 seconds with score 906.86 (10 unrouted and 11 violations), using 20.17 CPU seconds and the job allocated 142.92 GB of memory so far.
2026-09-22 13:52:23.906 INFO   [61D5B4\A72507] Auto-routing pass #10 on board 'b54b3a7be071fd9a20fc3821ffd06ad0' was completed in 2.03 seconds with score 914.49 (9 unrouted and 11 violations), using 22.23 CPU seconds and the job allocated 157.60 GB of memory so far.
2026-09-22 13:52:25.587 INFO   [61D5B4\A72507] Auto-routing pass #11 on board '209025b20182da26bb852b14f6aee9e4' was completed in 1.60 seconds with score 906.86 (10 unrouted and 11 violations), using 22.90 CPU seconds and the job allocated 162.74 GB of memory so far.
2026-09-22 13:52:27.495 INFO   [61D5B4\A72507] Auto-routing pass #12 on board 'eba7be3a2b976ec716bb366b9d920c48' was completed in 1.83 seconds with score 914.49 (9 unrouted and 11 violations), using 24.27 CPU seconds and the job allocated 172.65 GB of memory so far.
2026-09-22 13:52:28.478 INFO   [61D5B4\A72507] Auto-routing pass #13 on board '0518c4a07c2e57d48c27de87feb7a0e3' was completed in 0.93 seconds with score 906.86 (10 unrouted and 11 violations), using 25.19 CPU seconds and the job allocated 180.73 GB of memory so far.
2026-09-22 13:52:29.940 INFO   [61D5B4\A72507] Auto-routing pass #14 on board '2f7188445f194a668d3b0c74065f4f4c' was completed in 1.41 seconds with score 914.49 (9 unrouted and 11 violations), using 27.09 CPU seconds and the job allocated 195.16 GB of memory so far.
2026-09-22 13:52:31.306 INFO   [61D5B4\A72507] Auto-routing pass #15 on board '4d6eedcdb48cf43ff5a56dbd52c77d59' was completed in 1.31 seconds with score 906.86 (10 unrouted and 11 violations), using 27.98 CPU seconds and the job allocated 201.42 GB of memory so far.
2026-09-22 13:52:33.476 INFO   [61D5B4\A72507] Auto-routing pass #16 on board '6e670b746f11b869d3a6720c3202d648' was completed in 2.12 seconds with score 914.49 (9 unrouted and 11 violations), using 29.49 CPU seconds and the job allocated 212.06 GB of memory so far.
2026-09-22 13:52:36.421 INFO   [61D5B4\A72507] Auto-routing pass #17 on board '165c2f9af6f26970d5b478060f25d374' was completed in 2.84 seconds with score 906.86 (10 unrouted and 11 violations), using 30.84 CPU seconds and the job allocated 220.87 GB of memory so far.
2026-09-22 13:52:38.890 INFO   [61D5B4\A72507] Auto-routing pass #18 on board 'b808c05750e77900684efe730c151847' was completed in 2.37 seconds with score 914.49 (9 unrouted and 11 violations), using 32.17 CPU seconds and the job allocated 230.28 GB of memory so far.
2026-09-22 13:52:38.901 INFO   [61D5B4\A72507] The router's score (914.49) has not improved by more than 0.5 points in the last 10 passes (9 items still unconnected). Stopping the auto-router.
The following connections could not be routed -- please review your design (e.g. check pad clearances, trace width rules, and available routing space):
  Net '/+3V3' (9 unrouted connections):
    - U5-7  ->  U5-8
    - U5-7  ->  U5-2
    - U4-3  ->  U4-6
    - U4-6  ->  C4-1
    - U1-8  ->  C1-1
    - C3-1  ->  U3-8
    - U2-8  ->  via
    - C5-1  ->  U5-2
    - U4-3  ->  U1-8
2026-09-22 13:52:38.989 INFO   [61D5B4\A72507] Auto-routing stage completed: started with 131 unrouted nets, completed in 48.33 seconds, final score: 914.49 (9 unrouted and 11 violations), using 32.81 total CPU seconds, 235.44 GB total allocated, and 646.8 MB peak heap usage.
2026-09-22 13:52:39.034 INFO   [61D5B4\A72507] Optimization stage started on board '7aaf6e670c9e239b144fe8963288a9bf' with score 914.49 (9 unrouted and 11 violations).
2026-09-22 13:52:42.617 INFO   [61D5B4\A72507] Stopping optimization pass #1 early after 50 consecutive items could not be improved.
2026-09-22 13:52:42.661 INFO   [61D5B4\A72507] Optimizer pass #1 on board 'f39e60ec1c55d5a0c8d3dab6938ffd71' was completed in 3.50 seconds with the score of 914.49 (9 unrouted and 11 violations).
2026-09-22 13:52:42.693 INFO   [61D5B4\A72507] Stopping optimizer because the improvement in this pass (0.0000%) is below the threshold (1.00%).
2026-09-22 13:52:42.726 INFO   [61D5B4\A72507] Optimization stage completed: started with score 914.49 (9 unrouted and 11 violations), completed in 3.66 seconds, final score: 914.49 (9 unrouted and 11 violations), using 2.37 total CPU seconds, 41.80 GB total allocated, and 574.2 MB peak heap usage.
2026-09-22 13:52:42.737 INFO   [61D5B4\A72507] Job '61D5B4\A72507' finished with state: COMPLETED (elapsed: 52.16 seconds, finished at UTC: 2026-09-22T05:52:42.734991Z).
2026-09-22 13:52:43.055 INFO   Saving output file '/Users/dean/Documents/MORI/hardware/v1_2/kicad/MORI_motion_P2/MORI_motion_P2.ses' (SES)...
2026-09-22 13:52:43.059 INFO   Successfully saved output file '/Users/dean/Documents/MORI/hardware/v1_2/kicad/MORI_motion_P2/MORI_motion_P2.ses' (42990 bytes).
