./src/common/stdpbase.cpp(59): assert ""traits"" failed in Get(): create wxApp before calling this
06:34:15 PM: Debug: Adding duplicate image handler for 'PNG file'
06:34:15 PM: Debug: Adding duplicate image handler for 'JPEG file'
06:34:15 PM: Debug: Adding duplicate image handler for 'TIFF file'
06:34:15 PM: Debug: Adding duplicate image handler for 'GIF file'
06:34:15 PM: Debug: Adding duplicate image handler for 'PNM file'
06:34:15 PM: Debug: Adding duplicate image handler for 'PCX file'
06:34:15 PM: Debug: Adding duplicate image handler for 'IFF file'
06:34:15 PM: Debug: Adding duplicate image handler for 'Windows icon file'
06:34:15 PM: Debug: Adding duplicate image handler for 'Windows cursor file'
06:34:15 PM: Debug: Adding duplicate image handler for 'Windows animated cursor file'
06:34:15 PM: Debug: Adding duplicate image handler for 'TGA file'
06:34:15 PM: Debug: Adding duplicate image handler for 'XPM file'
06:34:16 PM: Debug: Adding duplicate image handler for 'PNG file'
06:34:16 PM: Debug: Adding duplicate image handler for 'JPEG file'
06:34:16 PM: Debug: Adding duplicate image handler for 'TIFF file'
06:34:16 PM: Debug: Adding duplicate image handler for 'GIF file'
06:34:16 PM: Debug: Adding duplicate image handler for 'PNM file'
06:34:16 PM: Debug: Adding duplicate image handler for 'PCX file'
06:34:16 PM: Debug: Adding duplicate image handler for 'IFF file'
06:34:16 PM: Debug: Adding duplicate image handler for 'Windows icon file'
06:34:16 PM: Debug: Adding duplicate image handler for 'Windows cursor file'
06:34:16 PM: Debug: Adding duplicate image handler for 'Windows animated cursor file'
06:34:16 PM: Debug: Adding duplicate image handler for 'TGA file'
06:34:16 PM: Debug: Adding duplicate image handler for 'XPM file'
06:34:16 PM: Debug: Adding duplicate image handler for 'PNG file'
06:34:16 PM: Debug: Adding duplicate image handler for 'JPEG file'
06:34:16 PM: Debug: Adding duplicate image handler for 'TIFF file'
06:34:16 PM: Debug: Adding duplicate image handler for 'GIF file'
06:34:16 PM: Debug: Adding duplicate image handler for 'PNM file'
06:34:16 PM: Debug: Adding duplicate image handler for 'PCX file'
06:34:16 PM: Debug: Adding duplicate image handler for 'IFF file'
06:34:16 PM: Debug: Adding duplicate image handler for 'Windows icon file'
06:34:16 PM: Debug: Adding duplicate image handler for 'Windows cursor file'
06:34:16 PM: Debug: Adding duplicate image handler for 'Windows animated cursor file'
06:34:16 PM: Debug: Adding duplicate image handler for 'TGA file'
06:34:16 PM: Debug: Adding duplicate image handler for 'XPM file'
06:34:16 PM: Debug: Adding duplicate image handler for 'PNG file'
06:34:16 PM: Debug: Adding duplicate image handler for 'JPEG file'
06:34:16 PM: Debug: Adding duplicate image handler for 'TIFF file'
06:34:17 PM: Debug: Adding duplicate image handler for 'GIF file'
06:34:17 PM: Debug: Adding duplicate image handler for 'PNM file'
06:34:17 PM: Debug: Adding duplicate image handler for 'PCX file'
06:34:17 PM: Debug: Adding duplicate image handler for 'IFF file'
06:34:17 PM: Debug: Adding duplicate image handler for 'Windows icon file'
06:34:17 PM: Debug: Adding duplicate image handler for 'Windows cursor file'
06:34:17 PM: Debug: Adding duplicate image handler for 'Windows animated cursor file'
06:34:17 PM: Debug: Adding duplicate image handler for 'TGA file'
06:34:17 PM: Debug: Adding duplicate image handler for 'XPM file'
motion components 49 foreign-net candidates 0 own-pin escapes 31 U100 exceptions 380
motion 90-degree cases 5 free-fail 0 applied 0
motion audit done
06:34:17 PM: Debug: Adding duplicate image handler for 'PNG file'
06:34:17 PM: Debug: Adding duplicate image handler for 'JPEG file'
06:34:17 PM: Debug: Adding duplicate image handler for 'TIFF file'
06:34:17 PM: Debug: Adding duplicate image handler for 'GIF file'
06:34:17 PM: Debug: Adding duplicate image handler for 'PNM file'
06:34:17 PM: Debug: Adding duplicate image handler for 'PCX file'
06:34:17 PM: Debug: Adding duplicate image handler for 'IFF file'
06:34:17 PM: Debug: Adding duplicate image handler for 'Windows icon file'
06:34:17 PM: Debug: Adding duplicate image handler for 'Windows cursor file'
06:34:17 PM: Debug: Adding duplicate image handler for 'Windows animated cursor file'
06:34:17 PM: Debug: Adding duplicate image handler for 'TGA file'
06:34:17 PM: Debug: Adding duplicate image handler for 'XPM file'
06:34:20 PM: Debug: Adding duplicate image handler for 'PNG file'
06:34:20 PM: Debug: Adding duplicate image handler for 'JPEG file'
06:34:20 PM: Debug: Adding duplicate image handler for 'TIFF file'
06:34:20 PM: Debug: Adding duplicate image handler for 'GIF file'
06:34:20 PM: Debug: Adding duplicate image handler for 'PNM file'
06:34:20 PM: Debug: Adding duplicate image handler for 'PCX file'
06:34:20 PM: Debug: Adding duplicate image handler for 'IFF file'
06:34:20 PM: Debug: Adding duplicate image handler for 'Windows icon file'
06:34:20 PM: Debug: Adding duplicate image handler for 'Windows cursor file'
06:34:20 PM: Debug: Adding duplicate image handler for 'Windows animated cursor file'
06:34:20 PM: Debug: Adding duplicate image handler for 'TGA file'
06:34:20 PM: Debug: Adding duplicate image handler for 'XPM file'
06:34:21 PM: Debug: Adding duplicate image handler for 'PNG file'
06:34:21 PM: Debug: Adding duplicate image handler for 'JPEG file'
06:34:21 PM: Debug: Adding duplicate image handler for 'TIFF file'
06:34:21 PM: Debug: Adding duplicate image handler for 'GIF file'
06:34:21 PM: Debug: Adding duplicate image handler for 'PNM file'
06:34:21 PM: Debug: Adding duplicate image handler for 'PCX file'
06:34:21 PM: Debug: Adding duplicate image handler for 'IFF file'
06:34:21 PM: Debug: Adding duplicate image handler for 'Windows icon file'
06:34:21 PM: Debug: Adding duplicate image handler for 'Windows cursor file'
06:34:21 PM: Debug: Adding duplicate image handler for 'Windows animated cursor file'
06:34:21 PM: Debug: Adding duplicate image handler for 'TGA file'
06:34:21 PM: Debug: Adding duplicate image handler for 'XPM file'
06:34:22 PM: Debug: Adding duplicate image handler for 'PNG file'
06:34:22 PM: Debug: Adding duplicate image handler for 'JPEG file'
06:34:22 PM: Debug: Adding duplicate image handler for 'TIFF file'
06:34:22 PM: Debug: Adding duplicate image handler for 'GIF file'
06:34:22 PM: Debug: Adding duplicate image handler for 'PNM file'
06:34:22 PM: Debug: Adding duplicate image handler for 'PCX file'
06:34:22 PM: Debug: Adding duplicate image handler for 'IFF file'
06:34:22 PM: Debug: Adding duplicate image handler for 'Windows icon file'
06:34:22 PM: Debug: Adding duplicate image handler for 'Windows cursor file'
06:34:22 PM: Debug: Adding duplicate image handler for 'Windows animated cursor file'
06:34:22 PM: Debug: Adding duplicate image handler for 'TGA file'
06:34:22 PM: Debug: Adding duplicate image handler for 'XPM file'
06:34:23 PM: Debug: Adding duplicate image handler for 'PNG file'
06:34:23 PM: Debug: Adding duplicate image handler for 'JPEG file'
06:34:23 PM: Debug: Adding duplicate image handler for 'TIFF file'
06:34:23 PM: Debug: Adding duplicate image handler for 'GIF file'
06:34:23 PM: Debug: Adding duplicate image handler for 'PNM file'
06:34:23 PM: Debug: Adding duplicate image handler for 'PCX file'
06:34:23 PM: Debug: Adding duplicate image handler for 'IFF file'
06:34:23 PM: Debug: Adding duplicate image handler for 'Windows icon file'
06:34:23 PM: Debug: Adding duplicate image handler for 'Windows cursor file'
06:34:23 PM: Debug: Adding duplicate image handler for 'Windows animated cursor file'
06:34:23 PM: Debug: Adding duplicate image handler for 'TGA file'
06:34:23 PM: Debug: Adding duplicate image handler for 'XPM file'
06:34:24 PM: Debug: Adding duplicate image handler for 'PNG file'
06:34:24 PM: Debug: Adding duplicate image handler for 'JPEG file'
06:34:24 PM: Debug: Adding duplicate image handler for 'TIFF file'
06:34:24 PM: Debug: Adding duplicate image handler for 'GIF file'
06:34:24 PM: Debug: Adding duplicate image handler for 'PNM file'
06:34:24 PM: Debug: Adding duplicate image handler for 'PCX file'
06:34:24 PM: Debug: Adding duplicate image handler for 'IFF file'
06:34:24 PM: Debug: Adding duplicate image handler for 'Windows icon file'
06:34:24 PM: Debug: Adding duplicate image handler for 'Windows cursor file'
06:34:24 PM: Debug: Adding duplicate image handler for 'Windows animated cursor file'
06:34:24 PM: Debug: Adding duplicate image handler for 'TGA file'
06:34:24 PM: Debug: Adding duplicate image handler for 'XPM file'
power components 104 foreign-net candidates 0 own-pin escapes 78 U100 exceptions 0
power 90-degree cases 10 free-fail 2 applied 0
PASS
[]
power audit done
