./src/common/stdpbase.cpp(59): assert ""traits"" failed in Get(): create wxApp before calling this
06:45:47 PM: Debug: Adding duplicate image handler for 'PNG file'
06:45:47 PM: Debug: Adding duplicate image handler for 'JPEG file'
06:45:47 PM: Debug: Adding duplicate image handler for 'TIFF file'
06:45:47 PM: Debug: Adding duplicate image handler for 'GIF file'
06:45:47 PM: Debug: Adding duplicate image handler for 'PNM file'
06:45:47 PM: Debug: Adding duplicate image handler for 'PCX file'
06:45:47 PM: Debug: Adding duplicate image handler for 'IFF file'
06:45:47 PM: Debug: Adding duplicate image handler for 'Windows icon file'
06:45:47 PM: Debug: Adding duplicate image handler for 'Windows cursor file'
06:45:47 PM: Debug: Adding duplicate image handler for 'Windows animated cursor file'
06:45:47 PM: Debug: Adding duplicate image handler for 'TGA file'
06:45:47 PM: Debug: Adding duplicate image handler for 'XPM file'
06:45:47 PM: Debug: Adding duplicate image handler for 'PNG file'
06:45:47 PM: Debug: Adding duplicate image handler for 'JPEG file'
06:45:47 PM: Debug: Adding duplicate image handler for 'TIFF file'
06:45:47 PM: Debug: Adding duplicate image handler for 'GIF file'
06:45:47 PM: Debug: Adding duplicate image handler for 'PNM file'
06:45:47 PM: Debug: Adding duplicate image handler for 'PCX file'
06:45:47 PM: Debug: Adding duplicate image handler for 'IFF file'
06:45:47 PM: Debug: Adding duplicate image handler for 'Windows icon file'
06:45:47 PM: Debug: Adding duplicate image handler for 'Windows cursor file'
06:45:47 PM: Debug: Adding duplicate image handler for 'Windows animated cursor file'
06:45:47 PM: Debug: Adding duplicate image handler for 'TGA file'
06:45:47 PM: Debug: Adding duplicate image handler for 'XPM file'
06:45:48 PM: Debug: Adding duplicate image handler for 'PNG file'
06:45:48 PM: Debug: Adding duplicate image handler for 'JPEG file'
06:45:48 PM: Debug: Adding duplicate image handler for 'TIFF file'
06:45:48 PM: Debug: Adding duplicate image handler for 'GIF file'
06:45:48 PM: Debug: Adding duplicate image handler for 'PNM file'
06:45:48 PM: Debug: Adding duplicate image handler for 'PCX file'
06:45:48 PM: Debug: Adding duplicate image handler for 'IFF file'
06:45:48 PM: Debug: Adding duplicate image handler for 'Windows icon file'
06:45:48 PM: Debug: Adding duplicate image handler for 'Windows cursor file'
06:45:48 PM: Debug: Adding duplicate image handler for 'Windows animated cursor file'
06:45:48 PM: Debug: Adding duplicate image handler for 'TGA file'
06:45:48 PM: Debug: Adding duplicate image handler for 'XPM file'
06:45:48 PM: Debug: Adding duplicate image handler for 'PNG file'
06:45:48 PM: Debug: Adding duplicate image handler for 'JPEG file'
06:45:48 PM: Debug: Adding duplicate image handler for 'TIFF file'
06:45:48 PM: Debug: Adding duplicate image handler for 'GIF file'
06:45:48 PM: Debug: Adding duplicate image handler for 'PNM file'
06:45:48 PM: Debug: Adding duplicate image handler for 'PCX file'
06:45:48 PM: Debug: Adding duplicate image handler for 'IFF file'
06:45:48 PM: Debug: Adding duplicate image handler for 'Windows icon file'
06:45:48 PM: Debug: Adding duplicate image handler for 'Windows cursor file'
06:45:48 PM: Debug: Adding duplicate image handler for 'Windows animated cursor file'
06:45:48 PM: Debug: Adding duplicate image handler for 'TGA file'
06:45:48 PM: Debug: Adding duplicate image handler for 'XPM file'
06:45:48 PM: Debug: Adding duplicate image handler for 'PNG file'
06:45:48 PM: Debug: Adding duplicate image handler for 'JPEG file'
06:45:48 PM: Debug: Adding duplicate image handler for 'TIFF file'
06:45:48 PM: Debug: Adding duplicate image handler for 'GIF file'
06:45:48 PM: Debug: Adding duplicate image handler for 'PNM file'
06:45:48 PM: Debug: Adding duplicate image handler for 'PCX file'
06:45:48 PM: Debug: Adding duplicate image handler for 'IFF file'
06:45:48 PM: Debug: Adding duplicate image handler for 'Windows icon file'
06:45:48 PM: Debug: Adding duplicate image handler for 'Windows cursor file'
06:45:48 PM: Debug: Adding duplicate image handler for 'Windows animated cursor file'
06:45:48 PM: Debug: Adding duplicate image handler for 'TGA file'
06:45:48 PM: Debug: Adding duplicate image handler for 'XPM file'
06:45:48 PM: Debug: Adding duplicate image handler for 'PNG file'
06:45:48 PM: Debug: Adding duplicate image handler for 'JPEG file'
06:45:48 PM: Debug: Adding duplicate image handler for 'TIFF file'
06:45:48 PM: Debug: Adding duplicate image handler for 'GIF file'
06:45:48 PM: Debug: Adding duplicate image handler for 'PNM file'
06:45:48 PM: Debug: Adding duplicate image handler for 'PCX file'
06:45:48 PM: Debug: Adding duplicate image handler for 'IFF file'
06:45:48 PM: Debug: Adding duplicate image handler for 'Windows icon file'
06:45:48 PM: Debug: Adding duplicate image handler for 'Windows cursor file'
06:45:48 PM: Debug: Adding duplicate image handler for 'Windows animated cursor file'
06:45:48 PM: Debug: Adding duplicate image handler for 'TGA file'
06:45:48 PM: Debug: Adding duplicate image handler for 'XPM file'
06:45:48 PM: Debug: Adding duplicate image handler for 'PNG file'
06:45:48 PM: Debug: Adding duplicate image handler for 'JPEG file'
06:45:48 PM: Debug: Adding duplicate image handler for 'TIFF file'
06:45:48 PM: Debug: Adding duplicate image handler for 'GIF file'
06:45:48 PM: Debug: Adding duplicate image handler for 'PNM file'
06:45:48 PM: Debug: Adding duplicate image handler for 'PCX file'
06:45:48 PM: Debug: Adding duplicate image handler for 'IFF file'
06:45:48 PM: Debug: Adding duplicate image handler for 'Windows icon file'
06:45:48 PM: Debug: Adding duplicate image handler for 'Windows cursor file'
06:45:48 PM: Debug: Adding duplicate image handler for 'Windows animated cursor file'
06:45:48 PM: Debug: Adding duplicate image handler for 'TGA file'
06:45:48 PM: Debug: Adding duplicate image handler for 'XPM file'
06:45:48 PM: Debug: Adding duplicate image handler for 'PNG file'
06:45:48 PM: Debug: Adding duplicate image handler for 'JPEG file'
06:45:48 PM: Debug: Adding duplicate image handler for 'TIFF file'
06:45:48 PM: Debug: Adding duplicate image handler for 'GIF file'
06:45:48 PM: Debug: Adding duplicate image handler for 'PNM file'
06:45:48 PM: Debug: Adding duplicate image handler for 'PCX file'
06:45:48 PM: Debug: Adding duplicate image handler for 'IFF file'
06:45:48 PM: Debug: Adding duplicate image handler for 'Windows icon file'
06:45:48 PM: Debug: Adding duplicate image handler for 'Windows cursor file'
06:45:48 PM: Debug: Adding duplicate image handler for 'Windows animated cursor file'
06:45:48 PM: Debug: Adding duplicate image handler for 'TGA file'
06:45:48 PM: Debug: Adding duplicate image handler for 'XPM file'
P5R5 native gates PASS; hardware references published = False
