./src/common/stdpbase.cpp(59): assert ""traits"" failed in Get(): create wxApp before calling this
imu R1 rotate, shift left/up: outward pin escape and MISO connection clear both ground via and 3V3 approach ACCEPTED opens 0
10:44:01 PM: Debug: Adding duplicate image handler for 'PNG file'
10:44:01 PM: Debug: Adding duplicate image handler for 'JPEG file'
10:44:01 PM: Debug: Adding duplicate image handler for 'TIFF file'
10:44:01 PM: Debug: Adding duplicate image handler for 'GIF file'
10:44:01 PM: Debug: Adding duplicate image handler for 'PNM file'
10:44:01 PM: Debug: Adding duplicate image handler for 'PCX file'
10:44:01 PM: Debug: Adding duplicate image handler for 'IFF file'
10:44:01 PM: Debug: Adding duplicate image handler for 'Windows icon file'
10:44:01 PM: Debug: Adding duplicate image handler for 'Windows cursor file'
10:44:01 PM: Debug: Adding duplicate image handler for 'Windows animated cursor file'
10:44:01 PM: Debug: Adding duplicate image handler for 'TGA file'
10:44:01 PM: Debug: Adding duplicate image handler for 'XPM file'
imu IMU supply: one vertical VDDIO line and 90-degree C1 branch; C1/C2 positions retained to clear DRDY on back ACCEPTED opens 0
10:44:03 PM: Debug: Adding duplicate image handler for 'PNG file'
10:44:03 PM: Debug: Adding duplicate image handler for 'JPEG file'
10:44:03 PM: Debug: Adding duplicate image handler for 'TIFF file'
10:44:03 PM: Debug: Adding duplicate image handler for 'GIF file'
10:44:03 PM: Debug: Adding duplicate image handler for 'PNM file'
10:44:03 PM: Debug: Adding duplicate image handler for 'PCX file'
10:44:03 PM: Debug: Adding duplicate image handler for 'IFF file'
10:44:03 PM: Debug: Adding duplicate image handler for 'Windows icon file'
10:44:03 PM: Debug: Adding duplicate image handler for 'Windows cursor file'
10:44:03 PM: Debug: Adding duplicate image handler for 'Windows animated cursor file'
10:44:03 PM: Debug: Adding duplicate image handler for 'TGA file'
10:44:03 PM: Debug: Adding duplicate image handler for 'XPM file'
