./src/common/stdpbase.cpp(59): assert ""traits"" failed in Get(): create wxApp before calling this
imu R1 shift left and rotate: direct MISO_IC, clear ground via; resistor input escapes left before returning toward header {'clearance': 1} opens 0
10:41:17 PM: Debug: Adding duplicate image handler for 'PNG file'
10:41:17 PM: Debug: Adding duplicate image handler for 'JPEG file'
10:41:17 PM: Debug: Adding duplicate image handler for 'TIFF file'
10:41:17 PM: Debug: Adding duplicate image handler for 'GIF file'
10:41:17 PM: Debug: Adding duplicate image handler for 'PNM file'
10:41:17 PM: Debug: Adding duplicate image handler for 'PCX file'
10:41:17 PM: Debug: Adding duplicate image handler for 'IFF file'
10:41:17 PM: Debug: Adding duplicate image handler for 'Windows icon file'
10:41:17 PM: Debug: Adding duplicate image handler for 'Windows cursor file'
10:41:17 PM: Debug: Adding duplicate image handler for 'Windows animated cursor file'
10:41:17 PM: Debug: Adding duplicate image handler for 'TGA file'
10:41:17 PM: Debug: Adding duplicate image handler for 'XPM file'
imu C1/C2 nearer U1: align VDD and VDDIO junctions on capacitor land; remove offset parallel power path {'items_not_allowed': 4} opens 0
10:41:19 PM: Debug: Adding duplicate image handler for 'PNG file'
10:41:19 PM: Debug: Adding duplicate image handler for 'JPEG file'
10:41:19 PM: Debug: Adding duplicate image handler for 'TIFF file'
10:41:19 PM: Debug: Adding duplicate image handler for 'GIF file'
10:41:19 PM: Debug: Adding duplicate image handler for 'PNM file'
10:41:19 PM: Debug: Adding duplicate image handler for 'PCX file'
10:41:19 PM: Debug: Adding duplicate image handler for 'IFF file'
10:41:19 PM: Debug: Adding duplicate image handler for 'Windows icon file'
10:41:19 PM: Debug: Adding duplicate image handler for 'Windows cursor file'
10:41:19 PM: Debug: Adding duplicate image handler for 'Windows animated cursor file'
10:41:19 PM: Debug: Adding duplicate image handler for 'TGA file'
10:41:19 PM: Debug: Adding duplicate image handler for 'XPM file'
