./src/common/stdpbase.cpp(59): assert ""traits"" failed in Get(): create wxApp before calling this
imu U1 ground pins: replace two short free right angles with outward horizontal/45-degree entries into existing ground via {'track_angle': 4} opens 0
10:30:07 PM: Debug: Adding duplicate image handler for 'PNG file'
10:30:07 PM: Debug: Adding duplicate image handler for 'JPEG file'
10:30:07 PM: Debug: Adding duplicate image handler for 'TIFF file'
10:30:07 PM: Debug: Adding duplicate image handler for 'GIF file'
10:30:07 PM: Debug: Adding duplicate image handler for 'PNM file'
10:30:07 PM: Debug: Adding duplicate image handler for 'PCX file'
10:30:07 PM: Debug: Adding duplicate image handler for 'IFF file'
10:30:07 PM: Debug: Adding duplicate image handler for 'Windows icon file'
10:30:07 PM: Debug: Adding duplicate image handler for 'Windows cursor file'
10:30:07 PM: Debug: Adding duplicate image handler for 'Windows animated cursor file'
10:30:07 PM: Debug: Adding duplicate image handler for 'TGA file'
10:30:07 PM: Debug: Adding duplicate image handler for 'XPM file'
imu 3V3: align physical junctions, eliminate overlapping vertical tracks and connect U1.8 directly outward to C1 {'items_not_allowed': 1} opens 0
10:30:08 PM: Debug: Adding duplicate image handler for 'PNG file'
10:30:08 PM: Debug: Adding duplicate image handler for 'JPEG file'
10:30:08 PM: Debug: Adding duplicate image handler for 'TIFF file'
10:30:08 PM: Debug: Adding duplicate image handler for 'GIF file'
10:30:08 PM: Debug: Adding duplicate image handler for 'PNM file'
10:30:08 PM: Debug: Adding duplicate image handler for 'PCX file'
10:30:08 PM: Debug: Adding duplicate image handler for 'IFF file'
10:30:08 PM: Debug: Adding duplicate image handler for 'Windows icon file'
10:30:08 PM: Debug: Adding duplicate image handler for 'Windows cursor file'
10:30:08 PM: Debug: Adding duplicate image handler for 'Windows animated cursor file'
10:30:08 PM: Debug: Adding duplicate image handler for 'TGA file'
10:30:08 PM: Debug: Adding duplicate image handler for 'XPM file'
