10:36:24 PM: Debug: Adding duplicate image handler for 'PNG file'
10:36:24 PM: Debug: Adding duplicate image handler for 'JPEG file'
10:36:24 PM: Debug: Adding duplicate image handler for 'TIFF file'
10:36:24 PM: Debug: Adding duplicate image handler for 'GIF file'
10:36:24 PM: Debug: Adding duplicate image handler for 'PNM file'
10:36:24 PM: Debug: Adding duplicate image handler for 'PCX file'
10:36:24 PM: Debug: Adding duplicate image handler for 'IFF file'
10:36:24 PM: Debug: Adding duplicate image handler for 'Windows icon file'
10:36:24 PM: Debug: Adding duplicate image handler for 'Windows cursor file'
10:36:24 PM: Debug: Adding duplicate image handler for 'Windows animated cursor file'
10:36:24 PM: Debug: Adding duplicate image handler for 'TGA file'
10:36:24 PM: Debug: Adding duplicate image handler for 'XPM file'
rear before {'segments': 86, 'vias': 16, 'nets_with_tracks': 8, 'length_mm': 176.02119936874888, 'flags': {'SHORT_SEGMENT': 3, 'OFFSET_ENDPOINTS': 3}}
10:36:24 PM: Debug: Adding duplicate image handler for 'PNG file'
10:36:24 PM: Debug: Adding duplicate image handler for 'JPEG file'
10:36:24 PM: Debug: Adding duplicate image handler for 'TIFF file'
10:36:24 PM: Debug: Adding duplicate image handler for 'GIF file'
10:36:24 PM: Debug: Adding duplicate image handler for 'PNM file'
10:36:24 PM: Debug: Adding duplicate image handler for 'PCX file'
10:36:24 PM: Debug: Adding duplicate image handler for 'IFF file'
10:36:24 PM: Debug: Adding duplicate image handler for 'Windows icon file'
10:36:24 PM: Debug: Adding duplicate image handler for 'Windows cursor file'
10:36:24 PM: Debug: Adding duplicate image handler for 'Windows animated cursor file'
10:36:24 PM: Debug: Adding duplicate image handler for 'TGA file'
10:36:24 PM: Debug: Adding duplicate image handler for 'XPM file'
rear after {'segments': 83, 'vias': 17, 'nets_with_tracks': 8, 'length_mm': 186.98801733521506, 'flags': {'SHORT_SEGMENT': 3, 'OFFSET_ENDPOINTS': 3}}
10:36:24 PM: Debug: Adding duplicate image handler for 'PNG file'
10:36:24 PM: Debug: Adding duplicate image handler for 'JPEG file'
10:36:24 PM: Debug: Adding duplicate image handler for 'TIFF file'
10:36:24 PM: Debug: Adding duplicate image handler for 'GIF file'
10:36:24 PM: Debug: Adding duplicate image handler for 'PNM file'
10:36:24 PM: Debug: Adding duplicate image handler for 'PCX file'
10:36:24 PM: Debug: Adding duplicate image handler for 'IFF file'
10:36:24 PM: Debug: Adding duplicate image handler for 'Windows icon file'
10:36:24 PM: Debug: Adding duplicate image handler for 'Windows cursor file'
10:36:24 PM: Debug: Adding duplicate image handler for 'Windows animated cursor file'
10:36:24 PM: Debug: Adding duplicate image handler for 'TGA file'
10:36:24 PM: Debug: Adding duplicate image handler for 'XPM file'
10:36:25 PM: Debug: Adding duplicate image handler for 'PNG file'
10:36:25 PM: Debug: Adding duplicate image handler for 'JPEG file'
10:36:25 PM: Debug: Adding duplicate image handler for 'TIFF file'
10:36:25 PM: Debug: Adding duplicate image handler for 'GIF file'
10:36:25 PM: Debug: Adding duplicate image handler for 'PNM file'
10:36:25 PM: Debug: Adding duplicate image handler for 'PCX file'
10:36:25 PM: Debug: Adding duplicate image handler for 'IFF file'
10:36:25 PM: Debug: Adding duplicate image handler for 'Windows icon file'
10:36:25 PM: Debug: Adding duplicate image handler for 'Windows cursor file'
10:36:25 PM: Debug: Adding duplicate image handler for 'Windows animated cursor file'
10:36:25 PM: Debug: Adding duplicate image handler for 'TGA file'
10:36:25 PM: Debug: Adding duplicate image handler for 'XPM file'
10:36:25 PM: Debug: Adding duplicate image handler for 'PNG file'
10:36:25 PM: Debug: Adding duplicate image handler for 'JPEG file'
10:36:25 PM: Debug: Adding duplicate image handler for 'TIFF file'
10:36:25 PM: Debug: Adding duplicate image handler for 'GIF file'
10:36:25 PM: Debug: Adding duplicate image handler for 'PNM file'
10:36:25 PM: Debug: Adding duplicate image handler for 'PCX file'
10:36:25 PM: Debug: Adding duplicate image handler for 'IFF file'
10:36:25 PM: Debug: Adding duplicate image handler for 'Windows icon file'
10:36:25 PM: Debug: Adding duplicate image handler for 'Windows cursor file'
10:36:25 PM: Debug: Adding duplicate image handler for 'Windows animated cursor file'
10:36:25 PM: Debug: Adding duplicate image handler for 'TGA file'
10:36:25 PM: Debug: Adding duplicate image handler for 'XPM file'
10:36:26 PM: Debug: Adding duplicate image handler for 'PNG file'
10:36:26 PM: Debug: Adding duplicate image handler for 'JPEG file'
10:36:26 PM: Debug: Adding duplicate image handler for 'TIFF file'
10:36:26 PM: Debug: Adding duplicate image handler for 'GIF file'
10:36:26 PM: Debug: Adding duplicate image handler for 'PNM file'
10:36:26 PM: Debug: Adding duplicate image handler for 'PCX file'
10:36:26 PM: Debug: Adding duplicate image handler for 'IFF file'
10:36:26 PM: Debug: Adding duplicate image handler for 'Windows icon file'
10:36:26 PM: Debug: Adding duplicate image handler for 'Windows cursor file'
10:36:26 PM: Debug: Adding duplicate image handler for 'Windows animated cursor file'
10:36:26 PM: Debug: Adding duplicate image handler for 'TGA file'
10:36:26 PM: Debug: Adding duplicate image handler for 'XPM file'
10:36:27 PM: Debug: Adding duplicate image handler for 'PNG file'
10:36:27 PM: Debug: Adding duplicate image handler for 'JPEG file'
10:36:27 PM: Debug: Adding duplicate image handler for 'TIFF file'
10:36:27 PM: Debug: Adding duplicate image handler for 'GIF file'
10:36:27 PM: Debug: Adding duplicate image handler for 'PNM file'
10:36:27 PM: Debug: Adding duplicate image handler for 'PCX file'
10:36:27 PM: Debug: Adding duplicate image handler for 'IFF file'
10:36:27 PM: Debug: Adding duplicate image handler for 'Windows icon file'
10:36:27 PM: Debug: Adding duplicate image handler for 'Windows cursor file'
10:36:27 PM: Debug: Adding duplicate image handler for 'Windows animated cursor file'
10:36:27 PM: Debug: Adding duplicate image handler for 'TGA file'
10:36:27 PM: Debug: Adding duplicate image handler for 'XPM file'
rear components 9 foreign-net candidates 0 own-pin escapes 15 U100 exceptions 0
VERIFIED 4c44796c21883d3b16ce1212651ffbed90b62edbe0c878175f78eadbe02686f6 models 7 step 3d713810a195fa096051b44af410de9991b6c75bc166d1837c9cb4ec5f25826c
