00:00.317  blend            | Read blend: "/Users/dean/Documents/MORI/mechanical/mori_v1_2.blend"
H06_PREFIX_ENTRIES 1 12 {'H01_1': 10, 'H04_2': 1, 'H04_3': 1}
H06_ARC_PREFIX_POOL 1_45 0 {'tried': 300, 'curvature_rejected': 300} {}
H06_ARC_PREFIX_POOL 1_135 0 {'tried': 300, 'curvature_rejected': 300} {}
H06_ARC_PREFIX_POOL 1_225 0 {} {}
H06_ARC_PREFIX_POOL 1_315 3 {'tried': 300, 'passed': 3, 'curvature_rejected': 297} {}
H06_PREFIX_ENTRIES 2 13 {'H01_1': 9, 'H04_2': 1, 'H04_3': 1}
H06_ARC_PREFIX_POOL 2_45 0 {'tried': 325, 'curvature_rejected': 325} {}
H06_ARC_PREFIX_POOL 2_135 0 {'tried': 325, 'curvature_rejected': 325} {}
H06_ARC_PREFIX_POOL 2_225 0 {} {}
H06_ARC_PREFIX_POOL 2_315 5 {'tried': 325, 'curvature_rejected': 319, 'passed': 5, 'clearance_rejected': 1} {'H01_1': 1}
H06_PREFIX_ENTRIES 3 12 {'H01_1': 11, 'H04_3': 1}
H06_ARC_PREFIX_POOL 3_45 0 {'tried': 300, 'curvature_rejected': 300} {}
H06_ARC_PREFIX_POOL 3_135 0 {'tried': 300, 'curvature_rejected': 300} {}
H06_ARC_PREFIX_POOL 3_225 0 {} {}
H06_ARC_PREFIX_POOL 3_315 0 {'tried': 300, 'curvature_rejected': 300} {}
H06_PREFIX_ENTRIES 4 14 {'H01_2': 1, 'H01_1': 9}
H06_ARC_PREFIX_POOL 4_45 0 {'tried': 350, 'curvature_rejected': 350} {}
H06_ARC_PREFIX_POOL 4_135 0 {'tried': 350, 'curvature_rejected': 350} {}
H06_ARC_PREFIX_POOL 4_225 0 {} {}
H06_ARC_PREFIX_POOL 4_315 0 {'tried': 350, 'curvature_rejected': 350} {}
H06_ARC_PREFIX_COMPLETE BLOCKED 2.96
Blender 5.2.2 LTS (hash d13f752e3b9c built 2026-09-15 01:49:19)

Blender quit
