00:00.481  blend            | Read blend: "/Users/dean/Documents/MORI/mechanical/mori_v1_2.blend"
BODY_ENTRY_BEND 7.0 0 ['Yaw_Base'] False 1.8
BODY_ENTRY_BEND 7.0 45 ['Yaw_Base'] False 2.0
BODY_ENTRY_BEND 7.0 90 ['Yaw_Base', 'Yaw_Reaction_Retainer_Screw'] False 2.2
BODY_ENTRY_BEND 7.0 135 ['Yaw_Base'] False 2.3
BODY_ENTRY_BEND 7.0 180 ['Yaw_Base'] False 2.5
BODY_ENTRY_BEND 7.0 225 ['Yaw_Base'] False 2.6
BODY_ENTRY_BEND 7.0 270 ['Yaw_Base', 'Yaw_Reaction_Retainer_Nut'] False 2.8
BODY_ENTRY_BEND 7.0 315 ['Yaw_Base'] False 3.0
BODY_ENTRY_BEND 8.0 0 ['Yaw_Base'] False 3.2
BODY_ENTRY_BEND 8.0 45 ['Yaw_Base'] False 3.3
BODY_ENTRY_BEND 8.0 90 ['Yaw_Base', 'Yaw_Reaction_Retainer_Screw'] False 3.5
BODY_ENTRY_BEND 8.0 135 ['Yaw_Base'] False 3.6
BODY_ENTRY_BEND 8.0 180 ['Yaw_Base'] False 3.8
BODY_ENTRY_BEND 8.0 225 ['Yaw_Base'] False 4.0
BODY_ENTRY_BEND 8.0 270 ['Yaw_Base', 'Yaw_Reaction_Retainer_Nut'] False 4.1
BODY_ENTRY_BEND 8.0 315 ['Yaw_Base'] False 4.3
BODY_ENTRY_BEND 9.0 0 ['Yaw_Base'] False 4.4
BODY_ENTRY_BEND 9.0 45 ['Yaw_Base'] False 4.6
BODY_ENTRY_BEND 9.0 90 ['Yaw_Base', 'Yaw_Reaction_Retainer_Screw'] False 4.8
BODY_ENTRY_BEND 9.0 135 ['Yaw_Base'] False 4.9
BODY_ENTRY_BEND 9.0 180 ['Yaw_Base'] False 5.1
BODY_ENTRY_BEND 9.0 225 ['Yaw_Base'] False 5.3
BODY_ENTRY_BEND 9.0 270 ['Yaw_Base', 'Yaw_Reaction_Retainer_Screw', 'Yaw_Reaction_Retainer_Nut'] False 5.4
BODY_ENTRY_BEND 9.0 315 ['Yaw_Base'] False 5.6
BODY_ENTRY_BEND 10.0 0 ['Yaw_Base'] False 5.7
BODY_ENTRY_BEND 10.0 45 ['Yaw_Base'] False 5.9
BODY_ENTRY_BEND 10.0 90 ['Yaw_Base', 'Yaw_Reaction_Retainer_Screw'] False 6.1
BODY_ENTRY_BEND 10.0 135 ['Yaw_Base'] False 6.2
BODY_ENTRY_BEND 10.0 180 ['Yaw_Base'] False 6.4
BODY_ENTRY_BEND 10.0 225 ['Yaw_Base'] False 6.6
BODY_ENTRY_BEND 10.0 270 ['Yaw_Base', 'Yaw_Reaction_Retainer_Screw', 'Yaw_Reaction_Retainer_Nut'] False 6.7
BODY_ENTRY_BEND 10.0 315 ['Yaw_Base'] False 6.9
Blender 5.2.2 LTS (hash d13f752e3b9c built 2026-09-15 01:49:19)

Blender quit
