00:00.435  blend            | Read blend: "/Users/dean/Documents/MORI/mechanical/mori_v1_2.blend"
H06_PREFIX_POOL 1_45 0 {'tried': 25, 'curvature_rejected': 25} {}
H06_PREFIX_POOL 1_135 0 {'tried': 25, 'curvature_rejected': 25} {}
H06_PREFIX_POOL 1_225 0 {'tried': 25, 'curvature_rejected': 25} {}
H06_PREFIX_POOL 1_315 0 {'tried': 25, 'curvature_rejected': 25} {}
H06_PREFIX_POOL 2_45 0 {'tried': 25, 'curvature_rejected': 25} {}
H06_PREFIX_POOL 2_135 0 {'tried': 25, 'curvature_rejected': 25} {}
H06_PREFIX_POOL 2_225 0 {'tried': 25, 'curvature_rejected': 25} {}
H06_PREFIX_POOL 2_315 0 {'tried': 25, 'curvature_rejected': 25} {}
H06_PREFIX_POOL 3_45 0 {'tried': 25, 'curvature_rejected': 25} {}
H06_PREFIX_POOL 3_135 0 {'tried': 25, 'curvature_rejected': 25} {}
H06_PREFIX_POOL 3_225 0 {'tried': 25, 'curvature_rejected': 25} {}
H06_PREFIX_POOL 3_315 0 {'tried': 25, 'curvature_rejected': 25} {}
H06_PREFIX_POOL 4_45 0 {'tried': 25, 'curvature_rejected': 25} {}
H06_PREFIX_POOL 4_135 0 {'tried': 25, 'curvature_rejected': 25} {}
H06_PREFIX_POOL 4_225 0 {'tried': 25, 'curvature_rejected': 25} {}
H06_PREFIX_POOL 4_315 0 {'tried': 25, 'curvature_rejected': 25} {}
H06_BODY_PREFIX_COMPLETE BLOCKED 1.47
Blender 5.2.2 LTS (hash d13f752e3b9c built 2026-09-15 01:49:19)

Blender quit
