00:00.319  blend            | Read blend: "/Users/dean/Documents/MORI/mechanical/mori_v1_2.blend"
CAM_V2_CASE 0.0 7.0 True BLOCKED 3.65
CAM_V2_CASE 0.0 7.0 False BLOCKED 7.3
CAM_V2_CASE 0.0 8.0 True BLOCKED 10.06
CAM_V2_CASE 0.0 8.0 False BLOCKED 13.78
CAM_V2_CASE 0.0 10.0 True BLOCKED 13.85
CAM_V2_CASE 0.0 10.0 False BLOCKED 15.3
CAM_V2_CASE -30.0 7.0 True BLOCKED 15.38
CAM_V2_CASE -30.0 7.0 False BLOCKED 16.8
CAM_V2_CASE -30.0 8.0 True BLOCKED 16.88
CAM_V2_CASE -30.0 8.0 False BLOCKED 17.62
CAM_V2_CASE -30.0 10.0 True BLOCKED 17.7
CAM_V2_CASE -30.0 10.0 False BLOCKED 17.78
CAM_V2_CASE 30.0 7.0 True BLOCKED 20.52
CAM_V2_CASE 30.0 7.0 False BLOCKED 24.11
CAM_V2_CASE 30.0 8.0 True BLOCKED 26.87
CAM_V2_CASE 30.0 8.0 False BLOCKED 30.47
CAM_V2_CASE 30.0 10.0 True BLOCKED 33.22
CAM_V2_CASE 30.0 10.0 False BLOCKED 36.88
CAM_V2_CASE -45.0 7.0 True BLOCKED 36.96
CAM_V2_CASE -45.0 7.0 False BLOCKED 37.72
CAM_V2_CASE -45.0 8.0 True BLOCKED 37.79
CAM_V2_CASE -45.0 8.0 False BLOCKED 37.87
CAM_V2_CASE -45.0 10.0 True BLOCKED 37.95
CAM_V2_CASE -45.0 10.0 False BLOCKED 38.03
CAM_V2_CASE 45.0 7.0 True BLOCKED 40.8
CAM_V2_CASE 45.0 7.0 False BLOCKED 44.28
CAM_V2_CASE 45.0 8.0 True BLOCKED 47.07
CAM_V2_CASE 45.0 8.0 False BLOCKED 50.6
CAM_V2_CASE 45.0 10.0 True BLOCKED 53.7
CAM_V2_CASE 45.0 10.0 False BLOCKED 57.68
CAM_DEPARTURE_V2_DONE BLOCKED
Blender 5.2.2 LTS (hash d13f752e3b9c built 2026-09-15 01:49:19)

Blender quit
