00:00.472  blend            | Read blend: "/Users/dean/Documents/MORI/mechanical/mori_v1_2.blend"
yaw_loop_base [-8.212500143051148, -1.5, 230.0]
Pitch_Servo yaw 3.104 [-10.462868690490723, -1.5, 227.8621368408203]
Yaw_Servo yaw 9.862 [-5.750002384185791, -1.5000004768371582, 220.4499969482422]
Head_Pitch_Ear_0_Screw yaw 16.962 [-25.174999237060547, -1.4999998807907104, 230.00001525878906]
CAM_without_own_UART pitch 19.328 [-13.010000228881836, -20.200000762939453, 229.05999755859375]
CAM_UART_4P pitch 20.126 [-8.21250057220459, -19.399999618530273, 220.8000030517578]
Pitch_Yoke yaw 20.562 [-28.775001525878906, -1.4999781847000122, 230.00001525878906]
CAM_catalogue_housing pitch 20.702 [-8.21250057220459, -19.399999618530273, 219.60000610351562]
CAM_Mount_Screw_0 pitch 22.77 [-15.28836441040039, -20.759998321533203, 220.12684631347656]
Onboard_MIC_L pitch 23.926 [-15.399999618530273, -23.799999237060547, 234.85000610351562]
Pitch_Cradle pitch 24.369 [-13.299999237060547, -23.84000015258789, 221.6999969482422]
CAM_tail_end [-8.212500143051148, 9.5, 202.10000610351562]
Yaw_Servo yaw 2.163 [-6.049996376037598, 9.499999046325684, 202.10000610351562]
Pitch_Servo yaw 5.02 [-10.501792907714844, 5.923202991485596, 204.77679443359375]
Yaw_Reaction_Link body 6.126 [-7.830605983734131, 9.078644752502441, 196.0]
Pitch_Yoke yaw 8.495 [-5.5, 17.55000114440918, 202.04998779296875]
Yaw_Horn body 11.117 [-3.1719555854797363, 3.865053176879883, 193.95001220703125]
Head_Yaw_Ear_1_Screw yaw 11.645 [-1.110188364982605, 18.597232818603516, 203.65000915527344]
Yaw_Output body 12.637 [-1.3744235038757324, 1.418299913406372, 195.1999969482422]
Yaw_Lock_Screw body 13.385 [-0.6343935132026672, 0.7730106115341187, 195.35000610351562]
Yaw_Reaction_Clamp_Screw body 17.048 [5.420207977294922, 5.800000190734863, 192.5555877685547]
Head_Yaw_Ear_0_Nut yaw 17.732 [-1.154700517654419, -6.550000190734863, 199.4499969482422]
body_J5_departure [18.5, -45.025001525878906, 130.63999938964844]
Plug_motion_J5 body 0.0 [18.5, -45.025001525878906, 130.63999938964844]
MCU_Carrier body 2.674 [18.5, -46.79999923706055, 128.63999938964844]
Plug_motion_J4 body 4.75 [18.5, -49.775001525878906, 130.63999938964844]
Plug_motion_J7 body 5.75 [18.5, -39.275001525878906, 130.63999938964844]
H04_3 body 6.543 [19.431081771850586, -51.50151824951172, 130.63999938964844]
H04_2 body 6.543 [17.568918228149414, -51.50151824951172, 130.63999938964844]
Plug_motion_J3 body 6.6 [25.100000381469727, -45.025001525878906, 130.63999938964844]
MCU_Motion body 6.616 [12.602999687194824, -45.025001525878906, 133.63999938964844]
H04_4 body 7.088 [21.297943115234375, -51.537193298339844, 130.63999938964844]
H04_1 body 7.088 [15.702056884765625, -51.537193298339844, 130.63999938964844]
neck_pin1 [-10.465180361560906, -10.465180361560902, 193.0]
Pitch_Yoke yaw 2.29 [-9.725573539733887, -11.300286293029785, 191.0]
Yaw_Reaction_Link body 2.8 [-8.485280990600586, -8.485280990600586, 193.0]
Yaw_Servo yaw 8.928 [-5.923205375671387, -5.823203086853027, 199.1267852783203]
Head_Yaw_Ear_0_Nut yaw 9.68 [-2.309401035308838, -8.550000190734863, 197.85000610351562]
Yaw_Horn body 9.8 [-3.535525321960449, -3.5355327129364014, 193.0]
Head_Yaw_Ear_0_Screw yaw 10.703 [-0.9914448857307434, -8.680526733398438, 197.65000915527344]
Pitch_Servo yaw 12.57 [-10.675000190734863, -5.750001907348633, 204.65000915527344]
Yaw_Output body 12.825 [-1.4182957410812378, -1.374427318572998, 193.0]
Yaw_Lock_Screw body 13.8 [-0.7071070671081543, -0.7071065306663513, 193.0]
Yaw_Reaction_Clamp_Nut body 15.872 [4.599999904632568, -5.699999809265137, 191.5]
neck_pin2 [-10.465180361560902, 10.465180361560904, 193.0]
Pitch_Yoke yaw 2.29 [-9.725573539733887, 11.300286293029785, 191.0]
Yaw_Reaction_Link body 2.8 [-8.485280990600586, 8.485280990600586, 193.0]
Yaw_Servo yaw 7.572 [-5.962126731872559, 10.465179443359375, 199.08786010742188]
Yaw_Horn body 9.8 [-3.535522937774658, 3.5355350971221924, 193.0]
Pitch_Servo yaw 12.57 [-10.67499828338623, 5.749998092651367, 204.65000915527344]
Yaw_Output body 12.825 [-1.3744231462478638, 1.418299913406372, 193.0]
Head_Yaw_Ear_1_Screw yaw 13.125 [-0.7071067690849304, 19.24289321899414, 193.0]
Yaw_Lock_Screw body 13.8 [-0.7071065902709961, 0.7071070075035095, 193.0]
Head_Yaw_Ear_1_Nut yaw 16.239 [-1.154700517654419, 17.950000762939453, 182.0]
Yaw_Reaction_Clamp_Screw body 16.311 [5.109148979187012, 5.800000190734863, 191.6862335205078]
neck_pin3 [10.4651803615609, -10.465180361560906, 193.0]
Pitch_Yoke yaw 2.29 [11.300286293029785, -9.725573539733887, 191.0]
Yaw_Reaction_Link body 2.827 [8.49390983581543, -8.475760459899902, 193.38748168945312]
Yaw_Reaction_Clamp_Nut body 5.05 [9.016776084899902, -5.699999809265137, 192.16375732421875]
Yaw_Reaction_Clamp_Screw body 5.454 [7.877685546875, -5.800000190734863, 191.86355590820312]
Yaw_Servo yaw 8.928 [5.92320442199707, -5.823206901550293, 199.1267852783203]
Head_Yaw_Ear_0_Nut yaw 9.68 [2.309401035308838, -8.550000190734863, 197.85000610351562]
Yaw_Horn body 9.8 [3.5355424880981445, -3.5355350971221924, 193.0]
Head_Yaw_Ear_0_Screw yaw 10.703 [0.9914448857307434, -8.680526733398438, 197.65000915527344]
Yaw_Output body 12.825 [1.3744314908981323, -1.418299913406372, 193.0]
Yaw_Lock_Screw body 13.8 [0.7071064710617065, -0.7071070075035095, 193.0]
neck_pin4 [10.465180361560904, 10.465180361560902, 193.0]
Pitch_Yoke yaw 2.29 [11.300286293029785, 9.725573539733887, 191.0]
Yaw_Reaction_Link body 2.8 [8.485280990600586, 8.485280990600586, 193.0]
Yaw_Reaction_Clamp_Screw body 5.028 [8.75537109375, 5.800000190734863, 192.2270965576172]
Yaw_Servo yaw 7.572 [5.962136268615723, 10.465181350708008, 199.08786010742188]
Yaw_Horn body 9.8 [3.5355448722839355, 3.5355327129364014, 193.0]
Yaw_Output body 12.825 [1.4183040857315063, 1.374427318572998, 193.0]
Head_Yaw_Ear_1_Screw yaw 13.125 [0.7071067690849304, 19.24289321899414, 193.0]
Yaw_Lock_Screw body 13.8 [0.7071069478988647, 0.7071065306663513, 193.0]
Yaw_Reaction_Clamp_Nut body 13.866 [9.016776084899902, -3.299999952316284, 192.16375732421875]
Head_Yaw_Ear_1_Nut yaw 16.239 [1.154700517654419, 17.950000762939453, 182.0]
Blender 5.2.2 LTS (hash d13f752e3b9c built 2026-09-15 01:49:19)

Blender quit
