00:00.242  blend            | Read blend: "/Users/dean/Documents/MORI/mechanical/mori_v1_2.blend"
STRAIGHT BLOCKED 14
ACCEPTED [[0.0, 0.0, 0.0], [4.0, 0.0, 0.0], [4.0, 0.0, -3.0], [35.0, 0.0, -3.0]] 77
ACCEPTED [[0.0, 0.0, 0.0], [4.0, 0.0, 0.0], [4.0, 0.0, -4.0], [35.0, 0.0, -4.0]] 79
ACCEPTED [[0.0, 0.0, 0.0], [4.0, 0.0, 0.0], [4.0, 6.5, 0.0], [35.0, 6.5, 0.0]] 84
ACCEPTED [[0.0, 0.0, 0.0], [4.0, 0.0, 0.0], [4.0, 6.5, -3.0], [35.0, 6.5, -3.0]] 86
ACCEPTED [[0.0, 0.0, 0.0], [4.0, 0.0, 0.0], [4.0, 6.5, -4.0], [35.0, 6.5, -4.0]] 87
ACCEPTED [[0.0, 0.0, 0.0], [4.0, 0.0, 0.0], [4.0, 9.0, 0.0], [35.0, 9.0, 0.0]] 89
ACCEPTED [[0.0, 0.0, 0.0], [4.0, 0.0, 0.0], [4.0, 9.0, -3.0], [35.0, 9.0, -3.0]] 90
ACCEPTED [[0.0, 0.0, 0.0], [4.0, 0.0, 0.0], [4.0, 9.0, -4.0], [35.0, 9.0, -4.0]] 91
ACCEPTED [[0.0, 0.0, 0.0], [6.0, 0.0, 0.0], [6.0, 0.0, -3.0], [35.0, 0.0, -3.0]] 77
ACCEPTED [[0.0, 0.0, 0.0], [6.0, 0.0, 0.0], [6.0, 0.0, -4.0], [35.0, 0.0, -4.0]] 79
ACCEPTED [[0.0, 0.0, 0.0], [6.0, 0.0, 0.0], [6.0, 6.5, 0.0], [35.0, 6.5, 0.0]] 84
ACCEPTED [[0.0, 0.0, 0.0], [6.0, 0.0, 0.0], [6.0, 6.5, -3.0], [35.0, 6.5, -3.0]] 86
ACCEPTED [[0.0, 0.0, 0.0], [6.0, 0.0, 0.0], [6.0, 6.5, -4.0], [35.0, 6.5, -4.0]] 87
ACCEPTED [[0.0, 0.0, 0.0], [6.0, 0.0, 0.0], [6.0, 9.0, 0.0], [35.0, 9.0, 0.0]] 89
ACCEPTED [[0.0, 0.0, 0.0], [6.0, 0.0, 0.0], [6.0, 9.0, -3.0], [35.0, 9.0, -3.0]] 90
ACCEPTED [[0.0, 0.0, 0.0], [6.0, 0.0, 0.0], [6.0, 9.0, -4.0], [35.0, 9.0, -4.0]] 91
ACCEPTED [[0.0, 0.0, 0.0], [8.0, 0.0, 0.0], [8.0, 0.0, -3.0], [35.0, 0.0, -3.0]] 77
ACCEPTED [[0.0, 0.0, 0.0], [8.0, 0.0, 0.0], [8.0, 0.0, -4.0], [35.0, 0.0, -4.0]] 79
ACCEPTED [[0.0, 0.0, 0.0], [8.0, 0.0, 0.0], [8.0, 6.5, 0.0], [35.0, 6.5, 0.0]] 84
ACCEPTED [[0.0, 0.0, 0.0], [8.0, 0.0, 0.0], [8.0, 6.5, -3.0], [35.0, 6.5, -3.0]] 86
ACCEPTED [[0.0, 0.0, 0.0], [8.0, 0.0, 0.0], [8.0, 6.5, -4.0], [35.0, 6.5, -4.0]] 87
ACCEPTED [[0.0, 0.0, 0.0], [8.0, 0.0, 0.0], [8.0, 9.0, 0.0], [35.0, 9.0, 0.0]] 89
ACCEPTED [[0.0, 0.0, 0.0], [8.0, 0.0, 0.0], [8.0, 9.0, -3.0], [35.0, 9.0, -3.0]] 90
ACCEPTED [[0.0, 0.0, 0.0], [8.0, 0.0, 0.0], [8.0, 9.0, -4.0], [35.0, 9.0, -4.0]] 91
ACCEPTED [[0.0, 0.0, 0.0], [10.0, 0.0, 0.0], [10.0, 0.0, -3.0], [35.0, 0.0, -3.0]] 77
ACCEPTED [[0.0, 0.0, 0.0], [10.0, 0.0, 0.0], [10.0, 0.0, -4.0], [35.0, 0.0, -4.0]] 79
ACCEPTED [[0.0, 0.0, 0.0], [10.0, 0.0, 0.0], [10.0, 6.5, 0.0], [35.0, 6.5, 0.0]] 84
ACCEPTED [[0.0, 0.0, 0.0], [10.0, 0.0, 0.0], [10.0, 6.5, -3.0], [35.0, 6.5, -3.0]] 86
ACCEPTED [[0.0, 0.0, 0.0], [10.0, 0.0, 0.0], [10.0, 6.5, -4.0], [35.0, 6.5, -4.0]] 87
ACCEPTED [[0.0, 0.0, 0.0], [10.0, 0.0, 0.0], [10.0, 9.0, 0.0], [35.0, 9.0, 0.0]] 89
ACCEPTED [[0.0, 0.0, 0.0], [10.0, 0.0, 0.0], [10.0, 9.0, -3.0], [35.0, 9.0, -3.0]] 90
ACCEPTED [[0.0, 0.0, 0.0], [10.0, 0.0, 0.0], [10.0, 9.0, -4.0], [35.0, 9.0, -4.0]] 91
SERVO_INSTALLATION PASS 32 of 44
Blender 5.2.2 LTS (hash d13f752e3b9c built 2026-09-15 01:49:19)

Blender quit
