00:00.538  blend            | Read blend: "/Users/dean/Documents/MORI/mechanical/mori_v1_2.blend"
A8_CENTRAL_SOURCE_WIRE -60 1 hits 0 2.02
A8_CENTRAL_SOURCE_WIRE -60 2 hits 0 2.14
A8_CENTRAL_SOURCE_WIRE -60 3 hits 0 2.26
A8_CENTRAL_SOURCE_WIRE -60 4 hits 0 2.37
A8_CENTRAL_SOURCE_WIRE -50 1 hits 0 2.48
A8_CENTRAL_SOURCE_WIRE -50 2 hits 0 2.59
A8_CENTRAL_SOURCE_WIRE -50 3 hits 0 2.71
A8_CENTRAL_SOURCE_WIRE -50 4 hits 0 2.83
A8_CENTRAL_SOURCE_WIRE -40 1 hits 0 2.94
A8_CENTRAL_SOURCE_WIRE -40 2 hits 0 3.06
A8_CENTRAL_SOURCE_WIRE -40 3 hits 0 3.17
A8_CENTRAL_SOURCE_WIRE -40 4 hits 0 3.28
A8_CENTRAL_SOURCE_WIRE -30 1 hits 0 3.4
A8_CENTRAL_SOURCE_WIRE -30 2 hits 0 3.51
A8_CENTRAL_SOURCE_WIRE -30 3 hits 0 3.63
A8_CENTRAL_SOURCE_WIRE -30 4 hits 0 3.75
A8_CENTRAL_SOURCE_WIRE -20 1 hits 0 3.86
A8_CENTRAL_SOURCE_WIRE -20 2 hits 0 3.97
A8_CENTRAL_SOURCE_WIRE -20 3 hits 0 4.08
A8_CENTRAL_SOURCE_WIRE -20 4 hits 0 4.2
A8_CENTRAL_SOURCE_WIRE -10 1 hits 0 4.31
A8_CENTRAL_SOURCE_WIRE -10 2 hits 0 4.42
A8_CENTRAL_SOURCE_WIRE -10 3 hits 0 4.54
A8_CENTRAL_SOURCE_WIRE -10 4 hits 0 4.67
A8_CENTRAL_SOURCE_WIRE 0 1 hits 0 4.78
A8_CENTRAL_SOURCE_WIRE 0 2 hits 0 4.89
A8_CENTRAL_SOURCE_WIRE 0 3 hits 0 5.01
A8_CENTRAL_SOURCE_WIRE 0 4 hits 0 5.13
A8_CENTRAL_SOURCE_WIRE 10 1 hits 0 5.24
A8_CENTRAL_SOURCE_WIRE 10 2 hits 0 5.35
A8_CENTRAL_SOURCE_WIRE 10 3 hits 0 5.47
A8_CENTRAL_SOURCE_WIRE 10 4 hits 0 5.58
A8_CENTRAL_SOURCE_WIRE 20 1 hits 0 5.69
A8_CENTRAL_SOURCE_WIRE 20 2 hits 0 5.81
A8_CENTRAL_SOURCE_WIRE 20 3 hits 0 5.93
A8_CENTRAL_SOURCE_WIRE 20 4 hits 0 6.05
A8_CENTRAL_SOURCE_WIRE 30 1 hits 0 6.17
A8_CENTRAL_SOURCE_WIRE 30 2 hits 0 6.28
A8_CENTRAL_SOURCE_WIRE 30 3 hits 0 6.39
A8_CENTRAL_SOURCE_WIRE 30 4 hits 0 6.51
A8_CENTRAL_SOURCE_WIRE 40 1 hits 0 6.62
A8_CENTRAL_SOURCE_WIRE 40 2 hits 0 6.73
A8_CENTRAL_SOURCE_WIRE 40 3 hits 0 6.85
A8_CENTRAL_SOURCE_WIRE 40 4 hits 0 6.97
A8_CENTRAL_SOURCE_WIRE 50 1 hits 0 7.08
A8_CENTRAL_SOURCE_WIRE 50 2 hits 0 7.2
A8_CENTRAL_SOURCE_WIRE 50 3 hits 0 7.31
A8_CENTRAL_SOURCE_WIRE 50 4 hits 0 7.43
A8_CENTRAL_SOURCE_WIRE 60 1 hits 0 7.54
A8_CENTRAL_SOURCE_WIRE 60 2 hits 0 7.64
A8_CENTRAL_SOURCE_WIRE 60 3 hits 0 7.76
A8_CENTRAL_SOURCE_WIRE 60 4 hits 0 7.88
A8_CENTRAL_SOURCE_COMPLETE PASS 0 0 9.29
Blender 5.2.2 LTS (hash d13f752e3b9c built 2026-09-15 01:49:19)

Blender quit
