00:00.313  blend            | Read blend: "/Users/dean/Documents/MORI/mechanical/mori_v1_2.blend"
FEED_RELAX radial_and_height 0 [None, None, None, None] 0.91
FEED_RELAX radial_and_height 1 [None, None, None, None] 1.57
FEED_RELAX radial_and_height 2 [None, None, None, None] 2.23
FEED_RELAX radial_and_height 3 [None, None, None, None] 2.89
FEED_RELAX radial_and_height 4 [None, None, None, None] 3.56
FEED_RELAX radial_and_height 5 [None, None, None, None] 4.25
FEED_RELAX radial_and_height 6 [None, None, None, None] 4.92
FEED_RELAX radial_and_height 7 [None, None, None, None] 5.61
FEED_RELAX radial_and_height 8 [None, None, None, None] 6.34
FEED_RELAX radial_and_height 9 [None, None, None, None] 7.03
FEED_RELAX radial_and_height 10 [None, None, None, None] 7.76
FEED_RELAX introduce_slack 0 [None, None, None, None] 8.45
FEED_RELAX introduce_slack 1 [None, None, None, None] 9.18
FEED_RELAX introduce_slack 2 [None, None, None, None] 9.93
FEED_RELAX introduce_slack 3 [None, None, None, None] 10.68
FEED_RELAX introduce_slack 4 [None, None, None, None] 11.42
FEED_RELAX introduce_slack 5 [None, None, None, None] 12.16
FEED_RELAX introduce_slack 6 [None, None, None, None] 12.9
FEED_RELAX introduce_slack 7 [None, None, None, None] 13.64
FEED_RELAX introduce_slack 8 [None, None, None, None] 14.38
FEED_RELAX introduce_slack 9 [None, None, None, None] 15.12
FEED_RELAX introduce_slack 10 [None, None, None, None] 16.04
FEED_RELAX_COMPLETE PASS 5.100000000000023
Blender 5.2.2 LTS (hash d13f752e3b9c built 2026-09-15 01:49:19)

Blender quit
