00:00.444  blend            | Read blend: "/Users/dean/Documents/MORI/mechanical/mori_v1_2.blend"
UPPER_MOUTH_SOURCE {'main': {'clip_volume_mm3': 38.83327559024433, 'clipped_component_volumes_mm3': [38.83327559024433], 'whole_part_transformed_component_volumes_mm3': [54992.516224313855], 'whole_part_positive_volume_components': 1, 'numerical_near_zero_volume_components': 0, 'topology_authority': 'reloaded_verification.json checks the untransformed saved mesh; transformed kernel decomposition is diagnostic only'}, 'J1': {'clip_volume_mm3': 33.846931503013366, 'clipped_component_volumes_mm3': [33.846931503013366], 'whole_part_transformed_component_volumes_mm3': [54963.34188453613], 'whole_part_positive_volume_components': 1, 'numerical_near_zero_volume_components': 0, 'topology_authority': 'reloaded_verification.json checks the untransformed saved mesh; transformed kernel decomposition is diagnostic only'}, 'J2': {'clip_volume_mm3': 25.169459710974863, 'clipped_component_volumes_mm3': [25.169459710974863], 'whole_part_transformed_component_volumes_mm3': [54659.67801011042], 'whole_part_positive_volume_components': 1, 'numerical_near_zero_volume_components': 0, 'topology_authority': 'reloaded_verification.json checks the untransformed saved mesh; transformed kernel decomposition is diagnostic only'}, 'J3': {'clip_volume_mm3': 25.843523636098, 'clipped_component_volumes_mm3': [25.843523636098], 'whole_part_transformed_component_volumes_mm3': [54693.78078551294, 7.382983132782445e-15], 'whole_part_positive_volume_components': 1, 'numerical_near_zero_volume_components': 1, 'topology_authority': 'reloaded_verification.json checks the untransformed saved mesh; transformed kernel decomposition is diagnostic only'}}
main [(-1.5, []), (-1.0, []), (-0.75, []), (-0.5, []), (-0.25, []), (0.0, []), (0.25, []), (0.5, []), (0.75, []), (1.0, []), (1.5, [])]
J1 [(-1.5, []), (-1.0, []), (-0.75, [(1.1194, [[13.463155098259449, 188.825236864388], [14.363434545695782, 191.0]])]), (-0.5, [(0.36304, [[13.475436642765999, 189.65623212605715], [13.966335028409958, 191.0]])]), (-0.25, [(0.17537, [[13.487718179821968, 190.02401090413332], [13.821416527032852, 191.0]])]), (0.0, [(0.12323, [[13.499999724328518, 190.16645082086325], [13.777104176580906, 191.0]])]), (0.25, [(0.17537, [[13.487718179821968, 190.02401200681925], [13.821416027843952, 191.0]])]), (0.5, [(0.36304, [[13.475436642765999, 189.6562321409583], [13.966333761811256, 191.0]])]), (0.75, [(1.11939, [[13.463155098259449, 188.82524459064007], [14.363430492579937, 191.0]])]), (1.0, []), (1.5, [])]
J2 [(-1.5, []), (-1.0, []), (-0.75, [(1.92623, [[13.463154815137386, 185.44560569524765], [14.372932836413383, 188.7881483361125]]), (0.94709, [[13.463154718279839, 188.82560173422098], [14.065233007073402, 191.0]]), (8e-05, [[13.915006712079048, 188.7975032404065], [13.933725290000439, 188.81147778779268]])]), (-0.5, [(1.54712, [[13.475436240434647, 185.46059276163578], [14.363398484885693, 188.0850147008896]]), (0.36302, [[13.475436247885227, 189.65623545646667], [13.96633516997099, 191.0]])]), (-0.25, [(0.17536, [[13.487718023359776, 190.02401599287987], [13.821416407823563, 191.0]])]), (0.0, [(0.12319, [[13.499999724328518, 190.1664581298828], [13.777104176580906, 191.0]])]), (0.25, [(0.17537, [[13.487717650830746, 190.02400539070368], [13.821415938436985, 191.0]])]), (0.5, [(1.5471, [[13.47543627768755, 185.46059276163578], [14.363398484885693, 188.08501283079386]]), (0.36303, [[13.475436232984066, 189.65623274445534], [13.966333478689194, 191.0]])]), (0.75, [(1.92622, [[13.463154785335064, 185.44560569524765], [14.372932836413383, 188.7881483361125]]), (0.94718, [[13.463154718279839, 188.82561234384775], [14.065233007073402, 191.0]]), (8e-05, [[13.915009059011936, 188.79750327020884], [13.933724865317345, 188.81147577613592]])]), (1.0, []), (1.5, [])]
J3 [(-1.5, []), (-1.0, []), (-0.75, [(0.6878, [[13.463154703378677, 187.52533335238695], [14.838700145483017, 191.0]]), (1.1194, [[13.463154718279839, 188.82524194568396], [14.3634352684021, 191.0]])]), (-0.5, [(0.36304, [[13.475436247885227, 189.65623545646667], [13.96633516997099, 191.0]])]), (-0.25, [(0.17537, [[13.487718023359776, 190.02401599287987], [13.821416407823563, 191.0]])]), (0.0, [(0.12323, [[13.499999724328518, 190.1664581298828], [13.777104176580906, 191.0]])]), (0.25, [(0.17537, [[13.487717650830746, 190.02400539070368], [13.821415938436985, 191.0]])]), (0.5, [(0.36304, [[13.475436232984066, 189.65623274445534], [13.966333478689194, 191.0]])]), (0.75, [(0.68779, [[13.463154703378677, 187.52533335238695], [14.838700518012047, 191.0]]), (1.11939, [[13.463154718279839, 188.8252509534359], [14.36343139410019, 191.0]])]), (1.0, []), (1.5, [])]
Traceback (most recent call last):
  File "/Users/dean/Documents/MORI/mechanical/studies/prearrival_finish/harness_A8/inspect_coupled_feed_sections.py", line 5, in <module>
    exec(compile(SECTION_HELPER.read_text().split('\nports=json.loads',1)[0],str(SECTION_HELPER),'exec'),globals())
    ~~~~^^^^^^^^^^^^^^^^^^^^^^^^^^^^^^^^^^^^^^^^^^^^^^^^^^^^^^^^^^^^^^^^^^^^^^^^^^^^^^^^^^^^^^^^^^^^^^^^^^^^^^^^^^^
  File "/Users/dean/Documents/MORI/mechanical/studies/prearrival_finish/harness_A8/plan_h06_documented_mates.py", line 9, in <module>
    exec(compile(BASE.read_text().split('ports=json.loads')[0],str(BASE),'exec'),globals())
    ~~~~^^^^^^^^^^^^^^^^^^^^^^^^^^^^^^^^^^^^^^^^^^^^^^^^^^^^^^^^^^^^^^^^^^^^^^^^^^^^^^^^^^^
  File "/Users/dean/Documents/MORI/mechanical/studies/prearrival_finish/harness_A8/plan_h06_body_leads.py", line 11, in <module>
    exec(compile(HELPER.read_text().split('MARGIN =')[0], str(HELPER), 'exec'), globals())
    ~~~~^^^^^^^^^^^^^^^^^^^^^^^^^^^^^^^^^^^^^^^^^^^^^^^^^^^^^^^^^^^^^^^^^^^^^^^^^^^^^^^^^^
  File "/Users/dean/Documents/MORI/mechanical/studies/prearrival_finish/harness_A2/check_static.py", line 14, in <module>
    exec(compile(bootstrap, __file__, 'exec'), globals())
    ~~~~^^^^^^^^^^^^^^^^^^^^^^^^^^^^^^^^^^^^^^^^^^^^^^^^^
  File "/Users/dean/Documents/MORI/mechanical/studies/prearrival_finish/body_routes_current.py", line 15, in <module>
    p=plug['rear_J3'];cc=(p.lo+p.hi)/2;bb=hand['rear_J3']['nominal_screen']['plug_world_bounds_mm'];tt=(np.array(bb[:3])+bb[3:])/2
      ~~~~^^^^^^^^^^^
KeyError: 'rear_J3'

Error: script failed, file: 'mechanical/studies/prearrival_finish/harness_A8/inspect_coupled_feed_sections.py', exiting.
Blender 5.2.2 LTS (hash d13f752e3b9c built 2026-09-15 01:49:19)

Blender quit
