00:00.401  blend            | Read blend: "/Users/dean/Documents/MORI/mechanical/mori_v1_2.blend"
FEED_RELAX radial_and_height 0 [None, None, None, None] 1.01
FEED_RELAX radial_and_height 1 [None, None, None, None] 1.72
FEED_RELAX radial_and_height 2 [None, None, None, None] 2.42
FEED_RELAX radial_and_height 3 [None, None, None, None] 3.15
FEED_RELAX radial_and_height 4 [{'object': 'Pitch_Yoke', 'point_mm': [9.59146929271647, 9.591470909717447, 187.30600487516418], 'distance_mm': 0.6349623799324036, 'required_mm': 0.6362978182049391}, {'object': 'Pitch_Yoke', 'point_mm': [-9.591472526718425, 9.591467675715494, 187.30600487516418], 'distance_mm': 0.6349599361419678, 'required_mm': 0.6362978182049391}, {'object': 'Pitch_Yoke', 'point_mm': [-9.591472526718425, -9.591467675715494, 187.30600487516418], 'distance_mm': 0.6349586844444275, 'required_mm': 0.6362978182049391}, {'object': 'Pitch_Yoke', 'point_mm': [9.591465250214027, -9.591475760720378, 187.30600487516418], 'distance_mm': 0.6349549889564514, 'required_mm': 0.6362978182049391}] 3.74
FEED_RELAX radial_and_height 5 [{'object': 'Pitch_Yoke', 'point_mm': [9.47669822004666, 9.47669981769868, 187.3032641724151], 'distance_mm': 0.633069634437561, 'required_mm': 0.6362989526410575}, {'object': 'Pitch_Yoke', 'point_mm': [-9.4767014153507, 9.476696622394643, 187.3032641724151], 'distance_mm': 0.6330677270889282, 'required_mm': 0.6362989526410575}, {'object': 'Pitch_Yoke', 'point_mm': [-9.4767014153507, -9.476696622394643, 187.3032641724151], 'distance_mm': 0.6330664753913879, 'required_mm': 0.6362989526410575}, {'object': 'Pitch_Yoke', 'point_mm': [9.476694225916614, -9.476704610654737, 187.3032641724151], 'distance_mm': 0.6330627799034119, 'required_mm': 0.6362989526410575}] 4.34
FEED_RELAX radial_and_height 6 [{'object': 'Pitch_Yoke', 'point_mm': [9.398669847282202, 9.398671431779619, 187.36624172628018], 'distance_mm': 0.6330142021179199, 'required_mm': 0.6363000325697231}, {'object': 'Pitch_Yoke', 'point_mm': [-9.398673016277037, 9.398668262784783, 187.36624172628018], 'distance_mm': 0.6330117583274841, 'required_mm': 0.6363000325697231}, {'object': 'Pitch_Yoke', 'point_mm': [-9.398673016277037, -9.398668262784783, 187.36624172628018], 'distance_mm': 0.6330105066299438, 'required_mm': 0.6363000325697231}, {'object': 'Pitch_Yoke', 'point_mm': [9.398665886038657, -9.398676185271873, 187.36624172628018], 'distance_mm': 0.6330068707466125, 'required_mm': 0.6363000325697231}] 4.95
FEED_RELAX radial_and_height 7 [{'object': 'Pitch_Yoke', 'point_mm': [9.347480949813807, 9.347482525681421, 187.47548030181358], 'distance_mm': 0.6347662806510925, 'required_mm': 0.6363010618272557}, {'object': 'Pitch_Yoke', 'point_mm': [-9.347484101549034, 9.347479373946193, 187.47548030181358], 'distance_mm': 0.634765088558197, 'required_mm': 0.6363010618272557}, {'object': 'Pitch_Yoke', 'point_mm': [-9.347484101549034, -9.347479373946193, 187.47548030181358], 'distance_mm': 0.6347638368606567, 'required_mm': 0.6363010618272557}, {'object': 'Pitch_Yoke', 'point_mm': [9.347477010144772, -9.347487253284262, 187.47548030181358], 'distance_mm': 0.6347593069076538, 'required_mm': 0.6363010618272557}] 5.55
FEED_RELAX radial_and_height 8 [None, None, None, None] 6.3
FEED_RELAX radial_and_height 9 [None, None, None, None] 7.04
FEED_RELAX radial_and_height 10 [None, None, None, None] 7.79
FEED_RELAX introduce_slack 0 [None, None, None, None] 8.54
FEED_RELAX introduce_slack 1 [None, None, None, None] 9.29
FEED_RELAX introduce_slack 2 [None, None, None, None] 10.04
FEED_RELAX introduce_slack 3 [None, None, None, None] 10.79
FEED_RELAX introduce_slack 4 [None, None, None, None] 11.54
FEED_RELAX introduce_slack 5 [None, None, None, None] 12.27
FEED_RELAX introduce_slack 6 [None, None, None, None] 13.01
FEED_RELAX introduce_slack 7 [None, None, None, None] 13.75
FEED_RELAX introduce_slack 8 [None, None, None, None] 14.48
FEED_RELAX introduce_slack 9 [None, None, None, None] 15.22
FEED_RELAX introduce_slack 10 [None, None, None, None] 15.96
FEED_RELAX_COMPLETE BLOCKED 5.100000000000023
Blender 5.2.2 LTS (hash d13f752e3b9c built 2026-09-15 01:49:19)

Blender quit
