00:00.551  blend            | Read blend: "/Users/dean/Documents/MORI/mechanical/mori_v1_2.blend"
DIRECT_ANGLE 0 0.025 9.0 0.0 discarded 0 checks 5 sec 3.7
DIRECT_ANGLE 0 0.05 9.0 0.0 discarded 0 checks 9 sec 6.4
DIRECT_ANGLE 0 0.075 9.0 0.0 discarded 0 checks 13 sec 9.1
DIRECT_ANGLE 0 0.1 9.0 0.0 discarded 0 checks 17 sec 11.8
DIRECT_ANGLE 0 0.125 9.0 0.0 discarded 0 checks 21 sec 14.5
DIRECT_ANGLE 0 0.15 9.0 0.0 discarded 0 checks 25 sec 17.2
DIRECT_ANGLE 0 0.175 9.0 0.0 discarded 0 checks 29 sec 19.8
DIRECT_ANGLE 0 0.2 9.0 0.0 discarded 0 checks 33 sec 22.5
DIRECT_ANGLE 0 0.225 9.0 0.0 discarded 0 checks 37 sec 25.2
DIRECT_ANGLE 0 0.25 9.0 0.0 discarded 0 checks 41 sec 27.9
DIRECT_ANGLE 0 0.275 9.0 0.0 discarded 0 checks 45 sec 30.6
DIRECT_ANGLE 0 0.3 9.0 0.0 discarded 0 checks 49 sec 33.4
DIRECT_ANGLE 0 0.325 9.0 0.0 discarded 0 checks 53 sec 36.1
DIRECT_ANGLE 0 0.35 9.0 0.0 discarded 0 checks 57 sec 38.8
DIRECT_ANGLE 0 0.375 9.0 0.0 discarded 0 checks 61 sec 41.5
DIRECT_ANGLE 0 0.4 9.0 0.0 discarded 0 checks 65 sec 44.2
DIRECT_ANGLE 0 0.425 9.0 0.0 discarded 0 checks 69 sec 46.8
DIRECT_ANGLE 0 0.45 9.0 0.0 discarded 0 checks 73 sec 49.5
DIRECT_ANGLE 0 0.475 9.0 0.0 discarded 0 checks 77 sec 52.2
DIRECT_ANGLE 0 0.5 9.0 0.0 discarded 0 checks 81 sec 55.0
DIRECT_ANGLE 0 0.525 9.0 0.0 discarded 0 checks 85 sec 57.7
DIRECT_ANGLE 0 0.55 9.0 0.0 discarded 0 checks 89 sec 60.4
DIRECT_ANGLE 0 0.575 9.0 0.0 discarded 0 checks 93 sec 63.1
DIRECT_ANGLE 0 0.6 9.0 0.0 discarded 0 checks 97 sec 65.8
DIRECT_ANGLE 0 0.625 9.0 0.0 discarded 0 checks 101 sec 68.5
DIRECT_ANGLE 0 0.65 9.0 0.0 discarded 0 checks 105 sec 71.2
DIRECT_ANGLE 0 0.675 9.0 0.0 discarded 0 checks 109 sec 74.0
DIRECT_ANGLE 0 0.7 9.0 0.0 discarded 0 checks 113 sec 76.7
DIRECT_ANGLE 0 0.725 9.0 0.0 discarded 0 checks 117 sec 79.5
DIRECT_ANGLE 0 0.75 9.0 6.0 discarded 3 checks 124 sec 84.2
DIRECT_ANGLE 0 0.775 9.0 6.0 discarded 0 checks 128 sec 87.0
DIRECT_ANGLE 0 0.8 9.0 6.0 discarded 0 checks 132 sec 89.8
DIRECT_ANGLE 0 0.825 7.5 6.0 discarded 2 checks 138 sec 93.9
DIRECT_ANGLE 0 0.85 9.0 18.0 discarded 14 checks 160 sec 103.4
DIRECT_ANGLE 0 0.875 9.0 18.0 discarded 0 checks 164 sec 106.3
DIRECT_ANGLE 0 0.9 9.0 18.0 discarded 0 checks 168 sec 109.2
DIRECT_ANGLE 0 0.925 9.0 18.0 discarded 0 checks 172 sec 112.1
DIRECT_ANGLE 0 0.95 9.0 18.0 discarded 0 checks 176 sec 115.3
DIRECT_ANGLE 0 0.975 9.0 18.0 discarded 0 checks 180 sec 118.5
DIRECT_ANGLE_NO_EDGE {'stage': 0, 'fraction': 1.0, 'previous_fraction': 0.975, 'previous_controls': (9.0, 18.0), 'tested_candidates': 9}
DIRECT_ANGLE_DONE BLOCKED {'stage': 0, 'fraction': 1.0, 'previous_fraction': 0.975, 'previous_controls': (9.0, 18.0), 'tested_candidates': 9}
Blender 5.2.2 LTS (hash d13f752e3b9c built 2026-09-15 01:49:19)

Blender quit
