00:00.331  blend            | Read blend: "/Users/dean/Documents/MORI/mechanical/mori_v1_2.blend"
FAN_REPLAY 1 0 PASS
FAN_REPLAY 1 1 PASS
FAN_REPLAY 1 2 PASS
FAN_REPLAY 2 0 PASS
FAN_REPLAY 2 1 PASS
FAN_REPLAY 2 2 PASS
FAN_REPLAY 3 0 PASS
FAN_REPLAY 3 1 PASS
FAN_REPLAY 3 2 PASS
FAN_REPLAY 4 0 PASS
FAN_REPLAY 4 1 PASS
FAN_REPLAY 4 2 PASS
FAN_PAIR 1 2 failed 0
FAN_PAIR 1 3 failed 0
FAN_PAIR 1 4 failed 0
FAN_PAIR 2 3 failed 0
FAN_PAIR 2 4 failed 0
FAN_PAIR 3 4 failed 0
FOUR_WIRE_FAN_PACK PASS 81
Blender 5.2.2 LTS (hash d13f752e3b9c built 2026-09-15 01:49:19)

Blender quit
