00:00.294  blend            | Read blend: "/Users/dean/Documents/MORI/mechanical/mori_v1_2.blend"
{
  "source_blend_sha256": "bcaa5736a8cdf43441a6a83a6cb69606546cc01d2c0d28d98f4c09383e07368f",
  "body": {
    "port": "motion_J5",
    "source": {
      "file": "hardware/v1_2/kicad/MORI_motion_P5R7/MORI_motion_P5R7.kicad_pcb",
      "sha256": "0f7dfd337522c602ecb11e56dab266f54589b256585332075e2b57a84a82e24e"
    },
    "axis": [
      0.0,
      0.0,
      1.0
    ],
    "exit_face_mm": [
      18.5,
      -45.025001525878906,
      130.63999938964844
    ],
    "pins": {
      "1": [
        15.5,
        -45.025001525878906,
        130.63999938964844
      ],
      "2": [
        17.5,
        -45.025001525878906,
        130.63999938964844
      ],
      "3": [
        19.5,
        -45.025001525878906,
        130.63999938964844
      ],
      "4": [
        21.5,
        -45.025001525878906,
        130.63999938964844
      ]
    },
    "mating_housing_bounds_mm": [
      [
        13.600000381469727,
        -47.275001525878906,
        123.79000091552734
      ],
      [
        23.399999618530273,
        -42.775001525878906,
        130.63999938964844
      ]
    ],
    "datum_status": "Native pad numbers and pitch; actual crimped wire exit plane remains an allocation"
  },
  "head": {
    "port": "CAM J11 / UART_4P",
    "model_allocation": {
      "object": "CAM_Mainboard",
      "reference": "UART_4P",
      "group": "pitch",
      "bounds_mm": [
        [
          -13.300000190734863,
          -22.200000762939453,
          216.60000610351562
        ],
        [
          -6.900000095367432,
          -19.399999618530273,
          220.8000030517578
        ]
      ],
      "source_evidence": "PHOTO_ESTIMATED",
      "limitations": "No solder/tolerance/mating cable or purchased-revision qualification.",
      "source_vertex_count": 48
    },
    "actual_mating_view": "BLOCKED",
    "wire_exit_datums_mm": null
  },
  "nearby_parts": {
    "Yaw_Base": {
      "group": "body",
      "bounds_mm": [
        [
          -47.099998474121094,
          -35.79999923706055,
          98.5
        ],
        [
          47.099998474121094,
          35.79999923706055,
          163.8000030517578
        ]
      ]
    },
    "Load_Frame": {
      "group": "body",
      "bounds_mm": [
        [
          -52.0,
          -64.0,
          66.5
        ],
        [
          52.0,
          50.0,
          121.0
        ]
      ]
    },
    "Pitch_Cradle": {
      "group": "pitch",
      "bounds_mm": [
        [
          -51.0,
          -34.0,
          212.0
        ],
        [
          51.0,
          28.0,
          254.3000030517578
        ]
      ]
    },
    "Pitch_Yoke": {
      "group": "yaw",
      "bounds_mm": [
        [
          -48.48827362060547,
          -48.488243103027344,
          149.0
        ],
        [
          48.48821258544922,
          23.100000381469727,
          234.60000610351562
        ]
      ]
    },
    "Power_Module": {
      "group": "body",
      "bounds_mm": [
        [
          -40.0,
          -24.5,
          117.74
        ],
        [
          40.0,
          30.5,
          137.1
        ]
      ]
    },
    "CAM_Mainboard": {
      "group": "pitch",
      "bounds_mm": [
        [
          -18.5,
          -25.8,
          215.47
        ],
        [
          18.57,
          -19.0,
          253.5
        ]
      ]
    },
    "MCU_Motion": {
      "group": "body",
      "bounds_mm": [
        [
          -29.000000000000007,
          -60.61,
          125.13999993749272
        ],
        [
          12.629612181675121,
          -27.390000000000015,
          138.58143934
        ]
      ]
    }
  },
  "main_geometry_changed": false,
  "full_harness": "BLOCKED"
}
Blender 5.2.2 LTS (hash d13f752e3b9c built 2026-09-15 01:49:19)

Blender quit
