00:00.340  blend            | Read blend: "/Users/dean/Documents/MORI/mechanical/mori_v1_2.blend"
FEED_RELAX radial_and_height 0 [None, None, None, None] 1.14
FEED_RELAX radial_and_height 1 [None, None, None, None] 1.87
FEED_RELAX radial_and_height 2 [None, None, None, None] 2.63
FEED_RELAX radial_and_height 3 [None, None, None, None] 3.4
FEED_RELAX radial_and_height 4 [None, None, None, None] 4.19
FEED_RELAX radial_and_height 5 [None, None, None, None] 5.0
FEED_RELAX radial_and_height 6 [None, None, None, None] 5.76
FEED_RELAX radial_and_height 7 [None, None, None, None] 6.5
FEED_RELAX radial_and_height 8 [None, None, None, None] 7.25
FEED_RELAX radial_and_height 9 [None, None, None, None] 8.0
FEED_RELAX radial_and_height 10 [None, None, None, None] 8.76
FEED_RELAX introduce_slack 0 [None, None, None, None] 9.5
FEED_RELAX introduce_slack 1 [None, None, None, None] 10.26
FEED_RELAX introduce_slack 2 [None, None, None, None] 11.01
FEED_RELAX introduce_slack 3 [None, None, None, None] 11.8
FEED_RELAX introduce_slack 4 [None, None, None, None] 12.55
FEED_RELAX introduce_slack 5 [None, None, None, None] 13.28
FEED_RELAX introduce_slack 6 [None, None, None, None] 14.02
FEED_RELAX introduce_slack 7 [None, None, None, None] 14.75
FEED_RELAX introduce_slack 8 [None, None, None, None] 15.48
FEED_RELAX introduce_slack 9 [None, None, None, None] 16.2
FEED_RELAX introduce_slack 10 [None, None, None, None] 16.92
FEED_RELAX_COMPLETE PASS 5.100000000000023
Blender 5.2.2 LTS (hash d13f752e3b9c built 2026-09-15 01:49:19)

Blender quit
