00:00.450  blend            | Read blend: "/Users/dean/Documents/MORI/mechanical/mori_v1_2.blend"
OUTER_FIRST_CONTACTS 0 0.0 PASS BLOCKED
OUTER_FIRST_CONTACTS 0 0.025 PASS BLOCKED
OUTER_FIRST_CONTACTS 0 0.05 PASS BLOCKED
OUTER_FIRST_CONTACTS 0 0.075 PASS BLOCKED
OUTER_FIRST_CONTACTS 0 0.1 PASS BLOCKED
OUTER_FIRST_CONTACTS 0 0.125 PASS BLOCKED
OUTER_FIRST_CONTACTS 0 0.15 PASS BLOCKED
OUTER_FIRST_CONTACTS 0 0.175 PASS BLOCKED
OUTER_FIRST_CONTACTS 0 0.2 PASS BLOCKED
OUTER_FIRST_CONTACTS 0 0.225 PASS BLOCKED
OUTER_FIRST_CONTACTS 0 0.25 PASS BLOCKED
OUTER_FIRST_CONTACTS 0 0.275 PASS BLOCKED
OUTER_FIRST_CONTACTS 0 0.3 PASS BLOCKED
OUTER_FIRST_CONTACTS 0 0.325 PASS BLOCKED
OUTER_FIRST_CONTACTS 0 0.35 PASS BLOCKED
OUTER_FIRST_CONTACTS 0 0.375 PASS BLOCKED
OUTER_FIRST_CONTACTS 0 0.4 PASS BLOCKED
OUTER_FIRST_CONTACTS 0 0.425 PASS BLOCKED
OUTER_FIRST_CONTACTS 0 0.45 PASS BLOCKED
OUTER_FIRST_CONTACTS 0 0.475 PASS BLOCKED
OUTER_FIRST_CONTACTS 0 0.5 PASS BLOCKED
OUTER_FIRST_CONTACTS 0 0.525 PASS BLOCKED
OUTER_FIRST_CONTACTS 0 0.55 PASS BLOCKED
OUTER_FIRST_CONTACTS 0 0.575 PASS BLOCKED
OUTER_FIRST_CONTACTS 0 0.6 PASS BLOCKED
OUTER_FIRST_CONTACTS 0 0.625 PASS BLOCKED
OUTER_FIRST_CONTACTS 0 0.65 PASS BLOCKED
OUTER_FIRST_CONTACTS 0 0.675 PASS BLOCKED
OUTER_FIRST_CONTACTS 0 0.7 PASS BLOCKED
OUTER_FIRST_CONTACTS 0 0.725 PASS BLOCKED
OUTER_FIRST_CONTACTS 0 0.75 PASS BLOCKED
OUTER_FIRST_CONTACTS 0 0.775 PASS BLOCKED
OUTER_FIRST_CONTACTS 0 0.8 PASS BLOCKED
OUTER_FIRST_CONTACTS 0 0.825 PASS BLOCKED
OUTER_FIRST_CONTACTS 0 0.85 PASS BLOCKED
OUTER_FIRST_CONTACTS 0 0.875 PASS BLOCKED
OUTER_FIRST_CONTACTS 0 0.9 PASS BLOCKED
OUTER_FIRST_CONTACTS 0 0.925 PASS BLOCKED
OUTER_FIRST_CONTACTS 0 0.95 PASS BLOCKED
OUTER_FIRST_CONTACTS 0 0.975 PASS BLOCKED
OUTER_FIRST_CONTACTS 0 1.0 PASS BLOCKED
OUTER_FIRST_CONTACTS 1 0.0 PASS BLOCKED
OUTER_FIRST_CONTACTS 1 0.025 PASS BLOCKED
OUTER_FIRST_CONTACTS 1 0.05 PASS BLOCKED
OUTER_FIRST_CONTACTS 1 0.075 PASS BLOCKED
OUTER_FIRST_CONTACTS 1 0.1 PASS BLOCKED
OUTER_FIRST_CONTACTS 1 0.125 PASS BLOCKED
OUTER_FIRST_CONTACTS 1 0.15 PASS BLOCKED
OUTER_FIRST_CONTACTS 1 0.175 PASS BLOCKED
OUTER_FIRST_CONTACTS 1 0.2 PASS BLOCKED
OUTER_FIRST_CONTACTS 1 0.225 PASS BLOCKED
OUTER_FIRST_CONTACTS 1 0.25 PASS BLOCKED
OUTER_FIRST_CONTACTS 1 0.275 PASS BLOCKED
OUTER_FIRST_CONTACTS 1 0.3 PASS BLOCKED
OUTER_FIRST_CONTACTS 1 0.325 PASS BLOCKED
OUTER_FIRST_CONTACTS 1 0.35 PASS BLOCKED
OUTER_FIRST_CONTACTS 1 0.375 PASS BLOCKED
OUTER_FIRST_CONTACTS 1 0.4 PASS BLOCKED
OUTER_FIRST_CONTACTS 1 0.425 PASS BLOCKED
OUTER_FIRST_CONTACTS 1 0.45 PASS BLOCKED
OUTER_FIRST_CONTACTS 1 0.475 PASS BLOCKED
OUTER_FIRST_CONTACTS 1 0.5 PASS BLOCKED
OUTER_FIRST_CONTACTS 1 0.525 PASS BLOCKED
OUTER_FIRST_CONTACTS 1 0.55 PASS BLOCKED
OUTER_FIRST_CONTACTS 1 0.575 PASS BLOCKED
OUTER_FIRST_CONTACTS 1 0.6 PASS BLOCKED
OUTER_FIRST_CONTACTS 1 0.625 PASS BLOCKED
OUTER_FIRST_CONTACTS 1 0.65 PASS BLOCKED
OUTER_FIRST_CONTACTS 1 0.675 PASS BLOCKED
OUTER_FIRST_CONTACTS 1 0.7 PASS BLOCKED
OUTER_FIRST_CONTACTS 1 0.725 PASS BLOCKED
OUTER_FIRST_CONTACTS 1 0.75 PASS BLOCKED
OUTER_FIRST_CONTACTS 1 0.775 PASS BLOCKED
OUTER_FIRST_CONTACTS 1 0.8 PASS BLOCKED
OUTER_FIRST_CONTACTS 1 0.825 PASS BLOCKED
OUTER_FIRST_CONTACTS 1 0.85 PASS BLOCKED
OUTER_FIRST_CONTACTS 1 0.875 PASS BLOCKED
OUTER_FIRST_CONTACTS 1 0.9 PASS BLOCKED
OUTER_FIRST_CONTACTS 1 0.925 PASS BLOCKED
OUTER_FIRST_CONTACTS 1 0.95 PASS BLOCKED
OUTER_FIRST_CONTACTS 1 0.975 PASS BLOCKED
OUTER_FIRST_CONTACTS 1 1.0 PASS BLOCKED
OUTER_FIRST_CONTACTS 2 0.0 PASS BLOCKED
OUTER_FIRST_CONTACTS 2 0.025 PASS BLOCKED
OUTER_FIRST_CONTACTS 2 0.05 PASS BLOCKED
OUTER_FIRST_CONTACTS 2 0.075 PASS BLOCKED
OUTER_FIRST_CONTACTS 2 0.1 PASS BLOCKED
OUTER_FIRST_CONTACTS 2 0.125 PASS BLOCKED
OUTER_FIRST_CONTACTS 2 0.15 PASS BLOCKED
OUTER_FIRST_CONTACTS 2 0.175 PASS BLOCKED
OUTER_FIRST_CONTACTS 2 0.2 PASS BLOCKED
OUTER_FIRST_CONTACTS 2 0.225 PASS BLOCKED
OUTER_FIRST_CONTACTS 2 0.25 PASS BLOCKED
OUTER_FIRST_CONTACTS 2 0.275 PASS BLOCKED
OUTER_FIRST_CONTACTS 2 0.3 PASS BLOCKED
OUTER_FIRST_CONTACTS 2 0.325 PASS BLOCKED
OUTER_FIRST_CONTACTS 2 0.35 PASS BLOCKED
OUTER_FIRST_CONTACTS 2 0.375 PASS BLOCKED
OUTER_FIRST_CONTACTS 2 0.4 PASS BLOCKED
OUTER_FIRST_CONTACTS 2 0.425 PASS BLOCKED
OUTER_FIRST_CONTACTS 2 0.45 PASS BLOCKED
OUTER_FIRST_CONTACTS 2 0.475 PASS BLOCKED
OUTER_FIRST_CONTACTS 2 0.5 PASS BLOCKED
OUTER_FIRST_CONTACTS 2 0.525 PASS BLOCKED
OUTER_FIRST_CONTACTS 2 0.55 PASS BLOCKED
OUTER_FIRST_CONTACTS 2 0.575 PASS BLOCKED
OUTER_FIRST_CONTACTS 2 0.6 PASS BLOCKED
OUTER_FIRST_CONTACTS 2 0.625 PASS BLOCKED
OUTER_FIRST_CONTACTS 2 0.65 PASS BLOCKED
OUTER_FIRST_CONTACTS 2 0.675 PASS BLOCKED
OUTER_FIRST_CONTACTS 2 0.7 PASS BLOCKED
OUTER_FIRST_CONTACTS 2 0.725 PASS BLOCKED
OUTER_FIRST_CONTACTS 2 0.75 PASS BLOCKED
OUTER_FIRST_CONTACTS 2 0.775 PASS BLOCKED
OUTER_FIRST_CONTACTS 2 0.8 PASS BLOCKED
OUTER_FIRST_CONTACTS 2 0.825 PASS BLOCKED
OUTER_FIRST_CONTACTS 2 0.85 PASS BLOCKED
OUTER_FIRST_CONTACTS 2 0.875 PASS BLOCKED
OUTER_FIRST_CONTACTS 2 0.9 PASS BLOCKED
OUTER_FIRST_CONTACTS 2 0.925 PASS BLOCKED
OUTER_FIRST_CONTACTS 2 0.95 PASS BLOCKED
OUTER_FIRST_CONTACTS 2 0.975 PASS BLOCKED
OUTER_FIRST_CONTACTS 2 1.0 PASS BLOCKED
OUTER_FIRST_CONTACTS 3 0.0 PASS BLOCKED
OUTER_FIRST_CONTACTS 3 0.025 PASS BLOCKED
OUTER_FIRST_CONTACTS 3 0.05 PASS BLOCKED
OUTER_FIRST_CONTACTS 3 0.075 PASS BLOCKED
OUTER_FIRST_CONTACTS 3 0.1 PASS BLOCKED
OUTER_FIRST_CONTACTS 3 0.125 PASS BLOCKED
OUTER_FIRST_CONTACTS 3 0.15 PASS BLOCKED
OUTER_FIRST_CONTACTS 3 0.175 PASS BLOCKED
OUTER_FIRST_CONTACTS 3 0.2 PASS BLOCKED
OUTER_FIRST_CONTACTS 3 0.225 PASS BLOCKED
OUTER_FIRST_CONTACTS 3 0.25 PASS BLOCKED
OUTER_FIRST_CONTACTS 3 0.275 PASS BLOCKED
OUTER_FIRST_CONTACTS 3 0.3 PASS BLOCKED
OUTER_FIRST_CONTACTS 3 0.325 PASS BLOCKED
OUTER_FIRST_CONTACTS 3 0.35 PASS BLOCKED
OUTER_FIRST_CONTACTS 3 0.375 PASS BLOCKED
OUTER_FIRST_CONTACTS 3 0.4 PASS BLOCKED
OUTER_FIRST_CONTACTS 3 0.425 PASS BLOCKED
OUTER_FIRST_CONTACTS 3 0.45 PASS BLOCKED
OUTER_FIRST_CONTACTS 3 0.475 PASS BLOCKED
OUTER_FIRST_CONTACTS 3 0.5 PASS BLOCKED
OUTER_FIRST_CONTACTS 3 0.525 PASS BLOCKED
OUTER_FIRST_CONTACTS 3 0.55 PASS BLOCKED
OUTER_FIRST_CONTACTS 3 0.575 PASS BLOCKED
OUTER_FIRST_CONTACTS 3 0.6 PASS BLOCKED
OUTER_FIRST_CONTACTS 3 0.625 PASS BLOCKED
OUTER_FIRST_CONTACTS 3 0.65 PASS BLOCKED
OUTER_FIRST_CONTACTS 3 0.675 PASS BLOCKED
OUTER_FIRST_CONTACTS 3 0.7 PASS BLOCKED
OUTER_FIRST_CONTACTS 3 0.725 PASS BLOCKED
OUTER_FIRST_CONTACTS 3 0.75 PASS BLOCKED
OUTER_FIRST_CONTACTS 3 0.775 PASS BLOCKED
OUTER_FIRST_CONTACTS 3 0.8 PASS BLOCKED
OUTER_FIRST_CONTACTS 3 0.825 BLOCKED BLOCKED
OUTER_FIRST_CONTACTS 3 0.85 PASS BLOCKED
OUTER_FIRST_CONTACTS 3 0.875 PASS BLOCKED
OUTER_FIRST_CONTACTS 3 0.9 PASS BLOCKED
OUTER_FIRST_CONTACTS 3 0.925 PASS BLOCKED
OUTER_FIRST_CONTACTS 3 0.95 PASS BLOCKED
OUTER_FIRST_CONTACTS 3 0.975 PASS BLOCKED
OUTER_FIRST_CONTACTS 3 1.0 PASS BLOCKED
OUTER_FIRST_CONTACTS_DONE BLOCKED BLOCKED 164
Blender 5.2.2 LTS (hash d13f752e3b9c built 2026-09-15 01:49:19)

Blender quit
