00:00.380  blend            | Read blend: "/Users/dean/Documents/MORI/mechanical/mori_v1_2.blend"
REVERSE_ANGLE 0 0.975 9.0 0.0 discarded 0 checks 5 sec 3.8
REVERSE_ANGLE 0 0.95 9.0 0.0 discarded 0 checks 9 sec 6.7
REVERSE_ANGLE 0 0.925 9.0 0.0 discarded 0 checks 13 sec 9.7
REVERSE_ANGLE 0 0.9 9.0 0.0 discarded 0 checks 17 sec 12.8
REVERSE_ANGLE 0 0.875 9.0 0.0 discarded 0 checks 21 sec 15.7
REVERSE_ANGLE 0 0.85 9.0 0.0 discarded 0 checks 25 sec 18.7
REVERSE_ANGLE 0 0.825 9.0 0.0 discarded 0 checks 29 sec 21.6
REVERSE_ANGLE 0 0.8 9.0 0.0 discarded 0 checks 33 sec 24.4
REVERSE_ANGLE 0 0.775 9.0 0.0 discarded 0 checks 37 sec 27.2
REVERSE_ANGLE 0 0.75 9.0 0.0 discarded 0 checks 41 sec 29.9
REVERSE_ANGLE 0 0.725 9.0 0.0 discarded 0 checks 45 sec 32.7
REVERSE_ANGLE 0 0.7 9.0 0.0 discarded 0 checks 49 sec 35.6
REVERSE_ANGLE 0 0.675 9.0 0.0 discarded 0 checks 53 sec 38.5
REVERSE_ANGLE 0 0.65 9.0 0.0 discarded 0 checks 57 sec 41.4
REVERSE_ANGLE 0 0.625 9.0 0.0 discarded 0 checks 61 sec 44.3
REVERSE_ANGLE 0 0.6 9.0 0.0 discarded 0 checks 65 sec 47.2
REVERSE_ANGLE 0 0.575 9.0 0.0 discarded 0 checks 69 sec 50.2
REVERSE_ANGLE 0 0.55 9.0 0.0 discarded 0 checks 73 sec 53.1
REVERSE_ANGLE 0 0.525 9.0 0.0 discarded 0 checks 77 sec 56.1
REVERSE_ANGLE 0 0.5 9.0 0.0 discarded 0 checks 81 sec 58.8
REVERSE_ANGLE 0 0.475 9.0 0.0 discarded 0 checks 85 sec 61.5
REVERSE_ANGLE 0 0.45 9.0 0.0 discarded 0 checks 89 sec 64.2
REVERSE_ANGLE 0 0.425 9.0 0.0 discarded 0 checks 93 sec 66.9
REVERSE_ANGLE 0 0.4 9.0 0.0 discarded 0 checks 97 sec 69.7
REVERSE_ANGLE 0 0.375 9.0 0.0 discarded 0 checks 101 sec 72.5
REVERSE_ANGLE 0 0.35 9.0 0.0 discarded 0 checks 105 sec 75.2
REVERSE_ANGLE 0 0.325 9.0 0.0 discarded 0 checks 109 sec 78.0
REVERSE_ANGLE 0 0.3 9.0 0.0 discarded 0 checks 113 sec 80.7
REVERSE_ANGLE 0 0.275 9.0 0.0 discarded 0 checks 117 sec 83.4
REVERSE_ANGLE 0 0.25 9.0 0.0 discarded 0 checks 121 sec 86.1
REVERSE_ANGLE 0 0.225 9.0 0.0 discarded 0 checks 125 sec 88.8
REVERSE_ANGLE 0 0.2 9.0 0.0 discarded 0 checks 129 sec 91.5
REVERSE_ANGLE 0 0.175 9.0 0.0 discarded 0 checks 133 sec 94.1
REVERSE_ANGLE 0 0.15 9.0 0.0 discarded 0 checks 137 sec 96.7
REVERSE_ANGLE 0 0.125 9.0 0.0 discarded 0 checks 141 sec 99.3
REVERSE_ANGLE 0 0.1 9.0 0.0 discarded 0 checks 145 sec 102.0
REVERSE_ANGLE 0 0.075 9.0 0.0 discarded 0 checks 149 sec 104.6
REVERSE_ANGLE 0 0.05 9.0 0.0 discarded 0 checks 153 sec 107.2
REVERSE_ANGLE 0 0.025 9.0 0.0 discarded 0 checks 157 sec 109.8
REVERSE_ANGLE 0 0.0 9.0 0.0 discarded 0 checks 161 sec 112.7
REVERSE_ANGLE 1 0.975 9.0 0.0 discarded 0 checks 166 sec 116.5
REVERSE_ANGLE 1 0.95 9.0 0.0 discarded 0 checks 170 sec 119.5
REVERSE_ANGLE 1 0.925 9.0 0.0 discarded 0 checks 174 sec 122.5
REVERSE_ANGLE 1 0.9 9.0 0.0 discarded 0 checks 178 sec 125.5
REVERSE_ANGLE 1 0.875 9.0 0.0 discarded 0 checks 182 sec 128.5
REVERSE_ANGLE 1 0.85 9.0 0.0 discarded 0 checks 186 sec 131.5
REVERSE_ANGLE 1 0.825 9.0 0.0 discarded 0 checks 190 sec 134.3
REVERSE_ANGLE 1 0.8 9.0 0.0 discarded 0 checks 194 sec 137.1
REVERSE_ANGLE 1 0.775 9.0 0.0 discarded 0 checks 198 sec 139.9
REVERSE_ANGLE 1 0.75 9.0 0.0 discarded 0 checks 202 sec 142.7
REVERSE_ANGLE 1 0.725 9.0 0.0 discarded 0 checks 206 sec 145.5
REVERSE_ANGLE 1 0.7 9.0 0.0 discarded 0 checks 210 sec 148.2
REVERSE_ANGLE 1 0.675 9.0 0.0 discarded 0 checks 214 sec 151.0
REVERSE_ANGLE 1 0.65 9.0 0.0 discarded 0 checks 218 sec 153.7
REVERSE_ANGLE 1 0.625 9.0 0.0 discarded 0 checks 222 sec 156.5
REVERSE_ANGLE 1 0.6 9.0 0.0 discarded 0 checks 226 sec 159.2
REVERSE_ANGLE 1 0.575 9.0 0.0 discarded 0 checks 230 sec 161.9
REVERSE_ANGLE 1 0.55 9.0 0.0 discarded 0 checks 234 sec 164.6
REVERSE_ANGLE 1 0.525 9.0 0.0 discarded 0 checks 238 sec 167.2
REVERSE_ANGLE 1 0.5 9.0 0.0 discarded 0 checks 242 sec 169.9
REVERSE_ANGLE 1 0.475 9.0 0.0 discarded 0 checks 246 sec 172.7
REVERSE_ANGLE 1 0.45 9.0 0.0 discarded 0 checks 250 sec 175.3
REVERSE_ANGLE 1 0.425 9.0 0.0 discarded 0 checks 254 sec 178.0
REVERSE_ANGLE 1 0.4 9.0 0.0 discarded 0 checks 258 sec 180.6
REVERSE_ANGLE 1 0.375 9.0 0.0 discarded 0 checks 262 sec 183.4
REVERSE_ANGLE 1 0.35 9.0 0.0 discarded 0 checks 266 sec 186.0
REVERSE_ANGLE 1 0.325 9.0 0.0 discarded 0 checks 270 sec 188.7
REVERSE_ANGLE 1 0.3 9.0 0.0 discarded 0 checks 274 sec 191.5
REVERSE_ANGLE 1 0.275 9.0 0.0 discarded 0 checks 278 sec 194.1
REVERSE_ANGLE 1 0.25 9.0 0.0 discarded 0 checks 282 sec 196.8
REVERSE_ANGLE 1 0.225 9.0 0.0 discarded 0 checks 286 sec 199.5
REVERSE_ANGLE 1 0.2 9.0 0.0 discarded 0 checks 290 sec 202.1
REVERSE_ANGLE 1 0.175 9.0 0.0 discarded 0 checks 294 sec 204.8
REVERSE_ANGLE 1 0.15 9.0 0.0 discarded 0 checks 298 sec 207.4
REVERSE_ANGLE 1 0.125 9.0 0.0 discarded 0 checks 302 sec 210.0
REVERSE_ANGLE 1 0.1 9.0 0.0 discarded 0 checks 306 sec 212.7
REVERSE_ANGLE 1 0.075 9.0 0.0 discarded 0 checks 310 sec 215.3
REVERSE_ANGLE 1 0.05 9.0 0.0 discarded 0 checks 314 sec 217.9
REVERSE_ANGLE 1 0.025 9.0 0.0 discarded 0 checks 318 sec 220.6
REVERSE_ANGLE 1 0.0 9.0 0.0 discarded 0 checks 322 sec 223.3
REVERSE_ANGLE 2 0.975 9.0 0.0 discarded 0 checks 327 sec 227.3
REVERSE_ANGLE 2 0.95 9.0 0.0 discarded 0 checks 331 sec 230.5
REVERSE_ANGLE 2 0.925 9.0 0.0 discarded 0 checks 335 sec 233.6
REVERSE_ANGLE 2 0.9 9.0 0.0 discarded 0 checks 339 sec 236.6
REVERSE_ANGLE 2 0.875 9.0 0.0 discarded 0 checks 343 sec 239.7
REVERSE_ANGLE 2 0.85 9.0 0.0 discarded 0 checks 347 sec 242.6
REVERSE_ANGLE 2 0.825 9.0 0.0 discarded 0 checks 351 sec 245.4
REVERSE_ANGLE 2 0.8 9.0 -3.0 discarded 1 checks 356 sec 248.9
REVERSE_ANGLE 2 0.775 9.0 -6.0 discarded 2 checks 364 sec 254.4
REVERSE_ANGLE 2 0.75 9.0 -6.0 discarded 0 checks 368 sec 257.2
REVERSE_ANGLE 2 0.725 9.0 -6.0 discarded 0 checks 372 sec 260.0
REVERSE_ANGLE 2 0.7 9.0 -6.0 discarded 0 checks 376 sec 262.7
REVERSE_ANGLE 2 0.675 9.0 -6.0 discarded 0 checks 380 sec 265.4
REVERSE_ANGLE 2 0.65 9.0 -6.0 discarded 0 checks 384 sec 268.1
REVERSE_ANGLE 2 0.625 9.0 -6.0 discarded 0 checks 388 sec 270.8
REVERSE_ANGLE 2 0.6 9.0 -6.0 discarded 0 checks 392 sec 273.5
REVERSE_ANGLE 2 0.575 9.0 -6.0 discarded 0 checks 396 sec 276.1
REVERSE_ANGLE 2 0.55 9.0 -6.0 discarded 0 checks 400 sec 278.8
REVERSE_ANGLE 2 0.525 9.0 -6.0 discarded 0 checks 404 sec 281.5
REVERSE_ANGLE 2 0.5 9.0 -6.0 discarded 0 checks 408 sec 284.2
REVERSE_ANGLE 2 0.475 9.0 -6.0 discarded 0 checks 412 sec 286.9
REVERSE_ANGLE 2 0.45 9.0 -6.0 discarded 0 checks 416 sec 289.6
REVERSE_ANGLE 2 0.425 9.0 -6.0 discarded 0 checks 420 sec 292.3
REVERSE_ANGLE 2 0.4 9.0 -6.0 discarded 0 checks 424 sec 294.9
REVERSE_ANGLE 2 0.375 9.0 -6.0 discarded 0 checks 428 sec 297.6
REVERSE_ANGLE 2 0.35 9.0 -6.0 discarded 0 checks 432 sec 300.3
REVERSE_ANGLE 2 0.325 9.0 -6.0 discarded 0 checks 436 sec 302.9
REVERSE_ANGLE 2 0.3 9.0 -6.0 discarded 0 checks 440 sec 305.6
REVERSE_ANGLE 2 0.275 9.0 -6.0 discarded 0 checks 444 sec 308.3
REVERSE_ANGLE 2 0.25 9.0 -6.0 discarded 0 checks 448 sec 311.0
REVERSE_ANGLE 2 0.225 9.0 -6.0 discarded 0 checks 452 sec 313.7
REVERSE_ANGLE 2 0.2 9.0 -6.0 discarded 0 checks 456 sec 316.4
REVERSE_ANGLE 2 0.175 9.0 -6.0 discarded 0 checks 460 sec 319.1
REVERSE_ANGLE 2 0.15 9.0 -6.0 discarded 0 checks 464 sec 321.7
REVERSE_ANGLE 2 0.125 9.0 -6.0 discarded 0 checks 468 sec 324.3
REVERSE_ANGLE 2 0.1 9.0 -6.0 discarded 0 checks 472 sec 327.0
REVERSE_ANGLE 2 0.075 9.0 -6.0 discarded 0 checks 476 sec 329.6
REVERSE_ANGLE 2 0.05 9.0 -6.0 discarded 0 checks 480 sec 332.2
REVERSE_ANGLE 2 0.025 9.0 -6.0 discarded 0 checks 484 sec 334.8
REVERSE_ANGLE 2 0.0 9.0 0.0 discarded 0 checks 488 sec 337.5
REVERSE_ANGLE 3 0.975 9.0 0.0 discarded 0 checks 493 sec 341.7
REVERSE_ANGLE 3 0.95 9.0 0.0 discarded 0 checks 497 sec 344.9
REVERSE_ANGLE 3 0.925 9.0 0.0 discarded 0 checks 501 sec 348.1
REVERSE_ANGLE 3 0.9 9.0 0.0 discarded 0 checks 505 sec 351.2
REVERSE_ANGLE 3 0.875 9.0 0.0 discarded 0 checks 509 sec 354.2
REVERSE_ANGLE 3 0.85 9.0 0.0 discarded 0 checks 513 sec 357.2
REVERSE_ANGLE 3 0.825 7.5 48.0 discarded 172 checks 716 sec 399.1
REVERSE_ANGLE 3 0.8 7.5 48.0 discarded 0 checks 720 sec 401.9
REVERSE_ANGLE 3 0.775 7.5 48.0 discarded 0 checks 724 sec 404.6
REVERSE_ANGLE 3 0.75 7.5 48.0 discarded 0 checks 728 sec 407.4
REVERSE_ANGLE 3 0.725 7.5 48.0 discarded 0 checks 732 sec 410.1
REVERSE_ANGLE 3 0.7 7.5 48.0 discarded 0 checks 736 sec 412.9
REVERSE_ANGLE 3 0.675 7.5 48.0 discarded 0 checks 740 sec 415.7
REVERSE_ANGLE 3 0.65 7.5 36.0 discarded 3 checks 747 sec 418.7
REVERSE_ANGLE 3 0.625 7.5 36.0 discarded 0 checks 751 sec 421.5
REVERSE_ANGLE 3 0.6 7.5 36.0 discarded 0 checks 755 sec 424.2
REVERSE_ANGLE 3 0.575 7.5 36.0 discarded 0 checks 759 sec 426.9
REVERSE_ANGLE 3 0.55 7.5 36.0 discarded 0 checks 763 sec 429.6
REVERSE_ANGLE 3 0.525 7.5 36.0 discarded 0 checks 767 sec 432.3
REVERSE_ANGLE 3 0.5 7.5 36.0 discarded 0 checks 771 sec 435.0
REVERSE_ANGLE 3 0.475 7.5 36.0 discarded 0 checks 775 sec 437.9
REVERSE_ANGLE 3 0.45 7.5 36.0 discarded 0 checks 779 sec 440.6
REVERSE_ANGLE 3 0.425 7.5 36.0 discarded 0 checks 783 sec 443.2
REVERSE_ANGLE 3 0.4 7.5 36.0 discarded 0 checks 787 sec 446.0
REVERSE_ANGLE 3 0.375 7.5 36.0 discarded 0 checks 791 sec 448.7
REVERSE_ANGLE 3 0.35 7.5 36.0 discarded 0 checks 795 sec 451.4
REVERSE_ANGLE 3 0.325 7.5 36.0 discarded 0 checks 799 sec 454.1
REVERSE_ANGLE 3 0.3 7.5 36.0 discarded 0 checks 803 sec 456.8
REVERSE_ANGLE 3 0.275 7.5 36.0 discarded 0 checks 807 sec 459.6
REVERSE_ANGLE 3 0.25 7.5 36.0 discarded 0 checks 811 sec 462.3
REVERSE_ANGLE 3 0.225 7.5 36.0 discarded 0 checks 815 sec 465.0
REVERSE_ANGLE 3 0.2 7.5 36.0 discarded 0 checks 819 sec 467.8
REVERSE_ANGLE 3 0.175 7.5 36.0 discarded 0 checks 823 sec 470.5
REVERSE_ANGLE 3 0.15 7.5 36.0 discarded 0 checks 827 sec 473.2
REVERSE_ANGLE 3 0.125 7.5 36.0 discarded 0 checks 831 sec 475.9
REVERSE_ANGLE 3 0.1 7.5 36.0 discarded 0 checks 835 sec 478.7
REVERSE_ANGLE 3 0.075 7.5 36.0 discarded 0 checks 839 sec 481.4
REVERSE_ANGLE 3 0.05 7.5 36.0 discarded 0 checks 843 sec 484.1
REVERSE_ANGLE 3 0.025 7.5 36.0 discarded 0 checks 847 sec 486.9
REVERSE_ANGLE 3 0.0 9.0 0.0 discarded 0 checks 851 sec 489.7
REVERSE_ANGLE_DONE PASS None
Blender 5.2.2 LTS (hash d13f752e3b9c built 2026-09-15 01:49:19)

Blender quit
