00:00.306  blend            | Read blend: "/Users/dean/Documents/MORI/mechanical/mori_v1_2.blend"
PARALLEL_PITCH_PROGRESS 1000 {'tried': 1001, 'curvature': 995, 'zero_geometry': 5}
PARALLEL_PITCH_PROGRESS 2000 {'tried': 2001, 'curvature': 1991, 'zero_geometry': 9}
PARALLEL_PITCH_PROGRESS 3000 {'tried': 3001, 'curvature': 2987, 'zero_geometry': 13}
PARALLEL_PITCH_PROGRESS 4000 {'tried': 4001, 'curvature': 3982, 'zero_geometry': 18}
PARALLEL_PITCH_PROGRESS 5000 {'tried': 5001, 'curvature': 4977, 'zero_geometry': 23}
PARALLEL_PITCH_PROGRESS 6000 {'tried': 6001, 'curvature': 5974, 'zero_geometry': 26}
PARALLEL_PITCH_PROGRESS 7000 {'tried': 7001, 'curvature': 6971, 'zero_geometry': 29}
PARALLEL_PITCH_PROGRESS 8000 {'tried': 8001, 'curvature': 7966, 'zero_geometry': 34}
PARALLEL_PITCH_PROGRESS 9000 {'tried': 9001, 'curvature': 8963, 'zero_geometry': 37}
PARALLEL_PITCH_PROGRESS 10000 {'tried': 10001, 'curvature': 9955, 'zero_geometry': 45}
PARALLEL_PITCH_PROGRESS 11000 {'tried': 11001, 'curvature': 10951, 'zero_geometry': 49}
PARALLEL_PITCH_PROGRESS 12000 {'tried': 12001, 'curvature': 11946, 'zero_geometry': 54}
PARALLEL_PITCH_PROGRESS 13000 {'tried': 13001, 'curvature': 12942, 'zero_geometry': 58}
PARALLEL_PITCH_PROGRESS 14000 {'tried': 14001, 'curvature': 13939, 'zero_geometry': 61}
PARALLEL_PITCH_PROGRESS 15000 {'tried': 15001, 'curvature': 14937, 'zero_geometry': 63}
PARALLEL_PITCH_PROGRESS 16000 {'tried': 16001, 'curvature': 15929, 'zero_geometry': 71}
PARALLEL_PITCH_PROGRESS 17000 {'tried': 17001, 'curvature': 16926, 'zero_geometry': 74}
PARALLEL_PITCH_PROGRESS 18000 {'tried': 18001, 'curvature': 17921, 'zero_geometry': 79}
PARALLEL_PITCH_PROGRESS 19000 {'tried': 19001, 'curvature': 18919, 'zero_geometry': 81}
PARALLEL_PITCH_PROGRESS 20000 {'tried': 20001, 'curvature': 19911, 'zero_geometry': 89}
PARALLEL_PITCH_PROGRESS 21000 {'tried': 21001, 'curvature': 20908, 'zero_geometry': 92}
PARALLEL_PITCH_PROGRESS 22000 {'tried': 22001, 'curvature': 21902, 'zero_geometry': 98}
PARALLEL_PITCH_PROGRESS 23000 {'tried': 23001, 'curvature': 22898, 'zero_geometry': 102}
PARALLEL_PITCH_PROGRESS 24000 {'tried': 24001, 'curvature': 23896, 'zero_geometry': 104}
PARALLEL_PITCH_PROGRESS 25000 {'tried': 25001, 'curvature': 24890, 'zero_geometry': 110}
PARALLEL_PITCH_PROGRESS 26000 {'tried': 26001, 'curvature': 25886, 'zero_geometry': 114}
PARALLEL_PITCH_PROGRESS 27000 {'tried': 27001, 'curvature': 26884, 'zero_geometry': 116}
PARALLEL_PITCH_PROGRESS 28000 {'tried': 28001, 'curvature': 27883, 'zero_geometry': 117}
PARALLEL_PITCH_PROGRESS 29000 {'tried': 29001, 'curvature': 28879, 'zero_geometry': 121}
PARALLEL_PITCH_PROGRESS 30000 {'tried': 30001, 'curvature': 29876, 'zero_geometry': 124}
PARALLEL_PITCH_PROGRESS 31000 {'tried': 31001, 'curvature': 30874, 'zero_geometry': 126}
PARALLEL_PITCH_PROGRESS 32000 {'tried': 32001, 'curvature': 31872, 'zero_geometry': 128}
PARALLEL_PITCH_PROGRESS 33000 {'tried': 33001, 'curvature': 32866, 'zero_geometry': 134}
PARALLEL_PITCH_PROGRESS 34000 {'tried': 34001, 'curvature': 33862, 'zero_geometry': 138}
PARALLEL_PITCH_PROGRESS 35000 {'tried': 35001, 'curvature': 34860, 'zero_geometry': 140}
PARALLEL_PITCH_PROGRESS 36000 {'tried': 36001, 'curvature': 35857, 'zero_geometry': 143}
PARALLEL_PITCH_PROGRESS 37000 {'tried': 37001, 'curvature': 36857, 'zero_geometry': 143}
PARALLEL_PITCH_PROGRESS 38000 {'tried': 38001, 'curvature': 37854, 'zero_geometry': 146}
PARALLEL_PITCH_PROGRESS 39000 {'tried': 39001, 'curvature': 38849, 'zero_geometry': 151}
PARALLEL_PITCH_PROGRESS 40000 {'tried': 40001, 'curvature': 39842, 'zero_geometry': 158}
PARALLEL_PITCH_PROGRESS 41000 {'tried': 41001, 'curvature': 40839, 'zero_geometry': 161}
PARALLEL_PITCH_PROGRESS 42000 {'tried': 42001, 'curvature': 41835, 'zero_geometry': 165}
PARALLEL_PITCH_PROGRESS 43000 {'tried': 43001, 'curvature': 42829, 'zero_geometry': 171}
PARALLEL_PITCH_PROGRESS 44000 {'tried': 44001, 'curvature': 43826, 'zero_geometry': 174}
PARALLEL_PITCH_DONE BLOCKED {'tried': 45000, 'curvature': 44822, 'zero_geometry': 178}
Blender 5.2.2 LTS (hash d13f752e3b9c built 2026-09-15 01:49:19)

Blender quit
