00:00.292  blend            | Read blend: "/Users/dean/Documents/MORI/mechanical/mori_v1_2.blend"
PAR_BUNDLE_POSE 0 -20 failures 0 1.5
PAR_BUNDLE_POSE 0 -15 failures 0 3.0
PAR_BUNDLE_POSE 0 -10 failures 0 4.5
PAR_BUNDLE_POSE 0 -5 failures 0 6.1
PAR_BUNDLE_POSE 0 0 failures 0 7.6
PAR_BUNDLE_POSE 0 5 failures 0 9.1
PAR_BUNDLE_POSE 0 10 failures 0 10.6
PAR_BUNDLE_POSE 0 15 failures 0 12.1
PAR_BUNDLE_POSE 0 20 failures 0 13.6
PAR_BUNDLE_POSE 0 25 failures 0 15.0
PAR_BUNDLE_POSE 1 -20 failures 0 16.6
PAR_BUNDLE_POSE 1 -15 failures 0 18.1
PAR_BUNDLE_POSE 1 -10 failures 0 19.6
PAR_BUNDLE_POSE 1 -5 failures 0 21.2
PAR_BUNDLE_POSE 1 0 failures 0 22.8
PAR_BUNDLE_POSE 1 5 failures 0 24.3
PAR_BUNDLE_POSE 1 10 failures 0 25.8
PAR_BUNDLE_POSE 1 15 failures 0 27.4
PAR_BUNDLE_POSE 1 20 failures 0 28.9
PAR_BUNDLE_POSE 1 25 failures 0 30.4
PAR_BUNDLE_POSE 2 -20 failures 0 32.0
PAR_BUNDLE_POSE 2 -15 failures 0 33.6
PAR_BUNDLE_POSE 2 -10 failures 0 35.2
PAR_BUNDLE_POSE 2 -5 failures 0 36.8
PAR_BUNDLE_POSE 2 0 failures 0 38.4
PAR_BUNDLE_POSE 2 5 failures 0 40.0
PAR_BUNDLE_POSE 2 10 failures 0 41.6
PAR_BUNDLE_POSE 2 15 failures 0 43.1
PAR_BUNDLE_POSE 2 20 failures 0 44.7
PAR_BUNDLE_POSE 2 25 failures 0 46.2
PAR_BUNDLE_DONE PASS
Blender 5.2.2 LTS (hash d13f752e3b9c built 2026-09-15 01:49:19)

Blender quit
