00:00.332  blend            | Read blend: "/Users/dean/Documents/MORI/mechanical/mori_v1_2.blend"
PITCH_PACK_INDIVIDUAL 1 0 PASS 5.7
PITCH_PACK_INDIVIDUAL 2 0 PASS 10.6
PITCH_PACK_INDIVIDUAL 2 1 PASS 15.6
PITCH_PACK_INDIVIDUAL 2 2 PASS 20.6
PITCH_PACK_INDIVIDUAL 2 3 PASS 25.5
PITCH_PACK_INDIVIDUAL 2 4 PASS 30.0
PITCH_PACK_INDIVIDUAL 2 5 PASS 34.4
PITCH_PACK_INDIVIDUAL 3 0 PASS 39.9
PITCH_PACK_INDIVIDUAL 3 1 PASS 45.6
PITCH_PACK_INDIVIDUAL 3 2 PASS 51.6
PITCH_PACK_INDIVIDUAL 3 3 PASS 57.2
PITCH_PACK_INDIVIDUAL 3 4 PASS 63.0
PITCH_PACK_INDIVIDUAL 3 5 PASS 68.6
PITCH_PACK_INDIVIDUAL 4 0 PASS 74.5
PITCH_PACK_INDIVIDUAL 4 1 PASS 80.3
PITCH_PACK_INDIVIDUAL 4 2 PASS 86.0
PITCH_PACK_INDIVIDUAL 4 3 PASS 91.6
PITCH_PACK_INDIVIDUAL 4 4 PASS 97.3
PITCH_PACK_INDIVIDUAL 4 5 PASS 103.2
PITCH_PACK_PAIR 1 2 104.2
PITCH_PACK_PAIR 1 3 104.4
PITCH_PACK_PAIR 1 4 104.7
PITCH_PACK_PAIR 2 3 105.6
PITCH_PACK_PAIR 2 4 111.5
PITCH_PACK_PAIR 3 4 113.2
PITCH_PACK_DONE BLOCKED 0
Blender 5.2.2 LTS (hash d13f752e3b9c built 2026-09-15 01:49:19)

Blender quit
