00:00.450  blend            | Read blend: "/Users/dean/Documents/MORI/mechanical/mori_v1_2.blend"
PITCH_FLEX_FOUND 1 1 130.213 5.4
PITCH_FLEX_PIN 1 1 {'tried': 80000, 'curvature_rejected': 78347, 'curvature_accepted': 1653, 'zero_pose_rejected': 1563, 'zero_pose_accepted': 90, 'motion_clearance_rejected': 80, 'motion_curvature_rejected': 9, 'constant_length_motion_accepted': 1} 22.7
PITCH_FLEX_FOUND 2 1 135.88 24.2
PITCH_FLEX_FOUND 2 2 127.498 24.8
PITCH_FLEX_FOUND 2 3 126.013 30.7
PITCH_FLEX_FOUND 2 4 113.443 31.5
PITCH_FLEX_FOUND 2 5 137.664 32.3
PITCH_FLEX_FOUND 2 6 124.264 35.1
PITCH_FLEX_PIN 2 6 {'tried': 7480, 'curvature_rejected': 7153, 'curvature_accepted': 327, 'zero_pose_rejected': 288, 'zero_pose_accepted': 39, 'motion_curvature_rejected': 9, 'motion_clearance_rejected': 24, 'constant_length_motion_accepted': 6} 35.1
PITCH_FLEX_FOUND 3 1 101.61 44.4
PITCH_FLEX_FOUND 3 2 112.173 47.1
PITCH_FLEX_FOUND 3 3 111.0 49.4
PITCH_FLEX_FOUND 3 4 116.3 52.2
PITCH_FLEX_FOUND 3 5 135.766 54.0
PITCH_FLEX_FOUND 3 6 115.604 66.9
PITCH_FLEX_PIN 3 6 {'tried': 13661, 'curvature_rejected': 11894, 'curvature_accepted': 1767, 'zero_pose_rejected': 1621, 'zero_pose_accepted': 146, 'motion_clearance_rejected': 127, 'motion_curvature_rejected': 13, 'constant_length_motion_accepted': 6} 66.9
PITCH_FLEX_FOUND 4 1 144.521 78.4
PITCH_FLEX_FOUND 4 2 146.879 90.2
PITCH_FLEX_FOUND 4 3 145.554 115.6
PITCH_FLEX_FOUND 4 4 132.951 121.6
PITCH_FLEX_FOUND 4 5 112.806 138.4
PITCH_FLEX_FOUND 4 6 146.272 142.1
PITCH_FLEX_PIN 4 6 {'tried': 42253, 'curvature_rejected': 36400, 'curvature_accepted': 5853, 'zero_pose_rejected': 5614, 'zero_pose_accepted': 239, 'motion_clearance_rejected': 213, 'motion_curvature_rejected': 20, 'constant_length_motion_accepted': 6} 142.1
PITCH_FLEX_SIDE_DONE PASS
Blender 5.2.2 LTS (hash d13f752e3b9c built 2026-09-15 01:49:19)

Blender quit
