PITCH_MATH 1 0 PASS 4.12
PITCH_MATH 2 0 PASS 8.08
PITCH_MATH 2 1 PASS 12.14
PITCH_MATH 2 2 PASS 16.0
PITCH_MATH 2 3 PASS 19.98
PITCH_MATH 2 4 PASS 24.8
PITCH_MATH 2 5 PASS 28.47
PITCH_MATH 3 0 PASS 32.01
PITCH_MATH 3 1 PASS 35.54
PITCH_MATH 3 2 PASS 39.14
PITCH_MATH 3 3 PASS 42.64
PITCH_MATH 3 4 PASS 47.34
PITCH_MATH 3 5 PASS 51.88
PITCH_MATH 4 0 PASS 56.83
PITCH_MATH 4 1 PASS 61.84
PITCH_MATH 4 2 PASS 67.11
PITCH_MATH 4 3 PASS 71.67
PITCH_MATH 4 4 PASS 76.68
PITCH_MATH 4 5 PASS 81.25
PITCH_MATH_DONE PASS
