00:00.472  blend            | Read blend: "/Users/dean/Documents/MORI/mechanical/mori_v1_2.blend"
LOCAL_OBJECT Body_Upper body [-79.231, -78.879, 100.2] [79.231, 78.879, 172.0]
LOCAL_OBJECT Head_Front pitch [-59.994, 0.2, 175.5] [59.993, 56.379, 281.995]
LOCAL_OBJECT Head_Rear pitch [-59.994, -60.0, 175.5] [59.993, -0.2, 281.995]
LOCAL_OBJECT Yaw_Base body [-47.1, -35.8, 98.5] [47.1, 35.8, 163.8]
LOCAL_OBJECT Yaw_Reaction_Link body [-12.0, -12.0, 139.7] [11.98, 12.0, 196.0]
LOCAL_OBJECT Display_Frame pitch [-42.5, 20.322, 208.0] [42.5, 43.519, 272.571]
LOCAL_OBJECT Pitch_Yoke yaw [-48.488, -48.488, 149.0] [48.488, 23.1, 234.6]
LOCAL_OBJECT Yaw_Anti_Lift_Keeper body [-30.0, -27.293, 159.6] [30.0, 30.0, 163.6]
LOCAL_OBJECT Power_Module body [-40.0, -24.5, 117.74] [40.0, 30.5, 137.1]
LOCAL_OBJECT Yaw_Output body [-1.97, -1.97, 192.0] [1.97, 1.97, 195.2]
LOCAL_OBJECT Head_Yaw_Ear_0_Screw yaw [-1.75, -10.3, 197.65] [1.75, -6.8, 205.05]
LOCAL_OBJECT Head_Yaw_Ear_0_Nut yaw [-2.309, -10.55, 197.85] [2.309, -6.55, 199.45]
LOCAL_OBJECT Head_Yaw_Ear_1_Screw yaw [-1.75, 18.2, 178.65] [1.75, 21.7, 205.05]
LOCAL_OBJECT Head_Yaw_Ear_1_Nut yaw [-2.309, 17.95, 180.4] [2.309, 21.95, 182.0]
LOCAL_OBJECT Head_Pitch_Ear_1_Screw yaw [-41.175, -1.9, 200.15] [-25.175, 1.9, 203.95]
LOCAL_OBJECT Yaw_Keeper_Screw_0 body [-28.85, -2.85, 153.9] [-23.15, 2.85, 163.55]
LOCAL_OBJECT Yaw_Keeper_Insert_0 body [-28.3, -2.3, 155.4] [-23.7, 2.3, 159.4]
LOCAL_OBJECT Yaw_Keeper_Screw_1 body [23.15, -2.85, 153.9] [28.85, 2.85, 163.55]
LOCAL_OBJECT Yaw_Keeper_Insert_1 body [23.7, -2.3, 155.4] [28.3, 2.3, 159.4]
LOCAL_OBJECT Yaw_Bearing body [-16.0, -16.0, 149.0] [16.0, 16.0, 156.0]
LOCAL_OBJECT MCU_Motion body [-29.0, -60.61, 125.14] [12.63, -27.39, 138.581]
LOCAL_OBJECT Yaw_Servo yaw [-6.05, -10.55, 195.2] [6.05, 21.95, 220.45]
LOCAL_OBJECT Pitch_Servo yaw [-35.625, -6.05, 200.05] [-10.375, 6.05, 232.55]
LOCAL_OBJECT Yaw_Horn body [-5.0, -5.0, 192.95] [5.0, 5.0, 193.95]
LOCAL_OBJECT Yaw_Lock_Screw body [-1.0, -1.0, 191.35] [1.0, 1.0, 195.35]
LOCAL_OBJECT Yaw_Reaction_Clamp_Screw body [5.1, -5.8, 189.6] [8.9, 5.8, 193.4]
LOCAL_OBJECT Yaw_Reaction_Clamp_Nut body [4.6, -5.7, 189.422] [9.4, -3.3, 193.578]
LOCAL_OBJECT Yaw_Reaction_Retainer_Screw body [-1.9, -9.0, 140.6] [1.9, 10.6, 144.4]
LOCAL_OBJECT Yaw_Reaction_Retainer_Nut body [-2.4, -8.6, 140.422] [2.4, -6.2, 144.578]
ROUTE_SECTIONS_SAVED
Blender 5.2.2 LTS (hash d13f752e3b9c built 2026-09-15 01:49:19)

Blender quit
