A8_SEARCH 1000 158.8 350 2.07
A8_SEARCH 2000 158.8 370 8.14
A8_SEARCH 3000 158.8 400 26.07
A8_SEARCH 4000 158.8 420 50.24
A8_SEARCH 5000 158.8 450 89.65
A8_SEARCH 6000 158.8 470 136.79
A8_SEARCH 7000 158.8 500 179.3
A8_SEARCH 8000 158.8 520 222.51
A8_SEARCH 9000 158.8 550 256.87
A8_SEARCH 10000 158.8 570 292.96
A8_SEARCH 11000 158.8 600 322.11
A8_SEARCH 12000 158.8 620 353.39
A8_SEARCH 13000 158.8 650 380.28
A8_SEARCH 14000 158.8 670 406.46
A8_SEARCH 15000 158.8 700 427.84
A8_PLANAR_LEVEL 158.8 BLOCKED {'sampled_nonlocal_overlap': 8273, 'nonlocal_clearance_unresolved': 1172, 'no_common_length': 5949} 435.45
A8_SEARCH 16000 159.2 340 436.36
A8_SEARCH 17000 159.2 360 437.43
A8_SEARCH 18000 159.2 390 442.99
A8_SEARCH 19000 159.2 410 456.5
A8_SEARCH 20000 159.2 440 481.81
A8_SEARCH 21000 159.2 460 518.31
A8_SEARCH 22000 159.2 490 551.73
A8_SEARCH 23000 159.2 510 585.34
A8_SEARCH 24000 159.2 540 614.31
A8_SEARCH 25000 159.2 560 647.48
A8_SEARCH 26000 159.2 590 672.08
A8_SEARCH 27000 159.2 610 698.86
A8_SEARCH 28000 159.2 640 721.62
A8_SEARCH 29000 159.2 660 744.08
A8_SEARCH 30000 159.2 690 763.33
A8_PLANAR_LEVEL 159.2 BLOCKED {'nonlocal_clearance_unresolved': 1047, 'sampled_nonlocal_overlap': 7828, 'no_common_length': 6519} 776.84
A8_SEARCH 31000 159.5 330 777.69
A8_SEARCH 32000 159.5 350 777.75
A8_SEARCH 33000 159.5 380 778.95
A8_SEARCH 34000 159.5 400 783.46
A8_SEARCH 35000 159.5 430 794.74
A8_SEARCH 36000 159.5 450 811.83
A8_SEARCH 37000 159.5 480 834.74
A8_SEARCH 38000 159.5 500 858.81
A8_SEARCH 39000 159.5 530 879.28
A8_SEARCH 40000 159.5 550 907.49
A8_SEARCH 41000 159.5 580 924.83
A8_SEARCH 42000 159.5 600 949.66
A8_SEARCH 43000 159.5 630 967.74
