00:00.315  blend            | Read blend: "/Users/dean/Documents/MORI/mechanical/mori_v1_2.blend"
PAR_BUNDLE_POSE 0 -20 failures 0 2.1
PAR_BUNDLE_POSE 0 -15 failures 0 4.0
PAR_BUNDLE_POSE 0 -10 failures 0 5.9
PAR_BUNDLE_POSE 0 -5 failures 0 7.7
PAR_BUNDLE_POSE 0 0 failures 0 9.6
PAR_BUNDLE_POSE 0 5 failures 0 11.5
PAR_BUNDLE_POSE 0 10 failures 0 13.4
PAR_BUNDLE_POSE 0 15 failures 0 15.3
PAR_BUNDLE_POSE 0 20 failures 0 17.3
PAR_BUNDLE_POSE 0 25 failures 0 19.2
PAR_BUNDLE_POSE 1 -20 failures 0 21.3
PAR_BUNDLE_POSE 1 -15 failures 0 23.1
PAR_BUNDLE_POSE 1 -10 failures 0 25.0
PAR_BUNDLE_POSE 1 -5 failures 0 26.9
PAR_BUNDLE_POSE 1 0 failures 0 28.7
PAR_BUNDLE_POSE 1 5 failures 0 30.6
PAR_BUNDLE_POSE 1 10 failures 0 32.5
PAR_BUNDLE_POSE 1 15 failures 0 34.3
PAR_BUNDLE_POSE 1 20 failures 0 36.1
PAR_BUNDLE_POSE 1 25 failures 0 38.0
PAR_BUNDLE_POSE 2 -20 failures 0 39.9
PAR_BUNDLE_POSE 2 -15 failures 0 41.9
PAR_BUNDLE_POSE 2 -10 failures 0 43.7
PAR_BUNDLE_POSE 2 -5 failures 0 45.7
PAR_BUNDLE_POSE 2 0 failures 0 47.7
PAR_BUNDLE_POSE 2 5 failures 0 49.6
PAR_BUNDLE_POSE 2 10 failures 0 51.6
PAR_BUNDLE_POSE 2 15 failures 0 53.4
PAR_BUNDLE_POSE 2 20 failures 0 55.2
PAR_BUNDLE_POSE 2 25 failures 0 57.2
PAR_BUNDLE_POSE 3 -20 failures 0 59.2
PAR_BUNDLE_POSE 3 -15 failures 0 61.1
PAR_BUNDLE_POSE 3 -10 failures 0 63.0
PAR_BUNDLE_POSE 3 -5 failures 0 65.0
PAR_BUNDLE_POSE 3 0 failures 0 66.8
PAR_BUNDLE_POSE 3 5 failures 0 68.8
PAR_BUNDLE_POSE 3 10 failures 0 70.7
PAR_BUNDLE_POSE 3 15 failures 0 72.6
PAR_BUNDLE_POSE 3 20 failures 0 74.5
PAR_BUNDLE_POSE 3 25 failures 0 76.4
PAR_BUNDLE_DONE PASS
Blender 5.2.2 LTS (hash d13f752e3b9c built 2026-09-15 01:49:19)

Blender quit
