00:00.478  blend            | Read blend: "/Users/dean/Documents/MORI/mechanical/mori_v1_2.blend"
UPPER_S_BEND 7.0 7.0 178.0 [['Pitch_Yoke'], ['Pitch_Yoke'], ['Pitch_Yoke'], ['Pitch_Yoke']] YOKE_ONLY True 2.0
UPPER_S_BEND 7.0 7.0 179.0 [['Pitch_Yoke'], ['Pitch_Yoke'], ['Pitch_Yoke'], ['Pitch_Yoke']] YOKE_ONLY True 2.4
UPPER_S_BEND 7.0 7.0 180.0 [['Pitch_Yoke'], ['Pitch_Yoke'], ['Pitch_Yoke'], ['Pitch_Yoke']] YOKE_ONLY True 2.8
UPPER_S_BEND 7.0 7.0 181.0 [['Yaw_Reaction_Link', 'Pitch_Yoke'], ['Yaw_Reaction_Link', 'Pitch_Yoke'], ['Yaw_Reaction_Link', 'Pitch_Yoke'], ['Yaw_Reaction_Link', 'Pitch_Yoke']] YOKE_ONLY False 3.2
UPPER_S_BEND 7.0 8.0 178.0 [['Pitch_Yoke'], ['Pitch_Yoke'], ['Pitch_Yoke'], ['Pitch_Yoke']] YOKE_ONLY True 3.6
UPPER_S_BEND 7.0 8.0 179.0 [['Pitch_Yoke'], ['Pitch_Yoke'], ['Pitch_Yoke'], ['Pitch_Yoke']] YOKE_ONLY True 3.9
UPPER_S_BEND 7.0 8.0 180.0 [['Pitch_Yoke'], ['Pitch_Yoke'], ['Pitch_Yoke'], ['Pitch_Yoke']] YOKE_ONLY True 4.3
UPPER_S_BEND 7.0 8.0 181.0 [['Pitch_Yoke'], ['Pitch_Yoke'], ['Pitch_Yoke'], ['Pitch_Yoke']] YOKE_ONLY True 4.7
UPPER_S_BEND 7.0 9.0 178.0 [['Pitch_Yoke'], ['Pitch_Yoke'], ['Pitch_Yoke'], ['Pitch_Yoke']] YOKE_ONLY True 5.1
UPPER_S_BEND 7.0 9.0 179.0 [['Pitch_Yoke'], ['Pitch_Yoke'], ['Pitch_Yoke'], ['Pitch_Yoke']] YOKE_ONLY True 5.5
UPPER_S_BEND 7.0 9.0 180.0 [['Pitch_Yoke'], ['Pitch_Yoke'], ['Pitch_Yoke'], ['Pitch_Yoke']] YOKE_ONLY True 6.0
UPPER_S_BEND 7.0 9.0 181.0 [['Pitch_Yoke'], ['Pitch_Yoke'], ['Pitch_Yoke'], ['Pitch_Yoke']] YOKE_ONLY True 6.4
UPPER_S_BEND 8.0 7.0 178.0 [['Pitch_Yoke'], ['Pitch_Yoke'], ['Pitch_Yoke'], ['Pitch_Yoke']] YOKE_ONLY True 6.8
UPPER_S_BEND 8.0 7.0 179.0 [['Pitch_Yoke'], ['Pitch_Yoke'], ['Pitch_Yoke'], ['Pitch_Yoke']] YOKE_ONLY True 7.2
UPPER_S_BEND 8.0 7.0 180.0 [['Yaw_Reaction_Link', 'Pitch_Yoke'], ['Yaw_Reaction_Link', 'Pitch_Yoke'], ['Yaw_Reaction_Link', 'Pitch_Yoke'], ['Yaw_Reaction_Link', 'Pitch_Yoke']] YOKE_ONLY False 7.6
UPPER_S_BEND 8.0 7.0 181.0 [['Yaw_Reaction_Link', 'Pitch_Yoke'], ['Yaw_Reaction_Link', 'Pitch_Yoke'], ['Yaw_Reaction_Link', 'Pitch_Yoke'], ['Yaw_Reaction_Link', 'Pitch_Yoke']] YOKE_ONLY False 8.0
UPPER_S_BEND 8.0 8.0 178.0 [['Pitch_Yoke'], ['Pitch_Yoke'], ['Pitch_Yoke'], ['Pitch_Yoke']] YOKE_ONLY True 8.3
UPPER_S_BEND 8.0 8.0 179.0 [['Pitch_Yoke'], ['Pitch_Yoke'], ['Pitch_Yoke'], ['Pitch_Yoke']] YOKE_ONLY True 8.7
UPPER_S_BEND 8.0 8.0 180.0 [['Pitch_Yoke'], ['Pitch_Yoke'], ['Pitch_Yoke'], ['Pitch_Yoke']] YOKE_ONLY True 9.1
UPPER_S_BEND 8.0 8.0 181.0 [['Yaw_Reaction_Link', 'Pitch_Yoke'], ['Yaw_Reaction_Link', 'Pitch_Yoke'], ['Yaw_Reaction_Link', 'Pitch_Yoke'], ['Yaw_Reaction_Link', 'Pitch_Yoke']] YOKE_ONLY False 9.5
UPPER_S_BEND 8.0 9.0 178.0 [['Pitch_Yoke'], ['Pitch_Yoke'], ['Pitch_Yoke'], ['Pitch_Yoke']] YOKE_ONLY True 9.8
UPPER_S_BEND 8.0 9.0 179.0 [['Pitch_Yoke'], ['Pitch_Yoke'], ['Pitch_Yoke'], ['Pitch_Yoke']] YOKE_ONLY True 10.2
UPPER_S_BEND 8.0 9.0 180.0 [['Pitch_Yoke'], ['Pitch_Yoke'], ['Pitch_Yoke'], ['Pitch_Yoke']] YOKE_ONLY True 10.6
UPPER_S_BEND 8.0 9.0 181.0 [['Yaw_Reaction_Link', 'Pitch_Yoke'], ['Yaw_Reaction_Link', 'Pitch_Yoke'], ['Yaw_Reaction_Link', 'Pitch_Yoke'], ['Yaw_Reaction_Link', 'Pitch_Yoke']] YOKE_ONLY False 10.9
UPPER_S_BEND 9.0 7.0 178.0 [['Pitch_Yoke'], ['Pitch_Yoke'], ['Pitch_Yoke'], ['Pitch_Yoke']] YOKE_ONLY True 11.3
UPPER_S_BEND 9.0 7.0 179.0 [['Yaw_Reaction_Link', 'Pitch_Yoke'], ['Yaw_Reaction_Link', 'Pitch_Yoke'], ['Yaw_Reaction_Link', 'Pitch_Yoke'], ['Yaw_Reaction_Link', 'Pitch_Yoke']] YOKE_ONLY False 11.7
UPPER_S_BEND 9.0 7.0 180.0 [['Yaw_Reaction_Link', 'Pitch_Yoke'], ['Yaw_Reaction_Link', 'Pitch_Yoke'], ['Yaw_Reaction_Link', 'Pitch_Yoke'], ['Yaw_Reaction_Link', 'Pitch_Yoke']] YOKE_ONLY False 12.2
UPPER_S_BEND 9.0 7.0 181.0 [['Yaw_Reaction_Link', 'Pitch_Yoke'], ['Yaw_Reaction_Link', 'Pitch_Yoke'], ['Yaw_Reaction_Link', 'Pitch_Yoke'], ['Yaw_Reaction_Link', 'Pitch_Yoke']] YOKE_ONLY False 12.6
UPPER_S_BEND 9.0 8.0 178.0 [['Pitch_Yoke'], ['Pitch_Yoke'], ['Pitch_Yoke'], ['Pitch_Yoke']] YOKE_ONLY True 12.9
UPPER_S_BEND 9.0 8.0 179.0 [['Pitch_Yoke'], ['Pitch_Yoke'], ['Pitch_Yoke'], ['Pitch_Yoke']] YOKE_ONLY True 13.3
UPPER_S_BEND 9.0 8.0 180.0 [['Yaw_Reaction_Link', 'Pitch_Yoke'], ['Yaw_Reaction_Link', 'Pitch_Yoke'], ['Yaw_Reaction_Link', 'Pitch_Yoke'], ['Yaw_Reaction_Link', 'Pitch_Yoke']] YOKE_ONLY False 13.6
UPPER_S_BEND 9.0 8.0 181.0 [['Yaw_Reaction_Link', 'Pitch_Yoke'], ['Yaw_Reaction_Link', 'Pitch_Yoke'], ['Yaw_Reaction_Link', 'Pitch_Yoke'], ['Yaw_Reaction_Link', 'Pitch_Yoke']] YOKE_ONLY False 14.0
UPPER_S_BEND 9.0 9.0 178.0 [['Pitch_Yoke'], ['Pitch_Yoke'], ['Pitch_Yoke'], ['Pitch_Yoke']] YOKE_ONLY True 14.4
UPPER_S_BEND 9.0 9.0 179.0 [['Pitch_Yoke'], ['Pitch_Yoke'], ['Pitch_Yoke'], ['Pitch_Yoke']] YOKE_ONLY True 14.7
UPPER_S_BEND 9.0 9.0 180.0 [['Yaw_Reaction_Link', 'Pitch_Yoke'], ['Yaw_Reaction_Link', 'Pitch_Yoke'], ['Yaw_Reaction_Link', 'Pitch_Yoke'], ['Yaw_Reaction_Link', 'Pitch_Yoke']] YOKE_ONLY False 15.1
UPPER_S_BEND 9.0 9.0 181.0 [['Yaw_Reaction_Link', 'Pitch_Yoke'], ['Yaw_Reaction_Link', 'Pitch_Yoke'], ['Yaw_Reaction_Link', 'Pitch_Yoke'], ['Yaw_Reaction_Link', 'Pitch_Yoke']] YOKE_ONLY False 15.4
Blender 5.2.2 LTS (hash d13f752e3b9c built 2026-09-15 01:49:19)

Blender quit
