00:00.298  blend            | Read blend: "/Users/dean/Documents/MORI/mechanical/mori_v1_2.blend"
FAN_PROGRESS 1 0 {} 0.0
FAN_PROGRESS 1 100 {'tried': 100, 'curvature': 28, 'quick_Pitch_Servo': 72} 0.34
FAN_PROGRESS 1 200 {'tried': 200, 'curvature': 61, 'quick_Pitch_Servo': 139} 0.65
FAN_PROGRESS 1 300 {'tried': 300, 'curvature': 94, 'quick_Pitch_Servo': 206} 0.96
FAN_PROGRESS 1 400 {'tried': 400, 'curvature': 125, 'quick_Pitch_Servo': 275} 1.28
FAN_PROGRESS 1 500 {'tried': 500, 'curvature': 167, 'quick_Pitch_Servo': 333} 1.55
FAN_PROGRESS 1 600 {'tried': 600, 'curvature': 202, 'quick_Pitch_Servo': 398} 1.87
FAN_PROGRESS 1 700 {'tried': 700, 'curvature': 234, 'quick_Pitch_Servo': 466} 2.19
FAN_PROGRESS 1 800 {'tried': 800, 'curvature': 266, 'quick_Pitch_Servo': 534} 2.5
FAN_PROGRESS 1 900 {'tried': 900, 'curvature': 301, 'quick_Pitch_Servo': 599} 2.8
FAN_PROGRESS 1 1000 {'tried': 1000, 'curvature': 334, 'quick_Pitch_Servo': 666} 3.11
FAN_PROGRESS 1 1100 {'tried': 1100, 'curvature': 369, 'quick_Pitch_Servo': 731} 3.46
FAN_PROGRESS 1 1200 {'tried': 1200, 'curvature': 410, 'quick_Pitch_Servo': 790} 3.83
FAN_PROGRESS 1 1300 {'tried': 1300, 'curvature': 439, 'quick_Pitch_Servo': 861} 4.2
FAN_PROGRESS 1 1400 {'tried': 1400, 'curvature': 471, 'quick_Pitch_Servo': 929} 4.58
FAN_PROGRESS 1 1500 {'tried': 1500, 'curvature': 508, 'quick_Pitch_Servo': 992} 4.88
FAN_PROGRESS 1 1600 {'tried': 1600, 'curvature': 544, 'quick_Pitch_Servo': 1056} 5.18
FAN_PROGRESS 1 1700 {'tried': 1700, 'curvature': 577, 'quick_Pitch_Servo': 1123} 5.49
FAN_PROGRESS 1 1800 {'tried': 1800, 'curvature': 611, 'quick_Pitch_Servo': 1189} 5.79
FAN_PROGRESS 1 1900 {'tried': 1900, 'curvature': 639, 'quick_Pitch_Servo': 1261} 6.12
FAN_PIN_DONE 1 {'tried': 2000, 'curvature': 670, 'quick_Pitch_Servo': 1330} 0 6.4
FAN_PROGRESS 2 0 {} 0.0
FAN_PROGRESS 2 100 {'tried': 100, 'curvature': 100} 0.01
FAN_PROGRESS 2 200 {'tried': 200, 'curvature': 199, 'other_loop': 1} 0.11
FAN_PROGRESS 2 300 {'tried': 300, 'curvature': 299, 'other_loop': 1} 0.12
FAN_PROGRESS 2 400 {'tried': 400, 'curvature': 397, 'other_loop': 3} 0.29
FAN_PROGRESS 2 500 {'tried': 500, 'curvature': 496, 'other_loop': 4} 0.38
FAN_PROGRESS 2 600 {'tried': 600, 'curvature': 596, 'other_loop': 4} 0.39
FAN_PROGRESS 2 700 {'tried': 700, 'curvature': 695, 'other_loop': 5} 0.47
FAN_PROGRESS 2 800 {'tried': 800, 'curvature': 795, 'other_loop': 5} 0.48
FAN_PROGRESS 2 900 {'tried': 900, 'curvature': 895, 'other_loop': 5} 0.49
FAN_PROGRESS 2 1000 {'tried': 1000, 'curvature': 994, 'other_loop': 5, 'own_loop': 1} 0.58
FAN_PROGRESS 2 1100 {'tried': 1100, 'curvature': 1094, 'other_loop': 5, 'own_loop': 1} 0.59
FAN_PROGRESS 2 1200 {'tried': 1200, 'curvature': 1194, 'other_loop': 5, 'own_loop': 1} 0.59
FAN_PROGRESS 2 1300 {'tried': 1300, 'curvature': 1294, 'other_loop': 5, 'own_loop': 1} 0.6
FAN_PROGRESS 2 1400 {'tried': 1400, 'curvature': 1394, 'other_loop': 5, 'own_loop': 1} 0.61
FAN_PROGRESS 2 1500 {'tried': 1500, 'curvature': 1494, 'other_loop': 5, 'own_loop': 1} 0.62
FAN_PROGRESS 2 1600 {'tried': 1600, 'curvature': 1594, 'other_loop': 5, 'own_loop': 1} 0.62
FAN_PROGRESS 2 1700 {'tried': 1700, 'curvature': 1694, 'other_loop': 5, 'own_loop': 1} 0.63
FAN_PROGRESS 2 1800 {'tried': 1800, 'curvature': 1794, 'other_loop': 5, 'own_loop': 1} 0.64
FAN_PROGRESS 2 1900 {'tried': 1900, 'curvature': 1894, 'other_loop': 5, 'own_loop': 1} 0.65
FAN_PIN_DONE 2 {'tried': 2000, 'curvature': 1994, 'other_loop': 5, 'own_loop': 1} 0 7.2
FAN_PROGRESS 3 0 {} 0.0
FAN_PROGRESS 3 100 {'tried': 100, 'curvature': 100} 0.01
FAN_PROGRESS 3 200 {'tried': 200, 'curvature': 200} 0.02
FAN_PROGRESS 3 300 {'tried': 300, 'curvature': 300} 0.02
FAN_PROGRESS 3 400 {'tried': 400, 'curvature': 400} 0.03
FAN_PROGRESS 3 500 {'tried': 500, 'curvature': 500} 0.04
FAN_PROGRESS 3 600 {'tried': 600, 'curvature': 600} 0.05
FAN_PROGRESS 3 700 {'tried': 700, 'curvature': 700} 0.05
FAN_PROGRESS 3 800 {'tried': 800, 'curvature': 800} 0.06
FAN_PROGRESS 3 900 {'tried': 900, 'curvature': 900} 0.07
FAN_PROGRESS 3 1000 {'tried': 1000, 'curvature': 1000} 0.08
FAN_PROGRESS 3 1100 {'tried': 1100, 'curvature': 1100} 0.09
FAN_PROGRESS 3 1200 {'tried': 1200, 'curvature': 1200} 0.09
FAN_PROGRESS 3 1300 {'tried': 1300, 'curvature': 1300} 0.1
FAN_PROGRESS 3 1400 {'tried': 1400, 'curvature': 1400} 0.11
FAN_PROGRESS 3 1500 {'tried': 1500, 'curvature': 1500} 0.12
FAN_PROGRESS 3 1600 {'tried': 1600, 'curvature': 1600} 0.13
FAN_PROGRESS 3 1700 {'tried': 1700, 'curvature': 1700} 0.14
FAN_PROGRESS 3 1800 {'tried': 1800, 'curvature': 1800} 0.14
FAN_PROGRESS 3 1900 {'tried': 1900, 'curvature': 1900} 0.15
FAN_PIN_DONE 3 {'tried': 2000, 'curvature': 2000} 0 7.4
FAN_PROGRESS 4 0 {} 0.0
FAN_PROGRESS 4 100 {'tried': 100, 'curvature': 100} 0.01
FAN_PROGRESS 4 200 {'tried': 200, 'curvature': 200} 0.02
FAN_PROGRESS 4 300 {'tried': 300, 'curvature': 300} 0.02
FAN_PROGRESS 4 400 {'tried': 400, 'curvature': 400} 0.03
FAN_PROGRESS 4 500 {'tried': 500, 'curvature': 500} 0.04
FAN_PROGRESS 4 600 {'tried': 600, 'curvature': 600} 0.05
FAN_PROGRESS 4 700 {'tried': 700, 'curvature': 700} 0.06
FAN_PROGRESS 4 800 {'tried': 800, 'curvature': 800} 0.06
FAN_PROGRESS 4 900 {'tried': 900, 'curvature': 900} 0.07
FAN_PROGRESS 4 1000 {'tried': 1000, 'curvature': 1000} 0.08
FAN_PROGRESS 4 1100 {'tried': 1100, 'curvature': 1100} 0.09
FAN_PROGRESS 4 1200 {'tried': 1200, 'curvature': 1200} 0.1
FAN_PROGRESS 4 1300 {'tried': 1300, 'curvature': 1300} 0.1
FAN_PROGRESS 4 1400 {'tried': 1400, 'curvature': 1400} 0.11
FAN_PROGRESS 4 1500 {'tried': 1500, 'curvature': 1500} 0.12
FAN_PROGRESS 4 1600 {'tried': 1600, 'curvature': 1600} 0.13
FAN_PROGRESS 4 1700 {'tried': 1700, 'curvature': 1700} 0.14
FAN_PROGRESS 4 1800 {'tried': 1800, 'curvature': 1800} 0.14
FAN_PROGRESS 4 1900 {'tried': 1900, 'curvature': 1900} 0.15
FAN_PIN_DONE 4 {'tried': 2000, 'curvature': 2000} 0 7.6
FAN_IN_DONE BLOCKED
Blender 5.2.2 LTS (hash d13f752e3b9c built 2026-09-15 01:49:19)

Blender quit
