00:00.302  blend            | Read blend: "/Users/dean/Documents/MORI/mechanical/mori_v1_2.blend"
FAN_PROGRESS 1 0 {} 0.0
FAN_PROGRESS 1 20 {'tried': 20, 'quick_CAM_UART_4P': 18, 'quick_CAM_catalogue_housing': 2} 0.41
FAN_PROGRESS 1 40 {'tried': 40, 'quick_CAM_UART_4P': 33, 'quick_CAM_catalogue_housing': 7} 0.82
FAN_PROGRESS 1 60 {'tried': 60, 'quick_CAM_UART_4P': 50, 'quick_CAM_catalogue_housing': 10} 1.24
FAN_PROGRESS 1 80 {'tried': 80, 'quick_CAM_UART_4P': 68, 'quick_CAM_catalogue_housing': 12} 1.65
FAN_PROGRESS 1 100 {'tried': 100, 'quick_CAM_UART_4P': 86, 'quick_CAM_catalogue_housing': 14} 2.07
FAN_PROGRESS 1 120 {'tried': 120, 'quick_CAM_UART_4P': 104, 'quick_CAM_catalogue_housing': 16} 2.48
FAN_PROGRESS 1 140 {'tried': 140, 'quick_CAM_UART_4P': 122, 'quick_CAM_catalogue_housing': 18} 2.89
FAN_PROGRESS 1 160 {'tried': 160, 'quick_CAM_UART_4P': 137, 'quick_CAM_catalogue_housing': 23} 3.3
FAN_PROGRESS 1 180 {'tried': 180, 'quick_CAM_UART_4P': 155, 'quick_CAM_catalogue_housing': 25} 3.71
FAN_PROGRESS 1 200 {'tried': 200, 'quick_CAM_UART_4P': 175, 'quick_CAM_catalogue_housing': 25} 4.12
FAN_PROGRESS 1 220 {'tried': 220, 'quick_CAM_UART_4P': 193, 'quick_CAM_catalogue_housing': 27} 4.53
FAN_PROGRESS 1 240 {'tried': 240, 'quick_CAM_UART_4P': 208, 'quick_CAM_catalogue_housing': 32} 4.94
FAN_PROGRESS 1 260 {'tried': 260, 'quick_CAM_UART_4P': 227, 'quick_CAM_catalogue_housing': 33} 5.36
FAN_PROGRESS 1 280 {'tried': 280, 'quick_CAM_UART_4P': 241, 'quick_CAM_catalogue_housing': 39} 5.77
FAN_PIN_DONE 1 {'tried': 300, 'quick_CAM_UART_4P': 260, 'quick_CAM_catalogue_housing': 40} 0 6.2
FAN_PROGRESS 2 0 {} 0.0
FAN_FULL_SOURCE 2 0 6.69
FAN_FOUND 2 0 41.98946252087562 7.2
FAN_FULL_SOURCE 2 2 7.66
FAN_FOUND 2 1 42.58722422409548 8.2
FAN_FULL_SOURCE 2 3 8.62
FAN_FOUND 2 2 42.35293866412913 9.1
FAN_PIN_DONE 2 {'tried': 4, 'quick_Pitch_Servo': 1} 3 9.1
FAN_PROGRESS 3 0 {} 0.0
FAN_FULL_SOURCE 3 8 9.69
FAN_FOUND 3 0 48.339316417563836 10.3
FAN_PROGRESS 3 20 {'tried': 20, 'quick_Pitch_Yoke': 2, 'quick_Yaw_Servo': 7, 'quick_CAM_without_own_UART': 10} 1.34
FAN_FULL_SOURCE 3 26 10.98
FAN_FOUND 3 1 47.61992156251169 11.6
FAN_FULL_SOURCE 3 34 12.13
FAN_FOUND 3 2 47.49174099230095 12.7
FAN_PIN_DONE 3 {'tried': 35, 'quick_Pitch_Yoke': 3, 'quick_Yaw_Servo': 15, 'quick_CAM_without_own_UART': 14} 3 12.7
FAN_PROGRESS 4 0 {} 0.0
FAN_FULL_SOURCE 4 10 13.12
FAN_FOUND 4 0 49.388919541177536 13.7
FAN_FULL_SOURCE 4 12 14.09
FAN_FOUND 4 1 49.572947609462695 14.7
FAN_FULL_SOURCE 4 14 15.04
FAN_FOUND 4 2 49.759724234501114 15.6
FAN_PIN_DONE 4 {'tried': 15, 'curvature': 12} 3 15.6
FAN_IN_DONE BLOCKED
Blender 5.2.2 LTS (hash d13f752e3b9c built 2026-09-15 01:49:19)

Blender quit
