00:00.301  blend            | Read blend: "/Users/dean/Documents/MORI/mechanical/mori_v1_2.blend"
FAN_PROGRESS 1 0 {} 0.0
FAN_PROGRESS 1 20 {'tried': 20, 'own_loop': 20} 1.73
FAN_PROGRESS 1 40 {'tried': 40, 'own_loop': 40} 3.44
FAN_PROGRESS 1 60 {'tried': 60, 'own_loop': 59, 'quick_Pitch_Servo': 1} 5.07
FAN_PROGRESS 1 80 {'tried': 80, 'own_loop': 79, 'quick_Pitch_Servo': 1} 6.77
FAN_PROGRESS 1 100 {'tried': 100, 'own_loop': 99, 'quick_Pitch_Servo': 1} 8.51
FAN_PROGRESS 1 120 {'tried': 120, 'own_loop': 118, 'quick_Pitch_Servo': 2} 10.13
FAN_PROGRESS 1 140 {'tried': 140, 'own_loop': 138, 'quick_Pitch_Servo': 2} 11.83
FAN_PROGRESS 1 160 {'tried': 160, 'own_loop': 158, 'quick_Pitch_Servo': 2} 13.57
FAN_PROGRESS 1 180 {'tried': 180, 'own_loop': 178, 'quick_Pitch_Servo': 2} 15.3
FAN_PROGRESS 1 200 {'tried': 200, 'own_loop': 198, 'quick_Pitch_Servo': 2} 17.01
FAN_PROGRESS 1 220 {'tried': 220, 'own_loop': 218, 'quick_Pitch_Servo': 2} 18.77
FAN_PROGRESS 1 240 {'tried': 240, 'own_loop': 238, 'quick_Pitch_Servo': 2} 20.49
FAN_PROGRESS 1 260 {'tried': 260, 'own_loop': 258, 'quick_Pitch_Servo': 2} 22.21
FAN_PROGRESS 1 280 {'tried': 280, 'own_loop': 278, 'quick_Pitch_Servo': 2} 23.91
FAN_PIN_DONE 1 {'tried': 300, 'own_loop': 298, 'quick_Pitch_Servo': 2} 0 25.6
FAN_PROGRESS 2 0 {} 0.0
FAN_FULL_SOURCE 2 0 26.14
FAN_FOUND 2 0 34.7335335230556 26.6
FAN_FULL_SOURCE 2 1 27.07
FAN_FOUND 2 1 34.89268479201496 27.6
FAN_FULL_SOURCE 2 2 28.01
FAN_FOUND 2 2 34.99507452592408 28.5
FAN_PIN_DONE 2 {'tried': 3} 3 28.5
FAN_PROGRESS 3 0 {} 0.0
FAN_FULL_SOURCE 3 17 29.25
FAN_PROGRESS 3 20 {'tried': 20, 'quick_Pitch_Yoke': 7, 'quick_Yaw_Servo': 9, 'quick_CAM_without_own_UART': 3, 'CAM_without_own_UART': 1} 1.39
FAN_PROGRESS 3 40 {'tried': 40, 'quick_Pitch_Yoke': 15, 'quick_Yaw_Servo': 18, 'quick_CAM_without_own_UART': 6, 'CAM_without_own_UART': 1} 1.55
FAN_PROGRESS 3 60 {'tried': 60, 'quick_Pitch_Yoke': 20, 'quick_Yaw_Servo': 32, 'quick_CAM_without_own_UART': 7, 'CAM_without_own_UART': 1} 1.68
FAN_FULL_SOURCE 3 69 31.02
FAN_FOUND 3 0 45.67679486783362 31.7
FAN_PROGRESS 3 80 {'tried': 80, 'quick_Pitch_Yoke': 29, 'quick_Yaw_Servo': 38, 'quick_CAM_without_own_UART': 11, 'CAM_without_own_UART': 1} 3.24
FAN_FULL_SOURCE 3 85 32.36
FAN_FOUND 3 1 44.66120445657411 33.0
FAN_FULL_SOURCE 3 88 33.46
FAN_FOUND 3 2 44.38116686361248 34.1
FAN_PIN_DONE 3 {'tried': 89, 'quick_Pitch_Yoke': 33, 'quick_Yaw_Servo': 40, 'quick_CAM_without_own_UART': 12, 'CAM_without_own_UART': 1} 3 34.1
FAN_PROGRESS 4 0 {} 0.0
FAN_PIN_DONE 4 {'tried': 2, 'quick_Pitch_Yoke': 1, 'quick_Yaw_Servo': 1} 0 34.1
FAN_IN_DONE BLOCKED
Blender 5.2.2 LTS (hash d13f752e3b9c built 2026-09-15 01:49:19)

Blender quit
