00:01.750  blend            | Read blend: "/Users/dean/Documents/MORI/mechanical/mori_v1_2.blend"
FAN_PROGRESS 1 0 {} 0.0
FAN_PROGRESS 1 20 {'tried': 20, 'own_loop': 7, 'curvature': 13} 0.67
FAN_PROGRESS 1 40 {'tried': 40, 'own_loop': 12, 'curvature': 28} 1.13
FAN_PROGRESS 1 60 {'tried': 60, 'own_loop': 20, 'curvature': 40} 1.93
FAN_PROGRESS 1 80 {'tried': 80, 'own_loop': 29, 'curvature': 51} 2.79
FAN_PROGRESS 1 100 {'tried': 100, 'own_loop': 36, 'curvature': 64} 3.46
FAN_PROGRESS 1 120 {'tried': 120, 'own_loop': 46, 'curvature': 74} 4.41
FAN_PROGRESS 1 140 {'tried': 140, 'own_loop': 52, 'curvature': 88} 4.97
FAN_PROGRESS 1 160 {'tried': 160, 'own_loop': 61, 'curvature': 99} 5.8
FAN_PROGRESS 1 180 {'tried': 180, 'own_loop': 66, 'curvature': 114} 6.33
FAN_PROGRESS 1 200 {'tried': 200, 'own_loop': 74, 'curvature': 125, 'quick_Pitch_Servo': 1} 7.12
FAN_PROGRESS 1 220 {'tried': 220, 'own_loop': 83, 'curvature': 136, 'quick_Pitch_Servo': 1} 7.98
FAN_PROGRESS 1 240 {'tried': 240, 'own_loop': 90, 'curvature': 149, 'quick_Pitch_Servo': 1} 8.61
FAN_PROGRESS 1 260 {'tried': 260, 'own_loop': 98, 'curvature': 161, 'quick_Pitch_Servo': 1} 9.39
FAN_PROGRESS 1 280 {'tried': 280, 'own_loop': 105, 'curvature': 174, 'quick_Pitch_Servo': 1} 10.05
FAN_PROGRESS 1 300 {'tried': 300, 'own_loop': 111, 'curvature': 188, 'quick_Pitch_Servo': 1} 10.6
FAN_PROGRESS 1 320 {'tried': 320, 'own_loop': 119, 'curvature': 200, 'quick_Pitch_Servo': 1} 11.39
FAN_PROGRESS 1 340 {'tried': 340, 'own_loop': 127, 'curvature': 212, 'quick_Pitch_Servo': 1} 12.14
FAN_PROGRESS 1 360 {'tried': 360, 'own_loop': 138, 'curvature': 221, 'quick_Pitch_Servo': 1} 13.2
FAN_PROGRESS 1 380 {'tried': 380, 'own_loop': 141, 'curvature': 238, 'quick_Pitch_Servo': 1} 13.47
FAN_PIN_DONE 1 {'tried': 400, 'own_loop': 150, 'curvature': 249, 'quick_Pitch_Servo': 1} 0 14.5
FAN_PROGRESS 2 0 {} 0.0
FAN_PROGRESS 2 20 {'tried': 20, 'curvature': 20} 0.0
FAN_PROGRESS 2 40 {'tried': 40, 'curvature': 40} 0.0
FAN_PROGRESS 2 60 {'tried': 60, 'curvature': 60} 0.01
FAN_PROGRESS 2 80 {'tried': 80, 'curvature': 80} 0.01
FAN_PROGRESS 2 100 {'tried': 100, 'curvature': 100} 0.01
FAN_PROGRESS 2 120 {'tried': 120, 'curvature': 120} 0.01
FAN_PROGRESS 2 140 {'tried': 140, 'curvature': 140} 0.01
FAN_PROGRESS 2 160 {'tried': 160, 'curvature': 160} 0.01
FAN_PROGRESS 2 180 {'tried': 180, 'curvature': 180} 0.02
FAN_PROGRESS 2 200 {'tried': 200, 'curvature': 200} 0.02
FAN_PROGRESS 2 220 {'tried': 220, 'curvature': 220} 0.02
FAN_PROGRESS 2 240 {'tried': 240, 'curvature': 240} 0.02
FAN_PROGRESS 2 260 {'tried': 260, 'curvature': 260} 0.02
FAN_PROGRESS 2 280 {'tried': 280, 'curvature': 280} 0.03
FAN_PROGRESS 2 300 {'tried': 300, 'curvature': 300} 0.03
FAN_PROGRESS 2 320 {'tried': 320, 'curvature': 320} 0.03
FAN_PROGRESS 2 340 {'tried': 340, 'curvature': 340} 0.03
FAN_PROGRESS 2 360 {'tried': 360, 'curvature': 360} 0.03
FAN_PROGRESS 2 380 {'tried': 380, 'curvature': 380} 0.03
FAN_PIN_DONE 2 {'tried': 400, 'curvature': 400} 0 14.6
FAN_PROGRESS 3 0 {} 0.0
FAN_PROGRESS 3 20 {'tried': 20, 'curvature': 20} 0.0
FAN_PROGRESS 3 40 {'tried': 40, 'curvature': 40} 0.01
FAN_PROGRESS 3 60 {'tried': 60, 'curvature': 60} 0.01
FAN_PROGRESS 3 80 {'tried': 80, 'curvature': 80} 0.01
FAN_PROGRESS 3 100 {'tried': 100, 'curvature': 100} 0.01
FAN_PROGRESS 3 120 {'tried': 120, 'curvature': 120} 0.01
FAN_PROGRESS 3 140 {'tried': 140, 'curvature': 140} 0.02
FAN_PROGRESS 3 160 {'tried': 160, 'curvature': 160} 0.02
FAN_PROGRESS 3 180 {'tried': 180, 'curvature': 180} 0.02
FAN_PROGRESS 3 200 {'tried': 200, 'curvature': 200} 0.02
FAN_PROGRESS 3 220 {'tried': 220, 'curvature': 220} 0.03
FAN_PROGRESS 3 240 {'tried': 240, 'curvature': 240} 0.03
FAN_PROGRESS 3 260 {'tried': 260, 'curvature': 260} 0.03
FAN_PROGRESS 3 280 {'tried': 280, 'curvature': 280} 0.03
FAN_PROGRESS 3 300 {'tried': 300, 'curvature': 300} 0.03
FAN_PROGRESS 3 320 {'tried': 320, 'curvature': 320} 0.04
FAN_PROGRESS 3 340 {'tried': 340, 'curvature': 340} 0.04
FAN_PROGRESS 3 360 {'tried': 360, 'curvature': 360} 0.04
FAN_PROGRESS 3 380 {'tried': 380, 'curvature': 380} 0.04
FAN_PIN_DONE 3 {'tried': 400, 'curvature': 400} 0 14.7
FAN_PROGRESS 4 0 {} 0.0
FAN_PROGRESS 4 20 {'tried': 20, 'curvature': 20} 0.0
FAN_PROGRESS 4 40 {'tried': 40, 'curvature': 40} 0.0
FAN_PROGRESS 4 60 {'tried': 60, 'curvature': 60} 0.01
FAN_PROGRESS 4 80 {'tried': 80, 'curvature': 80} 0.01
FAN_PROGRESS 4 100 {'tried': 100, 'curvature': 100} 0.01
FAN_PROGRESS 4 120 {'tried': 120, 'curvature': 120} 0.01
FAN_PROGRESS 4 140 {'tried': 140, 'curvature': 140} 0.01
FAN_PROGRESS 4 160 {'tried': 160, 'curvature': 160} 0.01
FAN_PROGRESS 4 180 {'tried': 180, 'curvature': 180} 0.02
FAN_PROGRESS 4 200 {'tried': 200, 'curvature': 200} 0.02
FAN_PROGRESS 4 220 {'tried': 220, 'curvature': 220} 0.02
FAN_PROGRESS 4 240 {'tried': 240, 'curvature': 240} 0.02
FAN_PROGRESS 4 260 {'tried': 260, 'curvature': 260} 0.02
FAN_PROGRESS 4 280 {'tried': 280, 'curvature': 280} 0.03
FAN_PROGRESS 4 300 {'tried': 300, 'curvature': 300} 0.03
FAN_PROGRESS 4 320 {'tried': 320, 'curvature': 320} 0.03
FAN_PROGRESS 4 340 {'tried': 340, 'curvature': 340} 0.03
FAN_PROGRESS 4 360 {'tried': 360, 'curvature': 360} 0.03
FAN_PROGRESS 4 380 {'tried': 380, 'curvature': 380} 0.04
FAN_PIN_DONE 4 {'tried': 400, 'curvature': 400} 0 14.8
FAN_IN_DONE BLOCKED
Blender 5.2.2 LTS (hash d13f752e3b9c built 2026-09-15 01:49:19)

Blender quit
