00:00.463  blend            | Read blend: "/Users/dean/Documents/MORI/mechanical/mori_v1_2.blend"
{
  "revision": "V1.2-M1.37",
  "head_lugs": [
    {
      "axis_xy": [
        -46.75,
        3.5
      ],
      "rays": [
        {
          "offset_x": 0,
          "parts": {
            "Head_Front": [
              {
                "position": [
                  -46.75,
                  3.5,
                  253.7
                ],
                "normal": [
                  0.0,
                  0.0,
                  -1.0
                ]
              },
              {
                "position": [
                  -46.75,
                  3.5,
                  255.0
                ],
                "normal": [
                  0.0,
                  0.0,
                  1.0
                ]
              },
              {
                "position": [
                  -46.75,
                  3.5,
                  255.4203
                ],
                "normal": [
                  0.814,
                  -0.08,
                  -0.576
                ]
              },
              {
                "position": [
                  -46.75,
                  3.5,
                  259.4071
                ],
                "normal": [
                  -0.785,
                  0.077,
                  0.615
                ]
              }
            ],
            "Pitch_Cradle": [
              {
                "position": [
                  -46.75,
                  3.5,
                  212.0
                ],
                "normal": [
                  0.0,
                  0.0,
                  -1.0
                ]
              },
              {
                "position": [
                  -46.75,
                  3.5,
                  234.0
                ],
                "normal": [
                  0.0,
                  -0.0,
                  1.0
                ]
              }
            ]
          }
        },
        {
          "offset_x": 1.3,
          "parts": {
            "Head_Front": [
              {
                "position": [
                  -45.45,
                  3.5,
                  253.7
                ],
                "normal": [
                  0.0,
                  0.0,
                  -1.0
                ]
              },
              {
                "position": [
                  -45.45,
                  3.5,
                  255.0
                ],
                "normal": [
                  0.0,
                  0.0,
                  1.0
                ]
              },
              {
                "position": [
                  -45.45,
                  3.5,
                  255.5943
                ],
                "normal": [
                  -0.596,
                  0.0,
                  -0.803
                ]
              },
              {
                "position": [
                  -45.45,
                  3.5,
                  260.9703
                ],
                "normal": [
                  -0.754,
                  0.074,
                  0.653
                ]
              }
            ],
            "Pitch_Cradle": [
              {
                "position": [
                  -45.45,
                  3.5,
                  212.0
                ],
                "normal": [
                  0.0,
                  0.0,
                  -1.0
                ]
              },
              {
                "position": [
                  -45.45,
                  3.5,
                  247.0
                ],
                "normal": [
                  0.0,
                  0.0,
                  1.0
                ]
              }
            ]
          }
        },
        {
          "offset_x": 2.1,
          "parts": {
            "Head_Front": [
              {
                "position": [
                  -44.65,
                  3.5,
                  247.0
                ],
                "normal": [
                  0.0,
                  0.0,
                  -1.0
                ]
              },
              {
                "position": [
                  -44.65,
                  3.5,
                  255.0
                ],
                "normal": [
                  0.0,
                  0.0,
                  1.0
                ]
              },
              {
                "position": [
                  -44.65,
                  3.5,
                  255.1399
                ],
                "normal": [
                  -0.428,
                  0.0,
                  -0.904
                ]
              },
              {
                "position": [
                  -44.65,
                  3.5,
                  261.8937
                ],
                "normal": [
                  -0.754,
                  0.074,
                  0.653
                ]
              }
            ],
            "Pitch_Cradle": [
              {
                "position": [
                  -44.65,
                  3.5,
                  212.0
                ],
                "normal": [
                  0.0,
                  0.0,
                  -1.0
                ]
              },
              {
                "position": [
                  -44.65,
                  3.5,
                  247.0
                ],
                "normal": [
                  0.0,
                  0.0,
                  1.0
                ]
              }
            ]
          }
        },
        {
          "offset_x": -1.3,
          "parts": {
            "Head_Front": [
              {
                "position": [
                  -48.05,
                  3.5,
                  253.7
                ],
                "normal": [
                  0.0,
                  0.0,
                  -1.0
                ]
              },
              {
                "position": [
                  -48.05,
                  3.5,
                  257.7484
                ],
                "normal": [
                  -0.785,
                  0.077,
                  0.615
                ]
              }
            ],
            "Pitch_Cradle": [
              {
                "position": [
                  -48.05,
                  3.5,
                  235.0
                ],
                "normal": [
                  0.0,
                  0.0,
                  -1.0
                ]
              },
              {
                "position": [
                  -48.05,
                  3.5,
                  247.0
                ],
                "normal": [
                  0.0,
                  0.0,
                  1.0
                ]
              }
            ]
          }
        },
        {
          "offset_x": -2.1,
          "parts": {
            "Head_Front": [
              {
                "position": [
                  -48.85,
                  3.5,
                  247.0
                ],
                "normal": [
                  0.0,
                  0.0,
                  -1.0
                ]
              },
              {
                "position": [
                  -48.85,
                  3.5,
                  256.618
                ],
                "normal": [
                  -0.814,
                  0.08,
                  0.576
                ]
              }
            ],
            "Pitch_Cradle": [
              {
                "position": [
                  -48.85,
                  3.5,
                  235.0
                ],
                "normal": [
                  0.0,
                  0.0,
                  -1.0
                ]
              },
              {
                "position": [
                  -48.85,
                  3.5,
                  247.0
                ],
                "normal": [
                  0.0,
                  0.0,
                  1.0
                ]
              }
            ]
          }
        }
      ]
    },
    {
      "axis_xy": [
        46.75,
        3.5
      ],
      "rays": [
        {
          "offset_x": 0,
          "parts": {
            "Head_Front": [
              {
                "position": [
                  46.75,
                  3.5,
                  253.7
                ],
                "normal": [
                  0.0,
                  0.0,
                  -1.0
                ]
              },
              {
                "position": [
                  46.75,
                  3.5,
                  255.0
                ],
                "normal": [
                  0.0,
                  0.0,
                  1.0
                ]
              },
              {
                "position": [
                  46.75,
                  3.5,
                  255.4202
                ],
                "normal": [
                  -0.814,
                  -0.08,
                  -0.576
                ]
              },
              {
                "position": [
                  46.75,
                  3.5,
                  259.407
                ],
                "normal": [
                  0.785,
                  0.077,
                  0.615
                ]
              }
            ],
            "Pitch_Cradle": [
              {
                "position": [
                  46.75,
                  3.5,
                  212.0
                ],
                "normal": [
                  0.0,
                  0.0,
                  -1.0
                ]
              },
              {
                "position": [
                  46.75,
                  3.5,
                  234.0
                ],
                "normal": [
                  0.0,
                  0.0,
                  1.0
                ]
              }
            ]
          }
        },
        {
          "offset_x": -1.3,
          "parts": {
            "Head_Front": [
              {
                "position": [
                  45.45,
                  3.5,
                  253.7
                ],
                "normal": [
                  0.0,
                  0.0,
                  -1.0
                ]
              },
              {
                "position": [
                  45.45,
                  3.5,
                  255.0
                ],
                "normal": [
                  0.0,
                  0.0,
                  1.0
                ]
              },
              {
                "position": [
                  45.45,
                  3.5,
                  255.5943
                ],
                "normal": [
                  0.596,
                  0.0,
                  -0.803
                ]
              },
              {
                "position": [
                  45.45,
                  3.5,
                  260.9702
                ],
                "normal": [
                  0.754,
                  0.074,
                  0.653
                ]
              }
            ],
            "Pitch_Cradle": [
              {
                "position": [
                  45.45,
                  3.5,
                  212.0
                ],
                "normal": [
                  0.0,
                  0.0,
                  -1.0
                ]
              },
              {
                "position": [
                  45.45,
                  3.5,
                  247.0
                ],
                "normal": [
                  0.0,
                  0.0,
                  1.0
                ]
              }
            ]
          }
        },
        {
          "offset_x": -2.1,
          "parts": {
            "Head_Front": [
              {
                "position": [
                  44.65,
                  3.5,
                  247.0
                ],
                "normal": [
                  0.0,
                  0.0,
                  -1.0
                ]
              },
              {
                "position": [
                  44.65,
                  3.5,
                  255.0
                ],
                "normal": [
                  0.0,
                  0.0,
                  1.0
                ]
              },
              {
                "position": [
                  44.65,
                  3.5,
                  255.1399
                ],
                "normal": [
                  0.428,
                  0.0,
                  -0.904
                ]
              },
              {
                "position": [
                  44.65,
                  3.5,
                  261.8936
                ],
                "normal": [
                  0.754,
                  0.074,
                  0.653
                ]
              }
            ],
            "Pitch_Cradle": [
              {
                "position": [
                  44.65,
                  3.5,
                  212.0
                ],
                "normal": [
                  0.0,
                  0.0,
                  -1.0
                ]
              },
              {
                "position": [
                  44.65,
                  3.5,
                  247.0
                ],
                "normal": [
                  0.0,
                  0.0,
                  1.0
                ]
              }
            ]
          }
        },
        {
          "offset_x": 1.3,
          "parts": {
            "Head_Front": [
              {
                "position": [
                  48.05,
                  3.5,
                  253.7
                ],
                "normal": [
                  0.0,
                  0.0,
                  -1.0
                ]
              },
              {
                "position": [
                  48.05,
                  3.5,
                  257.7483
                ],
                "normal": [
                  0.785,
                  0.077,
                  0.615
                ]
              }
            ],
            "Pitch_Cradle": [
              {
                "position": [
                  48.05,
                  3.5,
                  235.0
                ],
                "normal": [
                  0.0,
                  0.0,
                  -1.0
                ]
              },
              {
                "position": [
                  48.05,
                  3.5,
                  247.0
                ],
                "normal": [
                  0.0,
                  0.0,
                  1.0
                ]
              }
            ]
          }
        },
        {
          "offset_x": 2.1,
          "parts": {
            "Head_Front": [
              {
                "position": [
                  48.85,
                  3.5,
                  247.0
                ],
                "normal": [
                  0.0,
                  0.0,
                  -1.0
                ]
              },
              {
                "position": [
                  48.85,
                  3.5,
                  256.618
                ],
                "normal": [
                  0.814,
                  0.08,
                  0.576
                ]
              }
            ],
            "Pitch_Cradle": [
              {
                "position": [
                  48.85,
                  3.5,
                  235.0
                ],
                "normal": [
                  0.0,
                  0.0,
                  -1.0
                ]
              },
              {
                "position": [
                  48.85,
                  3.5,
                  247.0
                ],
                "normal": [
                  0.0,
                  0.0,
                  1.0
                ]
              }
            ]
          }
        }
      ]
    }
  ],
  "LCD": [
    {
      "index": 0,
      "post_back_face": [
        0.0,
        37.293914794921875,
        249.83895874023438
      ],
      "axis": [
        0.0,
        0.9848077297210693,
        0.1736481487751007
      ],
      "rays": [
        {
          "offset_x": 0,
          "parts": {
            "Display_Frame": [
              {
                "position": [
                  0.0,
                  27.5,
                  248.112
                ],
                "normal": [
                  0.0,
                  -1.0,
                  0.0
                ]
              },
              {
                "position": [
                  0.0,
                  30.5,
                  248.641
                ],
                "normal": [
                  0.0,
                  1.0,
                  -0.0
                ]
              }
            ],
            "Display_PCB": [
              {
                "position": [
                  0.0,
                  40.7938,
                  250.4561
                ],
                "normal": [
                  -0.0,
                  -0.985,
                  -0.174
                ]
              },
              {
                "position": [
                  0.0,
                  42.7104,
                  250.794
                ],
                "normal": [
                  -0.0,
                  0.985,
                  0.174
                ]
              },
              {
                "position": [
                  0.0,
                  43.0058,
                  250.8461
                ],
                "normal": [
                  0.0,
                  -0.985,
                  -0.174
                ]
              },
              {
                "position": [
                  0.0,
                  46.2261,
                  251.4139
                ],
                "normal": [
                  0.0,
                  0.985,
                  0.174
                ]
              }
            ]
          }
        },
        {
          "offset_x": 0.8,
          "parts": {
            "Display_Frame": [
              {
                "position": [
                  0.8,
                  27.5,
                  248.112
                ],
                "normal": [
                  0.0,
                  -1.0,
                  0.0
                ]
              },
              {
                "position": [
                  0.8,
                  30.5,
                  248.641
                ],
                "normal": [
                  0.0,
                  1.0,
                  -0.0
                ]
              }
            ],
            "Display_PCB": [
              {
                "position": [
                  0.8,
                  37.7861,
                  249.9257
                ],
                "normal": [
                  -0.45,
                  -0.865,
                  -0.222
                ]
              },
              {
                "position": [
                  0.8,
                  37.7864,
                  249.9258
                ],
                "normal": [
                  -0.456,
                  0.861,
                  0.226
                ]
              },
              {
                "position": [
                  0.8,
                  38.1801,
                  249.9952
                ],
                "normal": [
                  -0.459,
                  -0.857,
                  -0.233
                ]
              },
              {
                "position": [
                  0.8,
                  38.1802,
                  249.9952
                ],
                "normal": [
                  -0.455,
                  0.865,
                  0.214
                ]
              },
              {
                "position": [
                  0.8,
                  38.5739,
                  250.0647
                ],
                "normal": [
                  -0.449,
                  -0.865,
                  -0.223
                ]
              },
              {
                "position": [
                  0.8,
                  38.5742,
                  250.0647
                ],
                "normal": [
                  -0.454,
                  0.862,
                  0.226
                ]
              },
              {
                "position": [
                  0.8,
                  38.968,
                  250.1341
                ],
                "normal": [
                  -0.463,
                  -0.855,
                  -0.234
                ]
              },
              {
                "position": [
                  0.8,
                  38.968,
                  250.1342
                ],
                "normal": [
                  -0.457,
                  0.864,
                  0.213
                ]
              },
              {
                "position": [
                  0.8,
                  39.3619,
                  250.2036
                ],
                "normal": [
                  -0.449,
                  -0.867,
                  -0.214
                ]
              },
              {
                "position": [
                  0.8,
                  39.362,
                  250.2036
                ],
                "normal": [
                  -0.45,
                  0.862,
                  0.235
                ]
              },
              {
                "position": [
                  0.8,
                  39.7557,
                  250.273
                ],
                "normal": [
                  -0.472,
                  -0.853,
                  -0.223
                ]
              },
              {
                "position": [
                  0.8,
                  39.756,
                  250.2731
                ],
                "normal": [
                  -0.463,
                  0.859,
                  0.221
                ]
              },
              {
                "position": [
                  0.8,
                  40.1497,
                  250.3425
                ],
                "normal": [
                  -0.446,
                  -0.869,
                  -0.215
                ]
              },
              {
                "position": [
                  0.8,
                  40.1498,
                  250.3425
                ],
                "normal": [
                  -0.445,
                  0.864,
                  0.235
                ]
              },
              {
                "position": [
                  0.8,
                  40.5436,
                  250.412
                ],
                "normal": [
                  -0.446,
                  -0.868,
                  -0.217
                ]
              },
              {
                "position": [
                  0.8,
                  40.5438,
                  250.412
                ],
                "normal": [
                  -0.457,
                  0.859,
                  0.231
                ]
              },
              {
                "position": [
                  0.8,
                  40.7938,
                  250.4561
                ],
                "normal": [
                  0.0,
                  -0.985,
                  -0.174
                ]
              },
              {
                "position": [
                  0.8,
                  42.7104,
                  250.794
                ],
                "normal": [
                  -0.0,
                  0.985,
                  0.174
                ]
              },
              {
                "position": [
                  0.8,
                  43.0058,
                  250.8461
                ],
                "normal": [
                  0.0,
                  -0.985,
                  -0.174
                ]
              },
              {
                "position": [
                  0.8,
                  46.2261,
                  251.4139
                ],
                "normal": [
                  0.0,
                  0.985,
                  0.174
                ]
              }
            ]
          }
        },
        {
          "offset_x": 1.05,
          "parts": {
            "Display_Frame": [
              {
                "position": [
                  1.05,
                  27.5,
                  248.112
                ],
                "normal": [
                  0.0,
                  -1.0,
                  0.0
                ]
              },
              {
                "position": [
                  1.05,
                  30.5,
                  248.641
                ],
                "normal": [
                  0.0,
                  1.0,
                  -0.0
                ]
              }
            ],
            "Display_PCB": [
              {
                "position": [
                  1.05,
                  37.3431,
                  249.8476
                ],
                "normal": [
                  -0.707,
                  -0.689,
                  -0.162
                ]
              },
              {
                "position": [
                  1.05,
                  42.7104,
                  250.794
                ],
                "normal": [
                  0.0,
                  0.985,
                  0.174
                ]
              },
              {
                "position": [
                  1.05,
                  43.0058,
                  250.8461
                ],
                "normal": [
                  0.0,
                  -0.985,
                  -0.174
                ]
              },
              {
                "position": [
                  1.05,
                  46.2261,
                  251.4139
                ],
                "normal": [
                  0.0,
                  0.985,
                  0.174
                ]
              }
            ]
          }
        },
        {
          "offset_x": 1.3,
          "parts": {
            "Display_Frame": [
              {
                "position": [
                  1.3,
                  27.5,
                  248.112
                ],
                "normal": [
                  0.0,
                  -1.0,
                  0.0
                ]
              },
              {
                "position": [
                  1.3,
                  37.2939,
                  249.839
                ],
                "normal": [
                  0.0,
                  1.0,
                  0.0
                ]
              }
            ],
            "Display_PCB": [
              {
                "position": [
                  1.3,
                  37.2939,
                  249.839
                ],
                "normal": [
                  0.0,
                  -0.985,
                  -0.174
                ]
              },
              {
                "position": [
                  1.3,
                  42.7104,
                  250.794
                ],
                "normal": [
                  0.0,
                  0.985,
                  0.174
                ]
              },
              {
                "position": [
                  1.3,
                  43.0058,
                  250.8461
                ],
                "normal": [
                  0.0,
                  -0.985,
                  -0.174
                ]
              },
              {
                "position": [
                  1.3,
                  46.2261,
                  251.4139
                ],
                "normal": [
                  0.0,
                  0.985,
                  0.174
                ]
              }
            ]
          }
        },
        {
          "offset_x": 1.8,
          "parts": {
            "Display_Frame": [
              {
                "position": [
                  1.8,
                  27.5,
                  248.112
                ],
                "normal": [
                  0.0,
                  -1.0,
                  0.0
                ]
              },
              {
                "position": [
                  1.8,
                  37.2939,
                  249.839
                ],
                "normal": [
                  0.0,
                  1.0,
                  0.0
                ]
              }
            ],
            "Display_PCB": [
              {
                "position": [
                  1.8,
                  37.2939,
                  249.839
                ],
                "normal": [
                  0.0,
                  -0.985,
                  -0.174
                ]
              },
              {
                "position": [
                  1.8,
                  42.8088,
                  250.8114
                ],
                "normal": [
                  -0.0,
                  0.985,
                  0.174
                ]
              },
              {
                "position": [
                  1.8,
                  43.0058,
                  250.8461
                ],
                "normal": [
                  0.0,
                  -0.985,
                  -0.174
                ]
              },
              {
                "position": [
                  1.8,
                  46.2261,
                  251.4139
                ],
                "normal": [
                  0.0,
                  0.985,
                  0.174
                ]
              }
            ]
          }
        },
        {
          "offset_x": 2.4,
          "parts": {
            "Display_Frame": [
              {
                "position": [
                  2.4,
                  27.5,
                  248.112
                ],
                "normal": [
                  0.0,
                  -1.0,
                  0.0
                ]
              },
              {
                "position": [
                  2.4,
                  37.2939,
                  249.839
                ],
                "normal": [
                  0.0,
                  1.0,
                  0.0
                ]
              }
            ],
            "Display_PCB": [
              {
                "position": [
                  2.4,
                  41.2331,
                  250.5336
                ],
                "normal": [
                  -0.0,
                  -0.985,
                  -0.174
                ]
              },
              {
                "position": [
                  2.4,
                  42.8088,
                  250.8114
                ],
                "normal": [
                  0.0,
                  0.985,
                  0.174
                ]
              },
              {
                "position": [
                  2.4,
                  43.0058,
                  250.8461
                ],
                "normal": [
                  -0.0,
                  -0.985,
                  -0.174
                ]
              },
              {
                "position": [
                  2.4,
                  46.2261,
                  251.4139
                ],
                "normal": [
                  0.0,
                  0.985,
                  0.174
                ]
              }
            ]
          }
        }
      ]
    },
    {
      "index": 1,
      "post_back_face": [
        -14.849242210388184,
        43.51906967163086,
        214.5343475341797
      ],
      "axis": [
        0.0,
        0.9848077297210693,
        0.1736481487751007
      ],
      "rays": [
        {
          "offset_x": 0,
          "parts": {
            "Display_Frame": [
              {
                "position": [
                  -14.8492,
                  27.5,
                  211.7098
                ],
                "normal": [
                  0.0,
                  -1.0,
                  0.0
                ]
              },
              {
                "position": [
                  -14.8492,
                  30.5,
                  212.2387
                ],
                "normal": [
                  0.0,
                  1.0,
                  -0.0
                ]
              }
            ],
            "Display_PCB": [
              {
                "position": [
                  -14.8492,
                  47.0189,
                  215.1515
                ],
                "normal": [
                  -0.0,
                  -0.985,
                  -0.174
                ]
              },
              {
                "position": [
                  -14.8492,
                  48.9355,
                  215.4894
                ],
                "normal": [
                  0.0,
                  0.985,
                  0.174
                ]
              },
              {
                "position": [
                  -14.8492,
                  49.034,
                  215.5068
                ],
                "normal": [
                  -0.0,
                  -0.985,
                  -0.174
                ]
              },
              {
                "position": [
                  -14.8492,
                  52.4513,
                  216.1093
                ],
                "normal": [
                  -0.0,
                  0.985,
                  0.174
                ]
              }
            ]
          }
        },
        {
          "offset_x": 0.8,
          "parts": {
            "Display_Frame": [
              {
                "position": [
                  -14.0492,
                  27.5,
                  211.7098
                ],
                "normal": [
                  0.0,
                  -1.0,
                  0.0
                ]
              },
              {
                "position": [
                  -14.0492,
                  30.5,
                  212.2387
                ],
                "normal": [
                  0.0,
                  1.0,
                  -0.0
                ]
              }
            ],
            "Display_PCB": [
              {
                "position": [
                  -14.0492,
                  44.0112,
                  214.6211
                ],
                "normal": [
                  -0.45,
                  -0.865,
                  -0.222
                ]
              },
              {
                "position": [
                  -14.0492,
                  44.0115,
                  214.6212
                ],
                "normal": [
                  -0.456,
                  0.861,
                  0.226
                ]
              },
              {
                "position": [
                  -14.0492,
                  44.4053,
                  214.6906
                ],
                "normal": [
                  -0.459,
                  -0.857,
                  -0.233
                ]
              },
              {
                "position": [
                  -14.0492,
                  44.4054,
                  214.6906
                ],
                "normal": [
                  -0.455,
                  0.865,
                  0.214
                ]
              },
              {
                "position": [
                  -14.0492,
                  44.7991,
                  214.76
                ],
                "normal": [
                  -0.449,
                  -0.865,
                  -0.223
                ]
              },
              {
                "position": [
                  -14.0492,
                  44.7994,
                  214.7601
                ],
                "normal": [
                  -0.454,
                  0.862,
                  0.226
                ]
              },
              {
                "position": [
                  -14.0492,
                  45.1931,
                  214.8295
                ],
                "normal": [
                  -0.463,
                  -0.855,
                  -0.234
                ]
              },
              {
                "position": [
                  -14.0492,
                  45.1932,
                  214.8295
                ],
                "normal": [
                  -0.457,
                  0.864,
                  0.213
                ]
              },
              {
                "position": [
                  -14.0492,
                  45.587,
                  214.899
                ],
                "normal": [
                  -0.449,
                  -0.867,
                  -0.214
                ]
              },
              {
                "position": [
                  -14.0492,
                  45.5871,
                  214.899
                ],
                "normal": [
                  -0.45,
                  0.862,
                  0.235
                ]
              },
              {
                "position": [
                  -14.0492,
                  45.9808,
                  214.9684
                ],
                "normal": [
                  -0.472,
                  -0.853,
                  -0.223
                ]
              },
              {
                "position": [
                  -14.0492,
                  45.9812,
                  214.9685
                ],
                "normal": [
                  -0.463,
                  0.859,
                  0.221
                ]
              },
              {
                "position": [
                  -14.0492,
                  46.3749,
                  215.0379
                ],
                "normal": [
                  -0.446,
                  -0.869,
                  -0.215
                ]
              },
              {
                "position": [
                  -14.0492,
                  46.375,
                  215.0379
                ],
                "normal": [
                  -0.445,
                  0.864,
                  0.235
                ]
              },
              {
                "position": [
                  -14.0492,
                  46.7688,
                  215.1074
                ],
                "normal": [
                  -0.446,
                  -0.868,
                  -0.217
                ]
              },
              {
                "position": [
                  -14.0492,
                  46.7689,
                  215.1074
                ],
                "normal": [
                  -0.457,
                  0.859,
                  0.231
                ]
              },
              {
                "position": [
                  -14.0492,
                  47.0189,
                  215.1515
                ],
                "normal": [
                  -0.0,
                  -0.985,
                  -0.174
                ]
              },
              {
                "position": [
                  -14.0492,
                  48.9355,
                  215.4894
                ],
                "normal": [
                  -0.0,
                  0.985,
                  0.174
                ]
              },
              {
                "position": [
                  -14.0492,
                  49.034,
                  215.5068
                ],
                "normal": [
                  -0.0,
                  -0.985,
                  -0.174
                ]
              },
              {
                "position": [
                  -14.0492,
                  52.4513,
                  216.1093
                ],
                "normal": [
                  -0.0,
                  0.985,
                  0.174
                ]
              }
            ]
          }
        },
        {
          "offset_x": 1.05,
          "parts": {
            "Display_Frame": [
              {
                "position": [
                  -13.7992,
                  27.5,
                  211.7098
                ],
                "normal": [
                  0.0,
                  -1.0,
                  0.0
                ]
              },
              {
                "position": [
                  -13.7992,
                  30.5,
                  212.2387
                ],
                "normal": [
                  0.0,
                  1.0,
                  -0.0
                ]
              }
            ],
            "Display_PCB": [
              {
                "position": [
                  -13.7992,
                  43.5682,
                  214.543
                ],
                "normal": [
                  -0.707,
                  -0.689,
                  -0.162
                ]
              },
              {
                "position": [
                  -13.7992,
                  48.9355,
                  215.4894
                ],
                "normal": [
                  0.0,
                  0.985,
                  0.174
                ]
              },
              {
                "position": [
                  -13.7992,
                  49.034,
                  215.5068
                ],
                "normal": [
                  0.0,
                  -0.985,
                  -0.174
                ]
              },
              {
                "position": [
                  -13.7992,
                  52.4513,
                  216.1093
                ],
                "normal": [
                  -0.0,
                  0.985,
                  0.174
                ]
              }
            ]
          }
        },
        {
          "offset_x": 1.3,
          "parts": {
            "Display_Frame": [
              {
                "position": [
                  -13.5492,
                  27.5,
                  211.7098
                ],
                "normal": [
                  0.0,
                  -1.0,
                  0.0
                ]
              },
              {
                "position": [
                  -13.5492,
                  43.5191,
                  214.5343
                ],
                "normal": [
                  -0.0,
                  0.985,
                  0.174
                ]
              }
            ],
            "Display_PCB": [
              {
                "position": [
                  -13.5492,
                  43.5191,
                  214.5343
                ],
                "normal": [
                  0.0,
                  -0.985,
                  -0.174
                ]
              },
              {
                "position": [
                  -13.5492,
                  48.9355,
                  215.4894
                ],
                "normal": [
                  0.0,
                  0.985,
                  0.174
                ]
              },
              {
                "position": [
                  -13.5492,
                  49.034,
                  215.5068
                ],
                "normal": [
                  -0.0,
                  -0.985,
                  -0.174
                ]
              },
              {
                "position": [
                  -13.5492,
                  52.4513,
                  216.1093
                ],
                "normal": [
                  -0.0,
                  0.985,
                  0.174
                ]
              }
            ]
          }
        },
        {
          "offset_x": 1.8,
          "parts": {
            "Display_Frame": [
              {
                "position": [
                  -13.0492,
                  27.5,
                  211.7098
                ],
                "normal": [
                  0.0,
                  -1.0,
                  0.0
                ]
              },
              {
                "position": [
                  -13.0492,
                  43.5191,
                  214.5343
                ],
                "normal": [
                  -0.0,
                  0.985,
                  0.174
                ]
              }
            ],
            "Display_PCB": [
              {
                "position": [
                  -13.0492,
                  43.5191,
                  214.5343
                ],
                "normal": [
                  0.0,
                  -0.985,
                  -0.174
                ]
              },
              {
                "position": [
                  -13.0492,
                  52.4513,
                  216.1093
                ],
                "normal": [
                  -0.0,
                  0.985,
                  0.174
                ]
              }
            ]
          }
        },
        {
          "offset_x": 2.4,
          "parts": {
            "Display_Frame": [
              {
                "position": [
                  -12.4492,
                  27.5,
                  211.7098
                ],
                "normal": [
                  0.0,
                  -1.0,
                  0.0
                ]
              },
              {
                "position": [
                  -12.4492,
                  43.5191,
                  214.5343
                ],
                "normal": [
                  0.0,
                  1.0,
                  0.0
                ]
              }
            ],
            "Display_PCB": [
              {
                "position": [
                  -12.4492,
                  47.4583,
                  215.2289
                ],
                "normal": [
                  -0.0,
                  -0.985,
                  -0.174
                ]
              },
              {
                "position": [
                  -12.4492,
                  52.4513,
                  216.1093
                ],
                "normal": [
                  -0.0,
                  0.985,
                  0.174
                ]
              }
            ]
          }
        }
      ]
    },
    {
      "index": 2,
      "post_back_face": [
        14.849242210388184,
        43.51906967163086,
        214.5343475341797
      ],
      "axis": [
        0.0,
        0.9848077297210693,
        0.1736481487751007
      ],
      "rays": [
        {
          "offset_x": 0,
          "parts": {
            "Display_Frame": [
              {
                "position": [
                  14.8492,
                  27.5,
                  211.7098
                ],
                "normal": [
                  0.0,
                  -1.0,
                  0.0
                ]
              },
              {
                "position": [
                  14.8492,
                  30.5,
                  212.2387
                ],
                "normal": [
                  0.0,
                  1.0,
                  -0.0
                ]
              }
            ],
            "Display_PCB": [
              {
                "position": [
                  14.8492,
                  47.0189,
                  215.1515
                ],
                "normal": [
                  -0.0,
                  -0.985,
                  -0.174
                ]
              },
              {
                "position": [
                  14.8492,
                  48.9355,
                  215.4894
                ],
                "normal": [
                  0.0,
                  0.985,
                  0.174
                ]
              },
              {
                "position": [
                  14.8492,
                  49.034,
                  215.5068
                ],
                "normal": [
                  -0.0,
                  -0.985,
                  -0.174
                ]
              },
              {
                "position": [
                  14.8492,
                  52.4513,
                  216.1093
                ],
                "normal": [
                  0.0,
                  0.985,
                  0.174
                ]
              }
            ]
          }
        },
        {
          "offset_x": 0.8,
          "parts": {
            "Display_Frame": [
              {
                "position": [
                  15.6492,
                  27.5,
                  211.7098
                ],
                "normal": [
                  0.0,
                  -1.0,
                  0.0
                ]
              },
              {
                "position": [
                  15.6492,
                  30.5,
                  212.2387
                ],
                "normal": [
                  0.0,
                  1.0,
                  -0.0
                ]
              }
            ],
            "Display_PCB": [
              {
                "position": [
                  15.6492,
                  44.0083,
                  214.6206
                ],
                "normal": [
                  -0.444,
                  -0.867,
                  -0.226
                ]
              },
              {
                "position": [
                  15.6492,
                  44.0086,
                  214.6207
                ],
                "normal": [
                  -0.445,
                  0.867,
                  0.224
                ]
              },
              {
                "position": [
                  15.6492,
                  44.4023,
                  214.6901
                ],
                "normal": [
                  -0.463,
                  -0.861,
                  -0.212
                ]
              },
              {
                "position": [
                  15.6492,
                  44.4024,
                  214.6901
                ],
                "normal": [
                  -0.451,
                  0.861,
                  0.235
                ]
              },
              {
                "position": [
                  15.6492,
                  44.7961,
                  214.7595
                ],
                "normal": [
                  -0.447,
                  -0.865,
                  -0.226
                ]
              },
              {
                "position": [
                  15.6492,
                  44.7964,
                  214.7596
                ],
                "normal": [
                  -0.447,
                  0.866,
                  0.223
                ]
              },
              {
                "position": [
                  15.6492,
                  45.1901,
                  214.829
                ],
                "normal": [
                  -0.466,
                  -0.859,
                  -0.212
                ]
              },
              {
                "position": [
                  15.6492,
                  45.1902,
                  214.829
                ],
                "normal": [
                  -0.454,
                  0.86,
                  0.234
                ]
              },
              {
                "position": [
                  15.6492,
                  45.584,
                  214.8985
                ],
                "normal": [
                  -0.45,
                  -0.866,
                  -0.217
                ]
              },
              {
                "position": [
                  15.6492,
                  45.5842,
                  214.8985
                ],
                "normal": [
                  -0.445,
                  0.865,
                  0.232
                ]
              },
              {
                "position": [
                  15.6492,
                  45.9779,
                  214.9679
                ],
                "normal": [
                  -0.447,
                  -0.865,
                  -0.23
                ]
              },
              {
                "position": [
                  15.6492,
                  45.9782,
                  214.9679
                ],
                "normal": [
                  -0.453,
                  0.864,
                  0.219
                ]
              },
              {
                "position": [
                  15.6492,
                  46.3718,
                  215.0374
                ],
                "normal": [
                  -0.45,
                  -0.866,
                  -0.217
                ]
              },
              {
                "position": [
                  15.6492,
                  46.3721,
                  215.0374
                ],
                "normal": [
                  -0.444,
                  0.866,
                  0.232
                ]
              },
              {
                "position": [
                  15.6492,
                  46.7657,
                  215.1068
                ],
                "normal": [
                  -0.458,
                  -0.862,
                  -0.219
                ]
              },
              {
                "position": [
                  15.6492,
                  46.766,
                  215.1069
                ],
                "normal": [
                  -0.446,
                  0.865,
                  0.229
                ]
              },
              {
                "position": [
                  15.6492,
                  47.0189,
                  215.1515
                ],
                "normal": [
                  0.0,
                  -0.985,
                  -0.174
                ]
              },
              {
                "position": [
                  15.6492,
                  48.9355,
                  215.4894
                ],
                "normal": [
                  0.0,
                  0.985,
                  0.174
                ]
              },
              {
                "position": [
                  15.6492,
                  49.034,
                  215.5068
                ],
                "normal": [
                  -0.0,
                  -0.985,
                  -0.174
                ]
              },
              {
                "position": [
                  15.6492,
                  52.4513,
                  216.1093
                ],
                "normal": [
                  -0.0,
                  0.985,
                  0.174
                ]
              }
            ]
          }
        },
        {
          "offset_x": 1.05,
          "parts": {
            "Display_Frame": [
              {
                "position": [
                  15.8992,
                  27.5,
                  211.7098
                ],
                "normal": [
                  0.0,
                  -1.0,
                  0.0
                ]
              },
              {
                "position": [
                  15.8992,
                  30.5,
                  212.2387
                ],
                "normal": [
                  0.0,
                  1.0,
                  -0.0
                ]
              }
            ],
            "Display_PCB": [
              {
                "position": [
                  15.8992,
                  43.5666,
                  214.5427
                ],
                "normal": [
                  -0.708,
                  -0.695,
                  -0.129
                ]
              },
              {
                "position": [
                  15.8992,
                  48.9355,
                  215.4894
                ],
                "normal": [
                  0.0,
                  0.985,
                  0.174
                ]
              },
              {
                "position": [
                  15.8992,
                  49.034,
                  215.5068
                ],
                "normal": [
                  0.0,
                  -0.985,
                  -0.174
                ]
              },
              {
                "position": [
                  15.8992,
                  52.4513,
                  216.1093
                ],
                "normal": [
                  -0.0,
                  0.985,
                  0.174
                ]
              }
            ]
          }
        },
        {
          "offset_x": 1.3,
          "parts": {
            "Display_Frame": [
              {
                "position": [
                  16.1492,
                  27.5,
                  211.7098
                ],
                "normal": [
                  0.0,
                  -1.0,
                  0.0
                ]
              },
              {
                "position": [
                  16.1492,
                  43.5191,
                  214.5343
                ],
                "normal": [
                  -0.0,
                  0.985,
                  0.174
                ]
              }
            ],
            "Display_PCB": [
              {
                "position": [
                  16.1492,
                  43.5191,
                  214.5343
                ],
                "normal": [
                  -0.0,
                  -0.985,
                  -0.174
                ]
              },
              {
                "position": [
                  16.1492,
                  48.9355,
                  215.4894
                ],
                "normal": [
                  0.0,
                  0.985,
                  0.174
                ]
              },
              {
                "position": [
                  16.1492,
                  49.034,
                  215.5068
                ],
                "normal": [
                  -0.0,
                  -0.985,
                  -0.174
                ]
              },
              {
                "position": [
                  16.1492,
                  52.4513,
                  216.1093
                ],
                "normal": [
                  -0.0,
                  0.985,
                  0.174
                ]
              }
            ]
          }
        },
        {
          "offset_x": 1.8,
          "parts": {
            "Display_Frame": [
              {
                "position": [
                  16.6492,
                  27.5,
                  211.7098
                ],
                "normal": [
                  0.0,
                  -1.0,
                  0.0
                ]
              },
              {
                "position": [
                  16.6492,
                  43.5191,
                  214.5343
                ],
                "normal": [
                  -0.0,
                  0.985,
                  0.173
                ]
              }
            ],
            "Display_PCB": [
              {
                "position": [
                  16.6492,
                  43.5191,
                  214.5343
                ],
                "normal": [
                  -0.0,
                  -0.985,
                  -0.174
                ]
              },
              {
                "position": [
                  16.6492,
                  52.4513,
                  216.1093
                ],
                "normal": [
                  -0.0,
                  0.985,
                  0.174
                ]
              }
            ]
          }
        },
        {
          "offset_x": 2.4,
          "parts": {
            "Display_Frame": [
              {
                "position": [
                  17.2492,
                  27.5,
                  211.7098
                ],
                "normal": [
                  0.0,
                  -1.0,
                  0.0
                ]
              },
              {
                "position": [
                  17.2492,
                  43.5191,
                  214.5343
                ],
                "normal": [
                  -0.0,
                  0.985,
                  0.173
                ]
              }
            ],
            "Display_PCB": [
              {
                "position": [
                  17.2492,
                  47.4583,
                  215.2289
                ],
                "normal": [
                  -0.0,
                  -0.985,
                  -0.174
                ]
              },
              {
                "position": [
                  17.2492,
                  52.4513,
                  216.1093
                ],
                "normal": [
                  0.0,
                  0.985,
                  0.174
                ]
              }
            ]
          }
        }
      ]
    }
  ],
  "rear_seams": [
    {
      "x": -43,
      "z": 259.0,
      "rays": [
        {
          "Head_Front": [
            {
              "position": [
                -43.0,
                4.0,
                259.0
              ],
              "normal": [
                0.0,
                -1.0,
                0.0
              ]
            },
            {
              "position": [
                -43.0,
                5.7,
                259.0
              ],
              "normal": [
                -0.0,
                1.0,
                0.0
              ]
            },
            {
              "position": [
                -43.0,
                9.8172,
                259.0
              ],
              "normal": [
                0.738,
                -0.172,
                -0.653
              ]
            }
          ],
          "Head_Rear": []
        },
        {
          "Head_Front": [
            {
              "position": [
                -41.7,
                4.0,
                259.0
              ],
              "normal": [
                0.0,
                -1.0,
                0.0
              ]
            },
            {
              "position": [
                -41.7,
                5.7,
                259.0
              ],
              "normal": [
                0.0,
                1.0,
                0.0
              ]
            },
            {
              "position": [
                -41.7,
                14.4179,
                259.0
              ],
              "normal": [
                0.709,
                -0.267,
                -0.653
              ]
            }
          ],
          "Head_Rear": [
            {
              "position": [
                -41.7,
                -12.5,
                259.0
              ],
              "normal": [
                0.0,
                -1.0,
                0.0
              ]
            },
            {
              "position": [
                -41.7,
                -0.3,
                259.0
              ],
              "normal": [
                0.0,
                1.0,
                0.0
              ]
            }
          ]
        },
        {
          "Head_Front": [
            {
              "position": [
                -41.2,
                0.3,
                259.0
              ],
              "normal": [
                0.0,
                -1.0,
                0.0
              ]
            },
            {
              "position": [
                -41.2,
                5.7,
                259.0
              ],
              "normal": [
                0.0,
                1.0,
                0.0
              ]
            }
          ],
          "Head_Rear": [
            {
              "position": [
                -41.2,
                -12.5,
                259.0
              ],
              "normal": [
                0.0,
                -1.0,
                0.0
              ]
            },
            {
              "position": [
                -41.2,
                -0.3,
                259.0
              ],
              "normal": [
                0.0,
                1.0,
                0.0
              ]
            }
          ]
        },
        {
          "Head_Front": [
            {
              "position": [
                -40.4,
                0.3,
                259.0
              ],
              "normal": [
                -0.0,
                -1.0,
                -0.0
              ]
            },
            {
              "position": [
                -40.4,
                5.7,
                259.0
              ],
              "normal": [
                0.0,
                1.0,
                0.0
              ]
            }
          ],
          "Head_Rear": [
            {
              "position": [
                -40.4,
                -24.3864,
                259.0
              ],
              "normal": [
                -0.67,
                -0.416,
                0.615
              ]
            },
            {
              "position": [
                -40.4,
                -17.7052,
                259.0
              ],
              "normal": [
                0.69,
                0.313,
                -0.653
              ]
            },
            {
              "position": [
                -40.4,
                -15.7,
                259.0
              ],
              "normal": [
                0.0,
                -1.0,
                0.0
              ]
            },
            {
              "position": [
                -40.4,
                -0.3,
                259.0
              ],
              "normal": [
                0.0,
                1.0,
                0.0
              ]
            }
          ]
        }
      ]
    },
    {
      "x": 43,
      "z": 259.0,
      "rays": [
        {
          "Head_Front": [
            {
              "position": [
                43.0,
                4.0,
                259.0
              ],
              "normal": [
                0.0,
                -1.0,
                0.0
              ]
            },
            {
              "position": [
                43.0,
                5.7,
                259.0
              ],
              "normal": [
                0.0,
                1.0,
                0.0
              ]
            },
            {
              "position": [
                43.0,
                9.8169,
                259.0
              ],
              "normal": [
                -0.738,
                -0.172,
                -0.653
              ]
            }
          ],
          "Head_Rear": []
        },
        {
          "Head_Front": [
            {
              "position": [
                44.3,
                4.0,
                259.0
              ],
              "normal": [
                0.0,
                -1.0,
                0.0
              ]
            }
          ],
          "Head_Rear": [
            {
              "position": [
                44.3,
                -12.5,
                259.0
              ],
              "normal": [
                0.0,
                -1.0,
                0.0
              ]
            },
            {
              "position": [
                44.3,
                -0.2,
                259.0
              ],
              "normal": [
                0.0,
                1.0,
                0.0
              ]
            }
          ]
        },
        {
          "Head_Front": [
            {
              "position": [
                44.8,
                0.2,
                259.0
              ],
              "normal": [
                0.0,
                -1.0,
                0.0
              ]
            },
            {
              "position": [
                44.8,
                14.8629,
                259.0
              ],
              "normal": [
                0.755,
                0.229,
                0.615
              ]
            }
          ],
          "Head_Rear": [
            {
              "position": [
                44.8,
                -12.5,
                259.0
              ],
              "normal": [
                0.0,
                -1.0,
                0.0
              ]
            },
            {
              "position": [
                44.8,
                -0.2,
                259.0
              ],
              "normal": [
                0.0,
                1.0,
                0.0
              ]
            }
          ]
        },
        {
          "Head_Front": [
            {
              "position": [
                45.6,
                0.2,
                259.0
              ],
              "normal": [
                0.0,
                -1.0,
                0.0
              ]
            },
            {
              "position": [
                45.6,
                12.2257,
                259.0
              ],
              "normal": [
                0.755,
                0.229,
                0.615
              ]
            }
          ],
          "Head_Rear": [
            {
              "position": [
                45.6,
                -12.2257,
                259.0
              ],
              "normal": [
                0.755,
                -0.229,
                0.615
              ]
            },
            {
              "position": [
                45.6,
                -0.2,
                259.0
              ],
              "normal": [
                0.0,
                1.0,
                0.0
              ]
            }
          ]
        }
      ]
    }
  ]
}
Blender 5.2.1 LTS (hash 9e2066aef7ef built 2026-08-25 01:35:57)

Blender quit
