{
  "receipt_status": "PASS",
  "checks": {
    "all_recorded_input_hashes_match": true,
    "model_hash_matches": true,
    "report_remains_blocked": true,
    "actual_exit_height_unknown": true,
    "expected_backside_parts": true,
    "backside_reports_no_overlap": true,
    "plug_box_paths_no_overlap": true,
    "all_90_wire_scenarios_present": true,
    "all_scenarios_keep_5mm_straight": true,
    "reported_passes_include_complete_eight_wire_pair_check": true,
    "PH18_blocker_preserved": true,
    "source_reports_main_unchanged": true
  },
  "bend_sensitivity": [
    {
      "wire": "Alpha5853",
      "ASSUMED_exit_height_mm": 1.2,
      "passing_local_angles_from_Y_deg": []
    },
    {
      "wire": "Alpha5853",
      "ASSUMED_exit_height_mm": 1.8,
      "passing_local_angles_from_Y_deg": []
    },
    {
      "wire": "Alpha5853",
      "ASSUMED_exit_height_mm": 2.4,
      "passing_local_angles_from_Y_deg": []
    },
    {
      "wire": "Alpha5853",
      "ASSUMED_exit_height_mm": 3.0,
      "passing_local_angles_from_Y_deg": [
        60,
        75,
        90,
        105
      ]
    },
    {
      "wire": "Alpha5853",
      "ASSUMED_exit_height_mm": 3.6,
      "passing_local_angles_from_Y_deg": [
        60,
        75,
        90,
        105,
        120
      ]
    },
    {
      "wire": "Alpha6711_NOT_SELECTED",
      "ASSUMED_exit_height_mm": 1.2,
      "passing_local_angles_from_Y_deg": []
    },
    {
      "wire": "Alpha6711_NOT_SELECTED",
      "ASSUMED_exit_height_mm": 1.8,
      "passing_local_angles_from_Y_deg": []
    },
    {
      "wire": "Alpha6711_NOT_SELECTED",
      "ASSUMED_exit_height_mm": 2.4,
      "passing_local_angles_from_Y_deg": [
        60,
        75,
        90,
        105
      ]
    },
    {
      "wire": "Alpha6711_NOT_SELECTED",
      "ASSUMED_exit_height_mm": 3.0,
      "passing_local_angles_from_Y_deg": [
        45,
        60,
        75,
        90,
        105,
        120,
        135
      ]
    },
    {
      "wire": "Alpha6711_NOT_SELECTED",
      "ASSUMED_exit_height_mm": 3.6,
      "passing_local_angles_from_Y_deg": [
        45,
        60,
        75,
        90,
        105,
        120,
        135
      ]
    }
  ]
}
