test_distance_per_count_matches_handoff (test_baseline_interface.BaselineInterface) ... ok
test_legacy_parser_rejects_extra_fields (test_baseline_interface.BaselineInterface) ... ok
test_encoder_reversal_rejected (test_direction.Direction) ... ok
test_output_unconfirmed_rejected (test_direction.Direction) ... ok
test_physical_sign_equation (test_direction.Direction) ... ok
test_reflection_rejected (test_direction.Direction) ... ok
test_reversed_pitch_rejected (test_direction.Direction) ... ok
test_valid_consistency (test_direction.Direction) ... ok
test_count_scale_and_version (test_hw04_interface.Handoff04) ... ok
test_device_info_and_recording_preserve_scale_precision (test_hw04_interface.Handoff04) ... ok
test_motor_revolution_does_not_multiply_x4_again (test_hw04_interface.Handoff04) ... ok
test_one_edge_survives_eight_frame_window (test_hw04_interface.Handoff04) ... ok
test_wiring_mirrors_authorized_snapshot (test_hw04_interface.Handoff04) ... ok
test_invalid_parity (test_tools.Commands) ... ok
test_packet_boundary (test_tools.Commands) ... ok
test_valid_parity (test_tools.Commands) ... ok
test_bad_rows_preserved_but_not_accepted (test_tools.Recordings) ... ok
test_capture_replay_and_quantiles (test_tools.Recordings) ... ok
test_hash_change_rejected (test_tools.Recordings) ... ok
test_legacy_replay (test_tools.Recordings) ... ok
test_live_adapter_on_simulated_pty (test_tools.Recordings) ... ok
test_quantile_nearest_rank (test_tools.Recordings) ... ok
test_simulation_filename_required (test_tools.Recordings) ... ok
test_timeout_never_retries (test_tools.Recordings) ... ok

----------------------------------------------------------------------
Ran 24 tests in 1.895s

OK
