00:00.254  blend            | Read blend: "/Users/dean/Documents/MORI/mechanical/mori_v1_2.blend"
{
  "revision": "V1.2-M1.48",
  "status": "PASS",
  "checks": {
    "source_unchanged": true,
    "all_physical_actors_accounted_for": true,
    "positive_inertia": true,
    "mass_conservation": true,
    "head_pose_count": true
  },
  "coverage": {
    "missing": [],
    "unexpected": [],
    "count": 209
  },
  "totals": {
    "whole": {
      "mass_g": 1323.6478293721252,
      "COM_mm": [
        -0.3366860897424992,
        -0.21006349093453616,
        111.32022043852407
      ],
      "inertia_about_pivot_kg_m2": [
        [
          0.011175980525588887,
          -5.452599173682846e-06,
          6.458687559039916e-05
        ],
        [
          -5.452599173682846e-06,
          0.012247351250736917,
          2.4775486601586528e-05
        ],
        [
          6.458687559039916e-05,
          2.4775486601586528e-05,
          0.0033619932478778963
        ]
      ],
      "pivot_mm": [
        0.0,
        0.0,
        52.5
      ]
    },
    "prints": {
      "mass_g": 764.489018485708,
      "COM_mm": [
        -0.06448237007750071,
        -1.0701075915042977,
        116.85533543660009
      ],
      "inertia_about_pivot_kg_m2": [
        [
          0.007406742700801395,
          -5.5481444175493304e-08,
          8.11914881434913e-06
        ],
        [
          -5.5481444175493304e-08,
          0.008250930392203502,
          0.00011228445696895166
        ],
        [
          8.11914881434913e-06,
          0.00011228445696895166,
          0.0022556115139595444
        ]
      ],
      "pivot_mm": [
        0.0,
        0.0,
        52.5
      ]
    },
    "pitch": {
      "mass_g": 168.44035530310097,
      "COM_mm": [
        0.09812516520115161,
        -0.5456194128090378,
        228.58111424096214
      ],
      "inertia_about_pivot_kg_m2": [
        [
          0.0003167481037541736,
          -1.4216121999781858e-08,
          -1.3014903942017005e-08
        ],
        [
          -1.4216121999781858e-08,
          0.00031695194245141795,
          5.489569719359744e-06
        ],
        [
          -1.3014903942017005e-08,
          5.489569719359744e-06,
          0.00033759544425999543
        ]
      ],
      "pivot_mm": [
        0.0,
        0.0,
        222.0
      ]
    },
    "yaw": {
      "mass_g": 255.10242474073914,
      "COM_mm": [
        -1.3344932917586996,
        -0.5676120230012991,
        217.96386116127212
      ],
      "inertia_about_pivot_kg_m2": [
        [
          0.00040950308656225435,
          -1.8262773889420074e-08,
          -1.482089158046965e-06
        ],
        [
          -1.8262773889420074e-08,
          0.0004500258567018049,
          1.6570354971980578e-06
        ],
        [
          -1.482089158046965e-06,
          1.6570354971980578e-06,
          0.0004007930987860871
        ]
      ],
      "pivot_mm": [
        0.0,
        0.0,
        222.0
      ]
    }
  },
  "mass_target_status": "BLOCKED"
}
Blender 5.2.2 LTS (hash d13f752e3b9c built 2026-09-15 01:49:19)

Blender quit
