./src/common/stdpbase.cpp(59): assert ""traits"" failed in Get(): create wxApp before calling this
09:12:48 AM: Debug: Adding duplicate image handler for 'PNG file'
09:12:48 AM: Debug: Adding duplicate image handler for 'JPEG file'
09:12:48 AM: Debug: Adding duplicate image handler for 'TIFF file'
09:12:48 AM: Debug: Adding duplicate image handler for 'GIF file'
09:12:48 AM: Debug: Adding duplicate image handler for 'PNM file'
09:12:48 AM: Debug: Adding duplicate image handler for 'PCX file'
09:12:48 AM: Debug: Adding duplicate image handler for 'IFF file'
09:12:48 AM: Debug: Adding duplicate image handler for 'Windows icon file'
09:12:48 AM: Debug: Adding duplicate image handler for 'Windows cursor file'
09:12:48 AM: Debug: Adding duplicate image handler for 'Windows animated cursor file'
09:12:48 AM: Debug: Adding duplicate image handler for 'TGA file'
09:12:48 AM: Debug: Adding duplicate image handler for 'XPM file'
09:12:48 AM: Debug: Adding duplicate image handler for 'PNG file'
09:12:48 AM: Debug: Adding duplicate image handler for 'JPEG file'
09:12:48 AM: Debug: Adding duplicate image handler for 'TIFF file'
09:12:48 AM: Debug: Adding duplicate image handler for 'GIF file'
09:12:48 AM: Debug: Adding duplicate image handler for 'PNM file'
09:12:48 AM: Debug: Adding duplicate image handler for 'PCX file'
09:12:48 AM: Debug: Adding duplicate image handler for 'IFF file'
09:12:48 AM: Debug: Adding duplicate image handler for 'Windows icon file'
09:12:48 AM: Debug: Adding duplicate image handler for 'Windows cursor file'
09:12:48 AM: Debug: Adding duplicate image handler for 'Windows animated cursor file'
09:12:48 AM: Debug: Adding duplicate image handler for 'TGA file'
09:12:48 AM: Debug: Adding duplicate image handler for 'XPM file'
09:12:49 AM: Debug: Adding duplicate image handler for 'PNG file'
09:12:49 AM: Debug: Adding duplicate image handler for 'JPEG file'
09:12:49 AM: Debug: Adding duplicate image handler for 'TIFF file'
09:12:49 AM: Debug: Adding duplicate image handler for 'GIF file'
09:12:49 AM: Debug: Adding duplicate image handler for 'PNM file'
09:12:49 AM: Debug: Adding duplicate image handler for 'PCX file'
09:12:49 AM: Debug: Adding duplicate image handler for 'IFF file'
09:12:49 AM: Debug: Adding duplicate image handler for 'Windows icon file'
09:12:49 AM: Debug: Adding duplicate image handler for 'Windows cursor file'
09:12:49 AM: Debug: Adding duplicate image handler for 'Windows animated cursor file'
09:12:49 AM: Debug: Adding duplicate image handler for 'TGA file'
09:12:49 AM: Debug: Adding duplicate image handler for 'XPM file'
09:12:49 AM: Debug: Adding duplicate image handler for 'PNG file'
09:12:49 AM: Debug: Adding duplicate image handler for 'JPEG file'
09:12:49 AM: Debug: Adding duplicate image handler for 'TIFF file'
09:12:49 AM: Debug: Adding duplicate image handler for 'GIF file'
09:12:49 AM: Debug: Adding duplicate image handler for 'PNM file'
09:12:49 AM: Debug: Adding duplicate image handler for 'PCX file'
09:12:49 AM: Debug: Adding duplicate image handler for 'IFF file'
09:12:49 AM: Debug: Adding duplicate image handler for 'Windows icon file'
09:12:49 AM: Debug: Adding duplicate image handler for 'Windows cursor file'
09:12:49 AM: Debug: Adding duplicate image handler for 'Windows animated cursor file'
09:12:49 AM: Debug: Adding duplicate image handler for 'TGA file'
09:12:49 AM: Debug: Adding duplicate image handler for 'XPM file'
rear components 9 foreign-net candidates 0 own-pin escapes 18 U100 exceptions 0
rear 90-degree cases 1 free-fail 1 applied 0
rear audit done
