00:00.330  blend            | Read blend: "/Users/dean/Documents/MORI/mechanical/mori_v1_2.blend"
motion J1 0 0
motion J2 0 0
motion J3 0 0
motion J4 0 0
motion J5 0 0
motion J6 0 0
motion J7 0 0
motion J8 0 2
imu J1 0 0
power J1 0 0
power J10 0 5
power J11 0 0
power J12 0 11
power J13 0 0
power J14 0 0
power J15 0 0
power J16 0 0
power J17 0 0
power J18 0 0
power J19 0 0
power J2 0 10
power J3 0 10
power J4 0 11
power J5 0 11
power J7 0 0
power J8 0 0
power J9 0 0
rear J2 0 0
rear J3 1 21
信息: 已另存为 "mated_connector_review.blend"
MATED_CONNECTORS_COMPLETE 29
Blender 5.2.1 LTS (hash 9e2066aef7ef built 2026-08-25 01:35:57)

Blender quit
