00:00.341  blend            | Read blend: "/Users/dean/Documents/MORI/mechanical/studies/prearrival_preparation/camera_aperture_candidate.blend"
00:01.167  blend            | Read blend: "/Users/dean/Documents/MORI/mechanical/mori_v1_2.blend"
{
  "candidate": {
    "Head_Front": {
      "bounds": [
        [
          -59.99351501464844,
          0.20001220703125,
          175.5
        ],
        [
          59.993473052978516,
          56.37915802001953,
          281.9950866699219
        ]
      ],
      "matrix": [
        [
          1.0,
          0.0,
          0.0,
          0.0
        ],
        [
          0.0,
          1.0,
          0.0,
          0.0
        ],
        [
          0.0,
          0.0,
          1.0,
          222.0
        ],
        [
          0.0,
          0.0,
          0.0,
          1.0
        ]
      ],
      "volume": 40780.73685769829,
      "role": "part"
    },
    "Integrated_Face_Region": {
      "bounds": [
        [
          -30.049999237060547,
          44.959327697753906,
          -20.745834350585938
        ],
        [
          30.049999237060547,
          56.37915802001953,
          38.608795166015625
        ]
      ],
      "matrix": [
        [
          1.0,
          0.0,
          0.0,
          0.0
        ],
        [
          0.0,
          1.0,
          0.0,
          0.0
        ],
        [
          0.0,
          0.0,
          1.0,
          0.0
        ],
        [
          0.0,
          0.0,
          0.0,
          1.0
        ]
      ],
      "volume": 1114.5674163498477,
      "role": "construction"
    },
    "Camera_Lens": {
      "bounds": [
        [
          -3.9,
          24.753707817196847,
          262.24505370557307
        ],
        [
          3.9,
          29.613033458590508,
          270.44749844372274
        ]
      ],
      "matrix": [
        [
          1.0,
          0.0,
          0.0,
          0.0
        ],
        [
          0.0,
          1.0,
          0.0,
          0.0
        ],
        [
          0.0,
          0.0,
          1.0,
          0.0
        ],
        [
          0.0,
          0.0,
          0.0,
          1.0
        ]
      ],
      "volume": 199.21394250761597,
      "role": "part"
    },
    "Display_PCB": {
      "bounds": [
        [
          -27.5,
          39.849998474121094,
          194.50074768066406
        ],
        [
          27.5,
          49.20000076293945,
          249.50074768066406
        ]
      ],
      "matrix": [
        [
          1.0,
          0.0,
          0.0,
          0.0
        ],
        [
          0.0,
          0.9848076105117798,
          -0.1736481487751007,
          39.98920822143555
        ],
        [
          0.0,
          0.1736481487751007,
          0.9848076105117798,
          3.62646484375
        ],
        [
          0.0,
          0.0,
          0.0,
          1.0
        ]
      ],
      "volume": 9841.079009107294,
      "role": "part"
    },
    "Parking_Cradle": {
      "bounds": [
        [
          -54.0,
          -73.0,
          -4.0
        ],
        [
          54.0,
          73.0,
          36.097084045410156
        ]
      ],
      "matrix": [
        [
          1.0,
          0.0,
          0.0,
          0.0
        ],
        [
          0.0,
          1.0,
          0.0,
          0.0
        ],
        [
          0.0,
          0.0,
          1.0,
          0.0
        ],
        [
          0.0,
          0.0,
          0.0,
          1.0
        ]
      ],
      "volume": 151454.33537537407,
      "role": "part"
    },
    "cut_bezel": 0
  },
  "current": {
    "Head_Front": {
      "bounds": [
        [
          -59.99351501464844,
          0.20001220703125,
          175.5
        ],
        [
          59.993473052978516,
          56.37915802001953,
          281.9950866699219
        ]
      ],
      "matrix": [
        [
          1.0,
          0.0,
          0.0,
          0.0
        ],
        [
          0.0,
          1.0,
          0.0,
          0.0
        ],
        [
          0.0,
          0.0,
          1.0,
          222.0
        ],
        [
          0.0,
          0.0,
          0.0,
          1.0
        ]
      ],
      "volume": 40780.73107864477,
      "role": "part",
      "added_vs_candidate": 0.001607541209830377,
      "removed_vs_candidate": 0.007386594723576204
    },
    "Integrated_Face_Region": {
      "bounds": [
        [
          -30.049999237060547,
          44.959327697753906,
          -20.745834350585938
        ],
        [
          30.049999237060547,
          56.37915802001953,
          38.608795166015625
        ]
      ],
      "matrix": [
        [
          1.0,
          0.0,
          0.0,
          0.0
        ],
        [
          0.0,
          1.0,
          0.0,
          0.0
        ],
        [
          0.0,
          0.0,
          1.0,
          0.0
        ],
        [
          0.0,
          0.0,
          0.0,
          1.0
        ]
      ],
      "volume": 1114.5674163498477,
      "role": "construction"
    },
    "Camera_Lens": {
      "bounds": [
        [
          -3.9,
          24.753707817196847,
          262.24505370557307
        ],
        [
          3.9,
          29.613033458590508,
          270.44749844372274
        ]
      ],
      "matrix": [
        [
          1.0,
          0.0,
          0.0,
          0.0
        ],
        [
          0.0,
          1.0,
          0.0,
          0.0
        ],
        [
          0.0,
          0.0,
          1.0,
          0.0
        ],
        [
          0.0,
          0.0,
          0.0,
          1.0
        ]
      ],
      "volume": 199.21394250761597,
      "role": "part"
    },
    "Display_PCB": {
      "bounds": [
        [
          -27.5,
          39.849998474121094,
          194.50074768066406
        ],
        [
          27.5,
          49.20000076293945,
          249.50074768066406
        ]
      ],
      "matrix": [
        [
          1.0,
          0.0,
          0.0,
          0.0
        ],
        [
          0.0,
          0.9848076105117798,
          -0.1736481487751007,
          39.98920822143555
        ],
        [
          0.0,
          0.1736481487751007,
          0.9848076105117798,
          3.62646484375
        ],
        [
          0.0,
          0.0,
          0.0,
          1.0
        ]
      ],
      "volume": 9841.079009107294,
      "role": "part"
    },
    "Parking_Cradle": {
      "bounds": [
        [
          -54.0,
          -73.0,
          -4.0
        ],
        [
          54.0,
          73.0,
          36.097084045410156
        ]
      ],
      "matrix": [
        [
          1.0,
          0.0,
          0.0,
          0.0
        ],
        [
          0.0,
          1.0,
          0.0,
          0.0
        ],
        [
          0.0,
          0.0,
          1.0,
          0.0
        ],
        [
          0.0,
          0.0,
          0.0,
          1.0
        ]
      ],
      "volume": 151454.33537537407,
      "role": "part"
    },
    "cut_bezel": 0
  }
}
Blender 5.2.1 LTS (hash 9e2066aef7ef built 2026-08-25 01:35:57)

Blender quit
