./src/common/stdpbase.cpp(59): assert ""traits"" failed in Get(): create wxApp before calling this
03:54:14 PM: Debug: Adding duplicate image handler for 'PNG file'
03:54:14 PM: Debug: Adding duplicate image handler for 'JPEG file'
03:54:14 PM: Debug: Adding duplicate image handler for 'TIFF file'
03:54:14 PM: Debug: Adding duplicate image handler for 'GIF file'
03:54:14 PM: Debug: Adding duplicate image handler for 'PNM file'
03:54:14 PM: Debug: Adding duplicate image handler for 'PCX file'
03:54:14 PM: Debug: Adding duplicate image handler for 'IFF file'
03:54:14 PM: Debug: Adding duplicate image handler for 'Windows icon file'
03:54:14 PM: Debug: Adding duplicate image handler for 'Windows cursor file'
03:54:14 PM: Debug: Adding duplicate image handler for 'Windows animated cursor file'
03:54:14 PM: Debug: Adding duplicate image handler for 'TGA file'
03:54:14 PM: Debug: Adding duplicate image handler for 'XPM file'
03:54:14 PM: Debug: Adding duplicate image handler for 'PNG file'
03:54:14 PM: Debug: Adding duplicate image handler for 'JPEG file'
03:54:14 PM: Debug: Adding duplicate image handler for 'TIFF file'
03:54:14 PM: Debug: Adding duplicate image handler for 'GIF file'
03:54:14 PM: Debug: Adding duplicate image handler for 'PNM file'
03:54:14 PM: Debug: Adding duplicate image handler for 'PCX file'
03:54:14 PM: Debug: Adding duplicate image handler for 'IFF file'
03:54:14 PM: Debug: Adding duplicate image handler for 'Windows icon file'
03:54:14 PM: Debug: Adding duplicate image handler for 'Windows cursor file'
03:54:14 PM: Debug: Adding duplicate image handler for 'Windows animated cursor file'
03:54:14 PM: Debug: Adding duplicate image handler for 'TGA file'
03:54:14 PM: Debug: Adding duplicate image handler for 'XPM file'
{
  "native_cad_status": "PASS",
  "checks": 29,
  "boards": {
    "MORI_motion_P2": {
      "counts": {
        "ERC": 0,
        "DRC": 0,
        "unconnected": 0,
        "schematic_parity": 0
      },
      "tracks": 651,
      "vias": 99,
      "supplemental_geometry": {
        "R14_chamfers_detected": 84,
        "R14_detected_not_0p5mm": 84,
        "R14_nonconforming_examples": [
          {
            "xy": [
              25.0367,
              22.7759
            ],
            "setback_mm": 0.9741
          },
          {
            "xy": [
              35.9773,
              12.75
            ],
            "setback_mm": 2.1128
          },
          {
            "xy": [
              14.7795,
              23.4344
            ],
            "setback_mm": 0.3974
          },
          {
            "xy": [
              50.6151,
              20.0
            ],
            "setback_mm": 0.375
          },
          {
            "xy": [
              51.8851,
              21.2885
            ],
            "setback_mm": 3.5442
          },
          {
            "xy": [
              49.3368,
              28.2485
            ],
            "setback_mm": 1.5659
          },
          {
            "xy": [
              33.8645,
              8.8025
            ],
            "setback_mm": 1.1824
          },
          {
            "xy": [
              44.908,
              31.7572
            ],
            "setback_mm": 0.9828
          }
        ],
        "R14_status": "FAIL",
        "fanout_grid_probe_all_vias": 99,
        "vias_off_0p0254mm_grid": 99,
        "fanout_grid_status": "NOT_TESTED: all-via screening is not fanout classification; no equivalent routing-grid guarantee"
      }
    },
    "MORI_imu_P2": {
      "counts": {
        "ERC": 0,
        "DRC": 0,
        "unconnected": 0,
        "schematic_parity": 0
      },
      "tracks": 93,
      "vias": 5,
      "supplemental_geometry": {
        "R14_chamfers_detected": 22,
        "R14_detected_not_0p5mm": 22,
        "R14_nonconforming_examples": [
          {
            "xy": [
              9.5,
              11.1
            ],
            "setback_mm": 0.15
          },
          {
            "xy": [
              7.2247,
              4.2977
            ],
            "setback_mm": 0.2526
          },
          {
            "xy": [
              13.275,
              12.0
            ],
            "setback_mm": 0.8259
          },
          {
            "xy": [
              12.975,
              9.75
            ],
            "setback_mm": 0.3
          },
          {
            "xy": [
              5.625,
              5.1486
            ],
            "setback_mm": 0.8509
          },
          {
            "xy": [
              8.05,
              12.175
            ],
            "setback_mm": 0.175
          },
          {
            "xy": [
              11.15,
              9.25
            ],
            "setback_mm": 1.05
          },
          {
            "xy": [
              6.75,
              7.05
            ],
            "setback_mm": 0.45
          }
        ],
        "R14_status": "FAIL",
        "fanout_grid_probe_all_vias": 5,
        "vias_off_0p0254mm_grid": 5,
        "fanout_grid_status": "NOT_TESTED: all-via screening is not fanout classification; no equivalent routing-grid guarantee"
      }
    },
    "MORI_power_P2": {
      "counts": {
        "ERC": 0,
        "DRC": 0,
        "unconnected": 0,
        "schematic_parity": 0
      },
      "tracks": 518,
      "vias": 60,
      "supplemental_geometry": {
        "R14_chamfers_detected": 58,
        "R14_detected_not_0p5mm": 58,
        "R14_nonconforming_examples": [
          {
            "xy": [
              30.3294,
              23.9077
            ],
            "setback_mm": 2.4673
          },
          {
            "xy": [
              26.0137,
              21.2887
            ],
            "setback_mm": 0.7887
          },
          {
            "xy": [
              31.9034,
              21.1354
            ],
            "setback_mm": 0.531
          },
          {
            "xy": [
              32.4344,
              22.4646
            ],
            "setback_mm": 0.9356
          },
          {
            "xy": [
              70.8197,
              32.635
            ],
            "setback_mm": 1.3083
          },
          {
            "xy": [
              30.747,
              21.6076
            ],
            "setback_mm": 1.4769
          },
          {
            "xy": [
              33.783,
              27.7393
            ],
            "setback_mm": 0.4232
          },
          {
            "xy": [
              32.99,
              27.3161
            ],
            "setback_mm": 1.0601
          }
        ],
        "R14_status": "FAIL",
        "fanout_grid_probe_all_vias": 60,
        "vias_off_0p0254mm_grid": 60,
        "fanout_grid_status": "NOT_TESTED: all-via screening is not fanout classification; no equivalent routing-grid guarantee"
      }
    }
  }
}
