00:00.462  blend            | Read blend: "/Users/dean/Documents/MORI/mechanical/mori_v1_2.blend"
REVERSE_ANGLE 0 0.975 9.0 0.0 discarded 0 checks 5 sec 3.7
REVERSE_ANGLE 0 0.95 9.0 0.0 discarded 0 checks 9 sec 6.6
REVERSE_ANGLE 0 0.925 9.0 0.0 discarded 0 checks 13 sec 9.4
REVERSE_ANGLE 0 0.9 9.0 0.0 discarded 0 checks 17 sec 12.3
REVERSE_ANGLE 0 0.875 9.0 0.0 discarded 0 checks 21 sec 15.2
REVERSE_ANGLE 0 0.85 9.0 0.0 discarded 0 checks 25 sec 18.0
REVERSE_ANGLE 0 0.825 9.0 -3.0 discarded 1 checks 30 sec 21.4
REVERSE_ANGLE 0 0.8 9.0 -9.0 discarded 5 checks 40 sec 28.1
REVERSE_ANGLE 0 0.775 9.0 -9.0 discarded 0 checks 44 sec 31.1
REVERSE_ANGLE 0 0.75 9.0 -9.0 discarded 0 checks 48 sec 33.9
REVERSE_ANGLE 0 0.725 9.0 -9.0 discarded 0 checks 52 sec 36.7
REVERSE_ANGLE 0 0.7 9.0 -9.0 discarded 0 checks 56 sec 39.3
REVERSE_ANGLE 0 0.675 9.0 -9.0 discarded 0 checks 60 sec 42.1
REVERSE_ANGLE 0 0.65 9.0 -9.0 discarded 0 checks 64 sec 44.7
REVERSE_ANGLE 0 0.625 9.0 -9.0 discarded 0 checks 68 sec 47.4
REVERSE_ANGLE 0 0.6 9.0 -9.0 discarded 0 checks 72 sec 50.1
REVERSE_ANGLE 0 0.575 9.0 -9.0 discarded 0 checks 76 sec 52.7
REVERSE_ANGLE 0 0.55 9.0 -9.0 discarded 0 checks 80 sec 55.4
REVERSE_ANGLE 0 0.525 9.0 -9.0 discarded 0 checks 84 sec 58.0
REVERSE_ANGLE 0 0.5 9.0 -9.0 discarded 0 checks 88 sec 60.7
REVERSE_ANGLE 0 0.475 9.0 -9.0 discarded 0 checks 92 sec 63.5
REVERSE_ANGLE 0 0.45 9.0 -9.0 discarded 0 checks 96 sec 66.2
REVERSE_ANGLE 0 0.425 9.0 -9.0 discarded 0 checks 100 sec 69.0
REVERSE_ANGLE 0 0.4 9.0 -9.0 discarded 0 checks 104 sec 71.7
REVERSE_ANGLE 0 0.375 9.0 -9.0 discarded 0 checks 108 sec 74.5
REVERSE_ANGLE 0 0.35 9.0 -9.0 discarded 0 checks 112 sec 77.3
REVERSE_ANGLE 0 0.325 9.0 -9.0 discarded 0 checks 116 sec 80.0
REVERSE_ANGLE 0 0.3 9.0 -9.0 discarded 0 checks 120 sec 82.7
REVERSE_ANGLE 0 0.275 9.0 -9.0 discarded 0 checks 124 sec 85.4
REVERSE_ANGLE 0 0.25 9.0 -9.0 discarded 0 checks 128 sec 88.1
REVERSE_ANGLE 0 0.225 9.0 -9.0 discarded 0 checks 132 sec 90.8
REVERSE_ANGLE 0 0.2 9.0 -9.0 discarded 0 checks 136 sec 93.5
REVERSE_ANGLE 0 0.175 9.0 -9.0 discarded 0 checks 140 sec 96.2
REVERSE_ANGLE 0 0.15 9.0 -9.0 discarded 0 checks 144 sec 98.8
REVERSE_ANGLE 0 0.125 9.0 -9.0 discarded 0 checks 148 sec 101.4
REVERSE_ANGLE 0 0.1 9.0 -9.0 discarded 0 checks 152 sec 104.1
REVERSE_ANGLE 0 0.075 9.0 -9.0 discarded 0 checks 156 sec 106.8
REVERSE_ANGLE 0 0.05 9.0 -9.0 discarded 0 checks 160 sec 109.5
REVERSE_ANGLE 0 0.025 9.0 -9.0 discarded 0 checks 164 sec 112.4
REVERSE_ANGLE 0 0.0 9.0 0.0 discarded 0 checks 168 sec 115.6
REVERSE_ANGLE_NO_EDGE {'stage': 1, 'fraction': 0.975, 'previous_fraction': 1.0, 'previous_controls': (9.0, 0.0), 'tested_candidates': 252}
REVERSE_ANGLE_DONE BLOCKED {'stage': 1, 'fraction': 0.975, 'previous_fraction': 1.0, 'previous_controls': (9.0, 0.0), 'tested_candidates': 252}
Blender 5.2.2 LTS (hash d13f752e3b9c built 2026-09-15 01:49:19)

Blender quit
