Command line invocation:
    /Applications/Xcode.app/Contents/Developer/usr/bin/xcodebuild -project apps/mobile/ios/App/App.xcodeproj -scheme App -sdk iphonesimulator -configuration Debug -derivedDataPath .state/ios-build -disableAutomaticPackageResolution -skipPackageUpdates CODE_SIGNING_ALLOWED=NO build

Build settings from command line:
    CODE_SIGNING_ALLOWED = NO
    SDKROOT = iphonesimulator27.0

Resolve Package Graph


Resolved source packages:
  capacitor-swift-pm: https://github.com/ionic-team/capacitor-swift-pm.git @ 7.2.0
  CapacitorApp: /Users/dean/Documents/MORI/node_modules/.pnpm/@capacitor+app@7.0.1_@capacitor+core@7.2.0/node_modules/@capacitor/app @ local
  CapApp-SPM: /Users/dean/Documents/MORI/apps/mobile/ios/App/CapApp-SPM @ local

2026-09-21 22:20:49.288 xcodebuild[40808:11699934] [MT] IDERunDestination: Supported platforms for the buildables in the current scheme is empty.
--- xcodebuild: WARNING: Using the first of multiple matching destinations:
{ platform:iOS Simulator, id:dvtdevice-DVTiOSDeviceSimulatorPlaceholder-iphonesimulator:placeholder, name:Any iOS Simulator Device }
{ platform:iOS Simulator, arch:arm64, id:1B48C363-AE0A-42C6-8D2C-1945B32F0393, OS:27.0, name:HowToCook UI Review (iOS 27) }
{ platform:iOS Simulator, arch:arm64, id:771F6F1E-E8CA-48BF-8CFD-045DBD16C4B9, OS:27.0, name:MORI V1 Software Test }
{ platform:iOS Simulator, arch:arm64, id:B74A5F64-1AED-4A58-85D4-0D5CA92FB379, OS:27.0, name:PACE iPhone 17 Pro }
{ platform:iOS Simulator, arch:arm64, id:B2332363-340E-451D-A166-D966EC624F01, OS:27.0, name:iPad (A16) }
{ platform:iOS Simulator, arch:arm64, id:A002EB4A-B525-489F-8A7A-42CF2D82AC05, OS:27.0, name:iPad Air 11-inch (M4) }
{ platform:iOS Simulator, arch:arm64, id:1393512C-E2A9-4D91-9EBE-1EBA872546A7, OS:27.0, name:iPad Air 13-inch (M4) }
{ platform:iOS Simulator, arch:arm64, id:40F155BB-ED20-44E8-8B1A-8B6BDAE6EE06, OS:27.0, name:iPad Pro 11-inch (M5) }
{ platform:iOS Simulator, arch:arm64, id:0B428DCD-C902-4D57-B51F-AD05178BDCDA, OS:27.0, name:iPad mini (A17 Pro) }
{ platform:iOS Simulator, arch:arm64, id:C91415EE-9446-455E-9B89-4A9E57103556, OS:27.0, name:iPhone 17e }
{ platform:iOS Simulator, arch:arm64, id:C6B78054-E217-46FC-8A97-7CBE0A4D5E75, OS:27.0, name:iPhone 18 Pro Max }
{ platform:iOS Simulator, arch:arm64, id:D4706688-5922-49C2-BB33-C16562A6B3AE, OS:27.0, name:iPhone Air }
{ platform:macOS, arch:arm64, variant:Designed for [iPad,iPhone], id:00008142-001A78E6266B401C, name:My Mac }
{ platform:iOS, id:dvtdevice-DVTiPhonePlaceholder-iphoneos:placeholder, name:Any iOS Device }
{ platform:iOS, arch:arm64, id:00008112-0006154C3A78201E, name:Dean's iPad }
{ platform:iOS, arch:arm64, id:00008150-00117D201E98401C, name:Dean’s iPhone }
ComputePackagePrebuildTargetDependencyGraph

Prepare packages

CreateBuildRequest

SendProjectDescription

CreateBuildOperation

ComputeTargetDependencyGraph
note: Building targets in dependency order
note: Target dependency graph (7 targets)
    Target 'App' in project 'App'
        ➜ Explicit dependency on target 'CapApp-SPM-product' in project 'CapApp-SPM'
    Target 'CapApp-SPM-product' in project 'CapApp-SPM'
        ➜ Explicit dependency on target 'CapApp-SPM' in project 'CapApp-SPM'
        ➜ Explicit dependency on target 'Capacitor-product' in project 'capacitor-swift-pm'
        ➜ Explicit dependency on target 'Cordova-product' in project 'capacitor-swift-pm'
        ➜ Explicit dependency on target 'CapacitorApp-product' in project 'CapacitorApp'
    Target 'CapApp-SPM' in project 'CapApp-SPM'
        ➜ Explicit dependency on target 'Capacitor-product' in project 'capacitor-swift-pm'
        ➜ Explicit dependency on target 'Cordova-product' in project 'capacitor-swift-pm'
        ➜ Explicit dependency on target 'CapacitorApp-product' in project 'CapacitorApp'
    Target 'CapacitorApp-product' in project 'CapacitorApp'
        ➜ Explicit dependency on target 'AppPlugin' in project 'CapacitorApp'
        ➜ Explicit dependency on target 'Capacitor-product' in project 'capacitor-swift-pm'
        ➜ Explicit dependency on target 'Cordova-product' in project 'capacitor-swift-pm'
    Target 'AppPlugin' in project 'CapacitorApp'
        ➜ Explicit dependency on target 'Capacitor-product' in project 'capacitor-swift-pm'
        ➜ Explicit dependency on target 'Cordova-product' in project 'capacitor-swift-pm'
    Target 'Cordova-product' in project 'capacitor-swift-pm' (no dependencies)
    Target 'Capacitor-product' in project 'capacitor-swift-pm' (no dependencies)

GatherProvisioningInputs

CreateBuildDescription

ExecuteExternalTool /Applications/Xcode.app/Contents/Developer/Toolchains/XcodeDefault.xctoolchain/usr/bin/swiftc --version

ExecuteExternalTool /Applications/Xcode.app/Contents/Developer/usr/bin/ibtool --version --output-format xml1

ExecuteExternalTool /Applications/Xcode.app/Contents/Developer/Toolchains/XcodeDefault.xctoolchain/usr/bin/clang -v -E -dM -isysroot /Applications/Xcode.app/Contents/Developer/Platforms/iPhoneSimulator.platform/Developer/SDKs/iPhoneSimulator27.0.sdk -x c -c /dev/null

ExecuteExternalTool /Applications/Xcode.app/Contents/Developer/usr/bin/actool --print-asset-tag-combinations --output-format xml1 /Users/dean/Documents/MORI/apps/mobile/ios/App/App/Assets.xcassets

ExecuteExternalTool /Applications/Xcode.app/Contents/Developer/Toolchains/XcodeDefault.xctoolchain/usr/bin/ld -version_details

ExecuteExternalTool /Applications/Xcode.app/Contents/Developer/usr/bin/actool --version --output-format xml1

Build description signature: 54a374d8ae6e70c57fa8502ff7adb850
Build description path: /Users/dean/Documents/MORI/.state/ios-build/Build/Intermediates.noindex/XCBuildData/54a374d8ae6e70c57fa8502ff7adb850.xcbuilddata
ClangStatCache /Applications/Xcode.app/Contents/Developer/Toolchains/XcodeDefault.xctoolchain/usr/bin/clang-stat-cache /Applications/Xcode.app/Contents/Developer/Platforms/iPhoneSimulator.platform/Developer/SDKs/iPhoneSimulator27.0.sdk /Users/dean/Documents/MORI/.state/ios-build/SDKStatCaches.noindex/iphonesimulator27.0-24A430-8dc58220667be655e1bcc261a7455254.sdkstatcache
    cd /Users/dean/Documents/MORI/apps/mobile/ios/App/App.xcodeproj
    /Applications/Xcode.app/Contents/Developer/Toolchains/XcodeDefault.xctoolchain/usr/bin/clang-stat-cache /Applications/Xcode.app/Contents/Developer/Platforms/iPhoneSimulator.platform/Developer/SDKs/iPhoneSimulator27.0.sdk -o /Users/dean/Documents/MORI/.state/ios-build/SDKStatCaches.noindex/iphonesimulator27.0-24A430-8dc58220667be655e1bcc261a7455254.sdkstatcache

CpResource /Users/dean/Documents/MORI/.state/ios-build/Build/Products/Debug-iphonesimulator/App.app/capacitor.config.json /Users/dean/Documents/MORI/apps/mobile/ios/App/App/capacitor.config.json (in target 'App' from project 'App')
    cd /Users/dean/Documents/MORI/apps/mobile/ios/App
    builtin-copy -exclude .DS_Store -exclude CVS -exclude .svn -exclude .git -exclude .hg -resolve-src-symlinks /Users/dean/Documents/MORI/apps/mobile/ios/App/App/capacitor.config.json /Users/dean/Documents/MORI/.state/ios-build/Build/Products/Debug-iphonesimulator/App.app

CpResource /Users/dean/Documents/MORI/.state/ios-build/Build/Products/Debug-iphonesimulator/App.app/config.xml /Users/dean/Documents/MORI/apps/mobile/ios/App/App/config.xml (in target 'App' from project 'App')
    cd /Users/dean/Documents/MORI/apps/mobile/ios/App
    builtin-copy -exclude .DS_Store -exclude CVS -exclude .svn -exclude .git -exclude .hg -resolve-src-symlinks /Users/dean/Documents/MORI/apps/mobile/ios/App/App/config.xml /Users/dean/Documents/MORI/.state/ios-build/Build/Products/Debug-iphonesimulator/App.app

CpResource /Users/dean/Documents/MORI/.state/ios-build/Build/Products/Debug-iphonesimulator/App.app/public /Users/dean/Documents/MORI/apps/mobile/ios/App/App/public (in target 'App' from project 'App')
    cd /Users/dean/Documents/MORI/apps/mobile/ios/App
    builtin-copy -exclude .DS_Store -exclude CVS -exclude .svn -exclude .git -exclude .hg -resolve-src-symlinks /Users/dean/Documents/MORI/apps/mobile/ios/App/App/public /Users/dean/Documents/MORI/.state/ios-build/Build/Products/Debug-iphonesimulator/App.app

ProcessInfoPlistFile /Users/dean/Documents/MORI/.state/ios-build/Build/Products/Debug-iphonesimulator/App.app/Info.plist /Users/dean/Documents/MORI/apps/mobile/ios/App/App/Info.plist (in target 'App' from project 'App')
    cd /Users/dean/Documents/MORI/apps/mobile/ios/App
    builtin-infoPlistUtility /Users/dean/Documents/MORI/apps/mobile/ios/App/App/Info.plist -producttype com.apple.product-type.application -genpkginfo /Users/dean/Documents/MORI/.state/ios-build/Build/Products/Debug-iphonesimulator/App.app/PkgInfo -expandbuildsettings -format binary -platform iphonesimulator -additionalcontentfile /Users/dean/Documents/MORI/.state/ios-build/Build/Intermediates.noindex/App.build/Debug-iphonesimulator/App.build/Base.lproj/LaunchScreen-SBPartialInfo.plist -additionalcontentfile /Users/dean/Documents/MORI/.state/ios-build/Build/Intermediates.noindex/App.build/Debug-iphonesimulator/App.build/Base.lproj/Main-SBPartialInfo.plist -additionalcontentfile /Users/dean/Documents/MORI/.state/ios-build/Build/Intermediates.noindex/App.build/Debug-iphonesimulator/App.build/assetcatalog_generated_info.plist -scanforprivacyfile /Users/dean/Documents/MORI/.state/ios-build/Build/Products/Debug-iphonesimulator/App.app/Frameworks/Capacitor.framework -scanforprivacyfile /Users/dean/Documents/MORI/.state/ios-build/Build/Products/Debug-iphonesimulator/App.app/Frameworks/Cordova.framework -o /Users/dean/Documents/MORI/.state/ios-build/Build/Products/Debug-iphonesimulator/App.app/Info.plist

PruneExplicitPrecompiledModules /Users/dean/Documents/MORI/.state/ios-build/Build/Intermediates.noindex/SwiftExplicitPrecompiledModules

PruneExplicitPrecompiledModules /Users/dean/Documents/MORI/.state/ios-build/Build/Intermediates.noindex/ExplicitPrecompiledModules

PruneExplicitPrecompiledModules /Users/dean/Documents/MORI/.state/ios-build/SDKExplicitPrecompiledModules

** BUILD SUCCEEDED **

