00:00.394  blend            | Read blend: "/Users/dean/Documents/MORI/mechanical/mori_v1_2.blend"
{
  "revision": "V1.2-M1.49",
  "status": "PASS",
  "checks": {
    "source_unchanged": true,
    "all_physical_actors_accounted_for": true,
    "positive_inertia": true,
    "mass_conservation": true,
    "head_pose_count": true
  },
  "coverage": {
    "missing": [],
    "unexpected": [],
    "count": 209
  },
  "totals": {
    "whole": {
      "mass_g": 1320.7439286161748,
      "COM_mm": [
        -0.33818059653756244,
        -0.2047136516920209,
        111.12735886996644
      ],
      "inertia_about_pivot_kg_m2": [
        [
          0.011117051964183913,
          -5.452860533725651e-06,
          6.469097036360546e-05
        ],
        [
          -5.452860533725651e-06,
          0.012187985113045655,
          2.3885787561230833e-05
        ],
        [
          6.469097036360546e-05,
          2.3885787561230833e-05,
          0.0033636230174260233
        ]
      ],
      "pivot_mm": [
        0.0,
        0.0,
        52.5
      ]
    },
    "prints": {
      "mass_g": 752.9981165822875,
      "COM_mm": [
        -0.06678930595973126,
        -1.0762440346501418,
        116.13192314031411
      ],
      "inertia_about_pivot_kg_m2": [
        [
          0.007259283020608413,
          -5.574280421830118e-08,
          8.223243587555467e-06
        ],
        [
          -5.574280421830118e-08,
          0.008103020952007082,
          0.00011139475792859594
        ],
        [
          8.223243587555467e-06,
          0.00011139475792859594,
          0.0022519770123399447
        ]
      ],
      "pivot_mm": [
        0.0,
        0.0,
        52.5
      ]
    },
    "pitch": {
      "mass_g": 168.44035530310097,
      "COM_mm": [
        0.09812516520115161,
        -0.5456194128090378,
        228.58111424096214
      ],
      "inertia_about_pivot_kg_m2": [
        [
          0.0003167481037541736,
          -1.4216121999781858e-08,
          -1.3014903942017005e-08
        ],
        [
          -1.4216121999781858e-08,
          0.00031695194245141795,
          5.489569719359744e-06
        ],
        [
          -1.3014903942017005e-08,
          5.489569719359744e-06,
          0.00033759544425999543
        ]
      ],
      "pivot_mm": [
        0.0,
        0.0,
        222.0
      ]
    },
    "yaw": {
      "mass_g": 252.85358484367933,
      "COM_mm": [
        -1.34985119088674,
        -0.5583406568189097,
        218.07588703918935
      ],
      "inertia_about_pivot_kg_m2": [
        [
          0.00041162802391100825,
          -1.8499898441657713e-08,
          -1.5393548724108269e-06
        ],
        [
          -1.8499898441657713e-08,
          0.0004521138337098751,
          1.8293885621835781e-06
        ],
        [
          -1.5393548724108269e-06,
          1.8293885621835781e-06,
          0.0004011082711918995
        ]
      ],
      "pivot_mm": [
        0.0,
        0.0,
        222.0
      ]
    }
  },
  "mass_target_status": "BLOCKED"
}
Blender 5.2.2 LTS (hash d13f752e3b9c built 2026-09-15 01:49:19)

Blender quit
