00:00.337  blend            | Read blend: "/Users/dean/Documents/MORI/mechanical/mori_v1_2.blend"
FINAL_PRINT Body_Upper 1.1999968124389648
FINAL_PRINT Body_Lower 1.7700977159500122
FINAL_PRINT Head_Front 0.9999921155929565
FINAL_PRINT Head_Rear 1.5249353481292724
FINAL_PRINT Battery_Tray 2.400001390075684
FINAL_PRINT Yaw_Base 1.1994910074234009
FINAL_PRINT Yaw_Reaction_Link 0.40384502539634703
FINAL_PRINT Load_Frame 1.0477683378219604
FINAL_PRINT Display_Frame 1.1999282670974731
FINAL_PRINT Pitch_Cradle 1.3768884969711304
FINAL_PRINT Wheel_Hub_L 12.396818978881836
FINAL_PRINT Wheel_Hub_R 12.396920068359375
FINAL_PRINT Drive_Bridge 1.2499995065689087
FINAL_PRINT Motor_Retainer 1.2499995065689087
FINAL_PRINT Pitch_Yoke 1.1440650058746338
FINAL_PRINT Yaw_Anti_Lift_Keeper 0.9999253583908081
FINAL_PRINT Coupon_Insert 1.99999914894104
FINAL_PRINT Coupon_Plane_Fit 3.399999482727051
FINAL_PRINT Coupon_Mating_Tab 3.999998910522461
FINAL_PRINT Coupon_Wheel_Fit 2.981643064117432
FINAL_PRINT Parking_Cradle 7.999998910522461
Blender 5.2.2 LTS (hash d13f752e3b9c built 2026-09-15 01:49:19)

Blender quit
