00:00.394  blend            | Read blend: "/Users/dean/Documents/MORI/mechanical/mori_v1_2.blend"
RENDER electronics_bay
00:13.729  render           | Saved: '/Users/dean/Documents/MORI/mechanical/renders/electronics_bay.png'
RENDER electronics_underside
00:25.701  render           | Saved: '/Users/dean/Documents/MORI/mechanical/renders/electronics_underside.png'
RENDER pcb_power
00:34.774  render           | Saved: '/Users/dean/Documents/MORI/mechanical/renders/pcb_power.png'
RENDER pcb_motion
00:42.931  render           | Saved: '/Users/dean/Documents/MORI/mechanical/renders/pcb_motion.png'
RENDER pcb_imu
00:50.855  render           | Saved: '/Users/dean/Documents/MORI/mechanical/renders/pcb_imu.png'
RENDER pcb_rear
00:58.121  render           | Saved: '/Users/dean/Documents/MORI/mechanical/renders/pcb_rear.png'
RENDER pcb_rear_bottom
01:06.054  render           | Saved: '/Users/dean/Documents/MORI/mechanical/renders/pcb_rear_bottom.png'
RENDER pcb_bucks
01:11.951  render           | Saved: '/Users/dean/Documents/MORI/mechanical/renders/pcb_bucks.png'
RENDER bridge_joint_detail
01:21.482  render           | Saved: '/Users/dean/Documents/MORI/mechanical/renders/bridge_joint_detail.png'
RENDER bridge_joint_exploded
01:30.252  render           | Saved: '/Users/dean/Documents/MORI/mechanical/renders/bridge_joint_exploded.png'
RENDER yaw_stop_detail
01:39.954  render           | Saved: '/Users/dean/Documents/MORI/mechanical/renders/yaw_stop_detail.png'
RENDER yaw_stop_exploded
01:49.211  render           | Saved: '/Users/dean/Documents/MORI/mechanical/renders/yaw_stop_exploded.png'
RENDER battery_tray_fit
02:01.237  render           | Saved: '/Users/dean/Documents/MORI/mechanical/renders/battery_tray_fit.png'
RENDER battery_frame_flat
02:08.563  render           | Saved: '/Users/dean/Documents/MORI/mechanical/renders/battery_frame_flat.png'
RENDER battery_tray_wide
02:14.875  render           | Saved: '/Users/dean/Documents/MORI/mechanical/renders/battery_tray_wide.png'
RENDER power_seats
02:25.929  render           | Saved: '/Users/dean/Documents/MORI/mechanical/renders/power_seats.png'
/Users/dean/Documents/MORI/mechanical/scripts/render.py:187: DeprecationWarning: 'Material.use_nodes' is expected to be removed in Blender 6.0
  mat.use_nodes=True;nodes=mat.node_tree.nodes;nodes.clear()
RENDER power_board_mounted
02:41.231  render           | Saved: '/Users/dean/Documents/MORI/mechanical/renders/power_board_mounted.png'
RENDER battery_retention_detail
02:57.815  render           | Saved: '/Users/dean/Documents/MORI/mechanical/renders/battery_retention_detail.png'
RENDER battery_retention_open
03:15.244  render           | Saved: '/Users/dean/Documents/MORI/mechanical/renders/battery_retention_open.png'
RENDER flush_bridge
03:25.957  render           | Saved: '/Users/dean/Documents/MORI/mechanical/renders/flush_bridge.png'
RENDER flush_bridge_underside
03:36.994  render           | Saved: '/Users/dean/Documents/MORI/mechanical/renders/flush_bridge_underside.png'
RENDER flush_speaker
03:44.127  render           | Saved: '/Users/dean/Documents/MORI/mechanical/renders/flush_speaker.png'
RENDER flush_cap
03:51.431  render           | Saved: '/Users/dean/Documents/MORI/mechanical/renders/flush_cap.png'
RENDER flush_reaction
03:59.330  render           | Saved: '/Users/dean/Documents/MORI/mechanical/renders/flush_reaction.png'
RENDER consolidated_yaw
04:09.051  render           | Saved: '/Users/dean/Documents/MORI/mechanical/renders/consolidated_yaw.png'
RENDER consolidated_base
04:18.212  render           | Saved: '/Users/dean/Documents/MORI/mechanical/renders/consolidated_base.png'
RENDER consolidated_camera
04:27.847  render           | Saved: '/Users/dean/Documents/MORI/mechanical/renders/consolidated_camera.png'
RENDER consolidated_wheel
04:41.211  render           | Saved: '/Users/dean/Documents/MORI/mechanical/renders/consolidated_wheel.png'
RENDER rear_interface_section
04:50.672  render           | Saved: '/Users/dean/Documents/MORI/mechanical/renders/rear_interface_section.png'
RENDER frame_underside
05:02.481  render           | Saved: '/Users/dean/Documents/MORI/mechanical/renders/frame_underside.png'
RENDER face_surface_side
05:16.130  render           | Saved: '/Users/dean/Documents/MORI/mechanical/renders/face_surface_side.png'
RENDER imu_underside
05:27.896  render           | Saved: '/Users/dean/Documents/MORI/mechanical/renders/imu_underside.png'
RENDER rear_interface_detail
05:39.395  render           | Saved: '/Users/dean/Documents/MORI/mechanical/renders/rear_interface_detail.png'
/Users/dean/Documents/MORI/mechanical/scripts/render.py:154: DeprecationWarning: 'Material.use_nodes' is expected to be removed in Blender 6.0
  shell=bpy.data.objects[PREFIX+n];mat=bpy.data.materials.get(PREFIX+'level_xray') or bpy.data.materials.new(PREFIX+'level_xray');mat.use_nodes=True;nodes=mat.node_tree.nodes;nodes.clear();out=nodes.new('ShaderNodeOutputMaterial');mix=nodes.new('ShaderNodeMixShader');mix.inputs[0].default_value=.82;solid=nodes.new('ShaderNodeBsdfDiffuse');solid.inputs['Color'].default_value=(.8,.85,.9,1);clear=nodes.new('ShaderNodeBsdfTransparent');mat.node_tree.links.new(solid.outputs[0],mix.inputs[1]);mat.node_tree.links.new(clear.outputs[0],mix.inputs[2]);mat.node_tree.links.new(mix.outputs[0],out.inputs[0]);shell.data.materials.clear();shell.data.materials.append(mat)
RENDER level_head_side
06:07.079  render           | Saved: '/Users/dean/Documents/MORI/mechanical/renders/level_head_side.png'
RENDER deck_plan
06:21.127  render           | Saved: '/Users/dean/Documents/MORI/mechanical/renders/deck_plan.png'
RENDER weact_detail
06:30.024  render           | Saved: '/Users/dean/Documents/MORI/mechanical/renders/weact_detail.png'
/Users/dean/Documents/MORI/mechanical/scripts/render.py:135: DeprecationWarning: 'Material.use_nodes' is expected to be removed in Blender 6.0
  mat=bpy.data.materials.get(PREFIX+'speaker_xray') or bpy.data.materials.new(PREFIX+'speaker_xray');mat.use_nodes=True;nodes=mat.node_tree.nodes;nodes.clear();out=nodes.new('ShaderNodeOutputMaterial');mix=nodes.new('ShaderNodeMixShader');mix.inputs[0].default_value=.84;solid=nodes.new('ShaderNodeBsdfDiffuse');solid.inputs['Color'].default_value=(.65,.72,.78,1);clear=nodes.new('ShaderNodeBsdfTransparent');mat.node_tree.links.new(solid.outputs[0],mix.inputs[1]);mat.node_tree.links.new(clear.outputs[0],mix.inputs[2]);mat.node_tree.links.new(mix.outputs[0],out.inputs[0]);shell.data.materials.clear();shell.data.materials.append(mat)
RENDER speaker_shell_detail
07:02.435  render           | Saved: '/Users/dean/Documents/MORI/mechanical/renders/speaker_shell_detail.png'
RENDER mic_detail
07:10.919  render           | Saved: '/Users/dean/Documents/MORI/mechanical/renders/mic_detail.png'
/Users/dean/Documents/MORI/mechanical/scripts/render.py:145: DeprecationWarning: 'Material.use_nodes' is expected to be removed in Blender 6.0
  mat=bpy.data.materials.new(PREFIX+'mic_open_'+n);mat.use_nodes=True;nodes=mat.node_tree.nodes;nodes.clear();out=nodes.new('ShaderNodeOutputMaterial');mix=nodes.new('ShaderNodeMixShader');mix.inputs[0].default_value=alpha;solid=nodes.new('ShaderNodeBsdfDiffuse');solid.inputs['Color'].default_value=(.8,.86,.9,1);clear=nodes.new('ShaderNodeBsdfTransparent');mat.node_tree.links.new(solid.outputs[0],mix.inputs[1]);mat.node_tree.links.new(clear.outputs[0],mix.inputs[2]);mat.node_tree.links.new(mix.outputs[0],out.inputs[0]);ob=bpy.data.objects[PREFIX+n];ob.data.materials.clear();ob.data.materials.append(mat)
RENDER mic_open_path
07:39.189  render           | Saved: '/Users/dean/Documents/MORI/mechanical/renders/mic_open_path.png'
RENDER belly_detail
07:57.642  render           | Saved: '/Users/dean/Documents/MORI/mechanical/renders/belly_detail.png'
RENDER yaw_drive_detail
08:25.890  render           | Saved: '/Users/dean/Documents/MORI/mechanical/renders/yaw_drive_detail.png'
RENDER 45_assembled
08:47.040  render           | Saved: '/Users/dean/Documents/MORI/mechanical/renders/45_assembled.png'
RENDER front
09:05.707  render           | Saved: '/Users/dean/Documents/MORI/mechanical/renders/front.png'
RENDER side
09:28.943  render           | Saved: '/Users/dean/Documents/MORI/mechanical/renders/side.png'
RENDER rear
09:52.029  render           | Saved: '/Users/dean/Documents/MORI/mechanical/renders/rear.png'
RENDER top
10:20.473  render           | Saved: '/Users/dean/Documents/MORI/mechanical/renders/top.png'
RENDER bottom
10:45.966  render           | Saved: '/Users/dean/Documents/MORI/mechanical/renders/bottom.png'
RENDER exploded
11:08.268  render           | Saved: '/Users/dean/Documents/MORI/mechanical/renders/exploded.png'
RENDER internal
11:29.505  render           | Saved: '/Users/dean/Documents/MORI/mechanical/renders/internal.png'
RENDER structure_only
11:51.955  render           | Saved: '/Users/dean/Documents/MORI/mechanical/renders/structure_only.png'
RENDER structure_exploded
12:08.578  render           | Saved: '/Users/dean/Documents/MORI/mechanical/renders/structure_exploded.png'
RENDER deck_detail
12:38.552  render           | Saved: '/Users/dean/Documents/MORI/mechanical/renders/deck_detail.png'
RENDER head_support
12:54.330  render           | Saved: '/Users/dean/Documents/MORI/mechanical/renders/head_support.png'
RENDER face_detail
13:15.441  render           | Saved: '/Users/dean/Documents/MORI/mechanical/renders/face_detail.png'
RENDER head_section
13:34.215  render           | Saved: '/Users/dean/Documents/MORI/mechanical/renders/head_section.png'
RENDER screen_outline_review
13:46.774  render           | Saved: '/Users/dean/Documents/MORI/mechanical/renders/screen_outline_review.png'
RENDER clearance
13:55.992  render           | Saved: '/Users/dean/Documents/MORI/mechanical/renders/clearance.png'
RENDER balance_side
14:04.955  render           | Saved: '/Users/dean/Documents/MORI/mechanical/renders/balance_side.png'
RENDER wheel_gap_detail
14:17.168  render           | Saved: '/Users/dean/Documents/MORI/mechanical/renders/wheel_gap_detail.png'
RENDER pose_up
14:38.651  render           | Saved: '/Users/dean/Documents/MORI/mechanical/renders/pose_up.png'
RENDER pose_down
15:13.587  render           | Saved: '/Users/dean/Documents/MORI/mechanical/renders/pose_down.png'
RENDER docked
15:48.910  render           | Saved: '/Users/dean/Documents/MORI/mechanical/renders/docked.png'
RENDER_COMPLETE
Blender 5.2.2 LTS (hash d13f752e3b9c built 2026-09-15 01:49:19)

Blender quit
