00:00.300  blend            | Read blend: "/Users/dean/Documents/MORI/mechanical/mori_v1_2.blend"
FORMING_CONTINUOUS 20 0.765625 tests 43 sec 7.6
FORMING_CONTINUOUS 40 0.80957 tests 83 sec 19.1
FORMING_CONTINUOUS 60 0.815918 tests 125 sec 32.8
FORMING_CONTINUOUS 80 0.818726 tests 166 sec 47.1
FORMING_CONTINUOUS 100 0.821167 tests 206 sec 60.9
FORMING_CONTINUOUS 120 0.823608 tests 245 sec 74.9
FORMING_CONTINUOUS 140 0.82605 tests 284 sec 88.7
FORMING_CONTINUOUS 160 0.828491 tests 327 sec 103.0
FORMING_CONTINUOUS 180 0.830933 tests 365 sec 116.7
FORMING_CONTINUOUS 200 0.833374 tests 405 sec 130.8
FORMING_CONTINUOUS 220 0.835815 tests 443 sec 144.6
FORMING_CONTINUOUS 240 0.838257 tests 485 sec 158.9
FORMING_CONTINUOUS 260 0.840698 tests 524 sec 172.6
FORMING_CONTINUOUS 280 0.84314 tests 563 sec 186.7
FORMING_CONTINUOUS 300 0.845581 tests 605 sec 200.5
FORMING_CONTINUOUS 320 0.848022 tests 646 sec 214.9
FORMING_CONTINUOUS 340 0.850464 tests 684 sec 228.7
FORMING_CONTINUOUS 360 0.852905 tests 725 sec 242.8
FORMING_CONTINUOUS 380 0.855347 tests 763 sec 256.8
FORMING_CONTINUOUS 400 0.857788 tests 804 sec 272.5
FORMING_CONTINUOUS 420 0.860229 tests 845 sec 288.9
FORMING_CONTINUOUS 440 0.862671 tests 884 sec 308.3
FORMING_CONTINUOUS 460 0.865112 tests 923 sec 323.8
FORMING_CONTINUOUS 480 0.867554 tests 965 sec 338.8
FORMING_CONTINUOUS 500 0.869995 tests 1003 sec 352.8
FORMING_CONTINUOUS 520 0.872437 tests 1043 sec 367.5
FORMING_CONTINUOUS 540 0.874878 tests 1081 sec 381.6
FORMING_CONTINUOUS 560 0.877319 tests 1127 sec 396.8
FORMING_CONTINUOUS 580 0.879761 tests 1166 sec 411.4
FORMING_CONTINUOUS 600 0.882202 tests 1205 sec 426.1
FORMING_CONTINUOUS 620 0.884644 tests 1245 sec 440.5
FORMING_CONTINUOUS 640 0.887085 tests 1286 sec 455.6
FORMING_CONTINUOUS 660 0.889526 tests 1324 sec 469.8
FORMING_CONTINUOUS 680 0.891968 tests 1366 sec 485.6
FORMING_CONTINUOUS 700 0.894409 tests 1404 sec 502.3
FORMING_CONTINUOUS 720 0.896851 tests 1445 sec 522.0
FORMING_CONTINUOUS 740 0.899292 tests 1485 sec 537.4
FORMING_CONTINUOUS 760 0.901733 tests 1524 sec 553.5
FORMING_CONTINUOUS 780 0.904175 tests 1563 sec 569.8
FORMING_CONTINUOUS 800 0.906616 tests 1607 sec 585.7
FORMING_CONTINUOUS 820 0.909058 tests 1645 sec 600.2
FORMING_CONTINUOUS 840 0.911499 tests 1685 sec 615.5
FORMING_CONTINUOUS 860 0.91394 tests 1723 sec 629.9
FORMING_CONTINUOUS 880 0.916382 tests 1765 sec 646.0
FORMING_CONTINUOUS 900 0.918823 tests 1804 sec 660.9
FORMING_CONTINUOUS 920 0.921265 tests 1843 sec 675.9
FORMING_CONTINUOUS 940 0.923706 tests 1884 sec 691.0
FORMING_CONTINUOUS 960 0.926147 tests 1925 sec 706.5
FORMING_CONTINUOUS 980 0.928589 tests 1963 sec 721.2
FORMING_CONTINUOUS 1000 0.93103 tests 2004 sec 736.8
FORMING_CONTINUOUS 1020 0.933472 tests 2042 sec 751.5
FORMING_CONTINUOUS 1040 0.935913 tests 2083 sec 767.3
FORMING_CONTINUOUS 1060 0.938354 tests 2126 sec 782.5
FORMING_CONTINUOUS 1080 0.940796 tests 2165 sec 797.6
FORMING_CONTINUOUS 1100 0.943237 tests 2204 sec 812.6
FORMING_CONTINUOUS 1120 0.945679 tests 2246 sec 828.5
FORMING_CONTINUOUS 1140 0.94812 tests 2284 sec 843.2
FORMING_CONTINUOUS 1160 0.950562 tests 2324 sec 858.7
FORMING_CONTINUOUS 1180 0.953003 tests 2362 sec 873.5
FORMING_CONTINUOUS 1200 0.955444 tests 2405 sec 889.3
FORMING_CONTINUOUS 1220 0.957886 tests 2444 sec 904.3
FORMING_CONTINUOUS 1240 0.960327 tests 2483 sec 919.4
FORMING_CONTINUOUS 1260 0.962769 tests 2523 sec 934.4
FORMING_CONTINUOUS 1280 0.96521 tests 2564 sec 949.8
FORMING_CONTINUOUS 1300 0.967651 tests 2602 sec 964.5
FORMING_CONTINUOUS 1320 0.970093 tests 2645 sec 979.6
FORMING_CONTINUOUS 1340 0.972534 tests 2683 sec 994.3
FORMING_CONTINUOUS 1360 0.974976 tests 2724 sec 1009.7
FORMING_CONTINUOUS 1380 0.977417 tests 2764 sec 1024.0
FORMING_CONTINUOUS 1400 0.979858 tests 2803 sec 1038.7
FORMING_CONTINUOUS 1420 0.9823 tests 2842 sec 1052.7
FORMING_CONTINUOUS 1440 0.984741 tests 2885 sec 1066.0
FORMING_CONTINUOUS 1460 0.98645 tests 2925 sec 1075.2
FORMING_CONTINUOUS 1480 0.986612 tests 2968 sec 1083.6
FORMING_UNPROVED 0.9866123199462891 0.9866142272949219 {'kind': 'contact', 'slot': 0, 'object': 'Pitch_Cradle', 'gap_mm': 0.3005103972909916, 'required_mm': 0.30056758422808966, 'temporal_mm': 0.00046758422808970305}
FORMING_UNPROVED 0.9866142272949219 0.9866161346435547 {'kind': 'contact', 'slot': 0, 'object': 'Pitch_Cradle', 'gap_mm': 0.30041492391429875, 'required_mm': 0.3005675845720053, 'temporal_mm': 0.00046758457200529724}
FORMING_UNPROVED 0.9866161346435547 0.9866180419921875 {'kind': 'contact', 'slot': 0, 'object': 'Pitch_Cradle', 'gap_mm': 0.30031944819477846, 'required_mm': 0.300567584915918, 'temporal_mm': 0.00046758491591801526}
FORMING_UNPROVED 0.9866180419921875 0.9866199493408203 {'kind': 'contact', 'slot': 0, 'object': 'Pitch_Cradle', 'gap_mm': 0.30022397013248403, 'required_mm': 0.30056758525982785, 'temporal_mm': 0.00046758525982785716}
FORMING_UNPROVED 0.9866199493408203 0.9866218566894531 {'kind': 'contact', 'slot': 0, 'object': 'Pitch_Cradle', 'gap_mm': 0.30012848972744416, 'required_mm': 0.3005675856037348, 'temporal_mm': 0.0004675856037348229}
FORMING_UNPROVED 0.9866218566894531 0.9866237640380859 {'kind': 'contact', 'slot': 0, 'object': 'Pitch_Cradle', 'gap_mm': 0.30003300697969315, 'required_mm': 0.3005675859476389, 'temporal_mm': 0.00046758594763891234}
FORMING_UNPROVED 0.9866237640380859 0.9866256713867188 {'kind': 'contact', 'slot': 0, 'object': 'Pitch_Cradle', 'gap_mm': 0.2999375218892857, 'required_mm': 0.3005675862915401, 'temporal_mm': 0.0004675862915401255}
FORMING_UNPROVED 0.9866256713867188 0.9866275787353516 {'kind': 'contact', 'slot': 0, 'object': 'Pitch_Cradle', 'gap_mm': 0.2998420344562384, 'required_mm': 0.3005675866354384, 'temporal_mm': 0.0004675866354384624}
FORMING_UNPROVED 0.9866275787353516 0.9866294860839844 {'kind': 'contact', 'slot': 0, 'object': 'Pitch_Cradle', 'gap_mm': 0.29974654468061884, 'required_mm': 0.3005675869793339, 'temporal_mm': 0.0004675869793339231}
FORMING_UNPROVED 0.9866294860839844 0.9866313934326172 {'kind': 'contact', 'slot': 0, 'object': 'Pitch_Cradle', 'gap_mm': 0.2996510525624368, 'required_mm': 0.30056758732322647, 'temporal_mm': 0.00046758732322650746}
FORMING_UNPROVED 0.9866313934326172 0.98663330078125 {'kind': 'contact', 'slot': 0, 'object': 'Pitch_Cradle', 'gap_mm': 0.29955555810175843, 'required_mm': 0.3005675876671162, 'temporal_mm': 0.0004675876671162154}
FORMING_UNPROVED 0.98663330078125 0.9866352081298828 {'kind': 'contact', 'slot': 0, 'object': 'Pitch_Cradle', 'gap_mm': 0.2994600612986053, 'required_mm': 0.30056758801100303, 'temporal_mm': 0.000467588011003047}
FORMING_UNPROVED 0.9866352081298828 0.9866371154785156 {'kind': 'contact', 'slot': 0, 'object': 'Pitch_Cradle', 'gap_mm': 0.299364562153032, 'required_mm': 0.300567588354887, 'temporal_mm': 0.00046758835488700223}
FORMING_UNPROVED 0.9866371154785156 0.9866390228271484 {'kind': 'contact', 'slot': 0, 'object': 'Pitch_Cradle', 'gap_mm': 0.2992690606650503, 'required_mm': 0.30056758869876804, 'temporal_mm': 0.00046758869876808095}
FORMING_UNPROVED 0.9866390228271484 0.9866409301757812 {'kind': 'contact', 'slot': 0, 'object': 'Pitch_Cradle', 'gap_mm': 0.2991735568347327, 'required_mm': 0.30056758904264624, 'temporal_mm': 0.0004675890426462834}
FORMING_UNPROVED 0.9866409301757812 0.9866428375244141 {'kind': 'contact', 'slot': 0, 'object': 'Pitch_Cradle', 'gap_mm': 0.299078050662097, 'required_mm': 0.30056758938652156, 'temporal_mm': 0.0004675893865216093}
FORMING_UNPROVED 0.9866428375244141 0.9866447448730469 {'kind': 'contact', 'slot': 0, 'object': 'Pitch_Cradle', 'gap_mm': 0.2989825421471729, 'required_mm': 0.30056758973039405, 'temporal_mm': 0.00046758973039405874}
FORMING_UNPROVED 0.9866447448730469 0.9866466522216797 {'kind': 'contact', 'slot': 0, 'object': 'Pitch_Cradle', 'gap_mm': 0.2988870312900362, 'required_mm': 0.3005675900742636, 'temporal_mm': 0.00046759007426363164}
FORMING_UNPROVED 0.9866466522216797 0.9866485595703125 {'kind': 'contact', 'slot': 0, 'object': 'Pitch_Cradle', 'gap_mm': 0.29879151809070364, 'required_mm': 0.3005675904181303, 'temporal_mm': 0.00046759041813032793}
FORMING_UNPROVED 0.9866485595703125 0.9866504669189453 {'kind': 'contact', 'slot': 0, 'object': 'Pitch_Cradle', 'gap_mm': 0.29869600254920964, 'required_mm': 0.30056759076199413, 'temporal_mm': 0.00046759076199414783}
FORMING_UNPROVED 0.9866504669189453 0.9866523742675781 {'kind': 'contact', 'slot': 0, 'object': 'Pitch_Cradle', 'gap_mm': 0.2986004846655945, 'required_mm': 0.30056759110585507, 'temporal_mm': 0.000467591105855091}
FORMING_UNPROVED 0.9866523742675781 0.9866542816162109 {'kind': 'contact', 'slot': 0, 'object': 'Pitch_Cradle', 'gap_mm': 0.2985049644399164, 'required_mm': 0.3005675914497131, 'temporal_mm': 0.00046759144971315767}
FORMING_UNPROVED 0.9866542816162109 0.9866561889648438 {'kind': 'contact', 'slot': 0, 'object': 'Pitch_Cradle', 'gap_mm': 0.2984094418721954, 'required_mm': 0.30056759179356834, 'temporal_mm': 0.00046759179356834776}
FORMING_UNPROVED 0.9866561889648438 0.9866580963134766 {'kind': 'contact', 'slot': 0, 'object': 'Pitch_Cradle', 'gap_mm': 0.298313916962491, 'required_mm': 0.3005675921374206, 'temporal_mm': 0.000467592137420661}
FORMING_UNPROVED 0.9866580963134766 0.9866600036621094 {'kind': 'contact', 'slot': 0, 'object': 'Pitch_Cradle', 'gap_mm': 0.2982183897107878, 'required_mm': 0.3005675924812701, 'temporal_mm': 0.00046759248127009763}
FORMING_UNPROVED 0.9866600036621094 0.9866619110107422 {'kind': 'contact', 'slot': 0, 'object': 'Pitch_Cradle', 'gap_mm': 0.29812286011720407, 'required_mm': 0.30056759282511664, 'temporal_mm': 0.00046759282511665774}
FORMING_UNPROVED 0.9866619110107422 0.986663818359375 {'kind': 'contact', 'slot': 0, 'object': 'Pitch_Cradle', 'gap_mm': 0.29802732818171773, 'required_mm': 0.3005675931689603, 'temporal_mm': 0.00046759316896034087}
FORMING_UNPROVED 0.986663818359375 0.9866657257080078 {'kind': 'contact', 'slot': 0, 'object': 'Pitch_Cradle', 'gap_mm': 0.29793179390440316, 'required_mm': 0.3005675935128011, 'temporal_mm': 0.0004675935128011474}
FORMING_UNPROVED 0.9866657257080078 0.9866676330566406 {'kind': 'contact', 'slot': 0, 'object': 'Pitch_Cradle', 'gap_mm': 0.2978362572852772, 'required_mm': 0.30056759385663906, 'temporal_mm': 0.00046759385663907714}
FORMING_UNPROVED 0.9866676330566406 0.9866695404052734 {'kind': 'contact', 'slot': 0, 'object': 'Pitch_Cradle', 'gap_mm': 0.29774071832439897, 'required_mm': 0.30056759420047413, 'temporal_mm': 0.00046759420047412997}
FORMING_UNPROVED 0.9866695404052734 0.9866714477539062 {'kind': 'contact', 'slot': 0, 'object': 'Pitch_Cradle', 'gap_mm': 0.2976451770217971, 'required_mm': 0.30056759454430626, 'temporal_mm': 0.00046759454430630613}
FORMING_CONTINUOUS_DONE BLOCKED 1480 31 RuntimeError('More than30 unresolved intervals; inspect saved progress before continuing')
Blender 5.2.2 LTS (hash d13f752e3b9c built 2026-09-15 01:49:19)

Blender quit
