00:00.268  blend            | Read blend: "/Users/dean/Documents/MORI/mechanical/mori_v1_2.blend"
{
  "revision": "V1.2-M1.50",
  "status": "PASS",
  "checks": {
    "source_unchanged": true,
    "all_physical_actors_accounted_for": true,
    "positive_inertia": true,
    "mass_conservation": true,
    "head_pose_count": true
  },
  "coverage": {
    "missing": [],
    "unexpected": [],
    "count": 209
  },
  "totals": {
    "whole": {
      "mass_g": 1320.7439286161748,
      "COM_mm": [
        -0.3378431721057694,
        -0.20474173185280622,
        111.12689289433435
      ],
      "inertia_about_pivot_kg_m2": [
        [
          0.01111684073055419,
          -5.443521406904468e-06,
          6.460967074803024e-05
        ],
        [
          -5.443521406904468e-06,
          0.01218776448918271,
          2.3877193656490866e-05
        ],
        [
          6.460967074803024e-05,
          2.3877193656490866e-05,
          0.0033636169114300216
        ]
      ],
      "pivot_mm": [
        0.0,
        0.0,
        52.5
      ]
    },
    "prints": {
      "mass_g": 752.9981165822875,
      "COM_mm": [
        -0.06678930595973126,
        -1.0762440346501418,
        116.13192314031411
      ],
      "inertia_about_pivot_kg_m2": [
        [
          0.007259283020608413,
          -5.574280421830118e-08,
          8.223243587555467e-06
        ],
        [
          -5.574280421830118e-08,
          0.008103020952007082,
          0.00011139475792859594
        ],
        [
          8.223243587555467e-06,
          0.00011139475792859594,
          0.0022519770123399447
        ]
      ],
      "pivot_mm": [
        0.0,
        0.0,
        52.5
      ]
    },
    "pitch": {
      "mass_g": 168.44035530310097,
      "COM_mm": [
        0.10077091638622579,
        -0.5458395898669945,
        228.57746051744743
      ],
      "inertia_about_pivot_kg_m2": [
        [
          0.0003167455024155439,
          -4.876995178598495e-09,
          -1.8776629310279485e-08
        ],
        [
          -4.876995178598495e-09,
          0.00031693995087956635,
          5.47468961865252e-06
        ],
        [
          -1.8776629310279485e-08,
          5.47468961865252e-06,
          0.0003375893382639937
        ]
      ],
      "pivot_mm": [
        0.0,
        0.0,
        222.0
      ]
    },
    "yaw": {
      "mass_g": 252.85358484367933,
      "COM_mm": [
        -1.348088703437994,
        -0.5584873294551502,
        218.0734530832406
      ],
      "inertia_about_pivot_kg_m2": [
        [
          0.00041162542257237855,
          -9.16077162047427e-09,
          -1.5451165977790893e-06
        ],
        [
          -9.16077162047427e-09,
          0.0004521018421380235,
          1.8145084614763549e-06
        ],
        [
          -1.5451165977790893e-06,
          1.8145084614763549e-06,
          0.0004011021651958978
        ]
      ],
      "pivot_mm": [
        0.0,
        0.0,
        222.0
      ]
    }
  },
  "mass_target_status": "BLOCKED"
}
Blender 5.2.2 LTS (hash d13f752e3b9c built 2026-09-15 01:49:19)

Blender quit
