00:00.312  blend            | Read blend: "/Users/dean/Documents/MORI/mechanical/mori_v1_2.blend"
MORI STL Battery_Tray PASS
MORI STL Body_Lower PASS
MORI STL Body_Upper PASS
MORI STL Coupon_Insert PASS
MORI STL Coupon_Mating_Tab PASS
MORI STL Coupon_Plane_Fit PASS
MORI STL Coupon_Wheel_Fit PASS
MORI STL Display_Frame PASS
MORI STL Drive_Bridge PASS
MORI STL Head_Front PASS
MORI STL Head_Rear PASS
MORI STL Load_Frame PASS
MORI STL Motor_Retainer PASS
MORI STL Parking_Cradle PASS
MORI STL Pitch_Cradle PASS
MORI STL Pitch_Yoke PASS
MORI STL Wheel_Hub_L PASS
MORI STL Wheel_Hub_R PASS
MORI STL Yaw_Anti_Lift_Keeper PASS
MORI STL Yaw_Base PASS
MORI STL Yaw_Reaction_Link PASS
Blender 5.2.2 LTS (hash d13f752e3b9c built 2026-09-15 01:49:19)
Timer 'STL Import' took 0.21 ms
Timer 'STL Import' took 2.14 ms
Timer 'STL Import' took 2.61 ms
Timer 'STL Import' took 0.26 ms
Timer 'STL Import' took 60042 ns
Timer 'STL Import' took 72500 ns
Timer 'STL Import' took 0.20 ms
Timer 'STL Import' took 0.43 ms
Timer 'STL Import' took 1.16 ms
Timer 'STL Import' took 1.72 ms
Timer 'STL Import' took 1.40 ms
Timer 'STL Import' took 1.75 ms
Timer 'STL Import' took 0.50 ms
Timer 'STL Import' took 0.12 ms
Timer 'STL Import' took 0.56 ms
Timer 'STL Import' took 10.32 ms
Timer 'STL Import' took 0.18 ms
Timer 'STL Import' took 0.15 ms
Timer 'STL Import' took 0.66 ms
Timer 'STL Import' took 1.71 ms
Timer 'STL Import' took 0.48 ms

Blender quit
