./src/common/stdpbase.cpp(59): assert ""traits"" failed in Get(): create wxApp before calling this
11:12:12 PM: Debug: Adding duplicate image handler for 'PNG file'
11:12:12 PM: Debug: Adding duplicate image handler for 'JPEG file'
11:12:12 PM: Debug: Adding duplicate image handler for 'TIFF file'
11:12:12 PM: Debug: Adding duplicate image handler for 'GIF file'
11:12:12 PM: Debug: Adding duplicate image handler for 'PNM file'
11:12:12 PM: Debug: Adding duplicate image handler for 'PCX file'
11:12:12 PM: Debug: Adding duplicate image handler for 'IFF file'
11:12:12 PM: Debug: Adding duplicate image handler for 'Windows icon file'
11:12:12 PM: Debug: Adding duplicate image handler for 'Windows cursor file'
11:12:12 PM: Debug: Adding duplicate image handler for 'Windows animated cursor file'
11:12:12 PM: Debug: Adding duplicate image handler for 'TGA file'
11:12:12 PM: Debug: Adding duplicate image handler for 'XPM file'
11:12:12 PM: Debug: Adding duplicate image handler for 'PNG file'
11:12:12 PM: Debug: Adding duplicate image handler for 'JPEG file'
11:12:12 PM: Debug: Adding duplicate image handler for 'TIFF file'
11:12:12 PM: Debug: Adding duplicate image handler for 'GIF file'
11:12:12 PM: Debug: Adding duplicate image handler for 'PNM file'
11:12:12 PM: Debug: Adding duplicate image handler for 'PCX file'
11:12:12 PM: Debug: Adding duplicate image handler for 'IFF file'
11:12:12 PM: Debug: Adding duplicate image handler for 'Windows icon file'
11:12:12 PM: Debug: Adding duplicate image handler for 'Windows cursor file'
11:12:12 PM: Debug: Adding duplicate image handler for 'Windows animated cursor file'
11:12:12 PM: Debug: Adding duplicate image handler for 'TGA file'
11:12:12 PM: Debug: Adding duplicate image handler for 'XPM file'
11:12:12 PM: Debug: Adding duplicate image handler for 'PNG file'
11:12:12 PM: Debug: Adding duplicate image handler for 'JPEG file'
11:12:12 PM: Debug: Adding duplicate image handler for 'TIFF file'
11:12:12 PM: Debug: Adding duplicate image handler for 'GIF file'
11:12:12 PM: Debug: Adding duplicate image handler for 'PNM file'
11:12:12 PM: Debug: Adding duplicate image handler for 'PCX file'
11:12:12 PM: Debug: Adding duplicate image handler for 'IFF file'
11:12:12 PM: Debug: Adding duplicate image handler for 'Windows icon file'
11:12:12 PM: Debug: Adding duplicate image handler for 'Windows cursor file'
11:12:12 PM: Debug: Adding duplicate image handler for 'Windows animated cursor file'
11:12:12 PM: Debug: Adding duplicate image handler for 'TGA file'
11:12:12 PM: Debug: Adding duplicate image handler for 'XPM file'
11:12:12 PM: Debug: Adding duplicate image handler for 'PNG file'
11:12:12 PM: Debug: Adding duplicate image handler for 'JPEG file'
11:12:12 PM: Debug: Adding duplicate image handler for 'TIFF file'
11:12:12 PM: Debug: Adding duplicate image handler for 'GIF file'
11:12:12 PM: Debug: Adding duplicate image handler for 'PNM file'
11:12:12 PM: Debug: Adding duplicate image handler for 'PCX file'
11:12:12 PM: Debug: Adding duplicate image handler for 'IFF file'
11:12:12 PM: Debug: Adding duplicate image handler for 'Windows icon file'
11:12:12 PM: Debug: Adding duplicate image handler for 'Windows cursor file'
11:12:12 PM: Debug: Adding duplicate image handler for 'Windows animated cursor file'
11:12:12 PM: Debug: Adding duplicate image handler for 'TGA file'
11:12:12 PM: Debug: Adding duplicate image handler for 'XPM file'
motion components 49 foreign-net candidates 0 own-pin escapes 31 U100 exceptions 380
motion 90-degree cases 5 free-fail 0 applied 0
motion audit done
11:12:13 PM: Debug: Adding duplicate image handler for 'PNG file'
11:12:13 PM: Debug: Adding duplicate image handler for 'JPEG file'
11:12:13 PM: Debug: Adding duplicate image handler for 'TIFF file'
11:12:13 PM: Debug: Adding duplicate image handler for 'GIF file'
11:12:13 PM: Debug: Adding duplicate image handler for 'PNM file'
11:12:13 PM: Debug: Adding duplicate image handler for 'PCX file'
11:12:13 PM: Debug: Adding duplicate image handler for 'IFF file'
11:12:13 PM: Debug: Adding duplicate image handler for 'Windows icon file'
11:12:13 PM: Debug: Adding duplicate image handler for 'Windows cursor file'
11:12:13 PM: Debug: Adding duplicate image handler for 'Windows animated cursor file'
11:12:13 PM: Debug: Adding duplicate image handler for 'TGA file'
11:12:13 PM: Debug: Adding duplicate image handler for 'XPM file'
11:12:13 PM: Debug: Adding duplicate image handler for 'PNG file'
11:12:13 PM: Debug: Adding duplicate image handler for 'JPEG file'
11:12:13 PM: Debug: Adding duplicate image handler for 'TIFF file'
11:12:13 PM: Debug: Adding duplicate image handler for 'GIF file'
11:12:13 PM: Debug: Adding duplicate image handler for 'PNM file'
11:12:13 PM: Debug: Adding duplicate image handler for 'PCX file'
11:12:13 PM: Debug: Adding duplicate image handler for 'IFF file'
11:12:13 PM: Debug: Adding duplicate image handler for 'Windows icon file'
11:12:13 PM: Debug: Adding duplicate image handler for 'Windows cursor file'
11:12:13 PM: Debug: Adding duplicate image handler for 'Windows animated cursor file'
11:12:13 PM: Debug: Adding duplicate image handler for 'TGA file'
11:12:13 PM: Debug: Adding duplicate image handler for 'XPM file'
11:12:13 PM: Debug: Adding duplicate image handler for 'PNG file'
11:12:13 PM: Debug: Adding duplicate image handler for 'JPEG file'
11:12:13 PM: Debug: Adding duplicate image handler for 'TIFF file'
11:12:13 PM: Debug: Adding duplicate image handler for 'GIF file'
11:12:13 PM: Debug: Adding duplicate image handler for 'PNM file'
11:12:13 PM: Debug: Adding duplicate image handler for 'PCX file'
11:12:13 PM: Debug: Adding duplicate image handler for 'IFF file'
11:12:13 PM: Debug: Adding duplicate image handler for 'Windows icon file'
11:12:13 PM: Debug: Adding duplicate image handler for 'Windows cursor file'
11:12:13 PM: Debug: Adding duplicate image handler for 'Windows animated cursor file'
11:12:13 PM: Debug: Adding duplicate image handler for 'TGA file'
11:12:13 PM: Debug: Adding duplicate image handler for 'XPM file'
11:12:13 PM: Debug: Adding duplicate image handler for 'PNG file'
11:12:13 PM: Debug: Adding duplicate image handler for 'JPEG file'
11:12:13 PM: Debug: Adding duplicate image handler for 'TIFF file'
11:12:13 PM: Debug: Adding duplicate image handler for 'GIF file'
11:12:13 PM: Debug: Adding duplicate image handler for 'PNM file'
11:12:13 PM: Debug: Adding duplicate image handler for 'PCX file'
11:12:13 PM: Debug: Adding duplicate image handler for 'IFF file'
11:12:13 PM: Debug: Adding duplicate image handler for 'Windows icon file'
11:12:13 PM: Debug: Adding duplicate image handler for 'Windows cursor file'
11:12:13 PM: Debug: Adding duplicate image handler for 'Windows animated cursor file'
11:12:13 PM: Debug: Adding duplicate image handler for 'TGA file'
11:12:13 PM: Debug: Adding duplicate image handler for 'XPM file'
11:12:13 PM: Debug: Adding duplicate image handler for 'PNG file'
11:12:13 PM: Debug: Adding duplicate image handler for 'JPEG file'
11:12:13 PM: Debug: Adding duplicate image handler for 'TIFF file'
11:12:13 PM: Debug: Adding duplicate image handler for 'GIF file'
11:12:13 PM: Debug: Adding duplicate image handler for 'PNM file'
11:12:13 PM: Debug: Adding duplicate image handler for 'PCX file'
11:12:13 PM: Debug: Adding duplicate image handler for 'IFF file'
11:12:13 PM: Debug: Adding duplicate image handler for 'Windows icon file'
11:12:13 PM: Debug: Adding duplicate image handler for 'Windows cursor file'
11:12:13 PM: Debug: Adding duplicate image handler for 'Windows animated cursor file'
11:12:13 PM: Debug: Adding duplicate image handler for 'TGA file'
11:12:13 PM: Debug: Adding duplicate image handler for 'XPM file'
imu components 7 foreign-net candidates 0 own-pin escapes 20 U100 exceptions 0
imu 90-degree cases 5 free-fail 2 applied 0
imu audit done
11:12:13 PM: Debug: Adding duplicate image handler for 'PNG file'
11:12:13 PM: Debug: Adding duplicate image handler for 'JPEG file'
11:12:13 PM: Debug: Adding duplicate image handler for 'TIFF file'
11:12:13 PM: Debug: Adding duplicate image handler for 'GIF file'
11:12:13 PM: Debug: Adding duplicate image handler for 'PNM file'
11:12:13 PM: Debug: Adding duplicate image handler for 'PCX file'
11:12:13 PM: Debug: Adding duplicate image handler for 'IFF file'
11:12:13 PM: Debug: Adding duplicate image handler for 'Windows icon file'
11:12:13 PM: Debug: Adding duplicate image handler for 'Windows cursor file'
11:12:13 PM: Debug: Adding duplicate image handler for 'Windows animated cursor file'
11:12:13 PM: Debug: Adding duplicate image handler for 'TGA file'
11:12:13 PM: Debug: Adding duplicate image handler for 'XPM file'
11:12:13 PM: Debug: Adding duplicate image handler for 'PNG file'
11:12:13 PM: Debug: Adding duplicate image handler for 'JPEG file'
11:12:13 PM: Debug: Adding duplicate image handler for 'TIFF file'
11:12:13 PM: Debug: Adding duplicate image handler for 'GIF file'
11:12:13 PM: Debug: Adding duplicate image handler for 'PNM file'
11:12:13 PM: Debug: Adding duplicate image handler for 'PCX file'
11:12:13 PM: Debug: Adding duplicate image handler for 'IFF file'
11:12:13 PM: Debug: Adding duplicate image handler for 'Windows icon file'
11:12:13 PM: Debug: Adding duplicate image handler for 'Windows cursor file'
11:12:13 PM: Debug: Adding duplicate image handler for 'Windows animated cursor file'
11:12:13 PM: Debug: Adding duplicate image handler for 'TGA file'
11:12:13 PM: Debug: Adding duplicate image handler for 'XPM file'
11:12:14 PM: Debug: Adding duplicate image handler for 'PNG file'
11:12:14 PM: Debug: Adding duplicate image handler for 'JPEG file'
11:12:14 PM: Debug: Adding duplicate image handler for 'TIFF file'
11:12:14 PM: Debug: Adding duplicate image handler for 'GIF file'
11:12:14 PM: Debug: Adding duplicate image handler for 'PNM file'
11:12:14 PM: Debug: Adding duplicate image handler for 'PCX file'
11:12:14 PM: Debug: Adding duplicate image handler for 'IFF file'
11:12:14 PM: Debug: Adding duplicate image handler for 'Windows icon file'
11:12:14 PM: Debug: Adding duplicate image handler for 'Windows cursor file'
11:12:14 PM: Debug: Adding duplicate image handler for 'Windows animated cursor file'
11:12:14 PM: Debug: Adding duplicate image handler for 'TGA file'
11:12:14 PM: Debug: Adding duplicate image handler for 'XPM file'
11:12:14 PM: Debug: Adding duplicate image handler for 'PNG file'
11:12:14 PM: Debug: Adding duplicate image handler for 'JPEG file'
11:12:14 PM: Debug: Adding duplicate image handler for 'TIFF file'
11:12:14 PM: Debug: Adding duplicate image handler for 'GIF file'
11:12:14 PM: Debug: Adding duplicate image handler for 'PNM file'
11:12:14 PM: Debug: Adding duplicate image handler for 'PCX file'
11:12:14 PM: Debug: Adding duplicate image handler for 'IFF file'
11:12:14 PM: Debug: Adding duplicate image handler for 'Windows icon file'
11:12:14 PM: Debug: Adding duplicate image handler for 'Windows cursor file'
11:12:14 PM: Debug: Adding duplicate image handler for 'Windows animated cursor file'
11:12:14 PM: Debug: Adding duplicate image handler for 'TGA file'
11:12:14 PM: Debug: Adding duplicate image handler for 'XPM file'
11:12:14 PM: Debug: Adding duplicate image handler for 'PNG file'
11:12:14 PM: Debug: Adding duplicate image handler for 'JPEG file'
11:12:14 PM: Debug: Adding duplicate image handler for 'TIFF file'
11:12:14 PM: Debug: Adding duplicate image handler for 'GIF file'
11:12:14 PM: Debug: Adding duplicate image handler for 'PNM file'
11:12:14 PM: Debug: Adding duplicate image handler for 'PCX file'
11:12:14 PM: Debug: Adding duplicate image handler for 'IFF file'
11:12:14 PM: Debug: Adding duplicate image handler for 'Windows icon file'
11:12:14 PM: Debug: Adding duplicate image handler for 'Windows cursor file'
11:12:14 PM: Debug: Adding duplicate image handler for 'Windows animated cursor file'
11:12:14 PM: Debug: Adding duplicate image handler for 'TGA file'
11:12:14 PM: Debug: Adding duplicate image handler for 'XPM file'
11:12:14 PM: Debug: Adding duplicate image handler for 'PNG file'
11:12:14 PM: Debug: Adding duplicate image handler for 'JPEG file'
11:12:14 PM: Debug: Adding duplicate image handler for 'TIFF file'
11:12:14 PM: Debug: Adding duplicate image handler for 'GIF file'
11:12:14 PM: Debug: Adding duplicate image handler for 'PNM file'
11:12:14 PM: Debug: Adding duplicate image handler for 'PCX file'
11:12:14 PM: Debug: Adding duplicate image handler for 'IFF file'
11:12:14 PM: Debug: Adding duplicate image handler for 'Windows icon file'
11:12:14 PM: Debug: Adding duplicate image handler for 'Windows cursor file'
11:12:14 PM: Debug: Adding duplicate image handler for 'Windows animated cursor file'
11:12:14 PM: Debug: Adding duplicate image handler for 'TGA file'
11:12:14 PM: Debug: Adding duplicate image handler for 'XPM file'
power components 104 foreign-net candidates 0 own-pin escapes 77 U100 exceptions 0
power 90-degree cases 11 free-fail 0 applied 0
PASS
[]
power audit done
11:12:14 PM: Debug: Adding duplicate image handler for 'PNG file'
11:12:14 PM: Debug: Adding duplicate image handler for 'JPEG file'
11:12:14 PM: Debug: Adding duplicate image handler for 'TIFF file'
11:12:14 PM: Debug: Adding duplicate image handler for 'GIF file'
11:12:14 PM: Debug: Adding duplicate image handler for 'PNM file'
11:12:14 PM: Debug: Adding duplicate image handler for 'PCX file'
11:12:14 PM: Debug: Adding duplicate image handler for 'IFF file'
11:12:14 PM: Debug: Adding duplicate image handler for 'Windows icon file'
11:12:14 PM: Debug: Adding duplicate image handler for 'Windows cursor file'
11:12:14 PM: Debug: Adding duplicate image handler for 'Windows animated cursor file'
11:12:14 PM: Debug: Adding duplicate image handler for 'TGA file'
11:12:14 PM: Debug: Adding duplicate image handler for 'XPM file'
11:12:14 PM: Debug: Adding duplicate image handler for 'PNG file'
11:12:14 PM: Debug: Adding duplicate image handler for 'JPEG file'
11:12:14 PM: Debug: Adding duplicate image handler for 'TIFF file'
11:12:14 PM: Debug: Adding duplicate image handler for 'GIF file'
11:12:14 PM: Debug: Adding duplicate image handler for 'PNM file'
11:12:14 PM: Debug: Adding duplicate image handler for 'PCX file'
11:12:14 PM: Debug: Adding duplicate image handler for 'IFF file'
11:12:14 PM: Debug: Adding duplicate image handler for 'Windows icon file'
11:12:14 PM: Debug: Adding duplicate image handler for 'Windows cursor file'
11:12:14 PM: Debug: Adding duplicate image handler for 'Windows animated cursor file'
11:12:14 PM: Debug: Adding duplicate image handler for 'TGA file'
11:12:14 PM: Debug: Adding duplicate image handler for 'XPM file'
11:12:14 PM: Debug: Adding duplicate image handler for 'PNG file'
11:12:14 PM: Debug: Adding duplicate image handler for 'JPEG file'
11:12:14 PM: Debug: Adding duplicate image handler for 'TIFF file'
11:12:14 PM: Debug: Adding duplicate image handler for 'GIF file'
11:12:14 PM: Debug: Adding duplicate image handler for 'PNM file'
11:12:14 PM: Debug: Adding duplicate image handler for 'PCX file'
11:12:14 PM: Debug: Adding duplicate image handler for 'IFF file'
11:12:14 PM: Debug: Adding duplicate image handler for 'Windows icon file'
11:12:14 PM: Debug: Adding duplicate image handler for 'Windows cursor file'
11:12:14 PM: Debug: Adding duplicate image handler for 'Windows animated cursor file'
11:12:14 PM: Debug: Adding duplicate image handler for 'TGA file'
11:12:14 PM: Debug: Adding duplicate image handler for 'XPM file'
11:12:14 PM: Debug: Adding duplicate image handler for 'PNG file'
11:12:14 PM: Debug: Adding duplicate image handler for 'JPEG file'
11:12:14 PM: Debug: Adding duplicate image handler for 'TIFF file'
11:12:14 PM: Debug: Adding duplicate image handler for 'GIF file'
11:12:14 PM: Debug: Adding duplicate image handler for 'PNM file'
11:12:14 PM: Debug: Adding duplicate image handler for 'PCX file'
11:12:14 PM: Debug: Adding duplicate image handler for 'IFF file'
11:12:14 PM: Debug: Adding duplicate image handler for 'Windows icon file'
11:12:14 PM: Debug: Adding duplicate image handler for 'Windows cursor file'
11:12:14 PM: Debug: Adding duplicate image handler for 'Windows animated cursor file'
11:12:14 PM: Debug: Adding duplicate image handler for 'TGA file'
11:12:14 PM: Debug: Adding duplicate image handler for 'XPM file'
11:12:15 PM: Debug: Adding duplicate image handler for 'PNG file'
11:12:15 PM: Debug: Adding duplicate image handler for 'JPEG file'
11:12:15 PM: Debug: Adding duplicate image handler for 'TIFF file'
11:12:15 PM: Debug: Adding duplicate image handler for 'GIF file'
11:12:15 PM: Debug: Adding duplicate image handler for 'PNM file'
11:12:15 PM: Debug: Adding duplicate image handler for 'PCX file'
11:12:15 PM: Debug: Adding duplicate image handler for 'IFF file'
11:12:15 PM: Debug: Adding duplicate image handler for 'Windows icon file'
11:12:15 PM: Debug: Adding duplicate image handler for 'Windows cursor file'
11:12:15 PM: Debug: Adding duplicate image handler for 'Windows animated cursor file'
11:12:15 PM: Debug: Adding duplicate image handler for 'TGA file'
11:12:15 PM: Debug: Adding duplicate image handler for 'XPM file'
rear components 9 foreign-net candidates 0 own-pin escapes 16 U100 exceptions 0
rear 90-degree cases 2 free-fail 0 applied 0
rear audit done
