./src/common/stdpbase.cpp(59): assert ""traits"" failed in Get(): create wxApp before calling this
10:50:45 PM: Debug: Adding duplicate image handler for 'PNG file'
10:50:45 PM: Debug: Adding duplicate image handler for 'JPEG file'
10:50:45 PM: Debug: Adding duplicate image handler for 'TIFF file'
10:50:45 PM: Debug: Adding duplicate image handler for 'GIF file'
10:50:45 PM: Debug: Adding duplicate image handler for 'PNM file'
10:50:45 PM: Debug: Adding duplicate image handler for 'PCX file'
10:50:45 PM: Debug: Adding duplicate image handler for 'IFF file'
10:50:45 PM: Debug: Adding duplicate image handler for 'Windows icon file'
10:50:45 PM: Debug: Adding duplicate image handler for 'Windows cursor file'
10:50:45 PM: Debug: Adding duplicate image handler for 'Windows animated cursor file'
10:50:45 PM: Debug: Adding duplicate image handler for 'TGA file'
10:50:45 PM: Debug: Adding duplicate image handler for 'XPM file'
10:50:45 PM: Debug: Adding duplicate image handler for 'PNG file'
10:50:45 PM: Debug: Adding duplicate image handler for 'JPEG file'
10:50:45 PM: Debug: Adding duplicate image handler for 'TIFF file'
10:50:45 PM: Debug: Adding duplicate image handler for 'GIF file'
10:50:45 PM: Debug: Adding duplicate image handler for 'PNM file'
10:50:45 PM: Debug: Adding duplicate image handler for 'PCX file'
10:50:45 PM: Debug: Adding duplicate image handler for 'IFF file'
10:50:45 PM: Debug: Adding duplicate image handler for 'Windows icon file'
10:50:45 PM: Debug: Adding duplicate image handler for 'Windows cursor file'
10:50:45 PM: Debug: Adding duplicate image handler for 'Windows animated cursor file'
10:50:45 PM: Debug: Adding duplicate image handler for 'TGA file'
10:50:45 PM: Debug: Adding duplicate image handler for 'XPM file'
10:50:46 PM: Debug: Adding duplicate image handler for 'PNG file'
10:50:46 PM: Debug: Adding duplicate image handler for 'JPEG file'
10:50:46 PM: Debug: Adding duplicate image handler for 'TIFF file'
10:50:46 PM: Debug: Adding duplicate image handler for 'GIF file'
10:50:46 PM: Debug: Adding duplicate image handler for 'PNM file'
10:50:46 PM: Debug: Adding duplicate image handler for 'PCX file'
10:50:46 PM: Debug: Adding duplicate image handler for 'IFF file'
10:50:46 PM: Debug: Adding duplicate image handler for 'Windows icon file'
10:50:46 PM: Debug: Adding duplicate image handler for 'Windows cursor file'
10:50:46 PM: Debug: Adding duplicate image handler for 'Windows animated cursor file'
10:50:46 PM: Debug: Adding duplicate image handler for 'TGA file'
10:50:46 PM: Debug: Adding duplicate image handler for 'XPM file'
10:50:46 PM: Debug: Adding duplicate image handler for 'PNG file'
10:50:46 PM: Debug: Adding duplicate image handler for 'JPEG file'
10:50:46 PM: Debug: Adding duplicate image handler for 'TIFF file'
10:50:46 PM: Debug: Adding duplicate image handler for 'GIF file'
10:50:46 PM: Debug: Adding duplicate image handler for 'PNM file'
10:50:46 PM: Debug: Adding duplicate image handler for 'PCX file'
10:50:46 PM: Debug: Adding duplicate image handler for 'IFF file'
10:50:46 PM: Debug: Adding duplicate image handler for 'Windows icon file'
10:50:46 PM: Debug: Adding duplicate image handler for 'Windows cursor file'
10:50:46 PM: Debug: Adding duplicate image handler for 'Windows animated cursor file'
10:50:46 PM: Debug: Adding duplicate image handler for 'TGA file'
10:50:46 PM: Debug: Adding duplicate image handler for 'XPM file'
10:50:46 PM: Debug: Adding duplicate image handler for 'PNG file'
10:50:46 PM: Debug: Adding duplicate image handler for 'JPEG file'
10:50:46 PM: Debug: Adding duplicate image handler for 'TIFF file'
10:50:46 PM: Debug: Adding duplicate image handler for 'GIF file'
10:50:46 PM: Debug: Adding duplicate image handler for 'PNM file'
10:50:46 PM: Debug: Adding duplicate image handler for 'PCX file'
10:50:46 PM: Debug: Adding duplicate image handler for 'IFF file'
10:50:46 PM: Debug: Adding duplicate image handler for 'Windows icon file'
10:50:46 PM: Debug: Adding duplicate image handler for 'Windows cursor file'
10:50:46 PM: Debug: Adding duplicate image handler for 'Windows animated cursor file'
10:50:46 PM: Debug: Adding duplicate image handler for 'TGA file'
10:50:46 PM: Debug: Adding duplicate image handler for 'XPM file'
10:50:46 PM: Debug: Adding duplicate image handler for 'PNG file'
10:50:46 PM: Debug: Adding duplicate image handler for 'JPEG file'
10:50:46 PM: Debug: Adding duplicate image handler for 'TIFF file'
10:50:46 PM: Debug: Adding duplicate image handler for 'GIF file'
10:50:46 PM: Debug: Adding duplicate image handler for 'PNM file'
10:50:46 PM: Debug: Adding duplicate image handler for 'PCX file'
10:50:46 PM: Debug: Adding duplicate image handler for 'IFF file'
10:50:46 PM: Debug: Adding duplicate image handler for 'Windows icon file'
10:50:46 PM: Debug: Adding duplicate image handler for 'Windows cursor file'
10:50:46 PM: Debug: Adding duplicate image handler for 'Windows animated cursor file'
10:50:46 PM: Debug: Adding duplicate image handler for 'TGA file'
10:50:46 PM: Debug: Adding duplicate image handler for 'XPM file'
10:50:46 PM: Debug: Adding duplicate image handler for 'PNG file'
10:50:46 PM: Debug: Adding duplicate image handler for 'JPEG file'
10:50:46 PM: Debug: Adding duplicate image handler for 'TIFF file'
10:50:46 PM: Debug: Adding duplicate image handler for 'GIF file'
10:50:46 PM: Debug: Adding duplicate image handler for 'PNM file'
10:50:46 PM: Debug: Adding duplicate image handler for 'PCX file'
10:50:46 PM: Debug: Adding duplicate image handler for 'IFF file'
10:50:46 PM: Debug: Adding duplicate image handler for 'Windows icon file'
10:50:46 PM: Debug: Adding duplicate image handler for 'Windows cursor file'
10:50:46 PM: Debug: Adding duplicate image handler for 'Windows animated cursor file'
10:50:46 PM: Debug: Adding duplicate image handler for 'TGA file'
10:50:46 PM: Debug: Adding duplicate image handler for 'XPM file'
motion components 49 foreign-net candidates 0 own-pin escapes 31 U100 exceptions 382
motion 90-degree cases 5 free-fail 0 applied 0
imu components 7 foreign-net candidates 0 own-pin escapes 20 U100 exceptions 0
imu 90-degree cases 7 free-fail 4 applied 0
power components 104 foreign-net candidates 0 own-pin escapes 77 U100 exceptions 0
power 90-degree cases 12 free-fail 1 applied 0
rear components 9 foreign-net candidates 0 own-pin escapes 16 U100 exceptions 0
rear 90-degree cases 2 free-fail 0 applied 0
