./src/common/stdpbase.cpp(59): assert ""traits"" failed in Get(): create wxApp before calling this
power CHG_N keep cleared lower corridor as one conductor; single short diagonal is at the fixed via landing ACCEPTED opens 0
10:51:09 PM: Debug: Adding duplicate image handler for 'PNG file'
10:51:09 PM: Debug: Adding duplicate image handler for 'JPEG file'
10:51:09 PM: Debug: Adding duplicate image handler for 'TIFF file'
10:51:09 PM: Debug: Adding duplicate image handler for 'GIF file'
10:51:09 PM: Debug: Adding duplicate image handler for 'PNM file'
10:51:09 PM: Debug: Adding duplicate image handler for 'PCX file'
10:51:09 PM: Debug: Adding duplicate image handler for 'IFF file'
10:51:09 PM: Debug: Adding duplicate image handler for 'Windows icon file'
10:51:09 PM: Debug: Adding duplicate image handler for 'Windows cursor file'
10:51:09 PM: Debug: Adding duplicate image handler for 'Windows animated cursor file'
10:51:09 PM: Debug: Adding duplicate image handler for 'TGA file'
10:51:09 PM: Debug: Adding duplicate image handler for 'XPM file'
10:51:09 PM: Debug: Adding duplicate image handler for 'PNG file'
10:51:09 PM: Debug: Adding duplicate image handler for 'JPEG file'
10:51:09 PM: Debug: Adding duplicate image handler for 'TIFF file'
10:51:09 PM: Debug: Adding duplicate image handler for 'GIF file'
10:51:09 PM: Debug: Adding duplicate image handler for 'PNM file'
10:51:09 PM: Debug: Adding duplicate image handler for 'PCX file'
10:51:09 PM: Debug: Adding duplicate image handler for 'IFF file'
10:51:09 PM: Debug: Adding duplicate image handler for 'Windows icon file'
10:51:09 PM: Debug: Adding duplicate image handler for 'Windows cursor file'
10:51:09 PM: Debug: Adding duplicate image handler for 'Windows animated cursor file'
10:51:09 PM: Debug: Adding duplicate image handler for 'TGA file'
10:51:09 PM: Debug: Adding duplicate image handler for 'XPM file'
motion CAM_3V3 eliminate S-shaped 0.1 mm jog while preserving the cleared C7/R9 corridor {'clearance': 2} opens 0
10:51:11 PM: Debug: Adding duplicate image handler for 'PNG file'
10:51:11 PM: Debug: Adding duplicate image handler for 'JPEG file'
10:51:11 PM: Debug: Adding duplicate image handler for 'TIFF file'
10:51:11 PM: Debug: Adding duplicate image handler for 'GIF file'
10:51:11 PM: Debug: Adding duplicate image handler for 'PNM file'
10:51:11 PM: Debug: Adding duplicate image handler for 'PCX file'
10:51:11 PM: Debug: Adding duplicate image handler for 'IFF file'
10:51:11 PM: Debug: Adding duplicate image handler for 'Windows icon file'
10:51:11 PM: Debug: Adding duplicate image handler for 'Windows cursor file'
10:51:11 PM: Debug: Adding duplicate image handler for 'Windows animated cursor file'
10:51:11 PM: Debug: Adding duplicate image handler for 'TGA file'
10:51:11 PM: Debug: Adding duplicate image handler for 'XPM file'
