./src/common/stdpbase.cpp(59): assert ""traits"" failed in Get(): create wxApp before calling this
10:56:47 PM: Debug: Adding duplicate image handler for 'PNG file'
10:56:47 PM: Debug: Adding duplicate image handler for 'JPEG file'
10:56:47 PM: Debug: Adding duplicate image handler for 'TIFF file'
10:56:47 PM: Debug: Adding duplicate image handler for 'GIF file'
10:56:47 PM: Debug: Adding duplicate image handler for 'PNM file'
10:56:47 PM: Debug: Adding duplicate image handler for 'PCX file'
10:56:47 PM: Debug: Adding duplicate image handler for 'IFF file'
10:56:47 PM: Debug: Adding duplicate image handler for 'Windows icon file'
10:56:47 PM: Debug: Adding duplicate image handler for 'Windows cursor file'
10:56:47 PM: Debug: Adding duplicate image handler for 'Windows animated cursor file'
10:56:47 PM: Debug: Adding duplicate image handler for 'TGA file'
10:56:47 PM: Debug: Adding duplicate image handler for 'XPM file'
motion native views exported
10:56:49 PM: Debug: Adding duplicate image handler for 'PNG file'
10:56:49 PM: Debug: Adding duplicate image handler for 'JPEG file'
10:56:49 PM: Debug: Adding duplicate image handler for 'TIFF file'
10:56:49 PM: Debug: Adding duplicate image handler for 'GIF file'
10:56:49 PM: Debug: Adding duplicate image handler for 'PNM file'
10:56:49 PM: Debug: Adding duplicate image handler for 'PCX file'
10:56:49 PM: Debug: Adding duplicate image handler for 'IFF file'
10:56:49 PM: Debug: Adding duplicate image handler for 'Windows icon file'
10:56:49 PM: Debug: Adding duplicate image handler for 'Windows cursor file'
10:56:49 PM: Debug: Adding duplicate image handler for 'Windows animated cursor file'
10:56:49 PM: Debug: Adding duplicate image handler for 'TGA file'
10:56:49 PM: Debug: Adding duplicate image handler for 'XPM file'
10:56:50 PM: Debug: Adding duplicate image handler for 'PNG file'
10:56:50 PM: Debug: Adding duplicate image handler for 'JPEG file'
10:56:50 PM: Debug: Adding duplicate image handler for 'TIFF file'
10:56:50 PM: Debug: Adding duplicate image handler for 'GIF file'
10:56:50 PM: Debug: Adding duplicate image handler for 'PNM file'
10:56:50 PM: Debug: Adding duplicate image handler for 'PCX file'
10:56:50 PM: Debug: Adding duplicate image handler for 'IFF file'
10:56:50 PM: Debug: Adding duplicate image handler for 'Windows icon file'
10:56:50 PM: Debug: Adding duplicate image handler for 'Windows cursor file'
10:56:50 PM: Debug: Adding duplicate image handler for 'Windows animated cursor file'
10:56:50 PM: Debug: Adding duplicate image handler for 'TGA file'
10:56:50 PM: Debug: Adding duplicate image handler for 'XPM file'
imu native views exported
10:56:52 PM: Debug: Adding duplicate image handler for 'PNG file'
10:56:52 PM: Debug: Adding duplicate image handler for 'JPEG file'
10:56:52 PM: Debug: Adding duplicate image handler for 'TIFF file'
10:56:52 PM: Debug: Adding duplicate image handler for 'GIF file'
10:56:52 PM: Debug: Adding duplicate image handler for 'PNM file'
10:56:52 PM: Debug: Adding duplicate image handler for 'PCX file'
10:56:52 PM: Debug: Adding duplicate image handler for 'IFF file'
10:56:52 PM: Debug: Adding duplicate image handler for 'Windows icon file'
10:56:52 PM: Debug: Adding duplicate image handler for 'Windows cursor file'
10:56:52 PM: Debug: Adding duplicate image handler for 'Windows animated cursor file'
10:56:52 PM: Debug: Adding duplicate image handler for 'TGA file'
10:56:52 PM: Debug: Adding duplicate image handler for 'XPM file'
10:56:54 PM: Debug: Adding duplicate image handler for 'PNG file'
10:56:54 PM: Debug: Adding duplicate image handler for 'JPEG file'
10:56:54 PM: Debug: Adding duplicate image handler for 'TIFF file'
10:56:54 PM: Debug: Adding duplicate image handler for 'GIF file'
10:56:54 PM: Debug: Adding duplicate image handler for 'PNM file'
10:56:54 PM: Debug: Adding duplicate image handler for 'PCX file'
10:56:54 PM: Debug: Adding duplicate image handler for 'IFF file'
10:56:54 PM: Debug: Adding duplicate image handler for 'Windows icon file'
10:56:54 PM: Debug: Adding duplicate image handler for 'Windows cursor file'
10:56:54 PM: Debug: Adding duplicate image handler for 'Windows animated cursor file'
10:56:54 PM: Debug: Adding duplicate image handler for 'TGA file'
10:56:54 PM: Debug: Adding duplicate image handler for 'XPM file'
power native views exported
10:56:56 PM: Debug: Adding duplicate image handler for 'PNG file'
10:56:56 PM: Debug: Adding duplicate image handler for 'JPEG file'
10:56:56 PM: Debug: Adding duplicate image handler for 'TIFF file'
10:56:56 PM: Debug: Adding duplicate image handler for 'GIF file'
10:56:56 PM: Debug: Adding duplicate image handler for 'PNM file'
10:56:56 PM: Debug: Adding duplicate image handler for 'PCX file'
10:56:56 PM: Debug: Adding duplicate image handler for 'IFF file'
10:56:56 PM: Debug: Adding duplicate image handler for 'Windows icon file'
10:56:56 PM: Debug: Adding duplicate image handler for 'Windows cursor file'
10:56:56 PM: Debug: Adding duplicate image handler for 'Windows animated cursor file'
10:56:56 PM: Debug: Adding duplicate image handler for 'TGA file'
10:56:56 PM: Debug: Adding duplicate image handler for 'XPM file'
10:56:57 PM: Debug: Adding duplicate image handler for 'PNG file'
10:56:57 PM: Debug: Adding duplicate image handler for 'JPEG file'
10:56:57 PM: Debug: Adding duplicate image handler for 'TIFF file'
10:56:57 PM: Debug: Adding duplicate image handler for 'GIF file'
10:56:57 PM: Debug: Adding duplicate image handler for 'PNM file'
10:56:57 PM: Debug: Adding duplicate image handler for 'PCX file'
10:56:57 PM: Debug: Adding duplicate image handler for 'IFF file'
10:56:57 PM: Debug: Adding duplicate image handler for 'Windows icon file'
10:56:57 PM: Debug: Adding duplicate image handler for 'Windows cursor file'
10:56:57 PM: Debug: Adding duplicate image handler for 'Windows animated cursor file'
10:56:57 PM: Debug: Adding duplicate image handler for 'TGA file'
10:56:57 PM: Debug: Adding duplicate image handler for 'XPM file'
rear native views exported
