./src/common/stdpbase.cpp(59): assert ""traits"" failed in Get(): create wxApp before calling this
motion filled 5ec76c6c1f7bd483442618e65ebcd85b6ee0dd807218c960802deeee8662480d
10:56:13 PM: Debug: Adding duplicate image handler for 'PNG file'
10:56:13 PM: Debug: Adding duplicate image handler for 'JPEG file'
10:56:13 PM: Debug: Adding duplicate image handler for 'TIFF file'
10:56:13 PM: Debug: Adding duplicate image handler for 'GIF file'
10:56:13 PM: Debug: Adding duplicate image handler for 'PNM file'
10:56:13 PM: Debug: Adding duplicate image handler for 'PCX file'
10:56:13 PM: Debug: Adding duplicate image handler for 'IFF file'
10:56:13 PM: Debug: Adding duplicate image handler for 'Windows icon file'
10:56:13 PM: Debug: Adding duplicate image handler for 'Windows cursor file'
10:56:13 PM: Debug: Adding duplicate image handler for 'Windows animated cursor file'
10:56:13 PM: Debug: Adding duplicate image handler for 'TGA file'
10:56:13 PM: Debug: Adding duplicate image handler for 'XPM file'
imu filled 386d8bc0add378612e38d8002d78c8fe3672760a225da6a21e6511c79370eefa
10:56:14 PM: Debug: Adding duplicate image handler for 'PNG file'
10:56:14 PM: Debug: Adding duplicate image handler for 'JPEG file'
10:56:14 PM: Debug: Adding duplicate image handler for 'TIFF file'
10:56:14 PM: Debug: Adding duplicate image handler for 'GIF file'
10:56:14 PM: Debug: Adding duplicate image handler for 'PNM file'
10:56:14 PM: Debug: Adding duplicate image handler for 'PCX file'
10:56:14 PM: Debug: Adding duplicate image handler for 'IFF file'
10:56:14 PM: Debug: Adding duplicate image handler for 'Windows icon file'
10:56:14 PM: Debug: Adding duplicate image handler for 'Windows cursor file'
10:56:14 PM: Debug: Adding duplicate image handler for 'Windows animated cursor file'
10:56:14 PM: Debug: Adding duplicate image handler for 'TGA file'
10:56:14 PM: Debug: Adding duplicate image handler for 'XPM file'
power filled a41429757f03ec19c70f48a338ca36bbe093115770c4a570e5f29420b46af66d
10:56:14 PM: Debug: Adding duplicate image handler for 'PNG file'
10:56:14 PM: Debug: Adding duplicate image handler for 'JPEG file'
10:56:14 PM: Debug: Adding duplicate image handler for 'TIFF file'
10:56:14 PM: Debug: Adding duplicate image handler for 'GIF file'
10:56:14 PM: Debug: Adding duplicate image handler for 'PNM file'
10:56:14 PM: Debug: Adding duplicate image handler for 'PCX file'
10:56:14 PM: Debug: Adding duplicate image handler for 'IFF file'
10:56:14 PM: Debug: Adding duplicate image handler for 'Windows icon file'
10:56:14 PM: Debug: Adding duplicate image handler for 'Windows cursor file'
10:56:14 PM: Debug: Adding duplicate image handler for 'Windows animated cursor file'
10:56:14 PM: Debug: Adding duplicate image handler for 'TGA file'
10:56:14 PM: Debug: Adding duplicate image handler for 'XPM file'
rear filled a9769049abc1419530618065dec9d9915aa04fee4bbae5b25e527e7d75502236
