./src/common/stdpbase.cpp(59): assert ""traits"" failed in Get(): create wxApp before calling this
power filled dc7cf61576921aa06d0fcf55101aecc158d9fe9bc8641af44f94ef382164f005
power 0 0
power 1 0
power 2 0
./src/common/stdpbase.cpp(59): assert ""traits"" failed in Get(): create wxApp before calling this
11:06:20 PM: Debug: Adding duplicate image handler for 'PNG file'
11:06:20 PM: Debug: Adding duplicate image handler for 'JPEG file'
11:06:20 PM: Debug: Adding duplicate image handler for 'TIFF file'
11:06:20 PM: Debug: Adding duplicate image handler for 'GIF file'
11:06:20 PM: Debug: Adding duplicate image handler for 'PNM file'
11:06:20 PM: Debug: Adding duplicate image handler for 'PCX file'
11:06:20 PM: Debug: Adding duplicate image handler for 'IFF file'
11:06:20 PM: Debug: Adding duplicate image handler for 'Windows icon file'
11:06:20 PM: Debug: Adding duplicate image handler for 'Windows cursor file'
11:06:20 PM: Debug: Adding duplicate image handler for 'Windows animated cursor file'
11:06:20 PM: Debug: Adding duplicate image handler for 'TGA file'
11:06:20 PM: Debug: Adding duplicate image handler for 'XPM file'
11:06:21 PM: Debug: Adding duplicate image handler for 'PNG file'
11:06:21 PM: Debug: Adding duplicate image handler for 'JPEG file'
11:06:21 PM: Debug: Adding duplicate image handler for 'TIFF file'
11:06:21 PM: Debug: Adding duplicate image handler for 'GIF file'
11:06:21 PM: Debug: Adding duplicate image handler for 'PNM file'
11:06:21 PM: Debug: Adding duplicate image handler for 'PCX file'
11:06:21 PM: Debug: Adding duplicate image handler for 'IFF file'
11:06:21 PM: Debug: Adding duplicate image handler for 'Windows icon file'
11:06:21 PM: Debug: Adding duplicate image handler for 'Windows cursor file'
11:06:21 PM: Debug: Adding duplicate image handler for 'Windows animated cursor file'
11:06:21 PM: Debug: Adding duplicate image handler for 'TGA file'
11:06:21 PM: Debug: Adding duplicate image handler for 'XPM file'
11:06:21 PM: Debug: Adding duplicate image handler for 'PNG file'
11:06:21 PM: Debug: Adding duplicate image handler for 'JPEG file'
11:06:21 PM: Debug: Adding duplicate image handler for 'TIFF file'
11:06:21 PM: Debug: Adding duplicate image handler for 'GIF file'
11:06:21 PM: Debug: Adding duplicate image handler for 'PNM file'
11:06:21 PM: Debug: Adding duplicate image handler for 'PCX file'
11:06:21 PM: Debug: Adding duplicate image handler for 'IFF file'
11:06:21 PM: Debug: Adding duplicate image handler for 'Windows icon file'
11:06:21 PM: Debug: Adding duplicate image handler for 'Windows cursor file'
11:06:21 PM: Debug: Adding duplicate image handler for 'Windows animated cursor file'
11:06:21 PM: Debug: Adding duplicate image handler for 'TGA file'
11:06:21 PM: Debug: Adding duplicate image handler for 'XPM file'
11:06:21 PM: Debug: Adding duplicate image handler for 'PNG file'
11:06:21 PM: Debug: Adding duplicate image handler for 'JPEG file'
11:06:21 PM: Debug: Adding duplicate image handler for 'TIFF file'
11:06:21 PM: Debug: Adding duplicate image handler for 'GIF file'
11:06:21 PM: Debug: Adding duplicate image handler for 'PNM file'
11:06:21 PM: Debug: Adding duplicate image handler for 'PCX file'
11:06:21 PM: Debug: Adding duplicate image handler for 'IFF file'
11:06:21 PM: Debug: Adding duplicate image handler for 'Windows icon file'
11:06:21 PM: Debug: Adding duplicate image handler for 'Windows cursor file'
11:06:21 PM: Debug: Adding duplicate image handler for 'Windows animated cursor file'
11:06:21 PM: Debug: Adding duplicate image handler for 'TGA file'
11:06:21 PM: Debug: Adding duplicate image handler for 'XPM file'
power components 104 foreign-net candidates 0 own-pin escapes 77 U100 exceptions 0
power 90-degree cases 11 free-fail 0 applied 0
PASS
[]
power audit done
./src/common/stdpbase.cpp(59): assert ""traits"" failed in Get(): create wxApp before calling this
power after {'segments': 807, 'vias': 130, 'nets_with_tracks': 53, 'length_mm': 1781.8550217067764, 'flags': {'OFFSET_ENDPOINTS': 106, 'OVERLAP_PARALLEL': 2, 'NON_45': 15, 'SHORT_SEGMENT': 37, 'FOLDBACK': 5}}
power after atlas pages 9
./src/common/stdpbase.cpp(59): assert ""traits"" failed in Get(): create wxApp before calling this
11:06:27 PM: Debug: Adding duplicate image handler for 'PNG file'
11:06:27 PM: Debug: Adding duplicate image handler for 'JPEG file'
11:06:27 PM: Debug: Adding duplicate image handler for 'TIFF file'
11:06:27 PM: Debug: Adding duplicate image handler for 'GIF file'
11:06:27 PM: Debug: Adding duplicate image handler for 'PNM file'
11:06:27 PM: Debug: Adding duplicate image handler for 'PCX file'
11:06:27 PM: Debug: Adding duplicate image handler for 'IFF file'
11:06:27 PM: Debug: Adding duplicate image handler for 'Windows icon file'
11:06:27 PM: Debug: Adding duplicate image handler for 'Windows cursor file'
11:06:27 PM: Debug: Adding duplicate image handler for 'Windows animated cursor file'
11:06:27 PM: Debug: Adding duplicate image handler for 'TGA file'
11:06:27 PM: Debug: Adding duplicate image handler for 'XPM file'
power native views exported
