./src/common/stdpbase.cpp(59): assert ""traits"" failed in Get(): create wxApp before calling this
motion after {'segments': 455, 'vias': 96, 'nets_with_tracks': 45, 'length_mm': 1196.7029540839692, 'flags': {'OFFSET_ENDPOINTS': 31, 'SHORT_SEGMENT': 12, 'NON_45': 1}}
10:56:45 PM: Debug: Adding duplicate image handler for 'PNG file'
10:56:45 PM: Debug: Adding duplicate image handler for 'JPEG file'
10:56:45 PM: Debug: Adding duplicate image handler for 'TIFF file'
10:56:45 PM: Debug: Adding duplicate image handler for 'GIF file'
10:56:45 PM: Debug: Adding duplicate image handler for 'PNM file'
10:56:45 PM: Debug: Adding duplicate image handler for 'PCX file'
10:56:45 PM: Debug: Adding duplicate image handler for 'IFF file'
10:56:45 PM: Debug: Adding duplicate image handler for 'Windows icon file'
10:56:45 PM: Debug: Adding duplicate image handler for 'Windows cursor file'
10:56:45 PM: Debug: Adding duplicate image handler for 'Windows animated cursor file'
10:56:45 PM: Debug: Adding duplicate image handler for 'TGA file'
10:56:45 PM: Debug: Adding duplicate image handler for 'XPM file'
imu after {'segments': 70, 'vias': 9, 'nets_with_tracks': 8, 'length_mm': 89.43925495986761, 'flags': {'SHORT_SEGMENT': 2, 'OFFSET_ENDPOINTS': 1}}
10:56:45 PM: Debug: Adding duplicate image handler for 'PNG file'
10:56:45 PM: Debug: Adding duplicate image handler for 'JPEG file'
10:56:45 PM: Debug: Adding duplicate image handler for 'TIFF file'
10:56:45 PM: Debug: Adding duplicate image handler for 'GIF file'
10:56:45 PM: Debug: Adding duplicate image handler for 'PNM file'
10:56:45 PM: Debug: Adding duplicate image handler for 'PCX file'
10:56:45 PM: Debug: Adding duplicate image handler for 'IFF file'
10:56:45 PM: Debug: Adding duplicate image handler for 'Windows icon file'
10:56:45 PM: Debug: Adding duplicate image handler for 'Windows cursor file'
10:56:45 PM: Debug: Adding duplicate image handler for 'Windows animated cursor file'
10:56:45 PM: Debug: Adding duplicate image handler for 'TGA file'
10:56:45 PM: Debug: Adding duplicate image handler for 'XPM file'
power after {'segments': 813, 'vias': 130, 'nets_with_tracks': 53, 'length_mm': 1782.3179535549798, 'flags': {'OFFSET_ENDPOINTS': 107, 'OVERLAP_PARALLEL': 2, 'NON_45': 16, 'SHORT_SEGMENT': 37, 'FOLDBACK': 5}}
10:56:45 PM: Debug: Adding duplicate image handler for 'PNG file'
10:56:45 PM: Debug: Adding duplicate image handler for 'JPEG file'
10:56:45 PM: Debug: Adding duplicate image handler for 'TIFF file'
10:56:45 PM: Debug: Adding duplicate image handler for 'GIF file'
10:56:45 PM: Debug: Adding duplicate image handler for 'PNM file'
10:56:45 PM: Debug: Adding duplicate image handler for 'PCX file'
10:56:45 PM: Debug: Adding duplicate image handler for 'IFF file'
10:56:45 PM: Debug: Adding duplicate image handler for 'Windows icon file'
10:56:45 PM: Debug: Adding duplicate image handler for 'Windows cursor file'
10:56:45 PM: Debug: Adding duplicate image handler for 'Windows animated cursor file'
10:56:45 PM: Debug: Adding duplicate image handler for 'TGA file'
10:56:45 PM: Debug: Adding duplicate image handler for 'XPM file'
rear after {'segments': 74, 'vias': 15, 'nets_with_tracks': 7, 'length_mm': 162.51687109632823, 'flags': {'OFFSET_ENDPOINTS': 3}}
motion after atlas pages 8
imu after atlas pages 2
power after atlas pages 9
rear after atlas pages 2
