./src/common/stdpbase.cpp(59): assert ""traits"" failed in Get(): create wxApp before calling this
motion Move R9 down 0.25 mm to open a straight CAM_3V3 corridor and eliminate the clearance-induced S jog; C7 unchanged ACCEPTED opens 0
10:52:17 PM: Debug: Adding duplicate image handler for 'PNG file'
10:52:17 PM: Debug: Adding duplicate image handler for 'JPEG file'
10:52:17 PM: Debug: Adding duplicate image handler for 'TIFF file'
10:52:17 PM: Debug: Adding duplicate image handler for 'GIF file'
10:52:17 PM: Debug: Adding duplicate image handler for 'PNM file'
10:52:17 PM: Debug: Adding duplicate image handler for 'PCX file'
10:52:17 PM: Debug: Adding duplicate image handler for 'IFF file'
10:52:17 PM: Debug: Adding duplicate image handler for 'Windows icon file'
10:52:17 PM: Debug: Adding duplicate image handler for 'Windows cursor file'
10:52:17 PM: Debug: Adding duplicate image handler for 'Windows animated cursor file'
10:52:17 PM: Debug: Adding duplicate image handler for 'TGA file'
10:52:17 PM: Debug: Adding duplicate image handler for 'XPM file'
10:52:17 PM: Debug: Adding duplicate image handler for 'PNG file'
10:52:17 PM: Debug: Adding duplicate image handler for 'JPEG file'
10:52:17 PM: Debug: Adding duplicate image handler for 'TIFF file'
10:52:17 PM: Debug: Adding duplicate image handler for 'GIF file'
10:52:17 PM: Debug: Adding duplicate image handler for 'PNM file'
10:52:17 PM: Debug: Adding duplicate image handler for 'PCX file'
10:52:17 PM: Debug: Adding duplicate image handler for 'IFF file'
10:52:17 PM: Debug: Adding duplicate image handler for 'Windows icon file'
10:52:17 PM: Debug: Adding duplicate image handler for 'Windows cursor file'
10:52:17 PM: Debug: Adding duplicate image handler for 'Windows animated cursor file'
10:52:17 PM: Debug: Adding duplicate image handler for 'TGA file'
10:52:17 PM: Debug: Adding duplicate image handler for 'XPM file'
imu R1 input escape: diagonal-to-vertical path with 0.5 mm bevel instead of the short free right-angle corner {'via_dangling': 1} opens 1
10:52:18 PM: Debug: Adding duplicate image handler for 'PNG file'
10:52:18 PM: Debug: Adding duplicate image handler for 'JPEG file'
10:52:18 PM: Debug: Adding duplicate image handler for 'TIFF file'
10:52:18 PM: Debug: Adding duplicate image handler for 'GIF file'
10:52:18 PM: Debug: Adding duplicate image handler for 'PNM file'
10:52:18 PM: Debug: Adding duplicate image handler for 'PCX file'
10:52:18 PM: Debug: Adding duplicate image handler for 'IFF file'
10:52:18 PM: Debug: Adding duplicate image handler for 'Windows icon file'
10:52:18 PM: Debug: Adding duplicate image handler for 'Windows cursor file'
10:52:18 PM: Debug: Adding duplicate image handler for 'Windows animated cursor file'
10:52:18 PM: Debug: Adding duplicate image handler for 'TGA file'
10:52:18 PM: Debug: Adding duplicate image handler for 'XPM file'
