./src/common/stdpbase.cpp(59): assert ""traits"" failed in Get(): create wxApp before calling this
11:13:48 PM: Debug: Adding duplicate image handler for 'PNG file'
11:13:48 PM: Debug: Adding duplicate image handler for 'JPEG file'
11:13:48 PM: Debug: Adding duplicate image handler for 'TIFF file'
11:13:48 PM: Debug: Adding duplicate image handler for 'GIF file'
11:13:48 PM: Debug: Adding duplicate image handler for 'PNM file'
11:13:48 PM: Debug: Adding duplicate image handler for 'PCX file'
11:13:48 PM: Debug: Adding duplicate image handler for 'IFF file'
11:13:48 PM: Debug: Adding duplicate image handler for 'Windows icon file'
11:13:48 PM: Debug: Adding duplicate image handler for 'Windows cursor file'
11:13:48 PM: Debug: Adding duplicate image handler for 'Windows animated cursor file'
11:13:48 PM: Debug: Adding duplicate image handler for 'TGA file'
11:13:48 PM: Debug: Adding duplicate image handler for 'XPM file'
11:13:48 PM: Debug: Adding duplicate image handler for 'PNG file'
11:13:48 PM: Debug: Adding duplicate image handler for 'JPEG file'
11:13:48 PM: Debug: Adding duplicate image handler for 'TIFF file'
11:13:48 PM: Debug: Adding duplicate image handler for 'GIF file'
11:13:48 PM: Debug: Adding duplicate image handler for 'PNM file'
11:13:48 PM: Debug: Adding duplicate image handler for 'PCX file'
11:13:48 PM: Debug: Adding duplicate image handler for 'IFF file'
11:13:48 PM: Debug: Adding duplicate image handler for 'Windows icon file'
11:13:48 PM: Debug: Adding duplicate image handler for 'Windows cursor file'
11:13:48 PM: Debug: Adding duplicate image handler for 'Windows animated cursor file'
11:13:48 PM: Debug: Adding duplicate image handler for 'TGA file'
11:13:48 PM: Debug: Adding duplicate image handler for 'XPM file'
11:13:48 PM: Debug: Adding duplicate image handler for 'PNG file'
11:13:48 PM: Debug: Adding duplicate image handler for 'JPEG file'
11:13:48 PM: Debug: Adding duplicate image handler for 'TIFF file'
11:13:48 PM: Debug: Adding duplicate image handler for 'GIF file'
11:13:48 PM: Debug: Adding duplicate image handler for 'PNM file'
11:13:48 PM: Debug: Adding duplicate image handler for 'PCX file'
11:13:48 PM: Debug: Adding duplicate image handler for 'IFF file'
11:13:48 PM: Debug: Adding duplicate image handler for 'Windows icon file'
11:13:48 PM: Debug: Adding duplicate image handler for 'Windows cursor file'
11:13:48 PM: Debug: Adding duplicate image handler for 'Windows animated cursor file'
11:13:48 PM: Debug: Adding duplicate image handler for 'TGA file'
11:13:48 PM: Debug: Adding duplicate image handler for 'XPM file'
{"native": {"motion": {"board": "MORI_motion_P5R2", "ERC": 0, "DRC": 0, "unconnected": 0, "parity": 0, "status": "PASS", "source_sha256": "5ec76c6c1f7bd483442618e65ebcd85b6ee0dd807218c960802deeee8662480d", "tool": "10.0.6", "report": "hardware/v1_2/layout_P5R2/reports/motion/drc.json"}, "imu": {"board": "MORI_imu_P5R2", "ERC": 0, "DRC": 0, "unconnected": 0, "parity": 0, "status": "PASS", "source_sha256": "386d8bc0add378612e38d8002d78c8fe3672760a225da6a21e6511c79370eefa", "tool": "10.0.6", "report": "hardware/v1_2/layout_P5R2/reports/imu/drc.json"}, "power": {"board": "MORI_power_P5R2", "ERC": 0, "DRC": 0, "unconnected": 0, "parity": 0, "status": "PASS", "source_sha256": "dc7cf61576921aa06d0fcf55101aecc158d9fe9bc8641af44f94ef382164f005", "tool": "10.0.6", "report": "hardware/v1_2/layout_P5R2/reports/power/drc.json"}, "rear": {"board": "MORI_rear_P5R2", "ERC": 0, "DRC": 0, "unconnected": 0, "parity": 0, "status": "PASS", "source_sha256": "a9769049abc1419530618065dec9d9915aa04fee4bbae5b25e527e7d75502236", "tool": "10.0.6", "report": "hardware/v1_2/layout_P5R2/reports/rear/drc.json"}}, "nets": 114, "segments": 1406, "vias": 250, "publication": true}
