./src/common/stdpbase.cpp(59): assert ""traits"" failed in Get(): create wxApp before calling this
power H_VM sense spur: replace short right-angle ledge by one vertical via exit and one diagonal run ACCEPTED opens 0
10:53:37 PM: Debug: Adding duplicate image handler for 'PNG file'
10:53:37 PM: Debug: Adding duplicate image handler for 'JPEG file'
10:53:37 PM: Debug: Adding duplicate image handler for 'TIFF file'
10:53:37 PM: Debug: Adding duplicate image handler for 'GIF file'
10:53:37 PM: Debug: Adding duplicate image handler for 'PNM file'
10:53:37 PM: Debug: Adding duplicate image handler for 'PCX file'
10:53:37 PM: Debug: Adding duplicate image handler for 'IFF file'
10:53:37 PM: Debug: Adding duplicate image handler for 'Windows icon file'
10:53:37 PM: Debug: Adding duplicate image handler for 'Windows cursor file'
10:53:37 PM: Debug: Adding duplicate image handler for 'Windows animated cursor file'
10:53:37 PM: Debug: Adding duplicate image handler for 'TGA file'
10:53:37 PM: Debug: Adding duplicate image handler for 'XPM file'
power W_BRAKE_GATE replace free orthogonal diagonal corner with exact R14 0.499999 mm bevel {} opens 1
10:53:39 PM: Debug: Adding duplicate image handler for 'PNG file'
10:53:39 PM: Debug: Adding duplicate image handler for 'JPEG file'
10:53:39 PM: Debug: Adding duplicate image handler for 'TIFF file'
10:53:39 PM: Debug: Adding duplicate image handler for 'GIF file'
10:53:39 PM: Debug: Adding duplicate image handler for 'PNM file'
10:53:39 PM: Debug: Adding duplicate image handler for 'PCX file'
10:53:39 PM: Debug: Adding duplicate image handler for 'IFF file'
10:53:39 PM: Debug: Adding duplicate image handler for 'Windows icon file'
10:53:39 PM: Debug: Adding duplicate image handler for 'Windows cursor file'
10:53:39 PM: Debug: Adding duplicate image handler for 'Windows animated cursor file'
10:53:39 PM: Debug: Adding duplicate image handler for 'TGA file'
10:53:39 PM: Debug: Adding duplicate image handler for 'XPM file'
10:53:39 PM: Debug: Adding duplicate image handler for 'PNG file'
10:53:39 PM: Debug: Adding duplicate image handler for 'JPEG file'
10:53:39 PM: Debug: Adding duplicate image handler for 'TIFF file'
10:53:39 PM: Debug: Adding duplicate image handler for 'GIF file'
10:53:39 PM: Debug: Adding duplicate image handler for 'PNM file'
10:53:39 PM: Debug: Adding duplicate image handler for 'PCX file'
10:53:39 PM: Debug: Adding duplicate image handler for 'IFF file'
10:53:39 PM: Debug: Adding duplicate image handler for 'Windows icon file'
10:53:39 PM: Debug: Adding duplicate image handler for 'Windows cursor file'
10:53:39 PM: Debug: Adding duplicate image handler for 'Windows animated cursor file'
10:53:39 PM: Debug: Adding duplicate image handler for 'TGA file'
10:53:39 PM: Debug: Adding duplicate image handler for 'XPM file'
imu U1 VDDIO outward pin escape with external bevel before running toward C2 {'items_not_allowed': 1, 'track_dangling': 1} opens 0
10:53:40 PM: Debug: Adding duplicate image handler for 'PNG file'
10:53:40 PM: Debug: Adding duplicate image handler for 'JPEG file'
10:53:40 PM: Debug: Adding duplicate image handler for 'TIFF file'
10:53:40 PM: Debug: Adding duplicate image handler for 'GIF file'
10:53:40 PM: Debug: Adding duplicate image handler for 'PNM file'
10:53:40 PM: Debug: Adding duplicate image handler for 'PCX file'
10:53:40 PM: Debug: Adding duplicate image handler for 'IFF file'
10:53:40 PM: Debug: Adding duplicate image handler for 'Windows icon file'
10:53:40 PM: Debug: Adding duplicate image handler for 'Windows cursor file'
10:53:40 PM: Debug: Adding duplicate image handler for 'Windows animated cursor file'
10:53:40 PM: Debug: Adding duplicate image handler for 'TGA file'
10:53:40 PM: Debug: Adding duplicate image handler for 'XPM file'
