./src/common/stdpbase.cpp(59): assert ""traits"" failed in Get(): create wxApp before calling this
power Replace two 13 mm overlapping CHG_N conductors with one continuous centreline to the existing via {'clearance': 5} opens 0
10:50:12 PM: Debug: Adding duplicate image handler for 'PNG file'
10:50:12 PM: Debug: Adding duplicate image handler for 'JPEG file'
10:50:12 PM: Debug: Adding duplicate image handler for 'TIFF file'
10:50:12 PM: Debug: Adding duplicate image handler for 'GIF file'
10:50:12 PM: Debug: Adding duplicate image handler for 'PNM file'
10:50:12 PM: Debug: Adding duplicate image handler for 'PCX file'
10:50:12 PM: Debug: Adding duplicate image handler for 'IFF file'
10:50:12 PM: Debug: Adding duplicate image handler for 'Windows icon file'
10:50:12 PM: Debug: Adding duplicate image handler for 'Windows cursor file'
10:50:12 PM: Debug: Adding duplicate image handler for 'Windows animated cursor file'
10:50:12 PM: Debug: Adding duplicate image handler for 'TGA file'
10:50:12 PM: Debug: Adding duplicate image handler for 'XPM file'
10:50:12 PM: Debug: Adding duplicate image handler for 'PNG file'
10:50:12 PM: Debug: Adding duplicate image handler for 'JPEG file'
10:50:12 PM: Debug: Adding duplicate image handler for 'TIFF file'
10:50:12 PM: Debug: Adding duplicate image handler for 'GIF file'
10:50:12 PM: Debug: Adding duplicate image handler for 'PNM file'
10:50:12 PM: Debug: Adding duplicate image handler for 'PCX file'
10:50:12 PM: Debug: Adding duplicate image handler for 'IFF file'
10:50:12 PM: Debug: Adding duplicate image handler for 'Windows icon file'
10:50:12 PM: Debug: Adding duplicate image handler for 'Windows cursor file'
10:50:12 PM: Debug: Adding duplicate image handler for 'Windows animated cursor file'
10:50:12 PM: Debug: Adding duplicate image handler for 'TGA file'
10:50:12 PM: Debug: Adding duplicate image handler for 'XPM file'
motion Remove CAM_3V3 0.1 mm bus offset by using one long lower corridor; preserve C7 placement and decoupling connection {'items_not_allowed': 2, 'shorting_items': 2, 'solder_mask_bridge': 2} opens 0
10:50:14 PM: Debug: Adding duplicate image handler for 'PNG file'
10:50:14 PM: Debug: Adding duplicate image handler for 'JPEG file'
10:50:14 PM: Debug: Adding duplicate image handler for 'TIFF file'
10:50:14 PM: Debug: Adding duplicate image handler for 'GIF file'
10:50:14 PM: Debug: Adding duplicate image handler for 'PNM file'
10:50:14 PM: Debug: Adding duplicate image handler for 'PCX file'
10:50:14 PM: Debug: Adding duplicate image handler for 'IFF file'
10:50:14 PM: Debug: Adding duplicate image handler for 'Windows icon file'
10:50:14 PM: Debug: Adding duplicate image handler for 'Windows cursor file'
10:50:14 PM: Debug: Adding duplicate image handler for 'Windows animated cursor file'
10:50:14 PM: Debug: Adding duplicate image handler for 'TGA file'
10:50:14 PM: Debug: Adding duplicate image handler for 'XPM file'
motion S288_OE_REQ_N outward exit with one bevel and a continuous via-to-R3 centreline instead of overlapping parallel stubs ACCEPTED opens 0
10:50:16 PM: Debug: Adding duplicate image handler for 'PNG file'
10:50:16 PM: Debug: Adding duplicate image handler for 'JPEG file'
10:50:16 PM: Debug: Adding duplicate image handler for 'TIFF file'
10:50:16 PM: Debug: Adding duplicate image handler for 'GIF file'
10:50:16 PM: Debug: Adding duplicate image handler for 'PNM file'
10:50:16 PM: Debug: Adding duplicate image handler for 'PCX file'
10:50:16 PM: Debug: Adding duplicate image handler for 'IFF file'
10:50:16 PM: Debug: Adding duplicate image handler for 'Windows icon file'
10:50:16 PM: Debug: Adding duplicate image handler for 'Windows cursor file'
10:50:16 PM: Debug: Adding duplicate image handler for 'Windows animated cursor file'
10:50:16 PM: Debug: Adding duplicate image handler for 'TGA file'
10:50:16 PM: Debug: Adding duplicate image handler for 'XPM file'
