./src/common/stdpbase.cpp(59): assert ""traits"" failed in Get(): create wxApp before calling this
power Final net-by-net visual review: remove H_SENSE V-shaped clearance wiggle with one lower horizontal corridor ACCEPTED opens 0
10:59:12 PM: Debug: Adding duplicate image handler for 'PNG file'
10:59:12 PM: Debug: Adding duplicate image handler for 'JPEG file'
10:59:12 PM: Debug: Adding duplicate image handler for 'TIFF file'
10:59:12 PM: Debug: Adding duplicate image handler for 'GIF file'
10:59:12 PM: Debug: Adding duplicate image handler for 'PNM file'
10:59:12 PM: Debug: Adding duplicate image handler for 'PCX file'
10:59:12 PM: Debug: Adding duplicate image handler for 'IFF file'
10:59:12 PM: Debug: Adding duplicate image handler for 'Windows icon file'
10:59:12 PM: Debug: Adding duplicate image handler for 'Windows cursor file'
10:59:12 PM: Debug: Adding duplicate image handler for 'Windows animated cursor file'
10:59:12 PM: Debug: Adding duplicate image handler for 'TGA file'
10:59:12 PM: Debug: Adding duplicate image handler for 'XPM file'
power Final visual review H_GATE: align two vertical runs instead of mid-run lateral jog; preserve R31 pad approach ACCEPTED opens 0
10:59:15 PM: Debug: Adding duplicate image handler for 'PNG file'
10:59:15 PM: Debug: Adding duplicate image handler for 'JPEG file'
10:59:15 PM: Debug: Adding duplicate image handler for 'TIFF file'
10:59:15 PM: Debug: Adding duplicate image handler for 'GIF file'
10:59:15 PM: Debug: Adding duplicate image handler for 'PNM file'
10:59:15 PM: Debug: Adding duplicate image handler for 'PCX file'
10:59:15 PM: Debug: Adding duplicate image handler for 'IFF file'
10:59:15 PM: Debug: Adding duplicate image handler for 'Windows icon file'
10:59:15 PM: Debug: Adding duplicate image handler for 'Windows cursor file'
10:59:15 PM: Debug: Adding duplicate image handler for 'Windows animated cursor file'
10:59:15 PM: Debug: Adding duplicate image handler for 'TGA file'
10:59:15 PM: Debug: Adding duplicate image handler for 'XPM file'
