./src/common/stdpbase.cpp(59): assert ""traits"" failed in Get(): create wxApp before calling this
motion {'paths': 1, 'fail': 0}
11:06:30 PM: Debug: Adding duplicate image handler for 'PNG file'
11:06:30 PM: Debug: Adding duplicate image handler for 'JPEG file'
11:06:30 PM: Debug: Adding duplicate image handler for 'TIFF file'
11:06:30 PM: Debug: Adding duplicate image handler for 'GIF file'
11:06:30 PM: Debug: Adding duplicate image handler for 'PNM file'
11:06:30 PM: Debug: Adding duplicate image handler for 'PCX file'
11:06:30 PM: Debug: Adding duplicate image handler for 'IFF file'
11:06:30 PM: Debug: Adding duplicate image handler for 'Windows icon file'
11:06:30 PM: Debug: Adding duplicate image handler for 'Windows cursor file'
11:06:30 PM: Debug: Adding duplicate image handler for 'Windows animated cursor file'
11:06:30 PM: Debug: Adding duplicate image handler for 'TGA file'
11:06:30 PM: Debug: Adding duplicate image handler for 'XPM file'
imu {'paths': 1, 'fail': 0}
11:06:30 PM: Debug: Adding duplicate image handler for 'PNG file'
11:06:30 PM: Debug: Adding duplicate image handler for 'JPEG file'
11:06:30 PM: Debug: Adding duplicate image handler for 'TIFF file'
11:06:30 PM: Debug: Adding duplicate image handler for 'GIF file'
11:06:30 PM: Debug: Adding duplicate image handler for 'PNM file'
11:06:30 PM: Debug: Adding duplicate image handler for 'PCX file'
11:06:30 PM: Debug: Adding duplicate image handler for 'IFF file'
11:06:30 PM: Debug: Adding duplicate image handler for 'Windows icon file'
11:06:30 PM: Debug: Adding duplicate image handler for 'Windows cursor file'
11:06:30 PM: Debug: Adding duplicate image handler for 'Windows animated cursor file'
11:06:30 PM: Debug: Adding duplicate image handler for 'TGA file'
11:06:30 PM: Debug: Adding duplicate image handler for 'XPM file'
power {'paths': 22, 'fail': 0}
11:06:30 PM: Debug: Adding duplicate image handler for 'PNG file'
11:06:30 PM: Debug: Adding duplicate image handler for 'JPEG file'
11:06:30 PM: Debug: Adding duplicate image handler for 'TIFF file'
11:06:30 PM: Debug: Adding duplicate image handler for 'GIF file'
11:06:30 PM: Debug: Adding duplicate image handler for 'PNM file'
11:06:30 PM: Debug: Adding duplicate image handler for 'PCX file'
11:06:30 PM: Debug: Adding duplicate image handler for 'IFF file'
11:06:30 PM: Debug: Adding duplicate image handler for 'Windows icon file'
11:06:30 PM: Debug: Adding duplicate image handler for 'Windows cursor file'
11:06:30 PM: Debug: Adding duplicate image handler for 'Windows animated cursor file'
11:06:30 PM: Debug: Adding duplicate image handler for 'TGA file'
11:06:30 PM: Debug: Adding duplicate image handler for 'XPM file'
rear {'paths': 2, 'fail': 0}
