2026-09-23 15:42:23.544 INFO   Freerouting v2.4.1 (build-date: 2026-09-03)
2026-09-23 15:42:24.989 INFO   [5BA7B2\5ECCB3] Loading board file 'MORI_motion_P5.dsn'...
2026-09-23 15:42:25.275 INFO   [5BA7B2\5ECCB3] Job '5BA7B2\5ECCB3' started at 2026-09-23T07:42:25.275292Z.
2026-09-23 15:42:25.407 INFO   [5BA7B2\5ECCB3] Auto-routing stage started on board 'b35c78f5ac5c96b26bfdfc6401c174bc' for 61 unrouted items.
2026-09-23 15:42:32.963 INFO   [5BA7B2\5ECCB3] Auto-routing pass #1 on board 'b35c78f5ac5c96b26bfdfc6401c174bc' was completed in 7.39 seconds with score 223.18 (37 unrouted and 83 violations), using 6.46 CPU seconds and the job allocated 24.54 GB of memory so far.
2026-09-23 15:42:36.349 WARN   BasicBoard.normalizeTraces: reached 2000 iterations for net '/+3V3' — stopping to prevent hang. The board geometry for this net may be oscillating (split/combine cycle); traces are kept as-is and further normalization for this net is suppressed on this board candidate.
2026-09-23 15:42:39.822 INFO   [5BA7B2\5ECCB3] Auto-routing pass #2 on board '06f946e8f26612cf64129aef4103dcfa' was completed in 6.82 seconds with score 252.16 (35 unrouted and 83 violations), using 13.26 CPU seconds and the job allocated 97.30 GB of memory so far.
2026-09-23 15:42:44.870 INFO   [5BA7B2\5ECCB3] Auto-routing pass #3 on board '8e58ffb920a970f36d961f6ccababf59' was completed in 5.00 seconds with score 310.13 (31 unrouted and 83 violations), using 18.17 CPU seconds and the job allocated 120.37 GB of memory so far.
2026-09-23 15:42:48.966 INFO   [5BA7B2\5ECCB3] Auto-routing pass #4 on board '0570136567cb8ca8ab8e7d7c9265dfdb' was completed in 4.07 seconds with score 368.10 (27 unrouted and 83 violations), using 21.93 CPU seconds and the job allocated 143.38 GB of memory so far.
2026-09-23 15:42:52.918 INFO   [5BA7B2\5ECCB3] Auto-routing pass #5 on board '7ad91534fa96a3f506239b2ec19de3d1' was completed in 3.92 seconds with score 382.59 (26 unrouted and 83 violations), using 25.81 CPU seconds and the job allocated 168.88 GB of memory so far.
2026-09-23 15:42:56.621 INFO   [5BA7B2\5ECCB3] Auto-routing pass #6 on board '125be2243d0c0668c0d49cd446bc40e6' was completed in 3.67 seconds with score 411.58 (24 unrouted and 83 violations), using 29.63 CPU seconds and the job allocated 195.41 GB of memory so far.
2026-09-23 15:42:59.677 INFO   [5BA7B2\5ECCB3] Auto-routing pass #7 on board '5208eef497e457320a93193787c68379' was completed in 3.03 seconds with score 411.58 (24 unrouted and 83 violations), using 32.51 CPU seconds and the job allocated 216.35 GB of memory so far.
2026-09-23 15:43:04.993 INFO   [5BA7B2\5ECCB3] Auto-routing pass #8 on board 'd7b312e599bbcbec528c4cb103b187f0' was completed in 5.28 seconds with score 426.07 (23 unrouted and 83 violations), using 37.06 CPU seconds and the job allocated 244.05 GB of memory so far.
2026-09-23 15:43:09.535 INFO   [5BA7B2\5ECCB3] Auto-routing pass #9 on board '5e6faa89490f291dfa4c6cc947b2248a' was completed in 4.50 seconds with score 498.53 (18 unrouted and 83 violations), using 41.89 CPU seconds and the job allocated 275.47 GB of memory so far.
2026-09-23 15:43:12.360 INFO   [5BA7B2\5ECCB3] Auto-routing pass #10 on board '6aee39a9d32a11e43c6d1057d192b5fd' was completed in 2.80 seconds with score 484.04 (19 unrouted and 83 violations), using 43.85 CPU seconds and the job allocated 291.29 GB of memory so far.
2026-09-23 15:43:16.334 INFO   [5BA7B2\5ECCB3] Auto-routing pass #11 on board '2a4d1ef03ab6a053559b27d4a97c391c' was completed in 3.94 seconds with score 513.03 (17 unrouted and 83 violations), using 47.69 CPU seconds and the job allocated 319.09 GB of memory so far.
2026-09-23 15:43:20.970 INFO   [5BA7B2\5ECCB3] Auto-routing pass #12 on board 'ca984c608e704ce144f78e6d03718182' was completed in 4.59 seconds with score 513.03 (17 unrouted and 83 violations), using 52.36 CPU seconds and the job allocated 341.45 GB of memory so far.
2026-09-23 15:43:28.000 WARN   BasicBoard.normalizeTraces: reached 2000 iterations for net '/+3V3' — stopping to prevent hang. The board geometry for this net may be oscillating (split/combine cycle); traces are kept as-is and further normalization for this net is suppressed on this board candidate.
2026-09-23 15:43:30.568 INFO   [5BA7B2\5ECCB3] Auto-routing pass #13 on board 'ca984c608e704ce144f78e6d03718182' was completed in 9.57 seconds with score 527.52 (16 unrouted and 83 violations), using 61.13 CPU seconds and the job allocated 440.13 GB of memory so far.
2026-09-23 15:43:33.646 INFO   [5BA7B2\5ECCB3] Auto-routing pass #14 on board '363a667e75fe33ee0d1d30bf1dcef611' was completed in 3.06 seconds with score 527.52 (16 unrouted and 83 violations), using 65.08 CPU seconds and the job allocated 472.98 GB of memory so far.
2026-09-23 15:43:38.037 INFO   [5BA7B2\5ECCB3] Auto-routing pass #15 on board '110b7c0ed6a65922693a5946ce95634a' was completed in 4.36 seconds with score 542.01 (15 unrouted and 83 violations), using 69.02 CPU seconds and the job allocated 494.43 GB of memory so far.
2026-09-23 15:43:41.775 INFO   [5BA7B2\5ECCB3] Auto-routing pass #16 on board 'e75415a33b4c8b271463dd59efd885fb' was completed in 3.70 seconds with score 542.01 (15 unrouted and 83 violations), using 72.96 CPU seconds and the job allocated 521.30 GB of memory so far.
2026-09-23 15:43:48.639 WARN   BasicBoard.normalizeTraces: reached 2000 iterations for net '/+3V3' — stopping to prevent hang. The board geometry for this net may be oscillating (split/combine cycle); traces are kept as-is and further normalization for this net is suppressed on this board candidate.
2026-09-23 15:43:52.382 INFO   [5BA7B2\5ECCB3] Auto-routing pass #17 on board 'e75415a33b4c8b271463dd59efd885fb' was completed in 10.59 seconds with score 542.01 (15 unrouted and 83 violations), using 82.61 CPU seconds and the job allocated 628.48 GB of memory so far.
2026-09-23 15:43:56.916 INFO   [5BA7B2\5ECCB3] Auto-routing pass #18 on board 'a7ef8f0e8814317a7c4c22fdbb2a52ba' was completed in 4.50 seconds with score 556.50 (14 unrouted and 83 violations), using 87.47 CPU seconds and the job allocated 654.77 GB of memory so far.
2026-09-23 15:44:01.719 INFO   [5BA7B2\5ECCB3] Auto-routing pass #19 on board '6d42a44b1eb87a82add1cdc40251feb0' was completed in 4.77 seconds with score 556.50 (14 unrouted and 83 violations), using 91.03 CPU seconds and the job allocated 674.42 GB of memory so far.
2026-09-23 15:44:05.298 INFO   [5BA7B2\5ECCB3] Auto-routing pass #20 on board 'c585c61f4c322c08f92dbbe692821a42' was completed in 3.55 seconds with score 556.50 (14 unrouted and 83 violations), using 94.78 CPU seconds and the job allocated 698.47 GB of memory so far.
2026-09-23 15:44:08.803 INFO   [5BA7B2\5ECCB3] Auto-routing pass #21 on board '55e6086eb2efbedfb0e8f8dfa52e5c92' was completed in 3.47 seconds with score 556.50 (14 unrouted and 83 violations), using 98.70 CPU seconds and the job allocated 724.35 GB of memory so far.
2026-09-23 15:44:12.509 INFO   [5BA7B2\5ECCB3] Auto-routing pass #22 on board 'b032e3998c3f8a418d232d924f93eadb' was completed in 3.62 seconds with score 556.50 (14 unrouted and 83 violations), using 101.57 CPU seconds and the job allocated 743.12 GB of memory so far.
2026-09-23 15:44:16.008 INFO   [5BA7B2\5ECCB3] Auto-routing pass #23 on board '37029f4d69edfdb26ca664db241a5ed6' was completed in 3.47 seconds with score 556.50 (14 unrouted and 83 violations), using 105.45 CPU seconds and the job allocated 769.11 GB of memory so far.
2026-09-23 15:44:20.059 INFO   [5BA7B2\5ECCB3] Auto-routing pass #24 on board '303e4d7fb27eaafa7eac922808618ab1' was completed in 4.02 seconds with score 556.50 (14 unrouted and 83 violations), using 109.18 CPU seconds and the job allocated 791.82 GB of memory so far.
2026-09-23 15:44:24.051 INFO   [5BA7B2\5ECCB3] Auto-routing pass #25 on board '504a146cd18c369a9f7d4f9fc9a64892' was completed in 3.93 seconds with score 556.50 (14 unrouted and 83 violations), using 112.98 CPU seconds and the job allocated 814.91 GB of memory so far.
2026-09-23 15:44:27.856 INFO   [5BA7B2\5ECCB3] Auto-routing pass #26 on board 'cd6417f18c33b6fc94324c70fc2ad956' was completed in 3.77 seconds with score 556.50 (14 unrouted and 83 violations), using 115.93 CPU seconds and the job allocated 836.18 GB of memory so far.
2026-09-23 15:44:31.041 INFO   [5BA7B2\5ECCB3] Auto-routing pass #27 on board '587c79ecf0c3ac072ad0d5c560494d36' was completed in 3.14 seconds with score 556.50 (14 unrouted and 83 violations), using 119.59 CPU seconds and the job allocated 861.04 GB of memory so far.
2026-09-23 15:44:34.020 INFO   [5BA7B2\5ECCB3] Auto-routing pass #28 on board 'cb360e788a29c3cc4f315df7f4260d4b' was completed in 2.95 seconds with score 556.50 (14 unrouted and 83 violations), using 122.54 CPU seconds and the job allocated 884.04 GB of memory so far.
2026-09-23 15:44:34.028 INFO   [5BA7B2\5ECCB3] The router's score (556.50) has not improved by more than 0.5 points in the last 10 passes (14 items still unconnected). Stopping the auto-router.
The following connections could not be routed -- please review your design (e.g. check pad clearances, trace width rules, and available routing space):
  Net '/S288_BUS' (1 unrouted connection):
    - J2-1  ->  R1-2
  Net '/GND' (3 unrouted connections):
    - via  ->  via
    - via  ->  via
    - via  ->  via
  Net '/+3V3' (2 unrouted connections):
    - via  ->  via
    - via  ->  via
  Net '/IMU_SCK' (1 unrouted connection):
    - R10-2  ->  J4-3
  Net '/IMU_DRDY' (1 unrouted connection):
    - J4-7  ->  U100-A19
  Net '/CHG_N' (1 unrouted connection):
    - R18-1  ->  J7-4
  Net '/CLR_N' (1 unrouted connection):
    - J8-2  ->  D1-2
  Net '/BAT_ADC_IN' (1 unrouted connection):
    - R14-1  ->  J7-5
  Net '/WHEEL_ADC_IN' (1 unrouted connection):
    - J7-6  ->  R15-1
  Net '/CURRENT_ADC_IN' (1 unrouted connection):
    - R16-1  ->  J7-7
  Net '/HEAD_OE_N' (1 unrouted connection):
    - U3-3  ->  U2-1
2026-09-23 15:44:34.057 INFO   [5BA7B2\5ECCB3] Auto-routing stage completed: started with 61 unrouted nets, completed in 128.70 seconds, final score: 556.50 (14 unrouted and 83 violations), using 122.54 total CPU seconds, 884.04 GB total allocated, and 563.7 MB peak heap usage.
2026-09-23 15:44:34.069 INFO   [5BA7B2\5ECCB3] Optimization stage started on board '9311fd0ec869414cef926aed631e9eed' with score 498.53 (18 unrouted and 83 violations).
2026-09-23 15:44:35.022 INFO   [5BA7B2\5ECCB3] Optimizer pass #1 on board 'b3ed7c33be0dd05bf6f086415a228c57' was completed in 0.91 seconds with the score of 571.00 (13 unrouted and 83 violations).
2026-09-23 15:44:35.654 INFO   [5BA7B2\5ECCB3] Optimizer pass #2 on board 'ceeef82e7b6bc73d04fe55a5fe8b8f9e' was completed in 0.59 seconds with the score of 571.00 (13 unrouted and 83 violations).
2026-09-23 15:44:35.662 INFO   [5BA7B2\5ECCB3] Stopping optimizer because the improvement in this pass (0.0000%) is below the threshold (1.00%).
2026-09-23 15:44:35.676 INFO   [5BA7B2\5ECCB3] Optimization stage completed: started with score 498.53 (18 unrouted and 83 violations), completed in 1.59 seconds, final score: 571.00 (13 unrouted and 83 violations), using 1.53 total CPU seconds, 35.02 GB total allocated, and 451.6 MB peak heap usage.
2026-09-23 15:44:35.683 INFO   [5BA7B2\5ECCB3] Job '5BA7B2\5ECCB3' finished with state: COMPLETED (elapsed: 2 minutes 10.41 seconds, finished at UTC: 2026-09-23T07:44:35.682595Z).
2026-09-23 15:44:35.864 INFO   Saving output file '/Users/dean/Documents/MORI/hardware/v1_2/layout_P5/reports/MORI_motion_P5/global_trial/MORI_motion_P5.ses' (SES)...
2026-09-23 15:44:35.869 INFO   Successfully saved output file '/Users/dean/Documents/MORI/hardware/v1_2/layout_P5/reports/MORI_motion_P5/global_trial/MORI_motion_P5.ses' (36910 bytes).
