./src/common/stdpbase.cpp(59): assert ""traits"" failed in Get(): create wxApp before calling this
10:18:39 AM: Debug: Adding duplicate image handler for 'PNG file'
10:18:39 AM: Debug: Adding duplicate image handler for 'JPEG file'
10:18:39 AM: Debug: Adding duplicate image handler for 'TIFF file'
10:18:39 AM: Debug: Adding duplicate image handler for 'GIF file'
10:18:39 AM: Debug: Adding duplicate image handler for 'PNM file'
10:18:39 AM: Debug: Adding duplicate image handler for 'PCX file'
10:18:39 AM: Debug: Adding duplicate image handler for 'IFF file'
10:18:39 AM: Debug: Adding duplicate image handler for 'Windows icon file'
10:18:39 AM: Debug: Adding duplicate image handler for 'Windows cursor file'
10:18:39 AM: Debug: Adding duplicate image handler for 'Windows animated cursor file'
10:18:39 AM: Debug: Adding duplicate image handler for 'TGA file'
10:18:39 AM: Debug: Adding duplicate image handler for 'XPM file'
10:18:43 AM: Debug: Adding duplicate image handler for 'PNG file'
10:18:43 AM: Debug: Adding duplicate image handler for 'JPEG file'
10:18:43 AM: Debug: Adding duplicate image handler for 'TIFF file'
10:18:43 AM: Debug: Adding duplicate image handler for 'GIF file'
10:18:43 AM: Debug: Adding duplicate image handler for 'PNM file'
10:18:43 AM: Debug: Adding duplicate image handler for 'PCX file'
10:18:43 AM: Debug: Adding duplicate image handler for 'IFF file'
10:18:43 AM: Debug: Adding duplicate image handler for 'Windows icon file'
10:18:43 AM: Debug: Adding duplicate image handler for 'Windows cursor file'
10:18:43 AM: Debug: Adding duplicate image handler for 'Windows animated cursor file'
10:18:43 AM: Debug: Adding duplicate image handler for 'TGA file'
10:18:43 AM: Debug: Adding duplicate image handler for 'XPM file'
power angles 34 adjusted /MASTER_GATE
power angles 32 adjusted /BAT_REV
power angles 30 adjusted /W_VM
power angles 28 adjusted /H_VM
10:19:06 AM: Debug: Adding duplicate image handler for 'PNG file'
10:19:06 AM: Debug: Adding duplicate image handler for 'JPEG file'
10:19:06 AM: Debug: Adding duplicate image handler for 'TIFF file'
10:19:06 AM: Debug: Adding duplicate image handler for 'GIF file'
10:19:06 AM: Debug: Adding duplicate image handler for 'PNM file'
10:19:06 AM: Debug: Adding duplicate image handler for 'PCX file'
10:19:06 AM: Debug: Adding duplicate image handler for 'IFF file'
10:19:06 AM: Debug: Adding duplicate image handler for 'Windows icon file'
10:19:06 AM: Debug: Adding duplicate image handler for 'Windows cursor file'
10:19:06 AM: Debug: Adding duplicate image handler for 'Windows animated cursor file'
10:19:06 AM: Debug: Adding duplicate image handler for 'TGA file'
10:19:06 AM: Debug: Adding duplicate image handler for 'XPM file'
power angles 26 adjusted /H_VM
power angles 24 adjusted /BAT_MON
10:19:18 AM: Debug: Adding duplicate image handler for 'PNG file'
10:19:18 AM: Debug: Adding duplicate image handler for 'JPEG file'
10:19:18 AM: Debug: Adding duplicate image handler for 'TIFF file'
10:19:18 AM: Debug: Adding duplicate image handler for 'GIF file'
10:19:18 AM: Debug: Adding duplicate image handler for 'PNM file'
10:19:18 AM: Debug: Adding duplicate image handler for 'PCX file'
10:19:18 AM: Debug: Adding duplicate image handler for 'IFF file'
10:19:18 AM: Debug: Adding duplicate image handler for 'Windows icon file'
10:19:18 AM: Debug: Adding duplicate image handler for 'Windows cursor file'
10:19:18 AM: Debug: Adding duplicate image handler for 'Windows animated cursor file'
10:19:18 AM: Debug: Adding duplicate image handler for 'TGA file'
10:19:18 AM: Debug: Adding duplicate image handler for 'XPM file'
10:19:22 AM: Debug: Adding duplicate image handler for 'PNG file'
10:19:22 AM: Debug: Adding duplicate image handler for 'JPEG file'
10:19:22 AM: Debug: Adding duplicate image handler for 'TIFF file'
10:19:22 AM: Debug: Adding duplicate image handler for 'GIF file'
10:19:22 AM: Debug: Adding duplicate image handler for 'PNM file'
10:19:22 AM: Debug: Adding duplicate image handler for 'PCX file'
10:19:22 AM: Debug: Adding duplicate image handler for 'IFF file'
10:19:22 AM: Debug: Adding duplicate image handler for 'Windows icon file'
10:19:22 AM: Debug: Adding duplicate image handler for 'Windows cursor file'
10:19:22 AM: Debug: Adding duplicate image handler for 'Windows animated cursor file'
10:19:22 AM: Debug: Adding duplicate image handler for 'TGA file'
10:19:22 AM: Debug: Adding duplicate image handler for 'XPM file'
10:19:27 AM: Debug: Adding duplicate image handler for 'PNG file'
10:19:27 AM: Debug: Adding duplicate image handler for 'JPEG file'
10:19:27 AM: Debug: Adding duplicate image handler for 'TIFF file'
10:19:27 AM: Debug: Adding duplicate image handler for 'GIF file'
10:19:27 AM: Debug: Adding duplicate image handler for 'PNM file'
10:19:27 AM: Debug: Adding duplicate image handler for 'PCX file'
10:19:27 AM: Debug: Adding duplicate image handler for 'IFF file'
10:19:27 AM: Debug: Adding duplicate image handler for 'Windows icon file'
10:19:27 AM: Debug: Adding duplicate image handler for 'Windows cursor file'
10:19:27 AM: Debug: Adding duplicate image handler for 'Windows animated cursor file'
10:19:27 AM: Debug: Adding duplicate image handler for 'TGA file'
10:19:27 AM: Debug: Adding duplicate image handler for 'XPM file'
10:19:31 AM: Debug: Adding duplicate image handler for 'PNG file'
10:19:31 AM: Debug: Adding duplicate image handler for 'JPEG file'
10:19:31 AM: Debug: Adding duplicate image handler for 'TIFF file'
10:19:31 AM: Debug: Adding duplicate image handler for 'GIF file'
10:19:31 AM: Debug: Adding duplicate image handler for 'PNM file'
10:19:31 AM: Debug: Adding duplicate image handler for 'PCX file'
10:19:31 AM: Debug: Adding duplicate image handler for 'IFF file'
10:19:31 AM: Debug: Adding duplicate image handler for 'Windows icon file'
10:19:31 AM: Debug: Adding duplicate image handler for 'Windows cursor file'
10:19:31 AM: Debug: Adding duplicate image handler for 'Windows animated cursor file'
10:19:31 AM: Debug: Adding duplicate image handler for 'TGA file'
10:19:31 AM: Debug: Adding duplicate image handler for 'XPM file'
10:19:35 AM: Debug: Adding duplicate image handler for 'PNG file'
10:19:35 AM: Debug: Adding duplicate image handler for 'JPEG file'
10:19:35 AM: Debug: Adding duplicate image handler for 'TIFF file'
10:19:35 AM: Debug: Adding duplicate image handler for 'GIF file'
10:19:35 AM: Debug: Adding duplicate image handler for 'PNM file'
10:19:35 AM: Debug: Adding duplicate image handler for 'PCX file'
10:19:35 AM: Debug: Adding duplicate image handler for 'IFF file'
10:19:35 AM: Debug: Adding duplicate image handler for 'Windows icon file'
10:19:35 AM: Debug: Adding duplicate image handler for 'Windows cursor file'
10:19:35 AM: Debug: Adding duplicate image handler for 'Windows animated cursor file'
10:19:35 AM: Debug: Adding duplicate image handler for 'TGA file'
10:19:35 AM: Debug: Adding duplicate image handler for 'XPM file'
power angles 22 adjusted /MASTER_GATE
power angles 20 adjusted /PACK_FUSED
power angles 18 adjusted /H_OVSENSE
power angles 16 adjusted /H_VM
10:19:56 AM: Debug: Adding duplicate image handler for 'PNG file'
10:19:56 AM: Debug: Adding duplicate image handler for 'JPEG file'
10:19:56 AM: Debug: Adding duplicate image handler for 'TIFF file'
10:19:56 AM: Debug: Adding duplicate image handler for 'GIF file'
10:19:56 AM: Debug: Adding duplicate image handler for 'PNM file'
10:19:56 AM: Debug: Adding duplicate image handler for 'PCX file'
10:19:56 AM: Debug: Adding duplicate image handler for 'IFF file'
10:19:56 AM: Debug: Adding duplicate image handler for 'Windows icon file'
10:19:56 AM: Debug: Adding duplicate image handler for 'Windows cursor file'
10:19:56 AM: Debug: Adding duplicate image handler for 'Windows animated cursor file'
10:19:56 AM: Debug: Adding duplicate image handler for 'TGA file'
10:19:56 AM: Debug: Adding duplicate image handler for 'XPM file'
power angles 14 adjusted /H_VM
power angles 12 adjusted /FAULT_N
power angles 10 adjusted /BAT_MON
power angles 8 adjusted /BAT_MON
power angles 6 adjusted /BAT_MON
10:20:23 AM: Debug: Adding duplicate image handler for 'PNG file'
10:20:23 AM: Debug: Adding duplicate image handler for 'JPEG file'
10:20:23 AM: Debug: Adding duplicate image handler for 'TIFF file'
10:20:23 AM: Debug: Adding duplicate image handler for 'GIF file'
10:20:23 AM: Debug: Adding duplicate image handler for 'PNM file'
10:20:23 AM: Debug: Adding duplicate image handler for 'PCX file'
10:20:23 AM: Debug: Adding duplicate image handler for 'IFF file'
10:20:23 AM: Debug: Adding duplicate image handler for 'Windows icon file'
10:20:23 AM: Debug: Adding duplicate image handler for 'Windows cursor file'
10:20:23 AM: Debug: Adding duplicate image handler for 'Windows animated cursor file'
10:20:23 AM: Debug: Adding duplicate image handler for 'TGA file'
10:20:23 AM: Debug: Adding duplicate image handler for 'XPM file'
10:20:27 AM: Debug: Adding duplicate image handler for 'PNG file'
10:20:27 AM: Debug: Adding duplicate image handler for 'JPEG file'
10:20:27 AM: Debug: Adding duplicate image handler for 'TIFF file'
10:20:27 AM: Debug: Adding duplicate image handler for 'GIF file'
10:20:27 AM: Debug: Adding duplicate image handler for 'PNM file'
10:20:27 AM: Debug: Adding duplicate image handler for 'PCX file'
10:20:27 AM: Debug: Adding duplicate image handler for 'IFF file'
10:20:27 AM: Debug: Adding duplicate image handler for 'Windows icon file'
10:20:27 AM: Debug: Adding duplicate image handler for 'Windows cursor file'
10:20:27 AM: Debug: Adding duplicate image handler for 'Windows animated cursor file'
10:20:27 AM: Debug: Adding duplicate image handler for 'TGA file'
10:20:27 AM: Debug: Adding duplicate image handler for 'XPM file'
power angles 4 adjusted /BAT_MON
power angles 2 adjusted /BAT_MON
power junction trials 28 accepted 17 remaining angles 2 unconnected 3
