./src/common/stdpbase.cpp(59): assert ""traits"" failed in Get(): create wxApp before calling this
10:53:03 AM: Debug: Adding duplicate image handler for 'PNG file'
10:53:03 AM: Debug: Adding duplicate image handler for 'JPEG file'
10:53:03 AM: Debug: Adding duplicate image handler for 'TIFF file'
10:53:03 AM: Debug: Adding duplicate image handler for 'GIF file'
10:53:03 AM: Debug: Adding duplicate image handler for 'PNM file'
10:53:03 AM: Debug: Adding duplicate image handler for 'PCX file'
10:53:03 AM: Debug: Adding duplicate image handler for 'IFF file'
10:53:03 AM: Debug: Adding duplicate image handler for 'Windows icon file'
10:53:03 AM: Debug: Adding duplicate image handler for 'Windows cursor file'
10:53:03 AM: Debug: Adding duplicate image handler for 'Windows animated cursor file'
10:53:03 AM: Debug: Adding duplicate image handler for 'TGA file'
10:53:03 AM: Debug: Adding duplicate image handler for 'XPM file'
10:53:05 AM: Debug: Adding duplicate image handler for 'PNG file'
10:53:05 AM: Debug: Adding duplicate image handler for 'JPEG file'
10:53:05 AM: Debug: Adding duplicate image handler for 'TIFF file'
10:53:05 AM: Debug: Adding duplicate image handler for 'GIF file'
10:53:05 AM: Debug: Adding duplicate image handler for 'PNM file'
10:53:05 AM: Debug: Adding duplicate image handler for 'PCX file'
10:53:05 AM: Debug: Adding duplicate image handler for 'IFF file'
10:53:05 AM: Debug: Adding duplicate image handler for 'Windows icon file'
10:53:05 AM: Debug: Adding duplicate image handler for 'Windows cursor file'
10:53:05 AM: Debug: Adding duplicate image handler for 'Windows animated cursor file'
10:53:05 AM: Debug: Adding duplicate image handler for 'TGA file'
10:53:05 AM: Debug: Adding duplicate image handler for 'XPM file'
power removed /CHG_N 452675a6
power removed /CHG_N d8004159
10:53:12 AM: Debug: Adding duplicate image handler for 'PNG file'
10:53:12 AM: Debug: Adding duplicate image handler for 'JPEG file'
10:53:12 AM: Debug: Adding duplicate image handler for 'TIFF file'
10:53:12 AM: Debug: Adding duplicate image handler for 'GIF file'
10:53:12 AM: Debug: Adding duplicate image handler for 'PNM file'
10:53:12 AM: Debug: Adding duplicate image handler for 'PCX file'
10:53:12 AM: Debug: Adding duplicate image handler for 'IFF file'
10:53:12 AM: Debug: Adding duplicate image handler for 'Windows icon file'
10:53:12 AM: Debug: Adding duplicate image handler for 'Windows cursor file'
10:53:12 AM: Debug: Adding duplicate image handler for 'Windows animated cursor file'
10:53:12 AM: Debug: Adding duplicate image handler for 'TGA file'
10:53:12 AM: Debug: Adding duplicate image handler for 'XPM file'
power removed /CHG_N 1772fc87
10:53:17 AM: Debug: Adding duplicate image handler for 'PNG file'
10:53:17 AM: Debug: Adding duplicate image handler for 'JPEG file'
10:53:17 AM: Debug: Adding duplicate image handler for 'TIFF file'
10:53:17 AM: Debug: Adding duplicate image handler for 'GIF file'
10:53:17 AM: Debug: Adding duplicate image handler for 'PNM file'
10:53:17 AM: Debug: Adding duplicate image handler for 'PCX file'
10:53:17 AM: Debug: Adding duplicate image handler for 'IFF file'
10:53:17 AM: Debug: Adding duplicate image handler for 'Windows icon file'
10:53:17 AM: Debug: Adding duplicate image handler for 'Windows cursor file'
10:53:17 AM: Debug: Adding duplicate image handler for 'Windows animated cursor file'
10:53:17 AM: Debug: Adding duplicate image handler for 'TGA file'
10:53:17 AM: Debug: Adding duplicate image handler for 'XPM file'
10:53:19 AM: Debug: Adding duplicate image handler for 'PNG file'
10:53:19 AM: Debug: Adding duplicate image handler for 'JPEG file'
10:53:19 AM: Debug: Adding duplicate image handler for 'TIFF file'
10:53:19 AM: Debug: Adding duplicate image handler for 'GIF file'
10:53:19 AM: Debug: Adding duplicate image handler for 'PNM file'
10:53:19 AM: Debug: Adding duplicate image handler for 'PCX file'
10:53:19 AM: Debug: Adding duplicate image handler for 'IFF file'
10:53:19 AM: Debug: Adding duplicate image handler for 'Windows icon file'
10:53:19 AM: Debug: Adding duplicate image handler for 'Windows cursor file'
10:53:19 AM: Debug: Adding duplicate image handler for 'Windows animated cursor file'
10:53:19 AM: Debug: Adding duplicate image handler for 'TGA file'
10:53:19 AM: Debug: Adding duplicate image handler for 'XPM file'
power removed /CHG_N ddc0bdb8
power native cleanup 4 accepted edits Counter({'silk_over_copper': 28, 'track_angle': 6, 'silk_overlap': 6, 'silk_edge_clearance': 2, 'starved_thermal': 1, 'track_not_centered_on_via': 1}) unconnected 0
