./src/common/stdpbase.cpp(59): assert ""traits"" failed in Get(): create wxApp before calling this
power centred /CHG_BASE
10:42:21 AM: Debug: Adding duplicate image handler for 'PNG file'
10:42:21 AM: Debug: Adding duplicate image handler for 'JPEG file'
10:42:21 AM: Debug: Adding duplicate image handler for 'TIFF file'
10:42:21 AM: Debug: Adding duplicate image handler for 'GIF file'
10:42:21 AM: Debug: Adding duplicate image handler for 'PNM file'
10:42:21 AM: Debug: Adding duplicate image handler for 'PCX file'
10:42:21 AM: Debug: Adding duplicate image handler for 'IFF file'
10:42:21 AM: Debug: Adding duplicate image handler for 'Windows icon file'
10:42:21 AM: Debug: Adding duplicate image handler for 'Windows cursor file'
10:42:21 AM: Debug: Adding duplicate image handler for 'Windows animated cursor file'
10:42:21 AM: Debug: Adding duplicate image handler for 'TGA file'
10:42:21 AM: Debug: Adding duplicate image handler for 'XPM file'
power removed /H_BRAKE_GATE d68ce182
power removed /H_OVSENSE ee0e32a7
power removed /H_VM e6e06353
power removed /H_VM 3dc5fe38
power removed /H_OVSENSE 98297b20
power removed /H_GATE_LOW 26d631c1
power removed /BAT_MON 9e596991
power removed /FAULT_N 6c885d17
power removed /H_VM a48a56a4
power removed /H_GATE_LOW ab833c46
power removed /H_GATE_LOW cde2b3e0
power removed /H_GATE_LOW 090d6da3
10:42:50 AM: Debug: Adding duplicate image handler for 'PNG file'
10:42:50 AM: Debug: Adding duplicate image handler for 'JPEG file'
10:42:50 AM: Debug: Adding duplicate image handler for 'TIFF file'
10:42:50 AM: Debug: Adding duplicate image handler for 'GIF file'
10:42:50 AM: Debug: Adding duplicate image handler for 'PNM file'
10:42:50 AM: Debug: Adding duplicate image handler for 'PCX file'
10:42:50 AM: Debug: Adding duplicate image handler for 'IFF file'
10:42:50 AM: Debug: Adding duplicate image handler for 'Windows icon file'
10:42:50 AM: Debug: Adding duplicate image handler for 'Windows cursor file'
10:42:50 AM: Debug: Adding duplicate image handler for 'Windows animated cursor file'
10:42:50 AM: Debug: Adding duplicate image handler for 'TGA file'
10:42:50 AM: Debug: Adding duplicate image handler for 'XPM file'
power removed /H_BRAKE_GATE 828e4627
power removed /H_BRAKE_GATE 1348993f
power removed /H_GATE_LOW 515126e3
power removed /H_GATE_LOW 5ec2f7d6
power removed /H_GATE_LOW df45df39
power removed /H_GATE_LOW a8dde56a
power removed /H_GATE_LOW d86b2b93
10:43:08 AM: Debug: Adding duplicate image handler for 'PNG file'
10:43:08 AM: Debug: Adding duplicate image handler for 'JPEG file'
10:43:08 AM: Debug: Adding duplicate image handler for 'TIFF file'
10:43:08 AM: Debug: Adding duplicate image handler for 'GIF file'
10:43:08 AM: Debug: Adding duplicate image handler for 'PNM file'
10:43:08 AM: Debug: Adding duplicate image handler for 'PCX file'
10:43:08 AM: Debug: Adding duplicate image handler for 'IFF file'
10:43:08 AM: Debug: Adding duplicate image handler for 'Windows icon file'
10:43:08 AM: Debug: Adding duplicate image handler for 'Windows cursor file'
10:43:08 AM: Debug: Adding duplicate image handler for 'Windows animated cursor file'
10:43:08 AM: Debug: Adding duplicate image handler for 'TGA file'
10:43:08 AM: Debug: Adding duplicate image handler for 'XPM file'
power removed /H_GATE_LOW 8da16439
power removed /H_GATE_LOW 9ab45b36
10:43:15 AM: Debug: Adding duplicate image handler for 'PNG file'
10:43:15 AM: Debug: Adding duplicate image handler for 'JPEG file'
10:43:15 AM: Debug: Adding duplicate image handler for 'TIFF file'
10:43:15 AM: Debug: Adding duplicate image handler for 'GIF file'
10:43:15 AM: Debug: Adding duplicate image handler for 'PNM file'
10:43:15 AM: Debug: Adding duplicate image handler for 'PCX file'
10:43:15 AM: Debug: Adding duplicate image handler for 'IFF file'
10:43:15 AM: Debug: Adding duplicate image handler for 'Windows icon file'
10:43:15 AM: Debug: Adding duplicate image handler for 'Windows cursor file'
10:43:15 AM: Debug: Adding duplicate image handler for 'Windows animated cursor file'
10:43:15 AM: Debug: Adding duplicate image handler for 'TGA file'
10:43:15 AM: Debug: Adding duplicate image handler for 'XPM file'
10:43:17 AM: Debug: Adding duplicate image handler for 'PNG file'
10:43:17 AM: Debug: Adding duplicate image handler for 'JPEG file'
10:43:17 AM: Debug: Adding duplicate image handler for 'TIFF file'
10:43:17 AM: Debug: Adding duplicate image handler for 'GIF file'
10:43:17 AM: Debug: Adding duplicate image handler for 'PNM file'
10:43:17 AM: Debug: Adding duplicate image handler for 'PCX file'
10:43:17 AM: Debug: Adding duplicate image handler for 'IFF file'
10:43:17 AM: Debug: Adding duplicate image handler for 'Windows icon file'
10:43:17 AM: Debug: Adding duplicate image handler for 'Windows cursor file'
10:43:17 AM: Debug: Adding duplicate image handler for 'Windows animated cursor file'
10:43:17 AM: Debug: Adding duplicate image handler for 'TGA file'
10:43:17 AM: Debug: Adding duplicate image handler for 'XPM file'
10:43:19 AM: Debug: Adding duplicate image handler for 'PNG file'
10:43:19 AM: Debug: Adding duplicate image handler for 'JPEG file'
10:43:19 AM: Debug: Adding duplicate image handler for 'TIFF file'
10:43:19 AM: Debug: Adding duplicate image handler for 'GIF file'
10:43:19 AM: Debug: Adding duplicate image handler for 'PNM file'
10:43:19 AM: Debug: Adding duplicate image handler for 'PCX file'
10:43:19 AM: Debug: Adding duplicate image handler for 'IFF file'
10:43:19 AM: Debug: Adding duplicate image handler for 'Windows icon file'
10:43:19 AM: Debug: Adding duplicate image handler for 'Windows cursor file'
10:43:19 AM: Debug: Adding duplicate image handler for 'Windows animated cursor file'
10:43:19 AM: Debug: Adding duplicate image handler for 'TGA file'
10:43:19 AM: Debug: Adding duplicate image handler for 'XPM file'
power native cleanup 22 accepted edits Counter({'silk_over_copper': 26, 'track_angle': 12, 'silk_overlap': 6, 'drill_out_of_range': 2, 'silk_edge_clearance': 2, 'track_not_centered_on_via': 1}) unconnected 1
