./src/common/stdpbase.cpp(59): assert ""traits"" failed in Get(): create wxApp before calling this
power removed /CHG_N c1568228
11:06:34 AM: Debug: Adding duplicate image handler for 'PNG file'
11:06:34 AM: Debug: Adding duplicate image handler for 'JPEG file'
11:06:34 AM: Debug: Adding duplicate image handler for 'TIFF file'
11:06:34 AM: Debug: Adding duplicate image handler for 'GIF file'
11:06:34 AM: Debug: Adding duplicate image handler for 'PNM file'
11:06:34 AM: Debug: Adding duplicate image handler for 'PCX file'
11:06:34 AM: Debug: Adding duplicate image handler for 'IFF file'
11:06:34 AM: Debug: Adding duplicate image handler for 'Windows icon file'
11:06:34 AM: Debug: Adding duplicate image handler for 'Windows cursor file'
11:06:34 AM: Debug: Adding duplicate image handler for 'Windows animated cursor file'
11:06:34 AM: Debug: Adding duplicate image handler for 'TGA file'
11:06:34 AM: Debug: Adding duplicate image handler for 'XPM file'
11:06:38 AM: Debug: Adding duplicate image handler for 'PNG file'
11:06:38 AM: Debug: Adding duplicate image handler for 'JPEG file'
11:06:38 AM: Debug: Adding duplicate image handler for 'TIFF file'
11:06:38 AM: Debug: Adding duplicate image handler for 'GIF file'
11:06:38 AM: Debug: Adding duplicate image handler for 'PNM file'
11:06:38 AM: Debug: Adding duplicate image handler for 'PCX file'
11:06:38 AM: Debug: Adding duplicate image handler for 'IFF file'
11:06:38 AM: Debug: Adding duplicate image handler for 'Windows icon file'
11:06:38 AM: Debug: Adding duplicate image handler for 'Windows cursor file'
11:06:38 AM: Debug: Adding duplicate image handler for 'Windows animated cursor file'
11:06:38 AM: Debug: Adding duplicate image handler for 'TGA file'
11:06:38 AM: Debug: Adding duplicate image handler for 'XPM file'
power native cleanup 1 accepted edits Counter({'silk_overlap': 3, 'track_angle': 2, 'starved_thermal': 1}) unconnected 0
