./src/common/stdpbase.cpp(59): assert ""traits"" failed in Get(): create wxApp before calling this
power centred /PACK_FUSED
10:16:22 AM: Debug: Adding duplicate image handler for 'PNG file'
10:16:22 AM: Debug: Adding duplicate image handler for 'JPEG file'
10:16:22 AM: Debug: Adding duplicate image handler for 'TIFF file'
10:16:22 AM: Debug: Adding duplicate image handler for 'GIF file'
10:16:22 AM: Debug: Adding duplicate image handler for 'PNM file'
10:16:22 AM: Debug: Adding duplicate image handler for 'PCX file'
10:16:22 AM: Debug: Adding duplicate image handler for 'IFF file'
10:16:22 AM: Debug: Adding duplicate image handler for 'Windows icon file'
10:16:22 AM: Debug: Adding duplicate image handler for 'Windows cursor file'
10:16:22 AM: Debug: Adding duplicate image handler for 'Windows animated cursor file'
10:16:22 AM: Debug: Adding duplicate image handler for 'TGA file'
10:16:22 AM: Debug: Adding duplicate image handler for 'XPM file'
power centred /FAULT_N
power centred /FAULT_N
10:16:36 AM: Debug: Adding duplicate image handler for 'PNG file'
10:16:36 AM: Debug: Adding duplicate image handler for 'JPEG file'
10:16:36 AM: Debug: Adding duplicate image handler for 'TIFF file'
10:16:36 AM: Debug: Adding duplicate image handler for 'GIF file'
10:16:36 AM: Debug: Adding duplicate image handler for 'PNM file'
10:16:36 AM: Debug: Adding duplicate image handler for 'PCX file'
10:16:36 AM: Debug: Adding duplicate image handler for 'IFF file'
10:16:36 AM: Debug: Adding duplicate image handler for 'Windows icon file'
10:16:36 AM: Debug: Adding duplicate image handler for 'Windows cursor file'
10:16:36 AM: Debug: Adding duplicate image handler for 'Windows animated cursor file'
10:16:36 AM: Debug: Adding duplicate image handler for 'TGA file'
10:16:36 AM: Debug: Adding duplicate image handler for 'XPM file'
power centred /H_OVSENSE
10:16:45 AM: Debug: Adding duplicate image handler for 'PNG file'
10:16:45 AM: Debug: Adding duplicate image handler for 'JPEG file'
10:16:45 AM: Debug: Adding duplicate image handler for 'TIFF file'
10:16:45 AM: Debug: Adding duplicate image handler for 'GIF file'
10:16:45 AM: Debug: Adding duplicate image handler for 'PNM file'
10:16:45 AM: Debug: Adding duplicate image handler for 'PCX file'
10:16:45 AM: Debug: Adding duplicate image handler for 'IFF file'
10:16:45 AM: Debug: Adding duplicate image handler for 'Windows icon file'
10:16:45 AM: Debug: Adding duplicate image handler for 'Windows cursor file'
10:16:45 AM: Debug: Adding duplicate image handler for 'Windows animated cursor file'
10:16:45 AM: Debug: Adding duplicate image handler for 'TGA file'
10:16:45 AM: Debug: Adding duplicate image handler for 'XPM file'
10:16:50 AM: Debug: Adding duplicate image handler for 'PNG file'
10:16:50 AM: Debug: Adding duplicate image handler for 'JPEG file'
10:16:50 AM: Debug: Adding duplicate image handler for 'TIFF file'
10:16:50 AM: Debug: Adding duplicate image handler for 'GIF file'
10:16:50 AM: Debug: Adding duplicate image handler for 'PNM file'
10:16:50 AM: Debug: Adding duplicate image handler for 'PCX file'
10:16:50 AM: Debug: Adding duplicate image handler for 'IFF file'
10:16:50 AM: Debug: Adding duplicate image handler for 'Windows icon file'
10:16:50 AM: Debug: Adding duplicate image handler for 'Windows cursor file'
10:16:50 AM: Debug: Adding duplicate image handler for 'Windows animated cursor file'
10:16:50 AM: Debug: Adding duplicate image handler for 'TGA file'
10:16:50 AM: Debug: Adding duplicate image handler for 'XPM file'
power removed /W_VM 139dfe5a
power removed /H_SENSE 9a63735c
power removed /W_VM 44dd5899
power removed /H_VM 1eb504d3
power removed /H_VM dffb226f
power removed /H_VM e669d978
power removed /FAULT_N 6b885ab1
power removed /CHG_N 88036727
power removed /CHG_BASE 1983fd68
power removed /H_OVSENSE b26e77eb
power removed /CHG_BASE 91156675
10:17:45 AM: Debug: Adding duplicate image handler for 'PNG file'
10:17:45 AM: Debug: Adding duplicate image handler for 'JPEG file'
10:17:45 AM: Debug: Adding duplicate image handler for 'TIFF file'
10:17:45 AM: Debug: Adding duplicate image handler for 'GIF file'
10:17:45 AM: Debug: Adding duplicate image handler for 'PNM file'
10:17:45 AM: Debug: Adding duplicate image handler for 'PCX file'
10:17:45 AM: Debug: Adding duplicate image handler for 'IFF file'
10:17:45 AM: Debug: Adding duplicate image handler for 'Windows icon file'
10:17:45 AM: Debug: Adding duplicate image handler for 'Windows cursor file'
10:17:45 AM: Debug: Adding duplicate image handler for 'Windows animated cursor file'
10:17:45 AM: Debug: Adding duplicate image handler for 'TGA file'
10:17:45 AM: Debug: Adding duplicate image handler for 'XPM file'
power removed /CHG_BASE 6c1ca0b9
10:17:55 AM: Debug: Adding duplicate image handler for 'PNG file'
10:17:55 AM: Debug: Adding duplicate image handler for 'JPEG file'
10:17:55 AM: Debug: Adding duplicate image handler for 'TIFF file'
10:17:55 AM: Debug: Adding duplicate image handler for 'GIF file'
10:17:55 AM: Debug: Adding duplicate image handler for 'PNM file'
10:17:55 AM: Debug: Adding duplicate image handler for 'PCX file'
10:17:55 AM: Debug: Adding duplicate image handler for 'IFF file'
10:17:55 AM: Debug: Adding duplicate image handler for 'Windows icon file'
10:17:55 AM: Debug: Adding duplicate image handler for 'Windows cursor file'
10:17:55 AM: Debug: Adding duplicate image handler for 'Windows animated cursor file'
10:17:55 AM: Debug: Adding duplicate image handler for 'TGA file'
10:17:55 AM: Debug: Adding duplicate image handler for 'XPM file'
10:18:00 AM: Debug: Adding duplicate image handler for 'PNG file'
10:18:00 AM: Debug: Adding duplicate image handler for 'JPEG file'
10:18:00 AM: Debug: Adding duplicate image handler for 'TIFF file'
10:18:00 AM: Debug: Adding duplicate image handler for 'GIF file'
10:18:00 AM: Debug: Adding duplicate image handler for 'PNM file'
10:18:00 AM: Debug: Adding duplicate image handler for 'PCX file'
10:18:00 AM: Debug: Adding duplicate image handler for 'IFF file'
10:18:00 AM: Debug: Adding duplicate image handler for 'Windows icon file'
10:18:00 AM: Debug: Adding duplicate image handler for 'Windows cursor file'
10:18:00 AM: Debug: Adding duplicate image handler for 'Windows animated cursor file'
10:18:00 AM: Debug: Adding duplicate image handler for 'TGA file'
10:18:00 AM: Debug: Adding duplicate image handler for 'XPM file'
10:18:07 AM: Debug: Adding duplicate image handler for 'PNG file'
10:18:07 AM: Debug: Adding duplicate image handler for 'JPEG file'
10:18:07 AM: Debug: Adding duplicate image handler for 'TIFF file'
10:18:07 AM: Debug: Adding duplicate image handler for 'GIF file'
10:18:07 AM: Debug: Adding duplicate image handler for 'PNM file'
10:18:07 AM: Debug: Adding duplicate image handler for 'PCX file'
10:18:07 AM: Debug: Adding duplicate image handler for 'IFF file'
10:18:07 AM: Debug: Adding duplicate image handler for 'Windows icon file'
10:18:07 AM: Debug: Adding duplicate image handler for 'Windows cursor file'
10:18:07 AM: Debug: Adding duplicate image handler for 'Windows animated cursor file'
10:18:07 AM: Debug: Adding duplicate image handler for 'TGA file'
10:18:07 AM: Debug: Adding duplicate image handler for 'XPM file'
10:18:12 AM: Debug: Adding duplicate image handler for 'PNG file'
10:18:12 AM: Debug: Adding duplicate image handler for 'JPEG file'
10:18:12 AM: Debug: Adding duplicate image handler for 'TIFF file'
10:18:12 AM: Debug: Adding duplicate image handler for 'GIF file'
10:18:12 AM: Debug: Adding duplicate image handler for 'PNM file'
10:18:12 AM: Debug: Adding duplicate image handler for 'PCX file'
10:18:12 AM: Debug: Adding duplicate image handler for 'IFF file'
10:18:12 AM: Debug: Adding duplicate image handler for 'Windows icon file'
10:18:12 AM: Debug: Adding duplicate image handler for 'Windows cursor file'
10:18:12 AM: Debug: Adding duplicate image handler for 'Windows animated cursor file'
10:18:12 AM: Debug: Adding duplicate image handler for 'TGA file'
10:18:12 AM: Debug: Adding duplicate image handler for 'XPM file'
power removed /CHG_BASE a4850bf7
10:18:21 AM: Debug: Adding duplicate image handler for 'PNG file'
10:18:21 AM: Debug: Adding duplicate image handler for 'JPEG file'
10:18:21 AM: Debug: Adding duplicate image handler for 'TIFF file'
10:18:21 AM: Debug: Adding duplicate image handler for 'GIF file'
10:18:21 AM: Debug: Adding duplicate image handler for 'PNM file'
10:18:21 AM: Debug: Adding duplicate image handler for 'PCX file'
10:18:21 AM: Debug: Adding duplicate image handler for 'IFF file'
10:18:21 AM: Debug: Adding duplicate image handler for 'Windows icon file'
10:18:21 AM: Debug: Adding duplicate image handler for 'Windows cursor file'
10:18:21 AM: Debug: Adding duplicate image handler for 'Windows animated cursor file'
10:18:21 AM: Debug: Adding duplicate image handler for 'TGA file'
10:18:21 AM: Debug: Adding duplicate image handler for 'XPM file'
10:18:26 AM: Debug: Adding duplicate image handler for 'PNG file'
10:18:26 AM: Debug: Adding duplicate image handler for 'JPEG file'
10:18:26 AM: Debug: Adding duplicate image handler for 'TIFF file'
10:18:26 AM: Debug: Adding duplicate image handler for 'GIF file'
10:18:26 AM: Debug: Adding duplicate image handler for 'PNM file'
10:18:26 AM: Debug: Adding duplicate image handler for 'PCX file'
10:18:26 AM: Debug: Adding duplicate image handler for 'IFF file'
10:18:26 AM: Debug: Adding duplicate image handler for 'Windows icon file'
10:18:26 AM: Debug: Adding duplicate image handler for 'Windows cursor file'
10:18:26 AM: Debug: Adding duplicate image handler for 'Windows animated cursor file'
10:18:26 AM: Debug: Adding duplicate image handler for 'TGA file'
10:18:26 AM: Debug: Adding duplicate image handler for 'XPM file'
power native cleanup 17 accepted edits Counter({'track_angle': 36, 'silk_over_copper': 24, 'silk_overlap': 6, 'track_not_centered_on_via': 2, 'silk_edge_clearance': 2, 'starved_thermal': 1, 'track_dangling': 1}) unconnected 3
