./src/common/stdpbase.cpp(59): assert ""traits"" failed in Get(): create wxApp before calling this
Connecting power 0 /VBUS_CHARGE clusters 1 2
local route /VBUS_CHARGE segments 4 vias 0 nodes 649
Connecting power 2 /CHG_N clusters 1 1
local route /CHG_N segments 18 vias 0 nodes 2509
Connecting power 3 /CHG_N clusters 1 20
local route /CHG_N segments 3 vias 1 nodes 624
Connecting power 4 /W_BUS clusters 1 4
local route /W_BUS segments 6 vias 0 nodes 49
Connecting power 7 /H_VM clusters 1 14
local route /H_VM segments 4 vias 0 nodes 29
Connecting power 8 /H_VM clusters 1 19
local route /H_VM segments 12 vias 0 nodes 1654
Connecting power 9 /H_VM clusters 1 33
local route /H_VM segments 10 vias 1 nodes 811
Connecting power 10 /H_VM clusters 2 32
local route /H_VM segments 6 vias 2 nodes 1523
Connecting power 11 /H_VM clusters 42 45
local route /H_VM segments 6 vias 2 nodes 1331
Connecting power 12 /H_BUS clusters 1 1
local route /H_BUS segments 10 vias 1 nodes 26936
Connecting power 13 /MASTER_RETURN clusters 1 1
local route /MASTER_RETURN segments 2 vias 0 nodes 17
Connecting power 14 /+3V3 clusters 1 4
local route /+3V3 segments 14 vias 3 nodes 22368
Connecting power 15 /ARM_Q clusters 1 26
local route /ARM_Q segments 3 vias 0 nodes 33
Connecting power 16 /FAULT_N clusters 1 22
local route /FAULT_N segments 8 vias 2 nodes 3054
Connecting power 17 /FAULT_N clusters 3 33
BLOCKED CLUSTERS /FAULT_N ["('no route', '/FAULT_N', 54)"]
Connecting power 18 /BAT_ADC clusters 1 14
local route /BAT_ADC segments 16 vias 4 nodes 21862
Connecting power 19 /WHEEL_ADC clusters 1 4
local route /WHEEL_ADC segments 8 vias 3 nodes 3808
Connecting power 20 /CURRENT_ADC clusters 1 1
local route /CURRENT_ADC segments 24 vias 3 nodes 20227
Connecting power 21 /MASTER_GATE clusters 1 1
local route /MASTER_GATE segments 8 vias 2 nodes 2556
Connecting power 22 /MASTER_GATE clusters 1 12
local route /MASTER_GATE segments 10 vias 0 nodes 318
Connecting power 23 /MASTER_GATE clusters 1 23
local route /MASTER_GATE segments 5 vias 0 nodes 41
Connecting power 24 /CHG_BASE clusters 1 20
local route /CHG_BASE segments 12 vias 0 nodes 244
Connecting power 25 /W_SENSE clusters 1 10
local route /W_SENSE segments 3 vias 0 nodes 24
Connecting power 26 /W_SENSE clusters 1 14
local route /W_SENSE segments 6 vias 0 nodes 71
Connecting power 27 /H_OVSENSE clusters 1 1
local route /H_OVSENSE segments 3 vias 0 nodes 13
Connecting power 28 /H_OVSENSE clusters 1 5
local route /H_OVSENSE segments 9 vias 0 nodes 857
Connecting power 29 /H_OVSENSE clusters 1 15
BLOCKED CLUSTERS /H_OVSENSE ["('no route', '/H_OVSENSE', 48)"]
Connecting power 30 /H_BRAKE_GATE clusters 1 3
local route /H_BRAKE_GATE segments 7 vias 2 nodes 2521
Connecting power 31 /H_BRAKE_GATE clusters 1 13
local route /H_BRAKE_GATE segments 16 vias 1 nodes 2176
Connecting power 32 /H_BRAKE_GATE clusters 1 31
BLOCKED CLUSTERS /H_BRAKE_GATE ["('no route', '/H_BRAKE_GATE', 12)"]
Connecting power 33 /H_REF clusters 1 1
local route /H_REF segments 1 vias 0 nodes 11
Connecting power 34 /H_REF clusters 1 3
local route /H_REF segments 8 vias 0 nodes 565
Connecting power 35 /H_REF clusters 1 12
local route /H_REF segments 41 vias 8 nodes 275674
Connecting power 36 /H_REF clusters 2 62
BLOCKED CLUSTERS /H_REF ["('no route', '/H_REF', 80)"]
Connecting power 37 /H_SENSE clusters 1 5
local route /H_SENSE segments 5 vias 0 nodes 29
Connecting power 38 /H_SENSE clusters 2 11
BLOCKED CLUSTERS /H_SENSE ["('no route', '/H_SENSE', 374)"]
