./src/common/stdpbase.cpp(59): assert ""traits"" failed in Get(): create wxApp before calling this
power ground regions 4 [292, 7, 3, 2]
ground bridge candidate (43.0, 30.5, 2) (43.0, 29.5, 2) ('no route', '/GND', 10145)
ground bridge candidate (44.0, 30.5, 2) (44.0, 29.5, 2) ('no route', '/GND', 10145)
ground bridge candidate (44.25, 31.75, 2) (45.0, 32.5, 2) ('no route', '/GND', 10146)
ground bridge candidate (43.0, 30.25, 0) (43.0, 29.0, 0) ('no route', '/GND', 10145)
ground bridge candidate (44.0, 30.25, 0) (44.0, 29.0, 0) ('no route', '/GND', 10145)
ground bridge candidate (44.75, 31.0, 2) (45.5, 32.0, 2) ('no route', '/GND', 10146)
ground bridge candidate (64.25, 46.0, 2) (63.5, 45.0, 2) ('no route', '/GND', 4915)
ground bridge candidate (65.0, 45.25, 2) (64.0, 44.5, 2) ('no route', '/GND', 4915)
ground bridge candidate (69.5, 44.75, 2) (70.5, 44.0, 2) ('no route', '/GND', 4915)
ground bridge candidate (70.25, 45.5, 2) (71.0, 44.5, 2) ('no route', '/GND', 4915)
ground bridge candidate (68.5, 44.5, 2) (68.5, 44.5, 0) ('no route', '/GND', 4915)
ground bridge candidate (68.5, 45.25, 2) (68.5, 45.0, 0) ('no route', '/GND', 4915)
local route /GND segments 5 vias 1 nodes 1642
power ground regions 3 [301, 7, 3]
ground bridge candidate (43.0, 30.5, 2) (43.0, 29.5, 2) ('no route', '/GND', 10145)
ground bridge candidate (44.0, 30.5, 2) (44.0, 29.5, 2) ('no route', '/GND', 10145)
ground bridge candidate (44.25, 31.75, 2) (45.0, 32.5, 2) ('no route', '/GND', 10146)
ground bridge candidate (43.0, 30.25, 0) (43.0, 29.0, 0) ('no route', '/GND', 10145)
ground bridge candidate (44.0, 30.25, 0) (44.0, 29.0, 0) ('no route', '/GND', 10145)
ground bridge candidate (44.75, 31.0, 2) (45.5, 32.0, 2) ('no route', '/GND', 10146)
ground bridge candidate (64.25, 46.0, 2) (63.5, 45.0, 2) ('no route', '/GND', 4915)
ground bridge candidate (65.0, 45.25, 2) (64.0, 44.5, 2) ('no route', '/GND', 4915)
ground bridge candidate (69.5, 44.75, 2) (70.5, 44.0, 2) ('no route', '/GND', 4915)
ground bridge candidate (70.25, 45.5, 2) (71.0, 44.5, 2) ('no route', '/GND', 4915)
ground bridge candidate (68.5, 44.5, 2) (68.5, 44.5, 0) ('no route', '/GND', 4915)
ground bridge candidate (68.5, 45.25, 2) (68.5, 45.0, 0) ('no route', '/GND', 4915)
Remaining regions need placement or signal-corridor change
