./src/common/stdpbase.cpp(59): assert ""traits"" failed in Get(): create wxApp before calling this
Connecting power 3 /CHG_N clusters 1 2
local route /CHG_N segments 12 vias 0 nodes 2474
Connecting power 4 /CHG_N clusters 1 15
local route /CHG_N segments 14 vias 1 nodes 320181
Connecting power 5 /PACK_FUSED clusters 1 29
local route /PACK_FUSED segments 7 vias 1 nodes 304149
Connecting power 6 /H_VM clusters 17 74
local route /H_VM segments 3 vias 0 nodes 97
Connecting power 7 /H_VM clusters 1 94
local route /H_VM segments 2 vias 0 nodes 28
Connecting power 8 /CHG_BASE clusters 2 19
BLOCKED CLUSTERS /CHG_BASE ["('no route', '/CHG_BASE', 635)"]
Connecting power 9 /H_REF clusters 1 1
local route /H_REF segments 1 vias 0 nodes 39
Connecting power 10 /H_REF clusters 1 3
local route /H_REF segments 7 vias 0 nodes 1668
Connecting power 11 /H_REF clusters 1 11
local route /H_REF segments 8 vias 2 nodes 15761
Connecting power 12 /H_REF clusters 1 22
BLOCKED CLUSTERS /H_REF ["('no route', '/H_REF', 2980)"]
