./src/common/stdpbase.cpp(59): assert ""traits"" failed in Get(): create wxApp before calling this
09:20:14 AM: Debug: Adding duplicate image handler for 'PNG file'
09:20:14 AM: Debug: Adding duplicate image handler for 'JPEG file'
09:20:14 AM: Debug: Adding duplicate image handler for 'TIFF file'
09:20:14 AM: Debug: Adding duplicate image handler for 'GIF file'
09:20:14 AM: Debug: Adding duplicate image handler for 'PNM file'
09:20:14 AM: Debug: Adding duplicate image handler for 'PCX file'
09:20:14 AM: Debug: Adding duplicate image handler for 'IFF file'
09:20:14 AM: Debug: Adding duplicate image handler for 'Windows icon file'
09:20:14 AM: Debug: Adding duplicate image handler for 'Windows cursor file'
09:20:14 AM: Debug: Adding duplicate image handler for 'Windows animated cursor file'
09:20:14 AM: Debug: Adding duplicate image handler for 'TGA file'
09:20:14 AM: Debug: Adding duplicate image handler for 'XPM file'
local route /FAULT_N segments 16 vias 1 nodes 8630
RIPUP ROUTE /FAULT_N displaced 3 items ['/CHG_N', '/H_VM']
09:20:17 AM: Debug: Adding duplicate image handler for 'PNG file'
09:20:17 AM: Debug: Adding duplicate image handler for 'JPEG file'
09:20:17 AM: Debug: Adding duplicate image handler for 'TIFF file'
09:20:17 AM: Debug: Adding duplicate image handler for 'GIF file'
09:20:17 AM: Debug: Adding duplicate image handler for 'PNM file'
09:20:17 AM: Debug: Adding duplicate image handler for 'PCX file'
09:20:17 AM: Debug: Adding duplicate image handler for 'IFF file'
09:20:17 AM: Debug: Adding duplicate image handler for 'Windows icon file'
09:20:17 AM: Debug: Adding duplicate image handler for 'Windows cursor file'
09:20:17 AM: Debug: Adding duplicate image handler for 'Windows animated cursor file'
09:20:17 AM: Debug: Adding duplicate image handler for 'TGA file'
09:20:17 AM: Debug: Adding duplicate image handler for 'XPM file'
local route /H_OVSENSE segments 18 vias 2 nodes 145928
RIPUP ROUTE /H_OVSENSE displaced 5 items ['/CHG_N', '/GND', '/H_VM']
09:20:33 AM: Debug: Adding duplicate image handler for 'PNG file'
09:20:33 AM: Debug: Adding duplicate image handler for 'JPEG file'
09:20:33 AM: Debug: Adding duplicate image handler for 'TIFF file'
09:20:33 AM: Debug: Adding duplicate image handler for 'GIF file'
09:20:33 AM: Debug: Adding duplicate image handler for 'PNM file'
09:20:33 AM: Debug: Adding duplicate image handler for 'PCX file'
09:20:33 AM: Debug: Adding duplicate image handler for 'IFF file'
09:20:33 AM: Debug: Adding duplicate image handler for 'Windows icon file'
09:20:33 AM: Debug: Adding duplicate image handler for 'Windows cursor file'
09:20:33 AM: Debug: Adding duplicate image handler for 'Windows animated cursor file'
09:20:33 AM: Debug: Adding duplicate image handler for 'TGA file'
09:20:33 AM: Debug: Adding duplicate image handler for 'XPM file'
local route /H_BRAKE_GATE segments 7 vias 3 nodes 6114
RIPUP ROUTE /H_BRAKE_GATE displaced 1 items ['/CHG_BASE']
09:20:34 AM: Debug: Adding duplicate image handler for 'PNG file'
09:20:34 AM: Debug: Adding duplicate image handler for 'JPEG file'
09:20:34 AM: Debug: Adding duplicate image handler for 'TIFF file'
09:20:34 AM: Debug: Adding duplicate image handler for 'GIF file'
09:20:34 AM: Debug: Adding duplicate image handler for 'PNM file'
09:20:34 AM: Debug: Adding duplicate image handler for 'PCX file'
09:20:34 AM: Debug: Adding duplicate image handler for 'IFF file'
09:20:34 AM: Debug: Adding duplicate image handler for 'Windows icon file'
09:20:34 AM: Debug: Adding duplicate image handler for 'Windows cursor file'
09:20:34 AM: Debug: Adding duplicate image handler for 'Windows animated cursor file'
09:20:34 AM: Debug: Adding duplicate image handler for 'TGA file'
09:20:34 AM: Debug: Adding duplicate image handler for 'XPM file'
local route /H_REF segments 13 vias 0 nodes 105984
RIPUP ROUTE /H_REF displaced 2 items ['/CHG_N']
