./src/common/stdpbase.cpp(59): assert ""traits"" failed in Get(): create wxApp before calling this
09:24:59 AM: Debug: Adding duplicate image handler for 'PNG file'
09:24:59 AM: Debug: Adding duplicate image handler for 'JPEG file'
09:24:59 AM: Debug: Adding duplicate image handler for 'TIFF file'
09:24:59 AM: Debug: Adding duplicate image handler for 'GIF file'
09:24:59 AM: Debug: Adding duplicate image handler for 'PNM file'
09:24:59 AM: Debug: Adding duplicate image handler for 'PCX file'
09:24:59 AM: Debug: Adding duplicate image handler for 'IFF file'
09:24:59 AM: Debug: Adding duplicate image handler for 'Windows icon file'
09:24:59 AM: Debug: Adding duplicate image handler for 'Windows cursor file'
09:24:59 AM: Debug: Adding duplicate image handler for 'Windows animated cursor file'
09:24:59 AM: Debug: Adding duplicate image handler for 'TGA file'
09:24:59 AM: Debug: Adding duplicate image handler for 'XPM file'
09:25:04 AM: Debug: Adding duplicate image handler for 'PNG file'
09:25:04 AM: Debug: Adding duplicate image handler for 'JPEG file'
09:25:04 AM: Debug: Adding duplicate image handler for 'TIFF file'
09:25:04 AM: Debug: Adding duplicate image handler for 'GIF file'
09:25:04 AM: Debug: Adding duplicate image handler for 'PNM file'
09:25:04 AM: Debug: Adding duplicate image handler for 'PCX file'
09:25:04 AM: Debug: Adding duplicate image handler for 'IFF file'
09:25:04 AM: Debug: Adding duplicate image handler for 'Windows icon file'
09:25:04 AM: Debug: Adding duplicate image handler for 'Windows cursor file'
09:25:04 AM: Debug: Adding duplicate image handler for 'Windows animated cursor file'
09:25:04 AM: Debug: Adding duplicate image handler for 'TGA file'
09:25:04 AM: Debug: Adding duplicate image handler for 'XPM file'
09:25:08 AM: Debug: Adding duplicate image handler for 'PNG file'
09:25:08 AM: Debug: Adding duplicate image handler for 'JPEG file'
09:25:08 AM: Debug: Adding duplicate image handler for 'TIFF file'
09:25:08 AM: Debug: Adding duplicate image handler for 'GIF file'
09:25:08 AM: Debug: Adding duplicate image handler for 'PNM file'
09:25:08 AM: Debug: Adding duplicate image handler for 'PCX file'
09:25:08 AM: Debug: Adding duplicate image handler for 'IFF file'
09:25:08 AM: Debug: Adding duplicate image handler for 'Windows icon file'
09:25:08 AM: Debug: Adding duplicate image handler for 'Windows cursor file'
09:25:08 AM: Debug: Adding duplicate image handler for 'Windows animated cursor file'
09:25:08 AM: Debug: Adding duplicate image handler for 'TGA file'
09:25:08 AM: Debug: Adding duplicate image handler for 'XPM file'
09:25:12 AM: Debug: Adding duplicate image handler for 'PNG file'
09:25:12 AM: Debug: Adding duplicate image handler for 'JPEG file'
09:25:12 AM: Debug: Adding duplicate image handler for 'TIFF file'
09:25:12 AM: Debug: Adding duplicate image handler for 'GIF file'
09:25:12 AM: Debug: Adding duplicate image handler for 'PNM file'
09:25:12 AM: Debug: Adding duplicate image handler for 'PCX file'
09:25:12 AM: Debug: Adding duplicate image handler for 'IFF file'
09:25:12 AM: Debug: Adding duplicate image handler for 'Windows icon file'
09:25:12 AM: Debug: Adding duplicate image handler for 'Windows cursor file'
09:25:12 AM: Debug: Adding duplicate image handler for 'Windows animated cursor file'
09:25:12 AM: Debug: Adding duplicate image handler for 'TGA file'
09:25:12 AM: Debug: Adding duplicate image handler for 'XPM file'
09:25:17 AM: Debug: Adding duplicate image handler for 'PNG file'
09:25:17 AM: Debug: Adding duplicate image handler for 'JPEG file'
09:25:17 AM: Debug: Adding duplicate image handler for 'TIFF file'
09:25:17 AM: Debug: Adding duplicate image handler for 'GIF file'
09:25:17 AM: Debug: Adding duplicate image handler for 'PNM file'
09:25:17 AM: Debug: Adding duplicate image handler for 'PCX file'
09:25:17 AM: Debug: Adding duplicate image handler for 'IFF file'
09:25:17 AM: Debug: Adding duplicate image handler for 'Windows icon file'
09:25:17 AM: Debug: Adding duplicate image handler for 'Windows cursor file'
09:25:17 AM: Debug: Adding duplicate image handler for 'Windows animated cursor file'
09:25:17 AM: Debug: Adding duplicate image handler for 'TGA file'
09:25:17 AM: Debug: Adding duplicate image handler for 'XPM file'
09:25:21 AM: Debug: Adding duplicate image handler for 'PNG file'
09:25:21 AM: Debug: Adding duplicate image handler for 'JPEG file'
09:25:21 AM: Debug: Adding duplicate image handler for 'TIFF file'
09:25:21 AM: Debug: Adding duplicate image handler for 'GIF file'
09:25:21 AM: Debug: Adding duplicate image handler for 'PNM file'
09:25:21 AM: Debug: Adding duplicate image handler for 'PCX file'
09:25:21 AM: Debug: Adding duplicate image handler for 'IFF file'
09:25:21 AM: Debug: Adding duplicate image handler for 'Windows icon file'
09:25:21 AM: Debug: Adding duplicate image handler for 'Windows cursor file'
09:25:21 AM: Debug: Adding duplicate image handler for 'Windows animated cursor file'
09:25:21 AM: Debug: Adding duplicate image handler for 'TGA file'
09:25:21 AM: Debug: Adding duplicate image handler for 'XPM file'
09:25:26 AM: Debug: Adding duplicate image handler for 'PNG file'
09:25:26 AM: Debug: Adding duplicate image handler for 'JPEG file'
09:25:26 AM: Debug: Adding duplicate image handler for 'TIFF file'
09:25:26 AM: Debug: Adding duplicate image handler for 'GIF file'
09:25:26 AM: Debug: Adding duplicate image handler for 'PNM file'
09:25:26 AM: Debug: Adding duplicate image handler for 'PCX file'
09:25:26 AM: Debug: Adding duplicate image handler for 'IFF file'
09:25:26 AM: Debug: Adding duplicate image handler for 'Windows icon file'
09:25:26 AM: Debug: Adding duplicate image handler for 'Windows cursor file'
09:25:26 AM: Debug: Adding duplicate image handler for 'Windows animated cursor file'
09:25:26 AM: Debug: Adding duplicate image handler for 'TGA file'
09:25:26 AM: Debug: Adding duplicate image handler for 'XPM file'
09:25:31 AM: Debug: Adding duplicate image handler for 'PNG file'
09:25:31 AM: Debug: Adding duplicate image handler for 'JPEG file'
09:25:31 AM: Debug: Adding duplicate image handler for 'TIFF file'
09:25:31 AM: Debug: Adding duplicate image handler for 'GIF file'
09:25:31 AM: Debug: Adding duplicate image handler for 'PNM file'
09:25:31 AM: Debug: Adding duplicate image handler for 'PCX file'
09:25:31 AM: Debug: Adding duplicate image handler for 'IFF file'
09:25:31 AM: Debug: Adding duplicate image handler for 'Windows icon file'
09:25:31 AM: Debug: Adding duplicate image handler for 'Windows cursor file'
09:25:31 AM: Debug: Adding duplicate image handler for 'Windows animated cursor file'
09:25:31 AM: Debug: Adding duplicate image handler for 'TGA file'
09:25:31 AM: Debug: Adding duplicate image handler for 'XPM file'
power remaining thermals 2
