00:00.330  blend            | Read blend: "/Users/dean/Documents/MORI/mechanical/mori_v1_2.blend"
00:00.920  render           | Saved: '/Users/dean/Documents/MORI/mechanical/renders/parts/Battery.png'
PART_PREVIEW 1 161 MORI_V1__Battery
00:01.234  render           | Saved: '/Users/dean/Documents/MORI/mechanical/renders/parts/Battery_Pad_-38.0.png'
PART_PREVIEW 2 161 MORI_V1__Battery_Pad_-38.0
00:01.539  render           | Saved: '/Users/dean/Documents/MORI/mechanical/renders/parts/Battery_Pad_38.0.png'
PART_PREVIEW 3 161 MORI_V1__Battery_Pad_38.0
00:01.912  render           | Saved: '/Users/dean/Documents/MORI/mechanical/renders/parts/Battery_Pad_Base.png'
PART_PREVIEW 4 161 MORI_V1__Battery_Pad_Base
00:02.226  render           | Saved: '/Users/dean/Documents/MORI/mechanical/renders/parts/Battery_Retainer_Insert_-1.png'
PART_PREVIEW 5 161 MORI_V1__Battery_Retainer_Insert_-1
00:02.547  render           | Saved: '/Users/dean/Documents/MORI/mechanical/renders/parts/Battery_Retainer_Insert_1.png'
PART_PREVIEW 6 161 MORI_V1__Battery_Retainer_Insert_1
00:02.895  render           | Saved: '/Users/dean/Documents/MORI/mechanical/renders/parts/Battery_Retainer_Screw_-1.png'
PART_PREVIEW 7 161 MORI_V1__Battery_Retainer_Screw_-1
00:03.227  render           | Saved: '/Users/dean/Documents/MORI/mechanical/renders/parts/Battery_Retainer_Screw_1.png'
PART_PREVIEW 8 161 MORI_V1__Battery_Retainer_Screw_1
00:03.579  render           | Saved: '/Users/dean/Documents/MORI/mechanical/renders/parts/Battery_Tray.png'
PART_PREVIEW 9 161 MORI_V1__Battery_Tray
00:03.931  render           | Saved: '/Users/dean/Documents/MORI/mechanical/renders/parts/Body_IMU.png'
PART_PREVIEW 10 161 MORI_V1__Body_IMU
00:04.344  render           | Saved: '/Users/dean/Documents/MORI/mechanical/renders/parts/Body_Lower.png'
PART_PREVIEW 11 161 MORI_V1__Body_Lower
00:04.662  render           | Saved: '/Users/dean/Documents/MORI/mechanical/renders/parts/Body_Top_Shroud.png'
PART_PREVIEW 12 161 MORI_V1__Body_Top_Shroud
00:05.030  render           | Saved: '/Users/dean/Documents/MORI/mechanical/renders/parts/Body_Upper.png'
PART_PREVIEW 13 161 MORI_V1__Body_Upper
00:05.389  render           | Saved: '/Users/dean/Documents/MORI/mechanical/renders/parts/CAM_Mainboard.png'
PART_PREVIEW 14 161 MORI_V1__CAM_Mainboard
00:05.750  render           | Saved: '/Users/dean/Documents/MORI/mechanical/renders/parts/Camera_Baffle.png'
PART_PREVIEW 15 161 MORI_V1__Camera_Baffle
00:06.112  render           | Saved: '/Users/dean/Documents/MORI/mechanical/renders/parts/Camera_Lens.png'
PART_PREVIEW 16 161 MORI_V1__Camera_Lens
00:06.495  render           | Saved: '/Users/dean/Documents/MORI/mechanical/renders/parts/Camera_PCB.png'
PART_PREVIEW 17 161 MORI_V1__Camera_PCB
00:06.858  render           | Saved: '/Users/dean/Documents/MORI/mechanical/renders/parts/Camera_Window.png'
PART_PREVIEW 18 161 MORI_V1__Camera_Window
00:07.181  render           | Saved: '/Users/dean/Documents/MORI/mechanical/renders/parts/Carrier_Insert_0.png'
PART_PREVIEW 19 161 MORI_V1__Carrier_Insert_0
00:07.504  render           | Saved: '/Users/dean/Documents/MORI/mechanical/renders/parts/Carrier_Insert_1.png'
PART_PREVIEW 20 161 MORI_V1__Carrier_Insert_1
00:07.815  render           | Saved: '/Users/dean/Documents/MORI/mechanical/renders/parts/Carrier_Insert_2.png'
PART_PREVIEW 21 161 MORI_V1__Carrier_Insert_2
00:08.139  render           | Saved: '/Users/dean/Documents/MORI/mechanical/renders/parts/Carrier_Insert_3.png'
PART_PREVIEW 22 161 MORI_V1__Carrier_Insert_3
00:08.469  render           | Saved: '/Users/dean/Documents/MORI/mechanical/renders/parts/Carrier_Screw_0.png'
PART_PREVIEW 23 161 MORI_V1__Carrier_Screw_0
00:08.815  render           | Saved: '/Users/dean/Documents/MORI/mechanical/renders/parts/Carrier_Screw_1.png'
PART_PREVIEW 24 161 MORI_V1__Carrier_Screw_1
00:09.162  render           | Saved: '/Users/dean/Documents/MORI/mechanical/renders/parts/Carrier_Screw_2.png'
PART_PREVIEW 25 161 MORI_V1__Carrier_Screw_2
00:09.502  render           | Saved: '/Users/dean/Documents/MORI/mechanical/renders/parts/Carrier_Screw_3.png'
PART_PREVIEW 26 161 MORI_V1__Carrier_Screw_3
00:09.866  render           | Saved: '/Users/dean/Documents/MORI/mechanical/renders/parts/Coupon_Insert.png'
PART_PREVIEW 27 161 MORI_V1__Coupon_Insert
00:10.255  render           | Saved: '/Users/dean/Documents/MORI/mechanical/renders/parts/Coupon_Mating_Tab.png'
PART_PREVIEW 28 161 MORI_V1__Coupon_Mating_Tab
00:10.607  render           | Saved: '/Users/dean/Documents/MORI/mechanical/renders/parts/Coupon_Plane_Fit.png'
PART_PREVIEW 29 161 MORI_V1__Coupon_Plane_Fit
00:10.991  render           | Saved: '/Users/dean/Documents/MORI/mechanical/renders/parts/Display_Frame.png'
PART_PREVIEW 30 161 MORI_V1__Display_Frame
00:11.651  render           | Saved: '/Users/dean/Documents/MORI/mechanical/renders/parts/Display_PCB.png'
PART_PREVIEW 31 161 MORI_V1__Display_PCB
00:12.046  render           | Saved: '/Users/dean/Documents/MORI/mechanical/renders/parts/Dock_Pad_0.png'
PART_PREVIEW 32 161 MORI_V1__Dock_Pad_0
00:12.425  render           | Saved: '/Users/dean/Documents/MORI/mechanical/renders/parts/Dock_Pad_1.png'
PART_PREVIEW 33 161 MORI_V1__Dock_Pad_1
00:12.769  render           | Saved: '/Users/dean/Documents/MORI/mechanical/renders/parts/Dock_Pad_2.png'
PART_PREVIEW 34 161 MORI_V1__Dock_Pad_2
00:13.162  render           | Saved: '/Users/dean/Documents/MORI/mechanical/renders/parts/Dock_Pad_3.png'
PART_PREVIEW 35 161 MORI_V1__Dock_Pad_3
00:13.712  render           | Saved: '/Users/dean/Documents/MORI/mechanical/renders/parts/Drive_Bridge.png'
PART_PREVIEW 36 161 MORI_V1__Drive_Bridge
00:14.109  render           | Saved: '/Users/dean/Documents/MORI/mechanical/renders/parts/Drive_L_-8_Nut.png'
PART_PREVIEW 37 161 MORI_V1__Drive_L_-8_Nut
00:14.572  render           | Saved: '/Users/dean/Documents/MORI/mechanical/renders/parts/Drive_L_-8_Screw.png'
PART_PREVIEW 38 161 MORI_V1__Drive_L_-8_Screw
00:15.026  render           | Saved: '/Users/dean/Documents/MORI/mechanical/renders/parts/Drive_L_8_Nut.png'
PART_PREVIEW 39 161 MORI_V1__Drive_L_8_Nut
00:15.408  render           | Saved: '/Users/dean/Documents/MORI/mechanical/renders/parts/Drive_L_8_Screw.png'
PART_PREVIEW 40 161 MORI_V1__Drive_L_8_Screw
00:15.807  render           | Saved: '/Users/dean/Documents/MORI/mechanical/renders/parts/Drive_Motor_L.png'
PART_PREVIEW 41 161 MORI_V1__Drive_Motor_L
00:16.209  render           | Saved: '/Users/dean/Documents/MORI/mechanical/renders/parts/Drive_Motor_R.png'
PART_PREVIEW 42 161 MORI_V1__Drive_Motor_R
00:16.544  render           | Saved: '/Users/dean/Documents/MORI/mechanical/renders/parts/Drive_R_-8_Nut.png'
PART_PREVIEW 43 161 MORI_V1__Drive_R_-8_Nut
00:16.984  render           | Saved: '/Users/dean/Documents/MORI/mechanical/renders/parts/Drive_R_-8_Screw.png'
PART_PREVIEW 44 161 MORI_V1__Drive_R_-8_Screw
00:17.427  render           | Saved: '/Users/dean/Documents/MORI/mechanical/renders/parts/Drive_R_8_Nut.png'
PART_PREVIEW 45 161 MORI_V1__Drive_R_8_Nut
00:17.827  render           | Saved: '/Users/dean/Documents/MORI/mechanical/renders/parts/Drive_R_8_Screw.png'
PART_PREVIEW 46 161 MORI_V1__Drive_R_8_Screw
00:18.221  render           | Saved: '/Users/dean/Documents/MORI/mechanical/renders/parts/Face_Joint_-1_0.0_Nut.png'
PART_PREVIEW 47 161 MORI_V1__Face_Joint_-1_0.0_Nut
00:18.622  render           | Saved: '/Users/dean/Documents/MORI/mechanical/renders/parts/Face_Joint_-1_0.0_Screw.png'
PART_PREVIEW 48 161 MORI_V1__Face_Joint_-1_0.0_Screw
00:18.976  render           | Saved: '/Users/dean/Documents/MORI/mechanical/renders/parts/Face_Joint_-1_7.0_Nut.png'
PART_PREVIEW 49 161 MORI_V1__Face_Joint_-1_7.0_Nut
00:19.334  render           | Saved: '/Users/dean/Documents/MORI/mechanical/renders/parts/Face_Joint_-1_7.0_Screw.png'
PART_PREVIEW 50 161 MORI_V1__Face_Joint_-1_7.0_Screw
00:19.709  render           | Saved: '/Users/dean/Documents/MORI/mechanical/renders/parts/Face_Joint_1_0.0_Nut.png'
PART_PREVIEW 51 161 MORI_V1__Face_Joint_1_0.0_Nut
00:20.057  render           | Saved: '/Users/dean/Documents/MORI/mechanical/renders/parts/Face_Joint_1_0.0_Screw.png'
PART_PREVIEW 52 161 MORI_V1__Face_Joint_1_0.0_Screw
00:20.438  render           | Saved: '/Users/dean/Documents/MORI/mechanical/renders/parts/Face_Joint_1_7.0_Nut.png'
PART_PREVIEW 53 161 MORI_V1__Face_Joint_1_7.0_Nut
00:20.816  render           | Saved: '/Users/dean/Documents/MORI/mechanical/renders/parts/Face_Joint_1_7.0_Screw.png'
PART_PREVIEW 54 161 MORI_V1__Face_Joint_1_7.0_Screw
00:21.213  render           | Saved: '/Users/dean/Documents/MORI/mechanical/renders/parts/Face_Mask.png'
PART_PREVIEW 55 161 MORI_V1__Face_Mask
00:21.630  render           | Saved: '/Users/dean/Documents/MORI/mechanical/renders/parts/Face_Protector.png'
PART_PREVIEW 56 161 MORI_V1__Face_Protector
00:22.060  render           | Saved: '/Users/dean/Documents/MORI/mechanical/renders/parts/Frame_Insert_0.png'
PART_PREVIEW 57 161 MORI_V1__Frame_Insert_0
00:22.440  render           | Saved: '/Users/dean/Documents/MORI/mechanical/renders/parts/Frame_Insert_1.png'
PART_PREVIEW 58 161 MORI_V1__Frame_Insert_1
00:22.768  render           | Saved: '/Users/dean/Documents/MORI/mechanical/renders/parts/Frame_Insert_2.png'
PART_PREVIEW 59 161 MORI_V1__Frame_Insert_2
00:23.102  render           | Saved: '/Users/dean/Documents/MORI/mechanical/renders/parts/Frame_Insert_3.png'
PART_PREVIEW 60 161 MORI_V1__Frame_Insert_3
00:23.434  render           | Saved: '/Users/dean/Documents/MORI/mechanical/renders/parts/Frame_Screw_0.png'
PART_PREVIEW 61 161 MORI_V1__Frame_Screw_0
00:23.766  render           | Saved: '/Users/dean/Documents/MORI/mechanical/renders/parts/Frame_Screw_1.png'
PART_PREVIEW 62 161 MORI_V1__Frame_Screw_1
00:24.096  render           | Saved: '/Users/dean/Documents/MORI/mechanical/renders/parts/Frame_Screw_2.png'
PART_PREVIEW 63 161 MORI_V1__Frame_Screw_2
00:24.427  render           | Saved: '/Users/dean/Documents/MORI/mechanical/renders/parts/Frame_Screw_3.png'
PART_PREVIEW 64 161 MORI_V1__Frame_Screw_3
00:24.734  render           | Saved: '/Users/dean/Documents/MORI/mechanical/renders/parts/Gimbal_Base_-13_Nut.png'
PART_PREVIEW 65 161 MORI_V1__Gimbal_Base_-13_Nut
00:25.038  render           | Saved: '/Users/dean/Documents/MORI/mechanical/renders/parts/Gimbal_Base_-13_Screw.png'
PART_PREVIEW 66 161 MORI_V1__Gimbal_Base_-13_Screw
00:25.348  render           | Saved: '/Users/dean/Documents/MORI/mechanical/renders/parts/Gimbal_Base_13_Nut.png'
PART_PREVIEW 67 161 MORI_V1__Gimbal_Base_13_Nut
00:25.652  render           | Saved: '/Users/dean/Documents/MORI/mechanical/renders/parts/Gimbal_Base_13_Screw.png'
PART_PREVIEW 68 161 MORI_V1__Gimbal_Base_13_Screw
00:26.004  render           | Saved: '/Users/dean/Documents/MORI/mechanical/renders/parts/Head_Front.png'
PART_PREVIEW 69 161 MORI_V1__Head_Front
00:26.404  render           | Saved: '/Users/dean/Documents/MORI/mechanical/renders/parts/Head_Rear.png'
PART_PREVIEW 70 161 MORI_V1__Head_Rear
00:26.718  render           | Saved: '/Users/dean/Documents/MORI/mechanical/renders/parts/Head_Yaw_Ear_0_Nut.png'
PART_PREVIEW 71 161 MORI_V1__Head_Yaw_Ear_0_Nut
00:27.033  render           | Saved: '/Users/dean/Documents/MORI/mechanical/renders/parts/Head_Yaw_Ear_0_Screw.png'
PART_PREVIEW 72 161 MORI_V1__Head_Yaw_Ear_0_Screw
00:27.345  render           | Saved: '/Users/dean/Documents/MORI/mechanical/renders/parts/Head_Yaw_Ear_1_Nut.png'
PART_PREVIEW 73 161 MORI_V1__Head_Yaw_Ear_1_Nut
00:27.656  render           | Saved: '/Users/dean/Documents/MORI/mechanical/renders/parts/Head_Yaw_Ear_1_Screw.png'
PART_PREVIEW 74 161 MORI_V1__Head_Yaw_Ear_1_Screw
00:27.963  render           | Saved: '/Users/dean/Documents/MORI/mechanical/renders/parts/IMU_Insert_0.png'
PART_PREVIEW 75 161 MORI_V1__IMU_Insert_0
00:28.273  render           | Saved: '/Users/dean/Documents/MORI/mechanical/renders/parts/IMU_Insert_1.png'
PART_PREVIEW 76 161 MORI_V1__IMU_Insert_1
00:28.590  render           | Saved: '/Users/dean/Documents/MORI/mechanical/renders/parts/IMU_Screw_0.png'
PART_PREVIEW 77 161 MORI_V1__IMU_Screw_0
00:28.909  render           | Saved: '/Users/dean/Documents/MORI/mechanical/renders/parts/IMU_Screw_1.png'
PART_PREVIEW 78 161 MORI_V1__IMU_Screw_1
00:29.273  render           | Saved: '/Users/dean/Documents/MORI/mechanical/renders/parts/Load_Frame.png'
PART_PREVIEW 79 161 MORI_V1__Load_Frame
00:29.666  render           | Saved: '/Users/dean/Documents/MORI/mechanical/renders/parts/MCU_Carrier.png'
PART_PREVIEW 80 161 MORI_V1__MCU_Carrier
00:30.217  render           | Saved: '/Users/dean/Documents/MORI/mechanical/renders/parts/MCU_Motion.png'
PART_PREVIEW 81 161 MORI_V1__MCU_Motion
00:30.580  render           | Saved: '/Users/dean/Documents/MORI/mechanical/renders/parts/Mic_Duct_L.png'
PART_PREVIEW 82 161 MORI_V1__Mic_Duct_L
00:30.939  render           | Saved: '/Users/dean/Documents/MORI/mechanical/renders/parts/Mic_Duct_R.png'
PART_PREVIEW 83 161 MORI_V1__Mic_Duct_R
00:31.276  render           | Saved: '/Users/dean/Documents/MORI/mechanical/renders/parts/Motor_Retainer.png'
PART_PREVIEW 84 161 MORI_V1__Motor_Retainer
00:31.582  render           | Saved: '/Users/dean/Documents/MORI/mechanical/renders/parts/Motor_Retainer_Insert_0.png'
PART_PREVIEW 85 161 MORI_V1__Motor_Retainer_Insert_0
00:31.884  render           | Saved: '/Users/dean/Documents/MORI/mechanical/renders/parts/Motor_Retainer_Insert_1.png'
PART_PREVIEW 86 161 MORI_V1__Motor_Retainer_Insert_1
00:32.201  render           | Saved: '/Users/dean/Documents/MORI/mechanical/renders/parts/Motor_Retainer_Pad_-1.png'
PART_PREVIEW 87 161 MORI_V1__Motor_Retainer_Pad_-1
00:32.521  render           | Saved: '/Users/dean/Documents/MORI/mechanical/renders/parts/Motor_Retainer_Pad_1.png'
PART_PREVIEW 88 161 MORI_V1__Motor_Retainer_Pad_1
00:32.836  render           | Saved: '/Users/dean/Documents/MORI/mechanical/renders/parts/Motor_Retainer_Screw_0.png'
PART_PREVIEW 89 161 MORI_V1__Motor_Retainer_Screw_0
00:33.155  render           | Saved: '/Users/dean/Documents/MORI/mechanical/renders/parts/Motor_Retainer_Screw_1.png'
PART_PREVIEW 90 161 MORI_V1__Motor_Retainer_Screw_1
00:33.456  render           | Saved: '/Users/dean/Documents/MORI/mechanical/renders/parts/Onboard_MIC_L.png'
PART_PREVIEW 91 161 MORI_V1__Onboard_MIC_L
00:33.752  render           | Saved: '/Users/dean/Documents/MORI/mechanical/renders/parts/Onboard_MIC_R.png'
PART_PREVIEW 92 161 MORI_V1__Onboard_MIC_R
00:34.092  render           | Saved: '/Users/dean/Documents/MORI/mechanical/renders/parts/Parking_Cradle.png'
PART_PREVIEW 93 161 MORI_V1__Parking_Cradle
00:34.455  render           | Saved: '/Users/dean/Documents/MORI/mechanical/renders/parts/Pitch_Bearing_L.png'
PART_PREVIEW 94 161 MORI_V1__Pitch_Bearing_L
00:34.810  render           | Saved: '/Users/dean/Documents/MORI/mechanical/renders/parts/Pitch_Bearing_R.png'
PART_PREVIEW 95 161 MORI_V1__Pitch_Bearing_R
00:35.159  render           | Saved: '/Users/dean/Documents/MORI/mechanical/renders/parts/Pitch_Cable_Clip.png'
PART_PREVIEW 96 161 MORI_V1__Pitch_Cable_Clip
00:35.502  render           | Saved: '/Users/dean/Documents/MORI/mechanical/renders/parts/Pitch_Cradle.png'
PART_PREVIEW 97 161 MORI_V1__Pitch_Cradle
00:35.829  render           | Saved: '/Users/dean/Documents/MORI/mechanical/renders/parts/Pitch_Horn.png'
PART_PREVIEW 98 161 MORI_V1__Pitch_Horn
00:36.135  render           | Saved: '/Users/dean/Documents/MORI/mechanical/renders/parts/Pitch_Lock_Screw.png'
PART_PREVIEW 99 161 MORI_V1__Pitch_Lock_Screw
00:36.459  render           | Saved: '/Users/dean/Documents/MORI/mechanical/renders/parts/Pitch_Output.png'
PART_PREVIEW 100 161 MORI_V1__Pitch_Output
00:36.813  render           | Saved: '/Users/dean/Documents/MORI/mechanical/renders/parts/Pitch_Servo.png'
PART_PREVIEW 101 161 MORI_V1__Pitch_Servo
00:37.181  render           | Saved: '/Users/dean/Documents/MORI/mechanical/renders/parts/Pitch_Trunnion_L.png'
PART_PREVIEW 102 161 MORI_V1__Pitch_Trunnion_L
00:37.532  render           | Saved: '/Users/dean/Documents/MORI/mechanical/renders/parts/Pitch_Trunnion_R.png'
PART_PREVIEW 103 161 MORI_V1__Pitch_Trunnion_R
00:37.898  render           | Saved: '/Users/dean/Documents/MORI/mechanical/renders/parts/Pitch_Yoke.png'
PART_PREVIEW 104 161 MORI_V1__Pitch_Yoke
00:38.245  render           | Saved: '/Users/dean/Documents/MORI/mechanical/renders/parts/Power_Module.png'
PART_PREVIEW 105 161 MORI_V1__Power_Module
00:38.614  render           | Saved: '/Users/dean/Documents/MORI/mechanical/renders/parts/Power_Switch.png'
PART_PREVIEW 106 161 MORI_V1__Power_Switch
00:38.925  render           | Saved: '/Users/dean/Documents/MORI/mechanical/renders/parts/Rear_Interface_Insert_0.png'
PART_PREVIEW 107 161 MORI_V1__Rear_Interface_Insert_0
00:39.233  render           | Saved: '/Users/dean/Documents/MORI/mechanical/renders/parts/Rear_Interface_Insert_1.png'
PART_PREVIEW 108 161 MORI_V1__Rear_Interface_Insert_1
00:39.559  render           | Saved: '/Users/dean/Documents/MORI/mechanical/renders/parts/Rear_Interface_PCB.png'
PART_PREVIEW 109 161 MORI_V1__Rear_Interface_PCB
00:39.874  render           | Saved: '/Users/dean/Documents/MORI/mechanical/renders/parts/Rear_Interface_Screw_0.png'
PART_PREVIEW 110 161 MORI_V1__Rear_Interface_Screw_0
00:40.189  render           | Saved: '/Users/dean/Documents/MORI/mechanical/renders/parts/Rear_Interface_Screw_1.png'
PART_PREVIEW 111 161 MORI_V1__Rear_Interface_Screw_1
00:40.532  render           | Saved: '/Users/dean/Documents/MORI/mechanical/renders/parts/S288_Output_L_Inner.png'
PART_PREVIEW 112 161 MORI_V1__S288_Output_L_Inner
00:40.873  render           | Saved: '/Users/dean/Documents/MORI/mechanical/renders/parts/S288_Output_L_Outer.png'
PART_PREVIEW 113 161 MORI_V1__S288_Output_L_Outer
00:41.212  render           | Saved: '/Users/dean/Documents/MORI/mechanical/renders/parts/S288_Output_R_Inner.png'
PART_PREVIEW 114 161 MORI_V1__S288_Output_R_Inner
00:41.557  render           | Saved: '/Users/dean/Documents/MORI/mechanical/renders/parts/S288_Output_R_Outer.png'
PART_PREVIEW 115 161 MORI_V1__S288_Output_R_Outer
00:41.881  render           | Saved: '/Users/dean/Documents/MORI/mechanical/renders/parts/Shell_Insert_0.png'
PART_PREVIEW 116 161 MORI_V1__Shell_Insert_0
00:42.204  render           | Saved: '/Users/dean/Documents/MORI/mechanical/renders/parts/Shell_Insert_1.png'
PART_PREVIEW 117 161 MORI_V1__Shell_Insert_1
00:42.524  render           | Saved: '/Users/dean/Documents/MORI/mechanical/renders/parts/Shell_Insert_2.png'
PART_PREVIEW 118 161 MORI_V1__Shell_Insert_2
00:42.843  render           | Saved: '/Users/dean/Documents/MORI/mechanical/renders/parts/Shell_Insert_3.png'
PART_PREVIEW 119 161 MORI_V1__Shell_Insert_3
00:43.155  render           | Saved: '/Users/dean/Documents/MORI/mechanical/renders/parts/Shell_Screw_0.png'
PART_PREVIEW 120 161 MORI_V1__Shell_Screw_0
00:43.473  render           | Saved: '/Users/dean/Documents/MORI/mechanical/renders/parts/Shell_Screw_1.png'
PART_PREVIEW 121 161 MORI_V1__Shell_Screw_1
00:43.786  render           | Saved: '/Users/dean/Documents/MORI/mechanical/renders/parts/Shell_Screw_2.png'
PART_PREVIEW 122 161 MORI_V1__Shell_Screw_2
00:44.096  render           | Saved: '/Users/dean/Documents/MORI/mechanical/renders/parts/Shell_Screw_3.png'
PART_PREVIEW 123 161 MORI_V1__Shell_Screw_3
00:44.444  render           | Saved: '/Users/dean/Documents/MORI/mechanical/renders/parts/Speaker.png'
PART_PREVIEW 124 161 MORI_V1__Speaker
00:44.737  render           | Saved: '/Users/dean/Documents/MORI/mechanical/renders/parts/Speaker_Gasket.png'
PART_PREVIEW 125 161 MORI_V1__Speaker_Gasket
00:45.062  render           | Saved: '/Users/dean/Documents/MORI/mechanical/renders/parts/Speaker_Insert_-1.png'
PART_PREVIEW 126 161 MORI_V1__Speaker_Insert_-1
00:45.384  render           | Saved: '/Users/dean/Documents/MORI/mechanical/renders/parts/Speaker_Insert_1.png'
PART_PREVIEW 127 161 MORI_V1__Speaker_Insert_1
00:45.794  render           | Saved: '/Users/dean/Documents/MORI/mechanical/renders/parts/Speaker_Mount.png'
PART_PREVIEW 128 161 MORI_V1__Speaker_Mount
00:46.130  render           | Saved: '/Users/dean/Documents/MORI/mechanical/renders/parts/Speaker_Screw_-1.png'
PART_PREVIEW 129 161 MORI_V1__Speaker_Screw_-1
00:46.462  render           | Saved: '/Users/dean/Documents/MORI/mechanical/renders/parts/Speaker_Screw_1.png'
PART_PREVIEW 130 161 MORI_V1__Speaker_Screw_1
00:46.782  render           | Saved: '/Users/dean/Documents/MORI/mechanical/renders/parts/Tire_L.png'
PART_PREVIEW 131 161 MORI_V1__Tire_L
00:47.105  render           | Saved: '/Users/dean/Documents/MORI/mechanical/renders/parts/Tire_R.png'
PART_PREVIEW 132 161 MORI_V1__Tire_R
00:47.458  render           | Saved: '/Users/dean/Documents/MORI/mechanical/renders/parts/USB_Receptacle.png'
PART_PREVIEW 133 161 MORI_V1__USB_Receptacle
00:47.754  render           | Saved: '/Users/dean/Documents/MORI/mechanical/renders/parts/Wheel_Axle_L.png'
PART_PREVIEW 134 161 MORI_V1__Wheel_Axle_L
00:48.052  render           | Saved: '/Users/dean/Documents/MORI/mechanical/renders/parts/Wheel_Axle_R.png'
PART_PREVIEW 135 161 MORI_V1__Wheel_Axle_R
00:48.406  render           | Saved: '/Users/dean/Documents/MORI/mechanical/renders/parts/Wheel_Bearing_L_33.png'
PART_PREVIEW 136 161 MORI_V1__Wheel_Bearing_L_33
00:48.764  render           | Saved: '/Users/dean/Documents/MORI/mechanical/renders/parts/Wheel_Bearing_L_39.png'
PART_PREVIEW 137 161 MORI_V1__Wheel_Bearing_L_39
00:49.123  render           | Saved: '/Users/dean/Documents/MORI/mechanical/renders/parts/Wheel_Bearing_R_33.png'
PART_PREVIEW 138 161 MORI_V1__Wheel_Bearing_R_33
00:49.487  render           | Saved: '/Users/dean/Documents/MORI/mechanical/renders/parts/Wheel_Bearing_R_39.png'
PART_PREVIEW 139 161 MORI_V1__Wheel_Bearing_R_39
00:49.813  render           | Saved: '/Users/dean/Documents/MORI/mechanical/renders/parts/Wheel_Cap_L.png'
PART_PREVIEW 140 161 MORI_V1__Wheel_Cap_L
00:50.138  render           | Saved: '/Users/dean/Documents/MORI/mechanical/renders/parts/Wheel_Cap_R.png'
PART_PREVIEW 141 161 MORI_V1__Wheel_Cap_R
00:50.475  render           | Saved: '/Users/dean/Documents/MORI/mechanical/renders/parts/Wheel_Coupler_L.png'
PART_PREVIEW 142 161 MORI_V1__Wheel_Coupler_L
00:50.823  render           | Saved: '/Users/dean/Documents/MORI/mechanical/renders/parts/Wheel_Coupler_R.png'
PART_PREVIEW 143 161 MORI_V1__Wheel_Coupler_R
00:51.202  render           | Saved: '/Users/dean/Documents/MORI/mechanical/renders/parts/Wheel_Hub_L.png'
PART_PREVIEW 144 161 MORI_V1__Wheel_Hub_L
00:51.547  render           | Saved: '/Users/dean/Documents/MORI/mechanical/renders/parts/Wheel_Hub_R.png'
PART_PREVIEW 145 161 MORI_V1__Wheel_Hub_R
00:51.898  render           | Saved: '/Users/dean/Documents/MORI/mechanical/renders/parts/Yaw_Base.png'
PART_PREVIEW 146 161 MORI_V1__Yaw_Base
00:52.206  render           | Saved: '/Users/dean/Documents/MORI/mechanical/renders/parts/Yaw_Base_-1_Nut.png'
PART_PREVIEW 147 161 MORI_V1__Yaw_Base_-1_Nut
00:52.518  render           | Saved: '/Users/dean/Documents/MORI/mechanical/renders/parts/Yaw_Base_-1_Screw.png'
PART_PREVIEW 148 161 MORI_V1__Yaw_Base_-1_Screw
00:52.831  render           | Saved: '/Users/dean/Documents/MORI/mechanical/renders/parts/Yaw_Base_1_Nut.png'
PART_PREVIEW 149 161 MORI_V1__Yaw_Base_1_Nut
00:53.142  render           | Saved: '/Users/dean/Documents/MORI/mechanical/renders/parts/Yaw_Base_1_Screw.png'
PART_PREVIEW 150 161 MORI_V1__Yaw_Base_1_Screw
00:53.471  render           | Saved: '/Users/dean/Documents/MORI/mechanical/renders/parts/Yaw_Bearing.png'
PART_PREVIEW 151 161 MORI_V1__Yaw_Bearing
00:53.786  render           | Saved: '/Users/dean/Documents/MORI/mechanical/renders/parts/Yaw_Horn.png'
PART_PREVIEW 152 161 MORI_V1__Yaw_Horn
00:54.082  render           | Saved: '/Users/dean/Documents/MORI/mechanical/renders/parts/Yaw_Lock_Screw.png'
PART_PREVIEW 153 161 MORI_V1__Yaw_Lock_Screw
00:54.396  render           | Saved: '/Users/dean/Documents/MORI/mechanical/renders/parts/Yaw_Output.png'
PART_PREVIEW 154 161 MORI_V1__Yaw_Output
00:54.710  render           | Saved: '/Users/dean/Documents/MORI/mechanical/renders/parts/Yaw_Reaction_Clamp_Nut.png'
PART_PREVIEW 155 161 MORI_V1__Yaw_Reaction_Clamp_Nut
00:55.016  render           | Saved: '/Users/dean/Documents/MORI/mechanical/renders/parts/Yaw_Reaction_Clamp_Screw.png'
PART_PREVIEW 156 161 MORI_V1__Yaw_Reaction_Clamp_Screw
00:55.337  render           | Saved: '/Users/dean/Documents/MORI/mechanical/renders/parts/Yaw_Reaction_Link.png'
PART_PREVIEW 157 161 MORI_V1__Yaw_Reaction_Link
00:55.658  render           | Saved: '/Users/dean/Documents/MORI/mechanical/renders/parts/Yaw_Reaction_Retainer_Nut.png'
PART_PREVIEW 158 161 MORI_V1__Yaw_Reaction_Retainer_Nut
00:55.958  render           | Saved: '/Users/dean/Documents/MORI/mechanical/renders/parts/Yaw_Reaction_Retainer_Screw.png'
PART_PREVIEW 159 161 MORI_V1__Yaw_Reaction_Retainer_Screw
00:56.297  render           | Saved: '/Users/dean/Documents/MORI/mechanical/renders/parts/Yaw_Servo.png'
PART_PREVIEW 160 161 MORI_V1__Yaw_Servo
00:56.644  render           | Saved: '/Users/dean/Documents/MORI/mechanical/renders/parts/Yaw_Turntable.png'
PART_PREVIEW 161 161 MORI_V1__Yaw_Turntable
CATALOG_COMPLETE
Blender 5.2.1 LTS (hash 9e2066aef7ef built 2026-08-25 01:35:57)

Blender quit
