00:00.323  blend            | Read blend: "/Users/dean/Documents/MORI/mechanical/mori_v1_2.blend"
RENDER rear_interface_section
00:05.877  render           | Saved: '/Users/dean/Documents/MORI/mechanical/renders/rear_interface_section.png'
RENDER frame_underside
00:11.021  render           | Saved: '/Users/dean/Documents/MORI/mechanical/renders/frame_underside.png'
RENDER face_surface_side
00:17.810  render           | Saved: '/Users/dean/Documents/MORI/mechanical/renders/face_surface_side.png'
RENDER imu_underside
00:23.404  render           | Saved: '/Users/dean/Documents/MORI/mechanical/renders/imu_underside.png'
RENDER rear_interface_detail
00:29.125  render           | Saved: '/Users/dean/Documents/MORI/mechanical/renders/rear_interface_detail.png'
/Users/dean/Documents/MORI/mechanical/scripts/render.py:104: DeprecationWarning: 'Material.use_nodes' is expected to be removed in Blender 6.0
  shell=bpy.data.objects[PREFIX+n];mat=bpy.data.materials.get(PREFIX+'level_xray') or bpy.data.materials.new(PREFIX+'level_xray');mat.use_nodes=True;nodes=mat.node_tree.nodes;nodes.clear();out=nodes.new('ShaderNodeOutputMaterial');mix=nodes.new('ShaderNodeMixShader');mix.inputs[0].default_value=.82;solid=nodes.new('ShaderNodeBsdfDiffuse');solid.inputs['Color'].default_value=(.8,.85,.9,1);clear=nodes.new('ShaderNodeBsdfTransparent');mat.node_tree.links.new(solid.outputs[0],mix.inputs[1]);mat.node_tree.links.new(clear.outputs[0],mix.inputs[2]);mat.node_tree.links.new(mix.outputs[0],out.inputs[0]);shell.data.materials.clear();shell.data.materials.append(mat)
RENDER level_head_side
00:50.819  render           | Saved: '/Users/dean/Documents/MORI/mechanical/renders/level_head_side.png'
RENDER deck_plan
00:59.591  render           | Saved: '/Users/dean/Documents/MORI/mechanical/renders/deck_plan.png'
RENDER weact_detail
01:03.441  render           | Saved: '/Users/dean/Documents/MORI/mechanical/renders/weact_detail.png'
/Users/dean/Documents/MORI/mechanical/scripts/render.py:92: DeprecationWarning: 'Material.use_nodes' is expected to be removed in Blender 6.0
  mat=bpy.data.materials.get(PREFIX+'speaker_xray') or bpy.data.materials.new(PREFIX+'speaker_xray');mat.use_nodes=True;nodes=mat.node_tree.nodes;nodes.clear();out=nodes.new('ShaderNodeOutputMaterial');mix=nodes.new('ShaderNodeMixShader');mix.inputs[0].default_value=.84;solid=nodes.new('ShaderNodeBsdfDiffuse');solid.inputs['Color'].default_value=(.65,.72,.78,1);clear=nodes.new('ShaderNodeBsdfTransparent');mat.node_tree.links.new(solid.outputs[0],mix.inputs[1]);mat.node_tree.links.new(clear.outputs[0],mix.inputs[2]);mat.node_tree.links.new(mix.outputs[0],out.inputs[0]);shell.data.materials.clear();shell.data.materials.append(mat)
RENDER speaker_shell_detail
01:23.924  render           | Saved: '/Users/dean/Documents/MORI/mechanical/renders/speaker_shell_detail.png'
RENDER mic_detail
01:28.393  render           | Saved: '/Users/dean/Documents/MORI/mechanical/renders/mic_detail.png'
RENDER belly_detail
01:39.576  render           | Saved: '/Users/dean/Documents/MORI/mechanical/renders/belly_detail.png'
RENDER yaw_drive_detail
01:56.689  render           | Saved: '/Users/dean/Documents/MORI/mechanical/renders/yaw_drive_detail.png'
RENDER 45_assembled
02:10.406  render           | Saved: '/Users/dean/Documents/MORI/mechanical/renders/45_assembled.png'
RENDER front
02:16.829  render           | Saved: '/Users/dean/Documents/MORI/mechanical/renders/front.png'
RENDER side
02:22.758  render           | Saved: '/Users/dean/Documents/MORI/mechanical/renders/side.png'
RENDER rear
02:28.966  render           | Saved: '/Users/dean/Documents/MORI/mechanical/renders/rear.png'
RENDER top
02:36.739  render           | Saved: '/Users/dean/Documents/MORI/mechanical/renders/top.png'
RENDER bottom
02:45.090  render           | Saved: '/Users/dean/Documents/MORI/mechanical/renders/bottom.png'
RENDER exploded
02:52.265  render           | Saved: '/Users/dean/Documents/MORI/mechanical/renders/exploded.png'
RENDER internal
02:59.267  render           | Saved: '/Users/dean/Documents/MORI/mechanical/renders/internal.png'
RENDER structure_only
03:04.903  render           | Saved: '/Users/dean/Documents/MORI/mechanical/renders/structure_only.png'
RENDER structure_exploded
03:08.989  render           | Saved: '/Users/dean/Documents/MORI/mechanical/renders/structure_exploded.png'
RENDER deck_detail
03:17.265  render           | Saved: '/Users/dean/Documents/MORI/mechanical/renders/deck_detail.png'
RENDER head_support
03:21.521  render           | Saved: '/Users/dean/Documents/MORI/mechanical/renders/head_support.png'
RENDER face_detail
03:33.877  render           | Saved: '/Users/dean/Documents/MORI/mechanical/renders/face_detail.png'
RENDER head_section
03:44.596  render           | Saved: '/Users/dean/Documents/MORI/mechanical/renders/head_section.png'
RENDER screen_outline_review
03:53.309  render           | Saved: '/Users/dean/Documents/MORI/mechanical/renders/screen_outline_review.png'
RENDER clearance
03:59.215  render           | Saved: '/Users/dean/Documents/MORI/mechanical/renders/clearance.png'
RENDER balance_side
04:04.860  render           | Saved: '/Users/dean/Documents/MORI/mechanical/renders/balance_side.png'
RENDER wheel_gap_detail
04:12.118  render           | Saved: '/Users/dean/Documents/MORI/mechanical/renders/wheel_gap_detail.png'
RENDER pose_up
04:25.521  render           | Saved: '/Users/dean/Documents/MORI/mechanical/renders/pose_up.png'
RENDER pose_down
04:41.711  render           | Saved: '/Users/dean/Documents/MORI/mechanical/renders/pose_down.png'
RENDER docked
04:55.510  render           | Saved: '/Users/dean/Documents/MORI/mechanical/renders/docked.png'
RENDER_COMPLETE
Blender 5.2.1 LTS (hash 9e2066aef7ef built 2026-08-25 01:35:57)

Blender quit
