./src/common/stdpbase.cpp(59): assert ""traits"" failed in Get(): create wxApp before calling this
09:08:32 AM: Debug: Adding duplicate image handler for 'PNG file'
09:08:32 AM: Debug: Adding duplicate image handler for 'JPEG file'
09:08:32 AM: Debug: Adding duplicate image handler for 'TIFF file'
09:08:32 AM: Debug: Adding duplicate image handler for 'GIF file'
09:08:32 AM: Debug: Adding duplicate image handler for 'PNM file'
09:08:32 AM: Debug: Adding duplicate image handler for 'PCX file'
09:08:32 AM: Debug: Adding duplicate image handler for 'IFF file'
09:08:32 AM: Debug: Adding duplicate image handler for 'Windows icon file'
09:08:32 AM: Debug: Adding duplicate image handler for 'Windows cursor file'
09:08:32 AM: Debug: Adding duplicate image handler for 'Windows animated cursor file'
09:08:32 AM: Debug: Adding duplicate image handler for 'TGA file'
09:08:32 AM: Debug: Adding duplicate image handler for 'XPM file'
09:08:33 AM: Debug: Adding duplicate image handler for 'PNG file'
09:08:33 AM: Debug: Adding duplicate image handler for 'JPEG file'
09:08:33 AM: Debug: Adding duplicate image handler for 'TIFF file'
09:08:33 AM: Debug: Adding duplicate image handler for 'GIF file'
09:08:33 AM: Debug: Adding duplicate image handler for 'PNM file'
09:08:33 AM: Debug: Adding duplicate image handler for 'PCX file'
09:08:33 AM: Debug: Adding duplicate image handler for 'IFF file'
09:08:33 AM: Debug: Adding duplicate image handler for 'Windows icon file'
09:08:33 AM: Debug: Adding duplicate image handler for 'Windows cursor file'
09:08:33 AM: Debug: Adding duplicate image handler for 'Windows animated cursor file'
09:08:33 AM: Debug: Adding duplicate image handler for 'TGA file'
09:08:33 AM: Debug: Adding duplicate image handler for 'XPM file'
09:08:33 AM: Debug: Adding duplicate image handler for 'PNG file'
09:08:33 AM: Debug: Adding duplicate image handler for 'JPEG file'
09:08:33 AM: Debug: Adding duplicate image handler for 'TIFF file'
09:08:33 AM: Debug: Adding duplicate image handler for 'GIF file'
09:08:33 AM: Debug: Adding duplicate image handler for 'PNM file'
09:08:33 AM: Debug: Adding duplicate image handler for 'PCX file'
09:08:33 AM: Debug: Adding duplicate image handler for 'IFF file'
09:08:33 AM: Debug: Adding duplicate image handler for 'Windows icon file'
09:08:33 AM: Debug: Adding duplicate image handler for 'Windows cursor file'
09:08:33 AM: Debug: Adding duplicate image handler for 'Windows animated cursor file'
09:08:33 AM: Debug: Adding duplicate image handler for 'TGA file'
09:08:33 AM: Debug: Adding duplicate image handler for 'XPM file'
09:08:33 AM: Debug: Adding duplicate image handler for 'PNG file'
09:08:33 AM: Debug: Adding duplicate image handler for 'JPEG file'
09:08:33 AM: Debug: Adding duplicate image handler for 'TIFF file'
09:08:33 AM: Debug: Adding duplicate image handler for 'GIF file'
09:08:33 AM: Debug: Adding duplicate image handler for 'PNM file'
09:08:33 AM: Debug: Adding duplicate image handler for 'PCX file'
09:08:33 AM: Debug: Adding duplicate image handler for 'IFF file'
09:08:33 AM: Debug: Adding duplicate image handler for 'Windows icon file'
09:08:33 AM: Debug: Adding duplicate image handler for 'Windows cursor file'
09:08:33 AM: Debug: Adding duplicate image handler for 'Windows animated cursor file'
09:08:33 AM: Debug: Adding duplicate image handler for 'TGA file'
09:08:33 AM: Debug: Adding duplicate image handler for 'XPM file'
motion components 49 foreign-net candidates 0 own-pin escapes 31 U100 exceptions 380
motion 90-degree cases 5 free-fail 0 applied 0
motion audit done
09:08:33 AM: Debug: Adding duplicate image handler for 'PNG file'
09:08:33 AM: Debug: Adding duplicate image handler for 'JPEG file'
09:08:33 AM: Debug: Adding duplicate image handler for 'TIFF file'
09:08:33 AM: Debug: Adding duplicate image handler for 'GIF file'
09:08:33 AM: Debug: Adding duplicate image handler for 'PNM file'
09:08:33 AM: Debug: Adding duplicate image handler for 'PCX file'
09:08:33 AM: Debug: Adding duplicate image handler for 'IFF file'
09:08:33 AM: Debug: Adding duplicate image handler for 'Windows icon file'
09:08:33 AM: Debug: Adding duplicate image handler for 'Windows cursor file'
09:08:33 AM: Debug: Adding duplicate image handler for 'Windows animated cursor file'
09:08:33 AM: Debug: Adding duplicate image handler for 'TGA file'
09:08:33 AM: Debug: Adding duplicate image handler for 'XPM file'
09:08:33 AM: Debug: Adding duplicate image handler for 'PNG file'
09:08:33 AM: Debug: Adding duplicate image handler for 'JPEG file'
09:08:33 AM: Debug: Adding duplicate image handler for 'TIFF file'
09:08:33 AM: Debug: Adding duplicate image handler for 'GIF file'
09:08:33 AM: Debug: Adding duplicate image handler for 'PNM file'
09:08:33 AM: Debug: Adding duplicate image handler for 'PCX file'
09:08:33 AM: Debug: Adding duplicate image handler for 'IFF file'
09:08:33 AM: Debug: Adding duplicate image handler for 'Windows icon file'
09:08:33 AM: Debug: Adding duplicate image handler for 'Windows cursor file'
09:08:33 AM: Debug: Adding duplicate image handler for 'Windows animated cursor file'
09:08:33 AM: Debug: Adding duplicate image handler for 'TGA file'
09:08:33 AM: Debug: Adding duplicate image handler for 'XPM file'
09:08:34 AM: Debug: Adding duplicate image handler for 'PNG file'
09:08:34 AM: Debug: Adding duplicate image handler for 'JPEG file'
09:08:34 AM: Debug: Adding duplicate image handler for 'TIFF file'
09:08:34 AM: Debug: Adding duplicate image handler for 'GIF file'
09:08:34 AM: Debug: Adding duplicate image handler for 'PNM file'
09:08:34 AM: Debug: Adding duplicate image handler for 'PCX file'
09:08:34 AM: Debug: Adding duplicate image handler for 'IFF file'
09:08:34 AM: Debug: Adding duplicate image handler for 'Windows icon file'
09:08:34 AM: Debug: Adding duplicate image handler for 'Windows cursor file'
09:08:34 AM: Debug: Adding duplicate image handler for 'Windows animated cursor file'
09:08:34 AM: Debug: Adding duplicate image handler for 'TGA file'
09:08:34 AM: Debug: Adding duplicate image handler for 'XPM file'
09:08:34 AM: Debug: Adding duplicate image handler for 'PNG file'
09:08:34 AM: Debug: Adding duplicate image handler for 'JPEG file'
09:08:34 AM: Debug: Adding duplicate image handler for 'TIFF file'
09:08:34 AM: Debug: Adding duplicate image handler for 'GIF file'
09:08:34 AM: Debug: Adding duplicate image handler for 'PNM file'
09:08:34 AM: Debug: Adding duplicate image handler for 'PCX file'
09:08:34 AM: Debug: Adding duplicate image handler for 'IFF file'
09:08:34 AM: Debug: Adding duplicate image handler for 'Windows icon file'
09:08:34 AM: Debug: Adding duplicate image handler for 'Windows cursor file'
09:08:34 AM: Debug: Adding duplicate image handler for 'Windows animated cursor file'
09:08:34 AM: Debug: Adding duplicate image handler for 'TGA file'
09:08:34 AM: Debug: Adding duplicate image handler for 'XPM file'
09:08:34 AM: Debug: Adding duplicate image handler for 'PNG file'
09:08:34 AM: Debug: Adding duplicate image handler for 'JPEG file'
09:08:34 AM: Debug: Adding duplicate image handler for 'TIFF file'
09:08:34 AM: Debug: Adding duplicate image handler for 'GIF file'
09:08:34 AM: Debug: Adding duplicate image handler for 'PNM file'
09:08:34 AM: Debug: Adding duplicate image handler for 'PCX file'
09:08:34 AM: Debug: Adding duplicate image handler for 'IFF file'
09:08:34 AM: Debug: Adding duplicate image handler for 'Windows icon file'
09:08:34 AM: Debug: Adding duplicate image handler for 'Windows cursor file'
09:08:34 AM: Debug: Adding duplicate image handler for 'Windows animated cursor file'
09:08:34 AM: Debug: Adding duplicate image handler for 'TGA file'
09:08:34 AM: Debug: Adding duplicate image handler for 'XPM file'
09:08:34 AM: Debug: Adding duplicate image handler for 'PNG file'
09:08:34 AM: Debug: Adding duplicate image handler for 'JPEG file'
09:08:34 AM: Debug: Adding duplicate image handler for 'TIFF file'
09:08:34 AM: Debug: Adding duplicate image handler for 'GIF file'
09:08:34 AM: Debug: Adding duplicate image handler for 'PNM file'
09:08:34 AM: Debug: Adding duplicate image handler for 'PCX file'
09:08:34 AM: Debug: Adding duplicate image handler for 'IFF file'
09:08:34 AM: Debug: Adding duplicate image handler for 'Windows icon file'
09:08:34 AM: Debug: Adding duplicate image handler for 'Windows cursor file'
09:08:34 AM: Debug: Adding duplicate image handler for 'Windows animated cursor file'
09:08:34 AM: Debug: Adding duplicate image handler for 'TGA file'
09:08:34 AM: Debug: Adding duplicate image handler for 'XPM file'
power components 104 foreign-net candidates 0 own-pin escapes 78 U100 exceptions 0
power 90-degree cases 8 free-fail 0 applied 0
PASS
[]
power audit done
09:08:34 AM: Debug: Adding duplicate image handler for 'PNG file'
09:08:34 AM: Debug: Adding duplicate image handler for 'JPEG file'
09:08:34 AM: Debug: Adding duplicate image handler for 'TIFF file'
09:08:34 AM: Debug: Adding duplicate image handler for 'GIF file'
09:08:34 AM: Debug: Adding duplicate image handler for 'PNM file'
09:08:34 AM: Debug: Adding duplicate image handler for 'PCX file'
09:08:34 AM: Debug: Adding duplicate image handler for 'IFF file'
09:08:34 AM: Debug: Adding duplicate image handler for 'Windows icon file'
09:08:34 AM: Debug: Adding duplicate image handler for 'Windows cursor file'
09:08:34 AM: Debug: Adding duplicate image handler for 'Windows animated cursor file'
09:08:34 AM: Debug: Adding duplicate image handler for 'TGA file'
09:08:34 AM: Debug: Adding duplicate image handler for 'XPM file'
09:08:34 AM: Debug: Adding duplicate image handler for 'PNG file'
09:08:34 AM: Debug: Adding duplicate image handler for 'JPEG file'
09:08:34 AM: Debug: Adding duplicate image handler for 'TIFF file'
09:08:34 AM: Debug: Adding duplicate image handler for 'GIF file'
09:08:34 AM: Debug: Adding duplicate image handler for 'PNM file'
09:08:34 AM: Debug: Adding duplicate image handler for 'PCX file'
09:08:34 AM: Debug: Adding duplicate image handler for 'IFF file'
09:08:34 AM: Debug: Adding duplicate image handler for 'Windows icon file'
09:08:34 AM: Debug: Adding duplicate image handler for 'Windows cursor file'
09:08:34 AM: Debug: Adding duplicate image handler for 'Windows animated cursor file'
09:08:34 AM: Debug: Adding duplicate image handler for 'TGA file'
09:08:34 AM: Debug: Adding duplicate image handler for 'XPM file'
09:08:35 AM: Debug: Adding duplicate image handler for 'PNG file'
09:08:35 AM: Debug: Adding duplicate image handler for 'JPEG file'
09:08:35 AM: Debug: Adding duplicate image handler for 'TIFF file'
09:08:35 AM: Debug: Adding duplicate image handler for 'GIF file'
09:08:35 AM: Debug: Adding duplicate image handler for 'PNM file'
09:08:35 AM: Debug: Adding duplicate image handler for 'PCX file'
09:08:35 AM: Debug: Adding duplicate image handler for 'IFF file'
09:08:35 AM: Debug: Adding duplicate image handler for 'Windows icon file'
09:08:35 AM: Debug: Adding duplicate image handler for 'Windows cursor file'
09:08:35 AM: Debug: Adding duplicate image handler for 'Windows animated cursor file'
09:08:35 AM: Debug: Adding duplicate image handler for 'TGA file'
09:08:35 AM: Debug: Adding duplicate image handler for 'XPM file'
09:08:35 AM: Debug: Adding duplicate image handler for 'PNG file'
09:08:35 AM: Debug: Adding duplicate image handler for 'JPEG file'
09:08:35 AM: Debug: Adding duplicate image handler for 'TIFF file'
09:08:35 AM: Debug: Adding duplicate image handler for 'GIF file'
09:08:35 AM: Debug: Adding duplicate image handler for 'PNM file'
09:08:35 AM: Debug: Adding duplicate image handler for 'PCX file'
09:08:35 AM: Debug: Adding duplicate image handler for 'IFF file'
09:08:35 AM: Debug: Adding duplicate image handler for 'Windows icon file'
09:08:35 AM: Debug: Adding duplicate image handler for 'Windows cursor file'
09:08:35 AM: Debug: Adding duplicate image handler for 'Windows animated cursor file'
09:08:35 AM: Debug: Adding duplicate image handler for 'TGA file'
09:08:35 AM: Debug: Adding duplicate image handler for 'XPM file'
09:08:35 AM: Debug: Adding duplicate image handler for 'PNG file'
09:08:35 AM: Debug: Adding duplicate image handler for 'JPEG file'
09:08:35 AM: Debug: Adding duplicate image handler for 'TIFF file'
09:08:35 AM: Debug: Adding duplicate image handler for 'GIF file'
09:08:35 AM: Debug: Adding duplicate image handler for 'PNM file'
09:08:35 AM: Debug: Adding duplicate image handler for 'PCX file'
09:08:35 AM: Debug: Adding duplicate image handler for 'IFF file'
09:08:35 AM: Debug: Adding duplicate image handler for 'Windows icon file'
09:08:35 AM: Debug: Adding duplicate image handler for 'Windows cursor file'
09:08:35 AM: Debug: Adding duplicate image handler for 'Windows animated cursor file'
09:08:35 AM: Debug: Adding duplicate image handler for 'TGA file'
09:08:35 AM: Debug: Adding duplicate image handler for 'XPM file'
rear components 9 foreign-net candidates 0 own-pin escapes 18 U100 exceptions 0
rear 90-degree cases 1 free-fail 1 applied 0
rear audit done
