./src/common/stdpbase.cpp(59): assert ""traits"" failed in Get(): create wxApp before calling this
motion before {'segments': 455, 'vias': 96, 'nets_with_tracks': 45, 'length_mm': 1196.7029540839692, 'flags': {'OFFSET_ENDPOINTS': 31, 'SHORT_SEGMENT': 12, 'NON_45': 1}}
09:15:37 AM: Debug: Adding duplicate image handler for 'PNG file'
09:15:37 AM: Debug: Adding duplicate image handler for 'JPEG file'
09:15:37 AM: Debug: Adding duplicate image handler for 'TIFF file'
09:15:37 AM: Debug: Adding duplicate image handler for 'GIF file'
09:15:37 AM: Debug: Adding duplicate image handler for 'PNM file'
09:15:37 AM: Debug: Adding duplicate image handler for 'PCX file'
09:15:37 AM: Debug: Adding duplicate image handler for 'IFF file'
09:15:37 AM: Debug: Adding duplicate image handler for 'Windows icon file'
09:15:37 AM: Debug: Adding duplicate image handler for 'Windows cursor file'
09:15:37 AM: Debug: Adding duplicate image handler for 'Windows animated cursor file'
09:15:37 AM: Debug: Adding duplicate image handler for 'TGA file'
09:15:37 AM: Debug: Adding duplicate image handler for 'XPM file'
motion after {'segments': 455, 'vias': 96, 'nets_with_tracks': 45, 'length_mm': 1196.7029540839692, 'flags': {'OFFSET_ENDPOINTS': 31, 'SHORT_SEGMENT': 12, 'NON_45': 1}}
09:15:37 AM: Debug: Adding duplicate image handler for 'PNG file'
09:15:37 AM: Debug: Adding duplicate image handler for 'JPEG file'
09:15:37 AM: Debug: Adding duplicate image handler for 'TIFF file'
09:15:37 AM: Debug: Adding duplicate image handler for 'GIF file'
09:15:37 AM: Debug: Adding duplicate image handler for 'PNM file'
09:15:37 AM: Debug: Adding duplicate image handler for 'PCX file'
09:15:37 AM: Debug: Adding duplicate image handler for 'IFF file'
09:15:37 AM: Debug: Adding duplicate image handler for 'Windows icon file'
09:15:37 AM: Debug: Adding duplicate image handler for 'Windows cursor file'
09:15:37 AM: Debug: Adding duplicate image handler for 'Windows animated cursor file'
09:15:37 AM: Debug: Adding duplicate image handler for 'TGA file'
09:15:37 AM: Debug: Adding duplicate image handler for 'XPM file'
09:15:37 AM: Debug: Adding duplicate image handler for 'PNG file'
09:15:37 AM: Debug: Adding duplicate image handler for 'JPEG file'
09:15:37 AM: Debug: Adding duplicate image handler for 'TIFF file'
09:15:37 AM: Debug: Adding duplicate image handler for 'GIF file'
09:15:37 AM: Debug: Adding duplicate image handler for 'PNM file'
09:15:37 AM: Debug: Adding duplicate image handler for 'PCX file'
09:15:37 AM: Debug: Adding duplicate image handler for 'IFF file'
09:15:37 AM: Debug: Adding duplicate image handler for 'Windows icon file'
09:15:37 AM: Debug: Adding duplicate image handler for 'Windows cursor file'
09:15:37 AM: Debug: Adding duplicate image handler for 'Windows animated cursor file'
09:15:37 AM: Debug: Adding duplicate image handler for 'TGA file'
09:15:37 AM: Debug: Adding duplicate image handler for 'XPM file'
09:15:37 AM: Debug: Adding duplicate image handler for 'PNG file'
09:15:37 AM: Debug: Adding duplicate image handler for 'JPEG file'
09:15:37 AM: Debug: Adding duplicate image handler for 'TIFF file'
09:15:37 AM: Debug: Adding duplicate image handler for 'GIF file'
09:15:37 AM: Debug: Adding duplicate image handler for 'PNM file'
09:15:37 AM: Debug: Adding duplicate image handler for 'PCX file'
09:15:37 AM: Debug: Adding duplicate image handler for 'IFF file'
09:15:37 AM: Debug: Adding duplicate image handler for 'Windows icon file'
09:15:37 AM: Debug: Adding duplicate image handler for 'Windows cursor file'
09:15:37 AM: Debug: Adding duplicate image handler for 'Windows animated cursor file'
09:15:37 AM: Debug: Adding duplicate image handler for 'TGA file'
09:15:37 AM: Debug: Adding duplicate image handler for 'XPM file'
power before {'segments': 878, 'vias': 154, 'nets_with_tracks': 53, 'length_mm': 1888.927023579828, 'flags': {'SHORT_SEGMENT': 36, 'OFFSET_ENDPOINTS': 88, 'OVERLAP_PARALLEL': 4, 'NON_45': 15, 'FOLDBACK': 7}}
09:15:37 AM: Debug: Adding duplicate image handler for 'PNG file'
09:15:37 AM: Debug: Adding duplicate image handler for 'JPEG file'
09:15:37 AM: Debug: Adding duplicate image handler for 'TIFF file'
09:15:37 AM: Debug: Adding duplicate image handler for 'GIF file'
09:15:37 AM: Debug: Adding duplicate image handler for 'PNM file'
09:15:37 AM: Debug: Adding duplicate image handler for 'PCX file'
09:15:37 AM: Debug: Adding duplicate image handler for 'IFF file'
09:15:37 AM: Debug: Adding duplicate image handler for 'Windows icon file'
09:15:37 AM: Debug: Adding duplicate image handler for 'Windows cursor file'
09:15:37 AM: Debug: Adding duplicate image handler for 'Windows animated cursor file'
09:15:37 AM: Debug: Adding duplicate image handler for 'TGA file'
09:15:37 AM: Debug: Adding duplicate image handler for 'XPM file'
power after {'segments': 884, 'vias': 158, 'nets_with_tracks': 53, 'length_mm': 1887.3939817102914, 'flags': {'SHORT_SEGMENT': 36, 'OFFSET_ENDPOINTS': 88, 'OVERLAP_PARALLEL': 8, 'NON_45': 15, 'FOLDBACK': 9}}
09:15:37 AM: Debug: Adding duplicate image handler for 'PNG file'
09:15:37 AM: Debug: Adding duplicate image handler for 'JPEG file'
09:15:37 AM: Debug: Adding duplicate image handler for 'TIFF file'
09:15:37 AM: Debug: Adding duplicate image handler for 'GIF file'
09:15:37 AM: Debug: Adding duplicate image handler for 'PNM file'
09:15:37 AM: Debug: Adding duplicate image handler for 'PCX file'
09:15:37 AM: Debug: Adding duplicate image handler for 'IFF file'
09:15:37 AM: Debug: Adding duplicate image handler for 'Windows icon file'
09:15:37 AM: Debug: Adding duplicate image handler for 'Windows cursor file'
09:15:37 AM: Debug: Adding duplicate image handler for 'Windows animated cursor file'
09:15:37 AM: Debug: Adding duplicate image handler for 'TGA file'
09:15:37 AM: Debug: Adding duplicate image handler for 'XPM file'
09:15:38 AM: Debug: Adding duplicate image handler for 'PNG file'
09:15:38 AM: Debug: Adding duplicate image handler for 'JPEG file'
09:15:38 AM: Debug: Adding duplicate image handler for 'TIFF file'
09:15:38 AM: Debug: Adding duplicate image handler for 'GIF file'
09:15:38 AM: Debug: Adding duplicate image handler for 'PNM file'
09:15:38 AM: Debug: Adding duplicate image handler for 'PCX file'
09:15:38 AM: Debug: Adding duplicate image handler for 'IFF file'
09:15:38 AM: Debug: Adding duplicate image handler for 'Windows icon file'
09:15:38 AM: Debug: Adding duplicate image handler for 'Windows cursor file'
09:15:38 AM: Debug: Adding duplicate image handler for 'Windows animated cursor file'
09:15:38 AM: Debug: Adding duplicate image handler for 'TGA file'
09:15:38 AM: Debug: Adding duplicate image handler for 'XPM file'
09:15:38 AM: Debug: Adding duplicate image handler for 'PNG file'
09:15:38 AM: Debug: Adding duplicate image handler for 'JPEG file'
09:15:38 AM: Debug: Adding duplicate image handler for 'TIFF file'
09:15:38 AM: Debug: Adding duplicate image handler for 'GIF file'
09:15:38 AM: Debug: Adding duplicate image handler for 'PNM file'
09:15:38 AM: Debug: Adding duplicate image handler for 'PCX file'
09:15:38 AM: Debug: Adding duplicate image handler for 'IFF file'
09:15:38 AM: Debug: Adding duplicate image handler for 'Windows icon file'
09:15:38 AM: Debug: Adding duplicate image handler for 'Windows cursor file'
09:15:38 AM: Debug: Adding duplicate image handler for 'Windows animated cursor file'
09:15:38 AM: Debug: Adding duplicate image handler for 'TGA file'
09:15:38 AM: Debug: Adding duplicate image handler for 'XPM file'
rear before {'segments': 86, 'vias': 16, 'nets_with_tracks': 8, 'length_mm': 176.02119936874888, 'flags': {'SHORT_SEGMENT': 3, 'OFFSET_ENDPOINTS': 3}}
09:15:38 AM: Debug: Adding duplicate image handler for 'PNG file'
09:15:38 AM: Debug: Adding duplicate image handler for 'JPEG file'
09:15:38 AM: Debug: Adding duplicate image handler for 'TIFF file'
09:15:38 AM: Debug: Adding duplicate image handler for 'GIF file'
09:15:38 AM: Debug: Adding duplicate image handler for 'PNM file'
09:15:38 AM: Debug: Adding duplicate image handler for 'PCX file'
09:15:38 AM: Debug: Adding duplicate image handler for 'IFF file'
09:15:38 AM: Debug: Adding duplicate image handler for 'Windows icon file'
09:15:38 AM: Debug: Adding duplicate image handler for 'Windows cursor file'
09:15:38 AM: Debug: Adding duplicate image handler for 'Windows animated cursor file'
09:15:38 AM: Debug: Adding duplicate image handler for 'TGA file'
09:15:38 AM: Debug: Adding duplicate image handler for 'XPM file'
rear after {'segments': 86, 'vias': 16, 'nets_with_tracks': 8, 'length_mm': 176.02119936874888, 'flags': {'SHORT_SEGMENT': 3, 'OFFSET_ENDPOINTS': 3}}
09:15:38 AM: Debug: Adding duplicate image handler for 'PNG file'
09:15:38 AM: Debug: Adding duplicate image handler for 'JPEG file'
09:15:38 AM: Debug: Adding duplicate image handler for 'TIFF file'
09:15:38 AM: Debug: Adding duplicate image handler for 'GIF file'
09:15:38 AM: Debug: Adding duplicate image handler for 'PNM file'
09:15:38 AM: Debug: Adding duplicate image handler for 'PCX file'
09:15:38 AM: Debug: Adding duplicate image handler for 'IFF file'
09:15:38 AM: Debug: Adding duplicate image handler for 'Windows icon file'
09:15:38 AM: Debug: Adding duplicate image handler for 'Windows cursor file'
09:15:38 AM: Debug: Adding duplicate image handler for 'Windows animated cursor file'
09:15:38 AM: Debug: Adding duplicate image handler for 'TGA file'
09:15:38 AM: Debug: Adding duplicate image handler for 'XPM file'
09:15:38 AM: Debug: Adding duplicate image handler for 'PNG file'
09:15:38 AM: Debug: Adding duplicate image handler for 'JPEG file'
09:15:38 AM: Debug: Adding duplicate image handler for 'TIFF file'
09:15:38 AM: Debug: Adding duplicate image handler for 'GIF file'
09:15:38 AM: Debug: Adding duplicate image handler for 'PNM file'
09:15:38 AM: Debug: Adding duplicate image handler for 'PCX file'
09:15:38 AM: Debug: Adding duplicate image handler for 'IFF file'
09:15:38 AM: Debug: Adding duplicate image handler for 'Windows icon file'
09:15:38 AM: Debug: Adding duplicate image handler for 'Windows cursor file'
09:15:38 AM: Debug: Adding duplicate image handler for 'Windows animated cursor file'
09:15:38 AM: Debug: Adding duplicate image handler for 'TGA file'
09:15:38 AM: Debug: Adding duplicate image handler for 'XPM file'
09:15:38 AM: Debug: Adding duplicate image handler for 'PNG file'
09:15:38 AM: Debug: Adding duplicate image handler for 'JPEG file'
09:15:38 AM: Debug: Adding duplicate image handler for 'TIFF file'
09:15:38 AM: Debug: Adding duplicate image handler for 'GIF file'
09:15:38 AM: Debug: Adding duplicate image handler for 'PNM file'
09:15:38 AM: Debug: Adding duplicate image handler for 'PCX file'
09:15:38 AM: Debug: Adding duplicate image handler for 'IFF file'
09:15:38 AM: Debug: Adding duplicate image handler for 'Windows icon file'
09:15:38 AM: Debug: Adding duplicate image handler for 'Windows cursor file'
09:15:38 AM: Debug: Adding duplicate image handler for 'Windows animated cursor file'
09:15:38 AM: Debug: Adding duplicate image handler for 'TGA file'
09:15:38 AM: Debug: Adding duplicate image handler for 'XPM file'
09:15:38 AM: Debug: Adding duplicate image handler for 'PNG file'
09:15:38 AM: Debug: Adding duplicate image handler for 'JPEG file'
09:15:38 AM: Debug: Adding duplicate image handler for 'TIFF file'
09:15:38 AM: Debug: Adding duplicate image handler for 'GIF file'
09:15:38 AM: Debug: Adding duplicate image handler for 'PNM file'
09:15:38 AM: Debug: Adding duplicate image handler for 'PCX file'
09:15:38 AM: Debug: Adding duplicate image handler for 'IFF file'
09:15:38 AM: Debug: Adding duplicate image handler for 'Windows icon file'
09:15:38 AM: Debug: Adding duplicate image handler for 'Windows cursor file'
09:15:38 AM: Debug: Adding duplicate image handler for 'Windows animated cursor file'
09:15:38 AM: Debug: Adding duplicate image handler for 'TGA file'
09:15:38 AM: Debug: Adding duplicate image handler for 'XPM file'
09:15:38 AM: Debug: Adding duplicate image handler for 'PNG file'
09:15:38 AM: Debug: Adding duplicate image handler for 'JPEG file'
09:15:38 AM: Debug: Adding duplicate image handler for 'TIFF file'
09:15:38 AM: Debug: Adding duplicate image handler for 'GIF file'
09:15:38 AM: Debug: Adding duplicate image handler for 'PNM file'
09:15:38 AM: Debug: Adding duplicate image handler for 'PCX file'
09:15:38 AM: Debug: Adding duplicate image handler for 'IFF file'
09:15:38 AM: Debug: Adding duplicate image handler for 'Windows icon file'
09:15:38 AM: Debug: Adding duplicate image handler for 'Windows cursor file'
09:15:38 AM: Debug: Adding duplicate image handler for 'Windows animated cursor file'
09:15:38 AM: Debug: Adding duplicate image handler for 'TGA file'
09:15:38 AM: Debug: Adding duplicate image handler for 'XPM file'
09:15:39 AM: Debug: Adding duplicate image handler for 'PNG file'
09:15:39 AM: Debug: Adding duplicate image handler for 'JPEG file'
09:15:39 AM: Debug: Adding duplicate image handler for 'TIFF file'
09:15:39 AM: Debug: Adding duplicate image handler for 'GIF file'
09:15:39 AM: Debug: Adding duplicate image handler for 'PNM file'
09:15:39 AM: Debug: Adding duplicate image handler for 'PCX file'
09:15:39 AM: Debug: Adding duplicate image handler for 'IFF file'
09:15:39 AM: Debug: Adding duplicate image handler for 'Windows icon file'
09:15:39 AM: Debug: Adding duplicate image handler for 'Windows cursor file'
09:15:39 AM: Debug: Adding duplicate image handler for 'Windows animated cursor file'
09:15:39 AM: Debug: Adding duplicate image handler for 'TGA file'
09:15:39 AM: Debug: Adding duplicate image handler for 'XPM file'
09:15:39 AM: Debug: Adding duplicate image handler for 'PNG file'
09:15:39 AM: Debug: Adding duplicate image handler for 'JPEG file'
09:15:39 AM: Debug: Adding duplicate image handler for 'TIFF file'
09:15:39 AM: Debug: Adding duplicate image handler for 'GIF file'
09:15:39 AM: Debug: Adding duplicate image handler for 'PNM file'
09:15:39 AM: Debug: Adding duplicate image handler for 'PCX file'
09:15:39 AM: Debug: Adding duplicate image handler for 'IFF file'
09:15:39 AM: Debug: Adding duplicate image handler for 'Windows icon file'
09:15:39 AM: Debug: Adding duplicate image handler for 'Windows cursor file'
09:15:39 AM: Debug: Adding duplicate image handler for 'Windows animated cursor file'
09:15:39 AM: Debug: Adding duplicate image handler for 'TGA file'
09:15:39 AM: Debug: Adding duplicate image handler for 'XPM file'
09:15:39 AM: Debug: Adding duplicate image handler for 'PNG file'
09:15:39 AM: Debug: Adding duplicate image handler for 'JPEG file'
09:15:39 AM: Debug: Adding duplicate image handler for 'TIFF file'
09:15:39 AM: Debug: Adding duplicate image handler for 'GIF file'
09:15:39 AM: Debug: Adding duplicate image handler for 'PNM file'
09:15:39 AM: Debug: Adding duplicate image handler for 'PCX file'
09:15:39 AM: Debug: Adding duplicate image handler for 'IFF file'
09:15:39 AM: Debug: Adding duplicate image handler for 'Windows icon file'
09:15:39 AM: Debug: Adding duplicate image handler for 'Windows cursor file'
09:15:39 AM: Debug: Adding duplicate image handler for 'Windows animated cursor file'
09:15:39 AM: Debug: Adding duplicate image handler for 'TGA file'
09:15:39 AM: Debug: Adding duplicate image handler for 'XPM file'
09:15:39 AM: Debug: Adding duplicate image handler for 'PNG file'
09:15:39 AM: Debug: Adding duplicate image handler for 'JPEG file'
09:15:39 AM: Debug: Adding duplicate image handler for 'TIFF file'
09:15:39 AM: Debug: Adding duplicate image handler for 'GIF file'
09:15:39 AM: Debug: Adding duplicate image handler for 'PNM file'
09:15:39 AM: Debug: Adding duplicate image handler for 'PCX file'
09:15:39 AM: Debug: Adding duplicate image handler for 'IFF file'
09:15:39 AM: Debug: Adding duplicate image handler for 'Windows icon file'
09:15:39 AM: Debug: Adding duplicate image handler for 'Windows cursor file'
09:15:39 AM: Debug: Adding duplicate image handler for 'Windows animated cursor file'
09:15:39 AM: Debug: Adding duplicate image handler for 'TGA file'
09:15:39 AM: Debug: Adding duplicate image handler for 'XPM file'
09:15:39 AM: Debug: Adding duplicate image handler for 'PNG file'
09:15:39 AM: Debug: Adding duplicate image handler for 'JPEG file'
09:15:39 AM: Debug: Adding duplicate image handler for 'TIFF file'
09:15:39 AM: Debug: Adding duplicate image handler for 'GIF file'
09:15:39 AM: Debug: Adding duplicate image handler for 'PNM file'
09:15:39 AM: Debug: Adding duplicate image handler for 'PCX file'
09:15:39 AM: Debug: Adding duplicate image handler for 'IFF file'
09:15:39 AM: Debug: Adding duplicate image handler for 'Windows icon file'
09:15:39 AM: Debug: Adding duplicate image handler for 'Windows cursor file'
09:15:39 AM: Debug: Adding duplicate image handler for 'Windows animated cursor file'
09:15:39 AM: Debug: Adding duplicate image handler for 'TGA file'
09:15:39 AM: Debug: Adding duplicate image handler for 'XPM file'
09:15:40 AM: Debug: Adding duplicate image handler for 'PNG file'
09:15:40 AM: Debug: Adding duplicate image handler for 'JPEG file'
09:15:40 AM: Debug: Adding duplicate image handler for 'TIFF file'
09:15:40 AM: Debug: Adding duplicate image handler for 'GIF file'
09:15:40 AM: Debug: Adding duplicate image handler for 'PNM file'
09:15:40 AM: Debug: Adding duplicate image handler for 'PCX file'
09:15:40 AM: Debug: Adding duplicate image handler for 'IFF file'
09:15:40 AM: Debug: Adding duplicate image handler for 'Windows icon file'
09:15:40 AM: Debug: Adding duplicate image handler for 'Windows cursor file'
09:15:40 AM: Debug: Adding duplicate image handler for 'Windows animated cursor file'
09:15:40 AM: Debug: Adding duplicate image handler for 'TGA file'
09:15:40 AM: Debug: Adding duplicate image handler for 'XPM file'
09:15:40 AM: Debug: Adding duplicate image handler for 'PNG file'
09:15:40 AM: Debug: Adding duplicate image handler for 'JPEG file'
09:15:40 AM: Debug: Adding duplicate image handler for 'TIFF file'
09:15:40 AM: Debug: Adding duplicate image handler for 'GIF file'
09:15:40 AM: Debug: Adding duplicate image handler for 'PNM file'
09:15:40 AM: Debug: Adding duplicate image handler for 'PCX file'
09:15:40 AM: Debug: Adding duplicate image handler for 'IFF file'
09:15:40 AM: Debug: Adding duplicate image handler for 'Windows icon file'
09:15:40 AM: Debug: Adding duplicate image handler for 'Windows cursor file'
09:15:40 AM: Debug: Adding duplicate image handler for 'Windows animated cursor file'
09:15:40 AM: Debug: Adding duplicate image handler for 'TGA file'
09:15:40 AM: Debug: Adding duplicate image handler for 'XPM file'
09:15:42 AM: Debug: Adding duplicate image handler for 'PNG file'
09:15:42 AM: Debug: Adding duplicate image handler for 'JPEG file'
09:15:42 AM: Debug: Adding duplicate image handler for 'TIFF file'
09:15:42 AM: Debug: Adding duplicate image handler for 'GIF file'
09:15:42 AM: Debug: Adding duplicate image handler for 'PNM file'
09:15:42 AM: Debug: Adding duplicate image handler for 'PCX file'
09:15:42 AM: Debug: Adding duplicate image handler for 'IFF file'
09:15:42 AM: Debug: Adding duplicate image handler for 'Windows icon file'
09:15:42 AM: Debug: Adding duplicate image handler for 'Windows cursor file'
09:15:42 AM: Debug: Adding duplicate image handler for 'Windows animated cursor file'
09:15:42 AM: Debug: Adding duplicate image handler for 'TGA file'
09:15:42 AM: Debug: Adding duplicate image handler for 'XPM file'
09:15:42 AM: Debug: Adding duplicate image handler for 'PNG file'
09:15:42 AM: Debug: Adding duplicate image handler for 'JPEG file'
09:15:42 AM: Debug: Adding duplicate image handler for 'TIFF file'
09:15:42 AM: Debug: Adding duplicate image handler for 'GIF file'
09:15:42 AM: Debug: Adding duplicate image handler for 'PNM file'
09:15:42 AM: Debug: Adding duplicate image handler for 'PCX file'
09:15:42 AM: Debug: Adding duplicate image handler for 'IFF file'
09:15:42 AM: Debug: Adding duplicate image handler for 'Windows icon file'
09:15:42 AM: Debug: Adding duplicate image handler for 'Windows cursor file'
09:15:42 AM: Debug: Adding duplicate image handler for 'Windows animated cursor file'
09:15:42 AM: Debug: Adding duplicate image handler for 'TGA file'
09:15:42 AM: Debug: Adding duplicate image handler for 'XPM file'
09:15:42 AM: Debug: Adding duplicate image handler for 'PNG file'
09:15:42 AM: Debug: Adding duplicate image handler for 'JPEG file'
09:15:42 AM: Debug: Adding duplicate image handler for 'TIFF file'
09:15:42 AM: Debug: Adding duplicate image handler for 'GIF file'
09:15:42 AM: Debug: Adding duplicate image handler for 'PNM file'
09:15:42 AM: Debug: Adding duplicate image handler for 'PCX file'
09:15:42 AM: Debug: Adding duplicate image handler for 'IFF file'
09:15:42 AM: Debug: Adding duplicate image handler for 'Windows icon file'
09:15:42 AM: Debug: Adding duplicate image handler for 'Windows cursor file'
09:15:42 AM: Debug: Adding duplicate image handler for 'Windows animated cursor file'
09:15:42 AM: Debug: Adding duplicate image handler for 'TGA file'
09:15:42 AM: Debug: Adding duplicate image handler for 'XPM file'
Read-only copper, four-board interfaces and DC sensitivity evidence written.
