./src/common/stdpbase.cpp(59): assert ""traits"" failed in Get(): create wxApp before calling this
09:15:42 AM: Debug: Adding duplicate image handler for 'PNG file'
09:15:42 AM: Debug: Adding duplicate image handler for 'JPEG file'
09:15:42 AM: Debug: Adding duplicate image handler for 'TIFF file'
09:15:42 AM: Debug: Adding duplicate image handler for 'GIF file'
09:15:42 AM: Debug: Adding duplicate image handler for 'PNM file'
09:15:42 AM: Debug: Adding duplicate image handler for 'PCX file'
09:15:42 AM: Debug: Adding duplicate image handler for 'IFF file'
09:15:42 AM: Debug: Adding duplicate image handler for 'Windows icon file'
09:15:42 AM: Debug: Adding duplicate image handler for 'Windows cursor file'
09:15:42 AM: Debug: Adding duplicate image handler for 'Windows animated cursor file'
09:15:42 AM: Debug: Adding duplicate image handler for 'TGA file'
09:15:42 AM: Debug: Adding duplicate image handler for 'XPM file'
09:15:42 AM: Debug: Adding duplicate image handler for 'PNG file'
09:15:42 AM: Debug: Adding duplicate image handler for 'JPEG file'
09:15:42 AM: Debug: Adding duplicate image handler for 'TIFF file'
09:15:42 AM: Debug: Adding duplicate image handler for 'GIF file'
09:15:42 AM: Debug: Adding duplicate image handler for 'PNM file'
09:15:42 AM: Debug: Adding duplicate image handler for 'PCX file'
09:15:42 AM: Debug: Adding duplicate image handler for 'IFF file'
09:15:42 AM: Debug: Adding duplicate image handler for 'Windows icon file'
09:15:42 AM: Debug: Adding duplicate image handler for 'Windows cursor file'
09:15:42 AM: Debug: Adding duplicate image handler for 'Windows animated cursor file'
09:15:42 AM: Debug: Adding duplicate image handler for 'TGA file'
09:15:42 AM: Debug: Adding duplicate image handler for 'XPM file'
[
  {
    "IC": "U60",
    "bootstrap_capacitor": "C62",
    "before": {
      "BOOT": 1.6750000000000007,
      "SW": 11.532107659866558,
      "trace_sum_mm": 13.207107659866558
    },
    "after": {
      "BOOT": 2.25,
      "SW": 6.498528137423858,
      "trace_sum_mm": 8.748528137423857
    }
  },
  {
    "IC": "U70",
    "bootstrap_capacitor": "C72",
    "before": {
      "BOOT": 2.174999999999997,
      "SW": 12.032107366972987,
      "trace_sum_mm": 14.207107366972984
    },
    "after": {
      "BOOT": 2.4499999999999957,
      "SW": 7.225000000000001,
      "trace_sum_mm": 9.674999999999997
    }
  }
]
