2026-09-22 11:43:36.906 INFO   Freerouting v2.4.1 (build-date: 2026-09-03)
2026-09-22 11:43:38.340 INFO   [F618E0\E2072B] Loading board file 'MORI_power_P1.dsn'...
2026-09-22 11:43:38.394 INFO   [F618E0\E2072B] Job 'F618E0\E2072B' started at 2026-09-22T03:43:38.394213Z.
2026-09-22 11:43:38.434 INFO   [F618E0\E2072B] Auto-routing stage started on board 'b1fe94a15999feb47bf1a09a0c27a811' for 153 unrouted items.
2026-09-22 11:43:40.259 INFO   [F618E0\E2072B] Auto-routing pass #1 on board 'b1fe94a15999feb47bf1a09a0c27a811' was completed in 1.80 seconds with score 816.99 (28 unrouted and 0 violations), using 0.97 CPU seconds and the job allocated 9.00 GB of memory so far.
2026-09-22 11:43:41.320 INFO   [F618E0\E2072B] Auto-routing pass #2 on board '30d5eba819f7cf10f4811035f633e387' was completed in 1.03 seconds with score 901.95 (15 unrouted and 0 violations), using 1.94 CPU seconds and the job allocated 23.82 GB of memory so far.
2026-09-22 11:43:42.345 INFO   [F618E0\E2072B] Auto-routing pass #3 on board 'daa1cf047356e51c7edda61b6f50d360' was completed in 0.99 seconds with score 980.38 (3 unrouted and 0 violations), using 2.90 CPU seconds and the job allocated 38.62 GB of memory so far.
2026-09-22 11:43:42.556 INFO   [F618E0\E2072B] Auto-routing pass #4 on board '339f2adf477f889dab80da72e6adaf2a' was completed in 0.17 seconds with score 980.38 (3 unrouted and 0 violations), using 3.87 CPU seconds and the job allocated 53.41 GB of memory so far.
2026-09-22 11:43:42.832 INFO   [F618E0\E2072B] Auto-routing pass #5 on board 'b3e5e6a19d7c5e4dc2f2e4990cb158b8' was completed in 0.24 seconds with score 993.45 (1 unrouted and 0 violations), using 3.87 CPU seconds and the job allocated 53.41 GB of memory so far.
2026-09-22 11:43:42.971 INFO   [F618E0\E2072B] Auto-routing pass #6 on board 'a13a23ad2d80749d66a6e1d38a4326de' was completed in 0.10 seconds with score 993.45 (1 unrouted and 0 violations), using 3.87 CPU seconds and the job allocated 53.41 GB of memory so far.
2026-09-22 11:43:43.085 INFO   [F618E0\E2072B] Auto-routing pass #7 on board 'a13a23ad2d80749d66a6e1d38a4326de' was completed in 0.09 seconds with score 993.45 (1 unrouted and 0 violations), using 3.87 CPU seconds and the job allocated 53.41 GB of memory so far.
2026-09-22 11:43:43.197 INFO   [F618E0\E2072B] Auto-routing pass #8 on board 'a13a23ad2d80749d66a6e1d38a4326de' was completed in 0.09 seconds with score 993.45 (1 unrouted and 0 violations), using 3.87 CPU seconds and the job allocated 53.41 GB of memory so far.
2026-09-22 11:43:43.310 INFO   [F618E0\E2072B] Auto-routing pass #9 on board 'a13a23ad2d80749d66a6e1d38a4326de' was completed in 0.09 seconds with score 993.45 (1 unrouted and 0 violations), using 3.87 CPU seconds and the job allocated 53.41 GB of memory so far.
2026-09-22 11:43:43.414 INFO   [F618E0\E2072B] Auto-routing pass #10 on board 'a13a23ad2d80749d66a6e1d38a4326de' was completed in 0.08 seconds with score 993.45 (1 unrouted and 0 violations), using 3.87 CPU seconds and the job allocated 53.41 GB of memory so far.
2026-09-22 11:43:43.516 INFO   [F618E0\E2072B] Auto-routing pass #11 on board 'a13a23ad2d80749d66a6e1d38a4326de' was completed in 0.08 seconds with score 993.45 (1 unrouted and 0 violations), using 4.83 CPU seconds and the job allocated 74.32 GB of memory so far.
2026-09-22 11:43:43.624 INFO   [F618E0\E2072B] Auto-routing pass #12 on board 'a13a23ad2d80749d66a6e1d38a4326de' was completed in 0.09 seconds with score 993.45 (1 unrouted and 0 violations), using 4.83 CPU seconds and the job allocated 74.32 GB of memory so far.
2026-09-22 11:43:43.727 INFO   [F618E0\E2072B] Auto-routing pass #13 on board 'a13a23ad2d80749d66a6e1d38a4326de' was completed in 0.08 seconds with score 993.45 (1 unrouted and 0 violations), using 4.83 CPU seconds and the job allocated 74.32 GB of memory so far.
2026-09-22 11:43:43.829 INFO   [F618E0\E2072B] Auto-routing pass #14 on board 'a13a23ad2d80749d66a6e1d38a4326de' was completed in 0.08 seconds with score 993.45 (1 unrouted and 0 violations), using 4.83 CPU seconds and the job allocated 74.32 GB of memory so far.
2026-09-22 11:43:43.937 INFO   [F618E0\E2072B] Auto-routing pass #15 on board 'a13a23ad2d80749d66a6e1d38a4326de' was completed in 0.09 seconds with score 993.45 (1 unrouted and 0 violations), using 4.83 CPU seconds and the job allocated 74.32 GB of memory so far.
2026-09-22 11:43:44.040 INFO   [F618E0\E2072B] Auto-routing pass #16 on board 'a13a23ad2d80749d66a6e1d38a4326de' was completed in 0.08 seconds with score 993.45 (1 unrouted and 0 violations), using 4.83 CPU seconds and the job allocated 74.32 GB of memory so far.
2026-09-22 11:43:44.141 INFO   [F618E0\E2072B] Auto-routing pass #17 on board 'a13a23ad2d80749d66a6e1d38a4326de' was completed in 0.08 seconds with score 993.45 (1 unrouted and 0 violations), using 4.83 CPU seconds and the job allocated 74.32 GB of memory so far.
2026-09-22 11:43:44.247 INFO   [F618E0\E2072B] Auto-routing pass #18 on board 'a13a23ad2d80749d66a6e1d38a4326de' was completed in 0.09 seconds with score 993.45 (1 unrouted and 0 violations), using 4.83 CPU seconds and the job allocated 74.32 GB of memory so far.
2026-09-22 11:43:44.252 INFO   [F618E0\E2072B] The router's score (993.45) has not improved by more than 0.5 points in the last 10 passes (1 item still unconnected). Stopping the auto-router.
The following connections could not be routed -- please review your design (e.g. check pad clearances, trace width rules, and available routing space):
  Net '/GND' (1 unrouted connection):
    - D40-2  ->  R46-2
2026-09-22 11:43:44.286 INFO   [F618E0\E2072B] Auto-routing stage completed: started with 153 unrouted nets, completed in 5.85 seconds, final score: 993.45 (1 unrouted and 0 violations), using 4.83 total CPU seconds, 74.32 GB total allocated, and 328.3 MB peak heap usage.
2026-09-22 11:43:44.308 INFO   [F618E0\E2072B] Optimization stage started on board 'a13a23ad2d80749d66a6e1d38a4326de' with score 993.45 (1 unrouted and 0 violations).
2026-09-22 11:43:44.326 INFO   [F618E0\E2072B] Stopping optimizer because the current board score (993.45) is already close to the maximum score (1000). Remaining potential improvement is less than the threshold (1.00%).
2026-09-22 11:43:44.343 INFO   [F618E0\E2072B] Optimization stage completed: started with score 993.45 (1 unrouted and 0 violations), completed in 0.02 seconds, final score: 993.45 (1 unrouted and 0 violations), using 0.02 total CPU seconds, 0.43 GB total allocated, and 396.4 MB peak heap usage.
2026-09-22 11:43:44.348 INFO   [F618E0\E2072B] Job 'F618E0\E2072B' finished with state: COMPLETED (elapsed: 5.95 seconds, finished at UTC: 2026-09-22T03:43:44.348066Z).
2026-09-22 11:43:44.648 INFO   Saving output file '/Users/dean/Documents/MORI/hardware/v1_2/kicad/MORI_power_P1/MORI_power_P1.ses' (SES)...
2026-09-22 11:43:44.652 INFO   Successfully saved output file '/Users/dean/Documents/MORI/hardware/v1_2/kicad/MORI_power_P1/MORI_power_P1.ses' (44247 bytes).
