00:00.450  blend            | Read blend: "/Users/dean/Documents/MORI/mechanical/mori_v1_2.blend"
RENDER electronics_bay
00:16.156  render           | Saved: '/Users/dean/Documents/MORI/mechanical/renders/electronics_bay.png'
RENDER electronics_underside
00:23.410  render           | Saved: '/Users/dean/Documents/MORI/mechanical/renders/electronics_underside.png'
RENDER pcb_power
00:28.114  render           | Saved: '/Users/dean/Documents/MORI/mechanical/renders/pcb_power.png'
RENDER pcb_motion
00:32.575  render           | Saved: '/Users/dean/Documents/MORI/mechanical/renders/pcb_motion.png'
RENDER pcb_imu
00:36.970  render           | Saved: '/Users/dean/Documents/MORI/mechanical/renders/pcb_imu.png'
RENDER pcb_rear
00:41.369  render           | Saved: '/Users/dean/Documents/MORI/mechanical/renders/pcb_rear.png'
RENDER pcb_rear_bottom
00:45.523  render           | Saved: '/Users/dean/Documents/MORI/mechanical/renders/pcb_rear_bottom.png'
RENDER pcb_bucks
00:49.155  render           | Saved: '/Users/dean/Documents/MORI/mechanical/renders/pcb_bucks.png'
RENDER bridge_joint_detail
00:54.158  render           | Saved: '/Users/dean/Documents/MORI/mechanical/renders/bridge_joint_detail.png'
RENDER bridge_joint_exploded
00:58.991  render           | Saved: '/Users/dean/Documents/MORI/mechanical/renders/bridge_joint_exploded.png'
RENDER yaw_stop_detail
01:03.619  render           | Saved: '/Users/dean/Documents/MORI/mechanical/renders/yaw_stop_detail.png'
RENDER yaw_stop_exploded
01:08.267  render           | Saved: '/Users/dean/Documents/MORI/mechanical/renders/yaw_stop_exploded.png'
RENDER battery_tray_fit
01:13.901  render           | Saved: '/Users/dean/Documents/MORI/mechanical/renders/battery_tray_fit.png'
RENDER battery_frame_flat
01:18.168  render           | Saved: '/Users/dean/Documents/MORI/mechanical/renders/battery_frame_flat.png'
RENDER battery_tray_wide
01:22.029  render           | Saved: '/Users/dean/Documents/MORI/mechanical/renders/battery_tray_wide.png'
RENDER power_seats
01:27.489  render           | Saved: '/Users/dean/Documents/MORI/mechanical/renders/power_seats.png'
/Users/dean/Documents/MORI/mechanical/scripts/render.py:187: DeprecationWarning: 'Material.use_nodes' is expected to be removed in Blender 6.0
  mat.use_nodes=True;nodes=mat.node_tree.nodes;nodes.clear()
RENDER power_board_mounted
01:34.639  render           | Saved: '/Users/dean/Documents/MORI/mechanical/renders/power_board_mounted.png'
RENDER battery_retention_detail
01:42.153  render           | Saved: '/Users/dean/Documents/MORI/mechanical/renders/battery_retention_detail.png'
RENDER battery_retention_open
01:50.063  render           | Saved: '/Users/dean/Documents/MORI/mechanical/renders/battery_retention_open.png'
RENDER flush_bridge
01:55.426  render           | Saved: '/Users/dean/Documents/MORI/mechanical/renders/flush_bridge.png'
RENDER flush_bridge_underside
02:00.670  render           | Saved: '/Users/dean/Documents/MORI/mechanical/renders/flush_bridge_underside.png'
RENDER flush_speaker
02:05.228  render           | Saved: '/Users/dean/Documents/MORI/mechanical/renders/flush_speaker.png'
RENDER flush_cap
02:09.291  render           | Saved: '/Users/dean/Documents/MORI/mechanical/renders/flush_cap.png'
RENDER flush_reaction
02:13.641  render           | Saved: '/Users/dean/Documents/MORI/mechanical/renders/flush_reaction.png'
RENDER consolidated_yaw
02:18.674  render           | Saved: '/Users/dean/Documents/MORI/mechanical/renders/consolidated_yaw.png'
RENDER consolidated_base
02:23.475  render           | Saved: '/Users/dean/Documents/MORI/mechanical/renders/consolidated_base.png'
RENDER consolidated_camera
02:27.952  render           | Saved: '/Users/dean/Documents/MORI/mechanical/renders/consolidated_camera.png'
RENDER consolidated_wheel
02:33.455  render           | Saved: '/Users/dean/Documents/MORI/mechanical/renders/consolidated_wheel.png'
RENDER rear_interface_section
02:37.666  render           | Saved: '/Users/dean/Documents/MORI/mechanical/renders/rear_interface_section.png'
RENDER frame_underside
02:42.497  render           | Saved: '/Users/dean/Documents/MORI/mechanical/renders/frame_underside.png'
RENDER face_surface_side
02:47.847  render           | Saved: '/Users/dean/Documents/MORI/mechanical/renders/face_surface_side.png'
RENDER imu_underside
02:52.673  render           | Saved: '/Users/dean/Documents/MORI/mechanical/renders/imu_underside.png'
RENDER rear_interface_detail
02:57.591  render           | Saved: '/Users/dean/Documents/MORI/mechanical/renders/rear_interface_detail.png'
/Users/dean/Documents/MORI/mechanical/scripts/render.py:154: DeprecationWarning: 'Material.use_nodes' is expected to be removed in Blender 6.0
  shell=bpy.data.objects[PREFIX+n];mat=bpy.data.materials.get(PREFIX+'level_xray') or bpy.data.materials.new(PREFIX+'level_xray');mat.use_nodes=True;nodes=mat.node_tree.nodes;nodes.clear();out=nodes.new('ShaderNodeOutputMaterial');mix=nodes.new('ShaderNodeMixShader');mix.inputs[0].default_value=.82;solid=nodes.new('ShaderNodeBsdfDiffuse');solid.inputs['Color'].default_value=(.8,.85,.9,1);clear=nodes.new('ShaderNodeBsdfTransparent');mat.node_tree.links.new(solid.outputs[0],mix.inputs[1]);mat.node_tree.links.new(clear.outputs[0],mix.inputs[2]);mat.node_tree.links.new(mix.outputs[0],out.inputs[0]);shell.data.materials.clear();shell.data.materials.append(mat)
RENDER level_head_side
03:08.184  render           | Saved: '/Users/dean/Documents/MORI/mechanical/renders/level_head_side.png'
RENDER deck_plan
03:14.455  render           | Saved: '/Users/dean/Documents/MORI/mechanical/renders/deck_plan.png'
RENDER weact_detail
03:18.535  render           | Saved: '/Users/dean/Documents/MORI/mechanical/renders/weact_detail.png'
/Users/dean/Documents/MORI/mechanical/scripts/render.py:135: DeprecationWarning: 'Material.use_nodes' is expected to be removed in Blender 6.0
  mat=bpy.data.materials.get(PREFIX+'speaker_xray') or bpy.data.materials.new(PREFIX+'speaker_xray');mat.use_nodes=True;nodes=mat.node_tree.nodes;nodes.clear();out=nodes.new('ShaderNodeOutputMaterial');mix=nodes.new('ShaderNodeMixShader');mix.inputs[0].default_value=.84;solid=nodes.new('ShaderNodeBsdfDiffuse');solid.inputs['Color'].default_value=(.65,.72,.78,1);clear=nodes.new('ShaderNodeBsdfTransparent');mat.node_tree.links.new(solid.outputs[0],mix.inputs[1]);mat.node_tree.links.new(clear.outputs[0],mix.inputs[2]);mat.node_tree.links.new(mix.outputs[0],out.inputs[0]);shell.data.materials.clear();shell.data.materials.append(mat)
RENDER speaker_shell_detail
03:29.923  render           | Saved: '/Users/dean/Documents/MORI/mechanical/renders/speaker_shell_detail.png'
RENDER mic_detail
03:33.828  render           | Saved: '/Users/dean/Documents/MORI/mechanical/renders/mic_detail.png'
/Users/dean/Documents/MORI/mechanical/scripts/render.py:145: DeprecationWarning: 'Material.use_nodes' is expected to be removed in Blender 6.0
  mat=bpy.data.materials.new(PREFIX+'mic_open_'+n);mat.use_nodes=True;nodes=mat.node_tree.nodes;nodes.clear();out=nodes.new('ShaderNodeOutputMaterial');mix=nodes.new('ShaderNodeMixShader');mix.inputs[0].default_value=alpha;solid=nodes.new('ShaderNodeBsdfDiffuse');solid.inputs['Color'].default_value=(.8,.86,.9,1);clear=nodes.new('ShaderNodeBsdfTransparent');mat.node_tree.links.new(solid.outputs[0],mix.inputs[1]);mat.node_tree.links.new(clear.outputs[0],mix.inputs[2]);mat.node_tree.links.new(mix.outputs[0],out.inputs[0]);ob=bpy.data.objects[PREFIX+n];ob.data.materials.clear();ob.data.materials.append(mat)
RENDER mic_open_path
03:43.235  render           | Saved: '/Users/dean/Documents/MORI/mechanical/renders/mic_open_path.png'
RENDER belly_detail
03:50.644  render           | Saved: '/Users/dean/Documents/MORI/mechanical/renders/belly_detail.png'
RENDER yaw_drive_detail
04:00.036  render           | Saved: '/Users/dean/Documents/MORI/mechanical/renders/yaw_drive_detail.png'
RENDER 45_assembled
04:07.890  render           | Saved: '/Users/dean/Documents/MORI/mechanical/renders/45_assembled.png'
RENDER front
04:13.188  render           | Saved: '/Users/dean/Documents/MORI/mechanical/renders/front.png'
RENDER side
04:18.482  render           | Saved: '/Users/dean/Documents/MORI/mechanical/renders/side.png'
RENDER rear
04:23.503  render           | Saved: '/Users/dean/Documents/MORI/mechanical/renders/rear.png'
RENDER top
04:29.471  render           | Saved: '/Users/dean/Documents/MORI/mechanical/renders/top.png'
RENDER bottom
04:35.574  render           | Saved: '/Users/dean/Documents/MORI/mechanical/renders/bottom.png'
RENDER exploded
04:41.653  render           | Saved: '/Users/dean/Documents/MORI/mechanical/renders/exploded.png'
RENDER internal
04:48.093  render           | Saved: '/Users/dean/Documents/MORI/mechanical/renders/internal.png'
RENDER structure_only
04:54.810  render           | Saved: '/Users/dean/Documents/MORI/mechanical/renders/structure_only.png'
RENDER structure_exploded
05:00.362  render           | Saved: '/Users/dean/Documents/MORI/mechanical/renders/structure_exploded.png'
RENDER deck_detail
05:07.413  render           | Saved: '/Users/dean/Documents/MORI/mechanical/renders/deck_detail.png'
RENDER head_support
05:11.674  render           | Saved: '/Users/dean/Documents/MORI/mechanical/renders/head_support.png'
RENDER face_detail
05:19.305  render           | Saved: '/Users/dean/Documents/MORI/mechanical/renders/face_detail.png'
RENDER head_section
05:26.216  render           | Saved: '/Users/dean/Documents/MORI/mechanical/renders/head_section.png'
RENDER screen_outline_review
05:32.893  render           | Saved: '/Users/dean/Documents/MORI/mechanical/renders/screen_outline_review.png'
RENDER clearance
05:38.897  render           | Saved: '/Users/dean/Documents/MORI/mechanical/renders/clearance.png'
RENDER balance_side
05:44.887  render           | Saved: '/Users/dean/Documents/MORI/mechanical/renders/balance_side.png'
RENDER wheel_gap_detail
05:52.206  render           | Saved: '/Users/dean/Documents/MORI/mechanical/renders/wheel_gap_detail.png'
RENDER pose_up
06:03.635  render           | Saved: '/Users/dean/Documents/MORI/mechanical/renders/pose_up.png'
RENDER pose_down
06:15.516  render           | Saved: '/Users/dean/Documents/MORI/mechanical/renders/pose_down.png'
RENDER docked
06:26.485  render           | Saved: '/Users/dean/Documents/MORI/mechanical/renders/docked.png'
RENDER_COMPLETE
Blender 5.2.1 LTS (hash 9e2066aef7ef built 2026-08-25 01:35:57)

Blender quit
