00:00.492  blend            | Read blend: "/Users/dean/Documents/MORI/mechanical/mori_v1_2.blend"
{
  "revision": "V1.2-M1.51",
  "status": "PASS",
  "checks": {
    "source_unchanged": true,
    "all_physical_actors_accounted_for": true,
    "positive_inertia": true,
    "mass_conservation": true,
    "head_pose_count": true
  },
  "coverage": {
    "missing": [],
    "unexpected": [],
    "count": 201
  },
  "totals": {
    "whole": {
      "mass_g": 1314.1109877798951,
      "COM_mm": [
        -0.33954781273451806,
        -0.20667855660388787,
        111.10650619538278
      ],
      "inertia_about_pivot_kg_m2": [
        [
          0.011060839689377936,
          -5.443574981018206e-06,
          6.460962941679176e-05
        ],
        [
          -5.443574981018206e-06,
          0.012166429126580653,
          2.385176212519096e-05
        ],
        [
          6.460962941679176e-05,
          2.385176212519096e-05,
          0.0033197608600635626
        ]
      ],
      "pivot_mm": [
        0.0,
        0.0,
        52.5
      ]
    },
    "prints": {
      "mass_g": 749.9079566387618,
      "COM_mm": [
        -0.06706345007505993,
        -1.082262012000676,
        116.0452436333292
      ],
      "inertia_about_pivot_kg_m2": [
        [
          0.007227969683096365,
          -5.579637833203953e-08,
          8.223202256691078e-06
        ],
        [
          -5.579637833203953e-08,
          0.008090228840541556,
          0.00011136932639697581
        ],
        [
          8.223202256691078e-06,
          0.00011136932639697581,
          0.002227702692539037
        ]
      ],
      "pivot_mm": [
        0.0,
        0.0,
        52.5
      ]
    },
    "pitch": {
      "mass_g": 168.44035530310097,
      "COM_mm": [
        0.10077091638622579,
        -0.5458395898669945,
        228.57746051744743
      ],
      "inertia_about_pivot_kg_m2": [
        [
          0.0003167455024155439,
          -4.876995178598495e-09,
          -1.8776629310279485e-08
        ],
        [
          -4.876995178598495e-09,
          0.00031693995087956635,
          5.47468961865252e-06
        ],
        [
          -1.8776629310279485e-08,
          5.47468961865252e-06,
          0.0003375893382639937
        ]
      ],
      "pivot_mm": [
        0.0,
        0.0,
        222.0
      ]
    },
    "yaw": {
      "mass_g": 252.85358484367933,
      "COM_mm": [
        -1.348088703437994,
        -0.5584873294551502,
        218.0734530832406
      ],
      "inertia_about_pivot_kg_m2": [
        [
          0.00041162542257237855,
          -9.16077162047427e-09,
          -1.5451165977790893e-06
        ],
        [
          -9.16077162047427e-09,
          0.0004521018421380235,
          1.8145084614763549e-06
        ],
        [
          -1.5451165977790893e-06,
          1.8145084614763549e-06,
          0.0004011021651958978
        ]
      ],
      "pivot_mm": [
        0.0,
        0.0,
        222.0
      ]
    }
  },
  "mass_target_status": "BLOCKED"
}
Blender 5.2.2 LTS (hash d13f752e3b9c built 2026-09-15 01:49:19)

Blender quit
