00:00.345  blend            | Read blend: "/Users/dean/Documents/MORI/mechanical/mori_v1_2.blend"
00:00.929  render           | Saved: '/Users/dean/Documents/MORI/mechanical/renders/parts/Battery.png'
PART_PREVIEW 1 165 MORI_V1__Battery
00:01.272  render           | Saved: '/Users/dean/Documents/MORI/mechanical/renders/parts/Battery_Pad_-38.0.png'
PART_PREVIEW 2 165 MORI_V1__Battery_Pad_-38.0
00:01.628  render           | Saved: '/Users/dean/Documents/MORI/mechanical/renders/parts/Battery_Pad_38.0.png'
PART_PREVIEW 3 165 MORI_V1__Battery_Pad_38.0
00:01.998  render           | Saved: '/Users/dean/Documents/MORI/mechanical/renders/parts/Battery_Pad_Base.png'
PART_PREVIEW 4 165 MORI_V1__Battery_Pad_Base
00:02.361  render           | Saved: '/Users/dean/Documents/MORI/mechanical/renders/parts/Battery_Retainer_Insert_-1.png'
PART_PREVIEW 5 165 MORI_V1__Battery_Retainer_Insert_-1
00:02.727  render           | Saved: '/Users/dean/Documents/MORI/mechanical/renders/parts/Battery_Retainer_Insert_1.png'
PART_PREVIEW 6 165 MORI_V1__Battery_Retainer_Insert_1
00:03.094  render           | Saved: '/Users/dean/Documents/MORI/mechanical/renders/parts/Battery_Retainer_Screw_-1.png'
PART_PREVIEW 7 165 MORI_V1__Battery_Retainer_Screw_-1
00:03.452  render           | Saved: '/Users/dean/Documents/MORI/mechanical/renders/parts/Battery_Retainer_Screw_1.png'
PART_PREVIEW 8 165 MORI_V1__Battery_Retainer_Screw_1
00:03.829  render           | Saved: '/Users/dean/Documents/MORI/mechanical/renders/parts/Battery_Tray.png'
PART_PREVIEW 9 165 MORI_V1__Battery_Tray
00:04.239  render           | Saved: '/Users/dean/Documents/MORI/mechanical/renders/parts/Body_Cheek_L.png'
PART_PREVIEW 10 165 MORI_V1__Body_Cheek_L
00:04.634  render           | Saved: '/Users/dean/Documents/MORI/mechanical/renders/parts/Body_Cheek_R.png'
PART_PREVIEW 11 165 MORI_V1__Body_Cheek_R
00:05.041  render           | Saved: '/Users/dean/Documents/MORI/mechanical/renders/parts/Body_IMU.png'
PART_PREVIEW 12 165 MORI_V1__Body_IMU
00:05.473  render           | Saved: '/Users/dean/Documents/MORI/mechanical/renders/parts/Body_Lower.png'
PART_PREVIEW 13 165 MORI_V1__Body_Lower
00:05.807  render           | Saved: '/Users/dean/Documents/MORI/mechanical/renders/parts/Body_Top_Shroud.png'
PART_PREVIEW 14 165 MORI_V1__Body_Top_Shroud
00:06.234  render           | Saved: '/Users/dean/Documents/MORI/mechanical/renders/parts/Body_Upper.png'
PART_PREVIEW 15 165 MORI_V1__Body_Upper
00:06.611  render           | Saved: '/Users/dean/Documents/MORI/mechanical/renders/parts/Button_Cap.png'
PART_PREVIEW 16 165 MORI_V1__Button_Cap
00:07.064  render           | Saved: '/Users/dean/Documents/MORI/mechanical/renders/parts/CAM_Mainboard.png'
PART_PREVIEW 17 165 MORI_V1__CAM_Mainboard
00:07.540  render           | Saved: '/Users/dean/Documents/MORI/mechanical/renders/parts/Camera_Baffle.png'
PART_PREVIEW 18 165 MORI_V1__Camera_Baffle
00:07.983  render           | Saved: '/Users/dean/Documents/MORI/mechanical/renders/parts/Camera_Lens.png'
PART_PREVIEW 19 165 MORI_V1__Camera_Lens
00:08.433  render           | Saved: '/Users/dean/Documents/MORI/mechanical/renders/parts/Camera_PCB.png'
PART_PREVIEW 20 165 MORI_V1__Camera_PCB
00:08.836  render           | Saved: '/Users/dean/Documents/MORI/mechanical/renders/parts/Camera_Window.png'
PART_PREVIEW 21 165 MORI_V1__Camera_Window
00:09.236  render           | Saved: '/Users/dean/Documents/MORI/mechanical/renders/parts/Coupon_Insert.png'
PART_PREVIEW 22 165 MORI_V1__Coupon_Insert
00:09.654  render           | Saved: '/Users/dean/Documents/MORI/mechanical/renders/parts/Coupon_Mating_Tab.png'
PART_PREVIEW 23 165 MORI_V1__Coupon_Mating_Tab
00:10.042  render           | Saved: '/Users/dean/Documents/MORI/mechanical/renders/parts/Coupon_Plane_Fit.png'
PART_PREVIEW 24 165 MORI_V1__Coupon_Plane_Fit
00:10.495  render           | Saved: '/Users/dean/Documents/MORI/mechanical/renders/parts/Deck_L_-8_Nut.png'
PART_PREVIEW 25 165 MORI_V1__Deck_L_-8_Nut
00:10.990  render           | Saved: '/Users/dean/Documents/MORI/mechanical/renders/parts/Deck_L_-8_Screw.png'
PART_PREVIEW 26 165 MORI_V1__Deck_L_-8_Screw
00:11.497  render           | Saved: '/Users/dean/Documents/MORI/mechanical/renders/parts/Deck_L_8_Nut.png'
PART_PREVIEW 27 165 MORI_V1__Deck_L_8_Nut
00:11.938  render           | Saved: '/Users/dean/Documents/MORI/mechanical/renders/parts/Deck_L_8_Screw.png'
PART_PREVIEW 28 165 MORI_V1__Deck_L_8_Screw
00:12.380  render           | Saved: '/Users/dean/Documents/MORI/mechanical/renders/parts/Deck_R_-8_Nut.png'
PART_PREVIEW 29 165 MORI_V1__Deck_R_-8_Nut
00:12.785  render           | Saved: '/Users/dean/Documents/MORI/mechanical/renders/parts/Deck_R_-8_Screw.png'
PART_PREVIEW 30 165 MORI_V1__Deck_R_-8_Screw
00:13.162  render           | Saved: '/Users/dean/Documents/MORI/mechanical/renders/parts/Deck_R_8_Nut.png'
PART_PREVIEW 31 165 MORI_V1__Deck_R_8_Nut
00:13.519  render           | Saved: '/Users/dean/Documents/MORI/mechanical/renders/parts/Deck_R_8_Screw.png'
PART_PREVIEW 32 165 MORI_V1__Deck_R_8_Screw
00:13.901  render           | Saved: '/Users/dean/Documents/MORI/mechanical/renders/parts/Display_Frame.png'
PART_PREVIEW 33 165 MORI_V1__Display_Frame
00:14.503  render           | Saved: '/Users/dean/Documents/MORI/mechanical/renders/parts/Display_PCB.png'
PART_PREVIEW 34 165 MORI_V1__Display_PCB
00:14.905  render           | Saved: '/Users/dean/Documents/MORI/mechanical/renders/parts/Dock_Pad_0.png'
PART_PREVIEW 35 165 MORI_V1__Dock_Pad_0
00:15.303  render           | Saved: '/Users/dean/Documents/MORI/mechanical/renders/parts/Dock_Pad_1.png'
PART_PREVIEW 36 165 MORI_V1__Dock_Pad_1
00:15.709  render           | Saved: '/Users/dean/Documents/MORI/mechanical/renders/parts/Dock_Pad_2.png'
PART_PREVIEW 37 165 MORI_V1__Dock_Pad_2
00:16.193  render           | Saved: '/Users/dean/Documents/MORI/mechanical/renders/parts/Dock_Pad_3.png'
PART_PREVIEW 38 165 MORI_V1__Dock_Pad_3
00:16.672  render           | Saved: '/Users/dean/Documents/MORI/mechanical/renders/parts/Drive_Bridge.png'
PART_PREVIEW 39 165 MORI_V1__Drive_Bridge
00:17.071  render           | Saved: '/Users/dean/Documents/MORI/mechanical/renders/parts/Drive_L_-8_Nut.png'
PART_PREVIEW 40 165 MORI_V1__Drive_L_-8_Nut
00:17.432  render           | Saved: '/Users/dean/Documents/MORI/mechanical/renders/parts/Drive_L_-8_Screw.png'
PART_PREVIEW 41 165 MORI_V1__Drive_L_-8_Screw
00:17.776  render           | Saved: '/Users/dean/Documents/MORI/mechanical/renders/parts/Drive_L_8_Nut.png'
PART_PREVIEW 42 165 MORI_V1__Drive_L_8_Nut
00:18.115  render           | Saved: '/Users/dean/Documents/MORI/mechanical/renders/parts/Drive_L_8_Screw.png'
PART_PREVIEW 43 165 MORI_V1__Drive_L_8_Screw
00:18.525  render           | Saved: '/Users/dean/Documents/MORI/mechanical/renders/parts/Drive_Motor_L.png'
PART_PREVIEW 44 165 MORI_V1__Drive_Motor_L
00:18.933  render           | Saved: '/Users/dean/Documents/MORI/mechanical/renders/parts/Drive_Motor_R.png'
PART_PREVIEW 45 165 MORI_V1__Drive_Motor_R
00:19.280  render           | Saved: '/Users/dean/Documents/MORI/mechanical/renders/parts/Drive_R_-8_Nut.png'
PART_PREVIEW 46 165 MORI_V1__Drive_R_-8_Nut
00:19.643  render           | Saved: '/Users/dean/Documents/MORI/mechanical/renders/parts/Drive_R_-8_Screw.png'
PART_PREVIEW 47 165 MORI_V1__Drive_R_-8_Screw
00:19.988  render           | Saved: '/Users/dean/Documents/MORI/mechanical/renders/parts/Drive_R_8_Nut.png'
PART_PREVIEW 48 165 MORI_V1__Drive_R_8_Nut
00:20.325  render           | Saved: '/Users/dean/Documents/MORI/mechanical/renders/parts/Drive_R_8_Screw.png'
PART_PREVIEW 49 165 MORI_V1__Drive_R_8_Screw
00:20.664  render           | Saved: '/Users/dean/Documents/MORI/mechanical/renders/parts/Face_Joint_-1_0.0_Nut.png'
PART_PREVIEW 50 165 MORI_V1__Face_Joint_-1_0.0_Nut
00:20.996  render           | Saved: '/Users/dean/Documents/MORI/mechanical/renders/parts/Face_Joint_-1_0.0_Screw.png'
PART_PREVIEW 51 165 MORI_V1__Face_Joint_-1_0.0_Screw
00:21.333  render           | Saved: '/Users/dean/Documents/MORI/mechanical/renders/parts/Face_Joint_-1_7.0_Nut.png'
PART_PREVIEW 52 165 MORI_V1__Face_Joint_-1_7.0_Nut
00:21.723  render           | Saved: '/Users/dean/Documents/MORI/mechanical/renders/parts/Face_Joint_-1_7.0_Screw.png'
PART_PREVIEW 53 165 MORI_V1__Face_Joint_-1_7.0_Screw
00:22.105  render           | Saved: '/Users/dean/Documents/MORI/mechanical/renders/parts/Face_Joint_1_0.0_Nut.png'
PART_PREVIEW 54 165 MORI_V1__Face_Joint_1_0.0_Nut
00:22.475  render           | Saved: '/Users/dean/Documents/MORI/mechanical/renders/parts/Face_Joint_1_0.0_Screw.png'
PART_PREVIEW 55 165 MORI_V1__Face_Joint_1_0.0_Screw
00:22.853  render           | Saved: '/Users/dean/Documents/MORI/mechanical/renders/parts/Face_Joint_1_7.0_Nut.png'
PART_PREVIEW 56 165 MORI_V1__Face_Joint_1_7.0_Nut
00:23.214  render           | Saved: '/Users/dean/Documents/MORI/mechanical/renders/parts/Face_Joint_1_7.0_Screw.png'
PART_PREVIEW 57 165 MORI_V1__Face_Joint_1_7.0_Screw
00:23.568  render           | Saved: '/Users/dean/Documents/MORI/mechanical/renders/parts/Face_Mask.png'
PART_PREVIEW 58 165 MORI_V1__Face_Mask
00:23.942  render           | Saved: '/Users/dean/Documents/MORI/mechanical/renders/parts/Face_Protector.png'
PART_PREVIEW 59 165 MORI_V1__Face_Protector
00:24.297  render           | Saved: '/Users/dean/Documents/MORI/mechanical/renders/parts/Frame_Insert_0.png'
PART_PREVIEW 60 165 MORI_V1__Frame_Insert_0
00:24.646  render           | Saved: '/Users/dean/Documents/MORI/mechanical/renders/parts/Frame_Insert_1.png'
PART_PREVIEW 61 165 MORI_V1__Frame_Insert_1
00:24.993  render           | Saved: '/Users/dean/Documents/MORI/mechanical/renders/parts/Frame_Insert_2.png'
PART_PREVIEW 62 165 MORI_V1__Frame_Insert_2
00:25.341  render           | Saved: '/Users/dean/Documents/MORI/mechanical/renders/parts/Frame_Insert_3.png'
PART_PREVIEW 63 165 MORI_V1__Frame_Insert_3
00:25.701  render           | Saved: '/Users/dean/Documents/MORI/mechanical/renders/parts/Frame_Screw_0.png'
PART_PREVIEW 64 165 MORI_V1__Frame_Screw_0
00:26.063  render           | Saved: '/Users/dean/Documents/MORI/mechanical/renders/parts/Frame_Screw_1.png'
PART_PREVIEW 65 165 MORI_V1__Frame_Screw_1
00:26.445  render           | Saved: '/Users/dean/Documents/MORI/mechanical/renders/parts/Frame_Screw_2.png'
PART_PREVIEW 66 165 MORI_V1__Frame_Screw_2
00:26.896  render           | Saved: '/Users/dean/Documents/MORI/mechanical/renders/parts/Frame_Screw_3.png'
PART_PREVIEW 67 165 MORI_V1__Frame_Screw_3
00:27.358  render           | Saved: '/Users/dean/Documents/MORI/mechanical/renders/parts/Function_Button.png'
PART_PREVIEW 68 165 MORI_V1__Function_Button
00:27.741  render           | Saved: '/Users/dean/Documents/MORI/mechanical/renders/parts/Gimbal_Base_-13_Nut.png'
PART_PREVIEW 69 165 MORI_V1__Gimbal_Base_-13_Nut
00:28.148  render           | Saved: '/Users/dean/Documents/MORI/mechanical/renders/parts/Gimbal_Base_-13_Screw.png'
PART_PREVIEW 70 165 MORI_V1__Gimbal_Base_-13_Screw
00:28.725  render           | Saved: '/Users/dean/Documents/MORI/mechanical/renders/parts/Gimbal_Base_13_Nut.png'
PART_PREVIEW 71 165 MORI_V1__Gimbal_Base_13_Nut
00:29.146  render           | Saved: '/Users/dean/Documents/MORI/mechanical/renders/parts/Gimbal_Base_13_Screw.png'
PART_PREVIEW 72 165 MORI_V1__Gimbal_Base_13_Screw
00:29.580  render           | Saved: '/Users/dean/Documents/MORI/mechanical/renders/parts/Head_Front.png'
PART_PREVIEW 73 165 MORI_V1__Head_Front
00:30.050  render           | Saved: '/Users/dean/Documents/MORI/mechanical/renders/parts/Head_Rear.png'
PART_PREVIEW 74 165 MORI_V1__Head_Rear
00:30.412  render           | Saved: '/Users/dean/Documents/MORI/mechanical/renders/parts/Head_Yaw_Ear_0_Nut.png'
PART_PREVIEW 75 165 MORI_V1__Head_Yaw_Ear_0_Nut
00:30.769  render           | Saved: '/Users/dean/Documents/MORI/mechanical/renders/parts/Head_Yaw_Ear_0_Screw.png'
PART_PREVIEW 76 165 MORI_V1__Head_Yaw_Ear_0_Screw
00:31.122  render           | Saved: '/Users/dean/Documents/MORI/mechanical/renders/parts/Head_Yaw_Ear_1_Nut.png'
PART_PREVIEW 77 165 MORI_V1__Head_Yaw_Ear_1_Nut
00:31.476  render           | Saved: '/Users/dean/Documents/MORI/mechanical/renders/parts/Head_Yaw_Ear_1_Screw.png'
PART_PREVIEW 78 165 MORI_V1__Head_Yaw_Ear_1_Screw
00:31.859  render           | Saved: '/Users/dean/Documents/MORI/mechanical/renders/parts/Load_Frame.png'
PART_PREVIEW 79 165 MORI_V1__Load_Frame
00:32.490  render           | Saved: '/Users/dean/Documents/MORI/mechanical/renders/parts/MCU_Motion.png'
PART_PREVIEW 80 165 MORI_V1__MCU_Motion
00:32.931  render           | Saved: '/Users/dean/Documents/MORI/mechanical/renders/parts/Mic_Duct_L.png'
PART_PREVIEW 81 165 MORI_V1__Mic_Duct_L
00:33.415  render           | Saved: '/Users/dean/Documents/MORI/mechanical/renders/parts/Mic_Duct_R.png'
PART_PREVIEW 82 165 MORI_V1__Mic_Duct_R
00:33.943  render           | Saved: '/Users/dean/Documents/MORI/mechanical/renders/parts/Motor_Retainer.png'
PART_PREVIEW 83 165 MORI_V1__Motor_Retainer
00:34.405  render           | Saved: '/Users/dean/Documents/MORI/mechanical/renders/parts/Motor_Retainer_Insert_0.png'
PART_PREVIEW 84 165 MORI_V1__Motor_Retainer_Insert_0
00:34.803  render           | Saved: '/Users/dean/Documents/MORI/mechanical/renders/parts/Motor_Retainer_Insert_1.png'
PART_PREVIEW 85 165 MORI_V1__Motor_Retainer_Insert_1
00:35.198  render           | Saved: '/Users/dean/Documents/MORI/mechanical/renders/parts/Motor_Retainer_Pad_-1.png'
PART_PREVIEW 86 165 MORI_V1__Motor_Retainer_Pad_-1
00:35.575  render           | Saved: '/Users/dean/Documents/MORI/mechanical/renders/parts/Motor_Retainer_Pad_1.png'
PART_PREVIEW 87 165 MORI_V1__Motor_Retainer_Pad_1
00:35.951  render           | Saved: '/Users/dean/Documents/MORI/mechanical/renders/parts/Motor_Retainer_Screw_0.png'
PART_PREVIEW 88 165 MORI_V1__Motor_Retainer_Screw_0
00:36.326  render           | Saved: '/Users/dean/Documents/MORI/mechanical/renders/parts/Motor_Retainer_Screw_1.png'
PART_PREVIEW 89 165 MORI_V1__Motor_Retainer_Screw_1
00:36.686  render           | Saved: '/Users/dean/Documents/MORI/mechanical/renders/parts/Onboard_MIC_L.png'
PART_PREVIEW 90 165 MORI_V1__Onboard_MIC_L
00:37.032  render           | Saved: '/Users/dean/Documents/MORI/mechanical/renders/parts/Onboard_MIC_R.png'
PART_PREVIEW 91 165 MORI_V1__Onboard_MIC_R
00:37.446  render           | Saved: '/Users/dean/Documents/MORI/mechanical/renders/parts/Parking_Cradle.png'
PART_PREVIEW 92 165 MORI_V1__Parking_Cradle
00:37.935  render           | Saved: '/Users/dean/Documents/MORI/mechanical/renders/parts/Pitch_Bearing_L.png'
PART_PREVIEW 93 165 MORI_V1__Pitch_Bearing_L
00:38.378  render           | Saved: '/Users/dean/Documents/MORI/mechanical/renders/parts/Pitch_Bearing_R.png'
PART_PREVIEW 94 165 MORI_V1__Pitch_Bearing_R
00:38.796  render           | Saved: '/Users/dean/Documents/MORI/mechanical/renders/parts/Pitch_Cable_Clip.png'
PART_PREVIEW 95 165 MORI_V1__Pitch_Cable_Clip
00:39.199  render           | Saved: '/Users/dean/Documents/MORI/mechanical/renders/parts/Pitch_Cradle.png'
PART_PREVIEW 96 165 MORI_V1__Pitch_Cradle
00:39.591  render           | Saved: '/Users/dean/Documents/MORI/mechanical/renders/parts/Pitch_Horn.png'
PART_PREVIEW 97 165 MORI_V1__Pitch_Horn
00:39.933  render           | Saved: '/Users/dean/Documents/MORI/mechanical/renders/parts/Pitch_Lock_Screw.png'
PART_PREVIEW 98 165 MORI_V1__Pitch_Lock_Screw
00:40.306  render           | Saved: '/Users/dean/Documents/MORI/mechanical/renders/parts/Pitch_Output.png'
PART_PREVIEW 99 165 MORI_V1__Pitch_Output
00:40.714  render           | Saved: '/Users/dean/Documents/MORI/mechanical/renders/parts/Pitch_Servo.png'
PART_PREVIEW 100 165 MORI_V1__Pitch_Servo
00:41.145  render           | Saved: '/Users/dean/Documents/MORI/mechanical/renders/parts/Pitch_Trunnion_L.png'
PART_PREVIEW 101 165 MORI_V1__Pitch_Trunnion_L
00:41.552  render           | Saved: '/Users/dean/Documents/MORI/mechanical/renders/parts/Pitch_Trunnion_R.png'
PART_PREVIEW 102 165 MORI_V1__Pitch_Trunnion_R
00:42.070  render           | Saved: '/Users/dean/Documents/MORI/mechanical/renders/parts/Pitch_Yoke.png'
PART_PREVIEW 103 165 MORI_V1__Pitch_Yoke
00:42.500  render           | Saved: '/Users/dean/Documents/MORI/mechanical/renders/parts/Power_Board_Carrier.png'
PART_PREVIEW 104 165 MORI_V1__Power_Board_Carrier
00:42.868  render           | Saved: '/Users/dean/Documents/MORI/mechanical/renders/parts/Power_Carrier_0_Nut.png'
PART_PREVIEW 105 165 MORI_V1__Power_Carrier_0_Nut
00:43.240  render           | Saved: '/Users/dean/Documents/MORI/mechanical/renders/parts/Power_Carrier_0_Screw.png'
PART_PREVIEW 106 165 MORI_V1__Power_Carrier_0_Screw
00:43.608  render           | Saved: '/Users/dean/Documents/MORI/mechanical/renders/parts/Power_Carrier_1_Nut.png'
PART_PREVIEW 107 165 MORI_V1__Power_Carrier_1_Nut
00:43.980  render           | Saved: '/Users/dean/Documents/MORI/mechanical/renders/parts/Power_Carrier_1_Screw.png'
PART_PREVIEW 108 165 MORI_V1__Power_Carrier_1_Screw
00:44.351  render           | Saved: '/Users/dean/Documents/MORI/mechanical/renders/parts/Power_Carrier_2_Nut.png'
PART_PREVIEW 109 165 MORI_V1__Power_Carrier_2_Nut
00:44.726  render           | Saved: '/Users/dean/Documents/MORI/mechanical/renders/parts/Power_Carrier_2_Screw.png'
PART_PREVIEW 110 165 MORI_V1__Power_Carrier_2_Screw
00:45.124  render           | Saved: '/Users/dean/Documents/MORI/mechanical/renders/parts/Power_Carrier_3_Nut.png'
PART_PREVIEW 111 165 MORI_V1__Power_Carrier_3_Nut
00:45.544  render           | Saved: '/Users/dean/Documents/MORI/mechanical/renders/parts/Power_Carrier_3_Screw.png'
PART_PREVIEW 112 165 MORI_V1__Power_Carrier_3_Screw
00:45.974  render           | Saved: '/Users/dean/Documents/MORI/mechanical/renders/parts/Power_Module.png'
PART_PREVIEW 113 165 MORI_V1__Power_Module
00:46.454  render           | Saved: '/Users/dean/Documents/MORI/mechanical/renders/parts/Power_Switch.png'
PART_PREVIEW 114 165 MORI_V1__Power_Switch
00:46.861  render           | Saved: '/Users/dean/Documents/MORI/mechanical/renders/parts/S288_Output_L_Inner.png'
PART_PREVIEW 115 165 MORI_V1__S288_Output_L_Inner
00:47.272  render           | Saved: '/Users/dean/Documents/MORI/mechanical/renders/parts/S288_Output_L_Outer.png'
PART_PREVIEW 116 165 MORI_V1__S288_Output_L_Outer
00:47.688  render           | Saved: '/Users/dean/Documents/MORI/mechanical/renders/parts/S288_Output_R_Inner.png'
PART_PREVIEW 117 165 MORI_V1__S288_Output_R_Inner
00:48.202  render           | Saved: '/Users/dean/Documents/MORI/mechanical/renders/parts/S288_Output_R_Outer.png'
PART_PREVIEW 118 165 MORI_V1__S288_Output_R_Outer
00:48.697  render           | Saved: '/Users/dean/Documents/MORI/mechanical/renders/parts/Shell_Insert_0.png'
PART_PREVIEW 119 165 MORI_V1__Shell_Insert_0
00:49.098  render           | Saved: '/Users/dean/Documents/MORI/mechanical/renders/parts/Shell_Insert_1.png'
PART_PREVIEW 120 165 MORI_V1__Shell_Insert_1
00:49.488  render           | Saved: '/Users/dean/Documents/MORI/mechanical/renders/parts/Shell_Insert_2.png'
PART_PREVIEW 121 165 MORI_V1__Shell_Insert_2
00:49.869  render           | Saved: '/Users/dean/Documents/MORI/mechanical/renders/parts/Shell_Insert_3.png'
PART_PREVIEW 122 165 MORI_V1__Shell_Insert_3
00:50.241  render           | Saved: '/Users/dean/Documents/MORI/mechanical/renders/parts/Shell_Screw_0.png'
PART_PREVIEW 123 165 MORI_V1__Shell_Screw_0
00:50.654  render           | Saved: '/Users/dean/Documents/MORI/mechanical/renders/parts/Shell_Screw_1.png'
PART_PREVIEW 124 165 MORI_V1__Shell_Screw_1
00:51.033  render           | Saved: '/Users/dean/Documents/MORI/mechanical/renders/parts/Shell_Screw_2.png'
PART_PREVIEW 125 165 MORI_V1__Shell_Screw_2
00:51.400  render           | Saved: '/Users/dean/Documents/MORI/mechanical/renders/parts/Shell_Screw_3.png'
PART_PREVIEW 126 165 MORI_V1__Shell_Screw_3
00:51.805  render           | Saved: '/Users/dean/Documents/MORI/mechanical/renders/parts/Speaker.png'
PART_PREVIEW 127 165 MORI_V1__Speaker
00:52.147  render           | Saved: '/Users/dean/Documents/MORI/mechanical/renders/parts/Speaker_Gasket.png'
PART_PREVIEW 128 165 MORI_V1__Speaker_Gasket
00:52.522  render           | Saved: '/Users/dean/Documents/MORI/mechanical/renders/parts/Speaker_Insert_-1.png'
PART_PREVIEW 129 165 MORI_V1__Speaker_Insert_-1
00:52.911  render           | Saved: '/Users/dean/Documents/MORI/mechanical/renders/parts/Speaker_Insert_1.png'
PART_PREVIEW 130 165 MORI_V1__Speaker_Insert_1
00:53.494  render           | Saved: '/Users/dean/Documents/MORI/mechanical/renders/parts/Speaker_Mount.png'
PART_PREVIEW 131 165 MORI_V1__Speaker_Mount
00:53.908  render           | Saved: '/Users/dean/Documents/MORI/mechanical/renders/parts/Speaker_Screw_-1.png'
PART_PREVIEW 132 165 MORI_V1__Speaker_Screw_-1
00:54.320  render           | Saved: '/Users/dean/Documents/MORI/mechanical/renders/parts/Speaker_Screw_1.png'
PART_PREVIEW 133 165 MORI_V1__Speaker_Screw_1
00:54.713  render           | Saved: '/Users/dean/Documents/MORI/mechanical/renders/parts/Tire_L.png'
PART_PREVIEW 134 165 MORI_V1__Tire_L
00:55.090  render           | Saved: '/Users/dean/Documents/MORI/mechanical/renders/parts/Tire_R.png'
PART_PREVIEW 135 165 MORI_V1__Tire_R
00:55.510  render           | Saved: '/Users/dean/Documents/MORI/mechanical/renders/parts/USB_Charge.png'
PART_PREVIEW 136 165 MORI_V1__USB_Charge
00:56.007  render           | Saved: '/Users/dean/Documents/MORI/mechanical/renders/parts/USB_Receptacle.png'
PART_PREVIEW 137 165 MORI_V1__USB_Receptacle
00:56.509  render           | Saved: '/Users/dean/Documents/MORI/mechanical/renders/parts/Wheel_Axle_L.png'
PART_PREVIEW 138 165 MORI_V1__Wheel_Axle_L
00:56.894  render           | Saved: '/Users/dean/Documents/MORI/mechanical/renders/parts/Wheel_Axle_R.png'
PART_PREVIEW 139 165 MORI_V1__Wheel_Axle_R
00:57.355  render           | Saved: '/Users/dean/Documents/MORI/mechanical/renders/parts/Wheel_Bearing_L_33.png'
PART_PREVIEW 140 165 MORI_V1__Wheel_Bearing_L_33
00:57.779  render           | Saved: '/Users/dean/Documents/MORI/mechanical/renders/parts/Wheel_Bearing_L_39.png'
PART_PREVIEW 141 165 MORI_V1__Wheel_Bearing_L_39
00:58.204  render           | Saved: '/Users/dean/Documents/MORI/mechanical/renders/parts/Wheel_Bearing_R_33.png'
PART_PREVIEW 142 165 MORI_V1__Wheel_Bearing_R_33
00:58.629  render           | Saved: '/Users/dean/Documents/MORI/mechanical/renders/parts/Wheel_Bearing_R_39.png'
PART_PREVIEW 143 165 MORI_V1__Wheel_Bearing_R_39
00:59.007  render           | Saved: '/Users/dean/Documents/MORI/mechanical/renders/parts/Wheel_Cap_L.png'
PART_PREVIEW 144 165 MORI_V1__Wheel_Cap_L
00:59.393  render           | Saved: '/Users/dean/Documents/MORI/mechanical/renders/parts/Wheel_Cap_R.png'
PART_PREVIEW 145 165 MORI_V1__Wheel_Cap_R
00:59.956  render           | Saved: '/Users/dean/Documents/MORI/mechanical/renders/parts/Wheel_Coupler_L.png'
PART_PREVIEW 146 165 MORI_V1__Wheel_Coupler_L
01:00.437  render           | Saved: '/Users/dean/Documents/MORI/mechanical/renders/parts/Wheel_Coupler_R.png'
PART_PREVIEW 147 165 MORI_V1__Wheel_Coupler_R
01:00.852  render           | Saved: '/Users/dean/Documents/MORI/mechanical/renders/parts/Wheel_Hub_L.png'
PART_PREVIEW 148 165 MORI_V1__Wheel_Hub_L
01:01.257  render           | Saved: '/Users/dean/Documents/MORI/mechanical/renders/parts/Wheel_Hub_R.png'
PART_PREVIEW 149 165 MORI_V1__Wheel_Hub_R
01:01.653  render           | Saved: '/Users/dean/Documents/MORI/mechanical/renders/parts/Yaw_Base.png'
PART_PREVIEW 150 165 MORI_V1__Yaw_Base
01:01.994  render           | Saved: '/Users/dean/Documents/MORI/mechanical/renders/parts/Yaw_Base_-1_Nut.png'
PART_PREVIEW 151 165 MORI_V1__Yaw_Base_-1_Nut
01:02.345  render           | Saved: '/Users/dean/Documents/MORI/mechanical/renders/parts/Yaw_Base_-1_Screw.png'
PART_PREVIEW 152 165 MORI_V1__Yaw_Base_-1_Screw
01:02.683  render           | Saved: '/Users/dean/Documents/MORI/mechanical/renders/parts/Yaw_Base_1_Nut.png'
PART_PREVIEW 153 165 MORI_V1__Yaw_Base_1_Nut
01:03.015  render           | Saved: '/Users/dean/Documents/MORI/mechanical/renders/parts/Yaw_Base_1_Screw.png'
PART_PREVIEW 154 165 MORI_V1__Yaw_Base_1_Screw
01:03.378  render           | Saved: '/Users/dean/Documents/MORI/mechanical/renders/parts/Yaw_Bearing.png'
PART_PREVIEW 155 165 MORI_V1__Yaw_Bearing
01:03.725  render           | Saved: '/Users/dean/Documents/MORI/mechanical/renders/parts/Yaw_Horn.png'
PART_PREVIEW 156 165 MORI_V1__Yaw_Horn
01:04.068  render           | Saved: '/Users/dean/Documents/MORI/mechanical/renders/parts/Yaw_Lock_Screw.png'
PART_PREVIEW 157 165 MORI_V1__Yaw_Lock_Screw
01:04.510  render           | Saved: '/Users/dean/Documents/MORI/mechanical/renders/parts/Yaw_Output.png'
PART_PREVIEW 158 165 MORI_V1__Yaw_Output
01:04.970  render           | Saved: '/Users/dean/Documents/MORI/mechanical/renders/parts/Yaw_Reaction_Clamp_Nut.png'
PART_PREVIEW 159 165 MORI_V1__Yaw_Reaction_Clamp_Nut
01:05.357  render           | Saved: '/Users/dean/Documents/MORI/mechanical/renders/parts/Yaw_Reaction_Clamp_Screw.png'
PART_PREVIEW 160 165 MORI_V1__Yaw_Reaction_Clamp_Screw
01:05.750  render           | Saved: '/Users/dean/Documents/MORI/mechanical/renders/parts/Yaw_Reaction_Link.png'
PART_PREVIEW 161 165 MORI_V1__Yaw_Reaction_Link
01:06.131  render           | Saved: '/Users/dean/Documents/MORI/mechanical/renders/parts/Yaw_Reaction_Retainer_Nut.png'
PART_PREVIEW 162 165 MORI_V1__Yaw_Reaction_Retainer_Nut
01:06.476  render           | Saved: '/Users/dean/Documents/MORI/mechanical/renders/parts/Yaw_Reaction_Retainer_Screw.png'
PART_PREVIEW 163 165 MORI_V1__Yaw_Reaction_Retainer_Screw
01:06.874  render           | Saved: '/Users/dean/Documents/MORI/mechanical/renders/parts/Yaw_Servo.png'
PART_PREVIEW 164 165 MORI_V1__Yaw_Servo
01:07.282  render           | Saved: '/Users/dean/Documents/MORI/mechanical/renders/parts/Yaw_Turntable.png'
PART_PREVIEW 165 165 MORI_V1__Yaw_Turntable
CATALOG_COMPLETE
Blender 5.2.1 LTS (hash 9e2066aef7ef built 2026-08-25 01:35:57)

Blender quit
