00:00.387  blend            | Read blend: "/Users/dean/Documents/MORI/mechanical/mori_v1_2.blend"
MORI STL Battery_Tray PASS
MORI STL Body_Cheek_L PASS
MORI STL Body_Cheek_R PASS
MORI STL Body_Lower PASS
MORI STL Body_Top_Shroud PASS
MORI STL Body_Upper PASS
MORI STL Button_Cap PASS
MORI STL Camera_Baffle PASS
MORI STL Coupon_Insert PASS
MORI STL Coupon_Mating_Tab PASS
MORI STL Coupon_Plane_Fit PASS
MORI STL Display_Frame PASS
MORI STL Drive_Bridge PASS
MORI STL Head_Front PASS
MORI STL Head_Rear PASS
MORI STL Load_Frame PASS
MORI STL Mic_Duct_L PASS
MORI STL Mic_Duct_R PASS
MORI STL Motor_Retainer PASS
MORI STL Parking_Cradle PASS
MORI STL Pitch_Cable_Clip PASS
MORI STL Pitch_Cradle PASS
MORI STL Pitch_Yoke PASS
MORI STL Power_Board_Carrier PASS
MORI STL Speaker_Mount PASS
MORI STL Wheel_Cap_L PASS
MORI STL Wheel_Cap_R PASS
MORI STL Wheel_Coupler_L PASS
MORI STL Wheel_Coupler_R PASS
MORI STL Wheel_Hub_L PASS
MORI STL Wheel_Hub_R PASS
MORI STL Yaw_Base PASS
MORI STL Yaw_Reaction_Link PASS
MORI STL Yaw_Turntable PASS
Blender 5.2.1 LTS (hash 9e2066aef7ef built 2026-08-25 01:35:57)
Timer 'STL Import' took 0.57 ms
Timer 'STL Import' took 0.40 ms
Timer 'STL Import' took 0.37 ms
Timer 'STL Import' took 3.97 ms
Timer 'STL Import' took 0.10 ms
Timer 'STL Import' took 2.47 ms
Timer 'STL Import' took 88416 ns
Timer 'STL Import' took 0.10 ms
Timer 'STL Import' took 0.27 ms
Timer 'STL Import' took 43125 ns
Timer 'STL Import' took 61000 ns
Timer 'STL Import' took 0.77 ms
Timer 'STL Import' took 0.88 ms
Timer 'STL Import' took 1.31 ms
Timer 'STL Import' took 1.34 ms
Timer 'STL Import' took 0.74 ms
Timer 'STL Import' took 0.18 ms
Timer 'STL Import' took 0.16 ms
Timer 'STL Import' took 0.13 ms
Timer 'STL Import' took 0.12 ms
Timer 'STL Import' took 94375 ns
Timer 'STL Import' took 0.52 ms
Timer 'STL Import' took 0.70 ms
Timer 'STL Import' took 0.21 ms
Timer 'STL Import' took 0.50 ms
Timer 'STL Import' took 78708 ns
Timer 'STL Import' took 69125 ns
Timer 'STL Import' took 95917 ns
Timer 'STL Import' took 98500 ns
Timer 'STL Import' took 0.24 ms
Timer 'STL Import' took 92875 ns
Timer 'STL Import' took 0.78 ms
Timer 'STL Import' took 0.51 ms
Timer 'STL Import' took 1.03 ms

Blender quit
