00:00.328  blend            | Read blend: "/Users/dean/Documents/MORI/mechanical/mori_v1_2.blend"
SPATIAL_ENDPOINTS 1 7 12 16
SPATIAL_BODY_POOL pin1_slot7 429 kept 12
SPATIAL_ENDPOINTS 1 8 12 23
SPATIAL_BODY_POOL pin1_slot8 373 kept 12
SPATIAL_ENDPOINTS 1 9 12 28
SPATIAL_BODY_POOL pin1_slot9 430 kept 12
SPATIAL_ENDPOINTS 1 10 12 27
SPATIAL_BODY_POOL pin1_slot10 426 kept 12
SPATIAL_ENDPOINTS 2 7 13 16
SPATIAL_BODY_POOL pin2_slot7 502 kept 12
SPATIAL_ENDPOINTS 2 8 13 23
SPATIAL_BODY_POOL pin2_slot8 442 kept 12
SPATIAL_ENDPOINTS 2 9 13 28
SPATIAL_BODY_POOL pin2_slot9 488 kept 12
SPATIAL_ENDPOINTS 2 10 13 27
SPATIAL_BODY_POOL pin2_slot10 486 kept 12
SPATIAL_ENDPOINTS 3 7 12 16
SPATIAL_BODY_POOL pin3_slot7 349 kept 12
SPATIAL_ENDPOINTS 3 8 12 23
SPATIAL_BODY_POOL pin3_slot8 365 kept 12
SPATIAL_ENDPOINTS 3 9 12 28
SPATIAL_BODY_POOL pin3_slot9 352 kept 12
SPATIAL_ENDPOINTS 3 10 12 27
SPATIAL_BODY_POOL pin3_slot10 313 kept 12
SPATIAL_ENDPOINTS 4 7 14 16
SPATIAL_BODY_POOL pin4_slot7 406 kept 12
SPATIAL_ENDPOINTS 4 8 14 23
SPATIAL_BODY_POOL pin4_slot8 427 kept 12
SPATIAL_ENDPOINTS 4 9 14 28
SPATIAL_BODY_POOL pin4_slot9 419 kept 12
SPATIAL_ENDPOINTS 4 10 14 27
SPATIAL_BODY_POOL pin4_slot10 388 kept 12
SPATIAL_BODY_DONE PASS 192 {'fixed_wire_H01_1': 16850, 'fixed_wire_H04_2': 2, 'fixed_wire_H04_3': 3, 'Yaw_Base': 12319, 'Power_Module': 40, 'Plug_power_J3': 16, 'fixed_wire_H01_2': 1340, 'Body_Upper': 18591, 'Yaw_Reaction_Retainer_Screw': 77, 'fixed_wire_H04_5': 44, 'fixed_wire_H04_4': 103, 'fixed_wire_H04_7': 539, 'Plug_power_J2': 8, 'Yaw_Reaction_Link': 46}
Blender 5.2.2 LTS (hash d13f752e3b9c built 2026-09-15 01:49:19)

Blender quit
