00:00.306  blend            | Read blend: "/Users/dean/Documents/MORI/mechanical/mori_v1_2.blend"
BODY_PREFIX 1 7 valid 0
BODY_PREFIX 1 8 valid 0
BODY_PREFIX 1 9 valid 0
BODY_PREFIX 1 10 valid 0
BODY_PREFIX 2 7 valid 0
BODY_PREFIX 2 8 valid 0
BODY_PREFIX 2 9 valid 0
BODY_PREFIX 2 10 valid 0
BODY_PREFIX 3 7 valid 0
BODY_PREFIX 3 8 valid 0
BODY_PREFIX 3 9 valid 0
BODY_PREFIX 3 10 valid 0
BODY_PREFIX 4 7 valid 0
BODY_PREFIX 4 8 valid 0
BODY_PREFIX 4 9 valid 0
BODY_PREFIX 4 10 valid 0
BODY_PREFIX_SCREEN BLOCKED 0 {'MCU_Carrier': 102, 'Power_Module': 194, 'Yaw_Base': 144, 'Body_Upper': 112, 'MCU_Motion': 23, 'Plug_power_J5': 1}
Blender 5.2.2 LTS (hash d13f752e3b9c built 2026-09-15 01:49:19)

Blender quit
