00:00.302  blend            | Read blend: "/Users/dean/Documents/MORI/mechanical/mori_v1_2.blend"
ALIGNED_POOL pin1_slot7 12
ALIGNED_POOL pin1_slot8 12
ALIGNED_POOL pin1_slot9 12
ALIGNED_POOL pin1_slot10 12
ALIGNED_POOL pin2_slot7 12
ALIGNED_POOL pin2_slot8 12
ALIGNED_POOL pin2_slot9 12
ALIGNED_POOL pin2_slot10 12
ALIGNED_POOL pin3_slot7 12
ALIGNED_POOL pin3_slot8 12
ALIGNED_POOL pin3_slot9 12
ALIGNED_POOL pin3_slot10 12
ALIGNED_POOL pin4_slot7 12
ALIGNED_POOL pin4_slot8 12
ALIGNED_POOL pin4_slot9 12
ALIGNED_POOL pin4_slot10 12
ALIGNED_BODY_DONE PASS 192 rejected 0
Blender 5.2.2 LTS (hash d13f752e3b9c built 2026-09-15 01:49:19)

Blender quit
