00:00.284  blend            | Read blend: "/Users/dean/Documents/MORI/mechanical/mori_v1_2.blend"
LAYERED_POOL pin1_slot7 12
LAYERED_POOL pin1_slot8 12
LAYERED_POOL pin1_slot9 12
LAYERED_POOL pin1_slot10 12
LAYERED_POOL pin2_slot7 12
LAYERED_POOL pin2_slot8 12
LAYERED_POOL pin2_slot9 12
LAYERED_POOL pin2_slot10 12
LAYERED_POOL pin3_slot7 16
LAYERED_POOL pin3_slot8 18
LAYERED_POOL pin3_slot9 18
LAYERED_POOL pin3_slot10 19
LAYERED_POOL pin4_slot7 24
LAYERED_POOL pin4_slot8 27
LAYERED_POOL pin4_slot9 27
LAYERED_POOL pin4_slot10 25
LAYERED_BODY_DONE PASS 270 rejected 306
Blender 5.2.2 LTS (hash d13f752e3b9c built 2026-09-15 01:49:19)

Blender quit
