00:00.306  blend            | Read blend: "/Users/dean/Documents/MORI/mechanical/mori_v1_2.blend"
CAM_UPPER 0 -20 hits 0
CAM_UPPER 0 -15 hits 0
CAM_UPPER 0 -10 hits 0
CAM_UPPER 0 -5 hits 0
CAM_UPPER 0 0 hits 0
CAM_UPPER 0 5 hits 0
CAM_UPPER 0 10 hits 0
CAM_UPPER 0 15 hits 0
CAM_UPPER 0 20 hits 0
CAM_UPPER 0 25 hits 0
CAM_UPPER 1 -20 hits 0
CAM_UPPER 1 -15 hits 0
CAM_UPPER 1 -10 hits 0
CAM_UPPER 1 -5 hits 0
CAM_UPPER 1 0 hits 0
CAM_UPPER 1 5 hits 0
CAM_UPPER 1 10 hits 0
CAM_UPPER 1 15 hits 0
CAM_UPPER 1 20 hits 0
CAM_UPPER 1 25 hits 0
CAM_UPPER 2 -20 hits 0
CAM_UPPER 2 -15 hits 0
CAM_UPPER 2 -10 hits 0
CAM_UPPER 2 -5 hits 0
CAM_UPPER 2 0 hits 0
CAM_UPPER 2 5 hits 0
CAM_UPPER 2 10 hits 0
CAM_UPPER 2 15 hits 0
CAM_UPPER 2 20 hits 0
CAM_UPPER 2 25 hits 0
CAM_UPPER 3 -20 hits 0
CAM_UPPER 3 -15 hits 0
CAM_UPPER 3 -10 hits 0
CAM_UPPER 3 -5 hits 0
CAM_UPPER 3 0 hits 0
CAM_UPPER 3 5 hits 0
CAM_UPPER 3 10 hits 0
CAM_UPPER 3 15 hits 0
CAM_UPPER 3 20 hits 0
CAM_UPPER 3 25 hits 0
CAM_UPPER_DONE PASS checks 600 hits 0
Blender 5.2.2 LTS (hash d13f752e3b9c built 2026-09-15 01:49:19)

Blender quit
