00:00.265  blend            | Read blend: "/Users/dean/Documents/MORI/mechanical/mori_v1_2.blend"
{
  "ports": {
    "motion_J5": {
      "axis": [
        0.0,
        0.0,
        1.0
      ],
      "exit_face_mm": [
        18.5,
        -45.025001525878906,
        130.63999938964844
      ],
      "pins": {
        "1": [
          15.5,
          -45.025001525878906,
          130.63999938964844
        ],
        "2": [
          17.5,
          -45.025001525878906,
          130.63999938964844
        ],
        "3": [
          19.5,
          -45.025001525878906,
          130.63999938964844
        ],
        "4": [
          21.5,
          -45.025001525878906,
          130.63999938964844
        ]
      },
      "housing_bounds_mm": [
        [
          13.600000381469727,
          -47.275001525878906,
          123.79000091552734
        ],
        [
          23.399999618530273,
          -42.775001525878906,
          130.63999938964844
        ]
      ],
      "evidence": "Native PCB pin centers projected to nominal mate allocation; actual crimp exits pending"
    },
    "power_J9": {
      "axis": [
        0.0,
        0.0,
        1.0
      ],
      "exit_face_mm": [
        26.5,
        -12.525000095367432,
        130.94000244140625
      ],
      "pins": {
        "1": [
          24.0,
          -12.525000095367432,
          130.94000244140625
        ],
        "2": [
          26.5,
          -12.525000095367432,
          130.94000244140625
        ],
        "3": [
          29.0,
          -12.525000095367432,
          130.94000244140625
        ]
      },
      "housing_bounds_mm": [
        [
          21.600000381469727,
          -15.375,
          123.44000244140625
        ],
        [
          31.399999618530273,
          -9.675000190734863,
          130.94000244140625
        ]
      ],
      "evidence": "Native PCB pin centers projected to nominal mate allocation; actual crimp exits pending"
    },
    "power_J18": {
      "axis": [
        0.0,
        0.0,
        1.0
      ],
      "exit_face_mm": [
        -25.75,
        -20.024999618530273,
        130.94000244140625
      ],
      "pins": {
        "1": [
          -27.0,
          -20.024999618530273,
          130.94000244140625
        ],
        "2": [
          -24.5,
          -20.024999618530273,
          130.94000244140625
        ]
      },
      "housing_bounds_mm": [
        [
          -29.399999618530273,
          -22.875,
          123.44000244140625
        ],
        [
          -22.100000381469727,
          -17.174999237060547,
          130.94000244140625
        ]
      ],
      "evidence": "Native PCB pin centers projected to nominal mate allocation; actual crimp exits pending"
    }
  },
  "parts": {
    "Yaw_Base": {
      "group": "body",
      "bounds_mm": [
        [
          -47.099998474121094,
          -35.79999923706055,
          98.5
        ],
        [
          47.099998474121094,
          35.79999923706055,
          163.8000030517578
        ]
      ]
    },
    "Yaw_Reaction_Link": {
      "group": "body",
      "bounds_mm": [
        [
          -12.0,
          -12.0,
          139.70001220703125
        ],
        [
          11.98034954071045,
          12.0,
          196.0
        ]
      ]
    },
    "Load_Frame": {
      "group": "body",
      "bounds_mm": [
        [
          -52.0,
          -64.0,
          66.5
        ],
        [
          52.0,
          50.0,
          121.0
        ]
      ]
    },
    "Pitch_Yoke": {
      "group": "yaw",
      "bounds_mm": [
        [
          -48.48827362060547,
          -48.488243103027344,
          149.0
        ],
        [
          48.48821258544922,
          24.850000381469727,
          234.60000610351562
        ]
      ]
    },
    "Display_PCB": {
      "group": "pitch",
      "bounds_mm": [
        [
          -27.5,
          39.849998474121094,
          194.50074768066406
        ],
        [
          27.5,
          49.20000076293945,
          249.50074768066406
        ]
      ]
    },
    "Speaker": {
      "group": "body",
      "bounds_mm": [
        [
          -28.0,
          49.39866256713867,
          112.39640808105469
        ],
        [
          28.0,
          70.23397827148438,
          143.3892059326172
        ]
      ]
    },
    "MCU_Carrier": {
      "group": "body",
      "bounds_mm": [
        [
          -35.0,
          -61.5,
          119.24
        ],
        [
          35.0,
          -26.5,
          128.64000000000001
        ]
      ]
    },
    "Power_Module": {
      "group": "body",
      "bounds_mm": [
        [
          -40.0,
          -24.5,
          117.74
        ],
        [
          40.0,
          30.5,
          137.1
        ]
      ]
    },
    "CAM_Mainboard": {
      "group": "pitch",
      "bounds_mm": [
        [
          -18.5,
          -25.8,
          215.47
        ],
        [
          18.57,
          -19.0,
          253.5
        ]
      ]
    },
    "Camera_PCB": {
      "group": "pitch",
      "bounds_mm": [
        [
          -4.1,
          24.423535868525505,
          261.99599771499635
        ],
        [
          4.1,
          26.142893007397653,
          270.1235155433416
        ]
      ]
    },
    "Yaw_Servo": {
      "group": "yaw",
      "bounds_mm": [
        [
          -6.050004005432129,
          -10.550002098083496,
          195.1999969482422
        ],
        [
          6.050006866455078,
          21.950000762939453,
          220.4499969482422
        ]
      ]
    },
    "Pitch_Servo": {
      "group": "yaw",
      "bounds_mm": [
        [
          -35.625,
          -6.050002098083496,
          200.0500030517578
        ],
        [
          -10.374998092651367,
          6.05000114440918,
          232.5500030517578
        ]
      ]
    }
  },
  "neck_endpoints": [
    {
      "id": 0,
      "OD_mm": 1.4224,
      "angle_deg": 5,
      "body_end_mm": [
        10.559663799772503,
        0.9238508731251766,
        130.0
      ],
      "yaw_end_mm": [
        15.142159410994532,
        1.324767289764404,
        200.0
      ],
      "electrical_assignment": null
    },
    {
      "id": 1,
      "OD_mm": 1.4224,
      "angle_deg": 20,
      "body_end_mm": [
        9.960741780330629,
        3.6254135192520884,
        130.0
      ],
      "yaw_end_mm": [
        14.283327835945807,
        5.1987061785501645,
        200.0
      ],
      "electrical_assignment": null
    },
    {
      "id": 2,
      "OD_mm": 1.4224,
      "angle_deg": 35,
      "body_end_mm": [
        8.683011669463312,
        6.079910225321088,
        130.0
      ],
      "yaw_end_mm": [
        12.451111073192674,
        8.7183618325359,
        200.0
      ],
      "electrical_assignment": null
    },
    {
      "id": 3,
      "OD_mm": 1.4224,
      "angle_deg": 125,
      "body_end_mm": [
        -6.079910225321089,
        8.683011669463312,
        130.0
      ],
      "yaw_end_mm": [
        -8.718361832535901,
        12.451111073192672,
        200.0
      ],
      "electrical_assignment": null
    },
    {
      "id": 4,
      "OD_mm": 1.4224,
      "angle_deg": 145,
      "body_end_mm": [
        -8.683011669463314,
        6.079910225321087,
        130.0
      ],
      "yaw_end_mm": [
        -12.451111073192676,
        8.718361832535898,
        200.0
      ],
      "electrical_assignment": null
    },
    {
      "id": 5,
      "OD_mm": 1.4224,
      "angle_deg": 165,
      "body_end_mm": [
        -10.238813758664122,
        2.7434818780867225,
        130.0
      ],
      "yaw_end_mm": [
        -14.682072559593836,
        3.9340494855583192,
        200.0
      ],
      "electrical_assignment": null
    },
    {
      "id": 6,
      "OD_mm": 1.4224,
      "angle_deg": 350,
      "body_end_mm": [
        10.438962181929405,
        -1.840670683269462,
        130.0
      ],
      "yaw_end_mm": [
        14.969077845785561,
        -2.6394523005373416,
        200.0
      ],
      "electrical_assignment": null
    },
    {
      "id": 7,
      "OD_mm": 0.6604,
      "angle_deg": 43.5,
      "body_end_mm": [
        7.68896833273025,
        7.2965585023537916,
        130.0
      ],
      "yaw_end_mm": [
        11.025690439386773,
        10.462989550545059,
        200.0
      ],
      "electrical_assignment": null
    },
    {
      "id": 8,
      "OD_mm": 0.6604,
      "angle_deg": 135,
      "body_end_mm": [
        -7.495331880577403,
        7.495331880577404,
        130.0
      ],
      "yaw_end_mm": [
        -10.74802307403552,
        10.748023074035522,
        200.0
      ],
      "electrical_assignment": null
    },
    {
      "id": 9,
      "OD_mm": 0.6604,
      "angle_deg": 155,
      "body_end_mm": [
        -9.60686254258849,
        4.479753574451414,
        130.0
      ],
      "yaw_end_mm": [
        -13.775878362957078,
        6.423797578458632,
        200.0
      ],
      "electrical_assignment": null
    },
    {
      "id": 10,
      "OD_mm": 0.6604,
      "angle_deg": 175,
      "body_end_mm": [
        -10.559663799772503,
        0.9238508731251768,
        130.0
      ],
      "yaw_end_mm": [
        -15.142159410994532,
        1.3247672897644045,
        200.0
      ],
      "electrical_assignment": null
    }
  ]
}
Blender 5.2.2 LTS (hash d13f752e3b9c built 2026-09-15 01:49:19)

Blender quit
