00:00.519  blend            | Read blend: "/Users/dean/Documents/MORI/mechanical/mori_v1_2.blend"
POWER_PREFIX_POOL P_J9_1_slot0_lead5 entry 0 exit 0 found 0 kept 0
POWER_PREFIX_POOL P_J9_1_slot1_lead5 entry 0 exit 0 found 0 kept 0
POWER_PREFIX_POOL P_J9_1_slot2_lead5 entry 0 exit 0 found 0 kept 0
POWER_PREFIX_POOL P_J9_1_slot3_lead5 entry 0 exit 0 found 0 kept 0
POWER_PREFIX_POOL P_J9_1_slot4_lead5 entry 0 exit 0 found 0 kept 0
POWER_PREFIX_POOL P_J9_1_slot5_lead5 entry 0 exit 0 found 0 kept 0
POWER_PREFIX_POOL P_J9_1_slot6_lead5 entry 0 exit 0 found 0 kept 0
POWER_PREFIX_POOL P_J9_1_slot0_lead6.8 entry 0 exit 0 found 0 kept 0
POWER_PREFIX_POOL P_J9_1_slot1_lead6.8 entry 0 exit 0 found 0 kept 0
POWER_PREFIX_POOL P_J9_1_slot2_lead6.8 entry 0 exit 0 found 0 kept 0
POWER_PREFIX_POOL P_J9_1_slot3_lead6.8 entry 0 exit 0 found 0 kept 0
POWER_PREFIX_POOL P_J9_1_slot4_lead6.8 entry 0 exit 0 found 0 kept 0
POWER_PREFIX_POOL P_J9_1_slot5_lead6.8 entry 0 exit 0 found 0 kept 0
POWER_PREFIX_POOL P_J9_1_slot6_lead6.8 entry 0 exit 0 found 0 kept 0
POWER_PREFIX_POOL P_J9_1_slot0_lead8.6 entry 0 exit 0 found 0 kept 0
POWER_PREFIX_POOL P_J9_1_slot1_lead8.6 entry 0 exit 0 found 0 kept 0
POWER_PREFIX_POOL P_J9_1_slot2_lead8.6 entry 0 exit 0 found 0 kept 0
POWER_PREFIX_POOL P_J9_1_slot3_lead8.6 entry 0 exit 0 found 0 kept 0
POWER_PREFIX_POOL P_J9_1_slot4_lead8.6 entry 0 exit 0 found 0 kept 0
POWER_PREFIX_POOL P_J9_1_slot5_lead8.6 entry 0 exit 0 found 0 kept 0
POWER_PREFIX_POOL P_J9_1_slot6_lead8.6 entry 0 exit 0 found 0 kept 0
POWER_PREFIX_POOL P_J9_1_slot0_lead10.4 entry 0 exit 0 found 0 kept 0
POWER_PREFIX_POOL P_J9_1_slot1_lead10.4 entry 0 exit 0 found 0 kept 0
POWER_PREFIX_POOL P_J9_1_slot2_lead10.4 entry 0 exit 0 found 0 kept 0
POWER_PREFIX_POOL P_J9_1_slot3_lead10.4 entry 0 exit 0 found 0 kept 0
POWER_PREFIX_POOL P_J9_1_slot4_lead10.4 entry 0 exit 0 found 0 kept 0
POWER_PREFIX_POOL P_J9_1_slot5_lead10.4 entry 0 exit 0 found 0 kept 0
POWER_PREFIX_POOL P_J9_1_slot6_lead10.4 entry 0 exit 0 found 0 kept 0
POWER_PREFIX_POOL P_J9_2_slot0_lead5 entry 0 exit 0 found 0 kept 0
POWER_PREFIX_POOL P_J9_2_slot1_lead5 entry 0 exit 0 found 0 kept 0
POWER_PREFIX_POOL P_J9_2_slot2_lead5 entry 0 exit 0 found 0 kept 0
POWER_PREFIX_POOL P_J9_2_slot3_lead5 entry 0 exit 0 found 0 kept 0
POWER_PREFIX_POOL P_J9_2_slot4_lead5 entry 0 exit 0 found 0 kept 0
POWER_PREFIX_POOL P_J9_2_slot5_lead5 entry 0 exit 0 found 0 kept 0
POWER_PREFIX_POOL P_J9_2_slot6_lead5 entry 0 exit 0 found 0 kept 0
POWER_PREFIX_POOL P_J9_2_slot0_lead6.8 entry 0 exit 0 found 0 kept 0
POWER_PREFIX_POOL P_J9_2_slot1_lead6.8 entry 0 exit 0 found 0 kept 0
POWER_PREFIX_POOL P_J9_2_slot2_lead6.8 entry 0 exit 0 found 0 kept 0
POWER_PREFIX_POOL P_J9_2_slot3_lead6.8 entry 0 exit 0 found 0 kept 0
POWER_PREFIX_POOL P_J9_2_slot4_lead6.8 entry 0 exit 0 found 0 kept 0
POWER_PREFIX_POOL P_J9_2_slot5_lead6.8 entry 0 exit 0 found 0 kept 0
POWER_PREFIX_POOL P_J9_2_slot6_lead6.8 entry 0 exit 0 found 0 kept 0
POWER_PREFIX_POOL P_J9_2_slot0_lead8.6 entry 0 exit 0 found 0 kept 0
POWER_PREFIX_POOL P_J9_2_slot1_lead8.6 entry 0 exit 0 found 0 kept 0
POWER_PREFIX_POOL P_J9_2_slot2_lead8.6 entry 0 exit 0 found 0 kept 0
POWER_PREFIX_POOL P_J9_2_slot3_lead8.6 entry 0 exit 0 found 0 kept 0
POWER_PREFIX_POOL P_J9_2_slot4_lead8.6 entry 0 exit 0 found 0 kept 0
POWER_PREFIX_POOL P_J9_2_slot5_lead8.6 entry 0 exit 0 found 0 kept 0
POWER_PREFIX_POOL P_J9_2_slot6_lead8.6 entry 0 exit 0 found 0 kept 0
POWER_PREFIX_POOL P_J9_2_slot0_lead10.4 entry 0 exit 0 found 0 kept 0
POWER_PREFIX_POOL P_J9_2_slot1_lead10.4 entry 0 exit 0 found 0 kept 0
POWER_PREFIX_POOL P_J9_2_slot2_lead10.4 entry 0 exit 0 found 0 kept 0
POWER_PREFIX_POOL P_J9_2_slot3_lead10.4 entry 0 exit 0 found 0 kept 0
POWER_PREFIX_POOL P_J9_2_slot4_lead10.4 entry 0 exit 0 found 0 kept 0
POWER_PREFIX_POOL P_J9_2_slot5_lead10.4 entry 0 exit 0 found 0 kept 0
POWER_PREFIX_POOL P_J9_2_slot6_lead10.4 entry 0 exit 0 found 0 kept 0
POWER_PREFIX_POOL P_J9_3_slot0_lead5 entry 0 exit 0 found 0 kept 0
POWER_PREFIX_POOL P_J9_3_slot1_lead5 entry 0 exit 0 found 0 kept 0
POWER_PREFIX_POOL P_J9_3_slot2_lead5 entry 0 exit 0 found 0 kept 0
POWER_PREFIX_POOL P_J9_3_slot3_lead5 entry 0 exit 0 found 0 kept 0
POWER_PREFIX_POOL P_J9_3_slot4_lead5 entry 0 exit 0 found 0 kept 0
POWER_PREFIX_POOL P_J9_3_slot5_lead5 entry 0 exit 0 found 0 kept 0
POWER_PREFIX_POOL P_J9_3_slot6_lead5 entry 0 exit 0 found 0 kept 0
POWER_PREFIX_POOL P_J9_3_slot0_lead6.8 entry 0 exit 0 found 0 kept 0
POWER_PREFIX_POOL P_J9_3_slot1_lead6.8 entry 0 exit 0 found 0 kept 0
POWER_PREFIX_POOL P_J9_3_slot2_lead6.8 entry 0 exit 0 found 0 kept 0
POWER_PREFIX_POOL P_J9_3_slot3_lead6.8 entry 0 exit 0 found 0 kept 0
POWER_PREFIX_POOL P_J9_3_slot4_lead6.8 entry 0 exit 0 found 0 kept 0
POWER_PREFIX_POOL P_J9_3_slot5_lead6.8 entry 0 exit 0 found 0 kept 0
POWER_PREFIX_POOL P_J9_3_slot6_lead6.8 entry 0 exit 0 found 0 kept 0
POWER_PREFIX_POOL P_J18_1_slot0_lead5 entry 7 exit 0 found 0 kept 0
POWER_PREFIX_POOL P_J18_1_slot1_lead5 entry 7 exit 0 found 0 kept 0
POWER_PREFIX_POOL P_J18_1_slot2_lead5 entry 7 exit 0 found 0 kept 0
POWER_PREFIX_POOL P_J18_1_slot3_lead5 entry 7 exit 0 found 0 kept 0
POWER_PREFIX_POOL P_J18_1_slot4_lead5 entry 7 exit 0 found 0 kept 0
POWER_PREFIX_POOL P_J18_1_slot5_lead5 entry 7 exit 0 found 0 kept 0
POWER_PREFIX_POOL P_J18_1_slot6_lead5 entry 7 exit 0 found 0 kept 0
POWER_PREFIX_POOL P_J18_1_slot0_lead6.8 entry 0 exit 0 found 0 kept 0
POWER_PREFIX_POOL P_J18_1_slot1_lead6.8 entry 0 exit 0 found 0 kept 0
POWER_PREFIX_POOL P_J18_1_slot2_lead6.8 entry 0 exit 0 found 0 kept 0
POWER_PREFIX_POOL P_J18_1_slot3_lead6.8 entry 0 exit 0 found 0 kept 0
POWER_PREFIX_POOL P_J18_1_slot4_lead6.8 entry 0 exit 0 found 0 kept 0
POWER_PREFIX_POOL P_J18_1_slot5_lead6.8 entry 0 exit 0 found 0 kept 0
POWER_PREFIX_POOL P_J18_1_slot6_lead6.8 entry 0 exit 0 found 0 kept 0
POWER_PREFIX_POOL P_J18_1_slot0_lead8.6 entry 0 exit 0 found 0 kept 0
POWER_PREFIX_POOL P_J18_1_slot1_lead8.6 entry 0 exit 0 found 0 kept 0
POWER_PREFIX_POOL P_J18_1_slot2_lead8.6 entry 0 exit 0 found 0 kept 0
POWER_PREFIX_POOL P_J18_1_slot3_lead8.6 entry 0 exit 0 found 0 kept 0
POWER_PREFIX_POOL P_J18_1_slot4_lead8.6 entry 0 exit 0 found 0 kept 0
POWER_PREFIX_POOL P_J18_1_slot5_lead8.6 entry 0 exit 0 found 0 kept 0
POWER_PREFIX_POOL P_J18_1_slot6_lead8.6 entry 0 exit 0 found 0 kept 0
POWER_PREFIX_POOL P_J18_1_slot0_lead10.4 entry 0 exit 0 found 0 kept 0
POWER_PREFIX_POOL P_J18_1_slot1_lead10.4 entry 0 exit 0 found 0 kept 0
POWER_PREFIX_POOL P_J18_1_slot2_lead10.4 entry 0 exit 0 found 0 kept 0
POWER_PREFIX_POOL P_J18_1_slot3_lead10.4 entry 0 exit 0 found 0 kept 0
POWER_PREFIX_POOL P_J18_1_slot4_lead10.4 entry 0 exit 0 found 0 kept 0
POWER_PREFIX_POOL P_J18_1_slot5_lead10.4 entry 0 exit 0 found 0 kept 0
POWER_PREFIX_POOL P_J18_1_slot6_lead10.4 entry 0 exit 0 found 0 kept 0
POWER_PREFIX_POOL P_J18_2_slot0_lead5 entry 6 exit 0 found 0 kept 0
POWER_PREFIX_POOL P_J18_2_slot1_lead5 entry 6 exit 0 found 0 kept 0
POWER_PREFIX_POOL P_J18_2_slot2_lead5 entry 6 exit 0 found 0 kept 0
POWER_PREFIX_POOL P_J18_2_slot3_lead5 entry 6 exit 0 found 0 kept 0
POWER_PREFIX_POOL P_J18_2_slot4_lead5 entry 6 exit 0 found 0 kept 0
POWER_PREFIX_POOL P_J18_2_slot5_lead5 entry 6 exit 0 found 0 kept 0
POWER_PREFIX_POOL P_J18_2_slot6_lead5 entry 6 exit 0 found 0 kept 0
POWER_PREFIX_POOL P_J18_2_slot0_lead6.8 entry 0 exit 0 found 0 kept 0
POWER_PREFIX_POOL P_J18_2_slot1_lead6.8 entry 0 exit 0 found 0 kept 0
POWER_PREFIX_POOL P_J18_2_slot2_lead6.8 entry 0 exit 0 found 0 kept 0
POWER_PREFIX_POOL P_J18_2_slot3_lead6.8 entry 0 exit 0 found 0 kept 0
POWER_PREFIX_POOL P_J18_2_slot4_lead6.8 entry 0 exit 0 found 0 kept 0
POWER_PREFIX_POOL P_J18_2_slot5_lead6.8 entry 0 exit 0 found 0 kept 0
POWER_PREFIX_POOL P_J18_2_slot6_lead6.8 entry 0 exit 0 found 0 kept 0
POWER_PREFIX_POOL P_J18_2_slot0_lead8.6 entry 0 exit 0 found 0 kept 0
POWER_PREFIX_POOL P_J18_2_slot1_lead8.6 entry 0 exit 0 found 0 kept 0
POWER_PREFIX_POOL P_J18_2_slot2_lead8.6 entry 0 exit 0 found 0 kept 0
POWER_PREFIX_POOL P_J18_2_slot3_lead8.6 entry 0 exit 0 found 0 kept 0
POWER_PREFIX_POOL P_J18_2_slot4_lead8.6 entry 0 exit 0 found 0 kept 0
POWER_PREFIX_POOL P_J18_2_slot5_lead8.6 entry 0 exit 0 found 0 kept 0
POWER_PREFIX_POOL P_J18_2_slot6_lead8.6 entry 0 exit 0 found 0 kept 0
POWER_PREFIX_POOL P_J18_2_slot0_lead10.4 entry 0 exit 0 found 0 kept 0
POWER_PREFIX_POOL P_J18_2_slot1_lead10.4 entry 0 exit 0 found 0 kept 0
POWER_PREFIX_POOL P_J18_2_slot2_lead10.4 entry 0 exit 0 found 0 kept 0
POWER_PREFIX_POOL P_J18_2_slot3_lead10.4 entry 0 exit 0 found 0 kept 0
POWER_PREFIX_POOL P_J18_2_slot4_lead10.4 entry 0 exit 0 found 0 kept 0
POWER_PREFIX_POOL P_J18_2_slot5_lead10.4 entry 0 exit 0 found 0 kept 0
POWER_PREFIX_POOL P_J18_2_slot6_lead10.4 entry 0 exit 0 found 0 kept 0
POWER_PREFIX_DONE BLOCKED 0 seconds 26.317610025405884
Blender 5.2.2 LTS (hash d13f752e3b9c built 2026-09-15 01:49:19)

Blender quit
