00:00.335  blend            | Read blend: "/Users/dean/Documents/MORI/mechanical/mori_v1_2.blend"
SIGNAL_PHASE 55 BLOCKED {'object': 'Yaw_Base', 'point_mm': [4.634795883920588, 9.533030321696915, 148.34194444444444], 'surface_distance_mm': 0.6347956657409668, 'required_bound_mm': 0.635163474269599}
SIGNAL_PHASE 60 BLOCKED {'object': 'Yaw_Base', 'point_mm': [4.504130008196475, 9.595457929107084, 145.1213888888889], 'surface_distance_mm': 0.6304738521575928, 'required_bound_mm': 0.6351634742695995}
SIGNAL_PHASE 65 BLOCKED {'object': 'Yaw_Base', 'point_mm': [3.7015790487635196, 9.932689089353142, 144.87166666666667], 'surface_distance_mm': 0.628326416015625, 'required_bound_mm': 0.6351634742695997}
SIGNAL_PHASE 70 BLOCKED {'object': 'Yaw_Base', 'point_mm': [2.8218025278815726, 10.217506079941483, 144.87166666666667], 'surface_distance_mm': 0.628326416015625, 'required_bound_mm': 0.6351634742695994}
SIGNAL_PHASE 75 BLOCKED {'object': 'Yaw_Base', 'point_mm': [1.920550385911493, 10.424561679762617, 144.87166666666667], 'surface_distance_mm': 0.628326416015625, 'required_bound_mm': 0.6351634742695992}
SIGNAL_PHASE 80 BLOCKED {'object': 'Yaw_Base', 'point_mm': [1.0046816958446, 10.552280070678318, 144.87166666666667], 'surface_distance_mm': 0.628326416015625, 'required_bound_mm': 0.6351634742695997}
SIGNAL_PHASE 90 BLOCKED {'object': 'Yaw_Base', 'point_mm': [-0.8429658811271417, 10.566428371178954, 144.87166666666667], 'surface_distance_mm': 0.628326416015625, 'required_bound_mm': 0.6351634742695994}
SIGNAL_PHASE 100 BLOCKED {'object': 'Yaw_Base', 'point_mm': [-2.665000366362153, 10.259521092492065, 144.87166666666667], 'surface_distance_mm': 0.628326416015625, 'required_bound_mm': 0.6351634742695996}
SIGNAL_PHASE 110 BLOCKED {'object': 'Yaw_Base', 'point_mm': [-4.421259064537746, 9.633922787953141, 144.94916666666666], 'surface_distance_mm': 0.6298818588256836, 'required_bound_mm': 0.6351634742695993}
SIGNAL_PHASE 115 BLOCKED {'object': 'Yaw_Servo', 'point_mm': [-6.470750164472766, 13.7538864438011, 198.70833333333331], 'surface_distance_mm': 0.6346206665039062, 'required_bound_mm': 0.6351634742695995}
SIGNAL_PHASE 120 PASS None
SIGNAL_PHASE 185 BLOCKED {'object': 'Pitch_Yoke', 'point_mm': [-8.445992372929425, -5.772184407693328, 168.75027777777777], 'surface_distance_mm': 0.6350799202919006, 'required_bound_mm': 0.6351634742695991}
SIGNAL_PHASE 195 BLOCKED {'object': 'Yaw_Base', 'point_mm': [-9.988210430947953, -3.5490354164339486, 144.87166666666667], 'surface_distance_mm': 0.6335472464561462, 'required_bound_mm': 0.6351634742695992}
SIGNAL_PHASE 205 BLOCKED {'object': 'Yaw_Base', 'point_mm': [-9.220183538575803, -5.229552133306998, 144.87166666666667], 'surface_distance_mm': 0.628326416015625, 'required_bound_mm': 0.6351634742695995}
SIGNAL_PHASE 215 BLOCKED {'object': 'Yaw_Base', 'point_mm': [-8.172006035022017, -6.7511715548905835, 144.87166666666667], 'surface_distance_mm': 0.628326416015625, 'required_bound_mm': 0.6351634742695987}
SIGNAL_PHASE 225 BLOCKED {'object': 'Yaw_Base', 'point_mm': [-6.875526263328672, -8.06766004503646, 144.87166666666667], 'surface_distance_mm': 0.628326416015625, 'required_bound_mm': 0.6351634742695994}
SIGNAL_PHASE 240 BLOCKED {'object': 'Yaw_Base', 'point_mm': [-4.553184318009843, -9.57227833727317, 144.87166666666667], 'surface_distance_mm': 0.628326416015625, 'required_bound_mm': 0.6351634742695993}
SIGNAL_PHASE 270 BLOCKED {'object': 'Yaw_Base', 'point_mm': [0.8429658811271404, -10.566428371178954, 144.87166666666667], 'surface_distance_mm': 0.628326416015625, 'required_bound_mm': 0.6351634742695994}
SIGNAL_PHASE 300 BLOCKED {'object': 'Yaw_Base', 'point_mm': [6.0132440531691165, -8.729312456146031, 144.87166666666667], 'surface_distance_mm': 0.628326416015625, 'required_bound_mm': 0.6351634742695993}
SIGNAL_PHASE 325 BLOCKED {'object': 'Yaw_Base', 'point_mm': [9.139016767146865, -5.370137105308248, 144.87166666666667], 'surface_distance_mm': 0.628326416015625, 'required_bound_mm': 0.6351634742695994}
SIGNAL_PHASE 340 BLOCKED {'object': 'Yaw_Base', 'point_mm': [9.934946007898954, -3.6955172601589332, 144.94055555555556], 'surface_distance_mm': 0.6325883865356445, 'required_bound_mm': 0.635087248141522, 'yaw': -60, 'pitch': 0, 'group': 'body'}
SIGNAL_PHASE 345 BLOCKED {'object': 'Pitch_Yoke', 'point_mm': [4.899335787462637, -9.006193541339998, 155.3686111111111], 'surface_distance_mm': 0.6326014399528503, 'required_bound_mm': 0.6350036933900007, 'yaw': 60, 'pitch': 0, 'group': 'yaw'}
SIGNAL_PHASE 350 BLOCKED {'object': 'Pitch_Yoke', 'point_mm': [5.972393025251269, -8.305793318265499, 156.72916666666666], 'surface_distance_mm': 0.6343168616294861, 'required_bound_mm': 0.6350036933900008, 'yaw': 60, 'pitch': 0, 'group': 'yaw'}
Blender 5.2.2 LTS (hash d13f752e3b9c built 2026-09-15 01:49:19)

Blender quit
