00:00.305  blend            | Read blend: "/Users/dean/Documents/MORI/mechanical/mori_v1_2.blend"
UPPER_FAN_PIN 1 0 rejected 376
UPPER_FAN_OPTION 2 1 {'pin': 2, 'radius_mm': 7.0, 'lead_mm': 15.0, 'anchor_trim_mm': 0.0, 'waypoint_xy_mm': None}
UPPER_FAN_OPTION 2 2 {'pin': 2, 'radius_mm': 7.0, 'lead_mm': 15.0, 'anchor_trim_mm': 2.0, 'waypoint_xy_mm': None}
UPPER_FAN_OPTION 2 3 {'pin': 2, 'radius_mm': 7.0, 'lead_mm': 15.0, 'anchor_trim_mm': 4.0, 'waypoint_xy_mm': None}
UPPER_FAN_OPTION 2 4 {'pin': 2, 'radius_mm': 8.0, 'lead_mm': 15.0, 'anchor_trim_mm': 2.0, 'waypoint_xy_mm': None}
UPPER_FAN_OPTION 2 5 {'pin': 2, 'radius_mm': 8.0, 'lead_mm': 15.0, 'anchor_trim_mm': 4.0, 'waypoint_xy_mm': None}
UPPER_FAN_OPTION 2 6 {'pin': 2, 'radius_mm': 9.0, 'lead_mm': 15.0, 'anchor_trim_mm': 4.0, 'waypoint_xy_mm': None}
UPPER_FAN_PIN 2 6 rejected 209
UPPER_FAN_PIN 3 0 rejected 296
UPPER_FAN_OPTION 4 1 {'pin': 4, 'radius_mm': 7.0, 'lead_mm': 0.0, 'anchor_trim_mm': 0.0, 'waypoint_xy_mm': None}
UPPER_FAN_OPTION 4 2 {'pin': 4, 'radius_mm': 7.0, 'lead_mm': 1.5, 'anchor_trim_mm': 0.0, 'waypoint_xy_mm': None}
UPPER_FAN_OPTION 4 3 {'pin': 4, 'radius_mm': 7.0, 'lead_mm': 3.0, 'anchor_trim_mm': 0.0, 'waypoint_xy_mm': None}
UPPER_FAN_OPTION 4 4 {'pin': 4, 'radius_mm': 7.0, 'lead_mm': 4.5, 'anchor_trim_mm': 0.0, 'waypoint_xy_mm': None}
UPPER_FAN_OPTION 4 5 {'pin': 4, 'radius_mm': 7.0, 'lead_mm': 6.0, 'anchor_trim_mm': 0.0, 'waypoint_xy_mm': None}
UPPER_FAN_OPTION 4 6 {'pin': 4, 'radius_mm': 7.0, 'lead_mm': 9.0, 'anchor_trim_mm': 0.0, 'waypoint_xy_mm': None}
UPPER_FAN_OPTION 4 7 {'pin': 4, 'radius_mm': 7.0, 'lead_mm': 12.0, 'anchor_trim_mm': 0.0, 'waypoint_xy_mm': None}
UPPER_FAN_OPTION 4 8 {'pin': 4, 'radius_mm': 7.0, 'lead_mm': 15.0, 'anchor_trim_mm': 0.0, 'waypoint_xy_mm': None}
UPPER_FAN_OPTION 4 9 {'pin': 4, 'radius_mm': 7.0, 'lead_mm': 0.0, 'anchor_trim_mm': 2.0, 'waypoint_xy_mm': None}
UPPER_FAN_OPTION 4 10 {'pin': 4, 'radius_mm': 7.0, 'lead_mm': 1.5, 'anchor_trim_mm': 2.0, 'waypoint_xy_mm': None}
UPPER_FAN_OPTION 4 11 {'pin': 4, 'radius_mm': 7.0, 'lead_mm': 3.0, 'anchor_trim_mm': 2.0, 'waypoint_xy_mm': None}
UPPER_FAN_OPTION 4 12 {'pin': 4, 'radius_mm': 7.0, 'lead_mm': 4.5, 'anchor_trim_mm': 2.0, 'waypoint_xy_mm': None}
UPPER_FAN_PIN 4 12 rejected 0
UPPER_FAN_DONE BLOCKED 1331
Blender 5.2.2 LTS (hash d13f752e3b9c built 2026-09-15 01:49:19)

Blender quit
