00:00.254  blend            | Read blend: "/Users/dean/Documents/MORI/mechanical/mori_v1_2.blend"
UPPER_FAN_OPTION 3 1 {'pin': 3, 'radius_mm': 7.0, 'lead_mm': 10.5, 'anchor_trim_mm': 4.0, 'waypoint_xy_mm': [-9.0, 7.0]}
UPPER_FAN_OPTION 3 2 {'pin': 3, 'radius_mm': 7.0, 'lead_mm': 9.0, 'anchor_trim_mm': 4.0, 'waypoint_xy_mm': [-9.0, 7.0]}
UPPER_FAN_OPTION 3 3 {'pin': 3, 'radius_mm': 7.0, 'lead_mm': 7.5, 'anchor_trim_mm': 4.0, 'waypoint_xy_mm': [-9.0, 7.0]}
UPPER_FAN_OPTION 3 4 {'pin': 3, 'radius_mm': 7.0, 'lead_mm': 6.0, 'anchor_trim_mm': 4.0, 'waypoint_xy_mm': [-9.0, 7.0]}
UPPER_FAN_OPTION 3 5 {'pin': 3, 'radius_mm': 7.0, 'lead_mm': 7.5, 'anchor_trim_mm': 2.0, 'waypoint_xy_mm': [-9.0, 7.0]}
UPPER_FAN_OPTION 3 6 {'pin': 3, 'radius_mm': 7.0, 'lead_mm': 6.0, 'anchor_trim_mm': 2.0, 'waypoint_xy_mm': [-9.0, 7.0]}
UPPER_FAN_OPTION 3 7 {'pin': 3, 'radius_mm': 7.0, 'lead_mm': 9.0, 'anchor_trim_mm': 4.0, 'waypoint_xy_mm': [-8.0, 7.0]}
UPPER_FAN_OPTION 3 8 {'pin': 3, 'radius_mm': 7.0, 'lead_mm': 7.5, 'anchor_trim_mm': 4.0, 'waypoint_xy_mm': [-8.0, 7.0]}
UPPER_FAN_OPTION 3 9 {'pin': 3, 'radius_mm': 7.0, 'lead_mm': 6.0, 'anchor_trim_mm': 4.0, 'waypoint_xy_mm': [-8.0, 7.0]}
UPPER_FAN_OPTION 3 10 {'pin': 3, 'radius_mm': 7.0, 'lead_mm': 7.5, 'anchor_trim_mm': 2.0, 'waypoint_xy_mm': [-8.0, 7.0]}
UPPER_FAN_OPTION 3 11 {'pin': 3, 'radius_mm': 7.0, 'lead_mm': 6.0, 'anchor_trim_mm': 2.0, 'waypoint_xy_mm': [-8.0, 7.0]}
UPPER_FAN_OPTION 3 12 {'pin': 3, 'radius_mm': 8.0, 'lead_mm': 7.5, 'anchor_trim_mm': 4.0, 'waypoint_xy_mm': [-8.0, 7.0]}
UPPER_FAN_OPTION 3 13 {'pin': 3, 'radius_mm': 7.0, 'lead_mm': 9.0, 'anchor_trim_mm': 4.0, 'waypoint_xy_mm': [-9.0, 9.0]}
UPPER_FAN_OPTION 3 14 {'pin': 3, 'radius_mm': 7.0, 'lead_mm': 7.5, 'anchor_trim_mm': 4.0, 'waypoint_xy_mm': [-9.0, 9.0]}
UPPER_FAN_OPTION 3 15 {'pin': 3, 'radius_mm': 7.0, 'lead_mm': 6.0, 'anchor_trim_mm': 4.0, 'waypoint_xy_mm': [-9.0, 9.0]}
UPPER_FAN_OPTION 3 16 {'pin': 3, 'radius_mm': 7.0, 'lead_mm': 7.5, 'anchor_trim_mm': 2.0, 'waypoint_xy_mm': [-9.0, 9.0]}
UPPER_FAN_OPTION 3 17 {'pin': 3, 'radius_mm': 7.0, 'lead_mm': 6.0, 'anchor_trim_mm': 2.0, 'waypoint_xy_mm': [-9.0, 9.0]}
UPPER_FAN_OPTION 3 18 {'pin': 3, 'radius_mm': 8.0, 'lead_mm': 6.0, 'anchor_trim_mm': 4.0, 'waypoint_xy_mm': [-9.0, 9.0]}
UPPER_FAN_OPTION 3 19 {'pin': 3, 'radius_mm': 7.0, 'lead_mm': 9.0, 'anchor_trim_mm': 4.0, 'waypoint_xy_mm': [-8.0, 9.0]}
UPPER_FAN_OPTION 3 20 {'pin': 3, 'radius_mm': 7.0, 'lead_mm': 7.5, 'anchor_trim_mm': 4.0, 'waypoint_xy_mm': [-8.0, 9.0]}
UPPER_FAN_OPTION 3 21 {'pin': 3, 'radius_mm': 7.0, 'lead_mm': 6.0, 'anchor_trim_mm': 4.0, 'waypoint_xy_mm': [-8.0, 9.0]}
UPPER_FAN_OPTION 3 22 {'pin': 3, 'radius_mm': 7.0, 'lead_mm': 6.0, 'anchor_trim_mm': 2.0, 'waypoint_xy_mm': [-8.0, 9.0]}
UPPER_FAN_OPTION 3 23 {'pin': 3, 'radius_mm': 8.0, 'lead_mm': 6.0, 'anchor_trim_mm': 4.0, 'waypoint_xy_mm': [-8.0, 9.0]}
UPPER_FAN_OPTION 3 24 {'pin': 3, 'radius_mm': 7.0, 'lead_mm': 7.5, 'anchor_trim_mm': 4.0, 'waypoint_xy_mm': [-7.0, 9.0]}
UPPER_FAN_PIN 3 24 rejected 0
UPPER_FAN_OPTION 4 1 {'pin': 4, 'radius_mm': 7.0, 'lead_mm': 10.5, 'anchor_trim_mm': 4.0, 'waypoint_xy_mm': [-9.0, 7.0]}
UPPER_FAN_OPTION 4 2 {'pin': 4, 'radius_mm': 7.0, 'lead_mm': 9.0, 'anchor_trim_mm': 4.0, 'waypoint_xy_mm': [-9.0, 7.0]}
UPPER_FAN_OPTION 4 3 {'pin': 4, 'radius_mm': 7.0, 'lead_mm': 7.5, 'anchor_trim_mm': 4.0, 'waypoint_xy_mm': [-9.0, 7.0]}
UPPER_FAN_OPTION 4 4 {'pin': 4, 'radius_mm': 7.0, 'lead_mm': 6.0, 'anchor_trim_mm': 4.0, 'waypoint_xy_mm': [-9.0, 7.0]}
UPPER_FAN_OPTION 4 5 {'pin': 4, 'radius_mm': 7.0, 'lead_mm': 9.0, 'anchor_trim_mm': 2.0, 'waypoint_xy_mm': [-9.0, 7.0]}
UPPER_FAN_OPTION 4 6 {'pin': 4, 'radius_mm': 7.0, 'lead_mm': 7.5, 'anchor_trim_mm': 2.0, 'waypoint_xy_mm': [-9.0, 7.0]}
UPPER_FAN_OPTION 4 7 {'pin': 4, 'radius_mm': 7.0, 'lead_mm': 10.5, 'anchor_trim_mm': 4.0, 'waypoint_xy_mm': [-8.0, 7.0]}
UPPER_FAN_OPTION 4 8 {'pin': 4, 'radius_mm': 7.0, 'lead_mm': 9.0, 'anchor_trim_mm': 4.0, 'waypoint_xy_mm': [-8.0, 7.0]}
UPPER_FAN_OPTION 4 9 {'pin': 4, 'radius_mm': 7.0, 'lead_mm': 7.5, 'anchor_trim_mm': 4.0, 'waypoint_xy_mm': [-8.0, 7.0]}
UPPER_FAN_OPTION 4 10 {'pin': 4, 'radius_mm': 7.0, 'lead_mm': 6.0, 'anchor_trim_mm': 4.0, 'waypoint_xy_mm': [-8.0, 7.0]}
UPPER_FAN_OPTION 4 11 {'pin': 4, 'radius_mm': 7.0, 'lead_mm': 7.5, 'anchor_trim_mm': 2.0, 'waypoint_xy_mm': [-8.0, 7.0]}
UPPER_FAN_OPTION 4 12 {'pin': 4, 'radius_mm': 7.0, 'lead_mm': 6.0, 'anchor_trim_mm': 2.0, 'waypoint_xy_mm': [-8.0, 7.0]}
UPPER_FAN_OPTION 4 13 {'pin': 4, 'radius_mm': 7.0, 'lead_mm': 12.0, 'anchor_trim_mm': 4.0, 'waypoint_xy_mm': [-9.0, 9.0]}
UPPER_FAN_OPTION 4 14 {'pin': 4, 'radius_mm': 7.0, 'lead_mm': 10.5, 'anchor_trim_mm': 4.0, 'waypoint_xy_mm': [-9.0, 9.0]}
UPPER_FAN_OPTION 4 15 {'pin': 4, 'radius_mm': 7.0, 'lead_mm': 9.0, 'anchor_trim_mm': 4.0, 'waypoint_xy_mm': [-9.0, 9.0]}
UPPER_FAN_OPTION 4 16 {'pin': 4, 'radius_mm': 7.0, 'lead_mm': 7.5, 'anchor_trim_mm': 4.0, 'waypoint_xy_mm': [-9.0, 9.0]}
UPPER_FAN_OPTION 4 17 {'pin': 4, 'radius_mm': 7.0, 'lead_mm': 6.0, 'anchor_trim_mm': 4.0, 'waypoint_xy_mm': [-9.0, 9.0]}
UPPER_FAN_OPTION 4 18 {'pin': 4, 'radius_mm': 7.0, 'lead_mm': 9.0, 'anchor_trim_mm': 2.0, 'waypoint_xy_mm': [-9.0, 9.0]}
UPPER_FAN_OPTION 4 19 {'pin': 4, 'radius_mm': 7.0, 'lead_mm': 10.5, 'anchor_trim_mm': 4.0, 'waypoint_xy_mm': [-8.0, 9.0]}
UPPER_FAN_OPTION 4 20 {'pin': 4, 'radius_mm': 7.0, 'lead_mm': 9.0, 'anchor_trim_mm': 4.0, 'waypoint_xy_mm': [-8.0, 9.0]}
UPPER_FAN_OPTION 4 21 {'pin': 4, 'radius_mm': 7.0, 'lead_mm': 7.5, 'anchor_trim_mm': 4.0, 'waypoint_xy_mm': [-8.0, 9.0]}
UPPER_FAN_OPTION 4 22 {'pin': 4, 'radius_mm': 7.0, 'lead_mm': 6.0, 'anchor_trim_mm': 4.0, 'waypoint_xy_mm': [-8.0, 9.0]}
UPPER_FAN_OPTION 4 23 {'pin': 4, 'radius_mm': 7.0, 'lead_mm': 9.0, 'anchor_trim_mm': 2.0, 'waypoint_xy_mm': [-8.0, 9.0]}
UPPER_FAN_OPTION 4 24 {'pin': 4, 'radius_mm': 7.0, 'lead_mm': 7.5, 'anchor_trim_mm': 2.0, 'waypoint_xy_mm': [-8.0, 9.0]}
UPPER_FAN_PIN 4 24 rejected 0
UPPER_FAN_DONE PASS 1200
Blender 5.2.2 LTS (hash d13f752e3b9c built 2026-09-15 01:49:19)

Blender quit
