00:00.345  blend            | Read blend: "/Users/dean/Documents/MORI/mechanical/mori_v1_2.blend"
PRELIMINARY 115 baseline collisions
MOTION_OPTIONS [([0, -39], 121, 1.715), ([0, -40], 121, 1.715), ([0, -41], 121, 1.715), ([0, -42], 121, 1.715), ([0, -43], 121, 1.715), ([0, -44], 121, 1.715)]
IMU_OPTIONS [([-32, 39], 119.5, 2.0), ([-47, 35], 123, 2.0), ([-48, 34], 123, 2.0), ([-49, 33], 123, 2.0), ([-49, 34], 123, 2.0), ([-50, 33], 123, 1.945), ([47, 35], 123, 2.0), ([48, 34], 123, 2.0), ([49, 33], 123, 2.0)]
CAPACITY_GRID [0, -39] [-32, 39] best 48
CAPACITY_GRID [0, -39] [-47, 35] best 48
CAPACITY_GRID [0, -39] [-48, 34] best 48
CAPACITY_GRID [0, -39] [-49, 33] best 48
CAPACITY_GRID [0, -39] [-49, 34] best 48
CAPACITY_GRID [0, -39] [-50, 33] best 51
CAPACITY_GRID [0, -39] [47, 35] best 51
CAPACITY_GRID [0, -39] [48, 34] best 51
CAPACITY_GRID [0, -39] [49, 33] best 51
CAPACITY_GRID [0, -40] [-32, 39] best 51
CAPACITY_GRID [0, -40] [-47, 35] best 51
CAPACITY_GRID [0, -40] [-48, 34] best 51
CAPACITY_GRID [0, -40] [-49, 33] best 51
CAPACITY_GRID [0, -40] [-49, 34] best 51
CAPACITY_GRID [0, -40] [-50, 33] best 53
CAPACITY_GRID [0, -40] [47, 35] best 53
CAPACITY_GRID [0, -40] [48, 34] best 53
CAPACITY_GRID [0, -40] [49, 33] best 53
CAPACITY_GRID [0, -41] [-32, 39] best 53
CAPACITY_GRID [0, -41] [-47, 35] best 53
CAPACITY_GRID [0, -41] [-48, 34] best 53
CAPACITY_GRID [0, -41] [-49, 33] best 53
CAPACITY_GRID [0, -41] [-49, 34] best 53
CAPACITY_GRID [0, -41] [-50, 33] best 53
CAPACITY_GRID [0, -41] [47, 35] best 53
CAPACITY_GRID [0, -41] [48, 34] best 53
CAPACITY_GRID [0, -41] [49, 33] best 53
CAPACITY_GRID [0, -42] [-32, 39] best 53
CAPACITY_GRID [0, -42] [-47, 35] best 53
CAPACITY_GRID [0, -42] [-48, 34] best 53
CAPACITY_GRID [0, -42] [-49, 33] best 53
CAPACITY_GRID [0, -42] [-49, 34] best 53
CAPACITY_GRID [0, -42] [-50, 33] best 55
CAPACITY_GRID [0, -42] [47, 35] best 55
CAPACITY_GRID [0, -42] [48, 34] best 55
CAPACITY_GRID [0, -42] [49, 33] best 55
CAPACITY_GRID [0, -43] [-32, 39] best 55
CAPACITY_GRID [0, -43] [-47, 35] best 55
CAPACITY_GRID [0, -43] [-48, 34] best 55
CAPACITY_GRID [0, -43] [-49, 33] best 55
CAPACITY_GRID [0, -43] [-49, 34] best 55
CAPACITY_GRID [0, -43] [-50, 33] best 55
CAPACITY_GRID [0, -43] [47, 35] best 55
CAPACITY_GRID [0, -43] [48, 34] best 55
CAPACITY_GRID [0, -43] [49, 33] best 55
CAPACITY_GRID [0, -44] [-32, 39] best 55
CAPACITY_GRID [0, -44] [-47, 35] best 55
CAPACITY_GRID [0, -44] [-48, 34] best 55
CAPACITY_GRID [0, -44] [-49, 33] best 55
CAPACITY_GRID [0, -44] [-49, 34] best 55
CAPACITY_GRID [0, -44] [-50, 33] best 57
CAPACITY_GRID [0, -44] [47, 35] best 57
CAPACITY_GRID [0, -44] [48, 34] best 57
CAPACITY_GRID [0, -44] [49, 33] best 57
P2_FIT_ANALYSIS_COMPLETE {"width_mm": 82, "depth_mm": 57, "center_y_mm": 3, "pcb_dielectric_bottom_z_mm": 119.5, "motion": {"center": [0, -44], "z": 121, "angle": 0}, "imu": {"center": [-50, 33], "z": 123, "angle": 90}, "next_depth_blocker": {"part": "Speaker_Lead", "gap_mm": 0.799, "intersection_mm3": 0}}
Blender 5.2.1 LTS (hash 9e2066aef7ef built 2026-08-25 01:35:57)

Blender quit
