00:00.459  blend            | Read blend: "/Users/dean/Documents/MORI/mechanical/mori_v1_2.blend"
{
  "Body_Upper": [
    [
      -79.23107147216797,
      79.23095703125
    ],
    [
      -78.87885284423828,
      78.87886047363281
    ],
    [
      100.20001220703125,
      172.0
    ]
  ],
  "Body_Lower": [
    [
      -68.36666870117188,
      68.36662292480469
    ],
    [
      -78.78633117675781,
      78.78630828857422
    ],
    [
      20.0,
      99.79998779296875
    ]
  ],
  "Head_Front": [
    [
      -59.99351501464844,
      59.993473052978516
    ],
    [
      0.20001220703125,
      51.977088928222656
    ],
    [
      175.5,
      281.9950866699219
    ]
  ],
  "Head_Rear": [
    [
      -59.99351119995117,
      59.993473052978516
    ],
    [
      -60.00003433227539,
      -0.20001220703125
    ],
    [
      175.5,
      281.9950866699219
    ]
  ],
  "Camera_Baffle": [
    [
      -3.8499999046325684,
      3.8499999046325684
    ],
    [
      38.349998474121094,
      42.04999923706055
    ],
    [
      256.1499938964844,
      263.8500061035156
    ]
  ],
  "Pitch_Cable_Clip": [
    [
      26.0,
      32.0
    ],
    [
      -10.0,
      -4.0
    ],
    [
      220.0,
      224.0
    ]
  ],
  "Wheel_Hub_L": [
    [
      -75.5,
      -60.5
    ],
    [
      -42.0,
      42.0
    ],
    [
      10.5,
      94.5
    ]
  ],
  "Wheel_Cap_L": [
    [
      -78.20000457763672,
      -76.79999542236328
    ],
    [
      -41.79999923706055,
      41.79999923706055
    ],
    [
      10.700000762939453,
      94.30000305175781
    ]
  ],
  "Wheel_Coupler_L": [
    [
      -29.0,
      -27.0
    ],
    [
      -7.0,
      7.0
    ],
    [
      45.5,
      59.5
    ]
  ],
  "Wheel_Hub_R": [
    [
      60.5,
      75.5
    ],
    [
      -42.0,
      42.0
    ],
    [
      10.5,
      94.5
    ]
  ],
  "Wheel_Cap_R": [
    [
      76.79999542236328,
      78.20000457763672
    ],
    [
      -41.79999923706055,
      41.79999923706055
    ],
    [
      10.700000762939453,
      94.30000305175781
    ]
  ],
  "Wheel_Coupler_R": [
    [
      27.0,
      29.0
    ],
    [
      -7.0,
      7.0
    ],
    [
      45.5,
      59.5
    ]
  ],
  "Button_Cap": [
    [
      -3.9000000953674316,
      3.9000000953674316
    ],
    [
      -65.97579956054688,
      -60.353885650634766
    ],
    [
      146.5685272216797,
      153.3074493408203
    ]
  ],
  "Body_Top_Shroud": [
    [
      -35.79999923706055,
      35.79999923706055
    ],
    [
      -35.79999923706055,
      35.79999923706055
    ],
    [
      162.1999969482422,
      163.8000030517578
    ]
  ],
  "Battery_Tray": [
    [
      -45.0,
      45.0
    ],
    [
      -35.0,
      35.0
    ],
    [
      72.5,
      84.0
    ]
  ],
  "Pitch_Cradle": [
    [
      -51.0,
      51.0
    ],
    [
      -34.0,
      28.0
    ],
    [
      212.0,
      254.0
    ]
  ],
  "Yaw_Turntable": [
    [
      -48.48827362060547,
      48.48821258544922
    ],
    [
      -48.488243103027344,
      20.0
    ],
    [
      149.0,
      193.0
    ]
  ],
  "Body_Cheek_L": [
    [
      -51.0,
      -38.5
    ],
    [
      -22.0,
      24.5
    ],
    [
      66.5,
      111.0
    ]
  ],
  "Body_Cheek_R": [
    [
      38.5,
      51.0
    ],
    [
      -22.0,
      24.5
    ],
    [
      66.5,
      111.0
    ]
  ],
  "Load_Frame": [
    [
      -55.0,
      55.0
    ],
    [
      -55.5,
      51.0
    ],
    [
      111.0,
      118.0
    ]
  ],
  "Drive_Bridge": [
    [
      -52.0,
      52.0
    ],
    [
      -28.299999237060547,
      28.299999237060547
    ],
    [
      42.0,
      66.5
    ]
  ],
  "Motor_Retainer": [
    [
      -27.5,
      27.5
    ],
    [
      -28.299999237060547,
      28.299999237060547
    ],
    [
      39.5,
      42.0
    ]
  ],
  "Pitch_Yoke": [
    [
      -42.0,
      42.0
    ],
    [
      -16.5,
      23.0
    ],
    [
      185.0,
      234.0
    ]
  ],
  "Yaw_Base": [
    [
      -55.0,
      55.0
    ],
    [
      -27.0,
      27.0
    ],
    [
      115.0,
      161.0
    ]
  ],
  "Yaw_Reaction_Link": [
    [
      -10.0,
      10.5
    ],
    [
      -10.0,
      10.0
    ],
    [
      139.70001220703125,
      196.0
    ]
  ],
  "Power_Board_Carrier": [
    [
      -41.5,
      41.5
    ],
    [
      -20.0,
      32.0
    ],
    [
      115.0,
      117.0
    ]
  ],
  "Display_Frame": [
    [
      -43.79999923706055,
      43.79999923706055
    ],
    [
      21.0,
      40.10000228881836
    ],
    [
      203.69076538085938,
      263.0
    ]
  ],
  "Speaker_Mount": [
    [
      -29.0,
      29.0
    ],
    [
      32.90747833251953,
      74.0466537475586
    ],
    [
      106.29744720458984,
      155.4525604248047
    ]
  ],
  "Mic_Duct_L": [
    [
      -20.145166397094727,
      -14.70249080657959
    ],
    [
      -48.92317199707031,
      -25.04999542236328
    ],
    [
      235.62673950195312,
      250.67628479003906
    ]
  ],
  "Mic_Duct_R": [
    [
      14.70249080657959,
      20.145166397094727
    ],
    [
      -48.92316436767578,
      -25.04999542236328
    ],
    [
      235.62673950195312,
      250.67628479003906
    ]
  ],
  "Display_PCB": [
    [
      -27.5,
      27.5
    ],
    [
      39.849998474121094,
      49.20000076293945
    ],
    [
      194.50074768066406,
      249.50074768066406
    ]
  ],
  "Speaker": [
    [
      -20.0,
      20.0
    ],
    [
      42.14120101928711,
      73.04664611816406
    ],
    [
      113.6893081665039,
      153.72052001953125
    ]
  ],
  "Speaker_Gasket": [
    [
      -19.399999618530273,
      19.399999618530273
    ],
    [
      53.34664535522461,
      73.78588104248047
    ],
    [
      119.59912109375,
      153.8009033203125
    ]
  ],
  "Battery": [
    [
      -35.5,
      35.5
    ],
    [
      -27.5,
      27.5
    ],
    [
      76.0,
      96.0
    ]
  ],
  "MCU_Motion": [
    [
      -20.80150032043457,
      20.82811164855957
    ],
    [
      -53.61000061035156,
      -20.389999389648438
    ],
    [
      118.50856018066406,
      130.5
    ]
  ],
  "Drive_Motor_L": [
    [
      -24.0,
      -4.0
    ],
    [
      -9.500000953674316,
      24.5
    ],
    [
      42.5,
      62.5
    ]
  ],
  "Drive_Motor_R": [
    [
      4.0,
      24.0
    ],
    [
      -24.5,
      9.500000953674316
    ],
    [
      42.5,
      62.5
    ]
  ],
  "Yaw_Servo": [
    [
      -6.05000638961792,
      6.0500054359436035
    ],
    [
      -10.550002098083496,
      21.950000762939453
    ],
    [
      195.20001220703125,
      220.45001220703125
    ]
  ],
  "Pitch_Servo": [
    [
      -35.625,
      -10.375
    ],
    [
      -6.050000190734863,
      6.050000190734863
    ],
    [
      211.4499969482422,
      243.9499969482422
    ]
  ],
  "Camera_PCB": [
    [
      -6.0,
      6.0
    ],
    [
      31.200000762939453,
      34.20000076293945
    ],
    [
      252.0,
      262.0
    ]
  ],
  "Camera_Lens": [
    [
      -2.5,
      2.5
    ],
    [
      34.20000076293945,
      41.20000076293945
    ],
    [
      257.5,
      262.5
    ]
  ],
  "Yaw_Bearing": [
    [
      -16.0,
      16.0
    ],
    [
      -16.0,
      16.0
    ],
    [
      153.5,
      160.5
    ]
  ],
  "Yaw_Horn": [
    [
      -4.999990463256836,
      5.000009536743164
    ],
    [
      -5.0,
      5.0
    ],
    [
      192.95001220703125,
      193.95001220703125
    ]
  ],
  "Pitch_Bearing_L": [
    [
      -41.0,
      -37.0
    ],
    [
      -6.0,
      6.0
    ],
    [
      216.0,
      228.0
    ]
  ],
  "Pitch_Bearing_R": [
    [
      37.0,
      41.0
    ],
    [
      -6.0,
      6.0
    ],
    [
      216.0,
      228.0
    ]
  ],
  "Pitch_Trunnion_L": [
    [
      -46.0,
      -38.900001525878906
    ],
    [
      -2.490000009536743,
      2.490000009536743
    ],
    [
      219.50999450683594,
      224.49000549316406
    ]
  ],
  "Pitch_Trunnion_R": [
    [
      35.0,
      46.0
    ],
    [
      -2.490000009536743,
      2.490000009536743
    ],
    [
      219.50999450683594,
      224.49000549316406
    ]
  ],
  "Pitch_Horn": [
    [
      -36.70000076293945,
      -35.70000076293945
    ],
    [
      -5.0,
      5.0
    ],
    [
      217.0,
      227.0
    ]
  ],
  "Tire_L": [
    [
      -77.0,
      -59.0
    ],
    [
      -52.5,
      52.5
    ],
    [
      0.0,
      105.0
    ]
  ],
  "Wheel_Axle_L": [
    [
      -71.0,
      -29.0
    ],
    [
      -1.9900000095367432,
      1.9900000095367432
    ],
    [
      50.5099983215332,
      54.4900016784668
    ]
  ],
  "Wheel_Bearing_L_33": [
    [
      -35.0,
      -31.0
    ],
    [
      -5.0,
      5.0
    ],
    [
      47.5,
      57.5
    ]
  ],
  "Wheel_Bearing_L_39": [
    [
      -41.0,
      -37.0
    ],
    [
      -5.0,
      5.0
    ],
    [
      47.5,
      57.5
    ]
  ],
  "S288_Output_L_Outer": [
    [
      -27.0,
      -24.0
    ],
    [
      -7.0,
      7.0
    ],
    [
      45.5,
      59.5
    ]
  ],
  "S288_Output_L_Inner": [
    [
      -4.000000476837158,
      -0.9999996423721313
    ],
    [
      -7.0,
      7.0
    ],
    [
      45.5,
      59.5
    ]
  ],
  "Tire_R": [
    [
      59.0,
      77.0
    ],
    [
      -52.5,
      52.5
    ],
    [
      0.0,
      105.0
    ]
  ],
  "Wheel_Axle_R": [
    [
      29.0,
      71.0
    ],
    [
      -1.9900000095367432,
      1.9900000095367432
    ],
    [
      50.5099983215332,
      54.4900016784668
    ]
  ],
  "Wheel_Bearing_R_33": [
    [
      31.0,
      35.0
    ],
    [
      -5.0,
      5.0
    ],
    [
      47.5,
      57.5
    ]
  ],
  "Wheel_Bearing_R_39": [
    [
      37.0,
      41.0
    ],
    [
      -5.0,
      5.0
    ],
    [
      47.5,
      57.5
    ]
  ],
  "S288_Output_R_Outer": [
    [
      24.0,
      27.0
    ],
    [
      -7.0,
      7.0
    ],
    [
      45.5,
      59.5
    ]
  ],
  "S288_Output_R_Inner": [
    [
      0.9999996423721313,
      4.000000476837158
    ],
    [
      -7.0,
      7.0
    ],
    [
      45.5,
      59.5
    ]
  ],
  "Body_IMU": [
    [
      -40.0,
      -24.0
    ],
    [
      29.0,
      49.0
    ],
    [
      118.0,
      123.0
    ]
  ],
  "Power_Module": [
    [
      -40.0,
      40.0
    ],
    [
      -14.0,
      26.0
    ],
    [
      117.0,
      135.0
    ]
  ],
  "USB_Charge": [
    [
      -14.0,
      14.0
    ],
    [
      -68.0,
      -48.0
    ],
    [
      101.0,
      111.0
    ]
  ],
  "USB_Receptacle": [
    [
      -5.0,
      5.0
    ],
    [
      -79.5,
      -73.5
    ],
    [
      105.0,
      109.0
    ]
  ],
  "Power_Switch": [
    [
      -5.0,
      5.0
    ],
    [
      -77.5,
      -71.5
    ],
    [
      121.0,
      127.0
    ]
  ],
  "Function_Button": [
    [
      -3.700000047683716,
      3.700000047683716
    ],
    [
      -64.75353240966797,
      -52.31960678100586
    ],
    [
      140.27545166015625,
      152.28228759765625
    ]
  ],
  "Shell_Screw_0": [
    [
      46.29999923706055,
      51.70000076293945
    ],
    [
      27.299999237060547,
      32.70000076293945
    ],
    [
      87.0,
      105.0
    ]
  ],
  "Shell_Insert_0": [
    [
      47.02000045776367,
      50.97999954223633
    ],
    [
      28.020000457763672,
      31.979999542236328
    ],
    [
      101.0,
      105.0
    ]
  ],
  "Shell_Screw_1": [
    [
      -51.70000076293945,
      -46.29999923706055
    ],
    [
      27.299999237060547,
      32.70000076293945
    ],
    [
      87.0,
      105.0
    ]
  ],
  "Shell_Insert_1": [
    [
      -50.97999954223633,
      -47.02000045776367
    ],
    [
      28.020000457763672,
      31.979999542236328
    ],
    [
      101.0,
      105.0
    ]
  ],
  "Shell_Screw_2": [
    [
      46.29999923706055,
      51.70000076293945
    ],
    [
      -32.70000076293945,
      -27.299999237060547
    ],
    [
      87.0,
      105.0
    ]
  ],
  "Shell_Insert_2": [
    [
      47.02000045776367,
      50.97999954223633
    ],
    [
      -31.979999542236328,
      -28.020000457763672
    ],
    [
      101.0,
      105.0
    ]
  ],
  "Shell_Screw_3": [
    [
      -51.70000076293945,
      -46.29999923706055
    ],
    [
      -32.70000076293945,
      -27.299999237060547
    ],
    [
      87.0,
      105.0
    ]
  ],
  "Shell_Insert_3": [
    [
      -50.97999954223633,
      -47.02000045776367
    ],
    [
      -31.979999542236328,
      -28.020000457763672
    ],
    [
      101.0,
      105.0
    ]
  ],
  "Frame_Screw_0": [
    [
      45.29999923706055,
      50.70000076293945
    ],
    [
      39.29999923706055,
      44.70000076293945
    ],
    [
      109.0,
      119.0
    ]
  ],
  "Frame_Insert_0": [
    [
      46.02000045776367,
      49.97999954223633
    ],
    [
      40.02000045776367,
      43.97999954223633
    ],
    [
      115.0,
      119.0
    ]
  ],
  "Frame_Screw_1": [
    [
      -50.70000076293945,
      -45.29999923706055
    ],
    [
      39.29999923706055,
      44.70000076293945
    ],
    [
      109.0,
      119.0
    ]
  ],
  "Frame_Insert_1": [
    [
      -49.97999954223633,
      -46.02000045776367
    ],
    [
      40.02000045776367,
      43.97999954223633
    ],
    [
      115.0,
      119.0
    ]
  ],
  "Frame_Screw_2": [
    [
      45.29999923706055,
      50.70000076293945
    ],
    [
      -44.70000076293945,
      -39.29999923706055
    ],
    [
      109.0,
      119.0
    ]
  ],
  "Frame_Insert_2": [
    [
      46.02000045776367,
      49.97999954223633
    ],
    [
      -43.97999954223633,
      -40.02000045776367
    ],
    [
      115.0,
      119.0
    ]
  ],
  "Frame_Screw_3": [
    [
      -50.70000076293945,
      -45.29999923706055
    ],
    [
      -44.70000076293945,
      -39.29999923706055
    ],
    [
      109.0,
      119.0
    ]
  ],
  "Frame_Insert_3": [
    [
      -49.97999954223633,
      -46.02000045776367
    ],
    [
      -43.97999954223633,
      -40.02000045776367
    ],
    [
      115.0,
      119.0
    ]
  ],
  "Yaw_Output": [
    [
      -1.9750003814697266,
      1.9750001430511475
    ],
    [
      -1.975000023841858,
      1.975000023841858
    ],
    [
      192.0,
      195.20001220703125
    ]
  ],
  "Yaw_Lock_Screw": [
    [
      -1.0000004768371582,
      1.000000238418579
    ],
    [
      -1.0,
      1.0
    ],
    [
      191.35000610351562,
      195.35000610351562
    ]
  ],
  "Pitch_Lock_Screw": [
    [
      -39.0,
      -35.0
    ],
    [
      -1.0,
      1.0
    ],
    [
      221.0,
      223.0
    ]
  ],
  "Pitch_Output": [
    [
      -38.82499694824219,
      -35.625
    ],
    [
      -1.975000023841858,
      1.975000023841858
    ],
    [
      220.02499389648438,
      223.97500610351562
    ]
  ],
  "CAM_Mainboard": [
    [
      -18.5,
      18.5
    ],
    [
      -23.799999237060547,
      -22.200000762939453
    ],
    [
      216.5,
      253.5
    ]
  ],
  "Face_Mask": [
    [
      -30.0,
      30.0
    ],
    [
      49.5,
      50.5
    ],
    [
      192.0,
      252.0
    ]
  ],
  "Face_Protector": [
    [
      -23.25,
      23.25
    ],
    [
      50.25,
      50.849998474121094
    ],
    [
      198.75,
      245.25
    ]
  ],
  "Camera_Window": [
    [
      -3.8499999046325684,
      3.8499999046325684
    ],
    [
      42.10000228881836,
      42.70000076293945
    ],
    [
      256.1499938964844,
      263.8500061035156
    ]
  ],
  "Battery_Retainer_Screw_-1": [
    [
      -50.099998474121094,
      -42.5
    ],
    [
      18.100000381469727,
      21.899999618530273
    ],
    [
      77.0999984741211,
      80.9000015258789
    ]
  ],
  "Battery_Retainer_Insert_-1": [
    [
      -45.0,
      -42.0
    ],
    [
      18.399999618530273,
      21.600000381469727
    ],
    [
      77.4000015258789,
      80.5999984741211
    ]
  ],
  "Battery_Retainer_Screw_1": [
    [
      42.5,
      50.099998474121094
    ],
    [
      18.100000381469727,
      21.899999618530273
    ],
    [
      77.0999984741211,
      80.9000015258789
    ]
  ],
  "Battery_Retainer_Insert_1": [
    [
      42.0,
      45.0
    ],
    [
      18.399999618530273,
      21.600000381469727
    ],
    [
      77.4000015258789,
      80.5999984741211
    ]
  ],
  "Face_Joint_-1_0.0_Screw": [
    [
      -48.599998474121094,
      -35.0
    ],
    [
      22.100000381469727,
      25.899999618530273
    ],
    [
      220.10000610351562,
      223.89999389648438
    ]
  ],
  "Face_Joint_-1_0.0_Nut": [
    [
      -43.0,
      -40.599998474121094
    ],
    [
      21.600000381469727,
      26.399999618530273
    ],
    [
      219.92153930664062,
      224.07846069335938
    ]
  ],
  "Face_Joint_-1_7.0_Screw": [
    [
      -48.599998474121094,
      -35.0
    ],
    [
      22.100000381469727,
      25.899999618530273
    ],
    [
      227.10000610351562,
      230.89999389648438
    ]
  ],
  "Face_Joint_-1_7.0_Nut": [
    [
      -43.0,
      -40.599998474121094
    ],
    [
      21.600000381469727,
      26.399999618530273
    ],
    [
      226.92153930664062,
      231.07846069335938
    ]
  ],
  "Face_Joint_1_0.0_Screw": [
    [
      35.0,
      48.599998474121094
    ],
    [
      22.100000381469727,
      25.899999618530273
    ],
    [
      220.10000610351562,
      223.89999389648438
    ]
  ],
  "Face_Joint_1_0.0_Nut": [
    [
      40.599998474121094,
      43.0
    ],
    [
      21.600000381469727,
      26.399999618530273
    ],
    [
      219.92153930664062,
      224.07846069335938
    ]
  ],
  "Face_Joint_1_7.0_Screw": [
    [
      35.0,
      48.599998474121094
    ],
    [
      22.100000381469727,
      25.899999618530273
    ],
    [
      227.10000610351562,
      230.89999389648438
    ]
  ],
  "Face_Joint_1_7.0_Nut": [
    [
      40.599998474121094,
      43.0
    ],
    [
      21.600000381469727,
      26.399999618530273
    ],
    [
      226.92153930664062,
      231.07846069335938
    ]
  ],
  "Gimbal_Base_-13_Screw": [
    [
      -14.899999618530273,
      -11.100000381469727
    ],
    [
      9.100000381469727,
      12.899999618530273
    ],
    [
      179.0,
      192.60000610351562
    ]
  ],
  "Gimbal_Base_-13_Nut": [
    [
      -15.399999618530273,
      -10.600000381469727
    ],
    [
      8.921539306640625,
      13.078460693359375
    ],
    [
      180.8000030517578,
      183.1999969482422
    ]
  ],
  "Gimbal_Base_13_Screw": [
    [
      11.100000381469727,
      14.899999618530273
    ],
    [
      9.100000381469727,
      12.899999618530273
    ],
    [
      179.0,
      192.60000610351562
    ]
  ],
  "Gimbal_Base_13_Nut": [
    [
      10.600000381469727,
      15.399999618530273
    ],
    [
      8.921539306640625,
      13.078460693359375
    ],
    [
      180.8000030517578,
      183.1999969482422
    ]
  ],
  "Deck_L_-8_Screw": [
    [
      -46.400001525878906,
      -42.599998474121094
    ],
    [
      -9.899999618530273,
      -6.099999904632568
    ],
    [
      103.0,
      116.60000610351562
    ]
  ],
  "Deck_L_-8_Nut": [
    [
      -46.900001525878906,
      -42.099998474121094
    ],
    [
      -10.078460693359375,
      -5.921538829803467
    ],
    [
      104.9000015258789,
      107.30000305175781
    ]
  ],
  "Drive_L_-8_Screw": [
    [
      -46.400001525878906,
      -42.599998474121094
    ],
    [
      -9.899999618530273,
      -6.099999904632568
    ],
    [
      56.0,
      69.60000610351562
    ]
  ],
  "Drive_L_-8_Nut": [
    [
      -46.900001525878906,
      -42.099998474121094
    ],
    [
      -10.078460693359375,
      -5.921538829803467
    ],
    [
      60.5,
      62.900001525878906
    ]
  ],
  "Deck_L_8_Screw": [
    [
      -46.400001525878906,
      -42.599998474121094
    ],
    [
      6.099999904632568,
      9.899999618530273
    ],
    [
      103.0,
      116.60000610351562
    ]
  ],
  "Deck_L_8_Nut": [
    [
      -46.900001525878906,
      -42.099998474121094
    ],
    [
      5.921538829803467,
      10.078460693359375
    ],
    [
      104.9000015258789,
      107.30000305175781
    ]
  ],
  "Drive_L_8_Screw": [
    [
      -46.400001525878906,
      -42.599998474121094
    ],
    [
      6.099999904632568,
      9.899999618530273
    ],
    [
      56.0,
      69.60000610351562
    ]
  ],
  "Drive_L_8_Nut": [
    [
      -46.900001525878906,
      -42.099998474121094
    ],
    [
      5.921538829803467,
      10.078460693359375
    ],
    [
      60.5,
      62.900001525878906
    ]
  ],
  "Deck_R_-8_Screw": [
    [
      42.599998474121094,
      46.400001525878906
    ],
    [
      -9.899999618530273,
      -6.099999904632568
    ],
    [
      103.0,
      116.60000610351562
    ]
  ],
  "Deck_R_-8_Nut": [
    [
      42.099998474121094,
      46.900001525878906
    ],
    [
      -10.078460693359375,
      -5.921538829803467
    ],
    [
      104.9000015258789,
      107.30000305175781
    ]
  ],
  "Drive_R_-8_Screw": [
    [
      42.599998474121094,
      46.400001525878906
    ],
    [
      -9.899999618530273,
      -6.099999904632568
    ],
    [
      56.0,
      69.60000610351562
    ]
  ],
  "Drive_R_-8_Nut": [
    [
      42.099998474121094,
      46.900001525878906
    ],
    [
      -10.078460693359375,
      -5.921538829803467
    ],
    [
      60.5,
      62.900001525878906
    ]
  ],
  "Deck_R_8_Screw": [
    [
      42.599998474121094,
      46.400001525878906
    ],
    [
      6.099999904632568,
      9.899999618530273
    ],
    [
      103.0,
      116.60000610351562
    ]
  ],
  "Deck_R_8_Nut": [
    [
      42.099998474121094,
      46.900001525878906
    ],
    [
      5.921538829803467,
      10.078460693359375
    ],
    [
      104.9000015258789,
      107.30000305175781
    ]
  ],
  "Drive_R_8_Screw": [
    [
      42.599998474121094,
      46.400001525878906
    ],
    [
      6.099999904632568,
      9.899999618530273
    ],
    [
      56.0,
      69.60000610351562
    ]
  ],
  "Drive_R_8_Nut": [
    [
      42.099998474121094,
      46.900001525878906
    ],
    [
      5.921538829803467,
      10.078460693359375
    ],
    [
      60.5,
      62.900001525878906
    ]
  ],
  "Motor_Retainer_Screw_0": [
    [
      -1.899999976158142,
      1.899999976158142
    ],
    [
      -21.899999618530273,
      -18.100000381469727
    ],
    [
      37.900001525878906,
      47.5
    ]
  ],
  "Motor_Retainer_Insert_0": [
    [
      -1.600000023841858,
      1.600000023841858
    ],
    [
      -21.600000381469727,
      -18.399999618530273
    ],
    [
      44.0,
      47.0
    ]
  ],
  "Motor_Retainer_Screw_1": [
    [
      -1.899999976158142,
      1.899999976158142
    ],
    [
      18.100000381469727,
      21.899999618530273
    ],
    [
      37.900001525878906,
      47.5
    ]
  ],
  "Motor_Retainer_Insert_1": [
    [
      -1.600000023841858,
      1.600000023841858
    ],
    [
      18.399999618530273,
      21.600000381469727
    ],
    [
      44.0,
      47.0
    ]
  ],
  "Motor_Retainer_Pad_-1": [
    [
      -20.0,
      -8.0
    ],
    [
      1.4999995231628418,
      13.5
    ],
    [
      42.0,
      42.5
    ]
  ],
  "Motor_Retainer_Pad_1": [
    [
      8.0,
      20.0
    ],
    [
      -13.5,
      -1.4999995231628418
    ],
    [
      42.0,
      42.5
    ]
  ],
  "Head_Yaw_Ear_0_Screw": [
    [
      -1.899999976158142,
      1.899999976158142
    ],
    [
      -10.449999809265137,
      -6.650000095367432
    ],
    [
      197.0500030517578,
      203.65000915527344
    ]
  ],
  "Head_Yaw_Ear_0_Nut": [
    [
      -2.4000000953674316,
      2.4000000953674316
    ],
    [
      -10.628460884094238,
      -6.47153902053833
    ],
    [
      196.14999389648438,
      198.5500030517578
    ]
  ],
  "Head_Yaw_Ear_1_Screw": [
    [
      -1.899999976158142,
      1.899999976158142
    ],
    [
      18.05000114440918,
      21.850000381469727
    ],
    [
      197.0500030517578,
      203.65000915527344
    ]
  ],
  "Head_Yaw_Ear_1_Nut": [
    [
      -2.4000000953674316,
      2.4000000953674316
    ],
    [
      17.871538162231445,
      22.028461456298828
    ],
    [
      196.14999389648438,
      198.5500030517578
    ]
  ],
  "Yaw_Base_-1_Screw": [
    [
      -50.900001525878906,
      -47.099998474121094
    ],
    [
      -1.899999976158142,
      1.899999976158142
    ],
    [
      107.0,
      120.60000610351562
    ]
  ],
  "Yaw_Base_-1_Nut": [
    [
      -51.400001525878906,
      -46.599998474121094
    ],
    [
      -2.078460931777954,
      2.078460931777954
    ],
    [
      108.4000015258789,
      110.80000305175781
    ]
  ],
  "Yaw_Base_1_Screw": [
    [
      47.099998474121094,
      50.900001525878906
    ],
    [
      -1.899999976158142,
      1.899999976158142
    ],
    [
      107.0,
      120.60000610351562
    ]
  ],
  "Yaw_Base_1_Nut": [
    [
      46.599998474121094,
      51.400001525878906
    ],
    [
      -2.078460931777954,
      2.078460931777954
    ],
    [
      108.4000015258789,
      110.80000305175781
    ]
  ],
  "Yaw_Reaction_Clamp_Screw": [
    [
      6.099999904632568,
      9.899999618530273
    ],
    [
      -6.0,
      7.600000381469727
    ],
    [
      189.60000610351562,
      193.39999389648438
    ]
  ],
  "Yaw_Reaction_Clamp_Nut": [
    [
      5.599999904632568,
      10.399999618530273
    ],
    [
      -6.199999809265137,
      -3.799999952316284
    ],
    [
      189.42153930664062,
      193.57846069335938
    ]
  ],
  "Yaw_Reaction_Retainer_Screw": [
    [
      -1.899999976158142,
      1.899999976158142
    ],
    [
      -9.0,
      10.600000381469727
    ],
    [
      140.60000610351562,
      144.39999389648438
    ]
  ],
  "Yaw_Reaction_Retainer_Nut": [
    [
      -2.4000000953674316,
      2.4000000953674316
    ],
    [
      -8.600000381469727,
      -6.199999809265137
    ],
    [
      140.42153930664062,
      144.57846069335938
    ]
  ],
  "Power_Carrier_0_Screw": [
    [
      -39.900001525878906,
      -36.099998474121094
    ],
    [
      -19.899999618530273,
      -16.100000381469727
    ],
    [
      109.0,
      118.60000610351562
    ]
  ],
  "Power_Carrier_0_Nut": [
    [
      -40.400001525878906,
      -35.599998474121094
    ],
    [
      -20.078460693359375,
      -15.921539306640625
    ],
    [
      108.4000015258789,
      110.80000305175781
    ]
  ],
  "Power_Carrier_1_Screw": [
    [
      36.099998474121094,
      39.900001525878906
    ],
    [
      -19.899999618530273,
      -16.100000381469727
    ],
    [
      109.0,
      118.60000610351562
    ]
  ],
  "Power_Carrier_1_Nut": [
    [
      35.599998474121094,
      40.400001525878906
    ],
    [
      -20.078460693359375,
      -15.921539306640625
    ],
    [
      108.4000015258789,
      110.80000305175781
    ]
  ],
  "Power_Carrier_2_Screw": [
    [
      -17.899999618530273,
      -14.100000381469727
    ],
    [
      28.100000381469727,
      31.899999618530273
    ],
    [
      109.0,
      118.60000610351562
    ]
  ],
  "Power_Carrier_2_Nut": [
    [
      -18.399999618530273,
      -13.600000381469727
    ],
    [
      27.921539306640625,
      32.078460693359375
    ],
    [
      108.4000015258789,
      110.80000305175781
    ]
  ],
  "Power_Carrier_3_Screw": [
    [
      36.099998474121094,
      39.900001525878906
    ],
    [
      28.100000381469727,
      31.899999618530273
    ],
    [
      109.0,
      118.60000610351562
    ]
  ],
  "Power_Carrier_3_Nut": [
    [
      35.599998474121094,
      40.400001525878906
    ],
    [
      27.921539306640625,
      32.078460693359375
    ],
    [
      108.4000015258789,
      110.80000305175781
    ]
  ],
  "Speaker_Screw_-1": [
    [
      -25.899999618530273,
      -22.100000381469727
    ],
    [
      56.38087844848633,
      64.3876724243164
    ],
    [
      131.45455932617188,
      137.7227325439453
    ]
  ],
  "Speaker_Insert_-1": [
    [
      -25.5,
      -22.5
    ],
    [
      60.56459426879883,
      65.3554916381836
    ],
    [
      134.10096740722656,
      138.5990447998047
    ]
  ],
  "Speaker_Screw_1": [
    [
      22.100000381469727,
      25.899999618530273
    ],
    [
      56.38087844848633,
      64.3876724243164
    ],
    [
      131.45455932617188,
      137.7227325439453
    ]
  ],
  "Speaker_Insert_1": [
    [
      22.5,
      25.5
    ],
    [
      60.56459426879883,
      65.3554916381836
    ],
    [
      134.10096740722656,
      138.5990447998047
    ]
  ],
  "Battery_Pad_-38.0": [
    [
      -40.0,
      -36.0
    ],
    [
      -22.5,
      22.5
    ],
    [
      75.5,
      83.5
    ]
  ],
  "Battery_Pad_38.0": [
    [
      36.0,
      40.0
    ],
    [
      -22.5,
      22.5
    ],
    [
      75.5,
      83.5
    ]
  ],
  "Battery_Pad_Base": [
    [
      -35.5,
      35.5
    ],
    [
      -27.5,
      27.5
    ],
    [
      75.5,
      76.0
    ]
  ],
  "Onboard_MIC_L": [
    [
      -18.399999618530273,
      -15.399999618530273
    ],
    [
      -25.0,
      -23.799999237060547
    ],
    [
      234.85000610351562,
      238.85000610351562
    ]
  ],
  "Onboard_MIC_R": [
    [
      15.399999618530273,
      18.399999618530273
    ],
    [
      -25.0,
      -23.799999237060547
    ],
    [
      234.85000610351562,
      238.85000610351562
    ]
  ],
  "Parking_Cradle": [
    [
      -54.0,
      54.0
    ],
    [
      -73.0,
      73.0
    ],
    [
      -4.0,
      36.097084045410156
    ]
  ],
  "Dock_Pad_0": [
    [
      -6.5,
      6.5
    ],
    [
      -6.5,
      6.5
    ],
    [
      -2.5,
      2.5
    ]
  ],
  "Dock_Pad_1": [
    [
      -6.5,
      6.5
    ],
    [
      -6.5,
      6.5
    ],
    [
      -2.5,
      2.5
    ]
  ],
  "Dock_Pad_2": [
    [
      -6.5,
      6.5
    ],
    [
      -6.5,
      6.5
    ],
    [
      -2.5,
      2.5
    ]
  ],
  "Dock_Pad_3": [
    [
      -6.5,
      6.5
    ],
    [
      -6.5,
      6.5
    ],
    [
      -2.5,
      2.5
    ]
  ],
  "Motion_Carrier_Reserve": [
    [
      -35.0,
      35.0
    ],
    [
      -17.5,
      17.5
    ],
    [
      -6.0,
      6.0
    ]
  ]
}
Blender 5.2.1 LTS (hash 9e2066aef7ef built 2026-08-25 01:35:57)

Blender quit
