./src/common/stdpbase.cpp(59): assert ""traits"" failed in Get(): create wxApp before calling this
power R14 short bevel expanded to exact 0.499999 mm setback on /W9_IN ACCEPTED opens 0
10:41:22 PM: Debug: Adding duplicate image handler for 'PNG file'
10:41:22 PM: Debug: Adding duplicate image handler for 'JPEG file'
10:41:22 PM: Debug: Adding duplicate image handler for 'TIFF file'
10:41:22 PM: Debug: Adding duplicate image handler for 'GIF file'
10:41:22 PM: Debug: Adding duplicate image handler for 'PNM file'
10:41:22 PM: Debug: Adding duplicate image handler for 'PCX file'
10:41:22 PM: Debug: Adding duplicate image handler for 'IFF file'
10:41:22 PM: Debug: Adding duplicate image handler for 'Windows icon file'
10:41:22 PM: Debug: Adding duplicate image handler for 'Windows cursor file'
10:41:22 PM: Debug: Adding duplicate image handler for 'Windows animated cursor file'
10:41:22 PM: Debug: Adding duplicate image handler for 'TGA file'
10:41:22 PM: Debug: Adding duplicate image handler for 'XPM file'
power R14 short bevel expanded to exact 0.499999 mm setback on /MASTER_GATE ACCEPTED opens 0
10:41:24 PM: Debug: Adding duplicate image handler for 'PNG file'
10:41:24 PM: Debug: Adding duplicate image handler for 'JPEG file'
10:41:24 PM: Debug: Adding duplicate image handler for 'TIFF file'
10:41:24 PM: Debug: Adding duplicate image handler for 'GIF file'
10:41:24 PM: Debug: Adding duplicate image handler for 'PNM file'
10:41:24 PM: Debug: Adding duplicate image handler for 'PCX file'
10:41:24 PM: Debug: Adding duplicate image handler for 'IFF file'
10:41:24 PM: Debug: Adding duplicate image handler for 'Windows icon file'
10:41:24 PM: Debug: Adding duplicate image handler for 'Windows cursor file'
10:41:24 PM: Debug: Adding duplicate image handler for 'Windows animated cursor file'
10:41:24 PM: Debug: Adding duplicate image handler for 'TGA file'
10:41:24 PM: Debug: Adding duplicate image handler for 'XPM file'
power R14 short bevel expanded to exact 0.499999 mm setback on /H_PRE ACCEPTED opens 0
10:41:27 PM: Debug: Adding duplicate image handler for 'PNG file'
10:41:27 PM: Debug: Adding duplicate image handler for 'JPEG file'
10:41:27 PM: Debug: Adding duplicate image handler for 'TIFF file'
10:41:27 PM: Debug: Adding duplicate image handler for 'GIF file'
10:41:27 PM: Debug: Adding duplicate image handler for 'PNM file'
10:41:27 PM: Debug: Adding duplicate image handler for 'PCX file'
10:41:27 PM: Debug: Adding duplicate image handler for 'IFF file'
10:41:27 PM: Debug: Adding duplicate image handler for 'Windows icon file'
10:41:27 PM: Debug: Adding duplicate image handler for 'Windows cursor file'
10:41:27 PM: Debug: Adding duplicate image handler for 'Windows animated cursor file'
10:41:27 PM: Debug: Adding duplicate image handler for 'TGA file'
10:41:27 PM: Debug: Adding duplicate image handler for 'XPM file'
power R14 short bevel expanded to exact 0.499999 mm setback on /H_SENSE ACCEPTED opens 0
10:41:29 PM: Debug: Adding duplicate image handler for 'PNG file'
10:41:29 PM: Debug: Adding duplicate image handler for 'JPEG file'
10:41:29 PM: Debug: Adding duplicate image handler for 'TIFF file'
10:41:29 PM: Debug: Adding duplicate image handler for 'GIF file'
10:41:29 PM: Debug: Adding duplicate image handler for 'PNM file'
10:41:29 PM: Debug: Adding duplicate image handler for 'PCX file'
10:41:29 PM: Debug: Adding duplicate image handler for 'IFF file'
10:41:29 PM: Debug: Adding duplicate image handler for 'Windows icon file'
10:41:29 PM: Debug: Adding duplicate image handler for 'Windows cursor file'
10:41:29 PM: Debug: Adding duplicate image handler for 'Windows animated cursor file'
10:41:29 PM: Debug: Adding duplicate image handler for 'TGA file'
10:41:29 PM: Debug: Adding duplicate image handler for 'XPM file'
