./src/common/stdpbase.cpp(59): assert ""traits"" failed in Get(): create wxApp before calling this
power chains /C5_EN Fewer bends / shorter whole corridor between unchanged terminals
10:31:08 PM: Debug: Adding duplicate image handler for 'PNG file'
10:31:08 PM: Debug: Adding duplicate image handler for 'JPEG file'
10:31:08 PM: Debug: Adding duplicate image handler for 'TIFF file'
10:31:08 PM: Debug: Adding duplicate image handler for 'GIF file'
10:31:08 PM: Debug: Adding duplicate image handler for 'PNM file'
10:31:08 PM: Debug: Adding duplicate image handler for 'PCX file'
10:31:08 PM: Debug: Adding duplicate image handler for 'IFF file'
10:31:08 PM: Debug: Adding duplicate image handler for 'Windows icon file'
10:31:08 PM: Debug: Adding duplicate image handler for 'Windows cursor file'
10:31:08 PM: Debug: Adding duplicate image handler for 'Windows animated cursor file'
10:31:08 PM: Debug: Adding duplicate image handler for 'TGA file'
10:31:08 PM: Debug: Adding duplicate image handler for 'XPM file'
10:31:12 PM: Debug: Adding duplicate image handler for 'PNG file'
10:31:12 PM: Debug: Adding duplicate image handler for 'JPEG file'
10:31:12 PM: Debug: Adding duplicate image handler for 'TIFF file'
10:31:12 PM: Debug: Adding duplicate image handler for 'GIF file'
10:31:12 PM: Debug: Adding duplicate image handler for 'PNM file'
10:31:12 PM: Debug: Adding duplicate image handler for 'PCX file'
10:31:12 PM: Debug: Adding duplicate image handler for 'IFF file'
10:31:12 PM: Debug: Adding duplicate image handler for 'Windows icon file'
10:31:12 PM: Debug: Adding duplicate image handler for 'Windows cursor file'
10:31:12 PM: Debug: Adding duplicate image handler for 'Windows animated cursor file'
10:31:12 PM: Debug: Adding duplicate image handler for 'TGA file'
10:31:12 PM: Debug: Adding duplicate image handler for 'XPM file'
power chains /H_VM Fewer bends / shorter whole corridor between unchanged terminals
10:31:20 PM: Debug: Adding duplicate image handler for 'PNG file'
10:31:20 PM: Debug: Adding duplicate image handler for 'JPEG file'
10:31:20 PM: Debug: Adding duplicate image handler for 'TIFF file'
10:31:20 PM: Debug: Adding duplicate image handler for 'GIF file'
10:31:20 PM: Debug: Adding duplicate image handler for 'PNM file'
10:31:20 PM: Debug: Adding duplicate image handler for 'PCX file'
10:31:20 PM: Debug: Adding duplicate image handler for 'IFF file'
10:31:20 PM: Debug: Adding duplicate image handler for 'Windows icon file'
10:31:20 PM: Debug: Adding duplicate image handler for 'Windows cursor file'
10:31:20 PM: Debug: Adding duplicate image handler for 'Windows animated cursor file'
10:31:20 PM: Debug: Adding duplicate image handler for 'TGA file'
10:31:20 PM: Debug: Adding duplicate image handler for 'XPM file'
power chains /H_OVSENSE Fewer bends / shorter whole corridor between unchanged terminals
power chains /BAT_MON Fewer bends / shorter whole corridor between unchanged terminals
10:31:33 PM: Debug: Adding duplicate image handler for 'PNG file'
10:31:33 PM: Debug: Adding duplicate image handler for 'JPEG file'
10:31:33 PM: Debug: Adding duplicate image handler for 'TIFF file'
10:31:33 PM: Debug: Adding duplicate image handler for 'GIF file'
10:31:33 PM: Debug: Adding duplicate image handler for 'PNM file'
10:31:33 PM: Debug: Adding duplicate image handler for 'PCX file'
10:31:33 PM: Debug: Adding duplicate image handler for 'IFF file'
10:31:33 PM: Debug: Adding duplicate image handler for 'Windows icon file'
10:31:33 PM: Debug: Adding duplicate image handler for 'Windows cursor file'
10:31:33 PM: Debug: Adding duplicate image handler for 'Windows animated cursor file'
10:31:33 PM: Debug: Adding duplicate image handler for 'TGA file'
10:31:33 PM: Debug: Adding duplicate image handler for 'XPM file'
power chains /W_REF Fewer bends / shorter whole corridor between unchanged terminals
10:31:41 PM: Debug: Adding duplicate image handler for 'PNG file'
10:31:41 PM: Debug: Adding duplicate image handler for 'JPEG file'
10:31:41 PM: Debug: Adding duplicate image handler for 'TIFF file'
10:31:41 PM: Debug: Adding duplicate image handler for 'GIF file'
10:31:41 PM: Debug: Adding duplicate image handler for 'PNM file'
10:31:41 PM: Debug: Adding duplicate image handler for 'PCX file'
10:31:41 PM: Debug: Adding duplicate image handler for 'IFF file'
10:31:41 PM: Debug: Adding duplicate image handler for 'Windows icon file'
10:31:41 PM: Debug: Adding duplicate image handler for 'Windows cursor file'
10:31:41 PM: Debug: Adding duplicate image handler for 'Windows animated cursor file'
10:31:41 PM: Debug: Adding duplicate image handler for 'TGA file'
10:31:41 PM: Debug: Adding duplicate image handler for 'XPM file'
power chains /H_VM Fewer bends / shorter whole corridor between unchanged terminals
power chains /W_VM Fewer bends / shorter whole corridor between unchanged terminals
power chains accepted 7 rejected 5
