./src/common/stdpbase.cpp(59): assert ""traits"" failed in Get(): create wxApp before calling this
power Offset parallel duplicate on /CHG_N; retain same nominal width, native connectivity gate; offset 0.101600 mm {'track_dangling': 2} opens 1
10:37:00 PM: Debug: Adding duplicate image handler for 'PNG file'
10:37:00 PM: Debug: Adding duplicate image handler for 'JPEG file'
10:37:00 PM: Debug: Adding duplicate image handler for 'TIFF file'
10:37:00 PM: Debug: Adding duplicate image handler for 'GIF file'
10:37:00 PM: Debug: Adding duplicate image handler for 'PNM file'
10:37:00 PM: Debug: Adding duplicate image handler for 'PCX file'
10:37:00 PM: Debug: Adding duplicate image handler for 'IFF file'
10:37:00 PM: Debug: Adding duplicate image handler for 'Windows icon file'
10:37:00 PM: Debug: Adding duplicate image handler for 'Windows cursor file'
10:37:00 PM: Debug: Adding duplicate image handler for 'Windows animated cursor file'
10:37:00 PM: Debug: Adding duplicate image handler for 'TGA file'
10:37:00 PM: Debug: Adding duplicate image handler for 'XPM file'
power Offset parallel duplicate on /CHG_N; retain same nominal width, native connectivity gate; offset 0.101600 mm {'track_dangling': 1, 'via_dangling': 1} opens 1
10:37:02 PM: Debug: Adding duplicate image handler for 'PNG file'
10:37:02 PM: Debug: Adding duplicate image handler for 'JPEG file'
10:37:02 PM: Debug: Adding duplicate image handler for 'TIFF file'
10:37:02 PM: Debug: Adding duplicate image handler for 'GIF file'
10:37:02 PM: Debug: Adding duplicate image handler for 'PNM file'
10:37:02 PM: Debug: Adding duplicate image handler for 'PCX file'
10:37:02 PM: Debug: Adding duplicate image handler for 'IFF file'
10:37:02 PM: Debug: Adding duplicate image handler for 'Windows icon file'
10:37:02 PM: Debug: Adding duplicate image handler for 'Windows cursor file'
10:37:02 PM: Debug: Adding duplicate image handler for 'Windows animated cursor file'
10:37:02 PM: Debug: Adding duplicate image handler for 'TGA file'
10:37:02 PM: Debug: Adding duplicate image handler for 'XPM file'
power Offset parallel duplicate on /H_SENSE; retain same nominal width, native connectivity gate; offset 0.006400 mm ACCEPTED opens 0
10:37:05 PM: Debug: Adding duplicate image handler for 'PNG file'
10:37:05 PM: Debug: Adding duplicate image handler for 'JPEG file'
10:37:05 PM: Debug: Adding duplicate image handler for 'TIFF file'
10:37:05 PM: Debug: Adding duplicate image handler for 'GIF file'
10:37:05 PM: Debug: Adding duplicate image handler for 'PNM file'
10:37:05 PM: Debug: Adding duplicate image handler for 'PCX file'
10:37:05 PM: Debug: Adding duplicate image handler for 'IFF file'
10:37:05 PM: Debug: Adding duplicate image handler for 'Windows icon file'
10:37:05 PM: Debug: Adding duplicate image handler for 'Windows cursor file'
10:37:05 PM: Debug: Adding duplicate image handler for 'Windows animated cursor file'
10:37:05 PM: Debug: Adding duplicate image handler for 'TGA file'
10:37:05 PM: Debug: Adding duplicate image handler for 'XPM file'
power Offset parallel duplicate on /W_VM; retain same nominal width, native connectivity gate; offset 0.003601 mm {'track_dangling': 1} opens 0
10:37:07 PM: Debug: Adding duplicate image handler for 'PNG file'
10:37:07 PM: Debug: Adding duplicate image handler for 'JPEG file'
10:37:07 PM: Debug: Adding duplicate image handler for 'TIFF file'
10:37:07 PM: Debug: Adding duplicate image handler for 'GIF file'
10:37:07 PM: Debug: Adding duplicate image handler for 'PNM file'
10:37:07 PM: Debug: Adding duplicate image handler for 'PCX file'
10:37:07 PM: Debug: Adding duplicate image handler for 'IFF file'
10:37:07 PM: Debug: Adding duplicate image handler for 'Windows icon file'
10:37:07 PM: Debug: Adding duplicate image handler for 'Windows cursor file'
10:37:07 PM: Debug: Adding duplicate image handler for 'Windows animated cursor file'
10:37:07 PM: Debug: Adding duplicate image handler for 'TGA file'
10:37:07 PM: Debug: Adding duplicate image handler for 'XPM file'
power Offset parallel duplicate on /W_VM; retain same nominal width, native connectivity gate; offset 0.003601 mm ACCEPTED opens 0
10:37:10 PM: Debug: Adding duplicate image handler for 'PNG file'
10:37:10 PM: Debug: Adding duplicate image handler for 'JPEG file'
10:37:10 PM: Debug: Adding duplicate image handler for 'TIFF file'
10:37:10 PM: Debug: Adding duplicate image handler for 'GIF file'
10:37:10 PM: Debug: Adding duplicate image handler for 'PNM file'
10:37:10 PM: Debug: Adding duplicate image handler for 'PCX file'
10:37:10 PM: Debug: Adding duplicate image handler for 'IFF file'
10:37:10 PM: Debug: Adding duplicate image handler for 'Windows icon file'
10:37:10 PM: Debug: Adding duplicate image handler for 'Windows cursor file'
10:37:10 PM: Debug: Adding duplicate image handler for 'Windows animated cursor file'
10:37:10 PM: Debug: Adding duplicate image handler for 'TGA file'
10:37:10 PM: Debug: Adding duplicate image handler for 'XPM file'
power Offset parallel duplicate on /C5_VIN; retain same nominal width, native connectivity gate; offset 0.522800 mm ACCEPTED opens 0
10:37:12 PM: Debug: Adding duplicate image handler for 'PNG file'
10:37:12 PM: Debug: Adding duplicate image handler for 'JPEG file'
10:37:12 PM: Debug: Adding duplicate image handler for 'TIFF file'
10:37:12 PM: Debug: Adding duplicate image handler for 'GIF file'
10:37:12 PM: Debug: Adding duplicate image handler for 'PNM file'
10:37:12 PM: Debug: Adding duplicate image handler for 'PCX file'
10:37:12 PM: Debug: Adding duplicate image handler for 'IFF file'
10:37:12 PM: Debug: Adding duplicate image handler for 'Windows icon file'
10:37:12 PM: Debug: Adding duplicate image handler for 'Windows cursor file'
10:37:12 PM: Debug: Adding duplicate image handler for 'Windows animated cursor file'
10:37:12 PM: Debug: Adding duplicate image handler for 'TGA file'
10:37:12 PM: Debug: Adding duplicate image handler for 'XPM file'
power Offset parallel duplicate on /BAT_MON; retain same nominal width, native connectivity gate; offset 0.406400 mm ACCEPTED opens 0
10:37:15 PM: Debug: Adding duplicate image handler for 'PNG file'
10:37:15 PM: Debug: Adding duplicate image handler for 'JPEG file'
10:37:15 PM: Debug: Adding duplicate image handler for 'TIFF file'
10:37:15 PM: Debug: Adding duplicate image handler for 'GIF file'
10:37:15 PM: Debug: Adding duplicate image handler for 'PNM file'
10:37:15 PM: Debug: Adding duplicate image handler for 'PCX file'
10:37:15 PM: Debug: Adding duplicate image handler for 'IFF file'
10:37:15 PM: Debug: Adding duplicate image handler for 'Windows icon file'
10:37:15 PM: Debug: Adding duplicate image handler for 'Windows cursor file'
10:37:15 PM: Debug: Adding duplicate image handler for 'Windows animated cursor file'
10:37:15 PM: Debug: Adding duplicate image handler for 'TGA file'
10:37:15 PM: Debug: Adding duplicate image handler for 'XPM file'
power Offset parallel duplicate on /GND; retain same nominal width, native connectivity gate; offset 0.006400 mm ACCEPTED opens 0
10:37:17 PM: Debug: Adding duplicate image handler for 'PNG file'
10:37:17 PM: Debug: Adding duplicate image handler for 'JPEG file'
10:37:17 PM: Debug: Adding duplicate image handler for 'TIFF file'
10:37:17 PM: Debug: Adding duplicate image handler for 'GIF file'
10:37:17 PM: Debug: Adding duplicate image handler for 'PNM file'
10:37:17 PM: Debug: Adding duplicate image handler for 'PCX file'
10:37:17 PM: Debug: Adding duplicate image handler for 'IFF file'
10:37:17 PM: Debug: Adding duplicate image handler for 'Windows icon file'
10:37:17 PM: Debug: Adding duplicate image handler for 'Windows cursor file'
10:37:17 PM: Debug: Adding duplicate image handler for 'Windows animated cursor file'
10:37:17 PM: Debug: Adding duplicate image handler for 'TGA file'
10:37:17 PM: Debug: Adding duplicate image handler for 'XPM file'
power Offset parallel duplicate on /W_SENSE; retain same nominal width, native connectivity gate; offset 0.077600 mm ACCEPTED opens 0
10:37:20 PM: Debug: Adding duplicate image handler for 'PNG file'
10:37:20 PM: Debug: Adding duplicate image handler for 'JPEG file'
10:37:20 PM: Debug: Adding duplicate image handler for 'TIFF file'
10:37:20 PM: Debug: Adding duplicate image handler for 'GIF file'
10:37:20 PM: Debug: Adding duplicate image handler for 'PNM file'
10:37:20 PM: Debug: Adding duplicate image handler for 'PCX file'
10:37:20 PM: Debug: Adding duplicate image handler for 'IFF file'
10:37:20 PM: Debug: Adding duplicate image handler for 'Windows icon file'
10:37:20 PM: Debug: Adding duplicate image handler for 'Windows cursor file'
10:37:20 PM: Debug: Adding duplicate image handler for 'Windows animated cursor file'
10:37:20 PM: Debug: Adding duplicate image handler for 'TGA file'
10:37:20 PM: Debug: Adding duplicate image handler for 'XPM file'
power Offset parallel duplicate on /GND; retain same nominal width, native connectivity gate; offset 0.008600 mm ACCEPTED opens 0
10:37:22 PM: Debug: Adding duplicate image handler for 'PNG file'
10:37:22 PM: Debug: Adding duplicate image handler for 'JPEG file'
10:37:22 PM: Debug: Adding duplicate image handler for 'TIFF file'
10:37:22 PM: Debug: Adding duplicate image handler for 'GIF file'
10:37:22 PM: Debug: Adding duplicate image handler for 'PNM file'
10:37:22 PM: Debug: Adding duplicate image handler for 'PCX file'
10:37:22 PM: Debug: Adding duplicate image handler for 'IFF file'
10:37:22 PM: Debug: Adding duplicate image handler for 'Windows icon file'
10:37:22 PM: Debug: Adding duplicate image handler for 'Windows cursor file'
10:37:22 PM: Debug: Adding duplicate image handler for 'Windows animated cursor file'
10:37:22 PM: Debug: Adding duplicate image handler for 'TGA file'
10:37:22 PM: Debug: Adding duplicate image handler for 'XPM file'
