./src/common/stdpbase.cpp(59): assert ""traits"" failed in Get(): create wxApp before calling this
power redundant /+3V3 Contained redundant segment; existing equal/wider conductor or own pad retained
power redundant /C5_FB Contained redundant segment; existing equal/wider conductor or own pad retained
power redundant /H_VM Contained redundant segment; existing equal/wider conductor or own pad retained
power redundant /W_OVSENSE Contained redundant segment; existing equal/wider conductor or own pad retained
power redundant /W_GATE Contained redundant segment; existing equal/wider conductor or own pad retained
power redundant /C5_FB Contained redundant segment; existing equal/wider conductor or own pad retained
power redundant /ARM_Q Contained redundant segment; existing equal/wider conductor or own pad retained
power redundant /GND Contained redundant segment; existing equal/wider conductor or own pad retained
power redundant /M5_VIN Contained redundant segment; existing equal/wider conductor or own pad retained
power redundant /M5_FB Contained redundant segment; existing equal/wider conductor or own pad retained
power redundant /H_GATE Contained redundant segment; existing equal/wider conductor or own pad retained
power redundant /WHEEL_ADC Contained redundant segment; existing equal/wider conductor or own pad retained
power redundant /W_SENSE Contained redundant segment; existing equal/wider conductor or own pad retained
power redundant /W_VM Contained redundant segment; existing equal/wider conductor or own pad retained
10:22:34 PM: Debug: Adding duplicate image handler for 'PNG file'
10:22:34 PM: Debug: Adding duplicate image handler for 'JPEG file'
10:22:34 PM: Debug: Adding duplicate image handler for 'TIFF file'
10:22:34 PM: Debug: Adding duplicate image handler for 'GIF file'
10:22:34 PM: Debug: Adding duplicate image handler for 'PNM file'
10:22:34 PM: Debug: Adding duplicate image handler for 'PCX file'
10:22:34 PM: Debug: Adding duplicate image handler for 'IFF file'
10:22:34 PM: Debug: Adding duplicate image handler for 'Windows icon file'
10:22:34 PM: Debug: Adding duplicate image handler for 'Windows cursor file'
10:22:34 PM: Debug: Adding duplicate image handler for 'Windows animated cursor file'
10:22:34 PM: Debug: Adding duplicate image handler for 'TGA file'
10:22:34 PM: Debug: Adding duplicate image handler for 'XPM file'
Traceback (most recent call last):
  File "/Users/dean/Documents/MORI/hardware/v1_2/tools/clean_review_P5R2.py", line 89, in <module>
    if mode=='redundant':redundant()
  File "/Users/dean/Documents/MORI/hardware/v1_2/tools/clean_review_P5R2.py", line 40, in redundant
    others=[u for u in ts if u!=t and u.GetNetname()==net and u.GetLayer()==l and u.GetWidth()>=t.GetWidth()]
  File "/Users/dean/Documents/MORI/hardware/v1_2/tools/clean_review_P5R2.py", line 40, in <listcomp>
    others=[u for u in ts if u!=t and u.GetNetname()==net and u.GetLayer()==l and u.GetWidth()>=t.GetWidth()]
  File "/Applications/KiCad/KiCad.app/Contents/Frameworks/Python.framework/Versions/3.9/lib/python3.9/site-packages/pcbnew.py", line 11338, in GetNetname
    return _pcbnew.BOARD_CONNECTED_ITEM_GetNetname(self)
TypeError: in method 'BOARD_CONNECTED_ITEM_GetNetname', argument 1 of type 'BOARD_CONNECTED_ITEM const *'
./src/common/stdpbase.cpp(59): assert ""traits"" failed in Get(): create wxApp before calling this
power redundant /H_PRE Contained redundant segment; existing equal/wider conductor or own pad retained
power redundant /+5V_MOTION Contained redundant segment; existing equal/wider conductor or own pad retained
power redundant /H_BRAKE_GATE Contained redundant segment; existing equal/wider conductor or own pad retained
power redundant /REV_GATE Contained redundant segment; existing equal/wider conductor or own pad retained
power redundant /H_REF Contained redundant segment; existing equal/wider conductor or own pad retained
power redundant /W9_IN Contained redundant segment; existing equal/wider conductor or own pad retained
power redundant /BAT_ADC Contained redundant segment; existing equal/wider conductor or own pad retained
power redundant /M5_FB Contained redundant segment; existing equal/wider conductor or own pad retained
power redundant /H_BRAKE_GATE Contained redundant segment; existing equal/wider conductor or own pad retained
power redundant /W_BRAKE_GATE Contained redundant segment; existing equal/wider conductor or own pad retained
power redundant /W_SENSE Contained redundant segment; existing equal/wider conductor or own pad retained
power redundant /H_SENSE Contained redundant segment; existing equal/wider conductor or own pad retained
10:23:28 PM: Debug: Adding duplicate image handler for 'PNG file'
10:23:28 PM: Debug: Adding duplicate image handler for 'JPEG file'
10:23:28 PM: Debug: Adding duplicate image handler for 'TIFF file'
10:23:28 PM: Debug: Adding duplicate image handler for 'GIF file'
10:23:28 PM: Debug: Adding duplicate image handler for 'PNM file'
10:23:28 PM: Debug: Adding duplicate image handler for 'PCX file'
10:23:28 PM: Debug: Adding duplicate image handler for 'IFF file'
10:23:28 PM: Debug: Adding duplicate image handler for 'Windows icon file'
10:23:28 PM: Debug: Adding duplicate image handler for 'Windows cursor file'
10:23:28 PM: Debug: Adding duplicate image handler for 'Windows animated cursor file'
10:23:28 PM: Debug: Adding duplicate image handler for 'TGA file'
10:23:28 PM: Debug: Adding duplicate image handler for 'XPM file'
power redundant /W_VM Contained redundant segment; existing equal/wider conductor or own pad retained
power redundant /+5V_CAM Contained redundant segment; existing equal/wider conductor or own pad retained
power redundant /PACK_FUSED Contained redundant segment; existing equal/wider conductor or own pad retained
power redundant /KELVIN_P Contained redundant segment; existing equal/wider conductor or own pad retained
power redundant /H_VM Contained redundant segment; existing equal/wider conductor or own pad retained
power redundant /GND Contained redundant segment; existing equal/wider conductor or own pad retained
power redundant /PACK_FUSED Contained redundant segment; existing equal/wider conductor or own pad retained
power redundant /CHG_N Contained redundant segment; existing equal/wider conductor or own pad retained
power redundant /H_VM Contained redundant segment; existing equal/wider conductor or own pad retained
power redundant /W_GATE Contained redundant segment; existing equal/wider conductor or own pad retained
power redundant /CURRENT_ADC Contained redundant segment; existing equal/wider conductor or own pad retained
power redundant /WHEEL_ADC Contained redundant segment; existing equal/wider conductor or own pad retained
power redundant /M5_FB Contained redundant segment; existing equal/wider conductor or own pad retained
power redundant /H_REF Contained redundant segment; existing equal/wider conductor or own pad retained
power redundant /W_OVSENSE Contained redundant segment; existing equal/wider conductor or own pad retained
power redundant /W_GATE Contained redundant segment; existing equal/wider conductor or own pad retained
power redundant /+3V3 Contained redundant segment; existing equal/wider conductor or own pad retained
power redundant /W_BRAKE_GATE Contained redundant segment; existing equal/wider conductor or own pad retained
power redundant /W_SENSE Contained redundant segment; existing equal/wider conductor or own pad retained
power redundant /H_VM Contained redundant segment; existing equal/wider conductor or own pad retained
power redundant /CURRENT_ADC Contained redundant segment; existing equal/wider conductor or own pad retained
power redundant /GND Contained redundant segment; existing equal/wider conductor or own pad retained
power redundant /CHG_BASE Contained redundant segment; existing equal/wider conductor or own pad retained
power redundant /+5V_CAM Contained redundant segment; existing equal/wider conductor or own pad retained
power redundant /H_OVSENSE Contained redundant segment; existing equal/wider conductor or own pad retained
power redundant /H_BRAKE_GATE Contained redundant segment; existing equal/wider conductor or own pad retained
power redundant /W_REF Contained redundant segment; existing equal/wider conductor or own pad retained
power redundant /H_SENSE Contained redundant segment; existing equal/wider conductor or own pad retained
power redundant /W_GATE Contained redundant segment; existing equal/wider conductor or own pad retained
power redundant /W_GATE Contained redundant segment; existing equal/wider conductor or own pad retained
power redundant /W_VM Contained redundant segment; existing equal/wider conductor or own pad retained
power redundant /GND Contained redundant segment; existing equal/wider conductor or own pad retained
power redundant /C5_SW Contained redundant segment; existing equal/wider conductor or own pad retained
power redundant /W_VM Contained redundant segment; existing equal/wider conductor or own pad retained
power redundant /PACK_FUSED Contained redundant segment; existing equal/wider conductor or own pad retained
power redundant /BAT_MON Contained redundant segment; existing equal/wider conductor or own pad retained
power redundant /W_BRAKE_GATE Contained redundant segment; existing equal/wider conductor or own pad retained
power redundant /M5_EN Contained redundant segment; existing equal/wider conductor or own pad retained
power redundant /BAT_ADC Contained redundant segment; existing equal/wider conductor or own pad retained
power redundant /+3V3 Contained redundant segment; existing equal/wider conductor or own pad retained
power redundant /+5V_CAM Contained redundant segment; existing equal/wider conductor or own pad retained
power redundant /W_OVSENSE Contained redundant segment; existing equal/wider conductor or own pad retained
power redundant /W_DUMP_D Contained redundant segment; existing equal/wider conductor or own pad retained
power redundant /MASTER_RETURN Contained redundant segment; existing equal/wider conductor or own pad retained
power redundant /C5_FB Contained redundant segment; existing equal/wider conductor or own pad retained
power redundant /C5_FB Contained redundant segment; existing equal/wider conductor or own pad retained
power redundant /GND Contained redundant segment; existing equal/wider conductor or own pad retained
power redundant /GND Contained redundant segment; existing equal/wider conductor or own pad retained
power redundant /GND Contained redundant segment; existing equal/wider conductor or own pad retained
power redundant /GND Contained redundant segment; existing equal/wider conductor or own pad retained
power redundant /GND Contained redundant segment; existing equal/wider conductor or own pad retained
power redundant /GND Contained redundant segment; existing equal/wider conductor or own pad retained
power redundant /GND Contained redundant segment; existing equal/wider conductor or own pad retained
power redundant /GND Contained redundant segment; existing equal/wider conductor or own pad retained
power redundant /GND Contained redundant segment; existing equal/wider conductor or own pad retained
power redundant /GND Contained redundant segment; existing equal/wider conductor or own pad retained
power redundant /GND Contained redundant segment; existing equal/wider conductor or own pad retained
power redundant /PACK_FUSED Contained redundant segment; existing equal/wider conductor or own pad retained
power redundant /MASTER_GATE Contained redundant segment; existing equal/wider conductor or own pad retained
power redundant /MASTER_GATE Contained redundant segment; existing equal/wider conductor or own pad retained
power redundant /CHG_N Contained redundant segment; existing equal/wider conductor or own pad retained
power redundant /M5_SW Contained redundant segment; existing equal/wider conductor or own pad retained
power redundant /M5_VIN Contained redundant segment; existing equal/wider conductor or own pad retained
power redundant /ARM_Q Contained redundant segment; existing equal/wider conductor or own pad retained
power redundant /ARM_Q Contained redundant segment; existing equal/wider conductor or own pad retained
power redundant /H_VM Contained redundant segment; existing equal/wider conductor or own pad retained
power redundant /M5_BOOT Contained redundant segment; existing equal/wider conductor or own pad retained
power redundant /REV_GATE Contained redundant segment; existing equal/wider conductor or own pad retained
power redundant /C5_VIN Contained redundant segment; existing equal/wider conductor or own pad retained
power redundant /W_VM Contained redundant segment; existing equal/wider conductor or own pad retained
power redundant /W_DUMP_D Contained redundant segment; existing equal/wider conductor or own pad retained
power redundant /H_DUMP_D Contained redundant segment; existing equal/wider conductor or own pad retained
power redundant /H_REF Contained redundant segment; existing equal/wider conductor or own pad retained
power redundant /H_REF Contained redundant segment; existing equal/wider conductor or own pad retained
power redundant /H_REF Contained redundant segment; existing equal/wider conductor or own pad retained
power redundant /H_REF Contained redundant segment; existing equal/wider conductor or own pad retained
power redundant /H_GATE_LOW Contained redundant segment; existing equal/wider conductor or own pad retained
power redundant /H_PRE Contained redundant segment; existing equal/wider conductor or own pad retained
power redundant /H_GATE Contained redundant segment; existing equal/wider conductor or own pad retained
power redundant /C5_EN Contained redundant segment; existing equal/wider conductor or own pad retained
power redundant /C5_SW Contained redundant segment; existing equal/wider conductor or own pad retained
power redundant /C5_BOOT Contained redundant segment; existing equal/wider conductor or own pad retained
power redundant /MASTER_RETURN Contained redundant segment; existing equal/wider conductor or own pad retained
power redundant /W_VM Contained redundant segment; existing equal/wider conductor or own pad retained
power redundant /W_GATE Contained redundant segment; existing equal/wider conductor or own pad retained
power redundant /C5_VIN Contained redundant segment; existing equal/wider conductor or own pad retained
power redundant /W_PRE Contained redundant segment; existing equal/wider conductor or own pad retained
power redundant /H_BRAKE_GATE Contained redundant segment; existing equal/wider conductor or own pad retained
power redundant /GND Contained redundant segment; existing equal/wider conductor or own pad retained
power redundant /M5_VIN Contained redundant segment; existing equal/wider conductor or own pad retained
power redundant /M5_FB Contained redundant segment; existing equal/wider conductor or own pad retained
power redundant /+3V3 Contained redundant segment; existing equal/wider conductor or own pad retained
power redundant /M5_EN Contained redundant segment; existing equal/wider conductor or own pad retained
power redundant /W_VM Contained redundant segment; existing equal/wider conductor or own pad retained
power redundant /H6_IN Contained redundant segment; existing equal/wider conductor or own pad retained
power redundant /H_PRE Contained redundant segment; existing equal/wider conductor or own pad retained
power redundant /+5V_CAM Contained redundant segment; existing equal/wider conductor or own pad retained
power redundant /BAT_MON Contained redundant segment; existing equal/wider conductor or own pad retained
power redundant /BAT_REV Contained redundant segment; existing equal/wider conductor or own pad retained
10:27:25 PM: Debug: Adding duplicate image handler for 'PNG file'
10:27:25 PM: Debug: Adding duplicate image handler for 'JPEG file'
10:27:25 PM: Debug: Adding duplicate image handler for 'TIFF file'
10:27:25 PM: Debug: Adding duplicate image handler for 'GIF file'
10:27:25 PM: Debug: Adding duplicate image handler for 'PNM file'
10:27:25 PM: Debug: Adding duplicate image handler for 'PCX file'
10:27:25 PM: Debug: Adding duplicate image handler for 'IFF file'
10:27:25 PM: Debug: Adding duplicate image handler for 'Windows icon file'
10:27:25 PM: Debug: Adding duplicate image handler for 'Windows cursor file'
10:27:25 PM: Debug: Adding duplicate image handler for 'Windows animated cursor file'
10:27:25 PM: Debug: Adding duplicate image handler for 'TGA file'
10:27:25 PM: Debug: Adding duplicate image handler for 'XPM file'
power redundant /VBUS_CHARGE Contained redundant segment; existing equal/wider conductor or own pad retained
power redundant /BAT_MON Contained redundant segment; existing equal/wider conductor or own pad retained
power redundant /H_SENSE Contained redundant segment; existing equal/wider conductor or own pad retained
power redundant /H_VM Contained redundant segment; existing equal/wider conductor or own pad retained
power redundant /C5_SW Contained redundant segment; existing equal/wider conductor or own pad retained
power redundant /H6_IN Contained redundant segment; existing equal/wider conductor or own pad retained
power redundant /PACK_FUSED Contained redundant segment; existing equal/wider conductor or own pad retained
power redundant /PACK_FUSED Contained redundant segment; existing equal/wider conductor or own pad retained
power redundant /PACK_FUSED Contained redundant segment; existing equal/wider conductor or own pad retained
power redundant /H_VM Contained redundant segment; existing equal/wider conductor or own pad retained
power redundant /H_VM Contained redundant segment; existing equal/wider conductor or own pad retained
power redundant /H_VM Contained redundant segment; existing equal/wider conductor or own pad retained
power redundant /H_VM Contained redundant segment; existing equal/wider conductor or own pad retained
power redundant /BAT_REV Contained redundant segment; existing equal/wider conductor or own pad retained
power redundant /BAT_REV Contained redundant segment; existing equal/wider conductor or own pad retained
power redundant /BAT_REV Contained redundant segment; existing equal/wider conductor or own pad retained
power redundant /BAT_IN Contained redundant segment; existing equal/wider conductor or own pad retained
power redundant /BAT_IN Contained redundant segment; existing equal/wider conductor or own pad retained
power redundant /BAT_IN Contained redundant segment; existing equal/wider conductor or own pad retained
power redundant /BAT_IN Contained redundant segment; existing equal/wider conductor or own pad retained
power redundant /BAT_IN Contained redundant segment; existing equal/wider conductor or own pad retained
power redundant /BAT_IN Contained redundant segment; existing equal/wider conductor or own pad retained
power redundant /BAT_IN Contained redundant segment; existing equal/wider conductor or own pad retained
power redundant /BAT_IN Contained redundant segment; existing equal/wider conductor or own pad retained
power redundant /W_VM Contained redundant segment; existing equal/wider conductor or own pad retained
power redundant /W_VM Contained redundant segment; existing equal/wider conductor or own pad retained
power redundant /W_VM Contained redundant segment; existing equal/wider conductor or own pad retained
power redundant /W_VM Contained redundant segment; existing equal/wider conductor or own pad retained
power redundant /H_PRE Contained redundant segment; existing equal/wider conductor or own pad retained
power redundant /H_PRE Contained redundant segment; existing equal/wider conductor or own pad retained
power redundant /H_PRE Contained redundant segment; existing equal/wider conductor or own pad retained
power redundant /W_PRE Contained redundant segment; existing equal/wider conductor or own pad retained
power redundant /W_PRE Contained redundant segment; existing equal/wider conductor or own pad retained
power redundant /W_PRE Contained redundant segment; existing equal/wider conductor or own pad retained
power redundant /H_BRAKE_GATE Contained redundant segment; existing equal/wider conductor or own pad retained
power redundant /BAT_MON Contained redundant segment; existing equal/wider conductor or own pad retained
power redundant /W_SENSE Contained redundant segment; existing equal/wider conductor or own pad retained
power redundant /W_VM Contained redundant segment; existing equal/wider conductor or own pad retained
power redundant /W9_IN Contained redundant segment; existing equal/wider conductor or own pad retained
power redundant /GND Contained redundant segment; existing equal/wider conductor or own pad retained
power redundant /BAT_MON Contained redundant segment; existing equal/wider conductor or own pad retained
power redundant /+5V_CAM Contained redundant segment; existing equal/wider conductor or own pad retained
power redundant /+5V_MOTION Contained redundant segment; existing equal/wider conductor or own pad retained
power redundant /M5_SW Contained redundant segment; existing equal/wider conductor or own pad retained
power redundant /+5V_CAM Contained redundant segment; existing equal/wider conductor or own pad retained
power redundant /H6_IN Contained redundant segment; existing equal/wider conductor or own pad retained
power redundant /W9_IN Contained redundant segment; existing equal/wider conductor or own pad retained
power redundant /+5V_MOTION Contained redundant segment; existing equal/wider conductor or own pad retained
power redundant /PACK_FUSED Contained redundant segment; existing equal/wider conductor or own pad retained
power redundant /W_VM Contained redundant segment; existing equal/wider conductor or own pad retained
power redundant /W_VM Contained redundant segment; existing equal/wider conductor or own pad retained
power redundant accepted 176 rejected 3
