00:00.325  blend            | Read blend: "/Users/dean/Documents/MORI/mechanical/mori_v1_2.blend"
00:00.918  render           | Saved: '/Users/dean/Documents/MORI/mechanical/renders/parts/Battery.png'
PART_PREVIEW 1 176 MORI_V1__Battery
00:01.228  render           | Saved: '/Users/dean/Documents/MORI/mechanical/renders/parts/Battery_Pad_-38.0.png'
PART_PREVIEW 2 176 MORI_V1__Battery_Pad_-38.0
00:01.560  render           | Saved: '/Users/dean/Documents/MORI/mechanical/renders/parts/Battery_Pad_38.0.png'
PART_PREVIEW 3 176 MORI_V1__Battery_Pad_38.0
00:01.900  render           | Saved: '/Users/dean/Documents/MORI/mechanical/renders/parts/Battery_Pad_Base.png'
PART_PREVIEW 4 176 MORI_V1__Battery_Pad_Base
00:02.248  render           | Saved: '/Users/dean/Documents/MORI/mechanical/renders/parts/Battery_Retainer_Insert_-1.png'
PART_PREVIEW 5 176 MORI_V1__Battery_Retainer_Insert_-1
00:02.580  render           | Saved: '/Users/dean/Documents/MORI/mechanical/renders/parts/Battery_Retainer_Insert_1.png'
PART_PREVIEW 6 176 MORI_V1__Battery_Retainer_Insert_1
00:02.923  render           | Saved: '/Users/dean/Documents/MORI/mechanical/renders/parts/Battery_Retainer_Screw_-1.png'
PART_PREVIEW 7 176 MORI_V1__Battery_Retainer_Screw_-1
00:03.267  render           | Saved: '/Users/dean/Documents/MORI/mechanical/renders/parts/Battery_Retainer_Screw_1.png'
PART_PREVIEW 8 176 MORI_V1__Battery_Retainer_Screw_1
00:03.633  render           | Saved: '/Users/dean/Documents/MORI/mechanical/renders/parts/Battery_Tray.png'
PART_PREVIEW 9 176 MORI_V1__Battery_Tray
00:04.001  render           | Saved: '/Users/dean/Documents/MORI/mechanical/renders/parts/Body_IMU.png'
PART_PREVIEW 10 176 MORI_V1__Body_IMU
00:04.423  render           | Saved: '/Users/dean/Documents/MORI/mechanical/renders/parts/Body_Lower.png'
PART_PREVIEW 11 176 MORI_V1__Body_Lower
00:04.824  render           | Saved: '/Users/dean/Documents/MORI/mechanical/renders/parts/Body_Upper.png'
PART_PREVIEW 12 176 MORI_V1__Body_Upper
00:05.211  render           | Saved: '/Users/dean/Documents/MORI/mechanical/renders/parts/CAM_Mainboard.png'
PART_PREVIEW 13 176 MORI_V1__CAM_Mainboard
00:05.592  render           | Saved: '/Users/dean/Documents/MORI/mechanical/renders/parts/Camera_Lens.png'
PART_PREVIEW 14 176 MORI_V1__Camera_Lens
00:06.046  render           | Saved: '/Users/dean/Documents/MORI/mechanical/renders/parts/Camera_PCB.png'
PART_PREVIEW 15 176 MORI_V1__Camera_PCB
00:06.504  render           | Saved: '/Users/dean/Documents/MORI/mechanical/renders/parts/Camera_Window.png'
PART_PREVIEW 16 176 MORI_V1__Camera_Window
00:06.936  render           | Saved: '/Users/dean/Documents/MORI/mechanical/renders/parts/Carrier_Insert_0.png'
PART_PREVIEW 17 176 MORI_V1__Carrier_Insert_0
00:07.322  render           | Saved: '/Users/dean/Documents/MORI/mechanical/renders/parts/Carrier_Insert_1.png'
PART_PREVIEW 18 176 MORI_V1__Carrier_Insert_1
00:07.731  render           | Saved: '/Users/dean/Documents/MORI/mechanical/renders/parts/Carrier_Insert_2.png'
PART_PREVIEW 19 176 MORI_V1__Carrier_Insert_2
00:08.150  render           | Saved: '/Users/dean/Documents/MORI/mechanical/renders/parts/Carrier_Insert_3.png'
PART_PREVIEW 20 176 MORI_V1__Carrier_Insert_3
00:08.579  render           | Saved: '/Users/dean/Documents/MORI/mechanical/renders/parts/Carrier_Screw_0.png'
PART_PREVIEW 21 176 MORI_V1__Carrier_Screw_0
00:08.969  render           | Saved: '/Users/dean/Documents/MORI/mechanical/renders/parts/Carrier_Screw_1.png'
PART_PREVIEW 22 176 MORI_V1__Carrier_Screw_1
00:09.337  render           | Saved: '/Users/dean/Documents/MORI/mechanical/renders/parts/Carrier_Screw_2.png'
PART_PREVIEW 23 176 MORI_V1__Carrier_Screw_2
00:09.697  render           | Saved: '/Users/dean/Documents/MORI/mechanical/renders/parts/Carrier_Screw_3.png'
PART_PREVIEW 24 176 MORI_V1__Carrier_Screw_3
00:10.087  render           | Saved: '/Users/dean/Documents/MORI/mechanical/renders/parts/Coupon_Insert.png'
PART_PREVIEW 25 176 MORI_V1__Coupon_Insert
00:10.513  render           | Saved: '/Users/dean/Documents/MORI/mechanical/renders/parts/Coupon_Mating_Tab.png'
PART_PREVIEW 26 176 MORI_V1__Coupon_Mating_Tab
00:10.922  render           | Saved: '/Users/dean/Documents/MORI/mechanical/renders/parts/Coupon_Plane_Fit.png'
PART_PREVIEW 27 176 MORI_V1__Coupon_Plane_Fit
00:11.307  render           | Saved: '/Users/dean/Documents/MORI/mechanical/renders/parts/Coupon_Wheel_Fit.png'
PART_PREVIEW 28 176 MORI_V1__Coupon_Wheel_Fit
00:11.678  render           | Saved: '/Users/dean/Documents/MORI/mechanical/renders/parts/Display_Frame.png'
PART_PREVIEW 29 176 MORI_V1__Display_Frame
00:12.234  render           | Saved: '/Users/dean/Documents/MORI/mechanical/renders/parts/Display_PCB.png'
PART_PREVIEW 30 176 MORI_V1__Display_PCB
00:12.576  render           | Saved: '/Users/dean/Documents/MORI/mechanical/renders/parts/Dock_Pad_0.png'
PART_PREVIEW 31 176 MORI_V1__Dock_Pad_0
00:12.913  render           | Saved: '/Users/dean/Documents/MORI/mechanical/renders/parts/Dock_Pad_1.png'
PART_PREVIEW 32 176 MORI_V1__Dock_Pad_1
00:13.251  render           | Saved: '/Users/dean/Documents/MORI/mechanical/renders/parts/Dock_Pad_2.png'
PART_PREVIEW 33 176 MORI_V1__Dock_Pad_2
00:13.669  render           | Saved: '/Users/dean/Documents/MORI/mechanical/renders/parts/Dock_Pad_3.png'
PART_PREVIEW 34 176 MORI_V1__Dock_Pad_3
00:14.059  render           | Saved: '/Users/dean/Documents/MORI/mechanical/renders/parts/Drive_Bridge.png'
PART_PREVIEW 35 176 MORI_V1__Drive_Bridge
00:14.414  render           | Saved: '/Users/dean/Documents/MORI/mechanical/renders/parts/Drive_L_-8_Nut.png'
PART_PREVIEW 36 176 MORI_V1__Drive_L_-8_Nut
00:14.759  render           | Saved: '/Users/dean/Documents/MORI/mechanical/renders/parts/Drive_L_-8_Screw.png'
PART_PREVIEW 37 176 MORI_V1__Drive_L_-8_Screw
00:15.101  render           | Saved: '/Users/dean/Documents/MORI/mechanical/renders/parts/Drive_L_8_Nut.png'
PART_PREVIEW 38 176 MORI_V1__Drive_L_8_Nut
00:15.444  render           | Saved: '/Users/dean/Documents/MORI/mechanical/renders/parts/Drive_L_8_Screw.png'
PART_PREVIEW 39 176 MORI_V1__Drive_L_8_Screw
00:15.844  render           | Saved: '/Users/dean/Documents/MORI/mechanical/renders/parts/Drive_Motor_L.png'
PART_PREVIEW 40 176 MORI_V1__Drive_Motor_L
00:16.243  render           | Saved: '/Users/dean/Documents/MORI/mechanical/renders/parts/Drive_Motor_R.png'
PART_PREVIEW 41 176 MORI_V1__Drive_Motor_R
00:16.568  render           | Saved: '/Users/dean/Documents/MORI/mechanical/renders/parts/Drive_R_-8_Nut.png'
PART_PREVIEW 42 176 MORI_V1__Drive_R_-8_Nut
00:16.901  render           | Saved: '/Users/dean/Documents/MORI/mechanical/renders/parts/Drive_R_-8_Screw.png'
PART_PREVIEW 43 176 MORI_V1__Drive_R_-8_Screw
00:17.236  render           | Saved: '/Users/dean/Documents/MORI/mechanical/renders/parts/Drive_R_8_Nut.png'
PART_PREVIEW 44 176 MORI_V1__Drive_R_8_Nut
00:17.568  render           | Saved: '/Users/dean/Documents/MORI/mechanical/renders/parts/Drive_R_8_Screw.png'
PART_PREVIEW 45 176 MORI_V1__Drive_R_8_Screw
00:17.940  render           | Saved: '/Users/dean/Documents/MORI/mechanical/renders/parts/Face_Joint_-1_0.0_Nut.png'
PART_PREVIEW 46 176 MORI_V1__Face_Joint_-1_0.0_Nut
00:18.323  render           | Saved: '/Users/dean/Documents/MORI/mechanical/renders/parts/Face_Joint_-1_0.0_Screw.png'
PART_PREVIEW 47 176 MORI_V1__Face_Joint_-1_0.0_Screw
00:18.719  render           | Saved: '/Users/dean/Documents/MORI/mechanical/renders/parts/Face_Joint_-1_7.0_Nut.png'
PART_PREVIEW 48 176 MORI_V1__Face_Joint_-1_7.0_Nut
00:19.100  render           | Saved: '/Users/dean/Documents/MORI/mechanical/renders/parts/Face_Joint_-1_7.0_Screw.png'
PART_PREVIEW 49 176 MORI_V1__Face_Joint_-1_7.0_Screw
00:19.572  render           | Saved: '/Users/dean/Documents/MORI/mechanical/renders/parts/Face_Joint_1_0.0_Nut.png'
PART_PREVIEW 50 176 MORI_V1__Face_Joint_1_0.0_Nut
00:20.037  render           | Saved: '/Users/dean/Documents/MORI/mechanical/renders/parts/Face_Joint_1_0.0_Screw.png'
PART_PREVIEW 51 176 MORI_V1__Face_Joint_1_0.0_Screw
00:20.498  render           | Saved: '/Users/dean/Documents/MORI/mechanical/renders/parts/Face_Joint_1_7.0_Nut.png'
PART_PREVIEW 52 176 MORI_V1__Face_Joint_1_7.0_Nut
00:20.941  render           | Saved: '/Users/dean/Documents/MORI/mechanical/renders/parts/Face_Joint_1_7.0_Screw.png'
PART_PREVIEW 53 176 MORI_V1__Face_Joint_1_7.0_Screw
00:21.386  render           | Saved: '/Users/dean/Documents/MORI/mechanical/renders/parts/Face_Mask.png'
PART_PREVIEW 54 176 MORI_V1__Face_Mask
00:21.861  render           | Saved: '/Users/dean/Documents/MORI/mechanical/renders/parts/Face_Protector.png'
PART_PREVIEW 55 176 MORI_V1__Face_Protector
00:22.327  render           | Saved: '/Users/dean/Documents/MORI/mechanical/renders/parts/Frame_Insert_0.png'
PART_PREVIEW 56 176 MORI_V1__Frame_Insert_0
00:22.733  render           | Saved: '/Users/dean/Documents/MORI/mechanical/renders/parts/Frame_Insert_1.png'
PART_PREVIEW 57 176 MORI_V1__Frame_Insert_1
00:23.157  render           | Saved: '/Users/dean/Documents/MORI/mechanical/renders/parts/Frame_Insert_2.png'
PART_PREVIEW 58 176 MORI_V1__Frame_Insert_2
00:23.569  render           | Saved: '/Users/dean/Documents/MORI/mechanical/renders/parts/Frame_Insert_3.png'
PART_PREVIEW 59 176 MORI_V1__Frame_Insert_3
00:24.033  render           | Saved: '/Users/dean/Documents/MORI/mechanical/renders/parts/Frame_Screw_0.png'
PART_PREVIEW 60 176 MORI_V1__Frame_Screw_0
00:24.484  render           | Saved: '/Users/dean/Documents/MORI/mechanical/renders/parts/Frame_Screw_1.png'
PART_PREVIEW 61 176 MORI_V1__Frame_Screw_1
00:24.939  render           | Saved: '/Users/dean/Documents/MORI/mechanical/renders/parts/Frame_Screw_2.png'
PART_PREVIEW 62 176 MORI_V1__Frame_Screw_2
00:25.401  render           | Saved: '/Users/dean/Documents/MORI/mechanical/renders/parts/Frame_Screw_3.png'
PART_PREVIEW 63 176 MORI_V1__Frame_Screw_3
00:25.896  render           | Saved: '/Users/dean/Documents/MORI/mechanical/renders/parts/Head_Front.png'
PART_PREVIEW 64 176 MORI_V1__Head_Front
00:26.465  render           | Saved: '/Users/dean/Documents/MORI/mechanical/renders/parts/Head_Rear.png'
PART_PREVIEW 65 176 MORI_V1__Head_Rear
00:26.900  render           | Saved: '/Users/dean/Documents/MORI/mechanical/renders/parts/Head_Yaw_Ear_0_Nut.png'
PART_PREVIEW 66 176 MORI_V1__Head_Yaw_Ear_0_Nut
00:27.334  render           | Saved: '/Users/dean/Documents/MORI/mechanical/renders/parts/Head_Yaw_Ear_0_Screw.png'
PART_PREVIEW 67 176 MORI_V1__Head_Yaw_Ear_0_Screw
00:27.806  render           | Saved: '/Users/dean/Documents/MORI/mechanical/renders/parts/Head_Yaw_Ear_1_Nut.png'
PART_PREVIEW 68 176 MORI_V1__Head_Yaw_Ear_1_Nut
00:28.238  render           | Saved: '/Users/dean/Documents/MORI/mechanical/renders/parts/Head_Yaw_Ear_1_Screw.png'
PART_PREVIEW 69 176 MORI_V1__Head_Yaw_Ear_1_Screw
00:28.620  render           | Saved: '/Users/dean/Documents/MORI/mechanical/renders/parts/IMU_Insert_0.png'
PART_PREVIEW 70 176 MORI_V1__IMU_Insert_0
00:28.997  render           | Saved: '/Users/dean/Documents/MORI/mechanical/renders/parts/IMU_Insert_1.png'
PART_PREVIEW 71 176 MORI_V1__IMU_Insert_1
00:29.371  render           | Saved: '/Users/dean/Documents/MORI/mechanical/renders/parts/IMU_Screw_0.png'
PART_PREVIEW 72 176 MORI_V1__IMU_Screw_0
00:29.765  render           | Saved: '/Users/dean/Documents/MORI/mechanical/renders/parts/IMU_Screw_1.png'
PART_PREVIEW 73 176 MORI_V1__IMU_Screw_1
00:30.275  render           | Saved: '/Users/dean/Documents/MORI/mechanical/renders/parts/Load_Frame.png'
PART_PREVIEW 74 176 MORI_V1__Load_Frame
00:30.753  render           | Saved: '/Users/dean/Documents/MORI/mechanical/renders/parts/MCU_Carrier.png'
PART_PREVIEW 75 176 MORI_V1__MCU_Carrier
00:31.476  render           | Saved: '/Users/dean/Documents/MORI/mechanical/renders/parts/MCU_Motion.png'
PART_PREVIEW 76 176 MORI_V1__MCU_Motion
00:31.952  render           | Saved: '/Users/dean/Documents/MORI/mechanical/renders/parts/Mic_Duct_L.png'
PART_PREVIEW 77 176 MORI_V1__Mic_Duct_L
00:32.420  render           | Saved: '/Users/dean/Documents/MORI/mechanical/renders/parts/Mic_Duct_R.png'
PART_PREVIEW 78 176 MORI_V1__Mic_Duct_R
00:32.860  render           | Saved: '/Users/dean/Documents/MORI/mechanical/renders/parts/Motor_Retainer.png'
PART_PREVIEW 79 176 MORI_V1__Motor_Retainer
00:33.268  render           | Saved: '/Users/dean/Documents/MORI/mechanical/renders/parts/Motor_Retainer_Pad_-1.png'
PART_PREVIEW 80 176 MORI_V1__Motor_Retainer_Pad_-1
00:33.694  render           | Saved: '/Users/dean/Documents/MORI/mechanical/renders/parts/Motor_Retainer_Pad_1.png'
PART_PREVIEW 81 176 MORI_V1__Motor_Retainer_Pad_1
00:34.137  render           | Saved: '/Users/dean/Documents/MORI/mechanical/renders/parts/Motor_Top_Pad_L.png'
PART_PREVIEW 82 176 MORI_V1__Motor_Top_Pad_L
00:34.579  render           | Saved: '/Users/dean/Documents/MORI/mechanical/renders/parts/Motor_Top_Pad_R.png'
PART_PREVIEW 83 176 MORI_V1__Motor_Top_Pad_R
00:34.972  render           | Saved: '/Users/dean/Documents/MORI/mechanical/renders/parts/Onboard_MIC_L.png'
PART_PREVIEW 84 176 MORI_V1__Onboard_MIC_L
00:35.382  render           | Saved: '/Users/dean/Documents/MORI/mechanical/renders/parts/Onboard_MIC_R.png'
PART_PREVIEW 85 176 MORI_V1__Onboard_MIC_R
00:35.827  render           | Saved: '/Users/dean/Documents/MORI/mechanical/renders/parts/Parking_Cradle.png'
PART_PREVIEW 86 176 MORI_V1__Parking_Cradle
00:36.330  render           | Saved: '/Users/dean/Documents/MORI/mechanical/renders/parts/Pitch_Bearing_L.png'
PART_PREVIEW 87 176 MORI_V1__Pitch_Bearing_L
00:36.833  render           | Saved: '/Users/dean/Documents/MORI/mechanical/renders/parts/Pitch_Bearing_R.png'
PART_PREVIEW 88 176 MORI_V1__Pitch_Bearing_R
00:37.333  render           | Saved: '/Users/dean/Documents/MORI/mechanical/renders/parts/Pitch_Cradle.png'
PART_PREVIEW 89 176 MORI_V1__Pitch_Cradle
00:37.782  render           | Saved: '/Users/dean/Documents/MORI/mechanical/renders/parts/Pitch_Horn.png'
PART_PREVIEW 90 176 MORI_V1__Pitch_Horn
00:38.168  render           | Saved: '/Users/dean/Documents/MORI/mechanical/renders/parts/Pitch_Lock_Screw.png'
PART_PREVIEW 91 176 MORI_V1__Pitch_Lock_Screw
00:38.579  render           | Saved: '/Users/dean/Documents/MORI/mechanical/renders/parts/Pitch_Output.png'
PART_PREVIEW 92 176 MORI_V1__Pitch_Output
00:38.998  render           | Saved: '/Users/dean/Documents/MORI/mechanical/renders/parts/Pitch_Servo.png'
PART_PREVIEW 93 176 MORI_V1__Pitch_Servo
00:39.399  render           | Saved: '/Users/dean/Documents/MORI/mechanical/renders/parts/Pitch_Trunnion_L.png'
PART_PREVIEW 94 176 MORI_V1__Pitch_Trunnion_L
00:39.770  render           | Saved: '/Users/dean/Documents/MORI/mechanical/renders/parts/Pitch_Trunnion_R.png'
PART_PREVIEW 95 176 MORI_V1__Pitch_Trunnion_R
00:40.148  render           | Saved: '/Users/dean/Documents/MORI/mechanical/renders/parts/Pitch_Yoke.png'
PART_PREVIEW 96 176 MORI_V1__Pitch_Yoke
00:40.504  render           | Saved: '/Users/dean/Documents/MORI/mechanical/renders/parts/Power_Module.png'
PART_PREVIEW 97 176 MORI_V1__Power_Module
00:40.881  render           | Saved: '/Users/dean/Documents/MORI/mechanical/renders/parts/Power_Switch.png'
PART_PREVIEW 98 176 MORI_V1__Power_Switch
00:41.212  render           | Saved: '/Users/dean/Documents/MORI/mechanical/renders/parts/Rear_Interface_Insert_0.png'
PART_PREVIEW 99 176 MORI_V1__Rear_Interface_Insert_0
00:41.584  render           | Saved: '/Users/dean/Documents/MORI/mechanical/renders/parts/Rear_Interface_Insert_1.png'
PART_PREVIEW 100 176 MORI_V1__Rear_Interface_Insert_1
00:41.933  render           | Saved: '/Users/dean/Documents/MORI/mechanical/renders/parts/Rear_Interface_PCB.png'
PART_PREVIEW 101 176 MORI_V1__Rear_Interface_PCB
00:42.323  render           | Saved: '/Users/dean/Documents/MORI/mechanical/renders/parts/Rear_Interface_Screw_0.png'
PART_PREVIEW 102 176 MORI_V1__Rear_Interface_Screw_0
00:42.678  render           | Saved: '/Users/dean/Documents/MORI/mechanical/renders/parts/Rear_Interface_Screw_1.png'
PART_PREVIEW 103 176 MORI_V1__Rear_Interface_Screw_1
00:43.085  render           | Saved: '/Users/dean/Documents/MORI/mechanical/renders/parts/S288_Output_L_Inner.png'
PART_PREVIEW 104 176 MORI_V1__S288_Output_L_Inner
00:43.499  render           | Saved: '/Users/dean/Documents/MORI/mechanical/renders/parts/S288_Output_L_Outer.png'
PART_PREVIEW 105 176 MORI_V1__S288_Output_L_Outer
00:43.899  render           | Saved: '/Users/dean/Documents/MORI/mechanical/renders/parts/S288_Output_R_Inner.png'
PART_PREVIEW 106 176 MORI_V1__S288_Output_R_Inner
00:44.298  render           | Saved: '/Users/dean/Documents/MORI/mechanical/renders/parts/S288_Output_R_Outer.png'
PART_PREVIEW 107 176 MORI_V1__S288_Output_R_Outer
00:44.646  render           | Saved: '/Users/dean/Documents/MORI/mechanical/renders/parts/Shell_Insert_0.png'
PART_PREVIEW 108 176 MORI_V1__Shell_Insert_0
00:44.989  render           | Saved: '/Users/dean/Documents/MORI/mechanical/renders/parts/Shell_Insert_1.png'
PART_PREVIEW 109 176 MORI_V1__Shell_Insert_1
00:45.331  render           | Saved: '/Users/dean/Documents/MORI/mechanical/renders/parts/Shell_Insert_2.png'
PART_PREVIEW 110 176 MORI_V1__Shell_Insert_2
00:45.673  render           | Saved: '/Users/dean/Documents/MORI/mechanical/renders/parts/Shell_Insert_3.png'
PART_PREVIEW 111 176 MORI_V1__Shell_Insert_3
00:46.008  render           | Saved: '/Users/dean/Documents/MORI/mechanical/renders/parts/Shell_Screw_0.png'
PART_PREVIEW 112 176 MORI_V1__Shell_Screw_0
00:46.353  render           | Saved: '/Users/dean/Documents/MORI/mechanical/renders/parts/Shell_Screw_1.png'
PART_PREVIEW 113 176 MORI_V1__Shell_Screw_1
00:46.697  render           | Saved: '/Users/dean/Documents/MORI/mechanical/renders/parts/Shell_Screw_2.png'
PART_PREVIEW 114 176 MORI_V1__Shell_Screw_2
00:47.083  render           | Saved: '/Users/dean/Documents/MORI/mechanical/renders/parts/Shell_Screw_3.png'
PART_PREVIEW 115 176 MORI_V1__Shell_Screw_3
00:47.530  render           | Saved: '/Users/dean/Documents/MORI/mechanical/renders/parts/Speaker.png'
PART_PREVIEW 116 176 MORI_V1__Speaker
00:47.907  render           | Saved: '/Users/dean/Documents/MORI/mechanical/renders/parts/Speaker_Gasket.png'
PART_PREVIEW 117 176 MORI_V1__Speaker_Gasket
00:48.308  render           | Saved: '/Users/dean/Documents/MORI/mechanical/renders/parts/Speaker_Insert_-1.png'
PART_PREVIEW 118 176 MORI_V1__Speaker_Insert_-1
00:48.731  render           | Saved: '/Users/dean/Documents/MORI/mechanical/renders/parts/Speaker_Insert_1.png'
PART_PREVIEW 119 176 MORI_V1__Speaker_Insert_1
00:49.319  render           | Saved: '/Users/dean/Documents/MORI/mechanical/renders/parts/Speaker_Mount.png'
PART_PREVIEW 120 176 MORI_V1__Speaker_Mount
00:49.751  render           | Saved: '/Users/dean/Documents/MORI/mechanical/renders/parts/Speaker_Screw_-1.png'
PART_PREVIEW 121 176 MORI_V1__Speaker_Screw_-1
00:50.159  render           | Saved: '/Users/dean/Documents/MORI/mechanical/renders/parts/Speaker_Screw_1.png'
PART_PREVIEW 122 176 MORI_V1__Speaker_Screw_1
00:50.589  render           | Saved: '/Users/dean/Documents/MORI/mechanical/renders/parts/Tire_L.png'
PART_PREVIEW 123 176 MORI_V1__Tire_L
00:51.015  render           | Saved: '/Users/dean/Documents/MORI/mechanical/renders/parts/Tire_R.png'
PART_PREVIEW 124 176 MORI_V1__Tire_R
00:51.479  render           | Saved: '/Users/dean/Documents/MORI/mechanical/renders/parts/USB_Receptacle.png'
PART_PREVIEW 125 176 MORI_V1__USB_Receptacle
00:51.988  render           | Saved: '/Users/dean/Documents/MORI/mechanical/renders/parts/Wheel_Axle_L.png'
PART_PREVIEW 126 176 MORI_V1__Wheel_Axle_L
00:52.365  render           | Saved: '/Users/dean/Documents/MORI/mechanical/renders/parts/Wheel_Axle_R.png'
PART_PREVIEW 127 176 MORI_V1__Wheel_Axle_R
00:52.768  render           | Saved: '/Users/dean/Documents/MORI/mechanical/renders/parts/Wheel_Bearing_L_Inner.png'
PART_PREVIEW 128 176 MORI_V1__Wheel_Bearing_L_Inner
00:53.155  render           | Saved: '/Users/dean/Documents/MORI/mechanical/renders/parts/Wheel_Bearing_L_Outer.png'
PART_PREVIEW 129 176 MORI_V1__Wheel_Bearing_L_Outer
00:53.538  render           | Saved: '/Users/dean/Documents/MORI/mechanical/renders/parts/Wheel_Bearing_R_Inner.png'
PART_PREVIEW 130 176 MORI_V1__Wheel_Bearing_R_Inner
00:53.932  render           | Saved: '/Users/dean/Documents/MORI/mechanical/renders/parts/Wheel_Bearing_R_Outer.png'
PART_PREVIEW 131 176 MORI_V1__Wheel_Bearing_R_Outer
00:54.322  render           | Saved: '/Users/dean/Documents/MORI/mechanical/renders/parts/Wheel_Cap_Clamp_Nut_0.png'
PART_PREVIEW 132 176 MORI_V1__Wheel_Cap_Clamp_Nut_0
00:54.733  render           | Saved: '/Users/dean/Documents/MORI/mechanical/renders/parts/Wheel_Cap_Clamp_Nut_1.png'
PART_PREVIEW 133 176 MORI_V1__Wheel_Cap_Clamp_Nut_1
00:55.175  render           | Saved: '/Users/dean/Documents/MORI/mechanical/renders/parts/Wheel_Cap_Clamp_Nut_2.png'
PART_PREVIEW 134 176 MORI_V1__Wheel_Cap_Clamp_Nut_2
00:55.630  render           | Saved: '/Users/dean/Documents/MORI/mechanical/renders/parts/Wheel_Cap_Clamp_Nut_3.png'
PART_PREVIEW 135 176 MORI_V1__Wheel_Cap_Clamp_Nut_3
00:56.056  render           | Saved: '/Users/dean/Documents/MORI/mechanical/renders/parts/Wheel_Cap_Clamp_Screw_0.png'
PART_PREVIEW 136 176 MORI_V1__Wheel_Cap_Clamp_Screw_0
00:56.508  render           | Saved: '/Users/dean/Documents/MORI/mechanical/renders/parts/Wheel_Cap_Clamp_Screw_1.png'
PART_PREVIEW 137 176 MORI_V1__Wheel_Cap_Clamp_Screw_1
00:56.948  render           | Saved: '/Users/dean/Documents/MORI/mechanical/renders/parts/Wheel_Cap_Clamp_Screw_2.png'
PART_PREVIEW 138 176 MORI_V1__Wheel_Cap_Clamp_Screw_2
00:57.380  render           | Saved: '/Users/dean/Documents/MORI/mechanical/renders/parts/Wheel_Cap_Clamp_Screw_3.png'
PART_PREVIEW 139 176 MORI_V1__Wheel_Cap_Clamp_Screw_3
00:57.854  render           | Saved: '/Users/dean/Documents/MORI/mechanical/renders/parts/Wheel_End_Screw_L.png'
PART_PREVIEW 140 176 MORI_V1__Wheel_End_Screw_L
00:58.271  render           | Saved: '/Users/dean/Documents/MORI/mechanical/renders/parts/Wheel_End_Screw_R.png'
PART_PREVIEW 141 176 MORI_V1__Wheel_End_Screw_R
00:58.730  render           | Saved: '/Users/dean/Documents/MORI/mechanical/renders/parts/Wheel_End_Washer_L.png'
PART_PREVIEW 142 176 MORI_V1__Wheel_End_Washer_L
00:59.118  render           | Saved: '/Users/dean/Documents/MORI/mechanical/renders/parts/Wheel_End_Washer_R.png'
PART_PREVIEW 143 176 MORI_V1__Wheel_End_Washer_R
00:59.529  render           | Saved: '/Users/dean/Documents/MORI/mechanical/renders/parts/Wheel_Hub_L.png'
PART_PREVIEW 144 176 MORI_V1__Wheel_Hub_L
00:59.919  render           | Saved: '/Users/dean/Documents/MORI/mechanical/renders/parts/Wheel_Hub_R.png'
PART_PREVIEW 145 176 MORI_V1__Wheel_Hub_R
01:00.277  render           | Saved: '/Users/dean/Documents/MORI/mechanical/renders/parts/Wheel_Output_Screw_L_0.png'
PART_PREVIEW 146 176 MORI_V1__Wheel_Output_Screw_L_0
01:00.664  render           | Saved: '/Users/dean/Documents/MORI/mechanical/renders/parts/Wheel_Output_Screw_L_1.png'
PART_PREVIEW 147 176 MORI_V1__Wheel_Output_Screw_L_1
01:01.063  render           | Saved: '/Users/dean/Documents/MORI/mechanical/renders/parts/Wheel_Output_Screw_L_2.png'
PART_PREVIEW 148 176 MORI_V1__Wheel_Output_Screw_L_2
01:01.495  render           | Saved: '/Users/dean/Documents/MORI/mechanical/renders/parts/Wheel_Output_Screw_L_3.png'
PART_PREVIEW 149 176 MORI_V1__Wheel_Output_Screw_L_3
01:01.934  render           | Saved: '/Users/dean/Documents/MORI/mechanical/renders/parts/Wheel_Output_Screw_L_4.png'
PART_PREVIEW 150 176 MORI_V1__Wheel_Output_Screw_L_4
01:02.415  render           | Saved: '/Users/dean/Documents/MORI/mechanical/renders/parts/Wheel_Output_Screw_L_5.png'
PART_PREVIEW 151 176 MORI_V1__Wheel_Output_Screw_L_5
01:03.026  render           | Saved: '/Users/dean/Documents/MORI/mechanical/renders/parts/Wheel_Output_Screw_R_0.png'
PART_PREVIEW 152 176 MORI_V1__Wheel_Output_Screw_R_0
01:03.492  render           | Saved: '/Users/dean/Documents/MORI/mechanical/renders/parts/Wheel_Output_Screw_R_1.png'
PART_PREVIEW 153 176 MORI_V1__Wheel_Output_Screw_R_1
01:03.936  render           | Saved: '/Users/dean/Documents/MORI/mechanical/renders/parts/Wheel_Output_Screw_R_2.png'
PART_PREVIEW 154 176 MORI_V1__Wheel_Output_Screw_R_2
01:04.384  render           | Saved: '/Users/dean/Documents/MORI/mechanical/renders/parts/Wheel_Output_Screw_R_3.png'
PART_PREVIEW 155 176 MORI_V1__Wheel_Output_Screw_R_3
01:04.782  render           | Saved: '/Users/dean/Documents/MORI/mechanical/renders/parts/Wheel_Output_Screw_R_4.png'
PART_PREVIEW 156 176 MORI_V1__Wheel_Output_Screw_R_4
01:05.202  render           | Saved: '/Users/dean/Documents/MORI/mechanical/renders/parts/Wheel_Output_Screw_R_5.png'
PART_PREVIEW 157 176 MORI_V1__Wheel_Output_Screw_R_5
01:05.687  render           | Saved: '/Users/dean/Documents/MORI/mechanical/renders/parts/Wheel_Spacer_L_0.png'
PART_PREVIEW 158 176 MORI_V1__Wheel_Spacer_L_0
01:06.194  render           | Saved: '/Users/dean/Documents/MORI/mechanical/renders/parts/Wheel_Spacer_L_1.png'
PART_PREVIEW 159 176 MORI_V1__Wheel_Spacer_L_1
01:06.705  render           | Saved: '/Users/dean/Documents/MORI/mechanical/renders/parts/Wheel_Spacer_R_0.png'
PART_PREVIEW 160 176 MORI_V1__Wheel_Spacer_R_0
01:07.316  render           | Saved: '/Users/dean/Documents/MORI/mechanical/renders/parts/Wheel_Spacer_R_1.png'
PART_PREVIEW 161 176 MORI_V1__Wheel_Spacer_R_1
01:07.757  render           | Saved: '/Users/dean/Documents/MORI/mechanical/renders/parts/Yaw_Base.png'
PART_PREVIEW 162 176 MORI_V1__Yaw_Base
01:08.106  render           | Saved: '/Users/dean/Documents/MORI/mechanical/renders/parts/Yaw_Base_-1_Insert.png'
PART_PREVIEW 163 176 MORI_V1__Yaw_Base_-1_Insert
01:08.446  render           | Saved: '/Users/dean/Documents/MORI/mechanical/renders/parts/Yaw_Base_-1_Screw.png'
PART_PREVIEW 164 176 MORI_V1__Yaw_Base_-1_Screw
01:08.767  render           | Saved: '/Users/dean/Documents/MORI/mechanical/renders/parts/Yaw_Base_1_Insert.png'
PART_PREVIEW 165 176 MORI_V1__Yaw_Base_1_Insert
01:09.099  render           | Saved: '/Users/dean/Documents/MORI/mechanical/renders/parts/Yaw_Base_1_Screw.png'
PART_PREVIEW 166 176 MORI_V1__Yaw_Base_1_Screw
01:09.442  render           | Saved: '/Users/dean/Documents/MORI/mechanical/renders/parts/Yaw_Bearing.png'
PART_PREVIEW 167 176 MORI_V1__Yaw_Bearing
01:09.777  render           | Saved: '/Users/dean/Documents/MORI/mechanical/renders/parts/Yaw_Horn.png'
PART_PREVIEW 168 176 MORI_V1__Yaw_Horn
01:10.085  render           | Saved: '/Users/dean/Documents/MORI/mechanical/renders/parts/Yaw_Lock_Screw.png'
PART_PREVIEW 169 176 MORI_V1__Yaw_Lock_Screw
01:10.414  render           | Saved: '/Users/dean/Documents/MORI/mechanical/renders/parts/Yaw_Output.png'
PART_PREVIEW 170 176 MORI_V1__Yaw_Output
01:10.755  render           | Saved: '/Users/dean/Documents/MORI/mechanical/renders/parts/Yaw_Reaction_Clamp_Nut.png'
PART_PREVIEW 171 176 MORI_V1__Yaw_Reaction_Clamp_Nut
01:11.080  render           | Saved: '/Users/dean/Documents/MORI/mechanical/renders/parts/Yaw_Reaction_Clamp_Screw.png'
PART_PREVIEW 172 176 MORI_V1__Yaw_Reaction_Clamp_Screw
01:11.425  render           | Saved: '/Users/dean/Documents/MORI/mechanical/renders/parts/Yaw_Reaction_Link.png'
PART_PREVIEW 173 176 MORI_V1__Yaw_Reaction_Link
01:11.762  render           | Saved: '/Users/dean/Documents/MORI/mechanical/renders/parts/Yaw_Reaction_Retainer_Nut.png'
PART_PREVIEW 174 176 MORI_V1__Yaw_Reaction_Retainer_Nut
01:12.076  render           | Saved: '/Users/dean/Documents/MORI/mechanical/renders/parts/Yaw_Reaction_Retainer_Screw.png'
PART_PREVIEW 175 176 MORI_V1__Yaw_Reaction_Retainer_Screw
01:12.441  render           | Saved: '/Users/dean/Documents/MORI/mechanical/renders/parts/Yaw_Servo.png'
PART_PREVIEW 176 176 MORI_V1__Yaw_Servo
CATALOG_COMPLETE
Blender 5.2.1 LTS (hash 9e2066aef7ef built 2026-08-25 01:35:57)

Blender quit
