00:00.341  blend            | Read blend: "/Users/dean/Documents/MORI/mechanical/mori_v1_2.blend"
BUILD shells
BUILD optics
BUILD head_joint
BUILD wheel_and_drive
BUILD frame_and_electronics
BUILD fasteners_and_coupons
BUILD v12_joint_details
BUILD apply_purchased_geometry
BUILD apply_structural_simplification
BUILD apply_monocoque_structure
BUILD apply_simple_modules
BUILD apply_belly_relayout
BELLY_RELAYOUT_COMPLETE
BUILD apply_detail_fit
DETAIL_FIT_COMPLETE
BUILD apply_layout_cleanup
LAYOUT_CLEANUP_COMPLETE
BUILD apply_part_consolidation
PART_CONSOLIDATION_COMPLETE 26 20
BUILD apply_wheel_interfaces
WHEEL_INTERFACE_COMPLETE
BUILD dock
BUILD controls_datums
BUILD studio
信息: 已另存为 "mori_v1_2.blend"
BUILD_COMPLETE
BUILD shells
BUILD optics
BUILD head_joint
BUILD wheel_and_drive
BUILD frame_and_electronics
BUILD fasteners_and_coupons
BUILD v12_joint_details
BUILD apply_purchased_geometry
BUILD apply_structural_simplification
BUILD apply_monocoque_structure
BUILD apply_simple_modules
BUILD apply_belly_relayout
BELLY_RELAYOUT_COMPLETE
BUILD apply_detail_fit
DETAIL_FIT_COMPLETE
BUILD apply_layout_cleanup
LAYOUT_CLEANUP_COMPLETE
BUILD apply_part_consolidation
PART_CONSOLIDATION_COMPLETE 26 20
BUILD apply_wheel_interfaces
WHEEL_INTERFACE_COMPLETE
BUILD dock
BUILD controls_datums
BUILD studio
信息: 已另存为 "mori_v1_2.blend"
BUILD_COMPLETE
信息: 已另存为 "mori_v1_2.blend"
REBUILD_CHECK_COMPLETE
Blender 5.2.1 LTS (hash 9e2066aef7ef built 2026-08-25 01:35:57)

Blender quit
