00:00.257  blend            | Read blend: "/Users/dean/Documents/MORI/mechanical/mori_v1_2.blend"
/Users/dean/Documents/MORI/mechanical/scripts/assembly_animation.py:92: DeprecationWarning: 'Material.use_nodes' is expected to be removed in Blender 6.0
  m.use_nodes = True
/Users/dean/Documents/MORI/mechanical/scripts/assembly_animation.py:191: DeprecationWarning: 'Material.use_nodes' is expected to be removed in Blender 6.0
  clear = tagged(bpy.data.materials.new(AP+'Clear_Window')); clear.use_nodes = True
信息: 已另存为 "mori_assembly_animation.blend"
ANIMATION_STILL 1
00:02.924  render           | Saved: '/Users/dean/Documents/MORI/mechanical/animation/step_01.png'
ANIMATION_STILL 2
00:03.214  render           | Saved: '/Users/dean/Documents/MORI/mechanical/animation/step_02.png'
ANIMATION_STILL 3
00:03.592  render           | Saved: '/Users/dean/Documents/MORI/mechanical/animation/step_03.png'
ANIMATION_STILL 4
00:04.048  render           | Saved: '/Users/dean/Documents/MORI/mechanical/animation/step_04.png'
ANIMATION_STILL 5
00:04.258  render           | Saved: '/Users/dean/Documents/MORI/mechanical/animation/step_05.png'
ANIMATION_STILL 6
00:04.513  render           | Saved: '/Users/dean/Documents/MORI/mechanical/animation/step_06.png'
ANIMATION_STILL 7
00:04.967  render           | Saved: '/Users/dean/Documents/MORI/mechanical/animation/step_07.png'
ANIMATION_STILL 8
00:05.374  render           | Saved: '/Users/dean/Documents/MORI/mechanical/animation/step_08.png'
ANIMATION_STILL 9
00:05.825  render           | Saved: '/Users/dean/Documents/MORI/mechanical/animation/step_09.png'
ANIMATION_STILL 10
00:06.285  render           | Saved: '/Users/dean/Documents/MORI/mechanical/animation/step_10.png'
ANIMATION_STILL 11
00:06.595  render           | Saved: '/Users/dean/Documents/MORI/mechanical/animation/step_11.png'
ANIMATION_STILL 12
00:06.980  render           | Saved: '/Users/dean/Documents/MORI/mechanical/animation/step_12.png'
ANIMATION_STILL 13
00:07.514  render           | Saved: '/Users/dean/Documents/MORI/mechanical/animation/step_13.png'
ANIMATION_STILL 14
00:07.864  render           | Saved: '/Users/dean/Documents/MORI/mechanical/animation/step_14.png'
ANIMATION_STILL 15
00:08.192  render           | Saved: '/Users/dean/Documents/MORI/mechanical/animation/step_15.png'
ANIMATION_STILL 16
00:08.629  render           | Saved: '/Users/dean/Documents/MORI/mechanical/animation/step_16.png'
ANIMATION_STILL 17
00:09.156  render           | Saved: '/Users/dean/Documents/MORI/mechanical/animation/step_17.png'
ANIMATION_STILL 18
00:09.419  render           | Saved: '/Users/dean/Documents/MORI/mechanical/animation/step_18.png'
ANIMATION_STILL 19
00:09.915  render           | Saved: '/Users/dean/Documents/MORI/mechanical/animation/step_19.png'
ANIMATION_STILL 20
00:10.324  render           | Saved: '/Users/dean/Documents/MORI/mechanical/animation/step_20.png'
ANIMATION_STILL 21
00:10.753  render           | Saved: '/Users/dean/Documents/MORI/mechanical/animation/step_21.png'
ANIMATION_STILL 22
00:11.239  render           | Saved: '/Users/dean/Documents/MORI/mechanical/animation/step_22.png'
ASSEMBLY_ANIMATION_BUILT 203 2058
Blender 5.2.2 LTS (hash d13f752e3b9c built 2026-09-15 01:49:19)

Blender quit
