HEAD_DELIVERY build START
HEAD_DELIVERY build 0
HEAD_DELIVERY check_rebuild START
HEAD_DELIVERY check_rebuild 0
HEAD_DELIVERY validate START
HEAD_DELIVERY validate 0
HEAD_DELIVERY render START
HEAD_DELIVERY export START
HEAD_DELIVERY export_wheel_metal START
HEAD_DELIVERY animation START
HEAD_DELIVERY export_wheel_metal 0
HEAD_DELIVERY export 0
HEAD_DELIVERY animation 0
HEAD_DELIVERY render 0
HEAD_DELIVERY catalog START
HEAD_DELIVERY export_electronics_detail START
HEAD_DELIVERY head_comparison START
HEAD_DELIVERY catalog 0
HEAD_DELIVERY export_electronics_detail 0
HEAD_DELIVERY head_comparison 0
HEAD_DELIVERY delivery_check START
HEAD_DELIVERY electronics_detail_check START
HEAD_DELIVERY electronics_detail_check 0
HEAD_DELIVERY delivery_check 0
HEAD_DELIVERY report START
HEAD_DELIVERY report 0
HEAD_DELIVERY_COMPLETE
