SERVO_DELIVERY build START
SERVO_DELIVERY servo_before START
SERVO_DELIVERY servo_before 0
SERVO_DELIVERY build 0
SERVO_DELIVERY check_rebuild START
SERVO_DELIVERY check_rebuild 0
SERVO_DELIVERY validate START
SERVO_DELIVERY validate 0
SERVO_DELIVERY render START
SERVO_DELIVERY export START
SERVO_DELIVERY export_wheel_metal START
SERVO_DELIVERY animation START
SERVO_DELIVERY servo_comparison START
SERVO_DELIVERY export_wheel_metal 0
SERVO_DELIVERY export 0
SERVO_DELIVERY servo_comparison 0
SERVO_DELIVERY render 0
SERVO_DELIVERY animation 0
SERVO_DELIVERY head_comparison START
SERVO_DELIVERY corner_comparison START
SERVO_DELIVERY catalog START
SERVO_DELIVERY export_electronics_detail START
SERVO_DELIVERY retained_interfaces START
SERVO_DELIVERY drive_comparison START
SERVO_DELIVERY retained_interfaces 0
SERVO_DELIVERY export_electronics_detail 0
SERVO_DELIVERY catalog 0
SERVO_DELIVERY corner_comparison 0
SERVO_DELIVERY drive_comparison 0
SERVO_DELIVERY head_comparison 0
SERVO_DELIVERY delivery_check START
SERVO_DELIVERY electronics_detail_check START
SERVO_DELIVERY electronics_detail_check 0
SERVO_DELIVERY delivery_check 1
Failed stage; read recorded logs
