00:00.383  blend            | Read blend: "/Users/dean/Documents/MORI/mechanical/mori_v1_2.blend"
00:01.291  render           | Saved: '/Users/dean/Documents/MORI/mechanical/renders/parts/Head_Front.png'
PART_PREVIEW 1 10 MORI_V1__Head_Front
00:01.750  render           | Saved: '/Users/dean/Documents/MORI/mechanical/renders/parts/Head_Pitch_Ear_0_Nut.png'
PART_PREVIEW 2 10 MORI_V1__Head_Pitch_Ear_0_Nut
00:02.190  render           | Saved: '/Users/dean/Documents/MORI/mechanical/renders/parts/Head_Pitch_Ear_0_Screw.png'
PART_PREVIEW 3 10 MORI_V1__Head_Pitch_Ear_0_Screw
00:02.592  render           | Saved: '/Users/dean/Documents/MORI/mechanical/renders/parts/Head_Pitch_Ear_1_Nut.png'
PART_PREVIEW 4 10 MORI_V1__Head_Pitch_Ear_1_Nut
00:02.973  render           | Saved: '/Users/dean/Documents/MORI/mechanical/renders/parts/Head_Pitch_Ear_1_Screw.png'
PART_PREVIEW 5 10 MORI_V1__Head_Pitch_Ear_1_Screw
00:03.349  render           | Saved: '/Users/dean/Documents/MORI/mechanical/renders/parts/Head_Yaw_Ear_0_Nut.png'
PART_PREVIEW 6 10 MORI_V1__Head_Yaw_Ear_0_Nut
00:03.741  render           | Saved: '/Users/dean/Documents/MORI/mechanical/renders/parts/Head_Yaw_Ear_0_Screw.png'
PART_PREVIEW 7 10 MORI_V1__Head_Yaw_Ear_0_Screw
00:04.111  render           | Saved: '/Users/dean/Documents/MORI/mechanical/renders/parts/Head_Yaw_Ear_1_Nut.png'
PART_PREVIEW 8 10 MORI_V1__Head_Yaw_Ear_1_Nut
00:04.471  render           | Saved: '/Users/dean/Documents/MORI/mechanical/renders/parts/Head_Yaw_Ear_1_Screw.png'
PART_PREVIEW 9 10 MORI_V1__Head_Yaw_Ear_1_Screw
00:04.907  render           | Saved: '/Users/dean/Documents/MORI/mechanical/renders/parts/Pitch_Yoke.png'
PART_PREVIEW 10 10 MORI_V1__Pitch_Yoke
CATALOG_COMPLETE
Blender 5.2.1 LTS (hash 9e2066aef7ef built 2026-08-25 01:35:57)

Blender quit
