00:00.632  blend            | Read blend: "/Users/dean/Documents/MORI/mechanical/mori_v1_2.blend"
00:01.854  render           | Saved: '/Users/dean/Documents/MORI/mechanical/renders/parts/Pitch_Yoke.png'
PART_PREVIEW 1 8 MORI_V1__Pitch_Yoke
00:02.388  render           | Saved: '/Users/dean/Documents/MORI/mechanical/renders/parts/Yaw_Anti_Lift_Keeper.png'
PART_PREVIEW 2 8 MORI_V1__Yaw_Anti_Lift_Keeper
00:03.017  render           | Saved: '/Users/dean/Documents/MORI/mechanical/renders/parts/Yaw_Base.png'
PART_PREVIEW 3 8 MORI_V1__Yaw_Base
00:03.584  render           | Saved: '/Users/dean/Documents/MORI/mechanical/renders/parts/Yaw_Bearing.png'
PART_PREVIEW 4 8 MORI_V1__Yaw_Bearing
00:04.142  render           | Saved: '/Users/dean/Documents/MORI/mechanical/renders/parts/Yaw_Keeper_Insert_0.png'
PART_PREVIEW 5 8 MORI_V1__Yaw_Keeper_Insert_0
00:04.713  render           | Saved: '/Users/dean/Documents/MORI/mechanical/renders/parts/Yaw_Keeper_Insert_1.png'
PART_PREVIEW 6 8 MORI_V1__Yaw_Keeper_Insert_1
00:05.390  render           | Saved: '/Users/dean/Documents/MORI/mechanical/renders/parts/Yaw_Keeper_Screw_0.png'
PART_PREVIEW 7 8 MORI_V1__Yaw_Keeper_Screw_0
00:05.940  render           | Saved: '/Users/dean/Documents/MORI/mechanical/renders/parts/Yaw_Keeper_Screw_1.png'
PART_PREVIEW 8 8 MORI_V1__Yaw_Keeper_Screw_1
CATALOG_COMPLETE
Blender 5.2.2 LTS (hash d13f752e3b9c built 2026-09-15 01:49:19)

Blender quit
