SURFACE_DELIVERY build START
SURFACE_DELIVERY surface_before START
SURFACE_DELIVERY surface_before 0
SURFACE_DELIVERY build 0
SURFACE_DELIVERY check_rebuild START
SURFACE_DELIVERY check_rebuild 0
SURFACE_DELIVERY validate START
SURFACE_DELIVERY validate 0
SURFACE_DELIVERY render START
SURFACE_DELIVERY export START
SURFACE_DELIVERY export_wheel_metal START
SURFACE_DELIVERY corner_comparison START
SURFACE_DELIVERY surface_comparison START
SURFACE_DELIVERY animation START
SURFACE_DELIVERY export_wheel_metal 0
SURFACE_DELIVERY export 0
SURFACE_DELIVERY surface_comparison 0
SURFACE_DELIVERY corner_comparison 0
SURFACE_DELIVERY render 0
SURFACE_DELIVERY animation 0
SURFACE_DELIVERY head_comparison START
SURFACE_DELIVERY catalog START
SURFACE_DELIVERY export_electronics_detail START
SURFACE_DELIVERY drive_comparison START
SURFACE_DELIVERY retained_interfaces START
SURFACE_DELIVERY retained_interfaces 0
SURFACE_DELIVERY catalog 0
SURFACE_DELIVERY export_electronics_detail 0
SURFACE_DELIVERY head_comparison 0
SURFACE_DELIVERY drive_comparison 0
SURFACE_DELIVERY delivery_check START
SURFACE_DELIVERY electronics_detail_check START
SURFACE_DELIVERY electronics_detail_check 0
SURFACE_DELIVERY delivery_check 0
SURFACE_DELIVERY report START
SURFACE_DELIVERY report 0
SURFACE_DELIVERY_COMPLETE
