WAVESHARE head_comparison START
WAVESHARE corner_comparison START
WAVESHARE catalog START
WAVESHARE export_electronics_detail START
WAVESHARE retained_interfaces START
WAVESHARE drive_comparison START
WAVESHARE pad_comparison START
WAVESHARE foot_comparison START
WAVESHARE retained_interfaces 0
WAVESHARE catalog 0
WAVESHARE corner_comparison 0
WAVESHARE head_comparison 0
WAVESHARE drive_comparison 0
WAVESHARE foot_comparison 0
WAVESHARE export_electronics_detail 0
WAVESHARE pad_comparison 0
WAVESHARE structure_metadata START
WAVESHARE structure_metadata 0
WAVESHARE delivery_check START
WAVESHARE electronics_detail_check START
WAVESHARE electronics_detail_check 0
WAVESHARE delivery_check 0
WAVESHARE report START
WAVESHARE report 0
WAVESHARE_DELIVERY_COMPLETE
