00:00.424  blend            | Read blend: "/Users/dean/Documents/MORI/mechanical/mori_v1_2.blend"
/Users/dean/Documents/MORI/mechanical/scripts/assembly_animation.py:85: DeprecationWarning: 'Material.use_nodes' is expected to be removed in Blender 6.0
  m.use_nodes = True
/Users/dean/Documents/MORI/mechanical/scripts/assembly_animation.py:175: DeprecationWarning: 'Material.use_nodes' is expected to be removed in Blender 6.0
  clear = tagged(bpy.data.materials.new(AP+'Clear_Window')); clear.use_nodes = True
信息: 已另存为 "mori_assembly_animation.blend"
ANIMATION_STILL 1
00:03.096  render           | Saved: '/Users/dean/Documents/MORI/mechanical/animation/step_01.png'
ANIMATION_STILL 2
00:03.310  render           | Saved: '/Users/dean/Documents/MORI/mechanical/animation/step_02.png'
ANIMATION_STILL 3
00:03.535  render           | Saved: '/Users/dean/Documents/MORI/mechanical/animation/step_03.png'
ANIMATION_STILL 4
00:03.802  render           | Saved: '/Users/dean/Documents/MORI/mechanical/animation/step_04.png'
ANIMATION_STILL 5
00:04.158  render           | Saved: '/Users/dean/Documents/MORI/mechanical/animation/step_05.png'
ANIMATION_STILL 6
00:04.534  render           | Saved: '/Users/dean/Documents/MORI/mechanical/animation/step_06.png'
ANIMATION_STILL 7
00:05.059  render           | Saved: '/Users/dean/Documents/MORI/mechanical/animation/step_07.png'
ANIMATION_STILL 8
00:05.467  render           | Saved: '/Users/dean/Documents/MORI/mechanical/animation/step_08.png'
ANIMATION_STILL 9
00:05.874  render           | Saved: '/Users/dean/Documents/MORI/mechanical/animation/step_09.png'
ANIMATION_STILL 10
00:06.245  render           | Saved: '/Users/dean/Documents/MORI/mechanical/animation/step_10.png'
ANIMATION_STILL 11
00:06.604  render           | Saved: '/Users/dean/Documents/MORI/mechanical/animation/step_11.png'
ANIMATION_STILL 12
00:06.960  render           | Saved: '/Users/dean/Documents/MORI/mechanical/animation/step_12.png'
ANIMATION_STILL 13
00:07.396  render           | Saved: '/Users/dean/Documents/MORI/mechanical/animation/step_13.png'
ANIMATION_STILL 14
00:08.000  render           | Saved: '/Users/dean/Documents/MORI/mechanical/animation/step_14.png'
ANIMATION_STILL 15
00:08.216  render           | Saved: '/Users/dean/Documents/MORI/mechanical/animation/step_15.png'
ANIMATION_STILL 16
00:08.810  render           | Saved: '/Users/dean/Documents/MORI/mechanical/animation/step_16.png'
ANIMATION_STILL 17
00:09.384  render           | Saved: '/Users/dean/Documents/MORI/mechanical/animation/step_17.png'
ANIMATION_STILL 18
00:09.956  render           | Saved: '/Users/dean/Documents/MORI/mechanical/animation/step_18.png'
ASSEMBLY_ANIMATION_BUILT 189 1338
Blender 5.2.1 LTS (hash 9e2066aef7ef built 2026-08-25 01:35:57)

Blender quit
