00:00.449  blend            | Read blend: "/Users/dean/Documents/MORI/mechanical/mori_v1_2.blend"
CAM_CONTINUOUS_SOLIDS mating 0.0 0.09375 PASS 1.33
CAM_CONTINUOUS_SOLIDS mating 0.09375 0.1875 PASS 1.64
CAM_CONTINUOUS_SOLIDS mating 0.1875 0.28125 PASS 2.2
CAM_CONTINUOUS_SOLIDS mating 0.28125 0.375 PASS 2.5
CAM_CONTINUOUS_SOLIDS mating 0.375 0.46875 PASS 3.31
CAM_CONTINUOUS_SOLIDS mating 0.46875 0.5625 PASS 3.61
CAM_CONTINUOUS_SOLIDS mating 0.5625 0.65625 PASS 4.18
CAM_CONTINUOUS_SOLIDS mating 0.65625 0.75 PASS 4.5
CAM_CONTINUOUS_SOLIDS mating 0.75 0.84375 PASS 5.57
CAM_CONTINUOUS_SOLIDS mating 0.84375 0.9375 PASS 5.88
CAM_CONTINUOUS_SOLIDS mating 0.9375 1.03125 PASS 6.44
CAM_CONTINUOUS_SOLIDS mating 1.03125 1.125 PASS 6.75
CAM_CONTINUOUS_SOLIDS mating 1.125 1.21875 PASS 7.57
CAM_CONTINUOUS_SOLIDS mating 1.21875 1.3125 PASS 7.88
CAM_CONTINUOUS_SOLIDS mating 1.3125 1.40625 PASS 8.43
CAM_CONTINUOUS_SOLIDS mating 1.40625 1.5 PASS 8.74
CAM_CONTINUOUS_SOLIDS mating 1.5 1.59375 PASS 10.05
CAM_CONTINUOUS_SOLIDS mating 1.59375 1.6875 PASS 10.36
CAM_CONTINUOUS_SOLIDS mating 1.6875 1.78125 PASS 10.93
CAM_CONTINUOUS_SOLIDS mating 1.78125 1.875 PASS 11.24
CAM_CONTINUOUS_SOLIDS mating 1.875 1.96875 PASS 12.06
CAM_CONTINUOUS_SOLIDS mating 1.96875 2.0625 PASS 12.36
CAM_CONTINUOUS_SOLIDS mating 2.0625 2.15625 PASS 12.93
CAM_CONTINUOUS_SOLIDS mating 2.15625 2.25 PASS 13.24
CAM_CONTINUOUS_SOLIDS mating 2.25 2.34375 PASS 14.31
CAM_CONTINUOUS_SOLIDS mating 2.34375 2.4375 PASS 14.62
CAM_CONTINUOUS_SOLIDS mating 2.4375 2.53125 PASS 15.18
CAM_CONTINUOUS_SOLIDS mating 2.53125 2.625 PASS 15.5
CAM_CONTINUOUS_SOLIDS mating 2.625 2.71875 PASS 16.32
CAM_CONTINUOUS_SOLIDS mating 2.71875 2.8125 PASS 16.63
CAM_CONTINUOUS_SOLIDS mating 2.8125 2.90625 PASS 17.2
CAM_CONTINUOUS_SOLIDS mating 2.90625 3.0 PASS 17.51
CAM_CONTINUOUS_SOLIDS mating 3.0 3.09375 PASS 18.85
CAM_CONTINUOUS_SOLIDS mating 3.09375 3.1875 PASS 19.16
CAM_CONTINUOUS_SOLIDS mating 3.1875 3.28125 PASS 19.72
CAM_CONTINUOUS_SOLIDS mating 3.28125 3.375 PASS 20.03
CAM_CONTINUOUS_SOLIDS mating 3.375 3.46875 PASS 20.86
CAM_CONTINUOUS_SOLIDS mating 3.46875 3.5625 PASS 21.17
CAM_CONTINUOUS_SOLIDS mating 3.5625 3.65625 PASS 21.73
CAM_CONTINUOUS_SOLIDS mating 3.65625 3.75 PASS 22.04
CAM_CONTINUOUS_SOLIDS mating 3.75 3.84375 PASS 23.13
CAM_CONTINUOUS_SOLIDS mating 3.84375 3.9375 PASS 23.45
CAM_CONTINUOUS_SOLIDS mating 3.9375 4.03125 PASS 24.01
CAM_CONTINUOUS_SOLIDS mating 4.03125 4.125 PASS 24.32
CAM_CONTINUOUS_SOLIDS mating 4.125 4.21875 PASS 25.15
CAM_CONTINUOUS_SOLIDS mating 4.21875 4.3125 PASS 25.46
CAM_CONTINUOUS_SOLIDS mating 4.3125 4.40625 PASS 26.04
CAM_CONTINUOUS_SOLIDS mating 4.40625 4.5 PASS 26.36
CAM_CONTINUOUS_SOLIDS mating 4.5 4.59375 PASS 27.69
CAM_CONTINUOUS_SOLIDS mating 4.59375 4.6875 PASS 28.01
CAM_CONTINUOUS_SOLIDS mating 4.6875 4.78125 PASS 28.58
CAM_CONTINUOUS_SOLIDS mating 4.78125 4.875 PASS 28.89
CAM_CONTINUOUS_SOLIDS mating 4.875 4.96875 PASS 29.72
CAM_CONTINUOUS_SOLIDS mating 4.96875 5.0625 PASS 30.03
CAM_CONTINUOUS_SOLIDS mating 5.0625 5.15625 PASS 30.6
CAM_CONTINUOUS_SOLIDS mating 5.15625 5.25 PASS 30.91
CAM_CONTINUOUS_SOLIDS mating 5.25 5.34375 PASS 31.99
CAM_CONTINUOUS_SOLIDS mating 5.34375 5.4375 PASS 32.3
CAM_CONTINUOUS_SOLIDS mating 5.4375 5.53125 PASS 32.88
CAM_CONTINUOUS_SOLIDS mating 5.53125 5.625 PASS 33.19
CAM_CONTINUOUS_SOLIDS mating 5.625 5.71875 PASS 34.02
CAM_CONTINUOUS_SOLIDS mating 5.71875 5.8125 PASS 34.34
CAM_CONTINUOUS_SOLIDS mating 5.8125 5.90625 PASS 34.9
CAM_CONTINUOUS_SOLIDS mating 5.90625 6.0 PASS 35.21
CAM_CONTINUOUS_STAGE mating 64 unproved 0
CAM_CONTINUOUS_SOLIDS seating 0.0 0.09375 PASS 36.55
CAM_CONTINUOUS_SOLIDS seating 0.09375 0.1875 PASS 36.86
CAM_CONTINUOUS_SOLIDS seating 0.1875 0.28125 PASS 37.42
CAM_CONTINUOUS_SOLIDS seating 0.28125 0.375 PASS 37.73
CAM_CONTINUOUS_SOLIDS seating 0.375 0.46875 PASS 38.55
CAM_CONTINUOUS_SOLIDS seating 0.46875 0.5625 PASS 38.86
CAM_CONTINUOUS_SOLIDS seating 0.5625 0.65625 PASS 39.42
CAM_CONTINUOUS_SOLIDS seating 0.65625 0.75 PASS 39.73
CAM_CONTINUOUS_SOLIDS seating 0.75 0.84375 PASS 40.8
CAM_CONTINUOUS_SOLIDS seating 0.84375 0.9375 PASS 41.11
CAM_CONTINUOUS_SOLIDS seating 0.9375 1.03125 PASS 41.66
CAM_CONTINUOUS_SOLIDS seating 1.03125 1.125 PASS 41.97
CAM_CONTINUOUS_SOLIDS seating 1.125 1.21875 PASS 42.79
CAM_CONTINUOUS_SOLIDS seating 1.21875 1.3125 PASS 43.1
CAM_CONTINUOUS_SOLIDS seating 1.3125 1.40625 PASS 43.66
CAM_CONTINUOUS_SOLIDS seating 1.40625 1.5 PASS 43.97
CAM_CONTINUOUS_SOLIDS seating 1.5 1.59375 PASS 45.29
CAM_CONTINUOUS_SOLIDS seating 1.59375 1.6875 PASS 45.6
CAM_CONTINUOUS_SOLIDS seating 1.6875 1.78125 PASS 46.16
CAM_CONTINUOUS_SOLIDS seating 1.78125 1.875 PASS 46.48
CAM_CONTINUOUS_SOLIDS seating 1.875 1.96875 PASS 47.29
CAM_CONTINUOUS_SOLIDS seating 1.96875 2.0625 PASS 47.6
CAM_CONTINUOUS_SOLIDS seating 2.0625 2.15625 PASS 48.16
CAM_CONTINUOUS_SOLIDS seating 2.15625 2.25 PASS 48.47
CAM_CONTINUOUS_SOLIDS seating 2.25 2.34375 PASS 49.55
CAM_CONTINUOUS_SOLIDS seating 2.34375 2.4375 PASS 49.86
CAM_CONTINUOUS_SOLIDS seating 2.4375 2.53125 PASS 50.42
CAM_CONTINUOUS_SOLIDS seating 2.53125 2.625 PASS 50.73
CAM_CONTINUOUS_SOLIDS seating 2.625 2.71875 PASS 51.54
CAM_CONTINUOUS_SOLIDS seating 2.71875 2.8125 PASS 51.85
CAM_CONTINUOUS_SOLIDS seating 2.8125 2.90625 PASS 52.42
CAM_CONTINUOUS_SOLIDS seating 2.90625 3.0 PASS 52.73
CAM_CONTINUOUS_SOLIDS seating 3.0 3.09375 PASS 54.07
CAM_CONTINUOUS_SOLIDS seating 3.09375 3.1875 PASS 54.38
CAM_CONTINUOUS_SOLIDS seating 3.1875 3.28125 PASS 54.95
CAM_CONTINUOUS_SOLIDS seating 3.28125 3.375 PASS 55.26
CAM_CONTINUOUS_SOLIDS seating 3.375 3.46875 PASS 56.09
CAM_CONTINUOUS_SOLIDS seating 3.46875 3.5625 PASS 56.41
CAM_CONTINUOUS_SOLIDS seating 3.5625 3.65625 PASS 56.97
CAM_CONTINUOUS_SOLIDS seating 3.65625 3.75 PASS 57.28
CAM_CONTINUOUS_SOLIDS seating 3.75 3.84375 PASS 58.34
CAM_CONTINUOUS_SOLIDS seating 3.84375 3.9375 PASS 58.65
CAM_CONTINUOUS_SOLIDS seating 3.9375 4.03125 PASS 59.22
CAM_CONTINUOUS_SOLIDS seating 4.03125 4.125 PASS 59.53
CAM_CONTINUOUS_SOLIDS seating 4.125 4.21875 PASS 60.36
CAM_CONTINUOUS_SOLIDS seating 4.21875 4.3125 PASS 60.67
CAM_CONTINUOUS_SOLIDS seating 4.3125 4.40625 PASS 61.23
CAM_CONTINUOUS_SOLIDS seating 4.40625 4.5 PASS 61.55
CAM_CONTINUOUS_SOLIDS seating 4.5 4.59375 PASS 62.88
CAM_CONTINUOUS_SOLIDS seating 4.59375 4.6875 PASS 63.19
CAM_CONTINUOUS_SOLIDS seating 4.6875 4.78125 PASS 63.75
CAM_CONTINUOUS_SOLIDS seating 4.78125 4.875 PASS 64.07
CAM_CONTINUOUS_SOLIDS seating 4.875 4.96875 PASS 64.89
CAM_CONTINUOUS_SOLIDS seating 4.96875 5.0625 PASS 65.2
CAM_CONTINUOUS_SOLIDS seating 5.0625 5.15625 PASS 65.77
CAM_CONTINUOUS_SOLIDS seating 5.15625 5.25 PASS 66.09
CAM_CONTINUOUS_SOLIDS seating 5.25 5.34375 PASS 67.18
CAM_CONTINUOUS_SOLIDS seating 5.34375 5.4375 PASS 67.49
CAM_CONTINUOUS_SOLIDS seating 5.4375 5.53125 PASS 68.06
CAM_CONTINUOUS_SOLIDS seating 5.53125 5.625 PASS 68.37
CAM_CONTINUOUS_SOLIDS seating 5.625 5.71875 PASS 69.2
CAM_CONTINUOUS_SOLIDS seating 5.71875 5.8125 PASS 69.51
CAM_CONTINUOUS_SOLIDS seating 5.8125 5.90625 PASS 70.07
CAM_CONTINUOUS_SOLIDS seating 5.90625 6.0 PASS 70.38
CAM_CONTINUOUS_STAGE seating 64 unproved 0
CAM_CONTINUOUS_WIRE_SOLIDS_DONE PASS 128 0
Blender 5.2.2 LTS (hash d13f752e3b9c built 2026-09-15 01:49:19)

Blender quit
