00:00.293  blend            | Read blend: "/Users/dean/Documents/MORI/mechanical/mori_v1_2.blend"
BOARD_LAST seating 0.0 0.0 PASS None 4.38
BOARD_LAST seating 6.0 6.0 PASS None 8.89
BOARD_LAST seating 3.0 3.0 PASS None 13.3
BOARD_LAST seating 1.0 1.0 PASS None 17.72
BOARD_LAST seating 2.0 2.0 PASS None 22.13
BOARD_LAST seating 4.0 4.0 PASS None 26.63
BOARD_LAST seating 5.0 5.0 PASS None 31.44
BOARD_LAST mating 0.0 6.0 PASS None 35.91
BOARD_LAST mating 1.0 6.0 PASS None 40.4
BOARD_LAST mating 2.0 6.0 PASS None 44.97
BOARD_LAST mating 3.0 6.0 PASS None 49.71
BOARD_LAST mating 3.5 6.0 PASS None 54.28
BOARD_LAST mating 4.0 6.0 PASS None 59.99
BOARD_LAST mating 4.5 6.0 PASS None 65.33
BOARD_LAST mating 5.0 6.0 PASS None 70.25
BOARD_LAST mating 5.5 6.0 PASS None 75.28
BOARD_LAST_DONE PASS
Blender 5.2.2 LTS (hash d13f752e3b9c built 2026-09-15 01:49:19)

Blender quit
