./src/common/stdpbase.cpp(59): assert ""traits"" failed in Get(): create wxApp before calling this
02:28:29 AM: Debug: Adding duplicate image handler for 'PNG file'
02:28:29 AM: Debug: Adding duplicate image handler for 'JPEG file'
02:28:29 AM: Debug: Adding duplicate image handler for 'TIFF file'
02:28:29 AM: Debug: Adding duplicate image handler for 'GIF file'
02:28:29 AM: Debug: Adding duplicate image handler for 'PNM file'
02:28:29 AM: Debug: Adding duplicate image handler for 'PCX file'
02:28:29 AM: Debug: Adding duplicate image handler for 'IFF file'
02:28:29 AM: Debug: Adding duplicate image handler for 'Windows icon file'
02:28:29 AM: Debug: Adding duplicate image handler for 'Windows cursor file'
02:28:29 AM: Debug: Adding duplicate image handler for 'Windows animated cursor file'
02:28:29 AM: Debug: Adding duplicate image handler for 'TGA file'
02:28:29 AM: Debug: Adding duplicate image handler for 'XPM file'
02:28:29 AM: Debug: Adding duplicate image handler for 'PNG file'
02:28:29 AM: Debug: Adding duplicate image handler for 'JPEG file'
02:28:29 AM: Debug: Adding duplicate image handler for 'TIFF file'
02:28:29 AM: Debug: Adding duplicate image handler for 'GIF file'
02:28:29 AM: Debug: Adding duplicate image handler for 'PNM file'
02:28:29 AM: Debug: Adding duplicate image handler for 'PCX file'
02:28:29 AM: Debug: Adding duplicate image handler for 'IFF file'
02:28:29 AM: Debug: Adding duplicate image handler for 'Windows icon file'
02:28:29 AM: Debug: Adding duplicate image handler for 'Windows cursor file'
02:28:29 AM: Debug: Adding duplicate image handler for 'Windows animated cursor file'
02:28:29 AM: Debug: Adding duplicate image handler for 'TGA file'
02:28:29 AM: Debug: Adding duplicate image handler for 'XPM file'
02:28:29 AM: Debug: Adding duplicate image handler for 'PNG file'
02:28:29 AM: Debug: Adding duplicate image handler for 'JPEG file'
02:28:29 AM: Debug: Adding duplicate image handler for 'TIFF file'
02:28:29 AM: Debug: Adding duplicate image handler for 'GIF file'
02:28:29 AM: Debug: Adding duplicate image handler for 'PNM file'
02:28:29 AM: Debug: Adding duplicate image handler for 'PCX file'
02:28:29 AM: Debug: Adding duplicate image handler for 'IFF file'
02:28:29 AM: Debug: Adding duplicate image handler for 'Windows icon file'
02:28:29 AM: Debug: Adding duplicate image handler for 'Windows cursor file'
02:28:29 AM: Debug: Adding duplicate image handler for 'Windows animated cursor file'
02:28:29 AM: Debug: Adding duplicate image handler for 'TGA file'
02:28:29 AM: Debug: Adding duplicate image handler for 'XPM file'
02:28:29 AM: Debug: Adding duplicate image handler for 'PNG file'
02:28:29 AM: Debug: Adding duplicate image handler for 'JPEG file'
02:28:29 AM: Debug: Adding duplicate image handler for 'TIFF file'
02:28:29 AM: Debug: Adding duplicate image handler for 'GIF file'
02:28:29 AM: Debug: Adding duplicate image handler for 'PNM file'
02:28:29 AM: Debug: Adding duplicate image handler for 'PCX file'
02:28:29 AM: Debug: Adding duplicate image handler for 'IFF file'
02:28:29 AM: Debug: Adding duplicate image handler for 'Windows icon file'
02:28:29 AM: Debug: Adding duplicate image handler for 'Windows cursor file'
02:28:29 AM: Debug: Adding duplicate image handler for 'Windows animated cursor file'
02:28:29 AM: Debug: Adding duplicate image handler for 'TGA file'
02:28:29 AM: Debug: Adding duplicate image handler for 'XPM file'
rear components 9 foreign-net candidates 0 own-pin escapes 16 U100 exceptions 0
rear 90-degree cases 2 free-fail 0 applied 0
rear audit done
