2026-09-22 14:56:49.604 INFO   Freerouting v2.4.1 (build-date: 2026-09-03)
2026-09-22 14:56:50.977 INFO   [40D6AB\3B0780] Loading board file 'MORI_motion_P2.dsn'...
2026-09-22 14:56:51.041 INFO   [40D6AB\3B0780] Job '40D6AB\3B0780' started at 2026-09-22T06:56:51.041484Z.
2026-09-22 14:56:51.087 INFO   [40D6AB\3B0780] Auto-routing stage started on board '9fea1fef99adf72eb5736b60f3acc54f' for 128 unrouted items.
2026-09-22 14:56:53.403 INFO   [40D6AB\3B0780] Auto-routing pass #1 on board '9fea1fef99adf72eb5736b60f3acc54f' was completed in 2.28 seconds with score 580.15 (49 unrouted and 30 violations), using 1.95 CPU seconds and the job allocated 22.23 GB of memory so far.
2026-09-22 14:56:55.166 INFO   [40D6AB\3B0780] Auto-routing pass #2 on board '40e5a057a32ba06ec7ce59c3b4162e4a' was completed in 1.74 seconds with score 702.28 (33 unrouted and 30 violations), using 3.91 CPU seconds and the job allocated 51.11 GB of memory so far.
2026-09-22 14:56:56.940 INFO   [40D6AB\3B0780] Auto-routing pass #3 on board 'dc30f5d56a677d8bbb0037ff2407aab9' was completed in 1.75 seconds with score 740.45 (28 unrouted and 30 violations), using 4.89 CPU seconds and the job allocated 66.91 GB of memory so far.
2026-09-22 14:56:58.714 INFO   [40D6AB\3B0780] Auto-routing pass #4 on board 'af41b9f055209103df4e2595a211c4eb' was completed in 1.74 seconds with score 778.62 (23 unrouted and 30 violations), using 6.85 CPU seconds and the job allocated 99.10 GB of memory so far.
2026-09-22 14:57:00.835 INFO   [40D6AB\3B0780] Auto-routing pass #5 on board '32ba86d394fc3407786f388247a79dd2' was completed in 2.09 seconds with score 824.42 (17 unrouted and 30 violations), using 8.82 CPU seconds and the job allocated 129.52 GB of memory so far.
2026-09-22 14:57:02.228 INFO   [40D6AB\3B0780] Auto-routing pass #6 on board '4be88150920dd1328879fd071eba6cc6' was completed in 1.35 seconds with score 870.22 (11 unrouted and 30 violations), using 10.77 CPU seconds and the job allocated 162.42 GB of memory so far.
2026-09-22 14:57:03.939 INFO   [40D6AB\3B0780] Auto-routing pass #7 on board 'c4cb43dc34cc6cc1604bb1e3b9f6f338' was completed in 1.67 seconds with score 900.75 (7 unrouted and 30 violations), using 11.76 CPU seconds and the job allocated 178.93 GB of memory so far.
2026-09-22 14:57:05.281 INFO   [40D6AB\3B0780] Auto-routing pass #8 on board 'aff0a31f0f7508aa67a3d6ebba43340e' was completed in 1.29 seconds with score 916.02 (5 unrouted and 30 violations), using 13.71 CPU seconds and the job allocated 209.38 GB of memory so far.
2026-09-22 14:57:06.409 INFO   [40D6AB\3B0780] Auto-routing pass #9 on board '013eed6525d75806bddcd907377f5052' was completed in 1.08 seconds with score 923.65 (4 unrouted and 30 violations), using 14.69 CPU seconds and the job allocated 223.80 GB of memory so far.
2026-09-22 14:57:07.181 INFO   [40D6AB\3B0780] Auto-routing pass #10 on board '9099e9b166b5d1976752ea194967306b' was completed in 0.72 seconds with score 923.65 (4 unrouted and 30 violations), using 15.67 CPU seconds and the job allocated 239.43 GB of memory so far.
2026-09-22 14:57:08.214 INFO   [40D6AB\3B0780] Auto-routing pass #11 on board '06ab1566c040e1781bb6782bece572e6' was completed in 0.98 seconds with score 938.92 (2 unrouted and 30 violations), using 16.65 CPU seconds and the job allocated 253.85 GB of memory so far.
2026-09-22 14:57:08.799 INFO   [40D6AB\3B0780] Auto-routing pass #12 on board 'bad4647dc5828a654381cb87174dd070' was completed in 0.53 seconds with score 938.92 (2 unrouted and 30 violations), using 16.65 CPU seconds and the job allocated 253.85 GB of memory so far.
2026-09-22 14:57:09.305 INFO   [40D6AB\3B0780] Auto-routing pass #13 on board 'bad4647dc5828a654381cb87174dd070' was completed in 0.48 seconds with score 931.28 (3 unrouted and 30 violations), using 17.63 CPU seconds and the job allocated 269.20 GB of memory so far.
2026-09-22 14:57:10.008 INFO   [40D6AB\3B0780] Auto-routing pass #14 on board 'b9a0965a24bad11b25c1e30317646f72' was completed in 0.65 seconds with score 938.92 (2 unrouted and 30 violations), using 17.63 CPU seconds and the job allocated 269.20 GB of memory so far.
2026-09-22 14:57:10.620 INFO   [40D6AB\3B0780] Auto-routing pass #15 on board 'b4553f6c847207f07ffae23fe48bf639' was completed in 0.56 seconds with score 938.92 (2 unrouted and 30 violations), using 18.61 CPU seconds and the job allocated 285.81 GB of memory so far.
2026-09-22 14:57:11.196 INFO   [40D6AB\3B0780] Auto-routing pass #16 on board '77a63da94bafc0f4ec3af70d1a96f421' was completed in 0.53 seconds with score 946.55 (1 unrouted and 30 violations), using 18.61 CPU seconds and the job allocated 285.81 GB of memory so far.
2026-09-22 14:57:11.610 INFO   [40D6AB\3B0780] Auto-routing pass #17 on board 'e2217628f78478e85dc67b70fd3e4b24' was completed in 0.36 seconds with score 946.55 (1 unrouted and 30 violations), using 19.58 CPU seconds and the job allocated 301.79 GB of memory so far.
2026-09-22 14:57:12.026 INFO   [40D6AB\3B0780] Auto-routing pass #18 on board '228c272045bb06770e9e5ebb4ed5ada4' was completed in 0.37 seconds with score 946.55 (1 unrouted and 30 violations), using 19.58 CPU seconds and the job allocated 301.79 GB of memory so far.
2026-09-22 14:57:12.438 INFO   [40D6AB\3B0780] Auto-routing pass #19 on board '1fab2b351ba9dfb6ca821683ef5477cb' was completed in 0.36 seconds with score 946.55 (1 unrouted and 30 violations), using 20.56 CPU seconds and the job allocated 319.23 GB of memory so far.
2026-09-22 14:57:12.846 INFO   [40D6AB\3B0780] Auto-routing pass #20 on board '0fdcb2cc961a38e88e746923f752dd86' was completed in 0.36 seconds with score 946.55 (1 unrouted and 30 violations), using 20.56 CPU seconds and the job allocated 319.23 GB of memory so far.
2026-09-22 14:57:13.258 INFO   [40D6AB\3B0780] Auto-routing pass #21 on board 'b7b89e0470fdf8569a9dceb4c527077b' was completed in 0.36 seconds with score 946.55 (1 unrouted and 30 violations), using 21.54 CPU seconds and the job allocated 336.32 GB of memory so far.
2026-09-22 14:57:13.668 INFO   [40D6AB\3B0780] Auto-routing pass #22 on board '6b21c262ef142c4f6368ea33d6aeec67' was completed in 0.36 seconds with score 946.55 (1 unrouted and 30 violations), using 21.54 CPU seconds and the job allocated 336.32 GB of memory so far.
2026-09-22 14:57:14.077 INFO   [40D6AB\3B0780] Auto-routing pass #23 on board '96199ce891dd992f9f1b2a01408eb16d' was completed in 0.36 seconds with score 946.55 (1 unrouted and 30 violations), using 21.54 CPU seconds and the job allocated 336.32 GB of memory so far.
2026-09-22 14:57:14.485 INFO   [40D6AB\3B0780] Auto-routing pass #24 on board '2fde97b2894ca2f9e6f30e1eb5708840' was completed in 0.36 seconds with score 946.55 (1 unrouted and 30 violations), using 22.53 CPU seconds and the job allocated 354.51 GB of memory so far.
2026-09-22 14:57:14.891 INFO   [40D6AB\3B0780] Auto-routing pass #25 on board 'd6aea7f96f712a51ca094552b4a35484' was completed in 0.36 seconds with score 946.55 (1 unrouted and 30 violations), using 22.53 CPU seconds and the job allocated 354.51 GB of memory so far.
2026-09-22 14:57:15.297 INFO   [40D6AB\3B0780] Auto-routing pass #26 on board '3818486c466595a67528c1c2b6aa9ed2' was completed in 0.36 seconds with score 946.55 (1 unrouted and 30 violations), using 23.50 CPU seconds and the job allocated 371.05 GB of memory so far.
2026-09-22 14:57:15.304 INFO   [40D6AB\3B0780] The router's score (946.55) has not improved by more than 0.5 points in the last 10 passes (1 item still unconnected). Stopping the auto-router.
The following connections could not be routed -- please review your design (e.g. check pad clearances, trace width rules, and available routing space):
  Net '/IMU_MISO' (1 unrouted connection):
    - U100-A15  ->  J4-5
2026-09-22 14:57:15.354 INFO   [40D6AB\3B0780] Auto-routing stage completed: started with 128 unrouted nets, completed in 24.26 seconds, final score: 946.55 (1 unrouted and 30 violations), using 23.50 total CPU seconds, 371.05 GB total allocated, and 537.8 MB peak heap usage.
2026-09-22 14:57:15.379 INFO   [40D6AB\3B0780] Optimization stage started on board 'eb08c70a9a6b451c51e33029fc27179f' with score 931.28 (3 unrouted and 30 violations).
2026-09-22 14:57:17.565 INFO   [40D6AB\3B0780] Stopping optimization pass #1 early after 50 consecutive items could not be improved.
2026-09-22 14:57:17.592 INFO   [40D6AB\3B0780] Optimizer pass #1 on board 'e96f5b70e701dcdf0ed887340d569eb3' was completed in 2.14 seconds with the score of 931.28 (3 unrouted and 30 violations).
2026-09-22 14:57:17.614 INFO   [40D6AB\3B0780] Stopping optimizer because the improvement in this pass (0.0000%) is below the threshold (1.00%).
2026-09-22 14:57:17.637 INFO   [40D6AB\3B0780] Optimization stage completed: started with score 931.28 (3 unrouted and 30 violations), completed in 2.24 seconds, final score: 931.28 (3 unrouted and 30 violations), using 2.16 total CPU seconds, 71.35 GB total allocated, and 425.8 MB peak heap usage.
2026-09-22 14:57:17.642 INFO   [40D6AB\3B0780] Job '40D6AB\3B0780' finished with state: COMPLETED (elapsed: 26.60 seconds, finished at UTC: 2026-09-22T06:57:17.641575Z).
2026-09-22 14:57:18.108 INFO   Saving output file '/Users/dean/Documents/MORI/hardware/v1_2/kicad/MORI_motion_P2/MORI_motion_P2.ses' (SES)...
2026-09-22 14:57:18.116 INFO   Successfully saved output file '/Users/dean/Documents/MORI/hardware/v1_2/kicad/MORI_motion_P2/MORI_motion_P2.ses' (57481 bytes).
