11:16:07 PM: Debug: Adding duplicate image handler for 'PNG file'
11:16:07 PM: Debug: Adding duplicate image handler for 'JPEG file'
11:16:07 PM: Debug: Adding duplicate image handler for 'TIFF file'
11:16:07 PM: Debug: Adding duplicate image handler for 'GIF file'
11:16:07 PM: Debug: Adding duplicate image handler for 'PNM file'
11:16:07 PM: Debug: Adding duplicate image handler for 'PCX file'
11:16:07 PM: Debug: Adding duplicate image handler for 'IFF file'
11:16:07 PM: Debug: Adding duplicate image handler for 'Windows icon file'
11:16:07 PM: Debug: Adding duplicate image handler for 'Windows cursor file'
11:16:07 PM: Debug: Adding duplicate image handler for 'Windows animated cursor file'
11:16:07 PM: Debug: Adding duplicate image handler for 'TGA file'
11:16:07 PM: Debug: Adding duplicate image handler for 'XPM file'
{
  "output": "/Users/dean/Documents/MORI/hardware/v1_2/reviews/imu_three_point_20260927",
  "nearest_track_mm": 5.964087,
  "nearest_pad_mm": 5.407809,
  "J1_keepout_gap_mm": 0.5900000000000003,
  "zones": [
    {
      "name": "P5_GND_F.Cu",
      "keepout_overlap_depth_mm": 0.2994559999999997,
      "region_count_before": 4,
      "region_count_after_virtual_cut": 4,
      "removed_filled_area_mm2": 0.5539707979339994
    },
    {
      "name": "P5_GND_B.Cu",
      "keepout_overlap_depth_mm": 0.2994559999999997,
      "region_count_before": 1,
      "region_count_after_virtual_cut": 1,
      "removed_filled_area_mm2": 0.5539707979339425
    }
  ],
  "support": {
    "proposed_hole_to_rear_edge_ligament_mm": 1.3,
    "third_support_radius_mm": 3.3,
    "support_overhang_past_rear_edge_mm": 0.7999999999999998,
    "support_annulus_area_full_mm2": 29.688050576423542,
    "support_annulus_area_on_board_mm2": 27.328191126242032,
    "bearing_area_retained_fraction": 0.920511471640527,
    "note": "Planar circle/rectangle geometry only; no load, screw torque or strength certification"
  },
  "stress": {
    "sensor_center_proposed_mm": [
      10.0,
      14.6
    ],
    "sensor_body_proposed_mm": [
      8.5,
      13.350000000000001,
      11.5,
      15.85
    ],
    "sensor_to_anchors": [
      {
        "hole": 1,
        "center_to_center_mm": 8.041144197189851,
        "body_edge_to_anchor_center_mm": 6.222740553807462,
        "body_edge_to_hole_edge_at_2p4mm_mm": 5.022740553807462
      },
      {
        "hole": 2,
        "center_to_center_mm": 8.041144197189851,
        "body_edge_to_anchor_center_mm": 6.222740553807462,
        "body_edge_to_hole_edge_at_2p4mm_mm": 5.022740553807462
      },
      {
        "hole": 3,
        "center_to_center_mm": 12.1,
        "body_edge_to_anchor_center_mm": 10.850000000000001,
        "body_edge_to_hole_edge_at_2p4mm_mm": 9.650000000000002
      }
    ],
    "sensor_center_to_anchor_segments_mm": [
      2.9000000000000004,
      5.411284505549491,
      5.411284505549491
    ],
    "sensor_body_to_H1_H2_line_mm": 1.6500000000000004,
    "sensor_between_H1_H2_line_and_H3": true,
    "actual_stress_modal_and_bias_testing": "NOT_TESTED",
    "three_point_support_is_not_a_qualification": true
  },
  "max_world_error_mm": 1.1364961096660409e-06,
  "baseline_drc": {
    "status": "PASS",
    "report": "native_baseline/drc.json",
    "violations": 0,
    "unconnected": 0,
    "schematic_parity": 0
  },
  "baseline_erc": {
    "status": "PASS",
    "report": "native_baseline/erc.json",
    "violations": 0,
    "unconnected": 0,
    "schematic_parity": 0
  },
  "source_integrity": "PASS"
}
