./src/common/stdpbase.cpp(59): assert ""traits"" failed in Get(): create wxApp before calling this
06:38:29 PM: Debug: Adding duplicate image handler for 'PNG file'
06:38:29 PM: Debug: Adding duplicate image handler for 'JPEG file'
06:38:29 PM: Debug: Adding duplicate image handler for 'TIFF file'
06:38:29 PM: Debug: Adding duplicate image handler for 'GIF file'
06:38:29 PM: Debug: Adding duplicate image handler for 'PNM file'
06:38:29 PM: Debug: Adding duplicate image handler for 'PCX file'
06:38:29 PM: Debug: Adding duplicate image handler for 'IFF file'
06:38:29 PM: Debug: Adding duplicate image handler for 'Windows icon file'
06:38:29 PM: Debug: Adding duplicate image handler for 'Windows cursor file'
06:38:29 PM: Debug: Adding duplicate image handler for 'Windows animated cursor file'
06:38:29 PM: Debug: Adding duplicate image handler for 'TGA file'
06:38:29 PM: Debug: Adding duplicate image handler for 'XPM file'
06:38:29 PM: Debug: Adding duplicate image handler for 'PNG file'
06:38:29 PM: Debug: Adding duplicate image handler for 'JPEG file'
06:38:29 PM: Debug: Adding duplicate image handler for 'TIFF file'
06:38:29 PM: Debug: Adding duplicate image handler for 'GIF file'
06:38:29 PM: Debug: Adding duplicate image handler for 'PNM file'
06:38:29 PM: Debug: Adding duplicate image handler for 'PCX file'
06:38:29 PM: Debug: Adding duplicate image handler for 'IFF file'
06:38:29 PM: Debug: Adding duplicate image handler for 'Windows icon file'
06:38:29 PM: Debug: Adding duplicate image handler for 'Windows cursor file'
06:38:29 PM: Debug: Adding duplicate image handler for 'Windows animated cursor file'
06:38:29 PM: Debug: Adding duplicate image handler for 'TGA file'
06:38:29 PM: Debug: Adding duplicate image handler for 'XPM file'
06:38:29 PM: Debug: Adding duplicate image handler for 'PNG file'
06:38:29 PM: Debug: Adding duplicate image handler for 'JPEG file'
06:38:29 PM: Debug: Adding duplicate image handler for 'TIFF file'
06:38:29 PM: Debug: Adding duplicate image handler for 'GIF file'
06:38:29 PM: Debug: Adding duplicate image handler for 'PNM file'
06:38:29 PM: Debug: Adding duplicate image handler for 'PCX file'
06:38:29 PM: Debug: Adding duplicate image handler for 'IFF file'
06:38:29 PM: Debug: Adding duplicate image handler for 'Windows icon file'
06:38:29 PM: Debug: Adding duplicate image handler for 'Windows cursor file'
06:38:29 PM: Debug: Adding duplicate image handler for 'Windows animated cursor file'
06:38:29 PM: Debug: Adding duplicate image handler for 'TGA file'
06:38:29 PM: Debug: Adding duplicate image handler for 'XPM file'
06:38:30 PM: Debug: Adding duplicate image handler for 'PNG file'
06:38:30 PM: Debug: Adding duplicate image handler for 'JPEG file'
06:38:30 PM: Debug: Adding duplicate image handler for 'TIFF file'
06:38:30 PM: Debug: Adding duplicate image handler for 'GIF file'
06:38:30 PM: Debug: Adding duplicate image handler for 'PNM file'
06:38:30 PM: Debug: Adding duplicate image handler for 'PCX file'
06:38:30 PM: Debug: Adding duplicate image handler for 'IFF file'
06:38:30 PM: Debug: Adding duplicate image handler for 'Windows icon file'
06:38:30 PM: Debug: Adding duplicate image handler for 'Windows cursor file'
06:38:30 PM: Debug: Adding duplicate image handler for 'Windows animated cursor file'
06:38:30 PM: Debug: Adding duplicate image handler for 'TGA file'
06:38:30 PM: Debug: Adding duplicate image handler for 'XPM file'
06:38:30 PM: Debug: Adding duplicate image handler for 'PNG file'
06:38:30 PM: Debug: Adding duplicate image handler for 'JPEG file'
06:38:30 PM: Debug: Adding duplicate image handler for 'TIFF file'
06:38:30 PM: Debug: Adding duplicate image handler for 'GIF file'
06:38:30 PM: Debug: Adding duplicate image handler for 'PNM file'
06:38:30 PM: Debug: Adding duplicate image handler for 'PCX file'
06:38:30 PM: Debug: Adding duplicate image handler for 'IFF file'
06:38:30 PM: Debug: Adding duplicate image handler for 'Windows icon file'
06:38:30 PM: Debug: Adding duplicate image handler for 'Windows cursor file'
06:38:30 PM: Debug: Adding duplicate image handler for 'Windows animated cursor file'
06:38:30 PM: Debug: Adding duplicate image handler for 'TGA file'
06:38:30 PM: Debug: Adding duplicate image handler for 'XPM file'
power components 104 foreign-net candidates 0 own-pin escapes 78 U100 exceptions 0
power 90-degree cases 10 free-fail 2 applied 0
PASS
[]
power audit done
