03:21:24 AM: Debug: Adding duplicate image handler for 'PNG file'
03:21:24 AM: Debug: Adding duplicate image handler for 'JPEG file'
03:21:24 AM: Debug: Adding duplicate image handler for 'TIFF file'
03:21:24 AM: Debug: Adding duplicate image handler for 'GIF file'
03:21:24 AM: Debug: Adding duplicate image handler for 'PNM file'
03:21:24 AM: Debug: Adding duplicate image handler for 'PCX file'
03:21:24 AM: Debug: Adding duplicate image handler for 'IFF file'
03:21:24 AM: Debug: Adding duplicate image handler for 'Windows icon file'
03:21:24 AM: Debug: Adding duplicate image handler for 'Windows cursor file'
03:21:24 AM: Debug: Adding duplicate image handler for 'Windows animated cursor file'
03:21:24 AM: Debug: Adding duplicate image handler for 'TGA file'
03:21:24 AM: Debug: Adding duplicate image handler for 'XPM file'
03:21:24 AM: Debug: Adding duplicate image handler for 'PNG file'
03:21:24 AM: Debug: Adding duplicate image handler for 'JPEG file'
03:21:24 AM: Debug: Adding duplicate image handler for 'TIFF file'
03:21:24 AM: Debug: Adding duplicate image handler for 'GIF file'
03:21:24 AM: Debug: Adding duplicate image handler for 'PNM file'
03:21:24 AM: Debug: Adding duplicate image handler for 'PCX file'
03:21:24 AM: Debug: Adding duplicate image handler for 'IFF file'
03:21:24 AM: Debug: Adding duplicate image handler for 'Windows icon file'
03:21:24 AM: Debug: Adding duplicate image handler for 'Windows cursor file'
03:21:24 AM: Debug: Adding duplicate image handler for 'Windows animated cursor file'
03:21:24 AM: Debug: Adding duplicate image handler for 'TGA file'
03:21:24 AM: Debug: Adding duplicate image handler for 'XPM file'
03:21:24 AM: Debug: Adding duplicate image handler for 'PNG file'
03:21:24 AM: Debug: Adding duplicate image handler for 'JPEG file'
03:21:24 AM: Debug: Adding duplicate image handler for 'TIFF file'
03:21:24 AM: Debug: Adding duplicate image handler for 'GIF file'
03:21:24 AM: Debug: Adding duplicate image handler for 'PNM file'
03:21:24 AM: Debug: Adding duplicate image handler for 'PCX file'
03:21:24 AM: Debug: Adding duplicate image handler for 'IFF file'
03:21:24 AM: Debug: Adding duplicate image handler for 'Windows icon file'
03:21:24 AM: Debug: Adding duplicate image handler for 'Windows cursor file'
03:21:24 AM: Debug: Adding duplicate image handler for 'Windows animated cursor file'
03:21:24 AM: Debug: Adding duplicate image handler for 'TGA file'
03:21:24 AM: Debug: Adding duplicate image handler for 'XPM file'
03:21:24 AM: Debug: Adding duplicate image handler for 'PNG file'
03:21:24 AM: Debug: Adding duplicate image handler for 'JPEG file'
03:21:24 AM: Debug: Adding duplicate image handler for 'TIFF file'
03:21:24 AM: Debug: Adding duplicate image handler for 'GIF file'
03:21:24 AM: Debug: Adding duplicate image handler for 'PNM file'
03:21:24 AM: Debug: Adding duplicate image handler for 'PCX file'
03:21:24 AM: Debug: Adding duplicate image handler for 'IFF file'
03:21:24 AM: Debug: Adding duplicate image handler for 'Windows icon file'
03:21:24 AM: Debug: Adding duplicate image handler for 'Windows cursor file'
03:21:24 AM: Debug: Adding duplicate image handler for 'Windows animated cursor file'
03:21:24 AM: Debug: Adding duplicate image handler for 'TGA file'
03:21:24 AM: Debug: Adding duplicate image handler for 'XPM file'
PASS
[]
power components 104 foreign-net candidates 0 own-pin escapes 70 U100 exceptions 0
power before {'segments': 862, 'vias': 147, 'nets_with_tracks': 53, 'length_mm': 1845.5758787831073, 'flags': {'SHORT_SEGMENT': 33, 'OFFSET_ENDPOINTS': 74, 'OVERLAP_PARALLEL': 8, 'NON_45': 30, 'FOLDBACK': 9}}
03:21:25 AM: Debug: Adding duplicate image handler for 'PNG file'
03:21:25 AM: Debug: Adding duplicate image handler for 'JPEG file'
03:21:25 AM: Debug: Adding duplicate image handler for 'TIFF file'
03:21:25 AM: Debug: Adding duplicate image handler for 'GIF file'
03:21:25 AM: Debug: Adding duplicate image handler for 'PNM file'
03:21:25 AM: Debug: Adding duplicate image handler for 'PCX file'
03:21:25 AM: Debug: Adding duplicate image handler for 'IFF file'
03:21:25 AM: Debug: Adding duplicate image handler for 'Windows icon file'
03:21:25 AM: Debug: Adding duplicate image handler for 'Windows cursor file'
03:21:25 AM: Debug: Adding duplicate image handler for 'Windows animated cursor file'
03:21:25 AM: Debug: Adding duplicate image handler for 'TGA file'
03:21:25 AM: Debug: Adding duplicate image handler for 'XPM file'
power after {'segments': 858, 'vias': 147, 'nets_with_tracks': 53, 'length_mm': 1843.563911701703, 'flags': {'SHORT_SEGMENT': 33, 'OFFSET_ENDPOINTS': 70, 'OVERLAP_PARALLEL': 8, 'NON_45': 29, 'FOLDBACK': 9}}
