03:21:25 AM: Debug: Adding duplicate image handler for 'PNG file'
03:21:25 AM: Debug: Adding duplicate image handler for 'JPEG file'
03:21:25 AM: Debug: Adding duplicate image handler for 'TIFF file'
03:21:25 AM: Debug: Adding duplicate image handler for 'GIF file'
03:21:25 AM: Debug: Adding duplicate image handler for 'PNM file'
03:21:25 AM: Debug: Adding duplicate image handler for 'PCX file'
03:21:25 AM: Debug: Adding duplicate image handler for 'IFF file'
03:21:25 AM: Debug: Adding duplicate image handler for 'Windows icon file'
03:21:25 AM: Debug: Adding duplicate image handler for 'Windows cursor file'
03:21:25 AM: Debug: Adding duplicate image handler for 'Windows animated cursor file'
03:21:25 AM: Debug: Adding duplicate image handler for 'TGA file'
03:21:25 AM: Debug: Adding duplicate image handler for 'XPM file'
03:21:25 AM: Debug: Adding duplicate image handler for 'PNG file'
03:21:25 AM: Debug: Adding duplicate image handler for 'JPEG file'
03:21:25 AM: Debug: Adding duplicate image handler for 'TIFF file'
03:21:25 AM: Debug: Adding duplicate image handler for 'GIF file'
03:21:25 AM: Debug: Adding duplicate image handler for 'PNM file'
03:21:25 AM: Debug: Adding duplicate image handler for 'PCX file'
03:21:25 AM: Debug: Adding duplicate image handler for 'IFF file'
03:21:25 AM: Debug: Adding duplicate image handler for 'Windows icon file'
03:21:25 AM: Debug: Adding duplicate image handler for 'Windows cursor file'
03:21:25 AM: Debug: Adding duplicate image handler for 'Windows animated cursor file'
03:21:25 AM: Debug: Adding duplicate image handler for 'TGA file'
03:21:25 AM: Debug: Adding duplicate image handler for 'XPM file'
{'all_component_and_numbered_pad_geometry_unchanged': True, 'edge_cuts_unchanged': True, 'copper_layer_count_unchanged': True, 'zone_and_body_rules_unchanged': True, 'custom_rules_identical': True, 'schematic_circuit_unchanged': True, 'formal_249_file_manifest_unchanged': True, 'C3_source_manifest_unchanged': True, 'zero_DRC': True, 'DRC_matches_final_PCB': True}
PASS {'all_component_and_numbered_pad_geometry_unchanged': True, 'edge_cuts_unchanged': True, 'copper_layer_count_unchanged': True, 'zone_and_body_rules_unchanged': True, 'custom_rules_identical': True, 'schematic_circuit_unchanged': True, 'formal_249_file_manifest_unchanged': True, 'C3_source_manifest_unchanged': True, 'zero_DRC': True, 'DRC_matches_final_PCB': True, 'all_via_geometry_unchanged': True, 'only_0p2mm_signal_or_feedback_segments_modified': True, 'zero_ERC': True, 'no_DRC_ignored_checks': True}
