03:08:06 AM: Debug: Adding duplicate image handler for 'PNG file'
03:08:06 AM: Debug: Adding duplicate image handler for 'JPEG file'
03:08:06 AM: Debug: Adding duplicate image handler for 'TIFF file'
03:08:06 AM: Debug: Adding duplicate image handler for 'GIF file'
03:08:06 AM: Debug: Adding duplicate image handler for 'PNM file'
03:08:06 AM: Debug: Adding duplicate image handler for 'PCX file'
03:08:06 AM: Debug: Adding duplicate image handler for 'IFF file'
03:08:06 AM: Debug: Adding duplicate image handler for 'Windows icon file'
03:08:06 AM: Debug: Adding duplicate image handler for 'Windows cursor file'
03:08:06 AM: Debug: Adding duplicate image handler for 'Windows animated cursor file'
03:08:06 AM: Debug: Adding duplicate image handler for 'TGA file'
03:08:06 AM: Debug: Adding duplicate image handler for 'XPM file'
03:08:09 AM: Debug: Adding duplicate image handler for 'PNG file'
03:08:09 AM: Debug: Adding duplicate image handler for 'JPEG file'
03:08:09 AM: Debug: Adding duplicate image handler for 'TIFF file'
03:08:09 AM: Debug: Adding duplicate image handler for 'GIF file'
03:08:09 AM: Debug: Adding duplicate image handler for 'PNM file'
03:08:09 AM: Debug: Adding duplicate image handler for 'PCX file'
03:08:09 AM: Debug: Adding duplicate image handler for 'IFF file'
03:08:09 AM: Debug: Adding duplicate image handler for 'Windows icon file'
03:08:09 AM: Debug: Adding duplicate image handler for 'Windows cursor file'
03:08:09 AM: Debug: Adding duplicate image handler for 'Windows animated cursor file'
03:08:09 AM: Debug: Adding duplicate image handler for 'TGA file'
03:08:09 AM: Debug: Adding duplicate image handler for 'XPM file'
03:08:12 AM: Debug: Adding duplicate image handler for 'PNG file'
03:08:12 AM: Debug: Adding duplicate image handler for 'JPEG file'
03:08:12 AM: Debug: Adding duplicate image handler for 'TIFF file'
03:08:12 AM: Debug: Adding duplicate image handler for 'GIF file'
03:08:12 AM: Debug: Adding duplicate image handler for 'PNM file'
03:08:12 AM: Debug: Adding duplicate image handler for 'PCX file'
03:08:12 AM: Debug: Adding duplicate image handler for 'IFF file'
03:08:12 AM: Debug: Adding duplicate image handler for 'Windows icon file'
03:08:12 AM: Debug: Adding duplicate image handler for 'Windows cursor file'
03:08:12 AM: Debug: Adding duplicate image handler for 'Windows animated cursor file'
03:08:12 AM: Debug: Adding duplicate image handler for 'TGA file'
03:08:12 AM: Debug: Adding duplicate image handler for 'XPM file'
03:08:15 AM: Debug: Adding duplicate image handler for 'PNG file'
03:08:15 AM: Debug: Adding duplicate image handler for 'JPEG file'
03:08:15 AM: Debug: Adding duplicate image handler for 'TIFF file'
03:08:15 AM: Debug: Adding duplicate image handler for 'GIF file'
03:08:15 AM: Debug: Adding duplicate image handler for 'PNM file'
03:08:15 AM: Debug: Adding duplicate image handler for 'PCX file'
03:08:15 AM: Debug: Adding duplicate image handler for 'IFF file'
03:08:15 AM: Debug: Adding duplicate image handler for 'Windows icon file'
03:08:15 AM: Debug: Adding duplicate image handler for 'Windows cursor file'
03:08:15 AM: Debug: Adding duplicate image handler for 'Windows animated cursor file'
03:08:15 AM: Debug: Adding duplicate image handler for 'TGA file'
03:08:15 AM: Debug: Adding duplicate image handler for 'XPM file'
03:08:18 AM: Debug: Adding duplicate image handler for 'PNG file'
03:08:18 AM: Debug: Adding duplicate image handler for 'JPEG file'
03:08:18 AM: Debug: Adding duplicate image handler for 'TIFF file'
03:08:18 AM: Debug: Adding duplicate image handler for 'GIF file'
03:08:18 AM: Debug: Adding duplicate image handler for 'PNM file'
03:08:18 AM: Debug: Adding duplicate image handler for 'PCX file'
03:08:18 AM: Debug: Adding duplicate image handler for 'IFF file'
03:08:18 AM: Debug: Adding duplicate image handler for 'Windows icon file'
03:08:18 AM: Debug: Adding duplicate image handler for 'Windows cursor file'
03:08:18 AM: Debug: Adding duplicate image handler for 'Windows animated cursor file'
03:08:18 AM: Debug: Adding duplicate image handler for 'TGA file'
03:08:18 AM: Debug: Adding duplicate image handler for 'XPM file'
03:08:20 AM: Debug: Adding duplicate image handler for 'PNG file'
03:08:20 AM: Debug: Adding duplicate image handler for 'JPEG file'
03:08:20 AM: Debug: Adding duplicate image handler for 'TIFF file'
03:08:20 AM: Debug: Adding duplicate image handler for 'GIF file'
03:08:20 AM: Debug: Adding duplicate image handler for 'PNM file'
03:08:20 AM: Debug: Adding duplicate image handler for 'PCX file'
03:08:20 AM: Debug: Adding duplicate image handler for 'IFF file'
03:08:20 AM: Debug: Adding duplicate image handler for 'Windows icon file'
03:08:20 AM: Debug: Adding duplicate image handler for 'Windows cursor file'
03:08:20 AM: Debug: Adding duplicate image handler for 'Windows animated cursor file'
03:08:20 AM: Debug: Adding duplicate image handler for 'TGA file'
03:08:20 AM: Debug: Adding duplicate image handler for 'XPM file'
03:08:23 AM: Debug: Adding duplicate image handler for 'PNG file'
03:08:23 AM: Debug: Adding duplicate image handler for 'JPEG file'
03:08:23 AM: Debug: Adding duplicate image handler for 'TIFF file'
03:08:23 AM: Debug: Adding duplicate image handler for 'GIF file'
03:08:23 AM: Debug: Adding duplicate image handler for 'PNM file'
03:08:23 AM: Debug: Adding duplicate image handler for 'PCX file'
03:08:23 AM: Debug: Adding duplicate image handler for 'IFF file'
03:08:23 AM: Debug: Adding duplicate image handler for 'Windows icon file'
03:08:23 AM: Debug: Adding duplicate image handler for 'Windows cursor file'
03:08:23 AM: Debug: Adding duplicate image handler for 'Windows animated cursor file'
03:08:23 AM: Debug: Adding duplicate image handler for 'TGA file'
03:08:23 AM: Debug: Adding duplicate image handler for 'XPM file'
03:08:26 AM: Debug: Adding duplicate image handler for 'PNG file'
03:08:26 AM: Debug: Adding duplicate image handler for 'JPEG file'
03:08:26 AM: Debug: Adding duplicate image handler for 'TIFF file'
03:08:26 AM: Debug: Adding duplicate image handler for 'GIF file'
03:08:26 AM: Debug: Adding duplicate image handler for 'PNM file'
03:08:26 AM: Debug: Adding duplicate image handler for 'PCX file'
03:08:26 AM: Debug: Adding duplicate image handler for 'IFF file'
03:08:26 AM: Debug: Adding duplicate image handler for 'Windows icon file'
03:08:26 AM: Debug: Adding duplicate image handler for 'Windows cursor file'
03:08:26 AM: Debug: Adding duplicate image handler for 'Windows animated cursor file'
03:08:26 AM: Debug: Adding duplicate image handler for 'TGA file'
03:08:26 AM: Debug: Adding duplicate image handler for 'XPM file'
