00:00.301  blend            | Read blend: "/Users/dean/Documents/MORI/mechanical/mori_v1_2.blend"
TWO_ANCHOR_TOOL yaw 30.0 PASS [] {'gap_lower_bound_mm': np.float64(1.3356172436002967), 'centre_to_tool_mm': 1.678430438041687, 'slot': 3, 'route': 'core', 'point_mm': [-6.712500143051147, -0.9988448541729174, 238.08709342610317], 'nearest_tool_mm': [-5.896305084228516, 0.38999998569488525, 237.61585998535156], 'half_step_mm': 0.012500000000000178, 'curve_error_mm': np.float64(1.3194441390085299e-05), 'status': 'PASS'}
TWO_ANCHOR_TOOL yaw 45.0 PASS [] {'gap_lower_bound_mm': np.float64(1.5254750841383216), 'centre_to_tool_mm': 1.868288278579712, 'slot': 3, 'route': 'core', 'point_mm': [-6.712500143051147, -1.4642118115745646, 235.86612535494845], 'nearest_tool_mm': [-6.550637722015381, 0.38999998569488525, 235.70425415039062], 'half_step_mm': 0.012500000000000178, 'curve_error_mm': np.float64(1.3194441390085299e-05), 'status': 'PASS'}
TWO_ANCHOR_TOOL connector -180.0 BLOCKED ['Body_Upper', 'Body_Lower', 'Battery_Tray', 'Yaw_Base', 'Yaw_Reaction_Link', 'Load_Frame', 'Drive_Bridge', 'Motor_Retainer', 'Pitch_Yoke', 'Yaw_Anti_Lift_Keeper', 'Battery', 'S288_Output_L_Inner', 'S288_Output_L_Outer', 'Wheel_Bearing_L_Inner', 'Wheel_Bearing_L_Outer', 'S288_Output_R_Inner', 'Yaw_Base_-1_Nut', 'Yaw_Base_-1_Screw', 'Power_Module', 'Wheel_Buck', 'Head_Buck', 'Battery_Strap', 'Yaw_Keeper_Screw_0', 'Yaw_Keeper_Insert_0', 'Yaw_Bearing', 'Drive_Motor_L', 'Drive_Motor_R', 'Battery_Retainer_Screw_-1', 'Drive_L_-8_Screw', 'Drive_L_-8_Nut', 'Motor_Retainer_Pad_1', 'Yaw_Reaction_Retainer_Screw', 'Yaw_Reaction_Retainer_Nut', 'Battery_Pad_-38.0', 'Battery_Pad_Base', 'Wheel_Output_Screw_L_1', 'Wheel_Output_Screw_L_2', 'Wheel_Output_Screw_L_3', 'Wheel_Output_Screw_L_4', 'Wheel_Output_Screw_L_5', 'Wheel_Axle_L', 'Wheel_Spacer_L_0', 'Motor_Top_Pad_R', 'Head_Buck_Screw_0', 'Battery_Pad_Top', 'Battery_Retainer_Insert_-1', 'Head_Buck_Insert_0', 'Plug_power_J5', 'Plug_power_J4', 'Plug_power_J18', 'Plug_power_J16', 'Plug_power_J15', 'Plug_power_J10', 'H01_1', 'H01_2'] None
TWO_ANCHOR_TOOL connector -165.0 BLOCKED ['Body_Upper', 'Body_Lower', 'Battery_Tray', 'Yaw_Base', 'Yaw_Reaction_Link', 'Load_Frame', 'Wheel_Hub_L', 'Drive_Bridge', 'Motor_Retainer', 'Pitch_Yoke', 'Yaw_Anti_Lift_Keeper', 'Battery', 'S288_Output_L_Outer', 'Wheel_Bearing_L_Inner', 'Wheel_Bearing_L_Outer', 'Yaw_Base_-1_Nut', 'Yaw_Base_-1_Screw', 'Power_Module', 'Head_Buck', 'Yaw_Keeper_Screw_0', 'Yaw_Keeper_Insert_0', 'Yaw_Bearing', 'Drive_Motor_L', 'Tire_L', 'Battery_Retainer_Screw_-1', 'Drive_L_-8_Screw', 'Drive_L_-8_Nut', 'Battery_Pad_-38.0', 'Battery_Pad_Base', 'Wheel_Output_Screw_L_1', 'Wheel_Output_Screw_L_2', 'Wheel_Output_Screw_L_3', 'Wheel_Output_Screw_L_4', 'Wheel_Output_Screw_L_5', 'Wheel_Axle_L', 'Wheel_Spacer_L_0', 'Wheel_Spacer_L_1', 'Wheel_End_Washer_L', 'Wheel_End_Screw_L', 'Head_Buck_Screw_0', 'Battery_Retainer_Insert_-1', 'Head_Buck_Insert_0', 'Plug_power_J4', 'Plug_power_J18', 'Plug_power_J16', 'Plug_power_J15', 'H01_1', 'H01_2'] None
TWO_ANCHOR_TOOL connector -150.0 BLOCKED ['Body_Upper', 'Body_Lower', 'Yaw_Base', 'Load_Frame', 'Wheel_Hub_L', 'Pitch_Yoke', 'Yaw_Anti_Lift_Keeper', 'Yaw_Base_-1_Nut', 'Yaw_Base_-1_Screw', 'Power_Module', 'Yaw_Keeper_Screw_0', 'Yaw_Keeper_Insert_0', 'Tire_L', 'Wheel_Axle_L', 'Wheel_End_Washer_L', 'Wheel_End_Screw_L', 'Plug_power_J18', 'Plug_power_J16', 'Plug_power_J15', 'H01_1', 'H01_2'] None
TWO_ANCHOR_TOOL connector -135.0 BLOCKED ['Body_Upper', 'Yaw_Base', 'Pitch_Yoke'] None
TWO_ANCHOR_TOOL connector -120.0 BLOCKED ['Body_Upper', 'Pitch_Yoke'] None
TWO_ANCHOR_TOOL connector -105.0 BLOCKED ['Pitch_Yoke', 'Pitch_Cradle'] None
TWO_ANCHOR_TOOL connector -90.0 BLOCKED ['Pitch_Yoke', 'Pitch_Cradle'] None
TWO_ANCHOR_TOOL connector -75.0 BLOCKED ['Pitch_Yoke', 'Pitch_Cradle'] None
TWO_ANCHOR_TOOL connector -60.0 BLOCKED ['Pitch_Yoke', 'Pitch_Cradle'] None
TWO_ANCHOR_TOOL connector -45.0 BLOCKED ['Pitch_Yoke', 'Pitch_Cradle'] None
TWO_ANCHOR_TOOL connector -30.0 BLOCKED ['Pitch_Yoke', 'Pitch_Cradle'] None
TWO_ANCHOR_TOOL connector -15.0 BLOCKED [] None
TWO_ANCHOR_TOOL connector 0.0 BLOCKED [] None
TWO_ANCHOR_TOOL connector 15.0 BLOCKED [] None
TWO_ANCHOR_TOOL connector 30.0 BLOCKED [] None
TWO_ANCHOR_TOOL connector 45.0 BLOCKED ['Pitch_Cradle'] None
TWO_ANCHOR_TOOL connector 60.0 BLOCKED ['Pitch_Yoke', 'Pitch_Bearing_R', 'Pitch_Cradle'] None
TWO_ANCHOR_TOOL connector 75.0 BLOCKED ['Pitch_Yoke', 'Pitch_Bearing_R', 'Pitch_Cradle'] None
TWO_ANCHOR_TOOL connector 90.0 BLOCKED ['Pitch_Yoke', 'Pitch_Bearing_R', 'Pitch_Cradle'] None
TWO_ANCHOR_TOOL connector 105.0 BLOCKED ['Body_Upper', 'Pitch_Yoke', 'Pitch_Bearing_R', 'Pitch_Cradle'] None
TWO_ANCHOR_TOOL connector 120.0 BLOCKED ['Body_Upper', 'Yaw_Base', 'Yaw_Reaction_Link', 'Pitch_Yoke', 'Yaw_Anti_Lift_Keeper', 'Yaw_Keeper_Screw_1', 'Yaw_Keeper_Insert_1'] None
TWO_ANCHOR_TOOL connector 135.0 BLOCKED ['Body_Upper', 'Body_Lower', 'Yaw_Base', 'Yaw_Reaction_Link', 'Load_Frame', 'Wheel_Hub_R', 'Pitch_Yoke', 'Yaw_Anti_Lift_Keeper', 'Yaw_Base_1_Nut', 'Yaw_Base_1_Screw', 'Power_Module', 'Yaw_Keeper_Screw_1', 'Yaw_Keeper_Insert_1', 'Yaw_Bearing', 'Tire_R', 'Plug_power_J9', 'Plug_power_J14', 'Plug_power_J13', 'Plug_power_J12', 'H02_1', 'H02_2', 'H03_1', 'H03_2'] None
TWO_ANCHOR_TOOL connector 150.0 BLOCKED ['Body_Upper', 'Body_Lower', 'Battery_Tray', 'Yaw_Base', 'Yaw_Reaction_Link', 'Load_Frame', 'Wheel_Hub_R', 'Drive_Bridge', 'Motor_Retainer', 'Pitch_Yoke', 'Yaw_Anti_Lift_Keeper', 'Battery', 'Wheel_Bearing_R_Inner', 'Wheel_Bearing_R_Outer', 'Yaw_Base_1_Nut', 'Yaw_Base_1_Screw', 'Power_Module', 'Wheel_Buck', 'Yaw_Keeper_Screw_1', 'Yaw_Keeper_Insert_1', 'Yaw_Bearing', 'Tire_R', 'Battery_Retainer_Screw_1', 'Drive_R_-8_Screw', 'Drive_R_-8_Nut', 'Yaw_Reaction_Retainer_Screw', 'Yaw_Reaction_Retainer_Nut', 'Battery_Pad_38.0', 'Battery_Pad_Base', 'Wheel_Axle_R', 'Wheel_Spacer_R_0', 'Wheel_Spacer_R_1', 'Wheel_End_Washer_R', 'Wheel_End_Screw_R', 'Wheel_Buck_Screw_2', 'Battery_Retainer_Insert_1', 'Wheel_Buck_Insert_2', 'Plug_power_J9', 'Plug_power_J5', 'Plug_power_J4', 'Plug_power_J14', 'Plug_power_J13', 'Plug_power_J12', 'Plug_power_J10', 'H02_1', 'H02_2', 'H03_1', 'H03_2'] None
TWO_ANCHOR_TOOL connector 165.0 BLOCKED ['Body_Lower', 'Battery_Tray', 'Yaw_Base', 'Yaw_Reaction_Link', 'Load_Frame', 'Wheel_Hub_R', 'Drive_Bridge', 'Motor_Retainer', 'Pitch_Yoke', 'Yaw_Anti_Lift_Keeper', 'Battery', 'S288_Output_L_Inner', 'S288_Output_R_Inner', 'S288_Output_R_Outer', 'Wheel_Bearing_R_Inner', 'Wheel_Bearing_R_Outer', 'Yaw_Base_1_Nut', 'Yaw_Base_1_Screw', 'Power_Module', 'Wheel_Buck', 'Head_Buck', 'Battery_Strap', 'Yaw_Keeper_Screw_1', 'Yaw_Keeper_Insert_1', 'Yaw_Bearing', 'Drive_Motor_L', 'Drive_Motor_R', 'Battery_Retainer_Screw_1', 'Drive_R_-8_Screw', 'Drive_R_-8_Nut', 'Motor_Retainer_Pad_1', 'Yaw_Reaction_Retainer_Screw', 'Yaw_Reaction_Retainer_Nut', 'Battery_Pad_38.0', 'Battery_Pad_Base', 'Wheel_Output_Screw_R_1', 'Wheel_Output_Screw_R_2', 'Wheel_Output_Screw_R_3', 'Wheel_Output_Screw_R_4', 'Wheel_Output_Screw_R_5', 'Wheel_Axle_R', 'Wheel_Spacer_R_0', 'Wheel_Spacer_R_1', 'Motor_Top_Pad_R', 'Wheel_Buck_Screw_2', 'Battery_Pad_Top', 'Battery_Retainer_Insert_1', 'Head_Buck_Insert_0', 'Wheel_Buck_Insert_2', 'Plug_power_J9', 'Plug_power_J5', 'Plug_power_J4', 'Plug_power_J18', 'Plug_power_J14', 'Plug_power_J13', 'Plug_power_J12', 'Plug_power_J10', 'H02_1', 'H02_2', 'H03_1', 'H03_2'] None
TWO_ANCHOR_DONE BLOCKED [('yaw', 30.0), ('yaw', 45.0)]
Blender 5.2.2 LTS (hash d13f752e3b9c built 2026-09-15 01:49:19)

Blender quit
