00:00.449  blend            | Read blend: "/Users/dean/Documents/MORI/mechanical/mori_v1_2.blend"
LOOSE_BOUNDS {'Pitch_Yoke': [-48.48827362060547, -48.488243103027344, 149.0, 48.48821258544922, 23.100000381469727, 234.60000610351562], 'Yaw_Servo': [-6.050004005432129, -10.550002098083496, 195.1999969482422, 6.050006866455078, 21.950000762939453, 220.4499969482422], 'Pitch_Servo': [-35.625, -6.050002098083496, 200.0500030517578, -10.374998092651367, 6.05000114440918, 232.5500030517578], 'CAM_Mainboard': [-18.5, -25.8, 215.47, 18.57, -19.0, 253.5]} required_R 6.9342
LOOSE_CASE 0.0 PASS None min_gap 0.31083442545417295 seconds 10.4
LOOSE_CASE 42.0 BLOCKED {'kind': 'radius', 'required_mm': 6.9342} min_gap None seconds 10.4
LOOSE_CASE 21.0 BLOCKED {'kind': 'packing', 'slot': 0, 'type': 'other_fan', 'other_slot': 1, 'status': 'BLOCKED', 'gap_bound_mm': np.float64(-0.022850576631264784), 'sample_indices': [18996, 2270]} min_gap None seconds 10.5
LOOSE_CASE 9.0 BLOCKED {'kind': 'core', 'slot': 3, 'obstacle': 'Yaw_Servo', 'point_index': 2436, 'point_mm': [-6.5691199891036005, 17.47202063080314, 217.95277531557963], 'distance_mm': 0.6411080956459045, 'required_mm': 0.6427935658099503} min_gap 0.32695529459785766 seconds 18.8
LOOSE_CASE 12.0 BLOCKED {'kind': 'core', 'slot': 3, 'obstacle': 'Yaw_Servo', 'point_index': 2449, 'point_mm': [-6.488639911087168, 17.42355322338301, 220.53189677409296], 'distance_mm': 0.6351374983787537, 'required_mm': 0.642809803231033} min_gap 0.3269556328663431 seconds 27.1
LOOSE_CASE 36.0 BLOCKED {'kind': 'radius', 'required_mm': 6.9342} min_gap None seconds 27.1
LOOSE_CASE 3.0 BLOCKED {'kind': 'core', 'slot': 3, 'obstacle': 'Yaw_Servo', 'point_index': 2487, 'point_mm': [-6.643075858379521, 17.29219197501273, 210.84674166266254], 'distance_mm': 0.6406255960464478, 'required_mm': 0.6427749827062263} min_gap 0.32695452902352606 seconds 34.9
LOOSE_CASE 6.0 BLOCKED {'kind': 'core', 'slot': 3, 'obstacle': 'Yaw_Servo', 'point_index': 2460, 'point_mm': [-6.596724533731835, 17.408699314704073, 214.43331228579677], 'distance_mm': 0.6423805356025696, 'required_mm': 0.6427819546340054} min_gap 0.3269549272986074 seconds 43.1
LOOSE_CASE 15.0 BLOCKED {'kind': 'packing', 'slot': 0, 'type': 'own_fan', 'status': 'BLOCKED', 'indices': [20616, 1290], 'distance_mm': 0.971652090549469, 'required_bound_mm': np.float64(0.9730298291005974)} min_gap None seconds 43.2
LOOSE_CASE 18.0 BLOCKED {'kind': 'packing', 'slot': 0, 'type': 'own_fan', 'status': 'BLOCKED', 'indices': [20692, 1446], 'distance_mm': 0.9726960062980652, 'required_bound_mm': np.float64(0.9730295418200001)} min_gap None seconds 43.3
LOOSE_CASE 24.0 BLOCKED {'kind': 'packing', 'slot': 0, 'type': 'other_fan', 'other_slot': 1, 'status': 'BLOCKED', 'gap_bound_mm': np.float64(0.061571124651937356), 'sample_indices': [19260, 2494]} min_gap None seconds 43.4
LOOSE_CASE 27.0 BLOCKED {'kind': 'packing', 'slot': 0, 'type': 'other_fan', 'other_slot': 1, 'status': 'BLOCKED', 'gap_bound_mm': np.float64(0.1451529189576538), 'sample_indices': [19344, 2698]} min_gap None seconds 43.4
LOOSE_CASE 30.0 BLOCKED {'kind': 'tail', 'slot': 0, 'obstacle': 'Pitch_Yoke', 'point_index': 625, 'point_mm': [-8.325365650828482, -5.113502640449827, 232.10000610351562], 'distance_mm': 0.6135025024414062, 'required_mm': 0.6506738736039546} min_gap None seconds 43.5
LOOSE_CASE 33.0 BLOCKED {'kind': 'radius', 'required_mm': 6.9342} min_gap None seconds 43.5
LOOSE_CASE 39.0 BLOCKED {'kind': 'radius', 'required_mm': 6.9342} min_gap None seconds 43.5
LOOSE_ASSEMBLY_DONE BLOCKED
Blender 5.2.2 LTS (hash d13f752e3b9c built 2026-09-15 01:49:19)

Blender quit
