2026-09-23 19:54:44.953 INFO   Freerouting v2.4.1 (build-date: 2026-09-03)
2026-09-23 19:54:46.377 INFO   [E3C98A\72186A] Loading board file 'MORI_power_P5.dsn'...
2026-09-23 19:54:46.481 INFO   [E3C98A\72186A] Job 'E3C98A\72186A' started at 2026-09-23T11:54:46.481426Z.
2026-09-23 19:54:46.557 INFO   [E3C98A\72186A] Auto-routing stage started on board 'fddb9b6e567297e126abb721ed24c41c' for 144 unrouted items.
2026-09-23 19:54:49.624 WARN   BasicBoard.normalizeTraces: reached 2000 iterations for net '/BAT_MON' — stopping to prevent hang. The board geometry for this net may be oscillating (split/combine cycle); traces are kept as-is and further normalization for this net is suppressed on this board candidate.
2026-09-23 19:54:51.620 WARN   BasicBoard.normalizeTraces: reached 2000 iterations for net '/W_PRE' — stopping to prevent hang. The board geometry for this net may be oscillating (split/combine cycle); traces are kept as-is and further normalization for this net is suppressed on this board candidate.
2026-09-23 19:55:01.337 WARN   BasicBoard.normalizeTraces: reached 2000 iterations for net '/PACK_FUSED' — stopping to prevent hang. The board geometry for this net may be oscillating (split/combine cycle); traces are kept as-is and further normalization for this net is suppressed on this board candidate.
2026-09-23 19:55:04.426 WARN   BasicBoard.normalizeTraces: reached 2000 iterations for net '/W_VM' — stopping to prevent hang. The board geometry for this net may be oscillating (split/combine cycle); traces are kept as-is and further normalization for this net is suppressed on this board candidate.
2026-09-23 19:55:05.368 INFO   [E3C98A\72186A] Auto-routing pass #1 on board 'fddb9b6e567297e126abb721ed24c41c' was completed in 18.71 seconds with score 383.64 (81 unrouted and 85 violations), using 17.44 CPU seconds and the job allocated 298.28 GB of memory so far.
2026-09-23 19:55:20.149 INFO   [E3C98A\72186A] Auto-routing pass #2 on board 'a6853d1b80b41bf14dfbba0e62e636df' was completed in 14.73 seconds with score 402.51 (78 unrouted and 85 violations), using 30.68 CPU seconds and the job allocated 424.56 GB of memory so far.
2026-09-23 19:55:29.701 INFO   [E3C98A\72186A] Auto-routing pass #3 on board '478045d597af746f98f3640042d3cfdd' was completed in 9.50 seconds with score 446.53 (71 unrouted and 85 violations), using 39.58 CPU seconds and the job allocated 534.84 GB of memory so far.
2026-09-23 19:55:39.943 INFO   [E3C98A\72186A] Auto-routing pass #4 on board '05cccb5ae271e12458f2b6eee77de7e4' was completed in 10.20 seconds with score 459.11 (69 unrouted and 85 violations), using 50.45 CPU seconds and the job allocated 673.93 GB of memory so far.
2026-09-23 19:55:50.963 INFO   [E3C98A\72186A] Auto-routing pass #5 on board '9d89cee8d176ce69c3716c6c73822f57' was completed in 10.97 seconds with score 484.27 (65 unrouted and 85 violations), using 60.34 CPU seconds and the job allocated 790.88 GB of memory so far.
2026-09-23 19:56:02.621 INFO   [E3C98A\72186A] Auto-routing pass #6 on board 'd9d4e8b41eeb35fe43547c49b94f5258' was completed in 11.61 seconds with score 484.27 (65 unrouted and 85 violations), using 72.17 CPU seconds and the job allocated 934.59 GB of memory so far.
2026-09-23 19:56:13.598 INFO   [E3C98A\72186A] Auto-routing pass #7 on board '2ad73115649445fbd33d7289bf261102' was completed in 10.93 seconds with score 496.85 (63 unrouted and 85 violations), using 83.02 CPU seconds and the job allocated 1067.23 GB of memory so far.
2026-09-23 19:56:24.800 INFO   [E3C98A\72186A] Auto-routing pass #8 on board 'c2983ec787ccd40b867d9a610ab48098' was completed in 11.16 seconds with score 496.85 (63 unrouted and 85 violations), using 93.88 CPU seconds and the job allocated 1199.63 GB of memory so far.
2026-09-23 19:56:37.797 INFO   [E3C98A\72186A] Auto-routing pass #9 on board 'da3dc9063b68d1e0e42aa33c8b1dcff8' was completed in 12.95 seconds with score 490.56 (64 unrouted and 85 violations), using 106.49 CPU seconds and the job allocated 1341.00 GB of memory so far.
2026-09-23 19:56:53.976 INFO   [E3C98A\72186A] Auto-routing pass #10 on board 'c1cdc46d2509b28d6f6001c253276420' was completed in 16.09 seconds with score 496.85 (63 unrouted and 85 violations), using 121.10 CPU seconds and the job allocated 1471.13 GB of memory so far.
2026-09-23 19:57:05.284 INFO   [E3C98A\72186A] Auto-routing pass #11 on board 'c4217995e73da194fe789c73ef693aa8' was completed in 11.26 seconds with score 490.56 (64 unrouted and 85 violations), using 132.00 CPU seconds and the job allocated 1602.91 GB of memory so far.
2026-09-23 19:57:16.910 INFO   [E3C98A\72186A] Auto-routing pass #12 on board 'fba4a2f19ff7d48d058e5510b5280b24' was completed in 11.58 seconds with score 496.85 (63 unrouted and 85 violations), using 143.87 CPU seconds and the job allocated 1744.71 GB of memory so far.
2026-09-23 19:57:28.842 INFO   [E3C98A\72186A] Auto-routing pass #13 on board '9f015977600de50c1caea32166d0d413' was completed in 11.89 seconds with score 490.56 (64 unrouted and 85 violations), using 155.73 CPU seconds and the job allocated 1881.59 GB of memory so far.
2026-09-23 19:57:42.408 INFO   [E3C98A\72186A] Auto-routing pass #14 on board '489598cef336271fb7f8c9c0fb5e13a7' was completed in 13.52 seconds with score 490.56 (64 unrouted and 85 violations), using 167.95 CPU seconds and the job allocated 2010.16 GB of memory so far.
2026-09-23 19:57:57.579 INFO   [E3C98A\72186A] Auto-routing pass #15 on board '313a373808e7759a208124dfd2f16966' was completed in 15.12 seconds with score 484.27 (65 unrouted and 85 violations), using 181.67 CPU seconds and the job allocated 2143.23 GB of memory so far.
2026-09-23 19:58:10.447 INFO   [E3C98A\72186A] Auto-routing pass #16 on board 'da3dc9063b68d1e0e42aa33c8b1dcff8' was completed in 0.00 seconds with score 496.85 (63 unrouted and 85 violations), using 194.12 CPU seconds and the job allocated 2278.42 GB of memory so far.
2026-09-23 19:58:11.911 WARN   BasicBoard.normalizeTraces: reached 2000 iterations for net '/W_PRE' — stopping to prevent hang. The board geometry for this net may be oscillating (split/combine cycle); traces are kept as-is and further normalization for this net is suppressed on this board candidate.
2026-09-23 19:58:14.709 WARN   BasicBoard.normalizeTraces: reached 2000 iterations for net '/BAT_MON' — stopping to prevent hang. The board geometry for this net may be oscillating (split/combine cycle); traces are kept as-is and further normalization for this net is suppressed on this board candidate.
2026-09-23 19:58:27.091 WARN   BasicBoard.normalizeTraces: reached 2000 iterations for net '/PACK_FUSED' — stopping to prevent hang. The board geometry for this net may be oscillating (split/combine cycle); traces are kept as-is and further normalization for this net is suppressed on this board candidate.
2026-09-23 19:58:29.830 WARN   BasicBoard.normalizeTraces: reached 2000 iterations for net '/W_VM' — stopping to prevent hang. The board geometry for this net may be oscillating (split/combine cycle); traces are kept as-is and further normalization for this net is suppressed on this board candidate.
2026-09-23 19:58:30.239 INFO   [E3C98A\72186A] Auto-routing pass #17 on board 'da3dc9063b68d1e0e42aa33c8b1dcff8' was completed in 19.77 seconds with score 484.27 (65 unrouted and 85 violations), using 213.76 CPU seconds and the job allocated 2635.08 GB of memory so far.
2026-09-23 19:58:40.899 INFO   [E3C98A\72186A] Auto-routing pass #18 on board 'e4ddaff170f4a656563b6fe74fa97658' was completed in 10.62 seconds with score 490.56 (64 unrouted and 85 violations), using 223.64 CPU seconds and the job allocated 2758.44 GB of memory so far.
2026-09-23 19:58:40.909 INFO   [E3C98A\72186A] The router's best score (496.85) has not improved by more than 0.5 points since pass #8. Stopping the auto-router after 18 passes (63 items still unconnected).
The following connections could not be routed -- please review your design (e.g. check pad clearances, trace width rules, and available routing space):
  Net '/C5_FB' (1 unrouted connection):
    - C75-2  ->  R71-1
  Net '/GND' (1 unrouted connection):
    - via  ->  via
  Net '/BAT_MON' (7 unrouted connections):
    - R2-2  ->  C2-1
    - via  ->  F70-1
    - via  ->  R2-2
    - via  ->  via
    - R2-2  ->  via
    - via  ->  F60-1
    - C2-1  ->  J6-2
  Net '/BAT_ADC' (2 unrouted connections):
    - via  ->  R51-1
    - R50-2  ->  via
  Net '/W9_IN' (1 unrouted connection):
    - J3-2  ->  D10-2
  Net '/PACK_FUSED' (2 unrouted connections):
    - Q90-3  ->  Q90-2
    - Q90-1  ->  D90-1
  Net '/CHG_N' (1 unrouted connection):
    - via  ->  J10-4
  Net '/+3V3' (2 unrouted connections):
    - C1-1  ->  U1-5
    - C1-1  ->  J10-1
  Net '/+5V_CAM' (2 unrouted connections):
    - C74-1  ->  J18-1
    - C75-1  ->  L70-2
  Net '/+5V_MOTION' (1 unrouted connection):
    - C65-1  ->  via
  Net '/M5_FB' (3 unrouted connections):
    - C65-2  ->  via
    - U60-4  ->  via
    - R60-2  ->  C65-2
  Net '/M5_SW' (1 unrouted connection):
    - U60-2  ->  C62-2
  Net '/M5_VIN' (2 unrouted connections):
    - U60-3  ->  C61-1
    - C61-1  ->  C60-1
  Net '/ARM_Q' (3 unrouted connections):
    - J10-2  ->  Q11-1
    - Q31-1  ->  R54-1
    - J10-2  ->  Q31-1
  Net '/H_VM' (3 unrouted connections):
    - R45-1  ->  C40-1
    - R41-1  ->  J9-2
    - J9-2  ->  R45-1
  Net '/M5_BOOT' (1 unrouted connection):
    - C62-1  ->  U60-6
  Net '/BAT_REV' (1 unrouted connection):
    - Q1-1  ->  Q1-2
  Net '/BAT_IN' (2 unrouted connections):
    - Q90-5  ->  Q90-6
    - Q90-7  ->  Q90-6
  Net '/C5_VIN' (4 unrouted connections):
    - U70-3  ->  C71-1
    - via  ->  F70-2
    - C76-1  ->  U70-3
    - C76-1  ->  via
  Net '/W_BUS' (1 unrouted connection):
    - via  ->  J7-3
  Net '/W_VM' (13 unrouted connections):
    - Q10-6  ->  Q10-5
    - Q10-7  ->  Q10-6
    - R20-1  ->  via
    - Q10-7  ->  via
    - U20-8  ->  C20-1
    - R25-1  ->  via
    - R24-1  ->  U20-8
    - R21-1  ->  R25-1
    - J8-2  ->  R25-1
    - C10-1  ->  R52-1
    - J11-2  ->  R20-1
    - R21-1  ->  Q10-5
    - Q10-5  ->  C10-1
  Net '/W_DUMP_D' (1 unrouted connection):
    - J11-1  ->  Q20-3
  Net '/H_DUMP_D' (1 unrouted connection):
    - J12-1  ->  Q40-3
  Net '/H_REF' (1 unrouted connection):
    - U40-2  ->  U40-5
  Net '/H_GATE_LOW' (1 unrouted connection):
    - R31-2  ->  Q31-3
  Net '/H_PRE' (1 unrouted connection):
    - via  ->  R30-2
  Net '/CURRENT_ADC' (1 unrouted connection):
    - J10-7  ->  U1-1
  Net '/C5_SW' (1 unrouted connection):
    - U70-2  ->  C72-2
  Net '/H_BUS' (1 unrouted connection):
    - J14-1  ->  J9-3
  Net '/W_PRE' (1 unrouted connection):
    - Q10-3  ->  Q10-2
  Net '/WHEEL_ADC' (1 unrouted connection):
    - J10-6  ->  R53-1
2026-09-23 19:58:41.005 INFO   [E3C98A\72186A] Auto-routing stage completed: started with 144 unrouted nets, completed in 234.47 seconds, final score: 496.85 (63 unrouted and 85 violations), using 223.64 total CPU seconds, 2758.44 GB total allocated, and 1158.8 MB peak heap usage.
2026-09-23 19:58:41.031 INFO   [E3C98A\72186A] Optimization stage started on board 'd3767123360ace5c7bfb2a6f11701886' with score 490.56 (64 unrouted and 85 violations).
2026-09-23 19:58:44.654 INFO   [E3C98A\72186A] Optimizer pass #1 on board '22826c8a59a72cec25e850f834fc8066' was completed in 3.54 seconds with the score of 496.85 (63 unrouted and 85 violations).
2026-09-23 19:58:46.033 INFO   [E3C98A\72186A] Stopping optimization pass #2 early after 50 consecutive items could not be improved.
2026-09-23 19:58:46.062 INFO   [E3C98A\72186A] Optimizer pass #2 on board '5759af8f5c69fa3539604ab757bb9f8f' was completed in 1.32 seconds with the score of 496.85 (63 unrouted and 85 violations).
2026-09-23 19:58:46.078 INFO   [E3C98A\72186A] Stopping optimizer because the improvement in this pass (0.0000%) is below the threshold (1.00%).
2026-09-23 19:58:46.096 INFO   [E3C98A\72186A] Optimization stage completed: started with score 490.56 (64 unrouted and 85 violations), completed in 5.05 seconds, final score: 496.85 (63 unrouted and 85 violations), using 4.92 total CPU seconds, 147.17 GB total allocated, and 1036.4 MB peak heap usage.
2026-09-23 19:58:46.108 INFO   [E3C98A\72186A] Job 'E3C98A\72186A' finished with state: COMPLETED (elapsed: 3 minutes 59.63 seconds, finished at UTC: 2026-09-23T11:58:46.107924Z).
2026-09-23 19:58:46.537 INFO   Saving output file '/Users/dean/Documents/MORI/hardware/v1_2/layout_P5/reports/MORI_power_P5/global_signals_trial/MORI_power_P5.ses' (SES)...
2026-09-23 19:58:46.558 INFO   Successfully saved output file '/Users/dean/Documents/MORI/hardware/v1_2/layout_P5/reports/MORI_power_P5/global_signals_trial/MORI_power_P5.ses' (87828 bytes).
