./src/common/stdpbase.cpp(59): assert ""traits"" failed in Get(): create wxApp before calling this
rear removed /CC2 3ede186f
rear removed /VBUS_RAW 6ce285d2
rear removed /CC2 6f22fb24
rear removed /CC2 56e8a39b
rear removed /CC2 2f9881ab
rear removed /CC2 fbf17153
09:18:55 AM: Debug: Adding duplicate image handler for 'PNG file'
09:18:55 AM: Debug: Adding duplicate image handler for 'JPEG file'
09:18:55 AM: Debug: Adding duplicate image handler for 'TIFF file'
09:18:55 AM: Debug: Adding duplicate image handler for 'GIF file'
09:18:55 AM: Debug: Adding duplicate image handler for 'PNM file'
09:18:55 AM: Debug: Adding duplicate image handler for 'PCX file'
09:18:55 AM: Debug: Adding duplicate image handler for 'IFF file'
09:18:55 AM: Debug: Adding duplicate image handler for 'Windows icon file'
09:18:55 AM: Debug: Adding duplicate image handler for 'Windows cursor file'
09:18:55 AM: Debug: Adding duplicate image handler for 'Windows animated cursor file'
09:18:55 AM: Debug: Adding duplicate image handler for 'TGA file'
09:18:55 AM: Debug: Adding duplicate image handler for 'XPM file'
rear native cleanup 6 accepted edits Counter({'track_angle': 2, 'silk_over_copper': 1}) unconnected 0
