./src/common/stdpbase.cpp(59): assert ""traits"" failed in Get(): create wxApp before calling this
Connecting rear 0 /MASTER_RETURN clusters 1 1
local route /MASTER_RETURN segments 8 vias 0 nodes 576
Connecting rear 1 /LOOP_3V3 clusters 1 1
local route /LOOP_3V3 segments 2 vias 0 nodes 36
Connecting rear 2 /CLR_N clusters 1 1
local route /CLR_N segments 2 vias 0 nodes 37
Connecting rear 3 /VBUS_RAW clusters 1 9
local route /VBUS_RAW segments 5 vias 0 nodes 232
Connecting rear 4 /VBUS_RAW clusters 1 15
local route /VBUS_RAW segments 5 vias 0 nodes 62
Connecting rear 5 /VBUS_FUSED clusters 1 1
local route /VBUS_FUSED segments 5 vias 1 nodes 25683
Connecting rear 6 /VBUS_FUSED clusters 1 1
local route /VBUS_FUSED segments 9 vias 2 nodes 41078
Connecting rear 7 /VBUS_FUSED clusters 8 13
local route /VBUS_FUSED segments 4 vias 0 nodes 113
Connecting rear 8 /CC1 clusters 1 3
local route /CC1 segments 4 vias 0 nodes 271
Connecting rear 9 /CC2 clusters 1 3
local route /CC2 segments 11 vias 1 nodes 67280
