./src/common/stdpbase.cpp(59): assert ""traits"" failed in Get(): create wxApp before calling this
motion centred /CLR_N
motion centred /+3V3
motion centred /S288_OE_N
motion centred /ARM_Q_N
motion centred /HEAD_OE_N
motion removed /IMU_MISO 8a8ebc98
motion removed /IMU_MISO 9bb46498
motion removed /IMU_MISO dd9ab013
motion removed /IMU_MISO 4ea0a43b
motion removed /IMU_MISO 76e276ea
motion removed /IMU_MISO 67129f9e
motion removed /S288_BUS 764eb100
motion removed /IMU_MISO 7976492e
motion removed /IMU_MISO c7b1457c
motion removed /IMU_MISO 7bd6c81e
motion removed /IMU_MISO 9a4425e9
motion removed /IMU_MISO 381cd90a
motion removed /IMU_MISO 7432422f
motion removed /IMU_MISO 15b456f8
motion removed /IMU_MISO 5c64844c
motion removed /IMU_MISO 157803d5
motion removed /IMU_MISO 35b99b6e
motion removed /IMU_MISO db1f088c
motion removed /S288_BUS b719e75b
motion removed /S288_BUS dca6b9e8
motion removed /S288_BUS cf0cfa04
motion removed /S288_BUS c8860e7b
motion removed /S288_BUS 46067ddd
motion removed /S288_BUS 0268f1be
motion removed /S288_BUS 09391cc5
motion removed /S288_BUS 74b84b6f
motion removed /S288_BUS 5695c3d7
motion removed /S288_BUS abe48fea
motion removed /IMU_MISO e6bf2201
motion removed /IMU_MISO 537580a2
motion removed /IMU_MISO 575caa06
motion removed /IMU_MISO c5090024
motion removed /IMU_MISO 373afc2b
motion removed /IMU_MISO d4c3aedf
motion removed /IMU_MISO 46c7e4b0
motion removed /IMU_MISO 1b180bb2
motion removed /IMU_MISO 96e395f0
motion removed /IMU_MISO cef299dc
motion removed /IMU_MISO 764a1191
motion removed /IMU_MISO 63555817
motion removed /IMU_MISO e3dc298b
motion removed /IMU_MISO 78dda8d9
motion removed /IMU_MISO 401ce951
motion removed /IMU_MISO d21f7fdb
motion removed /IMU_MISO ecd98301
motion removed /IMU_MISO e7ff2486
motion removed /IMU_MISO 61ec09b4
motion removed /IMU_MISO bf4b4272
motion removed /IMU_MISO f6035c33
motion removed /IMU_MISO ca137e8d
motion removed /IMU_MISO 864ed117
motion removed /+3V3 2d270947
motion removed /CHG_N 9ffd4abe
04:21:34 AM: Debug: Adding duplicate image handler for 'PNG file'
04:21:34 AM: Debug: Adding duplicate image handler for 'JPEG file'
04:21:34 AM: Debug: Adding duplicate image handler for 'TIFF file'
04:21:34 AM: Debug: Adding duplicate image handler for 'GIF file'
04:21:34 AM: Debug: Adding duplicate image handler for 'PNM file'
04:21:34 AM: Debug: Adding duplicate image handler for 'PCX file'
04:21:34 AM: Debug: Adding duplicate image handler for 'IFF file'
04:21:34 AM: Debug: Adding duplicate image handler for 'Windows icon file'
04:21:34 AM: Debug: Adding duplicate image handler for 'Windows cursor file'
04:21:34 AM: Debug: Adding duplicate image handler for 'Windows animated cursor file'
04:21:34 AM: Debug: Adding duplicate image handler for 'TGA file'
04:21:34 AM: Debug: Adding duplicate image handler for 'XPM file'
motion removed /+3V3 ad53432f
motion removed /+3V3 48e60bc1
motion removed /IMU_CS 9668259b
motion removed /ARM_Q 5848b71a
motion removed /+3V3 18b16b8d
motion removed /+3V3 bd4656c6
motion removed /+3V3 87da0ef8
motion removed /+3V3 780c4907
motion removed /+3V3 5dc111cf
04:21:53 AM: Debug: Adding duplicate image handler for 'PNG file'
04:21:53 AM: Debug: Adding duplicate image handler for 'JPEG file'
04:21:53 AM: Debug: Adding duplicate image handler for 'TIFF file'
04:21:53 AM: Debug: Adding duplicate image handler for 'GIF file'
04:21:53 AM: Debug: Adding duplicate image handler for 'PNM file'
04:21:53 AM: Debug: Adding duplicate image handler for 'PCX file'
04:21:53 AM: Debug: Adding duplicate image handler for 'IFF file'
04:21:53 AM: Debug: Adding duplicate image handler for 'Windows icon file'
04:21:53 AM: Debug: Adding duplicate image handler for 'Windows cursor file'
04:21:53 AM: Debug: Adding duplicate image handler for 'Windows animated cursor file'
04:21:53 AM: Debug: Adding duplicate image handler for 'TGA file'
04:21:53 AM: Debug: Adding duplicate image handler for 'XPM file'
04:21:55 AM: Debug: Adding duplicate image handler for 'PNG file'
04:21:55 AM: Debug: Adding duplicate image handler for 'JPEG file'
04:21:55 AM: Debug: Adding duplicate image handler for 'TIFF file'
04:21:55 AM: Debug: Adding duplicate image handler for 'GIF file'
04:21:55 AM: Debug: Adding duplicate image handler for 'PNM file'
04:21:55 AM: Debug: Adding duplicate image handler for 'PCX file'
04:21:55 AM: Debug: Adding duplicate image handler for 'IFF file'
04:21:55 AM: Debug: Adding duplicate image handler for 'Windows icon file'
04:21:55 AM: Debug: Adding duplicate image handler for 'Windows cursor file'
04:21:55 AM: Debug: Adding duplicate image handler for 'Windows animated cursor file'
04:21:55 AM: Debug: Adding duplicate image handler for 'TGA file'
04:21:55 AM: Debug: Adding duplicate image handler for 'XPM file'
motion removed /HEAD_BUS 5d03153e
motion removed /+3V3 7520095e
motion removed /+3V3 b086c3e1
motion removed /+3V3 ab41d3bf
motion removed /ARM_Q 7d5361f9
motion removed /ARM_Q 3fdaa680
04:22:09 AM: Debug: Adding duplicate image handler for 'PNG file'
04:22:09 AM: Debug: Adding duplicate image handler for 'JPEG file'
04:22:09 AM: Debug: Adding duplicate image handler for 'TIFF file'
04:22:09 AM: Debug: Adding duplicate image handler for 'GIF file'
04:22:09 AM: Debug: Adding duplicate image handler for 'PNM file'
04:22:09 AM: Debug: Adding duplicate image handler for 'PCX file'
04:22:09 AM: Debug: Adding duplicate image handler for 'IFF file'
04:22:09 AM: Debug: Adding duplicate image handler for 'Windows icon file'
04:22:09 AM: Debug: Adding duplicate image handler for 'Windows cursor file'
04:22:09 AM: Debug: Adding duplicate image handler for 'Windows animated cursor file'
04:22:09 AM: Debug: Adding duplicate image handler for 'TGA file'
04:22:09 AM: Debug: Adding duplicate image handler for 'XPM file'
04:22:11 AM: Debug: Adding duplicate image handler for 'PNG file'
04:22:11 AM: Debug: Adding duplicate image handler for 'JPEG file'
04:22:11 AM: Debug: Adding duplicate image handler for 'TIFF file'
04:22:11 AM: Debug: Adding duplicate image handler for 'GIF file'
04:22:11 AM: Debug: Adding duplicate image handler for 'PNM file'
04:22:11 AM: Debug: Adding duplicate image handler for 'PCX file'
04:22:11 AM: Debug: Adding duplicate image handler for 'IFF file'
04:22:11 AM: Debug: Adding duplicate image handler for 'Windows icon file'
04:22:11 AM: Debug: Adding duplicate image handler for 'Windows cursor file'
04:22:11 AM: Debug: Adding duplicate image handler for 'Windows animated cursor file'
04:22:11 AM: Debug: Adding duplicate image handler for 'TGA file'
04:22:11 AM: Debug: Adding duplicate image handler for 'XPM file'
motion removed /HEAD_BUS 80df88be
04:22:15 AM: Debug: Adding duplicate image handler for 'PNG file'
04:22:15 AM: Debug: Adding duplicate image handler for 'JPEG file'
04:22:15 AM: Debug: Adding duplicate image handler for 'TIFF file'
04:22:15 AM: Debug: Adding duplicate image handler for 'GIF file'
04:22:15 AM: Debug: Adding duplicate image handler for 'PNM file'
04:22:15 AM: Debug: Adding duplicate image handler for 'PCX file'
04:22:15 AM: Debug: Adding duplicate image handler for 'IFF file'
04:22:15 AM: Debug: Adding duplicate image handler for 'Windows icon file'
04:22:15 AM: Debug: Adding duplicate image handler for 'Windows cursor file'
04:22:15 AM: Debug: Adding duplicate image handler for 'Windows animated cursor file'
04:22:15 AM: Debug: Adding duplicate image handler for 'TGA file'
04:22:15 AM: Debug: Adding duplicate image handler for 'XPM file'
motion removed /HEAD_BUS 1cce0c97
motion removed /ARM_Q b4c4bd57
04:22:21 AM: Debug: Adding duplicate image handler for 'PNG file'
04:22:21 AM: Debug: Adding duplicate image handler for 'JPEG file'
04:22:21 AM: Debug: Adding duplicate image handler for 'TIFF file'
04:22:21 AM: Debug: Adding duplicate image handler for 'GIF file'
04:22:21 AM: Debug: Adding duplicate image handler for 'PNM file'
04:22:21 AM: Debug: Adding duplicate image handler for 'PCX file'
04:22:21 AM: Debug: Adding duplicate image handler for 'IFF file'
04:22:21 AM: Debug: Adding duplicate image handler for 'Windows icon file'
04:22:21 AM: Debug: Adding duplicate image handler for 'Windows cursor file'
04:22:21 AM: Debug: Adding duplicate image handler for 'Windows animated cursor file'
04:22:21 AM: Debug: Adding duplicate image handler for 'TGA file'
04:22:21 AM: Debug: Adding duplicate image handler for 'XPM file'
motion removed /HEAD_BUS 4cf213b8
motion removed /+3V3 4d1718c6
04:22:27 AM: Debug: Adding duplicate image handler for 'PNG file'
04:22:27 AM: Debug: Adding duplicate image handler for 'JPEG file'
04:22:27 AM: Debug: Adding duplicate image handler for 'TIFF file'
04:22:27 AM: Debug: Adding duplicate image handler for 'GIF file'
04:22:27 AM: Debug: Adding duplicate image handler for 'PNM file'
04:22:27 AM: Debug: Adding duplicate image handler for 'PCX file'
04:22:27 AM: Debug: Adding duplicate image handler for 'IFF file'
04:22:27 AM: Debug: Adding duplicate image handler for 'Windows icon file'
04:22:27 AM: Debug: Adding duplicate image handler for 'Windows cursor file'
04:22:27 AM: Debug: Adding duplicate image handler for 'Windows animated cursor file'
04:22:27 AM: Debug: Adding duplicate image handler for 'TGA file'
04:22:27 AM: Debug: Adding duplicate image handler for 'XPM file'
04:22:29 AM: Debug: Adding duplicate image handler for 'PNG file'
04:22:29 AM: Debug: Adding duplicate image handler for 'JPEG file'
04:22:29 AM: Debug: Adding duplicate image handler for 'TIFF file'
04:22:29 AM: Debug: Adding duplicate image handler for 'GIF file'
04:22:29 AM: Debug: Adding duplicate image handler for 'PNM file'
04:22:29 AM: Debug: Adding duplicate image handler for 'PCX file'
04:22:29 AM: Debug: Adding duplicate image handler for 'IFF file'
04:22:29 AM: Debug: Adding duplicate image handler for 'Windows icon file'
04:22:29 AM: Debug: Adding duplicate image handler for 'Windows cursor file'
04:22:29 AM: Debug: Adding duplicate image handler for 'Windows animated cursor file'
04:22:29 AM: Debug: Adding duplicate image handler for 'TGA file'
04:22:29 AM: Debug: Adding duplicate image handler for 'XPM file'
04:22:32 AM: Debug: Adding duplicate image handler for 'PNG file'
04:22:32 AM: Debug: Adding duplicate image handler for 'JPEG file'
04:22:32 AM: Debug: Adding duplicate image handler for 'TIFF file'
04:22:32 AM: Debug: Adding duplicate image handler for 'GIF file'
04:22:32 AM: Debug: Adding duplicate image handler for 'PNM file'
04:22:32 AM: Debug: Adding duplicate image handler for 'PCX file'
04:22:32 AM: Debug: Adding duplicate image handler for 'IFF file'
04:22:32 AM: Debug: Adding duplicate image handler for 'Windows icon file'
04:22:32 AM: Debug: Adding duplicate image handler for 'Windows cursor file'
04:22:32 AM: Debug: Adding duplicate image handler for 'Windows animated cursor file'
04:22:32 AM: Debug: Adding duplicate image handler for 'TGA file'
04:22:32 AM: Debug: Adding duplicate image handler for 'XPM file'
04:22:34 AM: Debug: Adding duplicate image handler for 'PNG file'
04:22:34 AM: Debug: Adding duplicate image handler for 'JPEG file'
04:22:34 AM: Debug: Adding duplicate image handler for 'TIFF file'
04:22:34 AM: Debug: Adding duplicate image handler for 'GIF file'
04:22:34 AM: Debug: Adding duplicate image handler for 'PNM file'
04:22:34 AM: Debug: Adding duplicate image handler for 'PCX file'
04:22:34 AM: Debug: Adding duplicate image handler for 'IFF file'
04:22:34 AM: Debug: Adding duplicate image handler for 'Windows icon file'
04:22:34 AM: Debug: Adding duplicate image handler for 'Windows cursor file'
04:22:34 AM: Debug: Adding duplicate image handler for 'Windows animated cursor file'
04:22:34 AM: Debug: Adding duplicate image handler for 'TGA file'
04:22:34 AM: Debug: Adding duplicate image handler for 'XPM file'
04:22:36 AM: Debug: Adding duplicate image handler for 'PNG file'
04:22:36 AM: Debug: Adding duplicate image handler for 'JPEG file'
04:22:36 AM: Debug: Adding duplicate image handler for 'TIFF file'
04:22:36 AM: Debug: Adding duplicate image handler for 'GIF file'
04:22:36 AM: Debug: Adding duplicate image handler for 'PNM file'
04:22:36 AM: Debug: Adding duplicate image handler for 'PCX file'
04:22:36 AM: Debug: Adding duplicate image handler for 'IFF file'
04:22:36 AM: Debug: Adding duplicate image handler for 'Windows icon file'
04:22:36 AM: Debug: Adding duplicate image handler for 'Windows cursor file'
04:22:36 AM: Debug: Adding duplicate image handler for 'Windows animated cursor file'
04:22:36 AM: Debug: Adding duplicate image handler for 'TGA file'
04:22:36 AM: Debug: Adding duplicate image handler for 'XPM file'
motion removed /+3V3 1a56f789
motion removed /+3V3 981fa30c
motion removed /CHG_N d97ebd7b
motion removed /IMU_CS 6785c168
04:22:46 AM: Debug: Adding duplicate image handler for 'PNG file'
04:22:46 AM: Debug: Adding duplicate image handler for 'JPEG file'
04:22:46 AM: Debug: Adding duplicate image handler for 'TIFF file'
04:22:46 AM: Debug: Adding duplicate image handler for 'GIF file'
04:22:46 AM: Debug: Adding duplicate image handler for 'PNM file'
04:22:46 AM: Debug: Adding duplicate image handler for 'PCX file'
04:22:46 AM: Debug: Adding duplicate image handler for 'IFF file'
04:22:46 AM: Debug: Adding duplicate image handler for 'Windows icon file'
04:22:46 AM: Debug: Adding duplicate image handler for 'Windows cursor file'
04:22:46 AM: Debug: Adding duplicate image handler for 'Windows animated cursor file'
04:22:46 AM: Debug: Adding duplicate image handler for 'TGA file'
04:22:46 AM: Debug: Adding duplicate image handler for 'XPM file'
04:22:49 AM: Debug: Adding duplicate image handler for 'PNG file'
04:22:49 AM: Debug: Adding duplicate image handler for 'JPEG file'
04:22:49 AM: Debug: Adding duplicate image handler for 'TIFF file'
04:22:49 AM: Debug: Adding duplicate image handler for 'GIF file'
04:22:49 AM: Debug: Adding duplicate image handler for 'PNM file'
04:22:49 AM: Debug: Adding duplicate image handler for 'PCX file'
04:22:49 AM: Debug: Adding duplicate image handler for 'IFF file'
04:22:49 AM: Debug: Adding duplicate image handler for 'Windows icon file'
04:22:49 AM: Debug: Adding duplicate image handler for 'Windows cursor file'
04:22:49 AM: Debug: Adding duplicate image handler for 'Windows animated cursor file'
04:22:49 AM: Debug: Adding duplicate image handler for 'TGA file'
04:22:49 AM: Debug: Adding duplicate image handler for 'XPM file'
motion removed /IMU_CS ed0eebce
motion removed /IMU_CS e98669d1
motion removed /IMU_CS d7889f40
04:22:57 AM: Debug: Adding duplicate image handler for 'PNG file'
04:22:57 AM: Debug: Adding duplicate image handler for 'JPEG file'
04:22:57 AM: Debug: Adding duplicate image handler for 'TIFF file'
04:22:57 AM: Debug: Adding duplicate image handler for 'GIF file'
04:22:57 AM: Debug: Adding duplicate image handler for 'PNM file'
04:22:57 AM: Debug: Adding duplicate image handler for 'PCX file'
04:22:57 AM: Debug: Adding duplicate image handler for 'IFF file'
04:22:57 AM: Debug: Adding duplicate image handler for 'Windows icon file'
04:22:57 AM: Debug: Adding duplicate image handler for 'Windows cursor file'
04:22:57 AM: Debug: Adding duplicate image handler for 'Windows animated cursor file'
04:22:57 AM: Debug: Adding duplicate image handler for 'TGA file'
04:22:57 AM: Debug: Adding duplicate image handler for 'XPM file'
04:22:59 AM: Debug: Adding duplicate image handler for 'PNG file'
04:22:59 AM: Debug: Adding duplicate image handler for 'JPEG file'
04:22:59 AM: Debug: Adding duplicate image handler for 'TIFF file'
04:22:59 AM: Debug: Adding duplicate image handler for 'GIF file'
04:22:59 AM: Debug: Adding duplicate image handler for 'PNM file'
04:22:59 AM: Debug: Adding duplicate image handler for 'PCX file'
04:22:59 AM: Debug: Adding duplicate image handler for 'IFF file'
04:22:59 AM: Debug: Adding duplicate image handler for 'Windows icon file'
04:22:59 AM: Debug: Adding duplicate image handler for 'Windows cursor file'
04:22:59 AM: Debug: Adding duplicate image handler for 'Windows animated cursor file'
04:22:59 AM: Debug: Adding duplicate image handler for 'TGA file'
04:22:59 AM: Debug: Adding duplicate image handler for 'XPM file'
04:23:01 AM: Debug: Adding duplicate image handler for 'PNG file'
04:23:01 AM: Debug: Adding duplicate image handler for 'JPEG file'
04:23:01 AM: Debug: Adding duplicate image handler for 'TIFF file'
04:23:01 AM: Debug: Adding duplicate image handler for 'GIF file'
04:23:01 AM: Debug: Adding duplicate image handler for 'PNM file'
04:23:01 AM: Debug: Adding duplicate image handler for 'PCX file'
04:23:01 AM: Debug: Adding duplicate image handler for 'IFF file'
04:23:01 AM: Debug: Adding duplicate image handler for 'Windows icon file'
04:23:01 AM: Debug: Adding duplicate image handler for 'Windows cursor file'
04:23:01 AM: Debug: Adding duplicate image handler for 'Windows animated cursor file'
04:23:01 AM: Debug: Adding duplicate image handler for 'TGA file'
04:23:01 AM: Debug: Adding duplicate image handler for 'XPM file'
04:23:03 AM: Debug: Adding duplicate image handler for 'PNG file'
04:23:03 AM: Debug: Adding duplicate image handler for 'JPEG file'
04:23:03 AM: Debug: Adding duplicate image handler for 'TIFF file'
04:23:03 AM: Debug: Adding duplicate image handler for 'GIF file'
04:23:03 AM: Debug: Adding duplicate image handler for 'PNM file'
04:23:03 AM: Debug: Adding duplicate image handler for 'PCX file'
04:23:03 AM: Debug: Adding duplicate image handler for 'IFF file'
04:23:03 AM: Debug: Adding duplicate image handler for 'Windows icon file'
04:23:03 AM: Debug: Adding duplicate image handler for 'Windows cursor file'
04:23:03 AM: Debug: Adding duplicate image handler for 'Windows animated cursor file'
04:23:03 AM: Debug: Adding duplicate image handler for 'TGA file'
04:23:03 AM: Debug: Adding duplicate image handler for 'XPM file'
04:23:05 AM: Debug: Adding duplicate image handler for 'PNG file'
04:23:05 AM: Debug: Adding duplicate image handler for 'JPEG file'
04:23:05 AM: Debug: Adding duplicate image handler for 'TIFF file'
04:23:05 AM: Debug: Adding duplicate image handler for 'GIF file'
04:23:05 AM: Debug: Adding duplicate image handler for 'PNM file'
04:23:05 AM: Debug: Adding duplicate image handler for 'PCX file'
04:23:05 AM: Debug: Adding duplicate image handler for 'IFF file'
04:23:05 AM: Debug: Adding duplicate image handler for 'Windows icon file'
04:23:05 AM: Debug: Adding duplicate image handler for 'Windows cursor file'
04:23:05 AM: Debug: Adding duplicate image handler for 'Windows animated cursor file'
04:23:05 AM: Debug: Adding duplicate image handler for 'TGA file'
04:23:05 AM: Debug: Adding duplicate image handler for 'XPM file'
04:23:07 AM: Debug: Adding duplicate image handler for 'PNG file'
04:23:07 AM: Debug: Adding duplicate image handler for 'JPEG file'
04:23:07 AM: Debug: Adding duplicate image handler for 'TIFF file'
04:23:07 AM: Debug: Adding duplicate image handler for 'GIF file'
04:23:07 AM: Debug: Adding duplicate image handler for 'PNM file'
04:23:07 AM: Debug: Adding duplicate image handler for 'PCX file'
04:23:07 AM: Debug: Adding duplicate image handler for 'IFF file'
04:23:07 AM: Debug: Adding duplicate image handler for 'Windows icon file'
04:23:07 AM: Debug: Adding duplicate image handler for 'Windows cursor file'
04:23:07 AM: Debug: Adding duplicate image handler for 'Windows animated cursor file'
04:23:07 AM: Debug: Adding duplicate image handler for 'TGA file'
04:23:07 AM: Debug: Adding duplicate image handler for 'XPM file'
04:23:09 AM: Debug: Adding duplicate image handler for 'PNG file'
04:23:09 AM: Debug: Adding duplicate image handler for 'JPEG file'
04:23:09 AM: Debug: Adding duplicate image handler for 'TIFF file'
04:23:09 AM: Debug: Adding duplicate image handler for 'GIF file'
04:23:09 AM: Debug: Adding duplicate image handler for 'PNM file'
04:23:09 AM: Debug: Adding duplicate image handler for 'PCX file'
04:23:09 AM: Debug: Adding duplicate image handler for 'IFF file'
04:23:09 AM: Debug: Adding duplicate image handler for 'Windows icon file'
04:23:09 AM: Debug: Adding duplicate image handler for 'Windows cursor file'
04:23:09 AM: Debug: Adding duplicate image handler for 'Windows animated cursor file'
04:23:09 AM: Debug: Adding duplicate image handler for 'TGA file'
04:23:09 AM: Debug: Adding duplicate image handler for 'XPM file'
04:23:11 AM: Debug: Adding duplicate image handler for 'PNG file'
04:23:11 AM: Debug: Adding duplicate image handler for 'JPEG file'
04:23:11 AM: Debug: Adding duplicate image handler for 'TIFF file'
04:23:11 AM: Debug: Adding duplicate image handler for 'GIF file'
04:23:11 AM: Debug: Adding duplicate image handler for 'PNM file'
04:23:11 AM: Debug: Adding duplicate image handler for 'PCX file'
04:23:11 AM: Debug: Adding duplicate image handler for 'IFF file'
04:23:11 AM: Debug: Adding duplicate image handler for 'Windows icon file'
04:23:11 AM: Debug: Adding duplicate image handler for 'Windows cursor file'
04:23:11 AM: Debug: Adding duplicate image handler for 'Windows animated cursor file'
04:23:11 AM: Debug: Adding duplicate image handler for 'TGA file'
04:23:11 AM: Debug: Adding duplicate image handler for 'XPM file'
04:23:13 AM: Debug: Adding duplicate image handler for 'PNG file'
04:23:13 AM: Debug: Adding duplicate image handler for 'JPEG file'
04:23:13 AM: Debug: Adding duplicate image handler for 'TIFF file'
04:23:13 AM: Debug: Adding duplicate image handler for 'GIF file'
04:23:13 AM: Debug: Adding duplicate image handler for 'PNM file'
04:23:13 AM: Debug: Adding duplicate image handler for 'PCX file'
04:23:13 AM: Debug: Adding duplicate image handler for 'IFF file'
04:23:13 AM: Debug: Adding duplicate image handler for 'Windows icon file'
04:23:13 AM: Debug: Adding duplicate image handler for 'Windows cursor file'
04:23:13 AM: Debug: Adding duplicate image handler for 'Windows animated cursor file'
04:23:13 AM: Debug: Adding duplicate image handler for 'TGA file'
04:23:13 AM: Debug: Adding duplicate image handler for 'XPM file'
04:23:15 AM: Debug: Adding duplicate image handler for 'PNG file'
04:23:15 AM: Debug: Adding duplicate image handler for 'JPEG file'
04:23:15 AM: Debug: Adding duplicate image handler for 'TIFF file'
04:23:15 AM: Debug: Adding duplicate image handler for 'GIF file'
04:23:15 AM: Debug: Adding duplicate image handler for 'PNM file'
04:23:15 AM: Debug: Adding duplicate image handler for 'PCX file'
04:23:15 AM: Debug: Adding duplicate image handler for 'IFF file'
04:23:15 AM: Debug: Adding duplicate image handler for 'Windows icon file'
04:23:15 AM: Debug: Adding duplicate image handler for 'Windows cursor file'
04:23:15 AM: Debug: Adding duplicate image handler for 'Windows animated cursor file'
04:23:15 AM: Debug: Adding duplicate image handler for 'TGA file'
04:23:15 AM: Debug: Adding duplicate image handler for 'XPM file'
motion removed /ARM_Q 6bd55df7
motion removed /+3V3 4498e26f
motion removed /+3V3 f618cd02
motion removed /+3V3 af8a1ad7
motion removed /+3V3 5dcd925a
motion removed /+3V3 91e2852c
motion removed /+3V3 ddc7f8b1
motion removed /+3V3 79417177
motion removed /+3V3 f2f970bc
motion removed /+3V3 dda0ee18
motion removed /+3V3 f486f50f
motion removed /+3V3 8325e31a
motion removed /GND 2aff7921
motion removed /+3V3 e9235b12
motion removed /+3V3 db65a3b3
motion removed /+3V3 12d6c775
motion removed /GND bc5541d5
motion removed /+3V3 a000831f
motion removed /+3V3 8ede735f
motion removed /+3V3 2510e194
motion removed /+3V3 6dc58141
04:23:58 AM: Debug: Adding duplicate image handler for 'PNG file'
04:23:58 AM: Debug: Adding duplicate image handler for 'JPEG file'
04:23:58 AM: Debug: Adding duplicate image handler for 'TIFF file'
04:23:58 AM: Debug: Adding duplicate image handler for 'GIF file'
04:23:58 AM: Debug: Adding duplicate image handler for 'PNM file'
04:23:58 AM: Debug: Adding duplicate image handler for 'PCX file'
04:23:58 AM: Debug: Adding duplicate image handler for 'IFF file'
04:23:58 AM: Debug: Adding duplicate image handler for 'Windows icon file'
04:23:58 AM: Debug: Adding duplicate image handler for 'Windows cursor file'
04:23:58 AM: Debug: Adding duplicate image handler for 'Windows animated cursor file'
04:23:58 AM: Debug: Adding duplicate image handler for 'TGA file'
04:23:58 AM: Debug: Adding duplicate image handler for 'XPM file'
04:24:01 AM: Debug: Adding duplicate image handler for 'PNG file'
04:24:01 AM: Debug: Adding duplicate image handler for 'JPEG file'
04:24:01 AM: Debug: Adding duplicate image handler for 'TIFF file'
04:24:01 AM: Debug: Adding duplicate image handler for 'GIF file'
04:24:01 AM: Debug: Adding duplicate image handler for 'PNM file'
04:24:01 AM: Debug: Adding duplicate image handler for 'PCX file'
04:24:01 AM: Debug: Adding duplicate image handler for 'IFF file'
04:24:01 AM: Debug: Adding duplicate image handler for 'Windows icon file'
04:24:01 AM: Debug: Adding duplicate image handler for 'Windows cursor file'
04:24:01 AM: Debug: Adding duplicate image handler for 'Windows animated cursor file'
04:24:01 AM: Debug: Adding duplicate image handler for 'TGA file'
04:24:01 AM: Debug: Adding duplicate image handler for 'XPM file'
motion removed /+3V3 16f48d55
motion removed /+3V3 a07b9961
motion removed /+3V3 a974e60f
motion removed /+3V3 51bc808e
motion removed /+3V3 34b0c40a
motion removed /+3V3 da9349cd
motion removed /+3V3 612660f6
motion removed /+3V3 4d1638ce
motion removed /+3V3 9bc33189
motion removed /+3V3 9f7f0416
motion removed /+3V3 bc79fe64
motion removed /+3V3 3547cdb2
04:24:26 AM: Debug: Adding duplicate image handler for 'PNG file'
04:24:26 AM: Debug: Adding duplicate image handler for 'JPEG file'
04:24:26 AM: Debug: Adding duplicate image handler for 'TIFF file'
04:24:26 AM: Debug: Adding duplicate image handler for 'GIF file'
04:24:26 AM: Debug: Adding duplicate image handler for 'PNM file'
04:24:26 AM: Debug: Adding duplicate image handler for 'PCX file'
04:24:26 AM: Debug: Adding duplicate image handler for 'IFF file'
04:24:26 AM: Debug: Adding duplicate image handler for 'Windows icon file'
04:24:26 AM: Debug: Adding duplicate image handler for 'Windows cursor file'
04:24:26 AM: Debug: Adding duplicate image handler for 'Windows animated cursor file'
04:24:26 AM: Debug: Adding duplicate image handler for 'TGA file'
04:24:26 AM: Debug: Adding duplicate image handler for 'XPM file'
motion removed /GND 0796288e
motion removed /GND 09195590
motion removed /GND 1ff633b7
motion removed /GND 20b1fc0e
motion removed /GND 2a3cfab7
motion removed /GND 38b4ef02
motion removed /GND 4085efe9
motion removed /GND 4b998226
motion removed /GND 51d817d7
motion removed /GND 6862830f
motion removed /GND 795739cc
motion removed /GND 8221119c
motion removed /GND 880105ab
motion removed /GND 8e8e60b9
motion removed /GND 90b9be77
motion removed /GND 9529729d
motion removed /GND 957ae7fd
motion removed /GND 95a86e6f
motion removed /GND 9ddc0bc7
motion removed /GND a53a9910
motion removed /GND a656425d
motion removed /GND c6d83323
motion removed /GND cc7b2ee9
motion removed /GND d164aaa4
motion removed /GND e82789fc
motion removed /GND f87e04ce
motion removed /GND f9e080f0
motion removed /GND fed8bb82
motion removed /+3V3 75e2b46b
motion removed /+3V3 d608983a
motion removed /+3V3 4ee3677b
04:25:31 AM: Debug: Adding duplicate image handler for 'PNG file'
04:25:31 AM: Debug: Adding duplicate image handler for 'JPEG file'
04:25:31 AM: Debug: Adding duplicate image handler for 'TIFF file'
04:25:31 AM: Debug: Adding duplicate image handler for 'GIF file'
04:25:31 AM: Debug: Adding duplicate image handler for 'PNM file'
04:25:31 AM: Debug: Adding duplicate image handler for 'PCX file'
04:25:31 AM: Debug: Adding duplicate image handler for 'IFF file'
04:25:31 AM: Debug: Adding duplicate image handler for 'Windows icon file'
04:25:31 AM: Debug: Adding duplicate image handler for 'Windows cursor file'
04:25:31 AM: Debug: Adding duplicate image handler for 'Windows animated cursor file'
04:25:31 AM: Debug: Adding duplicate image handler for 'TGA file'
04:25:31 AM: Debug: Adding duplicate image handler for 'XPM file'
motion removed /+3V3 3716049d
motion removed /+3V3 53bade23
04:25:37 AM: Debug: Adding duplicate image handler for 'PNG file'
04:25:37 AM: Debug: Adding duplicate image handler for 'JPEG file'
04:25:37 AM: Debug: Adding duplicate image handler for 'TIFF file'
04:25:37 AM: Debug: Adding duplicate image handler for 'GIF file'
04:25:37 AM: Debug: Adding duplicate image handler for 'PNM file'
04:25:37 AM: Debug: Adding duplicate image handler for 'PCX file'
04:25:37 AM: Debug: Adding duplicate image handler for 'IFF file'
04:25:37 AM: Debug: Adding duplicate image handler for 'Windows icon file'
04:25:37 AM: Debug: Adding duplicate image handler for 'Windows cursor file'
04:25:37 AM: Debug: Adding duplicate image handler for 'Windows animated cursor file'
04:25:37 AM: Debug: Adding duplicate image handler for 'TGA file'
04:25:37 AM: Debug: Adding duplicate image handler for 'XPM file'
04:25:39 AM: Debug: Adding duplicate image handler for 'PNG file'
04:25:39 AM: Debug: Adding duplicate image handler for 'JPEG file'
04:25:39 AM: Debug: Adding duplicate image handler for 'TIFF file'
04:25:39 AM: Debug: Adding duplicate image handler for 'GIF file'
04:25:39 AM: Debug: Adding duplicate image handler for 'PNM file'
04:25:39 AM: Debug: Adding duplicate image handler for 'PCX file'
04:25:39 AM: Debug: Adding duplicate image handler for 'IFF file'
04:25:39 AM: Debug: Adding duplicate image handler for 'Windows icon file'
04:25:39 AM: Debug: Adding duplicate image handler for 'Windows cursor file'
04:25:39 AM: Debug: Adding duplicate image handler for 'Windows animated cursor file'
04:25:39 AM: Debug: Adding duplicate image handler for 'TGA file'
04:25:39 AM: Debug: Adding duplicate image handler for 'XPM file'
motion removed /+3V3 13e253d6
motion removed /+3V3 77dd9126
motion removed /+3V3 693e2711
motion removed /+3V3 ea7ecbd0
motion removed /+3V3 1412574a
motion removed /+3V3 81ad7ea5
motion removed /+3V3 bdf69cac
motion removed /+3V3 535a89ed
motion removed /GND e1151222
04:25:59 AM: Debug: Adding duplicate image handler for 'PNG file'
04:25:59 AM: Debug: Adding duplicate image handler for 'JPEG file'
04:25:59 AM: Debug: Adding duplicate image handler for 'TIFF file'
04:25:59 AM: Debug: Adding duplicate image handler for 'GIF file'
04:25:59 AM: Debug: Adding duplicate image handler for 'PNM file'
04:25:59 AM: Debug: Adding duplicate image handler for 'PCX file'
04:25:59 AM: Debug: Adding duplicate image handler for 'IFF file'
04:25:59 AM: Debug: Adding duplicate image handler for 'Windows icon file'
04:25:59 AM: Debug: Adding duplicate image handler for 'Windows cursor file'
04:25:59 AM: Debug: Adding duplicate image handler for 'Windows animated cursor file'
04:25:59 AM: Debug: Adding duplicate image handler for 'TGA file'
04:25:59 AM: Debug: Adding duplicate image handler for 'XPM file'
04:26:01 AM: Debug: Adding duplicate image handler for 'PNG file'
04:26:01 AM: Debug: Adding duplicate image handler for 'JPEG file'
04:26:01 AM: Debug: Adding duplicate image handler for 'TIFF file'
04:26:01 AM: Debug: Adding duplicate image handler for 'GIF file'
04:26:01 AM: Debug: Adding duplicate image handler for 'PNM file'
04:26:01 AM: Debug: Adding duplicate image handler for 'PCX file'
04:26:01 AM: Debug: Adding duplicate image handler for 'IFF file'
04:26:01 AM: Debug: Adding duplicate image handler for 'Windows icon file'
04:26:01 AM: Debug: Adding duplicate image handler for 'Windows cursor file'
04:26:01 AM: Debug: Adding duplicate image handler for 'Windows animated cursor file'
04:26:01 AM: Debug: Adding duplicate image handler for 'TGA file'
04:26:01 AM: Debug: Adding duplicate image handler for 'XPM file'
motion removed /+3V3 489ce216
motion removed /+3V3 a956e7ff
motion removed /+3V3 49821306
motion removed /+3V3 4d62bb4f
motion removed /+3V3 ac310665
motion removed /GND bbc370bb
04:26:15 AM: Debug: Adding duplicate image handler for 'PNG file'
04:26:15 AM: Debug: Adding duplicate image handler for 'JPEG file'
04:26:15 AM: Debug: Adding duplicate image handler for 'TIFF file'
04:26:15 AM: Debug: Adding duplicate image handler for 'GIF file'
04:26:15 AM: Debug: Adding duplicate image handler for 'PNM file'
04:26:15 AM: Debug: Adding duplicate image handler for 'PCX file'
04:26:15 AM: Debug: Adding duplicate image handler for 'IFF file'
04:26:15 AM: Debug: Adding duplicate image handler for 'Windows icon file'
04:26:15 AM: Debug: Adding duplicate image handler for 'Windows cursor file'
04:26:15 AM: Debug: Adding duplicate image handler for 'Windows animated cursor file'
04:26:15 AM: Debug: Adding duplicate image handler for 'TGA file'
04:26:15 AM: Debug: Adding duplicate image handler for 'XPM file'
motion removed /+3V3 333e2ddd
motion removed /+3V3 8873d648
motion removed /+3V3 ab1af19c
motion removed /GND 608eda1f
motion removed /GND 25ab086b
04:26:27 AM: Debug: Adding duplicate image handler for 'PNG file'
04:26:27 AM: Debug: Adding duplicate image handler for 'JPEG file'
04:26:27 AM: Debug: Adding duplicate image handler for 'TIFF file'
04:26:27 AM: Debug: Adding duplicate image handler for 'GIF file'
04:26:27 AM: Debug: Adding duplicate image handler for 'PNM file'
04:26:27 AM: Debug: Adding duplicate image handler for 'PCX file'
04:26:27 AM: Debug: Adding duplicate image handler for 'IFF file'
04:26:27 AM: Debug: Adding duplicate image handler for 'Windows icon file'
04:26:27 AM: Debug: Adding duplicate image handler for 'Windows cursor file'
04:26:27 AM: Debug: Adding duplicate image handler for 'Windows animated cursor file'
04:26:27 AM: Debug: Adding duplicate image handler for 'TGA file'
04:26:27 AM: Debug: Adding duplicate image handler for 'XPM file'
motion removed /GND 4f02c897
04:26:31 AM: Debug: Adding duplicate image handler for 'PNG file'
04:26:31 AM: Debug: Adding duplicate image handler for 'JPEG file'
04:26:31 AM: Debug: Adding duplicate image handler for 'TIFF file'
04:26:31 AM: Debug: Adding duplicate image handler for 'GIF file'
04:26:31 AM: Debug: Adding duplicate image handler for 'PNM file'
04:26:31 AM: Debug: Adding duplicate image handler for 'PCX file'
04:26:31 AM: Debug: Adding duplicate image handler for 'IFF file'
04:26:31 AM: Debug: Adding duplicate image handler for 'Windows icon file'
04:26:31 AM: Debug: Adding duplicate image handler for 'Windows cursor file'
04:26:31 AM: Debug: Adding duplicate image handler for 'Windows animated cursor file'
04:26:31 AM: Debug: Adding duplicate image handler for 'TGA file'
04:26:31 AM: Debug: Adding duplicate image handler for 'XPM file'
04:26:33 AM: Debug: Adding duplicate image handler for 'PNG file'
04:26:33 AM: Debug: Adding duplicate image handler for 'JPEG file'
04:26:33 AM: Debug: Adding duplicate image handler for 'TIFF file'
04:26:33 AM: Debug: Adding duplicate image handler for 'GIF file'
04:26:33 AM: Debug: Adding duplicate image handler for 'PNM file'
04:26:33 AM: Debug: Adding duplicate image handler for 'PCX file'
04:26:33 AM: Debug: Adding duplicate image handler for 'IFF file'
04:26:33 AM: Debug: Adding duplicate image handler for 'Windows icon file'
04:26:33 AM: Debug: Adding duplicate image handler for 'Windows cursor file'
04:26:33 AM: Debug: Adding duplicate image handler for 'Windows animated cursor file'
04:26:33 AM: Debug: Adding duplicate image handler for 'TGA file'
04:26:33 AM: Debug: Adding duplicate image handler for 'XPM file'
motion removed /GND e8bb33cb
motion removed /GND 46d23874
motion removed /+3V3 5c44df1a
motion removed /+3V3 d1e607e8
04:26:44 AM: Debug: Adding duplicate image handler for 'PNG file'
04:26:44 AM: Debug: Adding duplicate image handler for 'JPEG file'
04:26:44 AM: Debug: Adding duplicate image handler for 'TIFF file'
04:26:44 AM: Debug: Adding duplicate image handler for 'GIF file'
04:26:44 AM: Debug: Adding duplicate image handler for 'PNM file'
04:26:44 AM: Debug: Adding duplicate image handler for 'PCX file'
04:26:44 AM: Debug: Adding duplicate image handler for 'IFF file'
04:26:44 AM: Debug: Adding duplicate image handler for 'Windows icon file'
04:26:44 AM: Debug: Adding duplicate image handler for 'Windows cursor file'
04:26:44 AM: Debug: Adding duplicate image handler for 'Windows animated cursor file'
04:26:44 AM: Debug: Adding duplicate image handler for 'TGA file'
04:26:44 AM: Debug: Adding duplicate image handler for 'XPM file'
motion removed /+3V3 398ba1e8
motion removed /+3V3 14972645
motion removed /+3V3 7f1b4aa5
04:26:52 AM: Debug: Adding duplicate image handler for 'PNG file'
04:26:52 AM: Debug: Adding duplicate image handler for 'JPEG file'
04:26:52 AM: Debug: Adding duplicate image handler for 'TIFF file'
04:26:52 AM: Debug: Adding duplicate image handler for 'GIF file'
04:26:52 AM: Debug: Adding duplicate image handler for 'PNM file'
04:26:52 AM: Debug: Adding duplicate image handler for 'PCX file'
04:26:52 AM: Debug: Adding duplicate image handler for 'IFF file'
04:26:52 AM: Debug: Adding duplicate image handler for 'Windows icon file'
04:26:52 AM: Debug: Adding duplicate image handler for 'Windows cursor file'
04:26:52 AM: Debug: Adding duplicate image handler for 'Windows animated cursor file'
04:26:52 AM: Debug: Adding duplicate image handler for 'TGA file'
04:26:52 AM: Debug: Adding duplicate image handler for 'XPM file'
04:26:54 AM: Debug: Adding duplicate image handler for 'PNG file'
04:26:54 AM: Debug: Adding duplicate image handler for 'JPEG file'
04:26:54 AM: Debug: Adding duplicate image handler for 'TIFF file'
04:26:54 AM: Debug: Adding duplicate image handler for 'GIF file'
04:26:54 AM: Debug: Adding duplicate image handler for 'PNM file'
04:26:54 AM: Debug: Adding duplicate image handler for 'PCX file'
04:26:54 AM: Debug: Adding duplicate image handler for 'IFF file'
04:26:54 AM: Debug: Adding duplicate image handler for 'Windows icon file'
04:26:54 AM: Debug: Adding duplicate image handler for 'Windows cursor file'
04:26:54 AM: Debug: Adding duplicate image handler for 'Windows animated cursor file'
04:26:54 AM: Debug: Adding duplicate image handler for 'TGA file'
04:26:54 AM: Debug: Adding duplicate image handler for 'XPM file'
motion removed /GND 45bbda3e
motion removed /GND 41d52125
motion removed /GND b0ff5cf4
motion removed /GND 34dc0581
04:27:04 AM: Debug: Adding duplicate image handler for 'PNG file'
04:27:04 AM: Debug: Adding duplicate image handler for 'JPEG file'
04:27:04 AM: Debug: Adding duplicate image handler for 'TIFF file'
04:27:04 AM: Debug: Adding duplicate image handler for 'GIF file'
04:27:04 AM: Debug: Adding duplicate image handler for 'PNM file'
04:27:04 AM: Debug: Adding duplicate image handler for 'PCX file'
04:27:04 AM: Debug: Adding duplicate image handler for 'IFF file'
04:27:04 AM: Debug: Adding duplicate image handler for 'Windows icon file'
04:27:04 AM: Debug: Adding duplicate image handler for 'Windows cursor file'
04:27:04 AM: Debug: Adding duplicate image handler for 'Windows animated cursor file'
04:27:04 AM: Debug: Adding duplicate image handler for 'TGA file'
04:27:04 AM: Debug: Adding duplicate image handler for 'XPM file'
04:27:06 AM: Debug: Adding duplicate image handler for 'PNG file'
04:27:06 AM: Debug: Adding duplicate image handler for 'JPEG file'
04:27:06 AM: Debug: Adding duplicate image handler for 'TIFF file'
04:27:06 AM: Debug: Adding duplicate image handler for 'GIF file'
04:27:06 AM: Debug: Adding duplicate image handler for 'PNM file'
04:27:06 AM: Debug: Adding duplicate image handler for 'PCX file'
04:27:06 AM: Debug: Adding duplicate image handler for 'IFF file'
04:27:06 AM: Debug: Adding duplicate image handler for 'Windows icon file'
04:27:06 AM: Debug: Adding duplicate image handler for 'Windows cursor file'
04:27:06 AM: Debug: Adding duplicate image handler for 'Windows animated cursor file'
04:27:06 AM: Debug: Adding duplicate image handler for 'TGA file'
04:27:06 AM: Debug: Adding duplicate image handler for 'XPM file'
04:27:08 AM: Debug: Adding duplicate image handler for 'PNG file'
04:27:08 AM: Debug: Adding duplicate image handler for 'JPEG file'
04:27:08 AM: Debug: Adding duplicate image handler for 'TIFF file'
04:27:08 AM: Debug: Adding duplicate image handler for 'GIF file'
04:27:08 AM: Debug: Adding duplicate image handler for 'PNM file'
04:27:08 AM: Debug: Adding duplicate image handler for 'PCX file'
04:27:08 AM: Debug: Adding duplicate image handler for 'IFF file'
04:27:08 AM: Debug: Adding duplicate image handler for 'Windows icon file'
04:27:08 AM: Debug: Adding duplicate image handler for 'Windows cursor file'
04:27:08 AM: Debug: Adding duplicate image handler for 'Windows animated cursor file'
04:27:08 AM: Debug: Adding duplicate image handler for 'TGA file'
04:27:08 AM: Debug: Adding duplicate image handler for 'XPM file'
motion native cleanup 183 accepted edits Counter({'track_angle': 22, 'silk_over_copper': 6, 'track_dangling': 4, 'track_not_centered_on_via': 4, 'starved_thermal': 3, 'silk_overlap': 1}) unconnected 2
