./src/common/stdpbase.cpp(59): assert ""traits"" failed in Get(): create wxApp before calling this
motion centred /CHG_N
motion centred /+3V3
motion centred /+3V3
motion removed /IMU_CS c144c91b
motion removed /IMU_CS 61f5729b
04:35:01 AM: Debug: Adding duplicate image handler for 'PNG file'
04:35:01 AM: Debug: Adding duplicate image handler for 'JPEG file'
04:35:01 AM: Debug: Adding duplicate image handler for 'TIFF file'
04:35:01 AM: Debug: Adding duplicate image handler for 'GIF file'
04:35:01 AM: Debug: Adding duplicate image handler for 'PNM file'
04:35:01 AM: Debug: Adding duplicate image handler for 'PCX file'
04:35:01 AM: Debug: Adding duplicate image handler for 'IFF file'
04:35:01 AM: Debug: Adding duplicate image handler for 'Windows icon file'
04:35:01 AM: Debug: Adding duplicate image handler for 'Windows cursor file'
04:35:01 AM: Debug: Adding duplicate image handler for 'Windows animated cursor file'
04:35:01 AM: Debug: Adding duplicate image handler for 'TGA file'
04:35:01 AM: Debug: Adding duplicate image handler for 'XPM file'
04:35:03 AM: Debug: Adding duplicate image handler for 'PNG file'
04:35:03 AM: Debug: Adding duplicate image handler for 'JPEG file'
04:35:03 AM: Debug: Adding duplicate image handler for 'TIFF file'
04:35:03 AM: Debug: Adding duplicate image handler for 'GIF file'
04:35:03 AM: Debug: Adding duplicate image handler for 'PNM file'
04:35:03 AM: Debug: Adding duplicate image handler for 'PCX file'
04:35:03 AM: Debug: Adding duplicate image handler for 'IFF file'
04:35:03 AM: Debug: Adding duplicate image handler for 'Windows icon file'
04:35:03 AM: Debug: Adding duplicate image handler for 'Windows cursor file'
04:35:03 AM: Debug: Adding duplicate image handler for 'Windows animated cursor file'
04:35:03 AM: Debug: Adding duplicate image handler for 'TGA file'
04:35:03 AM: Debug: Adding duplicate image handler for 'XPM file'
04:35:05 AM: Debug: Adding duplicate image handler for 'PNG file'
04:35:05 AM: Debug: Adding duplicate image handler for 'JPEG file'
04:35:05 AM: Debug: Adding duplicate image handler for 'TIFF file'
04:35:05 AM: Debug: Adding duplicate image handler for 'GIF file'
04:35:05 AM: Debug: Adding duplicate image handler for 'PNM file'
04:35:05 AM: Debug: Adding duplicate image handler for 'PCX file'
04:35:05 AM: Debug: Adding duplicate image handler for 'IFF file'
04:35:05 AM: Debug: Adding duplicate image handler for 'Windows icon file'
04:35:05 AM: Debug: Adding duplicate image handler for 'Windows cursor file'
04:35:05 AM: Debug: Adding duplicate image handler for 'Windows animated cursor file'
04:35:05 AM: Debug: Adding duplicate image handler for 'TGA file'
04:35:05 AM: Debug: Adding duplicate image handler for 'XPM file'
04:35:07 AM: Debug: Adding duplicate image handler for 'PNG file'
04:35:07 AM: Debug: Adding duplicate image handler for 'JPEG file'
04:35:07 AM: Debug: Adding duplicate image handler for 'TIFF file'
04:35:07 AM: Debug: Adding duplicate image handler for 'GIF file'
04:35:07 AM: Debug: Adding duplicate image handler for 'PNM file'
04:35:07 AM: Debug: Adding duplicate image handler for 'PCX file'
04:35:07 AM: Debug: Adding duplicate image handler for 'IFF file'
04:35:07 AM: Debug: Adding duplicate image handler for 'Windows icon file'
04:35:07 AM: Debug: Adding duplicate image handler for 'Windows cursor file'
04:35:07 AM: Debug: Adding duplicate image handler for 'Windows animated cursor file'
04:35:07 AM: Debug: Adding duplicate image handler for 'TGA file'
04:35:07 AM: Debug: Adding duplicate image handler for 'XPM file'
04:35:10 AM: Debug: Adding duplicate image handler for 'PNG file'
04:35:10 AM: Debug: Adding duplicate image handler for 'JPEG file'
04:35:10 AM: Debug: Adding duplicate image handler for 'TIFF file'
04:35:10 AM: Debug: Adding duplicate image handler for 'GIF file'
04:35:10 AM: Debug: Adding duplicate image handler for 'PNM file'
04:35:10 AM: Debug: Adding duplicate image handler for 'PCX file'
04:35:10 AM: Debug: Adding duplicate image handler for 'IFF file'
04:35:10 AM: Debug: Adding duplicate image handler for 'Windows icon file'
04:35:10 AM: Debug: Adding duplicate image handler for 'Windows cursor file'
04:35:10 AM: Debug: Adding duplicate image handler for 'Windows animated cursor file'
04:35:10 AM: Debug: Adding duplicate image handler for 'TGA file'
04:35:10 AM: Debug: Adding duplicate image handler for 'XPM file'
04:35:11 AM: Debug: Adding duplicate image handler for 'PNG file'
04:35:11 AM: Debug: Adding duplicate image handler for 'JPEG file'
04:35:11 AM: Debug: Adding duplicate image handler for 'TIFF file'
04:35:11 AM: Debug: Adding duplicate image handler for 'GIF file'
04:35:11 AM: Debug: Adding duplicate image handler for 'PNM file'
04:35:11 AM: Debug: Adding duplicate image handler for 'PCX file'
04:35:11 AM: Debug: Adding duplicate image handler for 'IFF file'
04:35:11 AM: Debug: Adding duplicate image handler for 'Windows icon file'
04:35:11 AM: Debug: Adding duplicate image handler for 'Windows cursor file'
04:35:11 AM: Debug: Adding duplicate image handler for 'Windows animated cursor file'
04:35:11 AM: Debug: Adding duplicate image handler for 'TGA file'
04:35:11 AM: Debug: Adding duplicate image handler for 'XPM file'
04:35:14 AM: Debug: Adding duplicate image handler for 'PNG file'
04:35:14 AM: Debug: Adding duplicate image handler for 'JPEG file'
04:35:14 AM: Debug: Adding duplicate image handler for 'TIFF file'
04:35:14 AM: Debug: Adding duplicate image handler for 'GIF file'
04:35:14 AM: Debug: Adding duplicate image handler for 'PNM file'
04:35:14 AM: Debug: Adding duplicate image handler for 'PCX file'
04:35:14 AM: Debug: Adding duplicate image handler for 'IFF file'
04:35:14 AM: Debug: Adding duplicate image handler for 'Windows icon file'
04:35:14 AM: Debug: Adding duplicate image handler for 'Windows cursor file'
04:35:14 AM: Debug: Adding duplicate image handler for 'Windows animated cursor file'
04:35:14 AM: Debug: Adding duplicate image handler for 'TGA file'
04:35:14 AM: Debug: Adding duplicate image handler for 'XPM file'
04:35:16 AM: Debug: Adding duplicate image handler for 'PNG file'
04:35:16 AM: Debug: Adding duplicate image handler for 'JPEG file'
04:35:16 AM: Debug: Adding duplicate image handler for 'TIFF file'
04:35:16 AM: Debug: Adding duplicate image handler for 'GIF file'
04:35:16 AM: Debug: Adding duplicate image handler for 'PNM file'
04:35:16 AM: Debug: Adding duplicate image handler for 'PCX file'
04:35:16 AM: Debug: Adding duplicate image handler for 'IFF file'
04:35:16 AM: Debug: Adding duplicate image handler for 'Windows icon file'
04:35:16 AM: Debug: Adding duplicate image handler for 'Windows cursor file'
04:35:16 AM: Debug: Adding duplicate image handler for 'Windows animated cursor file'
04:35:16 AM: Debug: Adding duplicate image handler for 'TGA file'
04:35:16 AM: Debug: Adding duplicate image handler for 'XPM file'
04:35:17 AM: Debug: Adding duplicate image handler for 'PNG file'
04:35:17 AM: Debug: Adding duplicate image handler for 'JPEG file'
04:35:17 AM: Debug: Adding duplicate image handler for 'TIFF file'
04:35:17 AM: Debug: Adding duplicate image handler for 'GIF file'
04:35:17 AM: Debug: Adding duplicate image handler for 'PNM file'
04:35:17 AM: Debug: Adding duplicate image handler for 'PCX file'
04:35:17 AM: Debug: Adding duplicate image handler for 'IFF file'
04:35:17 AM: Debug: Adding duplicate image handler for 'Windows icon file'
04:35:17 AM: Debug: Adding duplicate image handler for 'Windows cursor file'
04:35:17 AM: Debug: Adding duplicate image handler for 'Windows animated cursor file'
04:35:17 AM: Debug: Adding duplicate image handler for 'TGA file'
04:35:17 AM: Debug: Adding duplicate image handler for 'XPM file'
04:35:19 AM: Debug: Adding duplicate image handler for 'PNG file'
04:35:19 AM: Debug: Adding duplicate image handler for 'JPEG file'
04:35:19 AM: Debug: Adding duplicate image handler for 'TIFF file'
04:35:19 AM: Debug: Adding duplicate image handler for 'GIF file'
04:35:19 AM: Debug: Adding duplicate image handler for 'PNM file'
04:35:19 AM: Debug: Adding duplicate image handler for 'PCX file'
04:35:19 AM: Debug: Adding duplicate image handler for 'IFF file'
04:35:19 AM: Debug: Adding duplicate image handler for 'Windows icon file'
04:35:19 AM: Debug: Adding duplicate image handler for 'Windows cursor file'
04:35:19 AM: Debug: Adding duplicate image handler for 'Windows animated cursor file'
04:35:19 AM: Debug: Adding duplicate image handler for 'TGA file'
04:35:19 AM: Debug: Adding duplicate image handler for 'XPM file'
motion native cleanup 5 accepted edits Counter({'track_angle': 10, 'silk_over_copper': 6, 'track_dangling': 3, 'track_not_centered_on_via': 1, 'silk_overlap': 1}) unconnected 0
