./src/common/stdpbase.cpp(59): assert ""traits"" failed in Get(): create wxApp before calling this
motion pruned 0 21
03:34:41 AM: Debug: Adding duplicate image handler for 'PNG file'
03:34:41 AM: Debug: Adding duplicate image handler for 'JPEG file'
03:34:41 AM: Debug: Adding duplicate image handler for 'TIFF file'
03:34:41 AM: Debug: Adding duplicate image handler for 'GIF file'
03:34:41 AM: Debug: Adding duplicate image handler for 'PNM file'
03:34:41 AM: Debug: Adding duplicate image handler for 'PCX file'
03:34:41 AM: Debug: Adding duplicate image handler for 'IFF file'
03:34:41 AM: Debug: Adding duplicate image handler for 'Windows icon file'
03:34:41 AM: Debug: Adding duplicate image handler for 'Windows cursor file'
03:34:41 AM: Debug: Adding duplicate image handler for 'Windows animated cursor file'
03:34:41 AM: Debug: Adding duplicate image handler for 'TGA file'
03:34:41 AM: Debug: Adding duplicate image handler for 'XPM file'
motion pruned 1 15
03:34:43 AM: Debug: Adding duplicate image handler for 'PNG file'
03:34:43 AM: Debug: Adding duplicate image handler for 'JPEG file'
03:34:43 AM: Debug: Adding duplicate image handler for 'TIFF file'
03:34:43 AM: Debug: Adding duplicate image handler for 'GIF file'
03:34:43 AM: Debug: Adding duplicate image handler for 'PNM file'
03:34:43 AM: Debug: Adding duplicate image handler for 'PCX file'
03:34:43 AM: Debug: Adding duplicate image handler for 'IFF file'
03:34:43 AM: Debug: Adding duplicate image handler for 'Windows icon file'
03:34:43 AM: Debug: Adding duplicate image handler for 'Windows cursor file'
03:34:43 AM: Debug: Adding duplicate image handler for 'Windows animated cursor file'
03:34:43 AM: Debug: Adding duplicate image handler for 'TGA file'
03:34:43 AM: Debug: Adding duplicate image handler for 'XPM file'
motion pruned 2 10
03:34:45 AM: Debug: Adding duplicate image handler for 'PNG file'
03:34:45 AM: Debug: Adding duplicate image handler for 'JPEG file'
03:34:45 AM: Debug: Adding duplicate image handler for 'TIFF file'
03:34:45 AM: Debug: Adding duplicate image handler for 'GIF file'
03:34:45 AM: Debug: Adding duplicate image handler for 'PNM file'
03:34:45 AM: Debug: Adding duplicate image handler for 'PCX file'
03:34:45 AM: Debug: Adding duplicate image handler for 'IFF file'
03:34:45 AM: Debug: Adding duplicate image handler for 'Windows icon file'
03:34:45 AM: Debug: Adding duplicate image handler for 'Windows cursor file'
03:34:45 AM: Debug: Adding duplicate image handler for 'Windows animated cursor file'
03:34:45 AM: Debug: Adding duplicate image handler for 'TGA file'
03:34:45 AM: Debug: Adding duplicate image handler for 'XPM file'
motion pruned 3 9
03:34:47 AM: Debug: Adding duplicate image handler for 'PNG file'
03:34:47 AM: Debug: Adding duplicate image handler for 'JPEG file'
03:34:47 AM: Debug: Adding duplicate image handler for 'TIFF file'
03:34:47 AM: Debug: Adding duplicate image handler for 'GIF file'
03:34:47 AM: Debug: Adding duplicate image handler for 'PNM file'
03:34:47 AM: Debug: Adding duplicate image handler for 'PCX file'
03:34:47 AM: Debug: Adding duplicate image handler for 'IFF file'
03:34:47 AM: Debug: Adding duplicate image handler for 'Windows icon file'
03:34:47 AM: Debug: Adding duplicate image handler for 'Windows cursor file'
03:34:47 AM: Debug: Adding duplicate image handler for 'Windows animated cursor file'
03:34:47 AM: Debug: Adding duplicate image handler for 'TGA file'
03:34:47 AM: Debug: Adding duplicate image handler for 'XPM file'
motion pruned 4 8
03:34:49 AM: Debug: Adding duplicate image handler for 'PNG file'
03:34:49 AM: Debug: Adding duplicate image handler for 'JPEG file'
03:34:49 AM: Debug: Adding duplicate image handler for 'TIFF file'
03:34:49 AM: Debug: Adding duplicate image handler for 'GIF file'
03:34:49 AM: Debug: Adding duplicate image handler for 'PNM file'
03:34:49 AM: Debug: Adding duplicate image handler for 'PCX file'
03:34:49 AM: Debug: Adding duplicate image handler for 'IFF file'
03:34:49 AM: Debug: Adding duplicate image handler for 'Windows icon file'
03:34:49 AM: Debug: Adding duplicate image handler for 'Windows cursor file'
03:34:49 AM: Debug: Adding duplicate image handler for 'Windows animated cursor file'
03:34:49 AM: Debug: Adding duplicate image handler for 'TGA file'
03:34:49 AM: Debug: Adding duplicate image handler for 'XPM file'
motion pruned 5 8
03:34:51 AM: Debug: Adding duplicate image handler for 'PNG file'
03:34:51 AM: Debug: Adding duplicate image handler for 'JPEG file'
03:34:51 AM: Debug: Adding duplicate image handler for 'TIFF file'
03:34:51 AM: Debug: Adding duplicate image handler for 'GIF file'
03:34:51 AM: Debug: Adding duplicate image handler for 'PNM file'
03:34:51 AM: Debug: Adding duplicate image handler for 'PCX file'
03:34:51 AM: Debug: Adding duplicate image handler for 'IFF file'
03:34:51 AM: Debug: Adding duplicate image handler for 'Windows icon file'
03:34:51 AM: Debug: Adding duplicate image handler for 'Windows cursor file'
03:34:51 AM: Debug: Adding duplicate image handler for 'Windows animated cursor file'
03:34:51 AM: Debug: Adding duplicate image handler for 'TGA file'
03:34:51 AM: Debug: Adding duplicate image handler for 'XPM file'
motion pruned 6 7
03:34:53 AM: Debug: Adding duplicate image handler for 'PNG file'
03:34:53 AM: Debug: Adding duplicate image handler for 'JPEG file'
03:34:53 AM: Debug: Adding duplicate image handler for 'TIFF file'
03:34:53 AM: Debug: Adding duplicate image handler for 'GIF file'
03:34:53 AM: Debug: Adding duplicate image handler for 'PNM file'
03:34:53 AM: Debug: Adding duplicate image handler for 'PCX file'
03:34:53 AM: Debug: Adding duplicate image handler for 'IFF file'
03:34:53 AM: Debug: Adding duplicate image handler for 'Windows icon file'
03:34:53 AM: Debug: Adding duplicate image handler for 'Windows cursor file'
03:34:53 AM: Debug: Adding duplicate image handler for 'Windows animated cursor file'
03:34:53 AM: Debug: Adding duplicate image handler for 'TGA file'
03:34:53 AM: Debug: Adding duplicate image handler for 'XPM file'
motion pruned 7 7
03:34:55 AM: Debug: Adding duplicate image handler for 'PNG file'
03:34:55 AM: Debug: Adding duplicate image handler for 'JPEG file'
03:34:55 AM: Debug: Adding duplicate image handler for 'TIFF file'
03:34:55 AM: Debug: Adding duplicate image handler for 'GIF file'
03:34:55 AM: Debug: Adding duplicate image handler for 'PNM file'
03:34:55 AM: Debug: Adding duplicate image handler for 'PCX file'
03:34:55 AM: Debug: Adding duplicate image handler for 'IFF file'
03:34:55 AM: Debug: Adding duplicate image handler for 'Windows icon file'
03:34:55 AM: Debug: Adding duplicate image handler for 'Windows cursor file'
03:34:55 AM: Debug: Adding duplicate image handler for 'Windows animated cursor file'
03:34:55 AM: Debug: Adding duplicate image handler for 'TGA file'
03:34:55 AM: Debug: Adding duplicate image handler for 'XPM file'
motion pruned 8 7
03:34:57 AM: Debug: Adding duplicate image handler for 'PNG file'
03:34:57 AM: Debug: Adding duplicate image handler for 'JPEG file'
03:34:57 AM: Debug: Adding duplicate image handler for 'TIFF file'
03:34:57 AM: Debug: Adding duplicate image handler for 'GIF file'
03:34:57 AM: Debug: Adding duplicate image handler for 'PNM file'
03:34:57 AM: Debug: Adding duplicate image handler for 'PCX file'
03:34:57 AM: Debug: Adding duplicate image handler for 'IFF file'
03:34:57 AM: Debug: Adding duplicate image handler for 'Windows icon file'
03:34:57 AM: Debug: Adding duplicate image handler for 'Windows cursor file'
03:34:57 AM: Debug: Adding duplicate image handler for 'Windows animated cursor file'
03:34:57 AM: Debug: Adding duplicate image handler for 'TGA file'
03:34:57 AM: Debug: Adding duplicate image handler for 'XPM file'
motion pruned 9 7
03:34:59 AM: Debug: Adding duplicate image handler for 'PNG file'
03:34:59 AM: Debug: Adding duplicate image handler for 'JPEG file'
03:34:59 AM: Debug: Adding duplicate image handler for 'TIFF file'
03:34:59 AM: Debug: Adding duplicate image handler for 'GIF file'
03:34:59 AM: Debug: Adding duplicate image handler for 'PNM file'
03:34:59 AM: Debug: Adding duplicate image handler for 'PCX file'
03:34:59 AM: Debug: Adding duplicate image handler for 'IFF file'
03:34:59 AM: Debug: Adding duplicate image handler for 'Windows icon file'
03:34:59 AM: Debug: Adding duplicate image handler for 'Windows cursor file'
03:34:59 AM: Debug: Adding duplicate image handler for 'Windows animated cursor file'
03:34:59 AM: Debug: Adding duplicate image handler for 'TGA file'
03:34:59 AM: Debug: Adding duplicate image handler for 'XPM file'
motion pruned 10 6
03:35:01 AM: Debug: Adding duplicate image handler for 'PNG file'
03:35:01 AM: Debug: Adding duplicate image handler for 'JPEG file'
03:35:01 AM: Debug: Adding duplicate image handler for 'TIFF file'
03:35:01 AM: Debug: Adding duplicate image handler for 'GIF file'
03:35:01 AM: Debug: Adding duplicate image handler for 'PNM file'
03:35:01 AM: Debug: Adding duplicate image handler for 'PCX file'
03:35:01 AM: Debug: Adding duplicate image handler for 'IFF file'
03:35:01 AM: Debug: Adding duplicate image handler for 'Windows icon file'
03:35:01 AM: Debug: Adding duplicate image handler for 'Windows cursor file'
03:35:01 AM: Debug: Adding duplicate image handler for 'Windows animated cursor file'
03:35:01 AM: Debug: Adding duplicate image handler for 'TGA file'
03:35:01 AM: Debug: Adding duplicate image handler for 'XPM file'
motion pruned 11 6
03:35:03 AM: Debug: Adding duplicate image handler for 'PNG file'
03:35:03 AM: Debug: Adding duplicate image handler for 'JPEG file'
03:35:03 AM: Debug: Adding duplicate image handler for 'TIFF file'
03:35:03 AM: Debug: Adding duplicate image handler for 'GIF file'
03:35:03 AM: Debug: Adding duplicate image handler for 'PNM file'
03:35:03 AM: Debug: Adding duplicate image handler for 'PCX file'
03:35:03 AM: Debug: Adding duplicate image handler for 'IFF file'
03:35:03 AM: Debug: Adding duplicate image handler for 'Windows icon file'
03:35:03 AM: Debug: Adding duplicate image handler for 'Windows cursor file'
03:35:03 AM: Debug: Adding duplicate image handler for 'Windows animated cursor file'
03:35:03 AM: Debug: Adding duplicate image handler for 'TGA file'
03:35:03 AM: Debug: Adding duplicate image handler for 'XPM file'
motion pruned 12 5
03:35:05 AM: Debug: Adding duplicate image handler for 'PNG file'
03:35:05 AM: Debug: Adding duplicate image handler for 'JPEG file'
03:35:05 AM: Debug: Adding duplicate image handler for 'TIFF file'
03:35:05 AM: Debug: Adding duplicate image handler for 'GIF file'
03:35:05 AM: Debug: Adding duplicate image handler for 'PNM file'
03:35:05 AM: Debug: Adding duplicate image handler for 'PCX file'
03:35:05 AM: Debug: Adding duplicate image handler for 'IFF file'
03:35:05 AM: Debug: Adding duplicate image handler for 'Windows icon file'
03:35:05 AM: Debug: Adding duplicate image handler for 'Windows cursor file'
03:35:05 AM: Debug: Adding duplicate image handler for 'Windows animated cursor file'
03:35:05 AM: Debug: Adding duplicate image handler for 'TGA file'
03:35:05 AM: Debug: Adding duplicate image handler for 'XPM file'
motion pruned 13 5
03:35:07 AM: Debug: Adding duplicate image handler for 'PNG file'
03:35:07 AM: Debug: Adding duplicate image handler for 'JPEG file'
03:35:07 AM: Debug: Adding duplicate image handler for 'TIFF file'
03:35:07 AM: Debug: Adding duplicate image handler for 'GIF file'
03:35:07 AM: Debug: Adding duplicate image handler for 'PNM file'
03:35:07 AM: Debug: Adding duplicate image handler for 'PCX file'
03:35:07 AM: Debug: Adding duplicate image handler for 'IFF file'
03:35:07 AM: Debug: Adding duplicate image handler for 'Windows icon file'
03:35:07 AM: Debug: Adding duplicate image handler for 'Windows cursor file'
03:35:07 AM: Debug: Adding duplicate image handler for 'Windows animated cursor file'
03:35:07 AM: Debug: Adding duplicate image handler for 'TGA file'
03:35:07 AM: Debug: Adding duplicate image handler for 'XPM file'
motion pruned 14 5
03:35:09 AM: Debug: Adding duplicate image handler for 'PNG file'
03:35:09 AM: Debug: Adding duplicate image handler for 'JPEG file'
03:35:09 AM: Debug: Adding duplicate image handler for 'TIFF file'
03:35:09 AM: Debug: Adding duplicate image handler for 'GIF file'
03:35:09 AM: Debug: Adding duplicate image handler for 'PNM file'
03:35:09 AM: Debug: Adding duplicate image handler for 'PCX file'
03:35:09 AM: Debug: Adding duplicate image handler for 'IFF file'
03:35:09 AM: Debug: Adding duplicate image handler for 'Windows icon file'
03:35:09 AM: Debug: Adding duplicate image handler for 'Windows cursor file'
03:35:09 AM: Debug: Adding duplicate image handler for 'Windows animated cursor file'
03:35:09 AM: Debug: Adding duplicate image handler for 'TGA file'
03:35:09 AM: Debug: Adding duplicate image handler for 'XPM file'
motion pruned 15 3
03:35:11 AM: Debug: Adding duplicate image handler for 'PNG file'
03:35:11 AM: Debug: Adding duplicate image handler for 'JPEG file'
03:35:11 AM: Debug: Adding duplicate image handler for 'TIFF file'
03:35:11 AM: Debug: Adding duplicate image handler for 'GIF file'
03:35:11 AM: Debug: Adding duplicate image handler for 'PNM file'
03:35:11 AM: Debug: Adding duplicate image handler for 'PCX file'
03:35:11 AM: Debug: Adding duplicate image handler for 'IFF file'
03:35:11 AM: Debug: Adding duplicate image handler for 'Windows icon file'
03:35:11 AM: Debug: Adding duplicate image handler for 'Windows cursor file'
03:35:11 AM: Debug: Adding duplicate image handler for 'Windows animated cursor file'
03:35:11 AM: Debug: Adding duplicate image handler for 'TGA file'
03:35:11 AM: Debug: Adding duplicate image handler for 'XPM file'
motion pruned 16 3
03:35:13 AM: Debug: Adding duplicate image handler for 'PNG file'
03:35:13 AM: Debug: Adding duplicate image handler for 'JPEG file'
03:35:13 AM: Debug: Adding duplicate image handler for 'TIFF file'
03:35:13 AM: Debug: Adding duplicate image handler for 'GIF file'
03:35:13 AM: Debug: Adding duplicate image handler for 'PNM file'
03:35:13 AM: Debug: Adding duplicate image handler for 'PCX file'
03:35:13 AM: Debug: Adding duplicate image handler for 'IFF file'
03:35:13 AM: Debug: Adding duplicate image handler for 'Windows icon file'
03:35:13 AM: Debug: Adding duplicate image handler for 'Windows cursor file'
03:35:13 AM: Debug: Adding duplicate image handler for 'Windows animated cursor file'
03:35:13 AM: Debug: Adding duplicate image handler for 'TGA file'
03:35:13 AM: Debug: Adding duplicate image handler for 'XPM file'
motion pruned 17 2
