./src/common/stdpbase.cpp(59): assert ""traits"" failed in Get(): create wxApp before calling this
motion pruned 0 49
03:29:07 AM: Debug: Adding duplicate image handler for 'PNG file'
03:29:07 AM: Debug: Adding duplicate image handler for 'JPEG file'
03:29:07 AM: Debug: Adding duplicate image handler for 'TIFF file'
03:29:07 AM: Debug: Adding duplicate image handler for 'GIF file'
03:29:07 AM: Debug: Adding duplicate image handler for 'PNM file'
03:29:07 AM: Debug: Adding duplicate image handler for 'PCX file'
03:29:07 AM: Debug: Adding duplicate image handler for 'IFF file'
03:29:07 AM: Debug: Adding duplicate image handler for 'Windows icon file'
03:29:07 AM: Debug: Adding duplicate image handler for 'Windows cursor file'
03:29:07 AM: Debug: Adding duplicate image handler for 'Windows animated cursor file'
03:29:07 AM: Debug: Adding duplicate image handler for 'TGA file'
03:29:07 AM: Debug: Adding duplicate image handler for 'XPM file'
motion pruned 1 41
03:29:08 AM: Debug: Adding duplicate image handler for 'PNG file'
03:29:08 AM: Debug: Adding duplicate image handler for 'JPEG file'
03:29:08 AM: Debug: Adding duplicate image handler for 'TIFF file'
03:29:08 AM: Debug: Adding duplicate image handler for 'GIF file'
03:29:08 AM: Debug: Adding duplicate image handler for 'PNM file'
03:29:08 AM: Debug: Adding duplicate image handler for 'PCX file'
03:29:08 AM: Debug: Adding duplicate image handler for 'IFF file'
03:29:08 AM: Debug: Adding duplicate image handler for 'Windows icon file'
03:29:08 AM: Debug: Adding duplicate image handler for 'Windows cursor file'
03:29:08 AM: Debug: Adding duplicate image handler for 'Windows animated cursor file'
03:29:08 AM: Debug: Adding duplicate image handler for 'TGA file'
03:29:08 AM: Debug: Adding duplicate image handler for 'XPM file'
motion pruned 2 37
03:29:10 AM: Debug: Adding duplicate image handler for 'PNG file'
03:29:10 AM: Debug: Adding duplicate image handler for 'JPEG file'
03:29:10 AM: Debug: Adding duplicate image handler for 'TIFF file'
03:29:10 AM: Debug: Adding duplicate image handler for 'GIF file'
03:29:10 AM: Debug: Adding duplicate image handler for 'PNM file'
03:29:10 AM: Debug: Adding duplicate image handler for 'PCX file'
03:29:10 AM: Debug: Adding duplicate image handler for 'IFF file'
03:29:10 AM: Debug: Adding duplicate image handler for 'Windows icon file'
03:29:10 AM: Debug: Adding duplicate image handler for 'Windows cursor file'
03:29:10 AM: Debug: Adding duplicate image handler for 'Windows animated cursor file'
03:29:10 AM: Debug: Adding duplicate image handler for 'TGA file'
03:29:10 AM: Debug: Adding duplicate image handler for 'XPM file'
motion pruned 3 28
03:29:12 AM: Debug: Adding duplicate image handler for 'PNG file'
03:29:12 AM: Debug: Adding duplicate image handler for 'JPEG file'
03:29:12 AM: Debug: Adding duplicate image handler for 'TIFF file'
03:29:12 AM: Debug: Adding duplicate image handler for 'GIF file'
03:29:12 AM: Debug: Adding duplicate image handler for 'PNM file'
03:29:12 AM: Debug: Adding duplicate image handler for 'PCX file'
03:29:12 AM: Debug: Adding duplicate image handler for 'IFF file'
03:29:12 AM: Debug: Adding duplicate image handler for 'Windows icon file'
03:29:12 AM: Debug: Adding duplicate image handler for 'Windows cursor file'
03:29:12 AM: Debug: Adding duplicate image handler for 'Windows animated cursor file'
03:29:12 AM: Debug: Adding duplicate image handler for 'TGA file'
03:29:12 AM: Debug: Adding duplicate image handler for 'XPM file'
motion pruned 4 23
03:29:14 AM: Debug: Adding duplicate image handler for 'PNG file'
03:29:14 AM: Debug: Adding duplicate image handler for 'JPEG file'
03:29:14 AM: Debug: Adding duplicate image handler for 'TIFF file'
03:29:14 AM: Debug: Adding duplicate image handler for 'GIF file'
03:29:14 AM: Debug: Adding duplicate image handler for 'PNM file'
03:29:14 AM: Debug: Adding duplicate image handler for 'PCX file'
03:29:14 AM: Debug: Adding duplicate image handler for 'IFF file'
03:29:14 AM: Debug: Adding duplicate image handler for 'Windows icon file'
03:29:14 AM: Debug: Adding duplicate image handler for 'Windows cursor file'
03:29:14 AM: Debug: Adding duplicate image handler for 'Windows animated cursor file'
03:29:14 AM: Debug: Adding duplicate image handler for 'TGA file'
03:29:14 AM: Debug: Adding duplicate image handler for 'XPM file'
motion pruned 5 15
03:29:16 AM: Debug: Adding duplicate image handler for 'PNG file'
03:29:16 AM: Debug: Adding duplicate image handler for 'JPEG file'
03:29:16 AM: Debug: Adding duplicate image handler for 'TIFF file'
03:29:16 AM: Debug: Adding duplicate image handler for 'GIF file'
03:29:16 AM: Debug: Adding duplicate image handler for 'PNM file'
03:29:16 AM: Debug: Adding duplicate image handler for 'PCX file'
03:29:16 AM: Debug: Adding duplicate image handler for 'IFF file'
03:29:16 AM: Debug: Adding duplicate image handler for 'Windows icon file'
03:29:16 AM: Debug: Adding duplicate image handler for 'Windows cursor file'
03:29:16 AM: Debug: Adding duplicate image handler for 'Windows animated cursor file'
03:29:16 AM: Debug: Adding duplicate image handler for 'TGA file'
03:29:16 AM: Debug: Adding duplicate image handler for 'XPM file'
motion pruned 6 14
03:29:18 AM: Debug: Adding duplicate image handler for 'PNG file'
03:29:18 AM: Debug: Adding duplicate image handler for 'JPEG file'
03:29:18 AM: Debug: Adding duplicate image handler for 'TIFF file'
03:29:18 AM: Debug: Adding duplicate image handler for 'GIF file'
03:29:18 AM: Debug: Adding duplicate image handler for 'PNM file'
03:29:18 AM: Debug: Adding duplicate image handler for 'PCX file'
03:29:18 AM: Debug: Adding duplicate image handler for 'IFF file'
03:29:18 AM: Debug: Adding duplicate image handler for 'Windows icon file'
03:29:18 AM: Debug: Adding duplicate image handler for 'Windows cursor file'
03:29:18 AM: Debug: Adding duplicate image handler for 'Windows animated cursor file'
03:29:18 AM: Debug: Adding duplicate image handler for 'TGA file'
03:29:18 AM: Debug: Adding duplicate image handler for 'XPM file'
motion pruned 7 12
03:29:20 AM: Debug: Adding duplicate image handler for 'PNG file'
03:29:20 AM: Debug: Adding duplicate image handler for 'JPEG file'
03:29:20 AM: Debug: Adding duplicate image handler for 'TIFF file'
03:29:20 AM: Debug: Adding duplicate image handler for 'GIF file'
03:29:20 AM: Debug: Adding duplicate image handler for 'PNM file'
03:29:20 AM: Debug: Adding duplicate image handler for 'PCX file'
03:29:20 AM: Debug: Adding duplicate image handler for 'IFF file'
03:29:20 AM: Debug: Adding duplicate image handler for 'Windows icon file'
03:29:20 AM: Debug: Adding duplicate image handler for 'Windows cursor file'
03:29:20 AM: Debug: Adding duplicate image handler for 'Windows animated cursor file'
03:29:20 AM: Debug: Adding duplicate image handler for 'TGA file'
03:29:20 AM: Debug: Adding duplicate image handler for 'XPM file'
motion pruned 8 12
03:29:22 AM: Debug: Adding duplicate image handler for 'PNG file'
03:29:22 AM: Debug: Adding duplicate image handler for 'JPEG file'
03:29:22 AM: Debug: Adding duplicate image handler for 'TIFF file'
03:29:22 AM: Debug: Adding duplicate image handler for 'GIF file'
03:29:22 AM: Debug: Adding duplicate image handler for 'PNM file'
03:29:22 AM: Debug: Adding duplicate image handler for 'PCX file'
03:29:22 AM: Debug: Adding duplicate image handler for 'IFF file'
03:29:22 AM: Debug: Adding duplicate image handler for 'Windows icon file'
03:29:22 AM: Debug: Adding duplicate image handler for 'Windows cursor file'
03:29:22 AM: Debug: Adding duplicate image handler for 'Windows animated cursor file'
03:29:22 AM: Debug: Adding duplicate image handler for 'TGA file'
03:29:22 AM: Debug: Adding duplicate image handler for 'XPM file'
motion pruned 9 12
03:29:24 AM: Debug: Adding duplicate image handler for 'PNG file'
03:29:24 AM: Debug: Adding duplicate image handler for 'JPEG file'
03:29:24 AM: Debug: Adding duplicate image handler for 'TIFF file'
03:29:24 AM: Debug: Adding duplicate image handler for 'GIF file'
03:29:24 AM: Debug: Adding duplicate image handler for 'PNM file'
03:29:24 AM: Debug: Adding duplicate image handler for 'PCX file'
03:29:24 AM: Debug: Adding duplicate image handler for 'IFF file'
03:29:24 AM: Debug: Adding duplicate image handler for 'Windows icon file'
03:29:24 AM: Debug: Adding duplicate image handler for 'Windows cursor file'
03:29:24 AM: Debug: Adding duplicate image handler for 'Windows animated cursor file'
03:29:24 AM: Debug: Adding duplicate image handler for 'TGA file'
03:29:24 AM: Debug: Adding duplicate image handler for 'XPM file'
motion pruned 10 12
03:29:26 AM: Debug: Adding duplicate image handler for 'PNG file'
03:29:26 AM: Debug: Adding duplicate image handler for 'JPEG file'
03:29:26 AM: Debug: Adding duplicate image handler for 'TIFF file'
03:29:26 AM: Debug: Adding duplicate image handler for 'GIF file'
03:29:26 AM: Debug: Adding duplicate image handler for 'PNM file'
03:29:26 AM: Debug: Adding duplicate image handler for 'PCX file'
03:29:26 AM: Debug: Adding duplicate image handler for 'IFF file'
03:29:26 AM: Debug: Adding duplicate image handler for 'Windows icon file'
03:29:26 AM: Debug: Adding duplicate image handler for 'Windows cursor file'
03:29:26 AM: Debug: Adding duplicate image handler for 'Windows animated cursor file'
03:29:26 AM: Debug: Adding duplicate image handler for 'TGA file'
03:29:26 AM: Debug: Adding duplicate image handler for 'XPM file'
motion pruned 11 11
03:29:28 AM: Debug: Adding duplicate image handler for 'PNG file'
03:29:28 AM: Debug: Adding duplicate image handler for 'JPEG file'
03:29:28 AM: Debug: Adding duplicate image handler for 'TIFF file'
03:29:28 AM: Debug: Adding duplicate image handler for 'GIF file'
03:29:28 AM: Debug: Adding duplicate image handler for 'PNM file'
03:29:28 AM: Debug: Adding duplicate image handler for 'PCX file'
03:29:28 AM: Debug: Adding duplicate image handler for 'IFF file'
03:29:28 AM: Debug: Adding duplicate image handler for 'Windows icon file'
03:29:28 AM: Debug: Adding duplicate image handler for 'Windows cursor file'
03:29:28 AM: Debug: Adding duplicate image handler for 'Windows animated cursor file'
03:29:28 AM: Debug: Adding duplicate image handler for 'TGA file'
03:29:28 AM: Debug: Adding duplicate image handler for 'XPM file'
motion pruned 12 9
03:29:30 AM: Debug: Adding duplicate image handler for 'PNG file'
03:29:30 AM: Debug: Adding duplicate image handler for 'JPEG file'
03:29:30 AM: Debug: Adding duplicate image handler for 'TIFF file'
03:29:30 AM: Debug: Adding duplicate image handler for 'GIF file'
03:29:30 AM: Debug: Adding duplicate image handler for 'PNM file'
03:29:30 AM: Debug: Adding duplicate image handler for 'PCX file'
03:29:30 AM: Debug: Adding duplicate image handler for 'IFF file'
03:29:30 AM: Debug: Adding duplicate image handler for 'Windows icon file'
03:29:30 AM: Debug: Adding duplicate image handler for 'Windows cursor file'
03:29:30 AM: Debug: Adding duplicate image handler for 'Windows animated cursor file'
03:29:30 AM: Debug: Adding duplicate image handler for 'TGA file'
03:29:30 AM: Debug: Adding duplicate image handler for 'XPM file'
motion pruned 13 8
03:29:32 AM: Debug: Adding duplicate image handler for 'PNG file'
03:29:32 AM: Debug: Adding duplicate image handler for 'JPEG file'
03:29:32 AM: Debug: Adding duplicate image handler for 'TIFF file'
03:29:32 AM: Debug: Adding duplicate image handler for 'GIF file'
03:29:32 AM: Debug: Adding duplicate image handler for 'PNM file'
03:29:32 AM: Debug: Adding duplicate image handler for 'PCX file'
03:29:32 AM: Debug: Adding duplicate image handler for 'IFF file'
03:29:32 AM: Debug: Adding duplicate image handler for 'Windows icon file'
03:29:32 AM: Debug: Adding duplicate image handler for 'Windows cursor file'
03:29:32 AM: Debug: Adding duplicate image handler for 'Windows animated cursor file'
03:29:32 AM: Debug: Adding duplicate image handler for 'TGA file'
03:29:32 AM: Debug: Adding duplicate image handler for 'XPM file'
motion pruned 14 6
03:29:34 AM: Debug: Adding duplicate image handler for 'PNG file'
03:29:34 AM: Debug: Adding duplicate image handler for 'JPEG file'
03:29:34 AM: Debug: Adding duplicate image handler for 'TIFF file'
03:29:34 AM: Debug: Adding duplicate image handler for 'GIF file'
03:29:34 AM: Debug: Adding duplicate image handler for 'PNM file'
03:29:34 AM: Debug: Adding duplicate image handler for 'PCX file'
03:29:34 AM: Debug: Adding duplicate image handler for 'IFF file'
03:29:34 AM: Debug: Adding duplicate image handler for 'Windows icon file'
03:29:34 AM: Debug: Adding duplicate image handler for 'Windows cursor file'
03:29:34 AM: Debug: Adding duplicate image handler for 'Windows animated cursor file'
03:29:34 AM: Debug: Adding duplicate image handler for 'TGA file'
03:29:34 AM: Debug: Adding duplicate image handler for 'XPM file'
motion pruned 15 5
03:29:36 AM: Debug: Adding duplicate image handler for 'PNG file'
03:29:36 AM: Debug: Adding duplicate image handler for 'JPEG file'
03:29:36 AM: Debug: Adding duplicate image handler for 'TIFF file'
03:29:36 AM: Debug: Adding duplicate image handler for 'GIF file'
03:29:36 AM: Debug: Adding duplicate image handler for 'PNM file'
03:29:36 AM: Debug: Adding duplicate image handler for 'PCX file'
03:29:36 AM: Debug: Adding duplicate image handler for 'IFF file'
03:29:36 AM: Debug: Adding duplicate image handler for 'Windows icon file'
03:29:36 AM: Debug: Adding duplicate image handler for 'Windows cursor file'
03:29:36 AM: Debug: Adding duplicate image handler for 'Windows animated cursor file'
03:29:36 AM: Debug: Adding duplicate image handler for 'TGA file'
03:29:36 AM: Debug: Adding duplicate image handler for 'XPM file'
motion pruned 16 5
03:29:38 AM: Debug: Adding duplicate image handler for 'PNG file'
03:29:38 AM: Debug: Adding duplicate image handler for 'JPEG file'
03:29:38 AM: Debug: Adding duplicate image handler for 'TIFF file'
03:29:38 AM: Debug: Adding duplicate image handler for 'GIF file'
03:29:38 AM: Debug: Adding duplicate image handler for 'PNM file'
03:29:38 AM: Debug: Adding duplicate image handler for 'PCX file'
03:29:38 AM: Debug: Adding duplicate image handler for 'IFF file'
03:29:38 AM: Debug: Adding duplicate image handler for 'Windows icon file'
03:29:38 AM: Debug: Adding duplicate image handler for 'Windows cursor file'
03:29:38 AM: Debug: Adding duplicate image handler for 'Windows animated cursor file'
03:29:38 AM: Debug: Adding duplicate image handler for 'TGA file'
03:29:38 AM: Debug: Adding duplicate image handler for 'XPM file'
motion pruned 17 5
