./src/common/stdpbase.cpp(59): assert ""traits"" failed in Get(): create wxApp before calling this
motion angles 22 adjusted /CLR_N
motion angles 20 adjusted /ARM_Q
04:28:54 AM: Debug: Adding duplicate image handler for 'PNG file'
04:28:54 AM: Debug: Adding duplicate image handler for 'JPEG file'
04:28:54 AM: Debug: Adding duplicate image handler for 'TIFF file'
04:28:54 AM: Debug: Adding duplicate image handler for 'GIF file'
04:28:54 AM: Debug: Adding duplicate image handler for 'PNM file'
04:28:54 AM: Debug: Adding duplicate image handler for 'PCX file'
04:28:54 AM: Debug: Adding duplicate image handler for 'IFF file'
04:28:54 AM: Debug: Adding duplicate image handler for 'Windows icon file'
04:28:54 AM: Debug: Adding duplicate image handler for 'Windows cursor file'
04:28:54 AM: Debug: Adding duplicate image handler for 'Windows animated cursor file'
04:28:54 AM: Debug: Adding duplicate image handler for 'TGA file'
04:28:54 AM: Debug: Adding duplicate image handler for 'XPM file'
04:28:56 AM: Debug: Adding duplicate image handler for 'PNG file'
04:28:56 AM: Debug: Adding duplicate image handler for 'JPEG file'
04:28:56 AM: Debug: Adding duplicate image handler for 'TIFF file'
04:28:56 AM: Debug: Adding duplicate image handler for 'GIF file'
04:28:56 AM: Debug: Adding duplicate image handler for 'PNM file'
04:28:56 AM: Debug: Adding duplicate image handler for 'PCX file'
04:28:56 AM: Debug: Adding duplicate image handler for 'IFF file'
04:28:56 AM: Debug: Adding duplicate image handler for 'Windows icon file'
04:28:56 AM: Debug: Adding duplicate image handler for 'Windows cursor file'
04:28:56 AM: Debug: Adding duplicate image handler for 'Windows animated cursor file'
04:28:56 AM: Debug: Adding duplicate image handler for 'TGA file'
04:28:56 AM: Debug: Adding duplicate image handler for 'XPM file'
motion angles 18 adjusted /CHG_N
04:29:00 AM: Debug: Adding duplicate image handler for 'PNG file'
04:29:00 AM: Debug: Adding duplicate image handler for 'JPEG file'
04:29:00 AM: Debug: Adding duplicate image handler for 'TIFF file'
04:29:00 AM: Debug: Adding duplicate image handler for 'GIF file'
04:29:00 AM: Debug: Adding duplicate image handler for 'PNM file'
04:29:00 AM: Debug: Adding duplicate image handler for 'PCX file'
04:29:00 AM: Debug: Adding duplicate image handler for 'IFF file'
04:29:00 AM: Debug: Adding duplicate image handler for 'Windows icon file'
04:29:00 AM: Debug: Adding duplicate image handler for 'Windows cursor file'
04:29:00 AM: Debug: Adding duplicate image handler for 'Windows animated cursor file'
04:29:00 AM: Debug: Adding duplicate image handler for 'TGA file'
04:29:00 AM: Debug: Adding duplicate image handler for 'XPM file'
04:29:02 AM: Debug: Adding duplicate image handler for 'PNG file'
04:29:02 AM: Debug: Adding duplicate image handler for 'JPEG file'
04:29:02 AM: Debug: Adding duplicate image handler for 'TIFF file'
04:29:02 AM: Debug: Adding duplicate image handler for 'GIF file'
04:29:02 AM: Debug: Adding duplicate image handler for 'PNM file'
04:29:02 AM: Debug: Adding duplicate image handler for 'PCX file'
04:29:02 AM: Debug: Adding duplicate image handler for 'IFF file'
04:29:02 AM: Debug: Adding duplicate image handler for 'Windows icon file'
04:29:02 AM: Debug: Adding duplicate image handler for 'Windows cursor file'
04:29:02 AM: Debug: Adding duplicate image handler for 'Windows animated cursor file'
04:29:02 AM: Debug: Adding duplicate image handler for 'TGA file'
04:29:02 AM: Debug: Adding duplicate image handler for 'XPM file'
04:29:04 AM: Debug: Adding duplicate image handler for 'PNG file'
04:29:04 AM: Debug: Adding duplicate image handler for 'JPEG file'
04:29:04 AM: Debug: Adding duplicate image handler for 'TIFF file'
04:29:04 AM: Debug: Adding duplicate image handler for 'GIF file'
04:29:04 AM: Debug: Adding duplicate image handler for 'PNM file'
04:29:04 AM: Debug: Adding duplicate image handler for 'PCX file'
04:29:04 AM: Debug: Adding duplicate image handler for 'IFF file'
04:29:04 AM: Debug: Adding duplicate image handler for 'Windows icon file'
04:29:04 AM: Debug: Adding duplicate image handler for 'Windows cursor file'
04:29:04 AM: Debug: Adding duplicate image handler for 'Windows animated cursor file'
04:29:04 AM: Debug: Adding duplicate image handler for 'TGA file'
04:29:04 AM: Debug: Adding duplicate image handler for 'XPM file'
motion angles 16 adjusted /IMU_CS
motion angles 14 adjusted /IMU_CS
04:29:10 AM: Debug: Adding duplicate image handler for 'PNG file'
04:29:10 AM: Debug: Adding duplicate image handler for 'JPEG file'
04:29:10 AM: Debug: Adding duplicate image handler for 'TIFF file'
04:29:10 AM: Debug: Adding duplicate image handler for 'GIF file'
04:29:10 AM: Debug: Adding duplicate image handler for 'PNM file'
04:29:10 AM: Debug: Adding duplicate image handler for 'PCX file'
04:29:10 AM: Debug: Adding duplicate image handler for 'IFF file'
04:29:10 AM: Debug: Adding duplicate image handler for 'Windows icon file'
04:29:10 AM: Debug: Adding duplicate image handler for 'Windows cursor file'
04:29:10 AM: Debug: Adding duplicate image handler for 'Windows animated cursor file'
04:29:10 AM: Debug: Adding duplicate image handler for 'TGA file'
04:29:10 AM: Debug: Adding duplicate image handler for 'XPM file'
04:29:12 AM: Debug: Adding duplicate image handler for 'PNG file'
04:29:12 AM: Debug: Adding duplicate image handler for 'JPEG file'
04:29:12 AM: Debug: Adding duplicate image handler for 'TIFF file'
04:29:12 AM: Debug: Adding duplicate image handler for 'GIF file'
04:29:12 AM: Debug: Adding duplicate image handler for 'PNM file'
04:29:12 AM: Debug: Adding duplicate image handler for 'PCX file'
04:29:12 AM: Debug: Adding duplicate image handler for 'IFF file'
04:29:12 AM: Debug: Adding duplicate image handler for 'Windows icon file'
04:29:12 AM: Debug: Adding duplicate image handler for 'Windows cursor file'
04:29:12 AM: Debug: Adding duplicate image handler for 'Windows animated cursor file'
04:29:12 AM: Debug: Adding duplicate image handler for 'TGA file'
04:29:12 AM: Debug: Adding duplicate image handler for 'XPM file'
04:29:14 AM: Debug: Adding duplicate image handler for 'PNG file'
04:29:14 AM: Debug: Adding duplicate image handler for 'JPEG file'
04:29:14 AM: Debug: Adding duplicate image handler for 'TIFF file'
04:29:14 AM: Debug: Adding duplicate image handler for 'GIF file'
04:29:14 AM: Debug: Adding duplicate image handler for 'PNM file'
04:29:14 AM: Debug: Adding duplicate image handler for 'PCX file'
04:29:14 AM: Debug: Adding duplicate image handler for 'IFF file'
04:29:14 AM: Debug: Adding duplicate image handler for 'Windows icon file'
04:29:14 AM: Debug: Adding duplicate image handler for 'Windows cursor file'
04:29:14 AM: Debug: Adding duplicate image handler for 'Windows animated cursor file'
04:29:14 AM: Debug: Adding duplicate image handler for 'TGA file'
04:29:14 AM: Debug: Adding duplicate image handler for 'XPM file'
motion angles 12 adjusted /IMU_MISO
motion angles 10 adjusted /+3V3
04:29:20 AM: Debug: Adding duplicate image handler for 'PNG file'
04:29:20 AM: Debug: Adding duplicate image handler for 'JPEG file'
04:29:20 AM: Debug: Adding duplicate image handler for 'TIFF file'
04:29:20 AM: Debug: Adding duplicate image handler for 'GIF file'
04:29:20 AM: Debug: Adding duplicate image handler for 'PNM file'
04:29:20 AM: Debug: Adding duplicate image handler for 'PCX file'
04:29:20 AM: Debug: Adding duplicate image handler for 'IFF file'
04:29:20 AM: Debug: Adding duplicate image handler for 'Windows icon file'
04:29:20 AM: Debug: Adding duplicate image handler for 'Windows cursor file'
04:29:20 AM: Debug: Adding duplicate image handler for 'Windows animated cursor file'
04:29:20 AM: Debug: Adding duplicate image handler for 'TGA file'
04:29:20 AM: Debug: Adding duplicate image handler for 'XPM file'
motion junction trials 16 accepted 7 remaining angles 10 unconnected 0
