./src/common/stdpbase.cpp(59): assert ""traits"" failed in Get(): create wxApp before calling this
motion angles 2 adjusted /ARM_Q
04:43:53 AM: Debug: Adding duplicate image handler for 'PNG file'
04:43:53 AM: Debug: Adding duplicate image handler for 'JPEG file'
04:43:53 AM: Debug: Adding duplicate image handler for 'TIFF file'
04:43:53 AM: Debug: Adding duplicate image handler for 'GIF file'
04:43:53 AM: Debug: Adding duplicate image handler for 'PNM file'
04:43:53 AM: Debug: Adding duplicate image handler for 'PCX file'
04:43:53 AM: Debug: Adding duplicate image handler for 'IFF file'
04:43:53 AM: Debug: Adding duplicate image handler for 'Windows icon file'
04:43:53 AM: Debug: Adding duplicate image handler for 'Windows cursor file'
04:43:53 AM: Debug: Adding duplicate image handler for 'Windows animated cursor file'
04:43:53 AM: Debug: Adding duplicate image handler for 'TGA file'
04:43:53 AM: Debug: Adding duplicate image handler for 'XPM file'
04:43:55 AM: Debug: Adding duplicate image handler for 'PNG file'
04:43:55 AM: Debug: Adding duplicate image handler for 'JPEG file'
04:43:55 AM: Debug: Adding duplicate image handler for 'TIFF file'
04:43:55 AM: Debug: Adding duplicate image handler for 'GIF file'
04:43:55 AM: Debug: Adding duplicate image handler for 'PNM file'
04:43:55 AM: Debug: Adding duplicate image handler for 'PCX file'
04:43:55 AM: Debug: Adding duplicate image handler for 'IFF file'
04:43:55 AM: Debug: Adding duplicate image handler for 'Windows icon file'
04:43:55 AM: Debug: Adding duplicate image handler for 'Windows cursor file'
04:43:55 AM: Debug: Adding duplicate image handler for 'Windows animated cursor file'
04:43:55 AM: Debug: Adding duplicate image handler for 'TGA file'
04:43:55 AM: Debug: Adding duplicate image handler for 'XPM file'
motion angles 0 adjusted /ARM_Q
motion junction trials 4 accepted 2 remaining angles 0 unconnected 0
