./src/common/stdpbase.cpp(59): assert ""traits"" failed in Get(): create wxApp before calling this
04:31:28 AM: Debug: Adding duplicate image handler for 'PNG file'
04:31:28 AM: Debug: Adding duplicate image handler for 'JPEG file'
04:31:28 AM: Debug: Adding duplicate image handler for 'TIFF file'
04:31:28 AM: Debug: Adding duplicate image handler for 'GIF file'
04:31:28 AM: Debug: Adding duplicate image handler for 'PNM file'
04:31:28 AM: Debug: Adding duplicate image handler for 'PCX file'
04:31:28 AM: Debug: Adding duplicate image handler for 'IFF file'
04:31:28 AM: Debug: Adding duplicate image handler for 'Windows icon file'
04:31:28 AM: Debug: Adding duplicate image handler for 'Windows cursor file'
04:31:28 AM: Debug: Adding duplicate image handler for 'Windows animated cursor file'
04:31:28 AM: Debug: Adding duplicate image handler for 'TGA file'
04:31:28 AM: Debug: Adding duplicate image handler for 'XPM file'
04:31:30 AM: Debug: Adding duplicate image handler for 'PNG file'
04:31:30 AM: Debug: Adding duplicate image handler for 'JPEG file'
04:31:30 AM: Debug: Adding duplicate image handler for 'TIFF file'
04:31:30 AM: Debug: Adding duplicate image handler for 'GIF file'
04:31:30 AM: Debug: Adding duplicate image handler for 'PNM file'
04:31:30 AM: Debug: Adding duplicate image handler for 'PCX file'
04:31:30 AM: Debug: Adding duplicate image handler for 'IFF file'
04:31:30 AM: Debug: Adding duplicate image handler for 'Windows icon file'
04:31:30 AM: Debug: Adding duplicate image handler for 'Windows cursor file'
04:31:30 AM: Debug: Adding duplicate image handler for 'Windows animated cursor file'
04:31:30 AM: Debug: Adding duplicate image handler for 'TGA file'
04:31:30 AM: Debug: Adding duplicate image handler for 'XPM file'
04:31:32 AM: Debug: Adding duplicate image handler for 'PNG file'
04:31:32 AM: Debug: Adding duplicate image handler for 'JPEG file'
04:31:32 AM: Debug: Adding duplicate image handler for 'TIFF file'
04:31:32 AM: Debug: Adding duplicate image handler for 'GIF file'
04:31:32 AM: Debug: Adding duplicate image handler for 'PNM file'
04:31:32 AM: Debug: Adding duplicate image handler for 'PCX file'
04:31:32 AM: Debug: Adding duplicate image handler for 'IFF file'
04:31:32 AM: Debug: Adding duplicate image handler for 'Windows icon file'
04:31:32 AM: Debug: Adding duplicate image handler for 'Windows cursor file'
04:31:32 AM: Debug: Adding duplicate image handler for 'Windows animated cursor file'
04:31:32 AM: Debug: Adding duplicate image handler for 'TGA file'
04:31:32 AM: Debug: Adding duplicate image handler for 'XPM file'
04:31:35 AM: Debug: Adding duplicate image handler for 'PNG file'
04:31:35 AM: Debug: Adding duplicate image handler for 'JPEG file'
04:31:35 AM: Debug: Adding duplicate image handler for 'TIFF file'
04:31:35 AM: Debug: Adding duplicate image handler for 'GIF file'
04:31:35 AM: Debug: Adding duplicate image handler for 'PNM file'
04:31:35 AM: Debug: Adding duplicate image handler for 'PCX file'
04:31:35 AM: Debug: Adding duplicate image handler for 'IFF file'
04:31:35 AM: Debug: Adding duplicate image handler for 'Windows icon file'
04:31:35 AM: Debug: Adding duplicate image handler for 'Windows cursor file'
04:31:35 AM: Debug: Adding duplicate image handler for 'Windows animated cursor file'
04:31:35 AM: Debug: Adding duplicate image handler for 'TGA file'
04:31:35 AM: Debug: Adding duplicate image handler for 'XPM file'
04:31:37 AM: Debug: Adding duplicate image handler for 'PNG file'
04:31:37 AM: Debug: Adding duplicate image handler for 'JPEG file'
04:31:37 AM: Debug: Adding duplicate image handler for 'TIFF file'
04:31:37 AM: Debug: Adding duplicate image handler for 'GIF file'
04:31:37 AM: Debug: Adding duplicate image handler for 'PNM file'
04:31:37 AM: Debug: Adding duplicate image handler for 'PCX file'
04:31:37 AM: Debug: Adding duplicate image handler for 'IFF file'
04:31:37 AM: Debug: Adding duplicate image handler for 'Windows icon file'
04:31:37 AM: Debug: Adding duplicate image handler for 'Windows cursor file'
04:31:37 AM: Debug: Adding duplicate image handler for 'Windows animated cursor file'
04:31:37 AM: Debug: Adding duplicate image handler for 'TGA file'
04:31:37 AM: Debug: Adding duplicate image handler for 'XPM file'
04:31:39 AM: Debug: Adding duplicate image handler for 'PNG file'
04:31:39 AM: Debug: Adding duplicate image handler for 'JPEG file'
04:31:39 AM: Debug: Adding duplicate image handler for 'TIFF file'
04:31:39 AM: Debug: Adding duplicate image handler for 'GIF file'
04:31:39 AM: Debug: Adding duplicate image handler for 'PNM file'
04:31:39 AM: Debug: Adding duplicate image handler for 'PCX file'
04:31:39 AM: Debug: Adding duplicate image handler for 'IFF file'
04:31:39 AM: Debug: Adding duplicate image handler for 'Windows icon file'
04:31:39 AM: Debug: Adding duplicate image handler for 'Windows cursor file'
04:31:39 AM: Debug: Adding duplicate image handler for 'Windows animated cursor file'
04:31:39 AM: Debug: Adding duplicate image handler for 'TGA file'
04:31:39 AM: Debug: Adding duplicate image handler for 'XPM file'
04:31:41 AM: Debug: Adding duplicate image handler for 'PNG file'
04:31:41 AM: Debug: Adding duplicate image handler for 'JPEG file'
04:31:41 AM: Debug: Adding duplicate image handler for 'TIFF file'
04:31:41 AM: Debug: Adding duplicate image handler for 'GIF file'
04:31:41 AM: Debug: Adding duplicate image handler for 'PNM file'
04:31:41 AM: Debug: Adding duplicate image handler for 'PCX file'
04:31:41 AM: Debug: Adding duplicate image handler for 'IFF file'
04:31:41 AM: Debug: Adding duplicate image handler for 'Windows icon file'
04:31:41 AM: Debug: Adding duplicate image handler for 'Windows cursor file'
04:31:41 AM: Debug: Adding duplicate image handler for 'Windows animated cursor file'
04:31:41 AM: Debug: Adding duplicate image handler for 'TGA file'
04:31:41 AM: Debug: Adding duplicate image handler for 'XPM file'
04:31:41 AM: Debug: Adding duplicate image handler for 'PNG file'
04:31:41 AM: Debug: Adding duplicate image handler for 'JPEG file'
04:31:41 AM: Debug: Adding duplicate image handler for 'TIFF file'
04:31:41 AM: Debug: Adding duplicate image handler for 'GIF file'
04:31:41 AM: Debug: Adding duplicate image handler for 'PNM file'
04:31:41 AM: Debug: Adding duplicate image handler for 'PCX file'
04:31:41 AM: Debug: Adding duplicate image handler for 'IFF file'
04:31:41 AM: Debug: Adding duplicate image handler for 'Windows icon file'
04:31:41 AM: Debug: Adding duplicate image handler for 'Windows cursor file'
04:31:41 AM: Debug: Adding duplicate image handler for 'Windows animated cursor file'
04:31:41 AM: Debug: Adding duplicate image handler for 'TGA file'
04:31:41 AM: Debug: Adding duplicate image handler for 'XPM file'
04:31:43 AM: Debug: Adding duplicate image handler for 'PNG file'
04:31:43 AM: Debug: Adding duplicate image handler for 'JPEG file'
04:31:43 AM: Debug: Adding duplicate image handler for 'TIFF file'
04:31:43 AM: Debug: Adding duplicate image handler for 'GIF file'
04:31:43 AM: Debug: Adding duplicate image handler for 'PNM file'
04:31:43 AM: Debug: Adding duplicate image handler for 'PCX file'
04:31:43 AM: Debug: Adding duplicate image handler for 'IFF file'
04:31:43 AM: Debug: Adding duplicate image handler for 'Windows icon file'
04:31:43 AM: Debug: Adding duplicate image handler for 'Windows cursor file'
04:31:43 AM: Debug: Adding duplicate image handler for 'Windows animated cursor file'
04:31:43 AM: Debug: Adding duplicate image handler for 'TGA file'
04:31:43 AM: Debug: Adding duplicate image handler for 'XPM file'
04:31:45 AM: Debug: Adding duplicate image handler for 'PNG file'
04:31:45 AM: Debug: Adding duplicate image handler for 'JPEG file'
04:31:45 AM: Debug: Adding duplicate image handler for 'TIFF file'
04:31:45 AM: Debug: Adding duplicate image handler for 'GIF file'
04:31:45 AM: Debug: Adding duplicate image handler for 'PNM file'
04:31:45 AM: Debug: Adding duplicate image handler for 'PCX file'
04:31:45 AM: Debug: Adding duplicate image handler for 'IFF file'
04:31:45 AM: Debug: Adding duplicate image handler for 'Windows icon file'
04:31:45 AM: Debug: Adding duplicate image handler for 'Windows cursor file'
04:31:45 AM: Debug: Adding duplicate image handler for 'Windows animated cursor file'
04:31:45 AM: Debug: Adding duplicate image handler for 'TGA file'
04:31:45 AM: Debug: Adding duplicate image handler for 'XPM file'
04:31:47 AM: Debug: Adding duplicate image handler for 'PNG file'
04:31:47 AM: Debug: Adding duplicate image handler for 'JPEG file'
04:31:47 AM: Debug: Adding duplicate image handler for 'TIFF file'
04:31:47 AM: Debug: Adding duplicate image handler for 'GIF file'
04:31:47 AM: Debug: Adding duplicate image handler for 'PNM file'
04:31:47 AM: Debug: Adding duplicate image handler for 'PCX file'
04:31:47 AM: Debug: Adding duplicate image handler for 'IFF file'
04:31:47 AM: Debug: Adding duplicate image handler for 'Windows icon file'
04:31:47 AM: Debug: Adding duplicate image handler for 'Windows cursor file'
04:31:47 AM: Debug: Adding duplicate image handler for 'Windows animated cursor file'
04:31:47 AM: Debug: Adding duplicate image handler for 'TGA file'
04:31:47 AM: Debug: Adding duplicate image handler for 'XPM file'
04:31:49 AM: Debug: Adding duplicate image handler for 'PNG file'
04:31:49 AM: Debug: Adding duplicate image handler for 'JPEG file'
04:31:49 AM: Debug: Adding duplicate image handler for 'TIFF file'
04:31:49 AM: Debug: Adding duplicate image handler for 'GIF file'
04:31:49 AM: Debug: Adding duplicate image handler for 'PNM file'
04:31:49 AM: Debug: Adding duplicate image handler for 'PCX file'
04:31:49 AM: Debug: Adding duplicate image handler for 'IFF file'
04:31:49 AM: Debug: Adding duplicate image handler for 'Windows icon file'
04:31:49 AM: Debug: Adding duplicate image handler for 'Windows cursor file'
04:31:49 AM: Debug: Adding duplicate image handler for 'Windows animated cursor file'
04:31:49 AM: Debug: Adding duplicate image handler for 'TGA file'
04:31:49 AM: Debug: Adding duplicate image handler for 'XPM file'
04:31:51 AM: Debug: Adding duplicate image handler for 'PNG file'
04:31:51 AM: Debug: Adding duplicate image handler for 'JPEG file'
04:31:51 AM: Debug: Adding duplicate image handler for 'TIFF file'
04:31:51 AM: Debug: Adding duplicate image handler for 'GIF file'
04:31:51 AM: Debug: Adding duplicate image handler for 'PNM file'
04:31:51 AM: Debug: Adding duplicate image handler for 'PCX file'
04:31:51 AM: Debug: Adding duplicate image handler for 'IFF file'
04:31:51 AM: Debug: Adding duplicate image handler for 'Windows icon file'
04:31:51 AM: Debug: Adding duplicate image handler for 'Windows cursor file'
04:31:51 AM: Debug: Adding duplicate image handler for 'Windows animated cursor file'
04:31:51 AM: Debug: Adding duplicate image handler for 'TGA file'
04:31:51 AM: Debug: Adding duplicate image handler for 'XPM file'
04:31:53 AM: Debug: Adding duplicate image handler for 'PNG file'
04:31:53 AM: Debug: Adding duplicate image handler for 'JPEG file'
04:31:53 AM: Debug: Adding duplicate image handler for 'TIFF file'
04:31:53 AM: Debug: Adding duplicate image handler for 'GIF file'
04:31:53 AM: Debug: Adding duplicate image handler for 'PNM file'
04:31:53 AM: Debug: Adding duplicate image handler for 'PCX file'
04:31:53 AM: Debug: Adding duplicate image handler for 'IFF file'
04:31:53 AM: Debug: Adding duplicate image handler for 'Windows icon file'
04:31:53 AM: Debug: Adding duplicate image handler for 'Windows cursor file'
04:31:53 AM: Debug: Adding duplicate image handler for 'Windows animated cursor file'
04:31:53 AM: Debug: Adding duplicate image handler for 'TGA file'
04:31:53 AM: Debug: Adding duplicate image handler for 'XPM file'
04:31:53 AM: Debug: Adding duplicate image handler for 'PNG file'
04:31:53 AM: Debug: Adding duplicate image handler for 'JPEG file'
04:31:53 AM: Debug: Adding duplicate image handler for 'TIFF file'
04:31:53 AM: Debug: Adding duplicate image handler for 'GIF file'
04:31:53 AM: Debug: Adding duplicate image handler for 'PNM file'
04:31:53 AM: Debug: Adding duplicate image handler for 'PCX file'
04:31:53 AM: Debug: Adding duplicate image handler for 'IFF file'
04:31:53 AM: Debug: Adding duplicate image handler for 'Windows icon file'
04:31:53 AM: Debug: Adding duplicate image handler for 'Windows cursor file'
04:31:53 AM: Debug: Adding duplicate image handler for 'Windows animated cursor file'
04:31:53 AM: Debug: Adding duplicate image handler for 'TGA file'
04:31:53 AM: Debug: Adding duplicate image handler for 'XPM file'
04:31:55 AM: Debug: Adding duplicate image handler for 'PNG file'
04:31:55 AM: Debug: Adding duplicate image handler for 'JPEG file'
04:31:55 AM: Debug: Adding duplicate image handler for 'TIFF file'
04:31:55 AM: Debug: Adding duplicate image handler for 'GIF file'
04:31:55 AM: Debug: Adding duplicate image handler for 'PNM file'
04:31:55 AM: Debug: Adding duplicate image handler for 'PCX file'
04:31:55 AM: Debug: Adding duplicate image handler for 'IFF file'
04:31:55 AM: Debug: Adding duplicate image handler for 'Windows icon file'
04:31:55 AM: Debug: Adding duplicate image handler for 'Windows cursor file'
04:31:55 AM: Debug: Adding duplicate image handler for 'Windows animated cursor file'
04:31:55 AM: Debug: Adding duplicate image handler for 'TGA file'
04:31:55 AM: Debug: Adding duplicate image handler for 'XPM file'
04:31:57 AM: Debug: Adding duplicate image handler for 'PNG file'
04:31:57 AM: Debug: Adding duplicate image handler for 'JPEG file'
04:31:57 AM: Debug: Adding duplicate image handler for 'TIFF file'
04:31:57 AM: Debug: Adding duplicate image handler for 'GIF file'
04:31:57 AM: Debug: Adding duplicate image handler for 'PNM file'
04:31:57 AM: Debug: Adding duplicate image handler for 'PCX file'
04:31:57 AM: Debug: Adding duplicate image handler for 'IFF file'
04:31:57 AM: Debug: Adding duplicate image handler for 'Windows icon file'
04:31:57 AM: Debug: Adding duplicate image handler for 'Windows cursor file'
04:31:57 AM: Debug: Adding duplicate image handler for 'Windows animated cursor file'
04:31:57 AM: Debug: Adding duplicate image handler for 'TGA file'
04:31:57 AM: Debug: Adding duplicate image handler for 'XPM file'
04:31:59 AM: Debug: Adding duplicate image handler for 'PNG file'
04:31:59 AM: Debug: Adding duplicate image handler for 'JPEG file'
04:31:59 AM: Debug: Adding duplicate image handler for 'TIFF file'
04:31:59 AM: Debug: Adding duplicate image handler for 'GIF file'
04:31:59 AM: Debug: Adding duplicate image handler for 'PNM file'
04:31:59 AM: Debug: Adding duplicate image handler for 'PCX file'
04:31:59 AM: Debug: Adding duplicate image handler for 'IFF file'
04:31:59 AM: Debug: Adding duplicate image handler for 'Windows icon file'
04:31:59 AM: Debug: Adding duplicate image handler for 'Windows cursor file'
04:31:59 AM: Debug: Adding duplicate image handler for 'Windows animated cursor file'
04:31:59 AM: Debug: Adding duplicate image handler for 'TGA file'
04:31:59 AM: Debug: Adding duplicate image handler for 'XPM file'
04:32:02 AM: Debug: Adding duplicate image handler for 'PNG file'
04:32:02 AM: Debug: Adding duplicate image handler for 'JPEG file'
04:32:02 AM: Debug: Adding duplicate image handler for 'TIFF file'
04:32:02 AM: Debug: Adding duplicate image handler for 'GIF file'
04:32:02 AM: Debug: Adding duplicate image handler for 'PNM file'
04:32:02 AM: Debug: Adding duplicate image handler for 'PCX file'
04:32:02 AM: Debug: Adding duplicate image handler for 'IFF file'
04:32:02 AM: Debug: Adding duplicate image handler for 'Windows icon file'
04:32:02 AM: Debug: Adding duplicate image handler for 'Windows cursor file'
04:32:02 AM: Debug: Adding duplicate image handler for 'Windows animated cursor file'
04:32:02 AM: Debug: Adding duplicate image handler for 'TGA file'
04:32:02 AM: Debug: Adding duplicate image handler for 'XPM file'
04:32:04 AM: Debug: Adding duplicate image handler for 'PNG file'
04:32:04 AM: Debug: Adding duplicate image handler for 'JPEG file'
04:32:04 AM: Debug: Adding duplicate image handler for 'TIFF file'
04:32:04 AM: Debug: Adding duplicate image handler for 'GIF file'
04:32:04 AM: Debug: Adding duplicate image handler for 'PNM file'
04:32:04 AM: Debug: Adding duplicate image handler for 'PCX file'
04:32:04 AM: Debug: Adding duplicate image handler for 'IFF file'
04:32:04 AM: Debug: Adding duplicate image handler for 'Windows icon file'
04:32:04 AM: Debug: Adding duplicate image handler for 'Windows cursor file'
04:32:04 AM: Debug: Adding duplicate image handler for 'Windows animated cursor file'
04:32:04 AM: Debug: Adding duplicate image handler for 'TGA file'
04:32:04 AM: Debug: Adding duplicate image handler for 'XPM file'
04:32:06 AM: Debug: Adding duplicate image handler for 'PNG file'
04:32:06 AM: Debug: Adding duplicate image handler for 'JPEG file'
04:32:06 AM: Debug: Adding duplicate image handler for 'TIFF file'
04:32:06 AM: Debug: Adding duplicate image handler for 'GIF file'
04:32:06 AM: Debug: Adding duplicate image handler for 'PNM file'
04:32:06 AM: Debug: Adding duplicate image handler for 'PCX file'
04:32:06 AM: Debug: Adding duplicate image handler for 'IFF file'
04:32:06 AM: Debug: Adding duplicate image handler for 'Windows icon file'
04:32:06 AM: Debug: Adding duplicate image handler for 'Windows cursor file'
04:32:06 AM: Debug: Adding duplicate image handler for 'Windows animated cursor file'
04:32:06 AM: Debug: Adding duplicate image handler for 'TGA file'
04:32:06 AM: Debug: Adding duplicate image handler for 'XPM file'
motion thermal findings 3
