00:00.303  blend            | Read blend: "/Users/dean/Documents/MORI/mechanical/mori_v1_2.blend"
BUILD shells
BUILD optics
BUILD head_joint
BUILD wheel_and_drive
BUILD frame_and_electronics
BUILD fasteners_and_coupons
BUILD v12_joint_details
BUILD apply_purchased_geometry
BUILD apply_structural_simplification
BUILD apply_monocoque_structure
BUILD apply_simple_modules
BUILD apply_belly_relayout
BELLY_RELAYOUT_COMPLETE
BUILD apply_detail_fit
DETAIL_FIT_COMPLETE
BUILD apply_layout_cleanup
LAYOUT_CLEANUP_COMPLETE
BUILD apply_part_consolidation
PART_CONSOLIDATION_COMPLETE 25 17
BUILD apply_head_cleanup
HEAD_CLEANUP_COMPLETE
BUILD apply_wheel_interfaces
WHEEL_INTERFACE_COMPLETE
BUILD apply_crossbolt_joint
CROSSBOLT_BRIDGE_COMPLETE
BUILD apply_native_electronics
NATIVE_ELECTRONICS_COMPLETE
BUILD apply_drive_cleanup
DRIVE_CLEANUP_COMPLETE
BUILD apply_head_servo_detail
HEAD_SERVO_DETAIL_COMPLETE
BUILD apply_waveshare_detail
WAVESHARE_DETAIL_COMPLETE 132 CAM component groups / 111 original LCD solids
BUILD apply_assembly_completion
BUILD apply_readiness_completion
BUILD apply_prearrival_completion
BUILD dock
BUILD controls_datums
BUILD studio
/Users/dean/Documents/MORI/mechanical/scripts/build.py:410: DeprecationWarning: 'World.use_nodes' is expected to be removed in Blender 6.0
  sc=bpy.context.scene; sc.world=bpy.data.worlds.get(PREFIX+'World') or bpy.data.worlds.new(PREFIX+'World'); mark(sc.world); sc.world.use_nodes=True; next(n for n in sc.world.node_tree.nodes if n.type=='BACKGROUND').inputs[0].default_value=(.18,.2,.24,1)
DISPLAY_FRAME_FLUSH_COMPLETE
INTERFACE_COMPLETION 34 catalogue inserts
ASSEMBLY_ISSUES_1_TO_6_APPLIED
HEAD_SURFACE_DISPLAY_COMPLETE
信息: 已另存为 "mori_v1_2.blend"
BUILD_COMPLETE
Blender 5.2.2 LTS (hash d13f752e3b9c built 2026-09-15 01:49:19)

Blender quit
