./src/common/stdpbase.cpp(59): assert ""traits"" failed in Get(): create wxApp before calling this
EXPORTED motion 53
09:12:11 PM: Debug: Adding duplicate image handler for 'PNG file'
09:12:11 PM: Debug: Adding duplicate image handler for 'JPEG file'
09:12:11 PM: Debug: Adding duplicate image handler for 'TIFF file'
09:12:11 PM: Debug: Adding duplicate image handler for 'GIF file'
09:12:11 PM: Debug: Adding duplicate image handler for 'PNM file'
09:12:11 PM: Debug: Adding duplicate image handler for 'PCX file'
09:12:11 PM: Debug: Adding duplicate image handler for 'IFF file'
09:12:11 PM: Debug: Adding duplicate image handler for 'Windows icon file'
09:12:11 PM: Debug: Adding duplicate image handler for 'Windows cursor file'
09:12:11 PM: Debug: Adding duplicate image handler for 'Windows animated cursor file'
09:12:11 PM: Debug: Adding duplicate image handler for 'TGA file'
09:12:11 PM: Debug: Adding duplicate image handler for 'XPM file'
EXPORTED imu 9
09:12:12 PM: Debug: Adding duplicate image handler for 'PNG file'
09:12:12 PM: Debug: Adding duplicate image handler for 'JPEG file'
09:12:12 PM: Debug: Adding duplicate image handler for 'TIFF file'
09:12:12 PM: Debug: Adding duplicate image handler for 'GIF file'
09:12:12 PM: Debug: Adding duplicate image handler for 'PNM file'
09:12:12 PM: Debug: Adding duplicate image handler for 'PCX file'
09:12:12 PM: Debug: Adding duplicate image handler for 'IFF file'
09:12:12 PM: Debug: Adding duplicate image handler for 'Windows icon file'
09:12:12 PM: Debug: Adding duplicate image handler for 'Windows cursor file'
09:12:12 PM: Debug: Adding duplicate image handler for 'Windows animated cursor file'
09:12:12 PM: Debug: Adding duplicate image handler for 'TGA file'
09:12:12 PM: Debug: Adding duplicate image handler for 'XPM file'
EXPORTED power 75
P2_INVENTORY_COMPLETE
