00:00.311  blend            | Read blend: "/Users/dean/Documents/MORI/mechanical/studies/prearrival_closure/p5r7_received_preview.blend"
00:03.216  render           | Saved: '/Users/dean/Documents/MORI/mechanical/studies/prearrival_closure/body_sequence_poster.png'
00:03.445  render           | Video append frame 1
00:03.468  render           | Video append frame 2
00:03.493  render           | Video append frame 3
00:03.519  render           | Video append frame 4
00:03.545  render           | Video append frame 5
00:03.572  render           | Video append frame 6
00:03.595  render           | Video append frame 7
00:03.619  render           | Video append frame 8
00:03.642  render           | Video append frame 9
00:03.665  render           | Video append frame 10
00:03.690  render           | Video append frame 11
00:03.712  render           | Video append frame 12
00:03.735  render           | Video append frame 13
00:03.759  render           | Video append frame 14
00:03.781  render           | Video append frame 15
00:03.805  render           | Video append frame 16
00:03.827  render           | Video append frame 17
00:03.848  render           | Video append frame 18
00:03.869  render           | Video append frame 19
00:03.890  render           | Video append frame 20
00:03.910  render           | Video append frame 21
00:03.931  render           | Video append frame 22
00:03.951  render           | Video append frame 23
00:03.972  render           | Video append frame 24
00:03.992  render           | Video append frame 25
00:04.012  render           | Video append frame 26
00:04.032  render           | Video append frame 27
00:04.053  render           | Video append frame 28
00:04.073  render           | Video append frame 29
00:04.094  render           | Video append frame 30
00:04.115  render           | Video append frame 31
00:04.135  render           | Video append frame 32
00:04.155  render           | Video append frame 33
00:04.176  render           | Video append frame 34
00:04.197  render           | Video append frame 35
00:04.218  render           | Video append frame 36
00:04.238  render           | Video append frame 37
00:04.258  render           | Video append frame 38
00:04.279  render           | Video append frame 39
00:04.300  render           | Video append frame 40
00:04.322  render           | Video append frame 41
00:04.342  render           | Video append frame 42
00:04.362  render           | Video append frame 43
00:04.383  render           | Video append frame 44
00:04.404  render           | Video append frame 45
00:04.424  render           | Video append frame 46
00:04.445  render           | Video append frame 47
00:04.466  render           | Video append frame 48
00:04.487  render           | Video append frame 49
00:04.508  render           | Video append frame 50
00:04.529  render           | Video append frame 51
00:04.550  render           | Video append frame 52
00:04.570  render           | Video append frame 53
00:04.591  render           | Video append frame 54
00:04.613  render           | Video append frame 55
00:04.634  render           | Video append frame 56
00:04.656  render           | Video append frame 57
00:04.677  render           | Video append frame 58
00:04.699  render           | Video append frame 59
00:04.721  render           | Video append frame 60
00:04.741  render           | Video append frame 61
00:04.762  render           | Video append frame 62
00:04.783  render           | Video append frame 63
00:04.805  render           | Video append frame 64
00:04.826  render           | Video append frame 65
00:04.847  render           | Video append frame 66
00:04.868  render           | Video append frame 67
00:04.888  render           | Video append frame 68
00:04.909  render           | Video append frame 69
00:04.930  render           | Video append frame 70
00:04.951  render           | Video append frame 71
00:04.972  render           | Video append frame 72
00:04.993  render           | Video append frame 73
00:05.014  render           | Video append frame 74
00:05.036  render           | Video append frame 75
00:05.057  render           | Video append frame 76
00:05.078  render           | Video append frame 77
00:05.099  render           | Video append frame 78
00:05.121  render           | Video append frame 79
00:05.141  render           | Video append frame 80
00:05.162  render           | Video append frame 81
00:05.183  render           | Video append frame 82
00:05.205  render           | Video append frame 83
00:05.225  render           | Video append frame 84
00:05.247  render           | Video append frame 85
00:05.268  render           | Video append frame 86
00:05.290  render           | Video append frame 87
00:05.311  render           | Video append frame 88
00:05.333  render           | Video append frame 89
00:05.354  render           | Video append frame 90
00:05.375  render           | Video append frame 91
00:05.397  render           | Video append frame 92
00:05.418  render           | Video append frame 93
00:05.438  render           | Video append frame 94
00:05.459  render           | Video append frame 95
00:05.480  render           | Video append frame 96
00:05.502  render           | Video append frame 97
00:05.523  render           | Video append frame 98
00:05.544  render           | Video append frame 99
00:05.566  render           | Video append frame 100
00:05.588  render           | Video append frame 101
00:05.610  render           | Video append frame 102
00:05.631  render           | Video append frame 103
00:05.653  render           | Video append frame 104
00:05.674  render           | Video append frame 105
00:05.695  render           | Video append frame 106
00:05.716  render           | Video append frame 107
00:05.737  render           | Video append frame 108
00:05.758  render           | Video append frame 109
00:05.780  render           | Video append frame 110
00:05.801  render           | Video append frame 111
00:05.823  render           | Video append frame 112
00:05.844  render           | Video append frame 113
00:05.865  render           | Video append frame 114
00:05.886  render           | Video append frame 115
00:05.907  render           | Video append frame 116
00:05.928  render           | Video append frame 117
00:05.948  render           | Video append frame 118
00:05.969  render           | Video append frame 119
00:05.990  render           | Video append frame 120
00:06.011  render           | Video append frame 121
00:06.032  render           | Video append frame 122
00:06.053  render           | Video append frame 123
00:06.074  render           | Video append frame 124
00:06.095  render           | Video append frame 125
00:06.117  render           | Video append frame 126
00:06.138  render           | Video append frame 127
00:06.158  render           | Video append frame 128
00:06.179  render           | Video append frame 129
00:06.201  render           | Video append frame 130
00:06.222  render           | Video append frame 131
00:06.243  render           | Video append frame 132
00:06.264  render           | Video append frame 133
00:06.286  render           | Video append frame 134
00:06.307  render           | Video append frame 135
00:06.328  render           | Video append frame 136
00:06.349  render           | Video append frame 137
00:06.371  render           | Video append frame 138
00:06.392  render           | Video append frame 139
00:06.413  render           | Video append frame 140
00:06.434  render           | Video append frame 141
00:06.455  render           | Video append frame 142
00:06.476  render           | Video append frame 143
00:06.498  render           | Video append frame 144
00:06.519  render           | Video append frame 145
00:06.540  render           | Video append frame 146
00:06.560  render           | Video append frame 147
00:06.582  render           | Video append frame 148
00:06.603  render           | Video append frame 149
00:06.624  render           | Video append frame 150
00:06.644  render           | Video append frame 151
00:06.665  render           | Video append frame 152
00:06.686  render           | Video append frame 153
00:06.708  render           | Video append frame 154
00:06.727  render           | Video append frame 155
00:06.748  render           | Video append frame 156
00:06.768  render           | Video append frame 157
00:06.789  render           | Video append frame 158
00:06.810  render           | Video append frame 159
00:06.830  render           | Video append frame 160
00:06.851  render           | Video append frame 161
00:06.871  render           | Video append frame 162
00:06.891  render           | Video append frame 163
00:06.910  render           | Video append frame 164
00:06.929  render           | Video append frame 165
00:06.948  render           | Video append frame 166
00:06.967  render           | Video append frame 167
00:06.985  render           | Video append frame 168
00:07.004  render           | Video append frame 169
00:07.022  render           | Video append frame 170
00:07.041  render           | Video append frame 171
00:07.060  render           | Video append frame 172
00:07.078  render           | Video append frame 173
00:07.096  render           | Video append frame 174
00:07.114  render           | Video append frame 175
00:07.131  render           | Video append frame 176
00:07.149  render           | Video append frame 177
00:07.166  render           | Video append frame 178
00:07.184  render           | Video append frame 179
00:07.202  render           | Video append frame 180
00:07.220  render           | Video append frame 181
00:07.237  render           | Video append frame 182
00:07.254  render           | Video append frame 183
00:07.270  render           | Video append frame 184
00:07.288  render           | Video append frame 185
00:07.306  render           | Video append frame 186
00:07.323  render           | Video append frame 187
00:07.340  render           | Video append frame 188
00:07.357  render           | Video append frame 189
00:07.374  render           | Video append frame 190
00:07.391  render           | Video append frame 191
00:07.411  render           | Video append frame 192
00:07.428  render           | Video append frame 193
00:07.445  render           | Video append frame 194
00:07.462  render           | Video append frame 195
00:07.480  render           | Video append frame 196
00:07.498  render           | Video append frame 197
00:07.516  render           | Video append frame 198
00:07.533  render           | Video append frame 199
00:07.551  render           | Video append frame 200
00:07.569  render           | Video append frame 201
00:07.587  render           | Video append frame 202
00:07.606  render           | Video append frame 203
00:07.624  render           | Video append frame 204
00:07.642  render           | Video append frame 205
00:07.660  render           | Video append frame 206
00:07.679  render           | Video append frame 207
00:07.698  render           | Video append frame 208
00:07.718  render           | Video append frame 209
00:07.736  render           | Video append frame 210
00:07.755  render           | Video append frame 211
00:07.775  render           | Video append frame 212
00:07.795  render           | Video append frame 213
00:07.816  render           | Video append frame 214
00:07.837  render           | Video append frame 215
00:07.857  render           | Video append frame 216
00:07.879  render           | Video append frame 217
00:07.902  render           | Video append frame 218
00:07.925  render           | Video append frame 219
00:07.949  render           | Video append frame 220
00:07.973  render           | Video append frame 221
00:07.996  render           | Video append frame 222
00:08.019  render           | Video append frame 223
00:08.042  render           | Video append frame 224
00:08.064  render           | Video append frame 225
00:08.087  render           | Video append frame 226
00:08.110  render           | Video append frame 227
00:08.131  render           | Video append frame 228
00:08.154  render           | Video append frame 229
00:08.174  render           | Video append frame 230
00:08.194  render           | Video append frame 231
00:08.214  render           | Video append frame 232
00:08.234  render           | Video append frame 233
00:08.254  render           | Video append frame 234
00:08.273  render           | Video append frame 235
00:08.293  render           | Video append frame 236
00:08.312  render           | Video append frame 237
00:08.331  render           | Video append frame 238
00:08.351  render           | Video append frame 239
00:08.370  render           | Video append frame 240
信息: 已另存为 "body_sequence_animation.blend"
BODY_SEQUENCE_ANIMATION_COMPLETE {'candidate_source_sha256': '6b9ced54a8205c46ada5bd8140be6aa0a532615a1433c551851b6b3cd36246ad', 'source': '/Users/dean/Documents/MORI/mechanical/studies/prearrival_closure/p5r7_received_preview.blend', 'frames': 240, 'fps': 24, 'duration_seconds': 10, 'resolution': [960, 720], 'maximum_key_transform_error_mm': 1.1920928955078125e-07, 'rigid_only': True, 'full_robot_animation_updated': False, 'source_report': 'p5r7_receipt/dual_body_sequence.json', 'notes': 'Rigid partial body assembly only; shell and bridge need independent support, cables and hand/tool motions not animated. Core E fit and head horn remain BLOCKED. Main M1.43 is unchanged.'}
Blender 5.2.2 LTS (hash d13f752e3b9c built 2026-09-15 01:49:19)

Blender quit
