00:00.463  blend            | Read blend: "/Users/dean/Documents/MORI/mechanical/mori_v1_2.blend"
ANNULAR 21.5 165.5 1.6 FAIL
ANNULAR 21.5 165.5 2.6 FAIL
ANNULAR 21.5 167 1.6 FAIL
ANNULAR 21.5 167 2.6 FAIL
ANNULAR 21.5 168.5 1.6 FAIL
ANNULAR 21.5 168.5 2.6 FAIL
ANNULAR 22.5 165.5 1.6 FAIL
ANNULAR 22.5 165.5 2.6 FAIL
ANNULAR 22.5 167 1.6 FAIL
ANNULAR 22.5 167 2.6 FAIL
ANNULAR 22.5 168.5 1.6 FAIL
ANNULAR 22.5 168.5 2.6 FAIL
ANNULAR 24 165.5 1.6 FAIL
ANNULAR 24 165.5 2.6 FAIL
ANNULAR 24 167 1.6 FAIL
ANNULAR 24 167 2.6 FAIL
ANNULAR 24 168.5 1.6 FAIL
ANNULAR 24 168.5 2.6 FAIL
ANNULAR 26 165.5 1.6 PASS
ANNULAR 26 165.5 2.6 FAIL
ANNULAR 26 167 1.6 FAIL
ANNULAR 26 167 2.6 FAIL
ANNULAR 26 168.5 1.6 FAIL
ANNULAR 26 168.5 2.6 FAIL
ANNULAR 28 165.5 1.6 PASS
ANNULAR 28 165.5 2.6 FAIL
ANNULAR 28 167 1.6 FAIL
ANNULAR 28 167 2.6 FAIL
ANNULAR 28 168.5 1.6 FAIL
ANNULAR 28 168.5 2.6 FAIL
SELECTED {'radius_mm': 26, 'z_mm': 165.5, 'bundle_envelope_diameter_mm': 3.2, 'status': 'PASS', 'failures': []} FULL_FAILURES 0
Blender 5.2.2 LTS (hash d13f752e3b9c built 2026-09-15 01:49:19)

Blender quit
