01:31:56 AM: Debug: Adding duplicate image handler for 'PNG file'
01:31:56 AM: Debug: Adding duplicate image handler for 'JPEG file'
01:31:56 AM: Debug: Adding duplicate image handler for 'TIFF file'
01:31:56 AM: Debug: Adding duplicate image handler for 'GIF file'
01:31:56 AM: Debug: Adding duplicate image handler for 'PNM file'
01:31:56 AM: Debug: Adding duplicate image handler for 'PCX file'
01:31:56 AM: Debug: Adding duplicate image handler for 'IFF file'
01:31:56 AM: Debug: Adding duplicate image handler for 'Windows icon file'
01:31:56 AM: Debug: Adding duplicate image handler for 'Windows cursor file'
01:31:56 AM: Debug: Adding duplicate image handler for 'Windows animated cursor file'
01:31:56 AM: Debug: Adding duplicate image handler for 'TGA file'
01:31:56 AM: Debug: Adding duplicate image handler for 'XPM file'
motion footprints 53 missing ['U100']
01:31:56 AM: Debug: Adding duplicate image handler for 'PNG file'
01:31:56 AM: Debug: Adding duplicate image handler for 'JPEG file'
01:31:56 AM: Debug: Adding duplicate image handler for 'TIFF file'
01:31:56 AM: Debug: Adding duplicate image handler for 'GIF file'
01:31:56 AM: Debug: Adding duplicate image handler for 'PNM file'
01:31:56 AM: Debug: Adding duplicate image handler for 'PCX file'
01:31:56 AM: Debug: Adding duplicate image handler for 'IFF file'
01:31:56 AM: Debug: Adding duplicate image handler for 'Windows icon file'
01:31:56 AM: Debug: Adding duplicate image handler for 'Windows cursor file'
01:31:56 AM: Debug: Adding duplicate image handler for 'Windows animated cursor file'
01:31:56 AM: Debug: Adding duplicate image handler for 'TGA file'
01:31:56 AM: Debug: Adding duplicate image handler for 'XPM file'
imu footprints 9 missing []
01:31:56 AM: Debug: Adding duplicate image handler for 'PNG file'
01:31:56 AM: Debug: Adding duplicate image handler for 'JPEG file'
01:31:56 AM: Debug: Adding duplicate image handler for 'TIFF file'
01:31:56 AM: Debug: Adding duplicate image handler for 'GIF file'
01:31:56 AM: Debug: Adding duplicate image handler for 'PNM file'
01:31:56 AM: Debug: Adding duplicate image handler for 'PCX file'
01:31:56 AM: Debug: Adding duplicate image handler for 'IFF file'
01:31:56 AM: Debug: Adding duplicate image handler for 'Windows icon file'
01:31:56 AM: Debug: Adding duplicate image handler for 'Windows cursor file'
01:31:56 AM: Debug: Adding duplicate image handler for 'Windows animated cursor file'
01:31:56 AM: Debug: Adding duplicate image handler for 'TGA file'
01:31:56 AM: Debug: Adding duplicate image handler for 'XPM file'
power footprints 112 missing ['F60', 'F70', 'J1', 'J11', 'J12', 'J2', 'J3', 'J4', 'J5', 'L60', 'L70', 'U60', 'U70']
01:31:56 AM: Debug: Adding duplicate image handler for 'PNG file'
01:31:56 AM: Debug: Adding duplicate image handler for 'JPEG file'
01:31:56 AM: Debug: Adding duplicate image handler for 'TIFF file'
01:31:56 AM: Debug: Adding duplicate image handler for 'GIF file'
01:31:56 AM: Debug: Adding duplicate image handler for 'PNM file'
01:31:56 AM: Debug: Adding duplicate image handler for 'PCX file'
01:31:56 AM: Debug: Adding duplicate image handler for 'IFF file'
01:31:56 AM: Debug: Adding duplicate image handler for 'Windows icon file'
01:31:56 AM: Debug: Adding duplicate image handler for 'Windows cursor file'
01:31:56 AM: Debug: Adding duplicate image handler for 'Windows animated cursor file'
01:31:56 AM: Debug: Adding duplicate image handler for 'TGA file'
01:31:56 AM: Debug: Adding duplicate image handler for 'XPM file'
rear footprints 11 missing ['F1', 'SW1', 'USB1']
