00:00.384  blend            | Read blend: "/Users/dean/Documents/MORI/mechanical/mori_v1_2.blend"
metal_flange_to_S288_L PASS []
slide_Wheel_Bearing_L_Inner PASS []
slide_Wheel_Spacer_L_0 PASS []
slide_Wheel_Bearing_L_Outer PASS []
metal_flange_to_S288_R PASS []
slide_Wheel_Bearing_R_Inner PASS []
slide_Wheel_Spacer_R_0 PASS []
slide_Wheel_Bearing_R_Outer PASS []
motor_cartridges_into_open_case PASS []
motor_cap PASS []
underside_Body_IMU PASS []
underside_Head_Buck PASS []
underside_Wheel_Buck PASS []
top_MCU_Carrier PASS []
top_Power_Module PASS []
join_populated_frame_to_drive PASS []
fixed_yaw_bridge PASS []
yaw_bearing PASS []
rotating_yoke PASS []
pitch_servo_on_detached_yoke PASS []
yaw_servo_on_detached_yoke PASS []
bare_cradle_before_short_shafts PASS []
LCD_to_detached_fork PASS []
optical_fork_to_head_cradle PASS []
wheel_on_shaft_L PASS []
wheel_on_shaft_R PASS []
Blender 5.2.2 LTS (hash d13f752e3b9c built 2026-09-15 01:49:19)

Blender quit
