00:00.303  blend            | Read blend: "/Users/dean/Documents/MORI/mechanical/mori_v1_2.blend"
fixed_bridge_after_upper_shell FAIL [{'travel_mm': 11.5, 'moving': 'Yaw_Base', 'fixed': 'Body_Upper', 'volume_mm3': 0.7745896283661585}, {'travel_mm': 12.0, 'moving': 'Yaw_Base', 'fixed': 'Body_Upper', 'volume_mm3': 4.279185142703882}]
yoke_after_upper_shell PASS []
ORDER upper_shell_around_fixed_bridge FAIL [{'pose': 72, 'moving': 'Speaker', 'fixed': 'Yaw_Base', 'volume_mm3': 0.21603855724947718}, {'pose': 73, 'moving': 'Speaker', 'fixed': 'Yaw_Base', 'volume_mm3': 1.07744371387711}]
ORDER shell_carrying_loose_bridge FAIL [{'pose': 4, 'moving': 'Yaw_Base', 'fixed': 'Load_Frame', 'volume_mm3': 0.3225403532763654}, {'pose': 5, 'moving': 'Yaw_Base', 'fixed': 'Load_Frame', 'volume_mm3': 1.8740353079847134}]
ORDER upper_shell_without_speaker_around_fixed_bridge FAIL [{'pose': 96, 'moving': 'Body_Upper', 'fixed': 'Yaw_Base', 'volume_mm3': 0.16726199496639857}, {'pose': 97, 'moving': 'Body_Upper', 'fixed': 'Yaw_Base', 'volume_mm3': 0.8958605107298189}]
bridge_into_detached_shell_from_below PASS []
SHORT_TOOL Yaw_Base_-1_Screw 16 0
SHORT_TOOL Yaw_Base_-1_Screw 20 0
SHORT_TOOL Yaw_Base_-1_Screw 24 0
bridge_screw_from_open_bottom_Yaw_Base_-1_Screw FAIL [{'travel_mm': 2.0, 'moving': 'Yaw_Base_-1_Screw', 'fixed': 'Body_Upper', 'volume_mm3': 5.503208749559765}, {'travel_mm': 2.5, 'moving': 'Yaw_Base_-1_Screw', 'fixed': 'Body_Upper', 'volume_mm3': 17.37549690937848}]
SHORT_TOOL Yaw_Base_1_Screw 16 0
SHORT_TOOL Yaw_Base_1_Screw 20 0
SHORT_TOOL Yaw_Base_1_Screw 24 0
bridge_screw_from_open_bottom_Yaw_Base_1_Screw FAIL [{'travel_mm': 2.0, 'moving': 'Yaw_Base_1_Screw', 'fixed': 'Body_Upper', 'volume_mm3': 5.503208749559778}, {'travel_mm': 2.5, 'moving': 'Yaw_Base_1_Screw', 'fixed': 'Body_Upper', 'volume_mm3': 17.375496909378494}]
speaker_after_shell_y0 FAIL [{'travel_mm': 9.0, 'moving': 'Speaker', 'fixed': 'Body_Upper', 'volume_mm3': 0.3794619038369676}, {'travel_mm': 10.0, 'moving': 'Speaker', 'fixed': 'Body_Upper', 'volume_mm3': 8.823265269411865}]
speaker_after_shell_y-3 FAIL [{'travel_mm': 14.0, 'moving': 'Speaker', 'fixed': 'Body_Upper', 'volume_mm3': 0.45331330428068445}, {'travel_mm': 15.0, 'moving': 'Speaker', 'fixed': 'Body_Upper', 'volume_mm3': 1.2718643423901625}]
speaker_after_shell_y-5 PASS []
speaker_after_shell_y-8 PASS []
speaker_after_shell_y-10 PASS []
SPEAKER_TOOL Speaker_Screw_-1 [{'part': 'Load_Frame', 'volume_mm3': 118.85677683471316, 'piece': 'shaft'}, {'part': 'Head_Buck', 'volume_mm3': 7.1661676970776504, 'piece': 'shaft'}, {'part': 'Head_Buck_Screw_0', 'volume_mm3': 6.930823476376375, 'piece': 'handle'}]
SPEAKER_TOOL Speaker_Screw_1 [{'part': 'Load_Frame', 'volume_mm3': 118.85677683471317, 'piece': 'shaft'}, {'part': 'Wheel_Buck', 'volume_mm3': 14.187046203546814, 'piece': 'shaft'}, {'part': 'Wheel_Buck', 'volume_mm3': 236.737446974871, 'piece': 'handle'}]
SEQUENCE BLOCKED [('Yaw_Base_-1_Screw', 'FAIL'), ('Yaw_Base_1_Screw', 'FAIL')]
Blender 5.2.2 LTS (hash d13f752e3b9c built 2026-09-15 01:49:19)

Blender quit
