00:00.420  blend            | Read blend: "/Users/dean/Documents/MORI/mechanical/mori_v1_2.blend"
00:01.163  render           | Saved: '/Users/dean/Documents/MORI/mechanical/renders/parts/Battery.png'
PART_PREVIEW 1 151 MORI_V1__Battery
00:01.551  render           | Saved: '/Users/dean/Documents/MORI/mechanical/renders/parts/Battery_Pad_-38.0.png'
PART_PREVIEW 2 151 MORI_V1__Battery_Pad_-38.0
00:01.943  render           | Saved: '/Users/dean/Documents/MORI/mechanical/renders/parts/Battery_Pad_38.0.png'
PART_PREVIEW 3 151 MORI_V1__Battery_Pad_38.0
00:02.341  render           | Saved: '/Users/dean/Documents/MORI/mechanical/renders/parts/Battery_Pad_Base.png'
PART_PREVIEW 4 151 MORI_V1__Battery_Pad_Base
00:02.725  render           | Saved: '/Users/dean/Documents/MORI/mechanical/renders/parts/Battery_Retainer_Insert_-1.png'
PART_PREVIEW 5 151 MORI_V1__Battery_Retainer_Insert_-1
00:03.109  render           | Saved: '/Users/dean/Documents/MORI/mechanical/renders/parts/Battery_Retainer_Insert_1.png'
PART_PREVIEW 6 151 MORI_V1__Battery_Retainer_Insert_1
00:03.505  render           | Saved: '/Users/dean/Documents/MORI/mechanical/renders/parts/Battery_Retainer_Screw_-1.png'
PART_PREVIEW 7 151 MORI_V1__Battery_Retainer_Screw_-1
00:03.892  render           | Saved: '/Users/dean/Documents/MORI/mechanical/renders/parts/Battery_Retainer_Screw_1.png'
PART_PREVIEW 8 151 MORI_V1__Battery_Retainer_Screw_1
00:04.298  render           | Saved: '/Users/dean/Documents/MORI/mechanical/renders/parts/Battery_Tray.png'
PART_PREVIEW 9 151 MORI_V1__Battery_Tray
00:04.708  render           | Saved: '/Users/dean/Documents/MORI/mechanical/renders/parts/Body_IMU.png'
PART_PREVIEW 10 151 MORI_V1__Body_IMU
00:05.176  render           | Saved: '/Users/dean/Documents/MORI/mechanical/renders/parts/Body_Lower.png'
PART_PREVIEW 11 151 MORI_V1__Body_Lower
00:05.613  render           | Saved: '/Users/dean/Documents/MORI/mechanical/renders/parts/Body_Upper.png'
PART_PREVIEW 12 151 MORI_V1__Body_Upper
00:06.033  render           | Saved: '/Users/dean/Documents/MORI/mechanical/renders/parts/CAM_Mainboard.png'
PART_PREVIEW 13 151 MORI_V1__CAM_Mainboard
00:06.464  render           | Saved: '/Users/dean/Documents/MORI/mechanical/renders/parts/Camera_Lens.png'
PART_PREVIEW 14 151 MORI_V1__Camera_Lens
00:06.907  render           | Saved: '/Users/dean/Documents/MORI/mechanical/renders/parts/Camera_PCB.png'
PART_PREVIEW 15 151 MORI_V1__Camera_PCB
00:07.332  render           | Saved: '/Users/dean/Documents/MORI/mechanical/renders/parts/Camera_Window.png'
PART_PREVIEW 16 151 MORI_V1__Camera_Window
00:07.732  render           | Saved: '/Users/dean/Documents/MORI/mechanical/renders/parts/Carrier_Insert_0.png'
PART_PREVIEW 17 151 MORI_V1__Carrier_Insert_0
00:08.120  render           | Saved: '/Users/dean/Documents/MORI/mechanical/renders/parts/Carrier_Insert_1.png'
PART_PREVIEW 18 151 MORI_V1__Carrier_Insert_1
00:08.507  render           | Saved: '/Users/dean/Documents/MORI/mechanical/renders/parts/Carrier_Insert_2.png'
PART_PREVIEW 19 151 MORI_V1__Carrier_Insert_2
00:08.886  render           | Saved: '/Users/dean/Documents/MORI/mechanical/renders/parts/Carrier_Insert_3.png'
PART_PREVIEW 20 151 MORI_V1__Carrier_Insert_3
00:09.275  render           | Saved: '/Users/dean/Documents/MORI/mechanical/renders/parts/Carrier_Screw_0.png'
PART_PREVIEW 21 151 MORI_V1__Carrier_Screw_0
00:09.658  render           | Saved: '/Users/dean/Documents/MORI/mechanical/renders/parts/Carrier_Screw_1.png'
PART_PREVIEW 22 151 MORI_V1__Carrier_Screw_1
00:10.050  render           | Saved: '/Users/dean/Documents/MORI/mechanical/renders/parts/Carrier_Screw_2.png'
PART_PREVIEW 23 151 MORI_V1__Carrier_Screw_2
00:10.443  render           | Saved: '/Users/dean/Documents/MORI/mechanical/renders/parts/Carrier_Screw_3.png'
PART_PREVIEW 24 151 MORI_V1__Carrier_Screw_3
00:10.857  render           | Saved: '/Users/dean/Documents/MORI/mechanical/renders/parts/Coupon_Insert.png'
PART_PREVIEW 25 151 MORI_V1__Coupon_Insert
00:11.304  render           | Saved: '/Users/dean/Documents/MORI/mechanical/renders/parts/Coupon_Mating_Tab.png'
PART_PREVIEW 26 151 MORI_V1__Coupon_Mating_Tab
00:11.712  render           | Saved: '/Users/dean/Documents/MORI/mechanical/renders/parts/Coupon_Plane_Fit.png'
PART_PREVIEW 27 151 MORI_V1__Coupon_Plane_Fit
00:12.118  render           | Saved: '/Users/dean/Documents/MORI/mechanical/renders/parts/Display_Frame.png'
PART_PREVIEW 28 151 MORI_V1__Display_Frame
00:12.769  render           | Saved: '/Users/dean/Documents/MORI/mechanical/renders/parts/Display_PCB.png'
PART_PREVIEW 29 151 MORI_V1__Display_PCB
00:13.181  render           | Saved: '/Users/dean/Documents/MORI/mechanical/renders/parts/Dock_Pad_0.png'
PART_PREVIEW 30 151 MORI_V1__Dock_Pad_0
00:13.592  render           | Saved: '/Users/dean/Documents/MORI/mechanical/renders/parts/Dock_Pad_1.png'
PART_PREVIEW 31 151 MORI_V1__Dock_Pad_1
00:14.003  render           | Saved: '/Users/dean/Documents/MORI/mechanical/renders/parts/Dock_Pad_2.png'
PART_PREVIEW 32 151 MORI_V1__Dock_Pad_2
00:14.431  render           | Saved: '/Users/dean/Documents/MORI/mechanical/renders/parts/Dock_Pad_3.png'
PART_PREVIEW 33 151 MORI_V1__Dock_Pad_3
00:14.856  render           | Saved: '/Users/dean/Documents/MORI/mechanical/renders/parts/Drive_Bridge.png'
PART_PREVIEW 34 151 MORI_V1__Drive_Bridge
00:15.252  render           | Saved: '/Users/dean/Documents/MORI/mechanical/renders/parts/Drive_L_-8_Nut.png'
PART_PREVIEW 35 151 MORI_V1__Drive_L_-8_Nut
00:15.655  render           | Saved: '/Users/dean/Documents/MORI/mechanical/renders/parts/Drive_L_-8_Screw.png'
PART_PREVIEW 36 151 MORI_V1__Drive_L_-8_Screw
00:16.038  render           | Saved: '/Users/dean/Documents/MORI/mechanical/renders/parts/Drive_L_8_Nut.png'
PART_PREVIEW 37 151 MORI_V1__Drive_L_8_Nut
00:16.429  render           | Saved: '/Users/dean/Documents/MORI/mechanical/renders/parts/Drive_L_8_Screw.png'
PART_PREVIEW 38 151 MORI_V1__Drive_L_8_Screw
00:16.884  render           | Saved: '/Users/dean/Documents/MORI/mechanical/renders/parts/Drive_Motor_L.png'
PART_PREVIEW 39 151 MORI_V1__Drive_Motor_L
00:17.333  render           | Saved: '/Users/dean/Documents/MORI/mechanical/renders/parts/Drive_Motor_R.png'
PART_PREVIEW 40 151 MORI_V1__Drive_Motor_R
00:17.720  render           | Saved: '/Users/dean/Documents/MORI/mechanical/renders/parts/Drive_R_-8_Nut.png'
PART_PREVIEW 41 151 MORI_V1__Drive_R_-8_Nut
00:18.110  render           | Saved: '/Users/dean/Documents/MORI/mechanical/renders/parts/Drive_R_-8_Screw.png'
PART_PREVIEW 42 151 MORI_V1__Drive_R_-8_Screw
00:18.502  render           | Saved: '/Users/dean/Documents/MORI/mechanical/renders/parts/Drive_R_8_Nut.png'
PART_PREVIEW 43 151 MORI_V1__Drive_R_8_Nut
00:18.909  render           | Saved: '/Users/dean/Documents/MORI/mechanical/renders/parts/Drive_R_8_Screw.png'
PART_PREVIEW 44 151 MORI_V1__Drive_R_8_Screw
00:19.293  render           | Saved: '/Users/dean/Documents/MORI/mechanical/renders/parts/Face_Joint_-1_0.0_Nut.png'
PART_PREVIEW 45 151 MORI_V1__Face_Joint_-1_0.0_Nut
00:19.675  render           | Saved: '/Users/dean/Documents/MORI/mechanical/renders/parts/Face_Joint_-1_0.0_Screw.png'
PART_PREVIEW 46 151 MORI_V1__Face_Joint_-1_0.0_Screw
00:20.069  render           | Saved: '/Users/dean/Documents/MORI/mechanical/renders/parts/Face_Joint_-1_7.0_Nut.png'
PART_PREVIEW 47 151 MORI_V1__Face_Joint_-1_7.0_Nut
00:20.459  render           | Saved: '/Users/dean/Documents/MORI/mechanical/renders/parts/Face_Joint_-1_7.0_Screw.png'
PART_PREVIEW 48 151 MORI_V1__Face_Joint_-1_7.0_Screw
00:20.858  render           | Saved: '/Users/dean/Documents/MORI/mechanical/renders/parts/Face_Joint_1_0.0_Nut.png'
PART_PREVIEW 49 151 MORI_V1__Face_Joint_1_0.0_Nut
00:21.247  render           | Saved: '/Users/dean/Documents/MORI/mechanical/renders/parts/Face_Joint_1_0.0_Screw.png'
PART_PREVIEW 50 151 MORI_V1__Face_Joint_1_0.0_Screw
00:21.643  render           | Saved: '/Users/dean/Documents/MORI/mechanical/renders/parts/Face_Joint_1_7.0_Nut.png'
PART_PREVIEW 51 151 MORI_V1__Face_Joint_1_7.0_Nut
00:22.022  render           | Saved: '/Users/dean/Documents/MORI/mechanical/renders/parts/Face_Joint_1_7.0_Screw.png'
PART_PREVIEW 52 151 MORI_V1__Face_Joint_1_7.0_Screw
00:22.406  render           | Saved: '/Users/dean/Documents/MORI/mechanical/renders/parts/Face_Mask.png'
PART_PREVIEW 53 151 MORI_V1__Face_Mask
00:22.817  render           | Saved: '/Users/dean/Documents/MORI/mechanical/renders/parts/Face_Protector.png'
PART_PREVIEW 54 151 MORI_V1__Face_Protector
00:23.214  render           | Saved: '/Users/dean/Documents/MORI/mechanical/renders/parts/Frame_Insert_0.png'
PART_PREVIEW 55 151 MORI_V1__Frame_Insert_0
00:23.610  render           | Saved: '/Users/dean/Documents/MORI/mechanical/renders/parts/Frame_Insert_1.png'
PART_PREVIEW 56 151 MORI_V1__Frame_Insert_1
00:24.009  render           | Saved: '/Users/dean/Documents/MORI/mechanical/renders/parts/Frame_Insert_2.png'
PART_PREVIEW 57 151 MORI_V1__Frame_Insert_2
00:24.405  render           | Saved: '/Users/dean/Documents/MORI/mechanical/renders/parts/Frame_Insert_3.png'
PART_PREVIEW 58 151 MORI_V1__Frame_Insert_3
00:24.811  render           | Saved: '/Users/dean/Documents/MORI/mechanical/renders/parts/Frame_Screw_0.png'
PART_PREVIEW 59 151 MORI_V1__Frame_Screw_0
00:25.220  render           | Saved: '/Users/dean/Documents/MORI/mechanical/renders/parts/Frame_Screw_1.png'
PART_PREVIEW 60 151 MORI_V1__Frame_Screw_1
00:25.628  render           | Saved: '/Users/dean/Documents/MORI/mechanical/renders/parts/Frame_Screw_2.png'
PART_PREVIEW 61 151 MORI_V1__Frame_Screw_2
00:26.029  render           | Saved: '/Users/dean/Documents/MORI/mechanical/renders/parts/Frame_Screw_3.png'
PART_PREVIEW 62 151 MORI_V1__Frame_Screw_3
00:26.459  render           | Saved: '/Users/dean/Documents/MORI/mechanical/renders/parts/Head_Front.png'
PART_PREVIEW 63 151 MORI_V1__Head_Front
00:26.937  render           | Saved: '/Users/dean/Documents/MORI/mechanical/renders/parts/Head_Rear.png'
PART_PREVIEW 64 151 MORI_V1__Head_Rear
00:27.333  render           | Saved: '/Users/dean/Documents/MORI/mechanical/renders/parts/Head_Yaw_Ear_0_Nut.png'
PART_PREVIEW 65 151 MORI_V1__Head_Yaw_Ear_0_Nut
00:27.733  render           | Saved: '/Users/dean/Documents/MORI/mechanical/renders/parts/Head_Yaw_Ear_0_Screw.png'
PART_PREVIEW 66 151 MORI_V1__Head_Yaw_Ear_0_Screw
00:28.129  render           | Saved: '/Users/dean/Documents/MORI/mechanical/renders/parts/Head_Yaw_Ear_1_Nut.png'
PART_PREVIEW 67 151 MORI_V1__Head_Yaw_Ear_1_Nut
00:28.526  render           | Saved: '/Users/dean/Documents/MORI/mechanical/renders/parts/Head_Yaw_Ear_1_Screw.png'
PART_PREVIEW 68 151 MORI_V1__Head_Yaw_Ear_1_Screw
00:28.908  render           | Saved: '/Users/dean/Documents/MORI/mechanical/renders/parts/IMU_Insert_0.png'
PART_PREVIEW 69 151 MORI_V1__IMU_Insert_0
00:29.290  render           | Saved: '/Users/dean/Documents/MORI/mechanical/renders/parts/IMU_Insert_1.png'
PART_PREVIEW 70 151 MORI_V1__IMU_Insert_1
00:29.683  render           | Saved: '/Users/dean/Documents/MORI/mechanical/renders/parts/IMU_Screw_0.png'
PART_PREVIEW 71 151 MORI_V1__IMU_Screw_0
00:30.074  render           | Saved: '/Users/dean/Documents/MORI/mechanical/renders/parts/IMU_Screw_1.png'
PART_PREVIEW 72 151 MORI_V1__IMU_Screw_1
00:30.533  render           | Saved: '/Users/dean/Documents/MORI/mechanical/renders/parts/Load_Frame.png'
PART_PREVIEW 73 151 MORI_V1__Load_Frame
00:30.980  render           | Saved: '/Users/dean/Documents/MORI/mechanical/renders/parts/MCU_Carrier.png'
PART_PREVIEW 74 151 MORI_V1__MCU_Carrier
00:31.653  render           | Saved: '/Users/dean/Documents/MORI/mechanical/renders/parts/MCU_Motion.png'
PART_PREVIEW 75 151 MORI_V1__MCU_Motion
00:32.079  render           | Saved: '/Users/dean/Documents/MORI/mechanical/renders/parts/Mic_Duct_L.png'
PART_PREVIEW 76 151 MORI_V1__Mic_Duct_L
00:32.504  render           | Saved: '/Users/dean/Documents/MORI/mechanical/renders/parts/Mic_Duct_R.png'
PART_PREVIEW 77 151 MORI_V1__Mic_Duct_R
00:32.916  render           | Saved: '/Users/dean/Documents/MORI/mechanical/renders/parts/Motor_Retainer.png'
PART_PREVIEW 78 151 MORI_V1__Motor_Retainer
00:33.298  render           | Saved: '/Users/dean/Documents/MORI/mechanical/renders/parts/Motor_Retainer_Insert_0.png'
PART_PREVIEW 79 151 MORI_V1__Motor_Retainer_Insert_0
00:33.681  render           | Saved: '/Users/dean/Documents/MORI/mechanical/renders/parts/Motor_Retainer_Insert_1.png'
PART_PREVIEW 80 151 MORI_V1__Motor_Retainer_Insert_1
00:34.076  render           | Saved: '/Users/dean/Documents/MORI/mechanical/renders/parts/Motor_Retainer_Pad_-1.png'
PART_PREVIEW 81 151 MORI_V1__Motor_Retainer_Pad_-1
00:34.478  render           | Saved: '/Users/dean/Documents/MORI/mechanical/renders/parts/Motor_Retainer_Pad_1.png'
PART_PREVIEW 82 151 MORI_V1__Motor_Retainer_Pad_1
00:34.879  render           | Saved: '/Users/dean/Documents/MORI/mechanical/renders/parts/Motor_Retainer_Screw_0.png'
PART_PREVIEW 83 151 MORI_V1__Motor_Retainer_Screw_0
00:35.280  render           | Saved: '/Users/dean/Documents/MORI/mechanical/renders/parts/Motor_Retainer_Screw_1.png'
PART_PREVIEW 84 151 MORI_V1__Motor_Retainer_Screw_1
00:35.662  render           | Saved: '/Users/dean/Documents/MORI/mechanical/renders/parts/Onboard_MIC_L.png'
PART_PREVIEW 85 151 MORI_V1__Onboard_MIC_L
00:36.050  render           | Saved: '/Users/dean/Documents/MORI/mechanical/renders/parts/Onboard_MIC_R.png'
PART_PREVIEW 86 151 MORI_V1__Onboard_MIC_R
00:36.506  render           | Saved: '/Users/dean/Documents/MORI/mechanical/renders/parts/Parking_Cradle.png'
PART_PREVIEW 87 151 MORI_V1__Parking_Cradle
00:36.953  render           | Saved: '/Users/dean/Documents/MORI/mechanical/renders/parts/Pitch_Bearing_L.png'
PART_PREVIEW 88 151 MORI_V1__Pitch_Bearing_L
00:37.391  render           | Saved: '/Users/dean/Documents/MORI/mechanical/renders/parts/Pitch_Bearing_R.png'
PART_PREVIEW 89 151 MORI_V1__Pitch_Bearing_R
00:37.814  render           | Saved: '/Users/dean/Documents/MORI/mechanical/renders/parts/Pitch_Cradle.png'
PART_PREVIEW 90 151 MORI_V1__Pitch_Cradle
00:38.213  render           | Saved: '/Users/dean/Documents/MORI/mechanical/renders/parts/Pitch_Horn.png'
PART_PREVIEW 91 151 MORI_V1__Pitch_Horn
00:38.587  render           | Saved: '/Users/dean/Documents/MORI/mechanical/renders/parts/Pitch_Lock_Screw.png'
PART_PREVIEW 92 151 MORI_V1__Pitch_Lock_Screw
00:38.980  render           | Saved: '/Users/dean/Documents/MORI/mechanical/renders/parts/Pitch_Output.png'
PART_PREVIEW 93 151 MORI_V1__Pitch_Output
00:39.412  render           | Saved: '/Users/dean/Documents/MORI/mechanical/renders/parts/Pitch_Servo.png'
PART_PREVIEW 94 151 MORI_V1__Pitch_Servo
00:39.854  render           | Saved: '/Users/dean/Documents/MORI/mechanical/renders/parts/Pitch_Trunnion_L.png'
PART_PREVIEW 95 151 MORI_V1__Pitch_Trunnion_L
00:40.302  render           | Saved: '/Users/dean/Documents/MORI/mechanical/renders/parts/Pitch_Trunnion_R.png'
PART_PREVIEW 96 151 MORI_V1__Pitch_Trunnion_R
00:40.739  render           | Saved: '/Users/dean/Documents/MORI/mechanical/renders/parts/Pitch_Yoke.png'
PART_PREVIEW 97 151 MORI_V1__Pitch_Yoke
00:41.172  render           | Saved: '/Users/dean/Documents/MORI/mechanical/renders/parts/Power_Module.png'
PART_PREVIEW 98 151 MORI_V1__Power_Module
00:41.617  render           | Saved: '/Users/dean/Documents/MORI/mechanical/renders/parts/Power_Switch.png'
PART_PREVIEW 99 151 MORI_V1__Power_Switch
00:42.014  render           | Saved: '/Users/dean/Documents/MORI/mechanical/renders/parts/Rear_Interface_Insert_0.png'
PART_PREVIEW 100 151 MORI_V1__Rear_Interface_Insert_0
00:42.403  render           | Saved: '/Users/dean/Documents/MORI/mechanical/renders/parts/Rear_Interface_Insert_1.png'
PART_PREVIEW 101 151 MORI_V1__Rear_Interface_Insert_1
00:42.800  render           | Saved: '/Users/dean/Documents/MORI/mechanical/renders/parts/Rear_Interface_PCB.png'
PART_PREVIEW 102 151 MORI_V1__Rear_Interface_PCB
00:43.195  render           | Saved: '/Users/dean/Documents/MORI/mechanical/renders/parts/Rear_Interface_Screw_0.png'
PART_PREVIEW 103 151 MORI_V1__Rear_Interface_Screw_0
00:43.592  render           | Saved: '/Users/dean/Documents/MORI/mechanical/renders/parts/Rear_Interface_Screw_1.png'
PART_PREVIEW 104 151 MORI_V1__Rear_Interface_Screw_1
00:44.013  render           | Saved: '/Users/dean/Documents/MORI/mechanical/renders/parts/S288_Output_L_Inner.png'
PART_PREVIEW 105 151 MORI_V1__S288_Output_L_Inner
00:44.435  render           | Saved: '/Users/dean/Documents/MORI/mechanical/renders/parts/S288_Output_L_Outer.png'
PART_PREVIEW 106 151 MORI_V1__S288_Output_L_Outer
00:44.847  render           | Saved: '/Users/dean/Documents/MORI/mechanical/renders/parts/S288_Output_R_Inner.png'
PART_PREVIEW 107 151 MORI_V1__S288_Output_R_Inner
00:45.263  render           | Saved: '/Users/dean/Documents/MORI/mechanical/renders/parts/S288_Output_R_Outer.png'
PART_PREVIEW 108 151 MORI_V1__S288_Output_R_Outer
00:45.664  render           | Saved: '/Users/dean/Documents/MORI/mechanical/renders/parts/Shell_Insert_0.png'
PART_PREVIEW 109 151 MORI_V1__Shell_Insert_0
00:46.066  render           | Saved: '/Users/dean/Documents/MORI/mechanical/renders/parts/Shell_Insert_1.png'
PART_PREVIEW 110 151 MORI_V1__Shell_Insert_1
00:46.456  render           | Saved: '/Users/dean/Documents/MORI/mechanical/renders/parts/Shell_Insert_2.png'
PART_PREVIEW 111 151 MORI_V1__Shell_Insert_2
00:46.846  render           | Saved: '/Users/dean/Documents/MORI/mechanical/renders/parts/Shell_Insert_3.png'
PART_PREVIEW 112 151 MORI_V1__Shell_Insert_3
00:47.251  render           | Saved: '/Users/dean/Documents/MORI/mechanical/renders/parts/Shell_Screw_0.png'
PART_PREVIEW 113 151 MORI_V1__Shell_Screw_0
00:47.646  render           | Saved: '/Users/dean/Documents/MORI/mechanical/renders/parts/Shell_Screw_1.png'
PART_PREVIEW 114 151 MORI_V1__Shell_Screw_1
00:48.046  render           | Saved: '/Users/dean/Documents/MORI/mechanical/renders/parts/Shell_Screw_2.png'
PART_PREVIEW 115 151 MORI_V1__Shell_Screw_2
00:48.443  render           | Saved: '/Users/dean/Documents/MORI/mechanical/renders/parts/Shell_Screw_3.png'
PART_PREVIEW 116 151 MORI_V1__Shell_Screw_3
00:48.873  render           | Saved: '/Users/dean/Documents/MORI/mechanical/renders/parts/Speaker.png'
PART_PREVIEW 117 151 MORI_V1__Speaker
00:49.260  render           | Saved: '/Users/dean/Documents/MORI/mechanical/renders/parts/Speaker_Gasket.png'
PART_PREVIEW 118 151 MORI_V1__Speaker_Gasket
00:49.658  render           | Saved: '/Users/dean/Documents/MORI/mechanical/renders/parts/Speaker_Insert_-1.png'
PART_PREVIEW 119 151 MORI_V1__Speaker_Insert_-1
00:50.057  render           | Saved: '/Users/dean/Documents/MORI/mechanical/renders/parts/Speaker_Insert_1.png'
PART_PREVIEW 120 151 MORI_V1__Speaker_Insert_1
00:50.529  render           | Saved: '/Users/dean/Documents/MORI/mechanical/renders/parts/Speaker_Mount.png'
PART_PREVIEW 121 151 MORI_V1__Speaker_Mount
00:50.931  render           | Saved: '/Users/dean/Documents/MORI/mechanical/renders/parts/Speaker_Screw_-1.png'
PART_PREVIEW 122 151 MORI_V1__Speaker_Screw_-1
00:51.327  render           | Saved: '/Users/dean/Documents/MORI/mechanical/renders/parts/Speaker_Screw_1.png'
PART_PREVIEW 123 151 MORI_V1__Speaker_Screw_1
00:51.719  render           | Saved: '/Users/dean/Documents/MORI/mechanical/renders/parts/Tire_L.png'
PART_PREVIEW 124 151 MORI_V1__Tire_L
00:52.119  render           | Saved: '/Users/dean/Documents/MORI/mechanical/renders/parts/Tire_R.png'
PART_PREVIEW 125 151 MORI_V1__Tire_R
00:52.559  render           | Saved: '/Users/dean/Documents/MORI/mechanical/renders/parts/USB_Receptacle.png'
PART_PREVIEW 126 151 MORI_V1__USB_Receptacle
00:52.933  render           | Saved: '/Users/dean/Documents/MORI/mechanical/renders/parts/Wheel_Axle_L.png'
PART_PREVIEW 127 151 MORI_V1__Wheel_Axle_L
00:53.309  render           | Saved: '/Users/dean/Documents/MORI/mechanical/renders/parts/Wheel_Axle_R.png'
PART_PREVIEW 128 151 MORI_V1__Wheel_Axle_R
00:53.739  render           | Saved: '/Users/dean/Documents/MORI/mechanical/renders/parts/Wheel_Bearing_L_33.png'
PART_PREVIEW 129 151 MORI_V1__Wheel_Bearing_L_33
00:54.192  render           | Saved: '/Users/dean/Documents/MORI/mechanical/renders/parts/Wheel_Bearing_L_39.png'
PART_PREVIEW 130 151 MORI_V1__Wheel_Bearing_L_39
00:54.636  render           | Saved: '/Users/dean/Documents/MORI/mechanical/renders/parts/Wheel_Bearing_R_33.png'
PART_PREVIEW 131 151 MORI_V1__Wheel_Bearing_R_33
00:55.084  render           | Saved: '/Users/dean/Documents/MORI/mechanical/renders/parts/Wheel_Bearing_R_39.png'
PART_PREVIEW 132 151 MORI_V1__Wheel_Bearing_R_39
00:55.499  render           | Saved: '/Users/dean/Documents/MORI/mechanical/renders/parts/Wheel_Coupler_L.png'
PART_PREVIEW 133 151 MORI_V1__Wheel_Coupler_L
00:55.921  render           | Saved: '/Users/dean/Documents/MORI/mechanical/renders/parts/Wheel_Coupler_R.png'
PART_PREVIEW 134 151 MORI_V1__Wheel_Coupler_R
00:56.350  render           | Saved: '/Users/dean/Documents/MORI/mechanical/renders/parts/Wheel_Hub_L.png'
PART_PREVIEW 135 151 MORI_V1__Wheel_Hub_L
00:56.829  render           | Saved: '/Users/dean/Documents/MORI/mechanical/renders/parts/Wheel_Hub_R.png'
PART_PREVIEW 136 151 MORI_V1__Wheel_Hub_R
00:57.252  render           | Saved: '/Users/dean/Documents/MORI/mechanical/renders/parts/Yaw_Base.png'
PART_PREVIEW 137 151 MORI_V1__Yaw_Base
00:57.645  render           | Saved: '/Users/dean/Documents/MORI/mechanical/renders/parts/Yaw_Base_-1_Nut.png'
PART_PREVIEW 138 151 MORI_V1__Yaw_Base_-1_Nut
00:58.039  render           | Saved: '/Users/dean/Documents/MORI/mechanical/renders/parts/Yaw_Base_-1_Screw.png'
PART_PREVIEW 139 151 MORI_V1__Yaw_Base_-1_Screw
00:58.434  render           | Saved: '/Users/dean/Documents/MORI/mechanical/renders/parts/Yaw_Base_1_Nut.png'
PART_PREVIEW 140 151 MORI_V1__Yaw_Base_1_Nut
00:58.822  render           | Saved: '/Users/dean/Documents/MORI/mechanical/renders/parts/Yaw_Base_1_Screw.png'
PART_PREVIEW 141 151 MORI_V1__Yaw_Base_1_Screw
00:59.243  render           | Saved: '/Users/dean/Documents/MORI/mechanical/renders/parts/Yaw_Bearing.png'
PART_PREVIEW 142 151 MORI_V1__Yaw_Bearing
00:59.641  render           | Saved: '/Users/dean/Documents/MORI/mechanical/renders/parts/Yaw_Horn.png'
PART_PREVIEW 143 151 MORI_V1__Yaw_Horn
01:00.040  render           | Saved: '/Users/dean/Documents/MORI/mechanical/renders/parts/Yaw_Lock_Screw.png'
PART_PREVIEW 144 151 MORI_V1__Yaw_Lock_Screw
01:00.437  render           | Saved: '/Users/dean/Documents/MORI/mechanical/renders/parts/Yaw_Output.png'
PART_PREVIEW 145 151 MORI_V1__Yaw_Output
01:00.835  render           | Saved: '/Users/dean/Documents/MORI/mechanical/renders/parts/Yaw_Reaction_Clamp_Nut.png'
PART_PREVIEW 146 151 MORI_V1__Yaw_Reaction_Clamp_Nut
01:01.220  render           | Saved: '/Users/dean/Documents/MORI/mechanical/renders/parts/Yaw_Reaction_Clamp_Screw.png'
PART_PREVIEW 147 151 MORI_V1__Yaw_Reaction_Clamp_Screw
01:01.623  render           | Saved: '/Users/dean/Documents/MORI/mechanical/renders/parts/Yaw_Reaction_Link.png'
PART_PREVIEW 148 151 MORI_V1__Yaw_Reaction_Link
01:02.021  render           | Saved: '/Users/dean/Documents/MORI/mechanical/renders/parts/Yaw_Reaction_Retainer_Nut.png'
PART_PREVIEW 149 151 MORI_V1__Yaw_Reaction_Retainer_Nut
01:02.397  render           | Saved: '/Users/dean/Documents/MORI/mechanical/renders/parts/Yaw_Reaction_Retainer_Screw.png'
PART_PREVIEW 150 151 MORI_V1__Yaw_Reaction_Retainer_Screw
01:02.822  render           | Saved: '/Users/dean/Documents/MORI/mechanical/renders/parts/Yaw_Servo.png'
PART_PREVIEW 151 151 MORI_V1__Yaw_Servo
CATALOG_COMPLETE
Blender 5.2.1 LTS (hash 9e2066aef7ef built 2026-08-25 01:35:57)

Blender quit
