12:51:38 AM: Debug: Adding duplicate image handler for 'PNG file'
12:51:38 AM: Debug: Adding duplicate image handler for 'JPEG file'
12:51:38 AM: Debug: Adding duplicate image handler for 'TIFF file'
12:51:38 AM: Debug: Adding duplicate image handler for 'GIF file'
12:51:38 AM: Debug: Adding duplicate image handler for 'PNM file'
12:51:38 AM: Debug: Adding duplicate image handler for 'PCX file'
12:51:38 AM: Debug: Adding duplicate image handler for 'IFF file'
12:51:38 AM: Debug: Adding duplicate image handler for 'Windows icon file'
12:51:38 AM: Debug: Adding duplicate image handler for 'Windows cursor file'
12:51:38 AM: Debug: Adding duplicate image handler for 'Windows animated cursor file'
12:51:38 AM: Debug: Adding duplicate image handler for 'TGA file'
12:51:38 AM: Debug: Adding duplicate image handler for 'XPM file'
12:51:38 AM: Debug: Adding duplicate image handler for 'PNG file'
12:51:38 AM: Debug: Adding duplicate image handler for 'JPEG file'
12:51:38 AM: Debug: Adding duplicate image handler for 'TIFF file'
12:51:38 AM: Debug: Adding duplicate image handler for 'GIF file'
12:51:38 AM: Debug: Adding duplicate image handler for 'PNM file'
12:51:38 AM: Debug: Adding duplicate image handler for 'PCX file'
12:51:38 AM: Debug: Adding duplicate image handler for 'IFF file'
12:51:38 AM: Debug: Adding duplicate image handler for 'Windows icon file'
12:51:38 AM: Debug: Adding duplicate image handler for 'Windows cursor file'
12:51:38 AM: Debug: Adding duplicate image handler for 'Windows animated cursor file'
12:51:38 AM: Debug: Adding duplicate image handler for 'TGA file'
12:51:38 AM: Debug: Adding duplicate image handler for 'XPM file'
12:51:38 AM: Debug: Adding duplicate image handler for 'PNG file'
12:51:38 AM: Debug: Adding duplicate image handler for 'JPEG file'
12:51:38 AM: Debug: Adding duplicate image handler for 'TIFF file'
12:51:38 AM: Debug: Adding duplicate image handler for 'GIF file'
12:51:38 AM: Debug: Adding duplicate image handler for 'PNM file'
12:51:38 AM: Debug: Adding duplicate image handler for 'PCX file'
12:51:38 AM: Debug: Adding duplicate image handler for 'IFF file'
12:51:38 AM: Debug: Adding duplicate image handler for 'Windows icon file'
12:51:38 AM: Debug: Adding duplicate image handler for 'Windows cursor file'
12:51:38 AM: Debug: Adding duplicate image handler for 'Windows animated cursor file'
12:51:38 AM: Debug: Adding duplicate image handler for 'TGA file'
12:51:38 AM: Debug: Adding duplicate image handler for 'XPM file'
/BAT_ADC_IN initial islands 2
/BAT_ADC_IN 459688 [{'layer': 'F.Cu', 'points': [(58.5, 10.0), (54.75, 13.75), (38.3, 13.75)]}, {'layer': 'B.Cu', 'points': [(38.3, 13.75), (35.3, 16.75)]}, {'layer': 'F.Cu', 'points': [(35.3, 16.75), (34.9, 17.15), (29.9, 17.15), (24.9, 22.15), (13.3, 22.15)]}, {'layer': 'B.Cu', 'points': [(13.3, 22.15), (11.125, 22.15), (11.125, 24.175)]}] vias [(38.3, 13.75), (35.3, 16.75), (13.3, 22.15)]
/WHEEL_ADC_IN initial islands 2
/WHEEL_ADC_IN 772254 [{'layer': 'F.Cu', 'points': [(60.5, 10.0), (56.45, 5.95), (48.2, 5.95), (48.2, 4.45)]}, {'layer': 'B.Cu', 'points': [(48.2, 4.45), (44.6, 0.8500000000000001), (5.7, 0.85), (5.7, 7.55)]}, {'layer': 'F.Cu', 'points': [(5.7, 7.55), (9.2, 11.049999999999999), (9.2, 20.15), (13.0, 23.95)]}, {'layer': 'B.Cu', 'points': [(13.0, 23.95), (13.225000000000001, 24.175), (14.225, 24.175)]}] vias [(48.2, 4.45), (5.7, 7.55), (13.0, 23.95)]
/CURRENT_ADC_IN initial islands 2
/CURRENT_ADC_IN 775729 [{'layer': 'F.Cu', 'points': [(62.5, 10.0), (68.1, 15.599999999999994), (68.1, 27.85), (62.6, 33.349999999999994), (62.6, 34.25), (5.7, 34.25), (5.7, 28.85), (8.600000000000001, 25.95), (15.6, 25.95)]}, {'layer': 'B.Cu', 'points': [(15.6, 25.95), (17.375, 24.175), (17.625, 24.175)]}] vias [(15.6, 25.95)]
/CAM_TX initial islands 2
/CAM_TX 947069 [{'layer': 'F.Cu', 'points': [(52.5, 18.0), (52.5, 15.75), (59.2, 15.75)]}, {'layer': 'B.Cu', 'points': [(59.2, 15.75), (66.6, 15.75), (66.6, 5.65), (62.6, 1.6500000000000075), (62.6, 0.75), (45.5, 0.75)]}, {'layer': 'F.Cu', 'points': [(45.5, 0.75), (5.4, 0.75), (5.4, 6.85), (4.9, 7.35), (4.9, 7.75), (6.0, 8.85), (6.0, 11.35)]}, {'layer': 'B.Cu', 'points': [(6.0, 11.35), (7.399999999999999, 11.35), (10.7, 14.65), (10.7, 15.75)]}, {'layer': 'F.Cu', 'points': [(10.7, 15.75), (13.5, 18.55), (22.4, 18.55), (26.5, 14.45), (32.4, 14.45), (33.099999999999994, 13.75)]}, {'layer': 'B.Cu', 'points': [(33.1, 13.75), (33.1, 11.85), (37.45, 11.85), (37.45, 10.75)]}] vias [(59.2, 15.75), (45.5, 0.75), (6.0, 11.35), (10.7, 15.75), (33.1, 13.75)]
/CHG_N initial islands 2
NO PATH DIAGNOSTIC /CHG_N start [(284, 267, 0), (284, 268, 0), (284, 269, 0), (284, 270, 0), (284, 274, 0), (284, 275, 0), (284, 276, 0), (284, 277, 0), (285, 267, 0), (285, 268, 0)] target [(560, 94, 0), (560, 95, 0), (560, 96, 0), (560, 97, 0), (560, 102, 0), (560, 103, 0), (560, 104, 0), (561, 94, 0), (561, 95, 0), (561, 96, 0)] closest [(24.368063115479654, (335, 180, 0, 0)), (24.368063115479654, (335, 180, 0, 6)), (24.368063115479654, (335, 180, 0, 7)), (24.401280704094198, (335, 181, 0, 0)), (24.401280704094198, (335, 181, 0, 1)), (24.401280704094198, (335, 181, 0, 2)), (24.401280704094198, (335, 181, 0, 6)), (24.401280704094198, (335, 181, 0, 7))]
Traceback (most recent call last):
  File "/Users/dean/Documents/MORI/hardware/v1_2/reviews/weact_E_J3_20260930/route_adc_priority.py", line 28, in <module>
    r.START_OPTIONS=options[0];plans.append(r.plan(net,options[0][0],options[1]))
  File "/Users/dean/Documents/MORI/hardware/v1_2/reviews/weact_E_J3_20260930/route_motion_P5R7.py", line 143, in plan
    assert end,(net,'no path',visited)
AssertionError: ('/CHG_N', 'no path', 516153)
