12:49:57 AM: Debug: Adding duplicate image handler for 'PNG file'
12:49:57 AM: Debug: Adding duplicate image handler for 'JPEG file'
12:49:57 AM: Debug: Adding duplicate image handler for 'TIFF file'
12:49:57 AM: Debug: Adding duplicate image handler for 'GIF file'
12:49:57 AM: Debug: Adding duplicate image handler for 'PNM file'
12:49:57 AM: Debug: Adding duplicate image handler for 'PCX file'
12:49:57 AM: Debug: Adding duplicate image handler for 'IFF file'
12:49:57 AM: Debug: Adding duplicate image handler for 'Windows icon file'
12:49:57 AM: Debug: Adding duplicate image handler for 'Windows cursor file'
12:49:57 AM: Debug: Adding duplicate image handler for 'Windows animated cursor file'
12:49:57 AM: Debug: Adding duplicate image handler for 'TGA file'
12:49:57 AM: Debug: Adding duplicate image handler for 'XPM file'
12:49:57 AM: Debug: Adding duplicate image handler for 'PNG file'
12:49:57 AM: Debug: Adding duplicate image handler for 'JPEG file'
12:49:57 AM: Debug: Adding duplicate image handler for 'TIFF file'
12:49:57 AM: Debug: Adding duplicate image handler for 'GIF file'
12:49:57 AM: Debug: Adding duplicate image handler for 'PNM file'
12:49:57 AM: Debug: Adding duplicate image handler for 'PCX file'
12:49:57 AM: Debug: Adding duplicate image handler for 'IFF file'
12:49:57 AM: Debug: Adding duplicate image handler for 'Windows icon file'
12:49:57 AM: Debug: Adding duplicate image handler for 'Windows cursor file'
12:49:57 AM: Debug: Adding duplicate image handler for 'Windows animated cursor file'
12:49:57 AM: Debug: Adding duplicate image handler for 'TGA file'
12:49:57 AM: Debug: Adding duplicate image handler for 'XPM file'
/BAT_ADC_IN initial islands 2
NO PATH DIAGNOSTIC /BAT_ADC_IN start [(580, 94, 0), (580, 95, 0), (580, 96, 0), (580, 97, 0), (580, 102, 0), (580, 103, 0), (580, 104, 0), (581, 94, 0), (581, 95, 0), (581, 96, 0)] target [(106, 236, 2), (106, 237, 2), (106, 238, 2), (106, 239, 2), (106, 244, 2), (106, 245, 2), (106, 246, 2), (107, 236, 2), (107, 237, 2), (107, 238, 2)] closest [(24.4314313567713, (307, 154, 0, 4)), (24.522807670004394, (308, 154, 0, 4)), (24.61426033895215, (309, 154, 0, 4)), (24.70578839848947, (310, 154, 0, 4)), (24.797390898912653, (311, 154, 0, 4)), (24.889066905649496, (312, 154, 0, 4)), (24.980815498975463, (313, 154, 0, 4)), (25.072635773735765, (314, 154, 0, 4))]
Traceback (most recent call last):
  File "/Users/dean/Documents/MORI/hardware/v1_2/reviews/weact_E_J3_20260930/route_adc_corridor.py", line 24, in <module>
    r.START_OPTIONS=options[0];plans.append(r.plan(net,options[0][0],options[1]))
  File "/Users/dean/Documents/MORI/hardware/v1_2/reviews/weact_E_J3_20260930/route_motion_P5R7.py", line 143, in plan
    assert end,(net,'no path',visited)
AssertionError: ('/BAT_ADC_IN', 'no path', 350291)
