11:57:20 PM: Debug: Adding duplicate image handler for 'PNG file'
11:57:20 PM: Debug: Adding duplicate image handler for 'JPEG file'
11:57:20 PM: Debug: Adding duplicate image handler for 'TIFF file'
11:57:20 PM: Debug: Adding duplicate image handler for 'GIF file'
11:57:20 PM: Debug: Adding duplicate image handler for 'PNM file'
11:57:20 PM: Debug: Adding duplicate image handler for 'PCX file'
11:57:20 PM: Debug: Adding duplicate image handler for 'IFF file'
11:57:20 PM: Debug: Adding duplicate image handler for 'Windows icon file'
11:57:20 PM: Debug: Adding duplicate image handler for 'Windows cursor file'
11:57:20 PM: Debug: Adding duplicate image handler for 'Windows animated cursor file'
11:57:20 PM: Debug: Adding duplicate image handler for 'TGA file'
11:57:20 PM: Debug: Adding duplicate image handler for 'XPM file'
11:57:20 PM: Debug: Adding duplicate image handler for 'PNG file'
11:57:20 PM: Debug: Adding duplicate image handler for 'JPEG file'
11:57:20 PM: Debug: Adding duplicate image handler for 'TIFF file'
11:57:20 PM: Debug: Adding duplicate image handler for 'GIF file'
11:57:20 PM: Debug: Adding duplicate image handler for 'PNM file'
11:57:20 PM: Debug: Adding duplicate image handler for 'PCX file'
11:57:20 PM: Debug: Adding duplicate image handler for 'IFF file'
11:57:20 PM: Debug: Adding duplicate image handler for 'Windows icon file'
11:57:20 PM: Debug: Adding duplicate image handler for 'Windows cursor file'
11:57:20 PM: Debug: Adding duplicate image handler for 'Windows animated cursor file'
11:57:20 PM: Debug: Adding duplicate image handler for 'TGA file'
11:57:20 PM: Debug: Adding duplicate image handler for 'XPM file'
/CHG_N 47728 [{'layer': 'F.Cu', 'points': [(24.0792, 20.0152), (24.564, 20.5), (25.5, 20.5)]}, {'layer': 'B.Cu', 'points': [(25.5, 20.5), (27.2, 22.2), (27.2, 24.8), (26.8, 25.2)]}, {'layer': 'F.Cu', 'points': [(26.8, 25.2), (28.8544, 27.254399999999997), (28.8544, 31.5976)]}] vias [(25.5, 20.5), (26.8, 25.2)]
drc 0 发现 0 条违规项
发现 0 个未连接的项目
发现 0 个原理图一致性问题
保存 DRC 报告到 /Users/dean/Documents/MORI/hardware/v1_2/reviews/weact_E_J3_20260930/reports/motion/chg_clearance/drc.json
 Fontconfig error: Cannot load default config file: File not found

erc 0 发现 0 条违规项
已将 ERC 报告保存到文件 /Users/dean/Documents/MORI/hardware/v1_2/reviews/weact_E_J3_20260930/reports/motion/chg_clearance/erc.json
 Fontconfig error: Cannot load default config file: File not found

