11:28:51 PM: Debug: Adding duplicate image handler for 'PNG file'
11:28:51 PM: Debug: Adding duplicate image handler for 'JPEG file'
11:28:51 PM: Debug: Adding duplicate image handler for 'TIFF file'
11:28:51 PM: Debug: Adding duplicate image handler for 'GIF file'
11:28:51 PM: Debug: Adding duplicate image handler for 'PNM file'
11:28:51 PM: Debug: Adding duplicate image handler for 'PCX file'
11:28:51 PM: Debug: Adding duplicate image handler for 'IFF file'
11:28:51 PM: Debug: Adding duplicate image handler for 'Windows icon file'
11:28:51 PM: Debug: Adding duplicate image handler for 'Windows cursor file'
11:28:51 PM: Debug: Adding duplicate image handler for 'Windows animated cursor file'
11:28:51 PM: Debug: Adding duplicate image handler for 'TGA file'
11:28:51 PM: Debug: Adding duplicate image handler for 'XPM file'
11:28:52 PM: Debug: Adding duplicate image handler for 'PNG file'
11:28:52 PM: Debug: Adding duplicate image handler for 'JPEG file'
11:28:52 PM: Debug: Adding duplicate image handler for 'TIFF file'
11:28:52 PM: Debug: Adding duplicate image handler for 'GIF file'
11:28:52 PM: Debug: Adding duplicate image handler for 'PNM file'
11:28:52 PM: Debug: Adding duplicate image handler for 'PCX file'
11:28:52 PM: Debug: Adding duplicate image handler for 'IFF file'
11:28:52 PM: Debug: Adding duplicate image handler for 'Windows icon file'
11:28:52 PM: Debug: Adding duplicate image handler for 'Windows cursor file'
11:28:52 PM: Debug: Adding duplicate image handler for 'Windows animated cursor file'
11:28:52 PM: Debug: Adding duplicate image handler for 'TGA file'
11:28:52 PM: Debug: Adding duplicate image handler for 'XPM file'
11:28:52 PM: Debug: Adding duplicate image handler for 'PNG file'
11:28:52 PM: Debug: Adding duplicate image handler for 'JPEG file'
11:28:52 PM: Debug: Adding duplicate image handler for 'TIFF file'
11:28:52 PM: Debug: Adding duplicate image handler for 'GIF file'
11:28:52 PM: Debug: Adding duplicate image handler for 'PNM file'
11:28:52 PM: Debug: Adding duplicate image handler for 'PCX file'
11:28:52 PM: Debug: Adding duplicate image handler for 'IFF file'
11:28:52 PM: Debug: Adding duplicate image handler for 'Windows icon file'
11:28:52 PM: Debug: Adding duplicate image handler for 'Windows cursor file'
11:28:52 PM: Debug: Adding duplicate image handler for 'Windows animated cursor file'
11:28:52 PM: Debug: Adding duplicate image handler for 'TGA file'
11:28:52 PM: Debug: Adding duplicate image handler for 'XPM file'
NO PATH DIAGNOSTIC /CLR_N start [(90, 38, 0), (90, 39, 0), (90, 40, 0), (91, 38, 0), (91, 39, 0), (92, 38, 0), (82, 66, 0), (82, 67, 0), (82, 68, 0), (82, 69, 0)] target [(480, 279, 0), (481, 281, 0), (482, 281, 0), (483, 281, 0), (484, 280, 0), (484, 281, 0), (485, 280, 0), (485, 281, 0), (486, 280, 0), (486, 281, 0)] closest [(15.0, (335, 281, 0, 1)), (15.0, (335, 281, 0, 2)), (15.000333329629711, (335, 280, 0, 0)), (15.000333329629711, (335, 280, 0, 1)), (15.000333329629711, (335, 280, 0, 2)), (15.00133327407934, (335, 279, 0, 0)), (15.00133327407934, (335, 279, 0, 1)), (15.00133327407934, (335, 279, 0, 2))]
Traceback (most recent call last):
  File "/Users/dean/Documents/MORI/hardware/v1_2/reviews/weact_E_J3_20260930/route_CLR_outer.py", line 45, in <module>
    plan=r.plan('/CLR_N',((27,15.85),k.B_Cu),sorted(ends))
  File "/Users/dean/Documents/MORI/hardware/v1_2/reviews/weact_E_J3_20260930/route_motion_P5R7.py", line 142, in plan
    assert end,(net,'no path',visited)
AssertionError: ('/CLR_N', 'no path', 884063)
