11:33:49 PM: Debug: Adding duplicate image handler for 'PNG file'
11:33:49 PM: Debug: Adding duplicate image handler for 'JPEG file'
11:33:49 PM: Debug: Adding duplicate image handler for 'TIFF file'
11:33:49 PM: Debug: Adding duplicate image handler for 'GIF file'
11:33:49 PM: Debug: Adding duplicate image handler for 'PNM file'
11:33:49 PM: Debug: Adding duplicate image handler for 'PCX file'
11:33:49 PM: Debug: Adding duplicate image handler for 'IFF file'
11:33:49 PM: Debug: Adding duplicate image handler for 'Windows icon file'
11:33:49 PM: Debug: Adding duplicate image handler for 'Windows cursor file'
11:33:49 PM: Debug: Adding duplicate image handler for 'Windows animated cursor file'
11:33:49 PM: Debug: Adding duplicate image handler for 'TGA file'
11:33:49 PM: Debug: Adding duplicate image handler for 'XPM file'
11:33:49 PM: Debug: Adding duplicate image handler for 'PNG file'
11:33:49 PM: Debug: Adding duplicate image handler for 'JPEG file'
11:33:49 PM: Debug: Adding duplicate image handler for 'TIFF file'
11:33:49 PM: Debug: Adding duplicate image handler for 'GIF file'
11:33:49 PM: Debug: Adding duplicate image handler for 'PNM file'
11:33:49 PM: Debug: Adding duplicate image handler for 'PCX file'
11:33:49 PM: Debug: Adding duplicate image handler for 'IFF file'
11:33:49 PM: Debug: Adding duplicate image handler for 'Windows icon file'
11:33:49 PM: Debug: Adding duplicate image handler for 'Windows cursor file'
11:33:49 PM: Debug: Adding duplicate image handler for 'Windows animated cursor file'
11:33:49 PM: Debug: Adding duplicate image handler for 'TGA file'
11:33:49 PM: Debug: Adding duplicate image handler for 'XPM file'
GUARD /IMU_CS (28.7, 17.3) (28.7, 15)
GUARD /IMU_CS (28.7, 15) (38.4, 15)
VIA obstacles [('F.Cu', [('24e287ff-ac11-4619-b9b2-677b02ab5bb5', '/BAT_ADC_IN'), ('d177db66-e9ea-4b2d-9c10-d677b8d28cd4', '/BAT_ADC_IN')]), ('B.Cu', [])]
drc 5 发现 15 条违规项
发现 0 个未连接的项目
发现 0 个原理图一致性问题
保存 DRC 报告到 /Users/dean/Documents/MORI/hardware/v1_2/reviews/weact_E_J3_20260930/reports/motion/clr_outer_manual/drc.json
 Fontconfig error: Cannot load default config file: File not found

erc 0 发现 0 条违规项
已将 ERC 报告保存到文件 /Users/dean/Documents/MORI/hardware/v1_2/reviews/weact_E_J3_20260930/reports/motion/clr_outer_manual/erc.json
 Fontconfig error: Cannot load default config file: File not found

