01:00:09 AM: Debug: Adding duplicate image handler for 'PNG file'
01:00:09 AM: Debug: Adding duplicate image handler for 'JPEG file'
01:00:09 AM: Debug: Adding duplicate image handler for 'TIFF file'
01:00:09 AM: Debug: Adding duplicate image handler for 'GIF file'
01:00:09 AM: Debug: Adding duplicate image handler for 'PNM file'
01:00:09 AM: Debug: Adding duplicate image handler for 'PCX file'
01:00:09 AM: Debug: Adding duplicate image handler for 'IFF file'
01:00:09 AM: Debug: Adding duplicate image handler for 'Windows icon file'
01:00:09 AM: Debug: Adding duplicate image handler for 'Windows cursor file'
01:00:09 AM: Debug: Adding duplicate image handler for 'Windows animated cursor file'
01:00:09 AM: Debug: Adding duplicate image handler for 'TGA file'
01:00:09 AM: Debug: Adding duplicate image handler for 'XPM file'
01:00:09 AM: Debug: Adding duplicate image handler for 'PNG file'
01:00:09 AM: Debug: Adding duplicate image handler for 'JPEG file'
01:00:09 AM: Debug: Adding duplicate image handler for 'TIFF file'
01:00:09 AM: Debug: Adding duplicate image handler for 'GIF file'
01:00:09 AM: Debug: Adding duplicate image handler for 'PNM file'
01:00:09 AM: Debug: Adding duplicate image handler for 'PCX file'
01:00:09 AM: Debug: Adding duplicate image handler for 'IFF file'
01:00:09 AM: Debug: Adding duplicate image handler for 'Windows icon file'
01:00:09 AM: Debug: Adding duplicate image handler for 'Windows cursor file'
01:00:09 AM: Debug: Adding duplicate image handler for 'Windows animated cursor file'
01:00:09 AM: Debug: Adding duplicate image handler for 'TGA file'
01:00:09 AM: Debug: Adding duplicate image handler for 'XPM file'
01:00:09 AM: Debug: Adding duplicate image handler for 'PNG file'
01:00:09 AM: Debug: Adding duplicate image handler for 'JPEG file'
01:00:09 AM: Debug: Adding duplicate image handler for 'TIFF file'
01:00:09 AM: Debug: Adding duplicate image handler for 'GIF file'
01:00:09 AM: Debug: Adding duplicate image handler for 'PNM file'
01:00:09 AM: Debug: Adding duplicate image handler for 'PCX file'
01:00:09 AM: Debug: Adding duplicate image handler for 'IFF file'
01:00:09 AM: Debug: Adding duplicate image handler for 'Windows icon file'
01:00:09 AM: Debug: Adding duplicate image handler for 'Windows cursor file'
01:00:09 AM: Debug: Adding duplicate image handler for 'Windows animated cursor file'
01:00:09 AM: Debug: Adding duplicate image handler for 'TGA file'
01:00:09 AM: Debug: Adding duplicate image handler for 'XPM file'
[]
/CHG_N 745985 [{'layer': 'F.Cu', 'points': [(25.5, 20.5), (24.95, 19.95), (14.9, 19.95), (10.7, 15.75)]}, {'layer': 'B.Cu', 'points': [(10.7, 15.75), (10.7, 14.649999999999999), (7.4, 11.35)]}, {'layer': 'F.Cu', 'points': [(7.4, 11.35), (5.7, 11.35), (5.7, 8.55), (4.9, 7.750000000000001), (4.9, 7.35), (5.7, 6.55), (5.7, 0.85), (44.9, 0.85), (44.9, 3.25)]}, {'layer': 'B.Cu', 'points': [(44.9, 3.25), (46.9, 5.25)]}, {'layer': 'F.Cu', 'points': [(46.9, 5.25), (48.9, 7.25), (53.75, 7.25), (56.5, 10.0)]}] vias [(10.7, 15.75), (7.4, 11.35), (44.9, 3.25), (46.9, 5.25)]
drc 5 发现 11 条违规项
发现 1 个未连接的项目
发现 0 个原理图一致性问题
保存 DRC 报告到 /Users/dean/Documents/MORI/hardware/v1_2/reviews/weact_E_J3_20260930/reports/motion/compact_communications/drc.json
 Fontconfig error: Cannot load default config file: File not found

erc 0 发现 0 条违规项
已将 ERC 报告保存到文件 /Users/dean/Documents/MORI/hardware/v1_2/reviews/weact_E_J3_20260930/reports/motion/compact_communications/erc.json
 Fontconfig error: Cannot load default config file: File not found

