{'violations': 12, 'unconnected_items': 1, 'schematic_parity': 0, 'ignored_checks': 0}
[
  {
    "description": "Items not allowed",
    "items": [
      {
        "description": "\u8d70\u7ebf [/BAT_ADC_IN] (F.Cu), \u957f\u5ea6: 5.0000 mm",
        "pos": {
          "x": 34.9,
          "y": 17.15
        },
        "uuid": "29c558ab-0709-4a67-a6f5-1dbcf73f87ec"
      }
    ],
    "severity": "error",
    "type": "items_not_allowed"
  },
  {
    "description": "\u4e0d\u5141\u8bb8\u7684\u9879\u76ee (\u89c4\u5219 'P5 R19 opposite projection')",
    "items": [
      {
        "description": "\u8d70\u7ebf [/BAT_ADC_IN] (F.Cu), \u957f\u5ea6: 5.0000 mm",
        "pos": {
          "x": 34.9,
          "y": 17.15
        },
        "uuid": "29c558ab-0709-4a67-a6f5-1dbcf73f87ec"
      }
    ],
    "severity": "error",
    "type": "items_not_allowed"
  },
  {
    "description": "\u95f4\u8ddd\u8fdd\u89c4 (\u89c4\u5219 'R05 object pairs 0.1999996' \u95f4\u8ddd 0.2000 mm; \u5b9e\u9645 0.1571 mm)",
    "items": [
      {
        "description": "\u8fc7\u5b54 [/+3V3] (F.Cu - B.Cu)",
        "pos": {
          "x": 10.7442,
          "y": 6.65
        },
        "uuid": "4a2d40ff-5dbf-497c-9f78-18e5071e8576"
      },
      {
        "description": "\u8fc7\u5b54 [/ARM_Q_N] (F.Cu - B.Cu)",
        "pos": {
          "x": 11.7,
          "y": 6.7
        },
        "uuid": "909988ef-73fa-4a1d-a116-e2c78b0e7765"
      }
    ],
    "severity": "error",
    "type": "clearance"
  },
  {
    "description": "\u95f4\u8ddd\u8fdd\u89c4 (\u89c4\u5219 'R05 object pairs 0.1999996' \u95f4\u8ddd 0.2000 mm; \u5b9e\u9645 0.1571 mm)",
    "items": [
      {
        "description": "\u8fc7\u5b54 [/+3V3] (F.Cu - B.Cu)",
        "pos": {
          "x": 10.7442,
          "y": 6.65
        },
        "uuid": "4a2d40ff-5dbf-497c-9f78-18e5071e8576"
      },
      {
        "description": "\u8fc7\u5b54 [/ARM_Q_N] (F.Cu - B.Cu)",
        "pos": {
          "x": 11.7,
          "y": 6.7
        },
        "uuid": "909988ef-73fa-4a1d-a116-e2c78b0e7765"
      }
    ],
    "severity": "error",
    "type": "clearance"
  },
  {
    "description": "\u95f4\u8ddd\u8fdd\u89c4 (\u89c4\u5219 'R05 object pairs 0.1999996' \u95f4\u8ddd 0.2000 mm; \u5b9e\u9645 0.1571 mm)",
    "items": [
      {
        "description": "\u8fc7\u5b54 [/+3V3] (F.Cu - B.Cu)",
        "pos": {
          "x": 10.7442,
          "y": 6.65
        },
        "uuid": "4a2d40ff-5dbf-497c-9f78-18e5071e8576"
      },
      {
        "description": "\u8fc7\u5b54 [/ARM_Q_N] (F.Cu - B.Cu)",
        "pos": {
          "x": 11.7,
          "y": 6.7
        },
        "uuid": "909988ef-73fa-4a1d-a116-e2c78b0e7765"
      }
    ],
    "severity": "error",
    "type": "clearance"
  },
  {
    "description": "\u95f4\u8ddd\u8fdd\u89c4 (\u89c4\u5219 'R05 object pairs 0.1999996' \u95f4\u8ddd 0.2000 mm; \u5b9e\u9645 0.1571 mm)",
    "items": [
      {
        "description": "\u8fc7\u5b54 [/+3V3] (F.Cu - B.Cu)",
        "pos": {
          "x": 10.7442,
          "y": 6.65
        },
        "uuid": "4a2d40ff-5dbf-497c-9f78-18e5071e8576"
      },
      {
        "description": "\u8fc7\u5b54 [/ARM_Q_N] (F.Cu - B.Cu)",
        "pos": {
          "x": 11.7,
          "y": 6.7
        },
        "uuid": "909988ef-73fa-4a1d-a116-e2c78b0e7765"
      }
    ],
    "severity": "error",
    "type": "clearance"
  },
  {
    "description": "\u8d70\u7ebf\u89d2\u5ea6 (\u89c4\u5219 'R27 minimum track angle' \u6700\u5c0f\u89d2\u5ea6 60.000\u00b0; \u5b9e\u9645 45.000\u00b0)",
    "items": [
      {
        "description": "\u8d70\u7ebf [/CURRENT_ADC_IN] (F.Cu), \u957f\u5ea6: 3.6770 mm",
        "pos": {
          "x": 65.5,
          "y": 13.0
        },
        "uuid": "63ac17c4-601b-49e5-aa42-24e78e11afe5"
      },
      {
        "description": "\u8d70\u7ebf [/CURRENT_ADC_IN] (F.Cu), \u957f\u5ea6: 12.2500 mm",
        "pos": {
          "x": 68.1,
          "y": 15.599999
        },
        "uuid": "8045a562-587f-4bd6-9eb2-3dcf4355efcf"
      }
    ],
    "severity": "error",
    "type": "track_angle"
  },
  {
    "description": "\u8d70\u7ebf\u89d2\u5ea6 (\u89c4\u5219 'R27 minimum track angle' \u6700\u5c0f\u89d2\u5ea6 60.000\u00b0; \u5b9e\u9645 45.000\u00b0)",
    "items": [
      {
        "description": "\u8d70\u7ebf [/CURRENT_ADC_IN] (F.Cu), \u957f\u5ea6: 12.2500 mm",
        "pos": {
          "x": 68.1,
          "y": 15.599999
        },
        "uuid": "8045a562-587f-4bd6-9eb2-3dcf4355efcf"
      },
      {
        "description": "\u8d70\u7ebf [/CURRENT_ADC_IN] (F.Cu), \u957f\u5ea6: 3.6770 mm",
        "pos": {
          "x": 65.5,
          "y": 13.0
        },
        "uuid": "63ac17c4-601b-49e5-aa42-24e78e11afe5"
      }
    ],
    "severity": "error",
    "type": "track_angle"
  },
  {
    "description": "\u8d70\u7ebf\u89d2\u5ea6 (\u89c4\u5219 'R27 minimum track angle' \u6700\u5c0f\u89d2\u5ea6 60.000\u00b0; \u5b9e\u9645 45.000\u00b0)",
    "items": [
      {
        "description": "\u8d70\u7ebf [/FAULT_N] (F.Cu), \u957f\u5ea6: 11.0637 mm",
        "pos": {
          "x": 29.362399,
          "y": 9.9568
        },
        "uuid": "430a6240-e99c-4186-8524-117338f05b97"
      },
      {
        "description": "\u8d70\u7ebf [/FAULT_N] (F.Cu), \u957f\u5ea6: 3.0432 mm",
        "pos": {
          "x": 29.362399,
          "y": 9.9568
        },
        "uuid": "c1cac2e7-4333-43cc-b303-830e2f54b7a1"
      }
    ],
    "severity": "error",
    "type": "track_angle"
  },
  {
    "description": "\u8d70\u7ebf\u89d2\u5ea6 (\u89c4\u5219 'R27 minimum track angle' \u6700\u5c0f\u89d2\u5ea6 60.000\u00b0; \u5b9e\u9645 45.000\u00b0)",
    "items": [
      {
        "description": "\u8d70\u7ebf [/FAULT_N] (F.Cu), \u957f\u5ea6: 3.0432 mm",
        "pos": {
          "x": 29.362399,
          "y": 9.9568
        },
        "uuid": "c1cac2e7-4333-43cc-b303-830e2f54b7a1"
      },
      {
        "description": "\u8d70\u7ebf [/FAULT_N] (F.Cu), \u957f\u5ea6: 11.0637 mm",
        "pos": {
          "x": 29.362399,
          "y": 9.9568
        },
        "uuid": "430a6240-e99c-4186-8524-117338f05b97"
      }
    ],
    "severity": "error",
    "type": "track_angle"
  },
  {
    "description": "\u9876\u5c42\u963b\u710a\u5f00\u7a97\u533a\u57df\u4e0e\u4e0d\u540c\u7f51\u7edc\u7684\u9879\u76ee\u76f8\u8fde",
    "items": [
      {
        "description": "\u8fc7\u5b54 [/+3V3] (F.Cu - B.Cu)",
        "pos": {
          "x": 10.7442,
          "y": 6.65
        },
        "uuid": "4a2d40ff-5dbf-497c-9f78-18e5071e8576"
      },
      {
        "description": "\u8fc7\u5b54 [/ARM_Q_N] (F.Cu - B.Cu)",
        "pos": {
          "x": 11.7,
          "y": 6.7
        },
        "uuid": "909988ef-73fa-4a1d-a116-e2c78b0e7765"
      }
    ],
    "severity": "error",
    "type": "solder_mask_bridge"
  },
  {
    "description": "Via is not connected or connected on only one layer",
    "items": [
      {
        "description": "\u8fc7\u5b54 [/CHG_N] (F.Cu - B.Cu)",
        "pos": {
          "x": 25.5,
          "y": 20.5
        },
        "uuid": "97f6244a-0af7-4b74-a62f-4d738a2b6422"
      }
    ],
    "severity": "warning",
    "type": "via_dangling"
  }
]
