12:00:08 AM: Debug: Adding duplicate image handler for 'PNG file'
12:00:08 AM: Debug: Adding duplicate image handler for 'JPEG file'
12:00:08 AM: Debug: Adding duplicate image handler for 'TIFF file'
12:00:08 AM: Debug: Adding duplicate image handler for 'GIF file'
12:00:08 AM: Debug: Adding duplicate image handler for 'PNM file'
12:00:08 AM: Debug: Adding duplicate image handler for 'PCX file'
12:00:08 AM: Debug: Adding duplicate image handler for 'IFF file'
12:00:08 AM: Debug: Adding duplicate image handler for 'Windows icon file'
12:00:08 AM: Debug: Adding duplicate image handler for 'Windows cursor file'
12:00:08 AM: Debug: Adding duplicate image handler for 'Windows animated cursor file'
12:00:08 AM: Debug: Adding duplicate image handler for 'TGA file'
12:00:08 AM: Debug: Adding duplicate image handler for 'XPM file'
12:00:08 AM: Debug: Adding duplicate image handler for 'PNG file'
12:00:08 AM: Debug: Adding duplicate image handler for 'JPEG file'
12:00:08 AM: Debug: Adding duplicate image handler for 'TIFF file'
12:00:08 AM: Debug: Adding duplicate image handler for 'GIF file'
12:00:08 AM: Debug: Adding duplicate image handler for 'PNM file'
12:00:08 AM: Debug: Adding duplicate image handler for 'PCX file'
12:00:08 AM: Debug: Adding duplicate image handler for 'IFF file'
12:00:08 AM: Debug: Adding duplicate image handler for 'Windows icon file'
12:00:08 AM: Debug: Adding duplicate image handler for 'Windows cursor file'
12:00:08 AM: Debug: Adding duplicate image handler for 'Windows animated cursor file'
12:00:08 AM: Debug: Adding duplicate image handler for 'TGA file'
12:00:08 AM: Debug: Adding duplicate image handler for 'XPM file'
12:00:08 AM: Debug: Adding duplicate image handler for 'PNG file'
12:00:08 AM: Debug: Adding duplicate image handler for 'JPEG file'
12:00:08 AM: Debug: Adding duplicate image handler for 'TIFF file'
12:00:08 AM: Debug: Adding duplicate image handler for 'GIF file'
12:00:08 AM: Debug: Adding duplicate image handler for 'PNM file'
12:00:08 AM: Debug: Adding duplicate image handler for 'PCX file'
12:00:08 AM: Debug: Adding duplicate image handler for 'IFF file'
12:00:08 AM: Debug: Adding duplicate image handler for 'Windows icon file'
12:00:08 AM: Debug: Adding duplicate image handler for 'Windows cursor file'
12:00:08 AM: Debug: Adding duplicate image handler for 'Windows animated cursor file'
12:00:08 AM: Debug: Adding duplicate image handler for 'TGA file'
12:00:08 AM: Debug: Adding duplicate image handler for 'XPM file'
/IMU_CS 110826 [{'layer': 'B.Cu', 'points': [(23.5, 26.175), (23.5, 24.3), (25.3, 24.3)]}, {'layer': 'F.Cu', 'points': [(25.3, 24.3), (25.3, 22.8), (30.5, 17.6), (40.5, 17.6)]}, {'layer': 'B.Cu', 'points': [(40.5, 17.6), (44.236, 21.336), (45.719999, 21.336)]}] vias [(25.3, 24.3), (40.5, 17.6)]
drc 0 发现 0 条违规项
发现 0 个未连接的项目
发现 0 个原理图一致性问题
保存 DRC 报告到 /Users/dean/Documents/MORI/hardware/v1_2/reviews/weact_E_J3_20260930/reports/motion/cs_above_E/drc.json
 Fontconfig error: Cannot load default config file: File not found

erc 0 发现 0 条违规项
已将 ERC 报告保存到文件 /Users/dean/Documents/MORI/hardware/v1_2/reviews/weact_E_J3_20260930/reports/motion/cs_above_E/erc.json
 Fontconfig error: Cannot load default config file: File not found

