11:38:49 PM: Debug: Adding duplicate image handler for 'PNG file'
11:38:49 PM: Debug: Adding duplicate image handler for 'JPEG file'
11:38:49 PM: Debug: Adding duplicate image handler for 'TIFF file'
11:38:49 PM: Debug: Adding duplicate image handler for 'GIF file'
11:38:49 PM: Debug: Adding duplicate image handler for 'PNM file'
11:38:49 PM: Debug: Adding duplicate image handler for 'PCX file'
11:38:49 PM: Debug: Adding duplicate image handler for 'IFF file'
11:38:49 PM: Debug: Adding duplicate image handler for 'Windows icon file'
11:38:49 PM: Debug: Adding duplicate image handler for 'Windows cursor file'
11:38:49 PM: Debug: Adding duplicate image handler for 'Windows animated cursor file'
11:38:49 PM: Debug: Adding duplicate image handler for 'TGA file'
11:38:49 PM: Debug: Adding duplicate image handler for 'XPM file'
11:38:49 PM: Debug: Adding duplicate image handler for 'PNG file'
11:38:49 PM: Debug: Adding duplicate image handler for 'JPEG file'
11:38:49 PM: Debug: Adding duplicate image handler for 'TIFF file'
11:38:49 PM: Debug: Adding duplicate image handler for 'GIF file'
11:38:49 PM: Debug: Adding duplicate image handler for 'PNM file'
11:38:49 PM: Debug: Adding duplicate image handler for 'PCX file'
11:38:49 PM: Debug: Adding duplicate image handler for 'IFF file'
11:38:49 PM: Debug: Adding duplicate image handler for 'Windows icon file'
11:38:49 PM: Debug: Adding duplicate image handler for 'Windows cursor file'
11:38:49 PM: Debug: Adding duplicate image handler for 'Windows animated cursor file'
11:38:49 PM: Debug: Adding duplicate image handler for 'TGA file'
11:38:49 PM: Debug: Adding duplicate image handler for 'XPM file'
11:38:49 PM: Debug: Adding duplicate image handler for 'PNG file'
11:38:49 PM: Debug: Adding duplicate image handler for 'JPEG file'
11:38:49 PM: Debug: Adding duplicate image handler for 'TIFF file'
11:38:49 PM: Debug: Adding duplicate image handler for 'GIF file'
11:38:49 PM: Debug: Adding duplicate image handler for 'PNM file'
11:38:49 PM: Debug: Adding duplicate image handler for 'PCX file'
11:38:49 PM: Debug: Adding duplicate image handler for 'IFF file'
11:38:49 PM: Debug: Adding duplicate image handler for 'Windows icon file'
11:38:49 PM: Debug: Adding duplicate image handler for 'Windows cursor file'
11:38:49 PM: Debug: Adding duplicate image handler for 'Windows animated cursor file'
11:38:49 PM: Debug: Adding duplicate image handler for 'TGA file'
11:38:49 PM: Debug: Adding duplicate image handler for 'XPM file'
NO PATH DIAGNOSTIC /IMU_CS start [(230, 257, 2), (230, 258, 2), (230, 259, 2), (230, 264, 2), (230, 265, 2), (231, 257, 2), (231, 258, 2), (231, 259, 2), (232, 257, 2), (232, 258, 2)] target [(452, 208, 2), (452, 209, 2), (452, 210, 2), (452, 211, 2), (452, 216, 2), (452, 217, 2), (452, 218, 2), (453, 208, 2), (453, 209, 2), (453, 210, 2)] closest [(12.220052027712525, (335, 213, 2, 0)), (12.220052027712525, (335, 213, 2, 1)), (12.220052027712525, (335, 213, 2, 2)), (12.220052027712525, (335, 213, 2, 6)), (12.220052027712525, (335, 213, 2, 7)), (12.220166592972497, (335, 214, 2, 0)), (12.220166592972497, (335, 214, 2, 1)), (12.220166592972497, (335, 214, 2, 2))]
Traceback (most recent call last):
  File "/Users/dean/Documents/MORI/hardware/v1_2/reviews/weact_E_J3_20260930/finish_CS_outer.py", line 28, in <module>
    plan=r.plan('/IMU_CS',((23.5,26.175),k.B_Cu),[((45.719999,21.336),k.B_Cu)])
  File "/Users/dean/Documents/MORI/hardware/v1_2/reviews/weact_E_J3_20260930/route_motion_P5R7.py", line 142, in plan
    assert end,(net,'no path',visited)
AssertionError: ('/IMU_CS', 'no path', 121042)
