01:10:39 AM: Debug: Adding duplicate image handler for 'PNG file'
01:10:39 AM: Debug: Adding duplicate image handler for 'JPEG file'
01:10:39 AM: Debug: Adding duplicate image handler for 'TIFF file'
01:10:39 AM: Debug: Adding duplicate image handler for 'GIF file'
01:10:39 AM: Debug: Adding duplicate image handler for 'PNM file'
01:10:39 AM: Debug: Adding duplicate image handler for 'PCX file'
01:10:39 AM: Debug: Adding duplicate image handler for 'IFF file'
01:10:39 AM: Debug: Adding duplicate image handler for 'Windows icon file'
01:10:39 AM: Debug: Adding duplicate image handler for 'Windows cursor file'
01:10:39 AM: Debug: Adding duplicate image handler for 'Windows animated cursor file'
01:10:39 AM: Debug: Adding duplicate image handler for 'TGA file'
01:10:39 AM: Debug: Adding duplicate image handler for 'XPM file'
drc 0 发现 0 条违规项
发现 0 个未连接的项目
发现 0 个原理图一致性问题
保存 DRC 报告到 /Users/dean/Documents/MORI/hardware/v1_2/reviews/weact_E_J3_20260930/reports/motion/released/drc.json
 Fontconfig error: Cannot load default config file: File not found

erc 0 发现 0 条违规项
已将 ERC 报告保存到文件 /Users/dean/Documents/MORI/hardware/v1_2/reviews/weact_E_J3_20260930/reports/motion/released/erc.json
 Fontconfig error: Cannot load default config file: File not found

