12:09:35 AM: Debug: Adding duplicate image handler for 'PNG file'
12:09:35 AM: Debug: Adding duplicate image handler for 'JPEG file'
12:09:35 AM: Debug: Adding duplicate image handler for 'TIFF file'
12:09:35 AM: Debug: Adding duplicate image handler for 'GIF file'
12:09:35 AM: Debug: Adding duplicate image handler for 'PNM file'
12:09:35 AM: Debug: Adding duplicate image handler for 'PCX file'
12:09:35 AM: Debug: Adding duplicate image handler for 'IFF file'
12:09:35 AM: Debug: Adding duplicate image handler for 'Windows icon file'
12:09:35 AM: Debug: Adding duplicate image handler for 'Windows cursor file'
12:09:35 AM: Debug: Adding duplicate image handler for 'Windows animated cursor file'
12:09:35 AM: Debug: Adding duplicate image handler for 'TGA file'
12:09:35 AM: Debug: Adding duplicate image handler for 'XPM file'
12:09:35 AM: Debug: Adding duplicate image handler for 'PNG file'
12:09:35 AM: Debug: Adding duplicate image handler for 'JPEG file'
12:09:35 AM: Debug: Adding duplicate image handler for 'TIFF file'
12:09:35 AM: Debug: Adding duplicate image handler for 'GIF file'
12:09:35 AM: Debug: Adding duplicate image handler for 'PNM file'
12:09:35 AM: Debug: Adding duplicate image handler for 'PCX file'
12:09:35 AM: Debug: Adding duplicate image handler for 'IFF file'
12:09:35 AM: Debug: Adding duplicate image handler for 'Windows icon file'
12:09:35 AM: Debug: Adding duplicate image handler for 'Windows cursor file'
12:09:35 AM: Debug: Adding duplicate image handler for 'Windows animated cursor file'
12:09:35 AM: Debug: Adding duplicate image handler for 'TGA file'
12:09:35 AM: Debug: Adding duplicate image handler for 'XPM file'
/WHEEL_ADC_IN 854660 [{'layer': 'B.Cu', 'points': [(33.8328, 8.128), (33.8328, 9.9), (32.5, 9.9)]}, {'layer': 'F.Cu', 'points': [(32.5, 9.9), (28.200000000000003, 14.2), (25.7, 14.2), (21.4, 18.5), (9.0, 18.5), (9.0, 12.8), (8.0, 11.8), (8.0, 8.5)]}, {'layer': 'B.Cu', 'points': [(8.0, 8.5), (5.7, 6.2), (5.7, 0.7), (62.5856, 0.7), (62.5856, 6.2992)]}] vias [(32.5, 9.9), (8.0, 8.5)]
/S288_BUS 235120 [{'layer': 'F.Cu', 'points': [(31.394399, 6.7056), (31.399999, 6.7), (30.4, 6.7)]}, {'layer': 'B.Cu', 'points': [(30.4, 6.7), (25.6, 6.7)]}, {'layer': 'F.Cu', 'points': [(25.6, 6.7), (22.9, 6.7)]}, {'layer': 'B.Cu', 'points': [(22.9, 6.7), (22.8, 6.600000000000002), (21.3, 6.6), (21.3, 7.8), (21.5, 7.999999999999999), (21.5, 10.8), (20.5, 11.8)]}, {'layer': 'F.Cu', 'points': [(20.5, 11.8), (21.3, 12.600000000000001), (21.3, 13.4), (19.8, 14.9), (19.2, 14.9), (17.4, 13.1), (15.6, 13.1), (14.899999999999999, 13.8), (9.5, 13.8), (9.5, 11.0), (8.8, 10.3), (8.8, 8.3), (6.7, 6.2), (5.7, 6.2), (5.7, 0.8), (48.1, 0.8), (48.2, 0.7)]}] vias [(30.4, 6.7), (25.6, 6.7), (22.9, 6.7), (20.5, 11.8)]
NO PATH DIAGNOSTIC /CHG_N start [(360, 72, 0), (360, 73, 0), (360, 74, 0), (360, 75, 0), (361, 73, 0), (361, 74, 0), (361, 75, 0), (362, 73, 0), (362, 74, 0), (362, 75, 0)] target [(446, 31, 0), (446, 32, 0), (446, 33, 0), (447, 31, 0), (447, 32, 0), (447, 33, 0), (452, 31, 0), (452, 40, 0), (452, 41, 0), (453, 31, 0)] closest [(3.545669674405668, (449, 71, 0, 0)), (3.545669674405668, (449, 71, 0, 6)), (3.545669674405668, (449, 71, 0, 7)), (3.550145551945723, (448, 71, 0, 0)), (3.550145551945723, (448, 71, 0, 4)), (3.550145551945723, (448, 71, 0, 5)), (3.550145551945723, (448, 71, 0, 6)), (3.550145551945723, (448, 71, 0, 7))]
Traceback (most recent call last):
  File "/Users/dean/Documents/MORI/hardware/v1_2/reviews/weact_E_J3_20260930/clear_long_sockets.py", line 37, in <module>
    plans.append(r.plan(*spec))
  File "/Users/dean/Documents/MORI/hardware/v1_2/reviews/weact_E_J3_20260930/route_motion_P5R7.py", line 142, in plan
    assert end,(net,'no path',visited)
AssertionError: ('/CHG_N', 'no path', 368345)
