12:39:20 AM: Debug: Adding duplicate image handler for 'PNG file'
12:39:20 AM: Debug: Adding duplicate image handler for 'JPEG file'
12:39:20 AM: Debug: Adding duplicate image handler for 'TIFF file'
12:39:20 AM: Debug: Adding duplicate image handler for 'GIF file'
12:39:20 AM: Debug: Adding duplicate image handler for 'PNM file'
12:39:20 AM: Debug: Adding duplicate image handler for 'PCX file'
12:39:20 AM: Debug: Adding duplicate image handler for 'IFF file'
12:39:20 AM: Debug: Adding duplicate image handler for 'Windows icon file'
12:39:20 AM: Debug: Adding duplicate image handler for 'Windows cursor file'
12:39:20 AM: Debug: Adding duplicate image handler for 'Windows animated cursor file'
12:39:20 AM: Debug: Adding duplicate image handler for 'TGA file'
12:39:20 AM: Debug: Adding duplicate image handler for 'XPM file'
12:39:20 AM: Debug: Adding duplicate image handler for 'PNG file'
12:39:20 AM: Debug: Adding duplicate image handler for 'JPEG file'
12:39:20 AM: Debug: Adding duplicate image handler for 'TIFF file'
12:39:20 AM: Debug: Adding duplicate image handler for 'GIF file'
12:39:20 AM: Debug: Adding duplicate image handler for 'PNM file'
12:39:20 AM: Debug: Adding duplicate image handler for 'PCX file'
12:39:20 AM: Debug: Adding duplicate image handler for 'IFF file'
12:39:20 AM: Debug: Adding duplicate image handler for 'Windows icon file'
12:39:20 AM: Debug: Adding duplicate image handler for 'Windows cursor file'
12:39:20 AM: Debug: Adding duplicate image handler for 'Windows animated cursor file'
12:39:20 AM: Debug: Adding duplicate image handler for 'TGA file'
12:39:20 AM: Debug: Adding duplicate image handler for 'XPM file'
12:39:20 AM: Debug: Adding duplicate image handler for 'PNG file'
12:39:20 AM: Debug: Adding duplicate image handler for 'JPEG file'
12:39:20 AM: Debug: Adding duplicate image handler for 'TIFF file'
12:39:20 AM: Debug: Adding duplicate image handler for 'GIF file'
12:39:20 AM: Debug: Adding duplicate image handler for 'PNM file'
12:39:20 AM: Debug: Adding duplicate image handler for 'PCX file'
12:39:20 AM: Debug: Adding duplicate image handler for 'IFF file'
12:39:20 AM: Debug: Adding duplicate image handler for 'Windows icon file'
12:39:20 AM: Debug: Adding duplicate image handler for 'Windows cursor file'
12:39:20 AM: Debug: Adding duplicate image handler for 'Windows animated cursor file'
12:39:20 AM: Debug: Adding duplicate image handler for 'TGA file'
12:39:20 AM: Debug: Adding duplicate image handler for 'XPM file'
/CAM_RX_BUF initial islands 2
/CAM_RX_BUF 2877 [{'layer': 'B.Cu', 'points': [(44.175, 15.25), (40.55, 15.25), (40.55, 10.75)]}] vias []
/CAM_RX initial islands 2
/CAM_RX 1921 [{'layer': 'B.Cu', 'points': [(50.5, 18.0), (50.5, 15.25), (45.825, 15.25)]}] vias []
/CHG_N initial islands 2
NO PATH DIAGNOSTIC /CHG_N start [(284, 268, 0), (284, 269, 0), (284, 270, 0), (284, 276, 0), (284, 277, 0), (284, 278, 0), (285, 268, 0), (285, 269, 0), (285, 270, 0), (285, 276, 0)] target [(560, 95, 0), (560, 96, 0), (560, 97, 0), (560, 98, 0), (560, 100, 0), (560, 102, 0), (560, 103, 0), (560, 104, 0), (560, 105, 0), (561, 95, 0)] closest [(8.645229898620395, (500, 157, 2, 0)), (8.720665112249181, (499, 157, 2, 0)), (8.796590248499701, (498, 157, 2, 0)), (8.872992730753246, (497, 157, 2, 0)), (8.949860334105777, (496, 157, 2, 0)), (9.027181176868003, (495, 157, 2, 0)), (9.10494371207203, (494, 157, 2, 0)), (9.183136719008383, (493, 157, 2, 0))]
Traceback (most recent call last):
  File "/Users/dean/Documents/MORI/hardware/v1_2/reviews/weact_E_J3_20260930/open_R9_corridor.py", line 32, in <module>
    r.START_OPTIONS=options[0];plans.append(r.plan(net,options[0][0],options[1]))
  File "/Users/dean/Documents/MORI/hardware/v1_2/reviews/weact_E_J3_20260930/route_motion_P5R7.py", line 142, in plan
    assert end,(net,'no path',visited)
AssertionError: ('/CHG_N', 'no path', 673253)
