12:46:56 AM: Debug: Adding duplicate image handler for 'PNG file'
12:46:56 AM: Debug: Adding duplicate image handler for 'JPEG file'
12:46:56 AM: Debug: Adding duplicate image handler for 'TIFF file'
12:46:56 AM: Debug: Adding duplicate image handler for 'GIF file'
12:46:56 AM: Debug: Adding duplicate image handler for 'PNM file'
12:46:56 AM: Debug: Adding duplicate image handler for 'PCX file'
12:46:56 AM: Debug: Adding duplicate image handler for 'IFF file'
12:46:56 AM: Debug: Adding duplicate image handler for 'Windows icon file'
12:46:56 AM: Debug: Adding duplicate image handler for 'Windows cursor file'
12:46:56 AM: Debug: Adding duplicate image handler for 'Windows animated cursor file'
12:46:56 AM: Debug: Adding duplicate image handler for 'TGA file'
12:46:56 AM: Debug: Adding duplicate image handler for 'XPM file'
12:46:56 AM: Debug: Adding duplicate image handler for 'PNG file'
12:46:56 AM: Debug: Adding duplicate image handler for 'JPEG file'
12:46:56 AM: Debug: Adding duplicate image handler for 'TIFF file'
12:46:56 AM: Debug: Adding duplicate image handler for 'GIF file'
12:46:56 AM: Debug: Adding duplicate image handler for 'PNM file'
12:46:56 AM: Debug: Adding duplicate image handler for 'PCX file'
12:46:56 AM: Debug: Adding duplicate image handler for 'IFF file'
12:46:56 AM: Debug: Adding duplicate image handler for 'Windows icon file'
12:46:56 AM: Debug: Adding duplicate image handler for 'Windows cursor file'
12:46:56 AM: Debug: Adding duplicate image handler for 'Windows animated cursor file'
12:46:56 AM: Debug: Adding duplicate image handler for 'TGA file'
12:46:56 AM: Debug: Adding duplicate image handler for 'XPM file'
/CAM_RX_BUF initial islands 2
/CAM_RX_BUF 3704 [{'layer': 'B.Cu', 'points': [(44.175, 17.0), (40.55, 13.375), (40.55, 10.75)]}] vias []
/CAM_RX initial islands 2
/CAM_RX 3870 [{'layer': 'B.Cu', 'points': [(50.5, 18.0), (50.5, 15.7), (47.4, 15.7), (46.099999999999994, 17.0), (45.825, 17.0)]}] vias []
/BAT_ADC_IN initial islands 2
NO PATH DIAGNOSTIC /BAT_ADC_IN start [(580, 94, 0), (580, 95, 0), (580, 96, 0), (580, 97, 0), (580, 102, 0), (580, 103, 0), (580, 104, 0), (581, 94, 0), (581, 95, 0), (581, 96, 0)] target [(106, 236, 2), (106, 237, 2), (106, 238, 2), (106, 239, 2), (106, 244, 2), (106, 245, 2), (106, 246, 2), (107, 236, 2), (107, 237, 2), (107, 238, 2)] closest [(35.045488297354346, (437, 112, 2, 4)), (35.13845827579804, (438, 112, 2, 4)), (35.13845827579804, (438, 112, 2, 5)), (35.19490375040114, (439, 113, 2, 2)), (35.19490375040114, (439, 113, 2, 3)), (35.19490375040114, (439, 113, 2, 4)), (35.19490375040114, (439, 113, 2, 5)), (35.23146675913451, (439, 112, 2, 3))]
Traceback (most recent call last):
  File "/Users/dean/Documents/MORI/hardware/v1_2/reviews/weact_E_J3_20260930/open_R9_lower.py", line 27, in <module>
    r.START_OPTIONS=options[0];plans.append(r.plan(net,options[0][0],options[1]))
  File "/Users/dean/Documents/MORI/hardware/v1_2/reviews/weact_E_J3_20260930/route_motion_P5R7.py", line 143, in plan
    assert end,(net,'no path',visited)
AssertionError: ('/BAT_ADC_IN', 'no path', 324003)
