12:44:01 AM: Debug: Adding duplicate image handler for 'PNG file'
12:44:01 AM: Debug: Adding duplicate image handler for 'JPEG file'
12:44:01 AM: Debug: Adding duplicate image handler for 'TIFF file'
12:44:01 AM: Debug: Adding duplicate image handler for 'GIF file'
12:44:01 AM: Debug: Adding duplicate image handler for 'PNM file'
12:44:01 AM: Debug: Adding duplicate image handler for 'PCX file'
12:44:01 AM: Debug: Adding duplicate image handler for 'IFF file'
12:44:01 AM: Debug: Adding duplicate image handler for 'Windows icon file'
12:44:01 AM: Debug: Adding duplicate image handler for 'Windows cursor file'
12:44:01 AM: Debug: Adding duplicate image handler for 'Windows animated cursor file'
12:44:01 AM: Debug: Adding duplicate image handler for 'TGA file'
12:44:01 AM: Debug: Adding duplicate image handler for 'XPM file'
12:44:01 AM: Debug: Adding duplicate image handler for 'PNG file'
12:44:01 AM: Debug: Adding duplicate image handler for 'JPEG file'
12:44:01 AM: Debug: Adding duplicate image handler for 'TIFF file'
12:44:01 AM: Debug: Adding duplicate image handler for 'GIF file'
12:44:01 AM: Debug: Adding duplicate image handler for 'PNM file'
12:44:01 AM: Debug: Adding duplicate image handler for 'PCX file'
12:44:01 AM: Debug: Adding duplicate image handler for 'IFF file'
12:44:01 AM: Debug: Adding duplicate image handler for 'Windows icon file'
12:44:01 AM: Debug: Adding duplicate image handler for 'Windows cursor file'
12:44:01 AM: Debug: Adding duplicate image handler for 'Windows animated cursor file'
12:44:01 AM: Debug: Adding duplicate image handler for 'TGA file'
12:44:01 AM: Debug: Adding duplicate image handler for 'XPM file'
/CHG_N initial islands 2
/CHG_N 244237 [{'layer': 'F.Cu', 'points': [(25.5, 20.5), (27.0, 20.5), (30.4, 17.1), (33.599999999999994, 17.1), (34.0, 16.7)]}, {'layer': 'B.Cu', 'points': [(34.0, 16.7), (36.9, 13.8)]}, {'layer': 'F.Cu', 'points': [(36.9, 13.8), (56.5, 13.8), (56.5, 10.0)]}] vias [(34.0, 16.7), (36.9, 13.8)]
/BAT_ADC_IN initial islands 2
NO PATH DIAGNOSTIC /BAT_ADC_IN start [(580, 95, 0), (580, 96, 0), (580, 97, 0), (580, 98, 0), (580, 100, 0), (580, 102, 0), (580, 103, 0), (580, 104, 0), (580, 105, 0), (581, 95, 0)] target [(106, 237, 2), (106, 238, 2), (106, 239, 2), (106, 244, 2), (106, 245, 2), (106, 246, 2), (106, 247, 2), (107, 237, 2), (107, 238, 2), (107, 239, 2)] closest [(35.12009752264364, (438, 113, 2, 3)), (35.12009752264364, (438, 113, 2, 4)), (35.12009752264364, (438, 113, 2, 5)), (35.176714599291394, (439, 114, 2, 1)), (35.176714599291394, (439, 114, 2, 2)), (35.176714599291394, (439, 114, 2, 3)), (35.176714599291394, (439, 114, 2, 4)), (35.21315450225952, (439, 113, 2, 2))]
Traceback (most recent call last):
  File "/Users/dean/Documents/MORI/hardware/v1_2/reviews/weact_E_J3_20260930/open_R9_wide_v2.py", line 25, in <module>
    r.START_OPTIONS=options[0];plans.append(r.plan(net,options[0][0],options[1]))
  File "/Users/dean/Documents/MORI/hardware/v1_2/reviews/weact_E_J3_20260930/route_motion_P5R7.py", line 142, in plan
    assert end,(net,'no path',visited)
AssertionError: ('/BAT_ADC_IN', 'no path', 323006)
