12:16:51 AM: Debug: Adding duplicate image handler for 'PNG file'
12:16:51 AM: Debug: Adding duplicate image handler for 'JPEG file'
12:16:51 AM: Debug: Adding duplicate image handler for 'TIFF file'
12:16:51 AM: Debug: Adding duplicate image handler for 'GIF file'
12:16:51 AM: Debug: Adding duplicate image handler for 'PNM file'
12:16:51 AM: Debug: Adding duplicate image handler for 'PCX file'
12:16:51 AM: Debug: Adding duplicate image handler for 'IFF file'
12:16:51 AM: Debug: Adding duplicate image handler for 'Windows icon file'
12:16:51 AM: Debug: Adding duplicate image handler for 'Windows cursor file'
12:16:51 AM: Debug: Adding duplicate image handler for 'Windows animated cursor file'
12:16:51 AM: Debug: Adding duplicate image handler for 'TGA file'
12:16:51 AM: Debug: Adding duplicate image handler for 'XPM file'
12:16:51 AM: Debug: Adding duplicate image handler for 'PNG file'
12:16:51 AM: Debug: Adding duplicate image handler for 'JPEG file'
12:16:51 AM: Debug: Adding duplicate image handler for 'TIFF file'
12:16:51 AM: Debug: Adding duplicate image handler for 'GIF file'
12:16:51 AM: Debug: Adding duplicate image handler for 'PNM file'
12:16:51 AM: Debug: Adding duplicate image handler for 'PCX file'
12:16:51 AM: Debug: Adding duplicate image handler for 'IFF file'
12:16:51 AM: Debug: Adding duplicate image handler for 'Windows icon file'
12:16:51 AM: Debug: Adding duplicate image handler for 'Windows cursor file'
12:16:51 AM: Debug: Adding duplicate image handler for 'Windows animated cursor file'
12:16:51 AM: Debug: Adding duplicate image handler for 'TGA file'
12:16:51 AM: Debug: Adding duplicate image handler for 'XPM file'
/CHG_N initial islands 2
/CHG_N 767814 [{'layer': 'F.Cu', 'points': [(23.875999, 17.0688), (23.6, 17.0688), (23.6, 17.4)]}, {'layer': 'B.Cu', 'points': [(23.6, 17.4), (22.599999999999998, 17.4), (20.4, 15.2), (19.5, 15.2)]}, {'layer': 'F.Cu', 'points': [(19.5, 15.2), (17.4, 13.1), (15.6, 13.1), (14.899999999999999, 13.8), (9.1, 13.8), (5.7, 10.400000000000002), (5.7, 0.8), (45.0088, 0.8), (45.0088, 3.556)]}] vias [(23.6, 17.4), (19.5, 15.2)]
/S288_BUS initial islands 2
NO PATH DIAGNOSTIC /S288_BUS start [(291, 77, 2), (291, 78, 2), (292, 77, 2), (292, 78, 2), (292, 79, 2), (293, 77, 2), (293, 78, 2), (293, 79, 2), (293, 80, 2), (294, 81, 2)] target [(505, 25, 0), (505, 26, 0), (505, 27, 0), (505, 28, 0), (505, 30, 0), (505, 32, 0), (505, 33, 0), (505, 34, 0), (505, 35, 0), (506, 25, 0)] closest [(15.508062419270823, (337, 62, 0, 0)), (15.508062419270823, (337, 62, 0, 6)), (15.508062419270823, (337, 62, 0, 7)), (15.543809056984713, (337, 63, 0, 0)), (15.543809056984713, (337, 63, 0, 1)), (15.543809056984713, (337, 63, 0, 2)), (15.543809056984713, (337, 63, 0, 6)), (15.543809056984713, (337, 63, 0, 7))]
Traceback (most recent call last):
  File "/Users/dean/Documents/MORI/hardware/v1_2/reviews/weact_E_J3_20260930/route_socket_islands.py", line 34, in <module>
    plans.append(r.plan(net,options[0][0],options[1]))
  File "/Users/dean/Documents/MORI/hardware/v1_2/reviews/weact_E_J3_20260930/route_motion_P5R7.py", line 142, in plan
    assert end,(net,'no path',visited)
AssertionError: ('/S288_BUS', 'no path', 91240)
