12:31:15 AM: Debug: Adding duplicate image handler for 'PNG file'
12:31:15 AM: Debug: Adding duplicate image handler for 'JPEG file'
12:31:15 AM: Debug: Adding duplicate image handler for 'TIFF file'
12:31:15 AM: Debug: Adding duplicate image handler for 'GIF file'
12:31:15 AM: Debug: Adding duplicate image handler for 'PNM file'
12:31:15 AM: Debug: Adding duplicate image handler for 'PCX file'
12:31:15 AM: Debug: Adding duplicate image handler for 'IFF file'
12:31:15 AM: Debug: Adding duplicate image handler for 'Windows icon file'
12:31:15 AM: Debug: Adding duplicate image handler for 'Windows cursor file'
12:31:15 AM: Debug: Adding duplicate image handler for 'Windows animated cursor file'
12:31:15 AM: Debug: Adding duplicate image handler for 'TGA file'
12:31:15 AM: Debug: Adding duplicate image handler for 'XPM file'
12:31:15 AM: Debug: Adding duplicate image handler for 'PNG file'
12:31:15 AM: Debug: Adding duplicate image handler for 'JPEG file'
12:31:15 AM: Debug: Adding duplicate image handler for 'TIFF file'
12:31:15 AM: Debug: Adding duplicate image handler for 'GIF file'
12:31:15 AM: Debug: Adding duplicate image handler for 'PNM file'
12:31:15 AM: Debug: Adding duplicate image handler for 'PCX file'
12:31:15 AM: Debug: Adding duplicate image handler for 'IFF file'
12:31:15 AM: Debug: Adding duplicate image handler for 'Windows icon file'
12:31:15 AM: Debug: Adding duplicate image handler for 'Windows cursor file'
12:31:15 AM: Debug: Adding duplicate image handler for 'Windows animated cursor file'
12:31:15 AM: Debug: Adding duplicate image handler for 'TGA file'
12:31:15 AM: Debug: Adding duplicate image handler for 'XPM file'
/S288_BUS initial islands 2
NO PATH DIAGNOSTIC /S288_BUS start [(291, 77, 2), (291, 78, 2), (292, 77, 2), (292, 78, 2), (292, 79, 2), (293, 77, 2), (293, 78, 2), (293, 79, 2), (293, 80, 2), (294, 81, 2)] target [(505, 25, 0), (505, 26, 0), (505, 27, 0), (505, 28, 0), (505, 30, 0), (505, 32, 0), (505, 33, 0), (505, 34, 0), (505, 35, 0), (506, 25, 0)] closest [(7.200694410957878, (449, 71, 0, 0)), (7.200694410957878, (449, 71, 0, 6)), (7.200694410957878, (449, 71, 0, 7)), (7.2470683727973775, (448, 71, 0, 0)), (7.2470683727973775, (448, 71, 0, 4)), (7.2470683727973775, (448, 71, 0, 5)), (7.2470683727973775, (448, 71, 0, 6)), (7.2470683727973775, (448, 71, 0, 7))]
Traceback (most recent call last):
  File "/Users/dean/Documents/MORI/hardware/v1_2/reviews/weact_E_J3_20260930/route_socket_escape_v3.py", line 44, in <module>
    plans.append(r.plan(net,options[0][0],options[1]))
  File "/Users/dean/Documents/MORI/hardware/v1_2/reviews/weact_E_J3_20260930/route_motion_P5R7.py", line 142, in plan
    assert end,(net,'no path',visited)
AssertionError: ('/S288_BUS', 'no path', 170773)
