12:35:57 AM: Debug: Adding duplicate image handler for 'PNG file'
12:35:57 AM: Debug: Adding duplicate image handler for 'JPEG file'
12:35:57 AM: Debug: Adding duplicate image handler for 'TIFF file'
12:35:57 AM: Debug: Adding duplicate image handler for 'GIF file'
12:35:57 AM: Debug: Adding duplicate image handler for 'PNM file'
12:35:57 AM: Debug: Adding duplicate image handler for 'PCX file'
12:35:57 AM: Debug: Adding duplicate image handler for 'IFF file'
12:35:57 AM: Debug: Adding duplicate image handler for 'Windows icon file'
12:35:57 AM: Debug: Adding duplicate image handler for 'Windows cursor file'
12:35:57 AM: Debug: Adding duplicate image handler for 'Windows animated cursor file'
12:35:57 AM: Debug: Adding duplicate image handler for 'TGA file'
12:35:57 AM: Debug: Adding duplicate image handler for 'XPM file'
12:35:57 AM: Debug: Adding duplicate image handler for 'PNG file'
12:35:57 AM: Debug: Adding duplicate image handler for 'JPEG file'
12:35:57 AM: Debug: Adding duplicate image handler for 'TIFF file'
12:35:57 AM: Debug: Adding duplicate image handler for 'GIF file'
12:35:57 AM: Debug: Adding duplicate image handler for 'PNM file'
12:35:57 AM: Debug: Adding duplicate image handler for 'PCX file'
12:35:57 AM: Debug: Adding duplicate image handler for 'IFF file'
12:35:57 AM: Debug: Adding duplicate image handler for 'Windows icon file'
12:35:57 AM: Debug: Adding duplicate image handler for 'Windows cursor file'
12:35:57 AM: Debug: Adding duplicate image handler for 'Windows animated cursor file'
12:35:57 AM: Debug: Adding duplicate image handler for 'TGA file'
12:35:57 AM: Debug: Adding duplicate image handler for 'XPM file'
/S288_BUS initial islands 2
/S288_BUS 43472 [{'layer': 'F.Cu', 'points': [(31.394399, 6.7056), (32.688799, 8.0), (42.8, 8.0), (48.2, 2.5999999999999943), (48.2, 0.7)]}] vias []
/FAULT_N initial islands 2
/FAULT_N 226418 [{'layer': 'F.Cu', 'points': [(29.362399, 9.9568), (29.362399, 13.0), (34.2, 13.0)]}, {'layer': 'B.Cu', 'points': [(34.2, 13.0), (37.6, 13.0)]}, {'layer': 'F.Cu', 'points': [(37.6, 13.0), (54.5, 13.0), (54.5, 10.0)]}] vias [(34.2, 13.0), (37.6, 13.0)]
/CHG_N initial islands 2
NO PATH DIAGNOSTIC /CHG_N start [(284, 268, 0), (284, 269, 0), (284, 270, 0), (284, 276, 0), (284, 277, 0), (284, 278, 0), (285, 268, 0), (285, 269, 0), (285, 270, 0), (285, 276, 0)] target [(560, 95, 0), (560, 96, 0), (560, 97, 0), (560, 98, 0), (560, 100, 0), (560, 102, 0), (560, 103, 0), (560, 104, 0), (560, 105, 0), (561, 95, 0)] closest [(7.6850504227363405, (500, 141, 2, 0)), (7.6850504227363405, (500, 141, 2, 1)), (7.6850504227363405, (500, 141, 2, 6)), (7.6850504227363405, (500, 141, 2, 7)), (7.717512552629897, (499, 140, 2, 0)), (7.717512552629897, (499, 140, 2, 5)), (7.717512552629897, (499, 140, 2, 6)), (7.717512552629897, (499, 140, 2, 7))]
Traceback (most recent call last):
  File "/Users/dean/Documents/MORI/hardware/v1_2/reviews/weact_E_J3_20260930/route_socket_escape_v5.py", line 45, in <module>
    plans.append(r.plan(net,options[0][0],options[1]))
  File "/Users/dean/Documents/MORI/hardware/v1_2/reviews/weact_E_J3_20260930/route_motion_P5R7.py", line 142, in plan
    assert end,(net,'no path',visited)
AssertionError: ('/CHG_N', 'no path', 697411)
