12:26:39 AM: Debug: Adding duplicate image handler for 'PNG file'
12:26:39 AM: Debug: Adding duplicate image handler for 'JPEG file'
12:26:39 AM: Debug: Adding duplicate image handler for 'TIFF file'
12:26:39 AM: Debug: Adding duplicate image handler for 'GIF file'
12:26:39 AM: Debug: Adding duplicate image handler for 'PNM file'
12:26:39 AM: Debug: Adding duplicate image handler for 'PCX file'
12:26:39 AM: Debug: Adding duplicate image handler for 'IFF file'
12:26:39 AM: Debug: Adding duplicate image handler for 'Windows icon file'
12:26:39 AM: Debug: Adding duplicate image handler for 'Windows cursor file'
12:26:39 AM: Debug: Adding duplicate image handler for 'Windows animated cursor file'
12:26:39 AM: Debug: Adding duplicate image handler for 'TGA file'
12:26:39 AM: Debug: Adding duplicate image handler for 'XPM file'
12:26:39 AM: Debug: Adding duplicate image handler for 'PNG file'
12:26:39 AM: Debug: Adding duplicate image handler for 'JPEG file'
12:26:39 AM: Debug: Adding duplicate image handler for 'TIFF file'
12:26:39 AM: Debug: Adding duplicate image handler for 'GIF file'
12:26:39 AM: Debug: Adding duplicate image handler for 'PNM file'
12:26:39 AM: Debug: Adding duplicate image handler for 'PCX file'
12:26:39 AM: Debug: Adding duplicate image handler for 'IFF file'
12:26:39 AM: Debug: Adding duplicate image handler for 'Windows icon file'
12:26:39 AM: Debug: Adding duplicate image handler for 'Windows cursor file'
12:26:39 AM: Debug: Adding duplicate image handler for 'Windows animated cursor file'
12:26:39 AM: Debug: Adding duplicate image handler for 'TGA file'
12:26:39 AM: Debug: Adding duplicate image handler for 'XPM file'
NO PATH DIAGNOSTIC /S288_BUS start [(505, 25, 0), (505, 26, 0), (505, 27, 0), (505, 28, 0), (505, 30, 0), (505, 32, 0), (505, 33, 0), (505, 34, 0), (505, 35, 0), (506, 25, 0)] target [(291, 77, 2), (291, 78, 2), (292, 77, 2), (292, 78, 2), (292, 79, 2), (293, 77, 2), (293, 78, 2), (293, 79, 2), (293, 80, 2), (294, 81, 2)] closest [(5.905602656054757, (314, 8, 0, 0)), (5.905602656054757, (314, 8, 0, 1)), (5.905602656054757, (314, 8, 0, 2)), (5.905602656054757, (314, 8, 0, 3)), (5.905602656054757, (314, 8, 0, 4)), (5.905602656054757, (314, 8, 2, 0)), (5.905602656054757, (314, 8, 2, 1)), (5.905602656054757, (314, 8, 2, 2))]
Traceback (most recent call last):
  File "/Users/dean/Documents/MORI/hardware/v1_2/reviews/weact_E_J3_20260930/route_socket_compact.py", line 20, in <module>
    result=r.plan('/S288_BUS',r.START_OPTIONS[0],ends)
  File "/Users/dean/Documents/MORI/hardware/v1_2/reviews/weact_E_J3_20260930/route_motion_P5R7.py", line 142, in plan
    assert end,(net,'no path',visited)
AssertionError: ('/S288_BUS', 'no path', 50148)
