12:20:41 AM: Debug: Adding duplicate image handler for 'PNG file'
12:20:41 AM: Debug: Adding duplicate image handler for 'JPEG file'
12:20:41 AM: Debug: Adding duplicate image handler for 'TIFF file'
12:20:41 AM: Debug: Adding duplicate image handler for 'GIF file'
12:20:41 AM: Debug: Adding duplicate image handler for 'PNM file'
12:20:41 AM: Debug: Adding duplicate image handler for 'PCX file'
12:20:41 AM: Debug: Adding duplicate image handler for 'IFF file'
12:20:41 AM: Debug: Adding duplicate image handler for 'Windows icon file'
12:20:41 AM: Debug: Adding duplicate image handler for 'Windows cursor file'
12:20:41 AM: Debug: Adding duplicate image handler for 'Windows animated cursor file'
12:20:41 AM: Debug: Adding duplicate image handler for 'TGA file'
12:20:41 AM: Debug: Adding duplicate image handler for 'XPM file'
12:20:41 AM: Debug: Adding duplicate image handler for 'PNG file'
12:20:41 AM: Debug: Adding duplicate image handler for 'JPEG file'
12:20:41 AM: Debug: Adding duplicate image handler for 'TIFF file'
12:20:41 AM: Debug: Adding duplicate image handler for 'GIF file'
12:20:41 AM: Debug: Adding duplicate image handler for 'PNM file'
12:20:41 AM: Debug: Adding duplicate image handler for 'PCX file'
12:20:41 AM: Debug: Adding duplicate image handler for 'IFF file'
12:20:41 AM: Debug: Adding duplicate image handler for 'Windows icon file'
12:20:41 AM: Debug: Adding duplicate image handler for 'Windows cursor file'
12:20:41 AM: Debug: Adding duplicate image handler for 'Windows animated cursor file'
12:20:41 AM: Debug: Adding duplicate image handler for 'TGA file'
12:20:41 AM: Debug: Adding duplicate image handler for 'XPM file'
/S288_BUS initial islands 2
/S288_BUS 753650 [{'layer': 'B.Cu', 'points': [(33.124999, 8.75), (33.124999, 9.275001), (32.6, 9.8)]}, {'layer': 'F.Cu', 'points': [(32.6, 9.8), (28.200000000000003, 14.2), (25.7, 14.2), (21.4, 18.5), (9.0, 18.5), (9.0, 13.7), (5.7, 10.399999999999999), (5.7, 0.8), (48.1, 0.8), (48.2, 0.7)]}] vias [(32.6, 9.8)]
/CHG_N initial islands 2
/CHG_N 924100 [{'layer': 'F.Cu', 'points': [(23.875999, 19.811999), (7.0, 19.811999), (7.0, 13.3)]}, {'layer': 'B.Cu', 'points': [(7.0, 13.3), (4.2, 10.5), (4.2, 9.9), (5.7, 8.4), (5.7, 0.8), (44.5, 0.8), (45.3, 1.6)]}, {'layer': 'F.Cu', 'points': [(45.3, 1.6), (45.0088, 1.8911999999999964), (45.0088, 3.556)]}] vias [(7.0, 13.3), (45.3, 1.6)]
/WHEEL_ADC_IN initial islands 2
/WHEEL_ADC_IN 456994 [{'layer': 'F.Cu', 'points': [(60.5, 10.0), (60.5, 7.7), (66.5, 7.7), (68.1, 9.299999999999994), (68.1, 27.9), (62.6, 33.39999999999999), (62.6, 34.3), (5.7, 34.3), (5.7, 28.8), (9.299999999999997, 28.8), (13.2, 24.9)]}, {'layer': 'B.Cu', 'points': [(13.2, 24.9), (13.924999999999997, 24.175), (14.225, 24.175)]}] vias [(13.2, 24.9)]
/CURRENT_ADC_IN initial islands 2
NO PATH DIAGNOSTIC /CURRENT_ADC_IN start [(620, 95, 0), (620, 96, 0), (620, 97, 0), (620, 98, 0), (620, 100, 0), (620, 102, 0), (620, 103, 0), (620, 104, 0), (620, 105, 0), (621, 95, 0)] target [(171, 237, 2), (171, 238, 2), (171, 239, 2), (171, 244, 2), (171, 245, 2), (171, 246, 2), (171, 247, 2), (172, 237, 2), (172, 238, 2), (172, 239, 2)] closest [(28.5675734006233, (443, 344, 2, 3)), (28.5675734006233, (443, 344, 2, 4)), (28.62544759475386, (444, 343, 2, 3)), (28.62544759475386, (444, 343, 2, 4)), (28.62544759475386, (444, 343, 2, 5)), (28.62544759475386, (444, 343, 2, 6)), (28.66097084887391, (444, 344, 2, 2)), (28.66097084887391, (444, 344, 2, 3))]
Traceback (most recent call last):
  File "/Users/dean/Documents/MORI/hardware/v1_2/reviews/weact_E_J3_20260930/route_socket_islands_v2.py", line 33, in <module>
    plans.append(r.plan(net,options[0][0],options[1]))
  File "/Users/dean/Documents/MORI/hardware/v1_2/reviews/weact_E_J3_20260930/route_motion_P5R7.py", line 142, in plan
    assert end,(net,'no path',visited)
AssertionError: ('/CURRENT_ADC_IN', 'no path', 356366)
