12:32:52 AM: Debug: Adding duplicate image handler for 'PNG file'
12:32:52 AM: Debug: Adding duplicate image handler for 'JPEG file'
12:32:52 AM: Debug: Adding duplicate image handler for 'TIFF file'
12:32:52 AM: Debug: Adding duplicate image handler for 'GIF file'
12:32:52 AM: Debug: Adding duplicate image handler for 'PNM file'
12:32:52 AM: Debug: Adding duplicate image handler for 'PCX file'
12:32:52 AM: Debug: Adding duplicate image handler for 'IFF file'
12:32:52 AM: Debug: Adding duplicate image handler for 'Windows icon file'
12:32:52 AM: Debug: Adding duplicate image handler for 'Windows cursor file'
12:32:52 AM: Debug: Adding duplicate image handler for 'Windows animated cursor file'
12:32:52 AM: Debug: Adding duplicate image handler for 'TGA file'
12:32:52 AM: Debug: Adding duplicate image handler for 'XPM file'
12:32:52 AM: Debug: Adding duplicate image handler for 'PNG file'
12:32:52 AM: Debug: Adding duplicate image handler for 'JPEG file'
12:32:52 AM: Debug: Adding duplicate image handler for 'TIFF file'
12:32:52 AM: Debug: Adding duplicate image handler for 'GIF file'
12:32:52 AM: Debug: Adding duplicate image handler for 'PNM file'
12:32:52 AM: Debug: Adding duplicate image handler for 'PCX file'
12:32:52 AM: Debug: Adding duplicate image handler for 'IFF file'
12:32:52 AM: Debug: Adding duplicate image handler for 'Windows icon file'
12:32:52 AM: Debug: Adding duplicate image handler for 'Windows cursor file'
12:32:52 AM: Debug: Adding duplicate image handler for 'Windows animated cursor file'
12:32:52 AM: Debug: Adding duplicate image handler for 'TGA file'
12:32:52 AM: Debug: Adding duplicate image handler for 'XPM file'
/S288_BUS initial islands 2
/S288_BUS 43472 [{'layer': 'F.Cu', 'points': [(31.394399, 6.7056), (32.688799, 8.0), (42.8, 8.0), (48.2, 2.5999999999999943), (48.2, 0.7)]}] vias []
/FAULT_N initial islands 2
NO PATH DIAGNOSTIC /FAULT_N start [(288, 74, 0), (288, 75, 0), (288, 76, 0), (289, 74, 0), (289, 75, 0), (289, 76, 0), (290, 74, 0), (290, 75, 0), (290, 76, 0), (295, 74, 0)] target [(540, 95, 0), (540, 96, 0), (540, 97, 0), (540, 98, 0), (540, 100, 0), (540, 102, 0), (540, 103, 0), (540, 104, 0), (540, 105, 0), (541, 95, 0)] closest [(6.087692502089769, (500, 141, 2, 0)), (6.087692502089769, (500, 141, 2, 1)), (6.087692502089769, (500, 141, 2, 6)), (6.087692502089769, (500, 141, 2, 7)), (6.095900261651269, (499, 140, 2, 0)), (6.095900261651269, (499, 140, 2, 5)), (6.095900261651269, (499, 140, 2, 6)), (6.095900261651269, (499, 140, 2, 7))]
Traceback (most recent call last):
  File "/Users/dean/Documents/MORI/hardware/v1_2/reviews/weact_E_J3_20260930/route_socket_escape_v4.py", line 45, in <module>
    plans.append(r.plan(net,options[0][0],options[1]))
  File "/Users/dean/Documents/MORI/hardware/v1_2/reviews/weact_E_J3_20260930/route_motion_P5R7.py", line 142, in plan
    assert end,(net,'no path',visited)
AssertionError: ('/FAULT_N', 'no path', 682002)
