11:51:04 PM: Debug: Adding duplicate image handler for 'PNG file'
11:51:04 PM: Debug: Adding duplicate image handler for 'JPEG file'
11:51:04 PM: Debug: Adding duplicate image handler for 'TIFF file'
11:51:04 PM: Debug: Adding duplicate image handler for 'GIF file'
11:51:04 PM: Debug: Adding duplicate image handler for 'PNM file'
11:51:04 PM: Debug: Adding duplicate image handler for 'PCX file'
11:51:04 PM: Debug: Adding duplicate image handler for 'IFF file'
11:51:04 PM: Debug: Adding duplicate image handler for 'Windows icon file'
11:51:04 PM: Debug: Adding duplicate image handler for 'Windows cursor file'
11:51:04 PM: Debug: Adding duplicate image handler for 'Windows animated cursor file'
11:51:04 PM: Debug: Adding duplicate image handler for 'TGA file'
11:51:04 PM: Debug: Adding duplicate image handler for 'XPM file'
11:51:04 PM: Debug: Adding duplicate image handler for 'PNG file'
11:51:04 PM: Debug: Adding duplicate image handler for 'JPEG file'
11:51:04 PM: Debug: Adding duplicate image handler for 'TIFF file'
11:51:04 PM: Debug: Adding duplicate image handler for 'GIF file'
11:51:04 PM: Debug: Adding duplicate image handler for 'PNM file'
11:51:04 PM: Debug: Adding duplicate image handler for 'PCX file'
11:51:04 PM: Debug: Adding duplicate image handler for 'IFF file'
11:51:04 PM: Debug: Adding duplicate image handler for 'Windows icon file'
11:51:04 PM: Debug: Adding duplicate image handler for 'Windows cursor file'
11:51:04 PM: Debug: Adding duplicate image handler for 'Windows animated cursor file'
11:51:04 PM: Debug: Adding duplicate image handler for 'TGA file'
11:51:04 PM: Debug: Adding duplicate image handler for 'XPM file'
GUARD ['/IMU_CS', 'F.Cu', (28.6, 24.4), (33.24, 29.04)]
GUARD ['/IMU_SCK', 'B.Cu', (27.325, 25.725), (28.8, 24.25)]
GUARD ['/IMU_SCK', 'B.Cu', (28.8, 24.25), (29.5, 24.25)]
VIA /IMU_SCK (29.5, 24.25) [('F.Cu', []), ('B.Cu', [('65379008-dbbc-45ee-b075-5cf238e943e3', '/CHG_N')])]
drc 5 发现 7 条违规项
发现 0 个未连接的项目
发现 0 个原理图一致性问题
保存 DRC 报告到 /Users/dean/Documents/MORI/hardware/v1_2/reviews/weact_E_J3_20260930/reports/motion/spi_manual_final/drc.json
 Fontconfig error: Cannot load default config file: File not found

erc 0 发现 0 条违规项
已将 ERC 报告保存到文件 /Users/dean/Documents/MORI/hardware/v1_2/reviews/weact_E_J3_20260930/reports/motion/spi_manual_final/erc.json
 Fontconfig error: Cannot load default config file: File not found

