11:44:08 PM: Debug: Adding duplicate image handler for 'PNG file'
11:44:08 PM: Debug: Adding duplicate image handler for 'JPEG file'
11:44:08 PM: Debug: Adding duplicate image handler for 'TIFF file'
11:44:08 PM: Debug: Adding duplicate image handler for 'GIF file'
11:44:08 PM: Debug: Adding duplicate image handler for 'PNM file'
11:44:08 PM: Debug: Adding duplicate image handler for 'PCX file'
11:44:08 PM: Debug: Adding duplicate image handler for 'IFF file'
11:44:08 PM: Debug: Adding duplicate image handler for 'Windows icon file'
11:44:08 PM: Debug: Adding duplicate image handler for 'Windows cursor file'
11:44:08 PM: Debug: Adding duplicate image handler for 'Windows animated cursor file'
11:44:08 PM: Debug: Adding duplicate image handler for 'TGA file'
11:44:08 PM: Debug: Adding duplicate image handler for 'XPM file'
11:44:08 PM: Debug: Adding duplicate image handler for 'PNG file'
11:44:08 PM: Debug: Adding duplicate image handler for 'JPEG file'
11:44:08 PM: Debug: Adding duplicate image handler for 'TIFF file'
11:44:08 PM: Debug: Adding duplicate image handler for 'GIF file'
11:44:08 PM: Debug: Adding duplicate image handler for 'PNM file'
11:44:08 PM: Debug: Adding duplicate image handler for 'PCX file'
11:44:08 PM: Debug: Adding duplicate image handler for 'IFF file'
11:44:08 PM: Debug: Adding duplicate image handler for 'Windows icon file'
11:44:08 PM: Debug: Adding duplicate image handler for 'Windows cursor file'
11:44:08 PM: Debug: Adding duplicate image handler for 'Windows animated cursor file'
11:44:08 PM: Debug: Adding duplicate image handler for 'TGA file'
11:44:08 PM: Debug: Adding duplicate image handler for 'XPM file'
11:44:08 PM: Debug: Adding duplicate image handler for 'PNG file'
11:44:08 PM: Debug: Adding duplicate image handler for 'JPEG file'
11:44:08 PM: Debug: Adding duplicate image handler for 'TIFF file'
11:44:08 PM: Debug: Adding duplicate image handler for 'GIF file'
11:44:08 PM: Debug: Adding duplicate image handler for 'PNM file'
11:44:08 PM: Debug: Adding duplicate image handler for 'PCX file'
11:44:08 PM: Debug: Adding duplicate image handler for 'IFF file'
11:44:08 PM: Debug: Adding duplicate image handler for 'Windows icon file'
11:44:08 PM: Debug: Adding duplicate image handler for 'Windows cursor file'
11:44:08 PM: Debug: Adding duplicate image handler for 'Windows animated cursor file'
11:44:08 PM: Debug: Adding duplicate image handler for 'TGA file'
11:44:08 PM: Debug: Adding duplicate image handler for 'XPM file'
GUARD /IMU_CS (27, 24.4) (31.6, 29)
GUARD /IMU_CS (31.6, 29) (43.3, 29)
GND stitch (42, 24.5)
NO PATH DIAGNOSTIC /IMU_SCK start [(270, 265, 2), (270, 275, 2), (271, 265, 2), (271, 270, 2), (271, 275, 2), (272, 270, 2), (273, 270, 2), (274, 270, 2), (275, 270, 2), (276, 265, 2)] target [(406, 222, 2), (406, 223, 2), (406, 224, 2), (406, 229, 2), (406, 230, 2), (406, 231, 2), (406, 232, 2), (407, 222, 2), (407, 223, 2), (407, 224, 2)] closest [(7.648121007410969, (335, 227, 2, 0)), (7.648121007410969, (335, 227, 2, 1)), (7.648121007410969, (335, 227, 2, 2)), (7.648121007410969, (335, 227, 2, 6)), (7.648121007410969, (335, 227, 2, 7)), (7.648209917621311, (335, 226, 2, 0)), (7.648209917621311, (335, 226, 2, 1)), (7.648209917621311, (335, 226, 2, 2))]
Traceback (most recent call last):
  File "/Users/dean/Documents/MORI/hardware/v1_2/reviews/weact_E_J3_20260930/route_SPI_corridors.py", line 39, in <module>
    plan=r.plan('/IMU_SCK',((27.325,27),k.B_Cu),[((41.147999,22.6568),k.B_Cu)])
  File "/Users/dean/Documents/MORI/hardware/v1_2/reviews/weact_E_J3_20260930/route_motion_P5R7.py", line 142, in plan
    assert end,(net,'no path',visited)
AssertionError: ('/IMU_SCK', 'no path', 120255)
