11:41:13 PM: Debug: Adding duplicate image handler for 'PNG file'
11:41:13 PM: Debug: Adding duplicate image handler for 'JPEG file'
11:41:13 PM: Debug: Adding duplicate image handler for 'TIFF file'
11:41:13 PM: Debug: Adding duplicate image handler for 'GIF file'
11:41:13 PM: Debug: Adding duplicate image handler for 'PNM file'
11:41:13 PM: Debug: Adding duplicate image handler for 'PCX file'
11:41:13 PM: Debug: Adding duplicate image handler for 'IFF file'
11:41:13 PM: Debug: Adding duplicate image handler for 'Windows icon file'
11:41:13 PM: Debug: Adding duplicate image handler for 'Windows cursor file'
11:41:13 PM: Debug: Adding duplicate image handler for 'Windows animated cursor file'
11:41:13 PM: Debug: Adding duplicate image handler for 'TGA file'
11:41:13 PM: Debug: Adding duplicate image handler for 'XPM file'
11:41:13 PM: Debug: Adding duplicate image handler for 'PNG file'
11:41:13 PM: Debug: Adding duplicate image handler for 'JPEG file'
11:41:13 PM: Debug: Adding duplicate image handler for 'TIFF file'
11:41:13 PM: Debug: Adding duplicate image handler for 'GIF file'
11:41:13 PM: Debug: Adding duplicate image handler for 'PNM file'
11:41:13 PM: Debug: Adding duplicate image handler for 'PCX file'
11:41:13 PM: Debug: Adding duplicate image handler for 'IFF file'
11:41:13 PM: Debug: Adding duplicate image handler for 'Windows icon file'
11:41:13 PM: Debug: Adding duplicate image handler for 'Windows cursor file'
11:41:13 PM: Debug: Adding duplicate image handler for 'Windows animated cursor file'
11:41:13 PM: Debug: Adding duplicate image handler for 'TGA file'
11:41:13 PM: Debug: Adding duplicate image handler for 'XPM file'
11:41:13 PM: Debug: Adding duplicate image handler for 'PNG file'
11:41:13 PM: Debug: Adding duplicate image handler for 'JPEG file'
11:41:13 PM: Debug: Adding duplicate image handler for 'TIFF file'
11:41:13 PM: Debug: Adding duplicate image handler for 'GIF file'
11:41:13 PM: Debug: Adding duplicate image handler for 'PNM file'
11:41:13 PM: Debug: Adding duplicate image handler for 'PCX file'
11:41:13 PM: Debug: Adding duplicate image handler for 'IFF file'
11:41:13 PM: Debug: Adding duplicate image handler for 'Windows icon file'
11:41:13 PM: Debug: Adding duplicate image handler for 'Windows cursor file'
11:41:13 PM: Debug: Adding duplicate image handler for 'Windows animated cursor file'
11:41:13 PM: Debug: Adding duplicate image handler for 'TGA file'
11:41:13 PM: Debug: Adding duplicate image handler for 'XPM file'
/IMU_CS 165256 [{'layer': 'B.Cu', 'points': [(23.5, 26.175), (23.5, 24.4), (25.3, 24.4)]}, {'layer': 'F.Cu', 'points': [(25.3, 24.4), (29.4, 24.4), (33.6, 28.6), (43.3, 28.6), (43.3, 23.3), (45.0, 21.6)]}, {'layer': 'B.Cu', 'points': [(45.0, 21.6), (45.264, 21.336), (45.719999, 21.336)]}] vias [(25.3, 24.4), (45.0, 21.6)]
/IMU_MOSI 160615 [{'layer': 'B.Cu', 'points': [(29.5, 26.175), (29.775, 26.175), (30.7, 27.1)]}, {'layer': 'F.Cu', 'points': [(30.7, 27.1), (32.2, 28.6)]}, {'layer': 'B.Cu', 'points': [(32.2, 28.6), (39.2, 28.6), (39.2, 25.7), (41.5, 23.4), (44.4, 23.4)]}, {'layer': 'F.Cu', 'points': [(44.4, 23.4), (44.671999, 23.4), (46.228, 21.843999)]}] vias [(30.7, 27.1), (32.2, 28.6), (44.4, 23.4)]
NO PATH DIAGNOSTIC /IMU_SCK start [(270, 265, 2), (270, 275, 2), (271, 265, 2), (271, 270, 2), (271, 275, 2), (272, 270, 2), (273, 270, 2), (274, 270, 2), (275, 270, 2), (276, 265, 2)] target [(406, 222, 2), (406, 223, 2), (406, 224, 2), (406, 229, 2), (406, 230, 2), (406, 231, 2), (406, 232, 2), (407, 222, 2), (407, 223, 2), (407, 224, 2)] closest [(7.648121007410969, (335, 227, 2, 0)), (7.648121007410969, (335, 227, 2, 1)), (7.648121007410969, (335, 227, 2, 2)), (7.648121007410969, (335, 227, 2, 6)), (7.648121007410969, (335, 227, 2, 7)), (7.648209917621311, (335, 226, 2, 0)), (7.648209917621311, (335, 226, 2, 1)), (7.648209917621311, (335, 226, 2, 2))]
Traceback (most recent call last):
  File "/Users/dean/Documents/MORI/hardware/v1_2/reviews/weact_E_J3_20260930/route_SPI_group.py", line 20, in <module>
    plans.append(r.plan(*specs[key]))
  File "/Users/dean/Documents/MORI/hardware/v1_2/reviews/weact_E_J3_20260930/route_motion_P5R7.py", line 142, in plan
    assert end,(net,'no path',visited)
AssertionError: ('/IMU_SCK', 'no path', 117114)
