12:02:18 AM: Debug: Adding duplicate image handler for 'PNG file'
12:02:18 AM: Debug: Adding duplicate image handler for 'JPEG file'
12:02:18 AM: Debug: Adding duplicate image handler for 'TIFF file'
12:02:18 AM: Debug: Adding duplicate image handler for 'GIF file'
12:02:18 AM: Debug: Adding duplicate image handler for 'PNM file'
12:02:18 AM: Debug: Adding duplicate image handler for 'PCX file'
12:02:18 AM: Debug: Adding duplicate image handler for 'IFF file'
12:02:18 AM: Debug: Adding duplicate image handler for 'Windows icon file'
12:02:18 AM: Debug: Adding duplicate image handler for 'Windows cursor file'
12:02:18 AM: Debug: Adding duplicate image handler for 'Windows animated cursor file'
12:02:18 AM: Debug: Adding duplicate image handler for 'TGA file'
12:02:18 AM: Debug: Adding duplicate image handler for 'XPM file'
12:02:18 AM: Debug: Adding duplicate image handler for 'PNG file'
12:02:18 AM: Debug: Adding duplicate image handler for 'JPEG file'
12:02:18 AM: Debug: Adding duplicate image handler for 'TIFF file'
12:02:18 AM: Debug: Adding duplicate image handler for 'GIF file'
12:02:18 AM: Debug: Adding duplicate image handler for 'PNM file'
12:02:18 AM: Debug: Adding duplicate image handler for 'PCX file'
12:02:18 AM: Debug: Adding duplicate image handler for 'IFF file'
12:02:18 AM: Debug: Adding duplicate image handler for 'Windows icon file'
12:02:18 AM: Debug: Adding duplicate image handler for 'Windows cursor file'
12:02:18 AM: Debug: Adding duplicate image handler for 'Windows animated cursor file'
12:02:18 AM: Debug: Adding duplicate image handler for 'TGA file'
12:02:18 AM: Debug: Adding duplicate image handler for 'XPM file'
12:02:19 AM: Debug: Adding duplicate image handler for 'PNG file'
12:02:19 AM: Debug: Adding duplicate image handler for 'JPEG file'
12:02:19 AM: Debug: Adding duplicate image handler for 'TIFF file'
12:02:19 AM: Debug: Adding duplicate image handler for 'GIF file'
12:02:19 AM: Debug: Adding duplicate image handler for 'PNM file'
12:02:19 AM: Debug: Adding duplicate image handler for 'PCX file'
12:02:19 AM: Debug: Adding duplicate image handler for 'IFF file'
12:02:19 AM: Debug: Adding duplicate image handler for 'Windows icon file'
12:02:19 AM: Debug: Adding duplicate image handler for 'Windows cursor file'
12:02:19 AM: Debug: Adding duplicate image handler for 'Windows animated cursor file'
12:02:19 AM: Debug: Adding duplicate image handler for 'TGA file'
12:02:19 AM: Debug: Adding duplicate image handler for 'XPM file'
/USER_KEY_N 158071 [{'layer': 'F.Cu', 'points': [(30.581599, 28.1432), (30.838399, 28.4), (32.2, 28.4)]}, {'layer': 'B.Cu', 'points': [(32.2, 28.4), (32.2, 24.699999999999996), (33.5, 23.4), (33.5, 17.6), (38.8, 17.6), (43.0, 21.8)]}, {'layer': 'F.Cu', 'points': [(43.0, 21.8), (43.0, 27.7)]}, {'layer': 'B.Cu', 'points': [(43.0, 27.7), (42.5704, 27.7), (42.5704, 28.1432)]}] vias [(32.2, 28.4), (43.0, 21.8), (43.0, 27.7)]
drc 0 发现 0 条违规项
发现 0 个未连接的项目
发现 0 个原理图一致性问题
保存 DRC 报告到 /Users/dean/Documents/MORI/hardware/v1_2/reviews/weact_E_J3_20260930/reports/motion/userkey_socket_clearance/drc.json
 Fontconfig error: Cannot load default config file: File not found

erc 0 发现 0 条违规项
已将 ERC 报告保存到文件 /Users/dean/Documents/MORI/hardware/v1_2/reviews/weact_E_J3_20260930/reports/motion/userkey_socket_clearance/erc.json
 Fontconfig error: Cannot load default config file: File not found

