01:10:43 AM: Debug: Adding duplicate image handler for 'PNG file'
01:10:43 AM: Debug: Adding duplicate image handler for 'JPEG file'
01:10:43 AM: Debug: Adding duplicate image handler for 'TIFF file'
01:10:43 AM: Debug: Adding duplicate image handler for 'GIF file'
01:10:43 AM: Debug: Adding duplicate image handler for 'PNM file'
01:10:43 AM: Debug: Adding duplicate image handler for 'PCX file'
01:10:43 AM: Debug: Adding duplicate image handler for 'IFF file'
01:10:43 AM: Debug: Adding duplicate image handler for 'Windows icon file'
01:10:43 AM: Debug: Adding duplicate image handler for 'Windows cursor file'
01:10:43 AM: Debug: Adding duplicate image handler for 'Windows animated cursor file'
01:10:43 AM: Debug: Adding duplicate image handler for 'TGA file'
01:10:43 AM: Debug: Adding duplicate image handler for 'XPM file'
01:10:43 AM: Debug: Adding duplicate image handler for 'PNG file'
01:10:43 AM: Debug: Adding duplicate image handler for 'JPEG file'
01:10:43 AM: Debug: Adding duplicate image handler for 'TIFF file'
01:10:43 AM: Debug: Adding duplicate image handler for 'GIF file'
01:10:43 AM: Debug: Adding duplicate image handler for 'PNM file'
01:10:43 AM: Debug: Adding duplicate image handler for 'PCX file'
01:10:43 AM: Debug: Adding duplicate image handler for 'IFF file'
01:10:43 AM: Debug: Adding duplicate image handler for 'Windows icon file'
01:10:43 AM: Debug: Adding duplicate image handler for 'Windows cursor file'
01:10:43 AM: Debug: Adding duplicate image handler for 'Windows animated cursor file'
01:10:43 AM: Debug: Adding duplicate image handler for 'TGA file'
01:10:43 AM: Debug: Adding duplicate image handler for 'XPM file'
01:10:43 AM: Debug: Adding duplicate image handler for 'PNG file'
01:10:43 AM: Debug: Adding duplicate image handler for 'JPEG file'
01:10:43 AM: Debug: Adding duplicate image handler for 'TIFF file'
01:10:43 AM: Debug: Adding duplicate image handler for 'GIF file'
01:10:43 AM: Debug: Adding duplicate image handler for 'PNM file'
01:10:43 AM: Debug: Adding duplicate image handler for 'PCX file'
01:10:43 AM: Debug: Adding duplicate image handler for 'IFF file'
01:10:43 AM: Debug: Adding duplicate image handler for 'Windows icon file'
01:10:43 AM: Debug: Adding duplicate image handler for 'Windows cursor file'
01:10:43 AM: Debug: Adding duplicate image handler for 'Windows animated cursor file'
01:10:43 AM: Debug: Adding duplicate image handler for 'TGA file'
01:10:43 AM: Debug: Adding duplicate image handler for 'XPM file'
motion before {'segments': 455, 'vias': 96, 'nets_with_tracks': 45, 'length_mm': 1196.7029540839692, 'flags': {'OFFSET_ENDPOINTS': 31, 'SHORT_SEGMENT': 12, 'NON_45': 1}}
01:10:43 AM: Debug: Adding duplicate image handler for 'PNG file'
01:10:43 AM: Debug: Adding duplicate image handler for 'JPEG file'
01:10:43 AM: Debug: Adding duplicate image handler for 'TIFF file'
01:10:43 AM: Debug: Adding duplicate image handler for 'GIF file'
01:10:43 AM: Debug: Adding duplicate image handler for 'PNM file'
01:10:43 AM: Debug: Adding duplicate image handler for 'PCX file'
01:10:43 AM: Debug: Adding duplicate image handler for 'IFF file'
01:10:43 AM: Debug: Adding duplicate image handler for 'Windows icon file'
01:10:43 AM: Debug: Adding duplicate image handler for 'Windows cursor file'
01:10:43 AM: Debug: Adding duplicate image handler for 'Windows animated cursor file'
01:10:43 AM: Debug: Adding duplicate image handler for 'TGA file'
01:10:43 AM: Debug: Adding duplicate image handler for 'XPM file'
motion after {'segments': 450, 'vias': 104, 'nets_with_tracks': 45, 'length_mm': 1311.8739078128604, 'flags': {'SHORT_SEGMENT': 7, 'OFFSET_ENDPOINTS': 13, 'NON_45': 1}}
01:10:43 AM: Debug: Adding duplicate image handler for 'PNG file'
01:10:43 AM: Debug: Adding duplicate image handler for 'JPEG file'
01:10:43 AM: Debug: Adding duplicate image handler for 'TIFF file'
01:10:43 AM: Debug: Adding duplicate image handler for 'GIF file'
01:10:43 AM: Debug: Adding duplicate image handler for 'PNM file'
01:10:43 AM: Debug: Adding duplicate image handler for 'PCX file'
01:10:43 AM: Debug: Adding duplicate image handler for 'IFF file'
01:10:43 AM: Debug: Adding duplicate image handler for 'Windows icon file'
01:10:43 AM: Debug: Adding duplicate image handler for 'Windows cursor file'
01:10:43 AM: Debug: Adding duplicate image handler for 'Windows animated cursor file'
01:10:43 AM: Debug: Adding duplicate image handler for 'TGA file'
01:10:43 AM: Debug: Adding duplicate image handler for 'XPM file'
01:10:45 AM: Debug: Adding duplicate image handler for 'PNG file'
01:10:45 AM: Debug: Adding duplicate image handler for 'JPEG file'
01:10:45 AM: Debug: Adding duplicate image handler for 'TIFF file'
01:10:45 AM: Debug: Adding duplicate image handler for 'GIF file'
01:10:45 AM: Debug: Adding duplicate image handler for 'PNM file'
01:10:45 AM: Debug: Adding duplicate image handler for 'PCX file'
01:10:45 AM: Debug: Adding duplicate image handler for 'IFF file'
01:10:45 AM: Debug: Adding duplicate image handler for 'Windows icon file'
01:10:45 AM: Debug: Adding duplicate image handler for 'Windows cursor file'
01:10:45 AM: Debug: Adding duplicate image handler for 'Windows animated cursor file'
01:10:45 AM: Debug: Adding duplicate image handler for 'TGA file'
01:10:45 AM: Debug: Adding duplicate image handler for 'XPM file'
01:10:46 AM: Debug: Adding duplicate image handler for 'PNG file'
01:10:46 AM: Debug: Adding duplicate image handler for 'JPEG file'
01:10:46 AM: Debug: Adding duplicate image handler for 'TIFF file'
01:10:46 AM: Debug: Adding duplicate image handler for 'GIF file'
01:10:46 AM: Debug: Adding duplicate image handler for 'PNM file'
01:10:46 AM: Debug: Adding duplicate image handler for 'PCX file'
01:10:46 AM: Debug: Adding duplicate image handler for 'IFF file'
01:10:46 AM: Debug: Adding duplicate image handler for 'Windows icon file'
01:10:46 AM: Debug: Adding duplicate image handler for 'Windows cursor file'
01:10:46 AM: Debug: Adding duplicate image handler for 'Windows animated cursor file'
01:10:46 AM: Debug: Adding duplicate image handler for 'TGA file'
01:10:46 AM: Debug: Adding duplicate image handler for 'XPM file'
motion components 49 foreign-net candidates 0 own-pin escapes 28 U100 exceptions 380
Native and topology checks PASS; new style candidates 0
