00:00.315  blend            | Read blend: "/Users/dean/Documents/MORI/mechanical/mori_v1_2.blend"
RENDER 45_assembled
00:11.661  render           | Saved: '/Users/dean/Documents/MORI/mechanical/renders/45_assembled.png'
RENDER front
00:17.349  render           | Saved: '/Users/dean/Documents/MORI/mechanical/renders/front.png'
RENDER side
00:22.927  render           | Saved: '/Users/dean/Documents/MORI/mechanical/renders/side.png'
RENDER rear
00:28.405  render           | Saved: '/Users/dean/Documents/MORI/mechanical/renders/rear.png'
RENDER top
00:35.366  render           | Saved: '/Users/dean/Documents/MORI/mechanical/renders/top.png'
RENDER bottom
00:42.752  render           | Saved: '/Users/dean/Documents/MORI/mechanical/renders/bottom.png'
RENDER exploded
00:48.533  render           | Saved: '/Users/dean/Documents/MORI/mechanical/renders/exploded.png'
RENDER internal
00:54.916  render           | Saved: '/Users/dean/Documents/MORI/mechanical/renders/internal.png'
RENDER structure_only
01:00.409  render           | Saved: '/Users/dean/Documents/MORI/mechanical/renders/structure_only.png'
RENDER structure_exploded
01:04.345  render           | Saved: '/Users/dean/Documents/MORI/mechanical/renders/structure_exploded.png'
RENDER deck_detail
01:10.439  render           | Saved: '/Users/dean/Documents/MORI/mechanical/renders/deck_detail.png'
RENDER head_support
01:14.429  render           | Saved: '/Users/dean/Documents/MORI/mechanical/renders/head_support.png'
RENDER head_section
01:22.805  render           | Saved: '/Users/dean/Documents/MORI/mechanical/renders/head_section.png'
RENDER screen_outline_review
01:29.022  render           | Saved: '/Users/dean/Documents/MORI/mechanical/renders/screen_outline_review.png'
RENDER clearance
01:34.283  render           | Saved: '/Users/dean/Documents/MORI/mechanical/renders/clearance.png'
RENDER wheel_gap_detail
01:40.808  render           | Saved: '/Users/dean/Documents/MORI/mechanical/renders/wheel_gap_detail.png'
RENDER pose_up
01:51.777  render           | Saved: '/Users/dean/Documents/MORI/mechanical/renders/pose_up.png'
RENDER pose_down
02:03.788  render           | Saved: '/Users/dean/Documents/MORI/mechanical/renders/pose_down.png'
RENDER docked
02:15.011  render           | Saved: '/Users/dean/Documents/MORI/mechanical/renders/docked.png'
RENDER_COMPLETE
Blender 5.2.1 LTS (hash 9e2066aef7ef built 2026-08-25 01:35:57)

Blender quit
