2026-09-23 12:48:23.968 INFO   Freerouting v2.4.1 (build-date: 2026-09-03)
2026-09-23 12:48:25.366 INFO   [8C6F78\E979C6] Loading board file 'MORI_imu_P5.dsn'...
2026-09-23 12:48:25.421 INFO   [8C6F78\E979C6] Job '8C6F78\E979C6' started at 2026-09-23T04:48:25.421264Z.
2026-09-23 12:48:25.462 INFO   [8C6F78\E979C6] Auto-routing stage started on board '547301597e553e7ee9c50eec8661f90f' for 7 unrouted items.
2026-09-23 12:48:25.800 INFO   [8C6F78\E979C6] Auto-routing pass #1 on board '547301597e553e7ee9c50eec8661f90f' was completed in 0.31 seconds with score 507.69 (5 unrouted and 7 violations).
2026-09-23 12:48:25.947 INFO   [8C6F78\E979C6] Auto-routing pass #2 on board '42a42872e6d1f7b2fe0c83d455b0a2e0' was completed in 0.13 seconds with score 584.61 (4 unrouted and 7 violations).
2026-09-23 12:48:26.055 INFO   [8C6F78\E979C6] Auto-routing pass #3 on board '8ab8e7bd03a0812ecad99d1c033ba50c' was completed in 0.10 seconds with score 584.61 (4 unrouted and 7 violations).
2026-09-23 12:48:26.174 INFO   [8C6F78\E979C6] Auto-routing pass #4 on board '8ab8e7bd03a0812ecad99d1c033ba50c' was completed in 0.10 seconds with score 584.61 (4 unrouted and 7 violations).
2026-09-23 12:48:26.232 INFO   [8C6F78\E979C6] Auto-routing pass #5 on board '8ab8e7bd03a0812ecad99d1c033ba50c' was completed in 0.05 seconds with score 584.61 (4 unrouted and 7 violations).
2026-09-23 12:48:26.306 INFO   [8C6F78\E979C6] Auto-routing pass #6 on board '8ab8e7bd03a0812ecad99d1c033ba50c' was completed in 0.07 seconds with score 584.61 (4 unrouted and 7 violations).
2026-09-23 12:48:26.365 INFO   [8C6F78\E979C6] Auto-routing pass #7 on board '8ab8e7bd03a0812ecad99d1c033ba50c' was completed in 0.06 seconds with score 584.61 (4 unrouted and 7 violations).
2026-09-23 12:48:26.431 INFO   [8C6F78\E979C6] Auto-routing pass #8 on board '8ab8e7bd03a0812ecad99d1c033ba50c' was completed in 0.06 seconds with score 584.61 (4 unrouted and 7 violations).
2026-09-23 12:48:26.484 INFO   [8C6F78\E979C6] Auto-routing pass #9 on board '8ab8e7bd03a0812ecad99d1c033ba50c' was completed in 0.05 seconds with score 584.61 (4 unrouted and 7 violations), using 0.90 CPU seconds and the job allocated 5.24 GB of memory so far.
2026-09-23 12:48:26.533 INFO   [8C6F78\E979C6] Auto-routing pass #10 on board '8ab8e7bd03a0812ecad99d1c033ba50c' was completed in 0.04 seconds with score 584.61 (4 unrouted and 7 violations), using 0.90 CPU seconds and the job allocated 5.24 GB of memory so far.
2026-09-23 12:48:26.596 INFO   [8C6F78\E979C6] Auto-routing pass #11 on board '8ab8e7bd03a0812ecad99d1c033ba50c' was completed in 0.06 seconds with score 584.61 (4 unrouted and 7 violations), using 0.90 CPU seconds and the job allocated 5.24 GB of memory so far.
2026-09-23 12:48:26.666 INFO   [8C6F78\E979C6] Auto-routing pass #12 on board '8ab8e7bd03a0812ecad99d1c033ba50c' was completed in 0.07 seconds with score 584.61 (4 unrouted and 7 violations), using 0.90 CPU seconds and the job allocated 5.24 GB of memory so far.
2026-09-23 12:48:26.733 INFO   [8C6F78\E979C6] Auto-routing pass #13 on board '8ab8e7bd03a0812ecad99d1c033ba50c' was completed in 0.06 seconds with score 584.61 (4 unrouted and 7 violations), using 0.90 CPU seconds and the job allocated 5.24 GB of memory so far.
2026-09-23 12:48:26.794 INFO   [8C6F78\E979C6] Auto-routing pass #14 on board '8ab8e7bd03a0812ecad99d1c033ba50c' was completed in 0.06 seconds with score 584.61 (4 unrouted and 7 violations), using 0.90 CPU seconds and the job allocated 5.24 GB of memory so far.
2026-09-23 12:48:26.848 INFO   [8C6F78\E979C6] Auto-routing pass #15 on board '8ab8e7bd03a0812ecad99d1c033ba50c' was completed in 0.05 seconds with score 584.61 (4 unrouted and 7 violations), using 0.90 CPU seconds and the job allocated 5.24 GB of memory so far.
2026-09-23 12:48:26.912 INFO   [8C6F78\E979C6] Auto-routing pass #16 on board '8ab8e7bd03a0812ecad99d1c033ba50c' was completed in 0.06 seconds with score 584.61 (4 unrouted and 7 violations), using 0.90 CPU seconds and the job allocated 5.24 GB of memory so far.
2026-09-23 12:48:26.969 INFO   [8C6F78\E979C6] Auto-routing pass #17 on board '8ab8e7bd03a0812ecad99d1c033ba50c' was completed in 0.05 seconds with score 584.61 (4 unrouted and 7 violations), using 0.90 CPU seconds and the job allocated 5.24 GB of memory so far.
2026-09-23 12:48:27.022 INFO   [8C6F78\E979C6] Auto-routing pass #18 on board '8ab8e7bd03a0812ecad99d1c033ba50c' was completed in 0.05 seconds with score 584.61 (4 unrouted and 7 violations), using 0.90 CPU seconds and the job allocated 5.24 GB of memory so far.
2026-09-23 12:48:27.024 INFO   [8C6F78\E979C6] The router's score (584.61) has not improved by more than 0.5 points in the last 10 passes (4 items still unconnected). Stopping the auto-router.
The following connections could not be routed -- please review your design (e.g. check pad clearances, trace width rules, and available routing space):
  Net '/+3V3' (2 unrouted connections):
    - C3-1  ->  U1-5
    - C1-1  ->  R2-2
  Net '/CS_N' (1 unrouted connection):
    - U1-12  ->  R2-1
  Net '/SCK' (1 unrouted connection):
    - U1-13  ->  J1-3
2026-09-23 12:48:27.034 INFO   [8C6F78\E979C6] Auto-routing stage completed: started with 7 unrouted nets, completed in 1.58 seconds, final score: 584.61 (4 unrouted and 7 violations), using 0.90 total CPU seconds, 5.24 GB total allocated, and 340.8 MB peak heap usage.
2026-09-23 12:48:27.038 INFO   [8C6F78\E979C6] Optimization stage started on board '8ab8e7bd03a0812ecad99d1c033ba50c' with score 584.61 (4 unrouted and 7 violations).
2026-09-23 12:48:27.064 INFO   [8C6F78\E979C6] Optimizer pass #1 on board 'f8f14da380a6b63904274d8ae1e23553' was completed in 0.02 seconds with the score of 584.61 (4 unrouted and 7 violations).
2026-09-23 12:48:27.066 INFO   [8C6F78\E979C6] Stopping optimizer because the improvement in this pass (0.0000%) is below the threshold (1.00%).
2026-09-23 12:48:27.068 INFO   [8C6F78\E979C6] Optimization stage completed: started with score 584.61 (4 unrouted and 7 violations), completed in 0.03 seconds, final score: 584.61 (4 unrouted and 7 violations), using 0.02 total CPU seconds, 0.32 GB total allocated, and 293.0 MB peak heap usage.
2026-09-23 12:48:27.070 INFO   [8C6F78\E979C6] Job '8C6F78\E979C6' finished with state: COMPLETED (elapsed: 1.65 seconds, finished at UTC: 2026-09-23T04:48:27.070044Z).
2026-09-23 12:48:27.142 INFO   Saving output file '/Users/dean/Documents/MORI/hardware/v1_2/kicad/MORI_imu_P5/MORI_imu_P5.ses' (SES)...
2026-09-23 12:48:27.144 INFO   Successfully saved output file '/Users/dean/Documents/MORI/hardware/v1_2/kicad/MORI_imu_P5/MORI_imu_P5.ses' (7116 bytes).
