00:00.312  blend            | Read blend: "/Users/dean/Documents/MORI/mechanical/mori_v1_2.blend"
HOST_BRUSH Yaw_Base 0 poses 13 seconds 0.1
HOST_BRUSH Yaw_Base 1 poses 13 seconds 0.2
HOST_BRUSH Yaw_Base 2 poses 13 seconds 0.3
HOST_BRUSH Yaw_Base 3 poses 13 seconds 0.4
HOST_BRUSH Yaw_Base 4 poses 13 seconds 0.5
HOST_BRUSH Yaw_Base 5 poses 13 seconds 0.6
HOST_BRUSH Yaw_Base 6 poses 13 seconds 0.6
HOST_BRUSH Yaw_Base 7 poses 13 seconds 0.7
HOST_BRUSH Yaw_Base 8 poses 13 seconds 0.8
HOST_BRUSH Yaw_Base 9 poses 13 seconds 0.9
HOST_BRUSH Yaw_Base 10 poses 13 seconds 1.0
HOST_RESULT {'name': 'Yaw_Base', 'group': 'body', 'kernel': 'Error.NoError', 'component_volumes_mm3': [59234.299857343416, 3.41713577578026e-06, 0.0007093165062527313], 'native_volume_mm3': 59651.26116622956, 'removed_mm3': 416.96059615250323, 'added_mm3': -1.10806097302729e-16, 'source': 'mechanical/studies/prearrival_finish/whole_head_harness_M1_48/Yaw_Base_trial.npz', 'source_sha256': '2708de6f0d10f096c5dd044f3f95f317d6ca5fa6daee7e9b4d750a6ac787ffb3', 'wire_tests': 143, 'wire_hits': [], 'wire_clearance_status': 'PASS', 'connected_status': 'BLOCKED', 'minimum_wall': 'NOT_TESTED', 'retention_support_material': 'NOT_TESTED', 'strength': 'NOT_TESTED'}
HOST_BRUSH Pitch_Yoke 0 poses 13 seconds 3.6
HOST_BRUSH Pitch_Yoke 1 poses 13 seconds 3.8
HOST_BRUSH Pitch_Yoke 2 poses 13 seconds 3.9
HOST_BRUSH Pitch_Yoke 3 poses 13 seconds 4.1
HOST_BRUSH Pitch_Yoke 4 poses 13 seconds 4.2
HOST_BRUSH Pitch_Yoke 5 poses 13 seconds 4.3
HOST_BRUSH Pitch_Yoke 6 poses 13 seconds 4.5
HOST_BRUSH Pitch_Yoke 7 poses 13 seconds 4.6
HOST_BRUSH Pitch_Yoke 8 poses 13 seconds 4.8
HOST_BRUSH Pitch_Yoke 9 poses 13 seconds 4.9
HOST_BRUSH Pitch_Yoke 10 poses 13 seconds 5.0
HOST_RESULT {'name': 'Pitch_Yoke', 'group': 'yaw', 'kernel': 'Error.NoError', 'component_volumes_mm3': [54431.72439212425], 'native_volume_mm3': 54992.51622431385, 'removed_mm3': 560.7918322043363, 'added_mm3': 6.9754172750926704e-15, 'source': 'mechanical/studies/prearrival_finish/whole_head_harness_M1_48/Pitch_Yoke_trial.npz', 'source_sha256': 'd5ae4223e0ba4b07547ff9ac74f8cfe3737fc27995e224ef0ff0f880e785fb2b', 'wire_tests': 143, 'wire_hits': [], 'wire_clearance_status': 'PASS', 'connected_status': 'PASS', 'minimum_wall': 'NOT_TESTED', 'retention_support_material': 'NOT_TESTED', 'strength': 'NOT_TESTED'}
HOST_CUTS_DONE BLOCKED seconds 30.9
Blender 5.2.2 LTS (hash d13f752e3b9c built 2026-09-15 01:49:19)

Blender quit
