00:00.512  blend            | Read blend: "/Users/dean/Documents/MORI/mechanical/mori_v1_2.blend"
COMMON_NECK 130.0 0 passes 1 seconds 0.7
COMMON_NECK 130.0 60 passes 4 seconds 3.1
COMMON_NECK 130.0 120 passes 5 seconds 3.9
COMMON_NECK 130.0 180 passes 11 seconds 8.6
COMMON_NECK 130.0 240 passes 13 seconds 11.4
COMMON_NECK 130.0 300 passes 13 seconds 11.5
COMMON_NECK 128.0 0 passes 0 seconds 13.7
COMMON_NECK 128.0 60 passes 0 seconds 13.8
COMMON_NECK 128.0 120 passes 1 seconds 14.6
COMMON_NECK 128.0 180 passes 7 seconds 19.1
COMMON_NECK 128.0 240 passes 9 seconds 21.7
COMMON_NECK 128.0 300 passes 9 seconds 21.8
COMMON_NECK 126.0 0 passes 0 seconds 22.0
COMMON_NECK 126.0 60 passes 0 seconds 22.0
COMMON_NECK 126.0 120 passes 1 seconds 22.9
COMMON_NECK 126.0 180 passes 7 seconds 27.4
COMMON_NECK 126.0 240 passes 8 seconds 29.5
COMMON_NECK 126.0 300 passes 8 seconds 29.6
COMMON_NECK_DONE PASS {'Plug_power_J10': 43, 'Yaw_Reaction_Retainer_Screw': 33, 'Yaw_Servo': 14, 'Pitch_Servo': 33, 'Yaw_Reaction_Retainer_Nut': 32, 'Power_Module': 28} 33.7
Blender 5.2.2 LTS (hash d13f752e3b9c built 2026-09-15 01:49:19)

Blender quit
