00:00.954  blend            | Read blend: "/Users/dean/Documents/MORI/mechanical/mori_v1_2.blend"
00:02.118  render           | Saved: '/Users/dean/Documents/MORI/mechanical/renders/parts/Battery.png'
PART_PREVIEW 1 176 MORI_V1__Battery
00:02.622  render           | Saved: '/Users/dean/Documents/MORI/mechanical/renders/parts/Battery_Pad_-38.0.png'
PART_PREVIEW 2 176 MORI_V1__Battery_Pad_-38.0
00:03.132  render           | Saved: '/Users/dean/Documents/MORI/mechanical/renders/parts/Battery_Pad_38.0.png'
PART_PREVIEW 3 176 MORI_V1__Battery_Pad_38.0
00:03.629  render           | Saved: '/Users/dean/Documents/MORI/mechanical/renders/parts/Battery_Pad_Base.png'
PART_PREVIEW 4 176 MORI_V1__Battery_Pad_Base
00:04.431  render           | Saved: '/Users/dean/Documents/MORI/mechanical/renders/parts/Battery_Retainer_Insert_-1.png'
PART_PREVIEW 5 176 MORI_V1__Battery_Retainer_Insert_-1
00:05.343  render           | Saved: '/Users/dean/Documents/MORI/mechanical/renders/parts/Battery_Retainer_Insert_1.png'
PART_PREVIEW 6 176 MORI_V1__Battery_Retainer_Insert_1
00:05.893  render           | Saved: '/Users/dean/Documents/MORI/mechanical/renders/parts/Battery_Retainer_Screw_-1.png'
PART_PREVIEW 7 176 MORI_V1__Battery_Retainer_Screw_-1
00:06.506  render           | Saved: '/Users/dean/Documents/MORI/mechanical/renders/parts/Battery_Retainer_Screw_1.png'
PART_PREVIEW 8 176 MORI_V1__Battery_Retainer_Screw_1
00:07.026  render           | Saved: '/Users/dean/Documents/MORI/mechanical/renders/parts/Battery_Tray.png'
PART_PREVIEW 9 176 MORI_V1__Battery_Tray
00:07.571  render           | Saved: '/Users/dean/Documents/MORI/mechanical/renders/parts/Body_IMU.png'
PART_PREVIEW 10 176 MORI_V1__Body_IMU
00:08.134  render           | Saved: '/Users/dean/Documents/MORI/mechanical/renders/parts/Body_Lower.png'
PART_PREVIEW 11 176 MORI_V1__Body_Lower
00:09.263  render           | Saved: '/Users/dean/Documents/MORI/mechanical/renders/parts/Body_Upper.png'
PART_PREVIEW 12 176 MORI_V1__Body_Upper
00:09.907  render           | Saved: '/Users/dean/Documents/MORI/mechanical/renders/parts/CAM_Mainboard.png'
PART_PREVIEW 13 176 MORI_V1__CAM_Mainboard
00:10.571  render           | Saved: '/Users/dean/Documents/MORI/mechanical/renders/parts/Camera_Lens.png'
PART_PREVIEW 14 176 MORI_V1__Camera_Lens
00:11.148  render           | Saved: '/Users/dean/Documents/MORI/mechanical/renders/parts/Camera_PCB.png'
PART_PREVIEW 15 176 MORI_V1__Camera_PCB
00:11.698  render           | Saved: '/Users/dean/Documents/MORI/mechanical/renders/parts/Camera_Window.png'
PART_PREVIEW 16 176 MORI_V1__Camera_Window
00:12.197  render           | Saved: '/Users/dean/Documents/MORI/mechanical/renders/parts/Carrier_Insert_0.png'
PART_PREVIEW 17 176 MORI_V1__Carrier_Insert_0
00:12.653  render           | Saved: '/Users/dean/Documents/MORI/mechanical/renders/parts/Carrier_Insert_1.png'
PART_PREVIEW 18 176 MORI_V1__Carrier_Insert_1
00:13.825  render           | Saved: '/Users/dean/Documents/MORI/mechanical/renders/parts/Carrier_Insert_2.png'
PART_PREVIEW 19 176 MORI_V1__Carrier_Insert_2
00:14.372  render           | Saved: '/Users/dean/Documents/MORI/mechanical/renders/parts/Carrier_Insert_3.png'
PART_PREVIEW 20 176 MORI_V1__Carrier_Insert_3
00:14.960  render           | Saved: '/Users/dean/Documents/MORI/mechanical/renders/parts/Carrier_Screw_0.png'
PART_PREVIEW 21 176 MORI_V1__Carrier_Screw_0
00:15.464  render           | Saved: '/Users/dean/Documents/MORI/mechanical/renders/parts/Carrier_Screw_1.png'
PART_PREVIEW 22 176 MORI_V1__Carrier_Screw_1
00:15.989  render           | Saved: '/Users/dean/Documents/MORI/mechanical/renders/parts/Carrier_Screw_2.png'
PART_PREVIEW 23 176 MORI_V1__Carrier_Screw_2
00:16.497  render           | Saved: '/Users/dean/Documents/MORI/mechanical/renders/parts/Carrier_Screw_3.png'
PART_PREVIEW 24 176 MORI_V1__Carrier_Screw_3
00:17.329  render           | Saved: '/Users/dean/Documents/MORI/mechanical/renders/parts/Coupon_Insert.png'
PART_PREVIEW 25 176 MORI_V1__Coupon_Insert
00:18.427  render           | Saved: '/Users/dean/Documents/MORI/mechanical/renders/parts/Coupon_Mating_Tab.png'
PART_PREVIEW 26 176 MORI_V1__Coupon_Mating_Tab
00:19.202  render           | Saved: '/Users/dean/Documents/MORI/mechanical/renders/parts/Coupon_Plane_Fit.png'
PART_PREVIEW 27 176 MORI_V1__Coupon_Plane_Fit
00:19.875  render           | Saved: '/Users/dean/Documents/MORI/mechanical/renders/parts/Coupon_Wheel_Fit.png'
PART_PREVIEW 28 176 MORI_V1__Coupon_Wheel_Fit
00:21.212  render           | Saved: '/Users/dean/Documents/MORI/mechanical/renders/parts/Display_Frame.png'
PART_PREVIEW 29 176 MORI_V1__Display_Frame
00:22.994  render           | Saved: '/Users/dean/Documents/MORI/mechanical/renders/parts/Display_PCB.png'
PART_PREVIEW 30 176 MORI_V1__Display_PCB
00:24.775  render           | Saved: '/Users/dean/Documents/MORI/mechanical/renders/parts/Dock_Pad_0.png'
PART_PREVIEW 31 176 MORI_V1__Dock_Pad_0
00:25.416  render           | Saved: '/Users/dean/Documents/MORI/mechanical/renders/parts/Dock_Pad_1.png'
PART_PREVIEW 32 176 MORI_V1__Dock_Pad_1
00:25.976  render           | Saved: '/Users/dean/Documents/MORI/mechanical/renders/parts/Dock_Pad_2.png'
PART_PREVIEW 33 176 MORI_V1__Dock_Pad_2
00:26.594  render           | Saved: '/Users/dean/Documents/MORI/mechanical/renders/parts/Dock_Pad_3.png'
PART_PREVIEW 34 176 MORI_V1__Dock_Pad_3
00:27.709  render           | Saved: '/Users/dean/Documents/MORI/mechanical/renders/parts/Drive_Bridge.png'
PART_PREVIEW 35 176 MORI_V1__Drive_Bridge
00:28.305  render           | Saved: '/Users/dean/Documents/MORI/mechanical/renders/parts/Drive_L_-8_Nut.png'
PART_PREVIEW 36 176 MORI_V1__Drive_L_-8_Nut
00:28.820  render           | Saved: '/Users/dean/Documents/MORI/mechanical/renders/parts/Drive_L_-8_Screw.png'
PART_PREVIEW 37 176 MORI_V1__Drive_L_-8_Screw
00:29.442  render           | Saved: '/Users/dean/Documents/MORI/mechanical/renders/parts/Drive_L_8_Nut.png'
PART_PREVIEW 38 176 MORI_V1__Drive_L_8_Nut
00:29.948  render           | Saved: '/Users/dean/Documents/MORI/mechanical/renders/parts/Drive_L_8_Screw.png'
PART_PREVIEW 39 176 MORI_V1__Drive_L_8_Screw
00:30.534  render           | Saved: '/Users/dean/Documents/MORI/mechanical/renders/parts/Drive_Motor_L.png'
PART_PREVIEW 40 176 MORI_V1__Drive_Motor_L
00:31.466  render           | Saved: '/Users/dean/Documents/MORI/mechanical/renders/parts/Drive_Motor_R.png'
PART_PREVIEW 41 176 MORI_V1__Drive_Motor_R
00:32.330  render           | Saved: '/Users/dean/Documents/MORI/mechanical/renders/parts/Drive_R_-8_Nut.png'
PART_PREVIEW 42 176 MORI_V1__Drive_R_-8_Nut
00:32.849  render           | Saved: '/Users/dean/Documents/MORI/mechanical/renders/parts/Drive_R_-8_Screw.png'
PART_PREVIEW 43 176 MORI_V1__Drive_R_-8_Screw
00:33.443  render           | Saved: '/Users/dean/Documents/MORI/mechanical/renders/parts/Drive_R_8_Nut.png'
PART_PREVIEW 44 176 MORI_V1__Drive_R_8_Nut
00:33.908  render           | Saved: '/Users/dean/Documents/MORI/mechanical/renders/parts/Drive_R_8_Screw.png'
PART_PREVIEW 45 176 MORI_V1__Drive_R_8_Screw
00:34.433  render           | Saved: '/Users/dean/Documents/MORI/mechanical/renders/parts/Face_Joint_-1_0.0_Nut.png'
PART_PREVIEW 46 176 MORI_V1__Face_Joint_-1_0.0_Nut
00:34.927  render           | Saved: '/Users/dean/Documents/MORI/mechanical/renders/parts/Face_Joint_-1_0.0_Screw.png'
PART_PREVIEW 47 176 MORI_V1__Face_Joint_-1_0.0_Screw
00:35.735  render           | Saved: '/Users/dean/Documents/MORI/mechanical/renders/parts/Face_Joint_-1_7.0_Nut.png'
PART_PREVIEW 48 176 MORI_V1__Face_Joint_-1_7.0_Nut
00:36.572  render           | Saved: '/Users/dean/Documents/MORI/mechanical/renders/parts/Face_Joint_-1_7.0_Screw.png'
PART_PREVIEW 49 176 MORI_V1__Face_Joint_-1_7.0_Screw
00:37.104  render           | Saved: '/Users/dean/Documents/MORI/mechanical/renders/parts/Face_Joint_1_0.0_Nut.png'
PART_PREVIEW 50 176 MORI_V1__Face_Joint_1_0.0_Nut
00:37.694  render           | Saved: '/Users/dean/Documents/MORI/mechanical/renders/parts/Face_Joint_1_0.0_Screw.png'
PART_PREVIEW 51 176 MORI_V1__Face_Joint_1_0.0_Screw
00:38.187  render           | Saved: '/Users/dean/Documents/MORI/mechanical/renders/parts/Face_Joint_1_7.0_Nut.png'
PART_PREVIEW 52 176 MORI_V1__Face_Joint_1_7.0_Nut
00:38.666  render           | Saved: '/Users/dean/Documents/MORI/mechanical/renders/parts/Face_Joint_1_7.0_Screw.png'
PART_PREVIEW 53 176 MORI_V1__Face_Joint_1_7.0_Screw
00:39.124  render           | Saved: '/Users/dean/Documents/MORI/mechanical/renders/parts/Face_Mask.png'
PART_PREVIEW 54 176 MORI_V1__Face_Mask
00:40.309  render           | Saved: '/Users/dean/Documents/MORI/mechanical/renders/parts/Face_Protector.png'
PART_PREVIEW 55 176 MORI_V1__Face_Protector
00:40.890  render           | Saved: '/Users/dean/Documents/MORI/mechanical/renders/parts/Frame_Insert_0.png'
PART_PREVIEW 56 176 MORI_V1__Frame_Insert_0
00:41.496  render           | Saved: '/Users/dean/Documents/MORI/mechanical/renders/parts/Frame_Insert_1.png'
PART_PREVIEW 57 176 MORI_V1__Frame_Insert_1
00:42.005  render           | Saved: '/Users/dean/Documents/MORI/mechanical/renders/parts/Frame_Insert_2.png'
PART_PREVIEW 58 176 MORI_V1__Frame_Insert_2
00:42.519  render           | Saved: '/Users/dean/Documents/MORI/mechanical/renders/parts/Frame_Insert_3.png'
PART_PREVIEW 59 176 MORI_V1__Frame_Insert_3
00:43.011  render           | Saved: '/Users/dean/Documents/MORI/mechanical/renders/parts/Frame_Screw_0.png'
PART_PREVIEW 60 176 MORI_V1__Frame_Screw_0
00:43.885  render           | Saved: '/Users/dean/Documents/MORI/mechanical/renders/parts/Frame_Screw_1.png'
PART_PREVIEW 61 176 MORI_V1__Frame_Screw_1
00:44.742  render           | Saved: '/Users/dean/Documents/MORI/mechanical/renders/parts/Frame_Screw_2.png'
PART_PREVIEW 62 176 MORI_V1__Frame_Screw_2
00:45.286  render           | Saved: '/Users/dean/Documents/MORI/mechanical/renders/parts/Frame_Screw_3.png'
PART_PREVIEW 63 176 MORI_V1__Frame_Screw_3
00:45.940  render           | Saved: '/Users/dean/Documents/MORI/mechanical/renders/parts/Head_Front.png'
PART_PREVIEW 64 176 MORI_V1__Head_Front
00:46.574  render           | Saved: '/Users/dean/Documents/MORI/mechanical/renders/parts/Head_Rear.png'
PART_PREVIEW 65 176 MORI_V1__Head_Rear
00:47.067  render           | Saved: '/Users/dean/Documents/MORI/mechanical/renders/parts/Head_Yaw_Ear_0_Nut.png'
PART_PREVIEW 66 176 MORI_V1__Head_Yaw_Ear_0_Nut
00:47.532  render           | Saved: '/Users/dean/Documents/MORI/mechanical/renders/parts/Head_Yaw_Ear_0_Screw.png'
PART_PREVIEW 67 176 MORI_V1__Head_Yaw_Ear_0_Screw
00:48.565  render           | Saved: '/Users/dean/Documents/MORI/mechanical/renders/parts/Head_Yaw_Ear_1_Nut.png'
PART_PREVIEW 68 176 MORI_V1__Head_Yaw_Ear_1_Nut
00:49.151  render           | Saved: '/Users/dean/Documents/MORI/mechanical/renders/parts/Head_Yaw_Ear_1_Screw.png'
PART_PREVIEW 69 176 MORI_V1__Head_Yaw_Ear_1_Screw
00:49.690  render           | Saved: '/Users/dean/Documents/MORI/mechanical/renders/parts/IMU_Insert_0.png'
PART_PREVIEW 70 176 MORI_V1__IMU_Insert_0
00:50.242  render           | Saved: '/Users/dean/Documents/MORI/mechanical/renders/parts/IMU_Insert_1.png'
PART_PREVIEW 71 176 MORI_V1__IMU_Insert_1
00:50.737  render           | Saved: '/Users/dean/Documents/MORI/mechanical/renders/parts/IMU_Screw_0.png'
PART_PREVIEW 72 176 MORI_V1__IMU_Screw_0
00:51.239  render           | Saved: '/Users/dean/Documents/MORI/mechanical/renders/parts/IMU_Screw_1.png'
PART_PREVIEW 73 176 MORI_V1__IMU_Screw_1
00:51.788  render           | Saved: '/Users/dean/Documents/MORI/mechanical/renders/parts/Load_Frame.png'
PART_PREVIEW 74 176 MORI_V1__Load_Frame
00:53.060  render           | Saved: '/Users/dean/Documents/MORI/mechanical/renders/parts/MCU_Carrier.png'
PART_PREVIEW 75 176 MORI_V1__MCU_Carrier
00:54.040  render           | Saved: '/Users/dean/Documents/MORI/mechanical/renders/parts/MCU_Motion.png'
PART_PREVIEW 76 176 MORI_V1__MCU_Motion
00:54.602  render           | Saved: '/Users/dean/Documents/MORI/mechanical/renders/parts/Mic_Duct_L.png'
PART_PREVIEW 77 176 MORI_V1__Mic_Duct_L
00:55.158  render           | Saved: '/Users/dean/Documents/MORI/mechanical/renders/parts/Mic_Duct_R.png'
PART_PREVIEW 78 176 MORI_V1__Mic_Duct_R
00:55.669  render           | Saved: '/Users/dean/Documents/MORI/mechanical/renders/parts/Motor_Retainer.png'
PART_PREVIEW 79 176 MORI_V1__Motor_Retainer
00:56.307  render           | Saved: '/Users/dean/Documents/MORI/mechanical/renders/parts/Motor_Retainer_Pad_-1.png'
PART_PREVIEW 80 176 MORI_V1__Motor_Retainer_Pad_-1
00:57.519  render           | Saved: '/Users/dean/Documents/MORI/mechanical/renders/parts/Motor_Retainer_Pad_1.png'
PART_PREVIEW 81 176 MORI_V1__Motor_Retainer_Pad_1
00:58.072  render           | Saved: '/Users/dean/Documents/MORI/mechanical/renders/parts/Motor_Top_Pad_L.png'
PART_PREVIEW 82 176 MORI_V1__Motor_Top_Pad_L
00:58.706  render           | Saved: '/Users/dean/Documents/MORI/mechanical/renders/parts/Motor_Top_Pad_R.png'
PART_PREVIEW 83 176 MORI_V1__Motor_Top_Pad_R
00:59.167  render           | Saved: '/Users/dean/Documents/MORI/mechanical/renders/parts/Onboard_MIC_L.png'
PART_PREVIEW 84 176 MORI_V1__Onboard_MIC_L
00:59.652  render           | Saved: '/Users/dean/Documents/MORI/mechanical/renders/parts/Onboard_MIC_R.png'
PART_PREVIEW 85 176 MORI_V1__Onboard_MIC_R
01:00.159  render           | Saved: '/Users/dean/Documents/MORI/mechanical/renders/parts/Parking_Cradle.png'
PART_PREVIEW 86 176 MORI_V1__Parking_Cradle
01:01.246  render           | Saved: '/Users/dean/Documents/MORI/mechanical/renders/parts/Pitch_Bearing_L.png'
PART_PREVIEW 87 176 MORI_V1__Pitch_Bearing_L
01:01.967  render           | Saved: '/Users/dean/Documents/MORI/mechanical/renders/parts/Pitch_Bearing_R.png'
PART_PREVIEW 88 176 MORI_V1__Pitch_Bearing_R
01:02.605  render           | Saved: '/Users/dean/Documents/MORI/mechanical/renders/parts/Pitch_Cradle.png'
PART_PREVIEW 89 176 MORI_V1__Pitch_Cradle
01:03.128  render           | Saved: '/Users/dean/Documents/MORI/mechanical/renders/parts/Pitch_Horn.png'
PART_PREVIEW 90 176 MORI_V1__Pitch_Horn
01:03.597  render           | Saved: '/Users/dean/Documents/MORI/mechanical/renders/parts/Pitch_Lock_Screw.png'
PART_PREVIEW 91 176 MORI_V1__Pitch_Lock_Screw
01:04.095  render           | Saved: '/Users/dean/Documents/MORI/mechanical/renders/parts/Pitch_Output.png'
PART_PREVIEW 92 176 MORI_V1__Pitch_Output
01:04.624  render           | Saved: '/Users/dean/Documents/MORI/mechanical/renders/parts/Pitch_Servo.png'
PART_PREVIEW 93 176 MORI_V1__Pitch_Servo
01:05.926  render           | Saved: '/Users/dean/Documents/MORI/mechanical/renders/parts/Pitch_Trunnion_L.png'
PART_PREVIEW 94 176 MORI_V1__Pitch_Trunnion_L
01:06.513  render           | Saved: '/Users/dean/Documents/MORI/mechanical/renders/parts/Pitch_Trunnion_R.png'
PART_PREVIEW 95 176 MORI_V1__Pitch_Trunnion_R
01:07.151  render           | Saved: '/Users/dean/Documents/MORI/mechanical/renders/parts/Pitch_Yoke.png'
PART_PREVIEW 96 176 MORI_V1__Pitch_Yoke
01:07.706  render           | Saved: '/Users/dean/Documents/MORI/mechanical/renders/parts/Power_Module.png'
PART_PREVIEW 97 176 MORI_V1__Power_Module
01:08.295  render           | Saved: '/Users/dean/Documents/MORI/mechanical/renders/parts/Power_Switch.png'
PART_PREVIEW 98 176 MORI_V1__Power_Switch
01:08.753  render           | Saved: '/Users/dean/Documents/MORI/mechanical/renders/parts/Rear_Interface_Insert_0.png'
PART_PREVIEW 99 176 MORI_V1__Rear_Interface_Insert_0
01:09.857  render           | Saved: '/Users/dean/Documents/MORI/mechanical/renders/parts/Rear_Interface_Insert_1.png'
PART_PREVIEW 100 176 MORI_V1__Rear_Interface_Insert_1
01:10.441  render           | Saved: '/Users/dean/Documents/MORI/mechanical/renders/parts/Rear_Interface_PCB.png'
PART_PREVIEW 101 176 MORI_V1__Rear_Interface_PCB
01:11.065  render           | Saved: '/Users/dean/Documents/MORI/mechanical/renders/parts/Rear_Interface_Screw_0.png'
PART_PREVIEW 102 176 MORI_V1__Rear_Interface_Screw_0
01:11.587  render           | Saved: '/Users/dean/Documents/MORI/mechanical/renders/parts/Rear_Interface_Screw_1.png'
PART_PREVIEW 103 176 MORI_V1__Rear_Interface_Screw_1
01:12.179  render           | Saved: '/Users/dean/Documents/MORI/mechanical/renders/parts/S288_Output_L_Inner.png'
PART_PREVIEW 104 176 MORI_V1__S288_Output_L_Inner
01:12.746  render           | Saved: '/Users/dean/Documents/MORI/mechanical/renders/parts/S288_Output_L_Outer.png'
PART_PREVIEW 105 176 MORI_V1__S288_Output_L_Outer
01:13.982  render           | Saved: '/Users/dean/Documents/MORI/mechanical/renders/parts/S288_Output_R_Inner.png'
PART_PREVIEW 106 176 MORI_V1__S288_Output_R_Inner
01:14.619  render           | Saved: '/Users/dean/Documents/MORI/mechanical/renders/parts/S288_Output_R_Outer.png'
PART_PREVIEW 107 176 MORI_V1__S288_Output_R_Outer
01:15.217  render           | Saved: '/Users/dean/Documents/MORI/mechanical/renders/parts/Shell_Insert_0.png'
PART_PREVIEW 108 176 MORI_V1__Shell_Insert_0
01:15.726  render           | Saved: '/Users/dean/Documents/MORI/mechanical/renders/parts/Shell_Insert_1.png'
PART_PREVIEW 109 176 MORI_V1__Shell_Insert_1
01:16.247  render           | Saved: '/Users/dean/Documents/MORI/mechanical/renders/parts/Shell_Insert_2.png'
PART_PREVIEW 110 176 MORI_V1__Shell_Insert_2
01:16.726  render           | Saved: '/Users/dean/Documents/MORI/mechanical/renders/parts/Shell_Insert_3.png'
PART_PREVIEW 111 176 MORI_V1__Shell_Insert_3
01:17.645  render           | Saved: '/Users/dean/Documents/MORI/mechanical/renders/parts/Shell_Screw_0.png'
PART_PREVIEW 112 176 MORI_V1__Shell_Screw_0
01:18.362  render           | Saved: '/Users/dean/Documents/MORI/mechanical/renders/parts/Shell_Screw_1.png'
PART_PREVIEW 113 176 MORI_V1__Shell_Screw_1
01:18.921  render           | Saved: '/Users/dean/Documents/MORI/mechanical/renders/parts/Shell_Screw_2.png'
PART_PREVIEW 114 176 MORI_V1__Shell_Screw_2
01:19.510  render           | Saved: '/Users/dean/Documents/MORI/mechanical/renders/parts/Shell_Screw_3.png'
PART_PREVIEW 115 176 MORI_V1__Shell_Screw_3
01:20.076  render           | Saved: '/Users/dean/Documents/MORI/mechanical/renders/parts/Speaker.png'
PART_PREVIEW 116 176 MORI_V1__Speaker
01:20.537  render           | Saved: '/Users/dean/Documents/MORI/mechanical/renders/parts/Speaker_Gasket.png'
PART_PREVIEW 117 176 MORI_V1__Speaker_Gasket
01:21.148  render           | Saved: '/Users/dean/Documents/MORI/mechanical/renders/parts/Speaker_Insert_-1.png'
PART_PREVIEW 118 176 MORI_V1__Speaker_Insert_-1
01:22.236  render           | Saved: '/Users/dean/Documents/MORI/mechanical/renders/parts/Speaker_Insert_1.png'
PART_PREVIEW 119 176 MORI_V1__Speaker_Insert_1
01:22.939  render           | Saved: '/Users/dean/Documents/MORI/mechanical/renders/parts/Speaker_Mount.png'
PART_PREVIEW 120 176 MORI_V1__Speaker_Mount
01:23.569  render           | Saved: '/Users/dean/Documents/MORI/mechanical/renders/parts/Speaker_Screw_-1.png'
PART_PREVIEW 121 176 MORI_V1__Speaker_Screw_-1
01:24.084  render           | Saved: '/Users/dean/Documents/MORI/mechanical/renders/parts/Speaker_Screw_1.png'
PART_PREVIEW 122 176 MORI_V1__Speaker_Screw_1
01:24.602  render           | Saved: '/Users/dean/Documents/MORI/mechanical/renders/parts/Tire_L.png'
PART_PREVIEW 123 176 MORI_V1__Tire_L
01:25.082  render           | Saved: '/Users/dean/Documents/MORI/mechanical/renders/parts/Tire_R.png'
PART_PREVIEW 124 176 MORI_V1__Tire_R
01:26.329  render           | Saved: '/Users/dean/Documents/MORI/mechanical/renders/parts/USB_Receptacle.png'
PART_PREVIEW 125 176 MORI_V1__USB_Receptacle
01:27.142  render           | Saved: '/Users/dean/Documents/MORI/mechanical/renders/parts/Wheel_Axle_L.png'
PART_PREVIEW 126 176 MORI_V1__Wheel_Axle_L
01:27.775  render           | Saved: '/Users/dean/Documents/MORI/mechanical/renders/parts/Wheel_Axle_R.png'
PART_PREVIEW 127 176 MORI_V1__Wheel_Axle_R
01:28.351  render           | Saved: '/Users/dean/Documents/MORI/mechanical/renders/parts/Wheel_Bearing_L_Inner.png'
PART_PREVIEW 128 176 MORI_V1__Wheel_Bearing_L_Inner
01:28.924  render           | Saved: '/Users/dean/Documents/MORI/mechanical/renders/parts/Wheel_Bearing_L_Outer.png'
PART_PREVIEW 129 176 MORI_V1__Wheel_Bearing_L_Outer
01:29.693  render           | Saved: '/Users/dean/Documents/MORI/mechanical/renders/parts/Wheel_Bearing_R_Inner.png'
PART_PREVIEW 130 176 MORI_V1__Wheel_Bearing_R_Inner
01:30.779  render           | Saved: '/Users/dean/Documents/MORI/mechanical/renders/parts/Wheel_Bearing_R_Outer.png'
PART_PREVIEW 131 176 MORI_V1__Wheel_Bearing_R_Outer
01:31.316  render           | Saved: '/Users/dean/Documents/MORI/mechanical/renders/parts/Wheel_Cap_Clamp_Nut_0.png'
PART_PREVIEW 132 176 MORI_V1__Wheel_Cap_Clamp_Nut_0
01:31.940  render           | Saved: '/Users/dean/Documents/MORI/mechanical/renders/parts/Wheel_Cap_Clamp_Nut_1.png'
PART_PREVIEW 133 176 MORI_V1__Wheel_Cap_Clamp_Nut_1
01:32.491  render           | Saved: '/Users/dean/Documents/MORI/mechanical/renders/parts/Wheel_Cap_Clamp_Nut_2.png'
PART_PREVIEW 134 176 MORI_V1__Wheel_Cap_Clamp_Nut_2
01:33.004  render           | Saved: '/Users/dean/Documents/MORI/mechanical/renders/parts/Wheel_Cap_Clamp_Nut_3.png'
PART_PREVIEW 135 176 MORI_V1__Wheel_Cap_Clamp_Nut_3
01:33.589  render           | Saved: '/Users/dean/Documents/MORI/mechanical/renders/parts/Wheel_Cap_Clamp_Screw_0.png'
PART_PREVIEW 136 176 MORI_V1__Wheel_Cap_Clamp_Screw_0
01:34.903  render           | Saved: '/Users/dean/Documents/MORI/mechanical/renders/parts/Wheel_Cap_Clamp_Screw_1.png'
PART_PREVIEW 137 176 MORI_V1__Wheel_Cap_Clamp_Screw_1
01:35.412  render           | Saved: '/Users/dean/Documents/MORI/mechanical/renders/parts/Wheel_Cap_Clamp_Screw_2.png'
PART_PREVIEW 138 176 MORI_V1__Wheel_Cap_Clamp_Screw_2
01:35.996  render           | Saved: '/Users/dean/Documents/MORI/mechanical/renders/parts/Wheel_Cap_Clamp_Screw_3.png'
PART_PREVIEW 139 176 MORI_V1__Wheel_Cap_Clamp_Screw_3
01:36.521  render           | Saved: '/Users/dean/Documents/MORI/mechanical/renders/parts/Wheel_End_Screw_L.png'
PART_PREVIEW 140 176 MORI_V1__Wheel_End_Screw_L
01:37.061  render           | Saved: '/Users/dean/Documents/MORI/mechanical/renders/parts/Wheel_End_Screw_R.png'
PART_PREVIEW 141 176 MORI_V1__Wheel_End_Screw_R
01:37.628  render           | Saved: '/Users/dean/Documents/MORI/mechanical/renders/parts/Wheel_End_Washer_L.png'
PART_PREVIEW 142 176 MORI_V1__Wheel_End_Washer_L
01:39.594  render           | Saved: '/Users/dean/Documents/MORI/mechanical/renders/parts/Wheel_End_Washer_R.png'
PART_PREVIEW 143 176 MORI_V1__Wheel_End_Washer_R
01:40.789  render           | Saved: '/Users/dean/Documents/MORI/mechanical/renders/parts/Wheel_Hub_L.png'
PART_PREVIEW 144 176 MORI_V1__Wheel_Hub_L
01:41.505  render           | Saved: '/Users/dean/Documents/MORI/mechanical/renders/parts/Wheel_Hub_R.png'
PART_PREVIEW 145 176 MORI_V1__Wheel_Hub_R
01:42.128  render           | Saved: '/Users/dean/Documents/MORI/mechanical/renders/parts/Wheel_Output_Screw_L_0.png'
PART_PREVIEW 146 176 MORI_V1__Wheel_Output_Screw_L_0
01:42.673  render           | Saved: '/Users/dean/Documents/MORI/mechanical/renders/parts/Wheel_Output_Screw_L_1.png'
PART_PREVIEW 147 176 MORI_V1__Wheel_Output_Screw_L_1
01:43.804  render           | Saved: '/Users/dean/Documents/MORI/mechanical/renders/parts/Wheel_Output_Screw_L_2.png'
PART_PREVIEW 148 176 MORI_V1__Wheel_Output_Screw_L_2
01:44.492  render           | Saved: '/Users/dean/Documents/MORI/mechanical/renders/parts/Wheel_Output_Screw_L_3.png'
PART_PREVIEW 149 176 MORI_V1__Wheel_Output_Screw_L_3
01:45.217  render           | Saved: '/Users/dean/Documents/MORI/mechanical/renders/parts/Wheel_Output_Screw_L_4.png'
PART_PREVIEW 150 176 MORI_V1__Wheel_Output_Screw_L_4
01:45.807  render           | Saved: '/Users/dean/Documents/MORI/mechanical/renders/parts/Wheel_Output_Screw_L_5.png'
PART_PREVIEW 151 176 MORI_V1__Wheel_Output_Screw_L_5
01:46.377  render           | Saved: '/Users/dean/Documents/MORI/mechanical/renders/parts/Wheel_Output_Screw_R_0.png'
PART_PREVIEW 152 176 MORI_V1__Wheel_Output_Screw_R_0
01:46.994  render           | Saved: '/Users/dean/Documents/MORI/mechanical/renders/parts/Wheel_Output_Screw_R_1.png'
PART_PREVIEW 153 176 MORI_V1__Wheel_Output_Screw_R_1
01:48.561  render           | Saved: '/Users/dean/Documents/MORI/mechanical/renders/parts/Wheel_Output_Screw_R_2.png'
PART_PREVIEW 154 176 MORI_V1__Wheel_Output_Screw_R_2
01:49.251  render           | Saved: '/Users/dean/Documents/MORI/mechanical/renders/parts/Wheel_Output_Screw_R_3.png'
PART_PREVIEW 155 176 MORI_V1__Wheel_Output_Screw_R_3
01:49.893  render           | Saved: '/Users/dean/Documents/MORI/mechanical/renders/parts/Wheel_Output_Screw_R_4.png'
PART_PREVIEW 156 176 MORI_V1__Wheel_Output_Screw_R_4
01:50.461  render           | Saved: '/Users/dean/Documents/MORI/mechanical/renders/parts/Wheel_Output_Screw_R_5.png'
PART_PREVIEW 157 176 MORI_V1__Wheel_Output_Screw_R_5
01:51.109  render           | Saved: '/Users/dean/Documents/MORI/mechanical/renders/parts/Wheel_Spacer_L_0.png'
PART_PREVIEW 158 176 MORI_V1__Wheel_Spacer_L_0
01:51.778  render           | Saved: '/Users/dean/Documents/MORI/mechanical/renders/parts/Wheel_Spacer_L_1.png'
PART_PREVIEW 159 176 MORI_V1__Wheel_Spacer_L_1
01:52.639  render           | Saved: '/Users/dean/Documents/MORI/mechanical/renders/parts/Wheel_Spacer_R_0.png'
PART_PREVIEW 160 176 MORI_V1__Wheel_Spacer_R_0
01:53.793  render           | Saved: '/Users/dean/Documents/MORI/mechanical/renders/parts/Wheel_Spacer_R_1.png'
PART_PREVIEW 161 176 MORI_V1__Wheel_Spacer_R_1
01:54.377  render           | Saved: '/Users/dean/Documents/MORI/mechanical/renders/parts/Yaw_Base.png'
PART_PREVIEW 162 176 MORI_V1__Yaw_Base
01:54.998  render           | Saved: '/Users/dean/Documents/MORI/mechanical/renders/parts/Yaw_Base_-1_Nut.png'
PART_PREVIEW 163 176 MORI_V1__Yaw_Base_-1_Nut
01:55.488  render           | Saved: '/Users/dean/Documents/MORI/mechanical/renders/parts/Yaw_Base_-1_Screw.png'
PART_PREVIEW 164 176 MORI_V1__Yaw_Base_-1_Screw
01:55.997  render           | Saved: '/Users/dean/Documents/MORI/mechanical/renders/parts/Yaw_Base_1_Nut.png'
PART_PREVIEW 165 176 MORI_V1__Yaw_Base_1_Nut
01:56.459  render           | Saved: '/Users/dean/Documents/MORI/mechanical/renders/parts/Yaw_Base_1_Screw.png'
PART_PREVIEW 166 176 MORI_V1__Yaw_Base_1_Screw
01:57.523  render           | Saved: '/Users/dean/Documents/MORI/mechanical/renders/parts/Yaw_Bearing.png'
PART_PREVIEW 167 176 MORI_V1__Yaw_Bearing
01:58.161  render           | Saved: '/Users/dean/Documents/MORI/mechanical/renders/parts/Yaw_Horn.png'
PART_PREVIEW 168 176 MORI_V1__Yaw_Horn
01:58.637  render           | Saved: '/Users/dean/Documents/MORI/mechanical/renders/parts/Yaw_Lock_Screw.png'
PART_PREVIEW 169 176 MORI_V1__Yaw_Lock_Screw
01:59.236  render           | Saved: '/Users/dean/Documents/MORI/mechanical/renders/parts/Yaw_Output.png'
PART_PREVIEW 170 176 MORI_V1__Yaw_Output
01:59.738  render           | Saved: '/Users/dean/Documents/MORI/mechanical/renders/parts/Yaw_Reaction_Clamp_Nut.png'
PART_PREVIEW 171 176 MORI_V1__Yaw_Reaction_Clamp_Nut
02:00.221  render           | Saved: '/Users/dean/Documents/MORI/mechanical/renders/parts/Yaw_Reaction_Clamp_Screw.png'
PART_PREVIEW 172 176 MORI_V1__Yaw_Reaction_Clamp_Screw
02:00.703  render           | Saved: '/Users/dean/Documents/MORI/mechanical/renders/parts/Yaw_Reaction_Link.png'
PART_PREVIEW 173 176 MORI_V1__Yaw_Reaction_Link
02:01.778  render           | Saved: '/Users/dean/Documents/MORI/mechanical/renders/parts/Yaw_Reaction_Retainer_Nut.png'
PART_PREVIEW 174 176 MORI_V1__Yaw_Reaction_Retainer_Nut
02:02.328  render           | Saved: '/Users/dean/Documents/MORI/mechanical/renders/parts/Yaw_Reaction_Retainer_Screw.png'
PART_PREVIEW 175 176 MORI_V1__Yaw_Reaction_Retainer_Screw
02:03.016  render           | Saved: '/Users/dean/Documents/MORI/mechanical/renders/parts/Yaw_Servo.png'
PART_PREVIEW 176 176 MORI_V1__Yaw_Servo
CATALOG_COMPLETE
Blender 5.2.1 LTS (hash 9e2066aef7ef built 2026-08-25 01:35:57)

Blender quit
