00:00.382  blend            | Read blend: "/Users/dean/Documents/MORI/mechanical/mori_v1_2.blend"
RENDER consolidated_yaw
00:09.521  render           | Saved: '/Users/dean/Documents/MORI/mechanical/renders/consolidated_yaw.png'
RENDER consolidated_base
00:15.670  render           | Saved: '/Users/dean/Documents/MORI/mechanical/renders/consolidated_base.png'
RENDER consolidated_camera
00:22.798  render           | Saved: '/Users/dean/Documents/MORI/mechanical/renders/consolidated_camera.png'
RENDER consolidated_wheel
00:33.602  render           | Saved: '/Users/dean/Documents/MORI/mechanical/renders/consolidated_wheel.png'
RENDER rear_interface_section
00:38.405  render           | Saved: '/Users/dean/Documents/MORI/mechanical/renders/rear_interface_section.png'
RENDER frame_underside
00:45.936  render           | Saved: '/Users/dean/Documents/MORI/mechanical/renders/frame_underside.png'
RENDER face_surface_side
00:55.584  render           | Saved: '/Users/dean/Documents/MORI/mechanical/renders/face_surface_side.png'
RENDER imu_underside
01:04.416  render           | Saved: '/Users/dean/Documents/MORI/mechanical/renders/imu_underside.png'
RENDER rear_interface_detail
01:13.789  render           | Saved: '/Users/dean/Documents/MORI/mechanical/renders/rear_interface_detail.png'
/Users/dean/Documents/MORI/mechanical/scripts/render.py:106: DeprecationWarning: 'Material.use_nodes' is expected to be removed in Blender 6.0
  shell=bpy.data.objects[PREFIX+n];mat=bpy.data.materials.get(PREFIX+'level_xray') or bpy.data.materials.new(PREFIX+'level_xray');mat.use_nodes=True;nodes=mat.node_tree.nodes;nodes.clear();out=nodes.new('ShaderNodeOutputMaterial');mix=nodes.new('ShaderNodeMixShader');mix.inputs[0].default_value=.82;solid=nodes.new('ShaderNodeBsdfDiffuse');solid.inputs['Color'].default_value=(.8,.85,.9,1);clear=nodes.new('ShaderNodeBsdfTransparent');mat.node_tree.links.new(solid.outputs[0],mix.inputs[1]);mat.node_tree.links.new(clear.outputs[0],mix.inputs[2]);mat.node_tree.links.new(mix.outputs[0],out.inputs[0]);shell.data.materials.clear();shell.data.materials.append(mat)
RENDER level_head_side
01:46.284  render           | Saved: '/Users/dean/Documents/MORI/mechanical/renders/level_head_side.png'
RENDER deck_plan
02:03.533  render           | Saved: '/Users/dean/Documents/MORI/mechanical/renders/deck_plan.png'
RENDER weact_detail
02:13.072  render           | Saved: '/Users/dean/Documents/MORI/mechanical/renders/weact_detail.png'
/Users/dean/Documents/MORI/mechanical/scripts/render.py:94: DeprecationWarning: 'Material.use_nodes' is expected to be removed in Blender 6.0
  mat=bpy.data.materials.get(PREFIX+'speaker_xray') or bpy.data.materials.new(PREFIX+'speaker_xray');mat.use_nodes=True;nodes=mat.node_tree.nodes;nodes.clear();out=nodes.new('ShaderNodeOutputMaterial');mix=nodes.new('ShaderNodeMixShader');mix.inputs[0].default_value=.84;solid=nodes.new('ShaderNodeBsdfDiffuse');solid.inputs['Color'].default_value=(.65,.72,.78,1);clear=nodes.new('ShaderNodeBsdfTransparent');mat.node_tree.links.new(solid.outputs[0],mix.inputs[1]);mat.node_tree.links.new(clear.outputs[0],mix.inputs[2]);mat.node_tree.links.new(mix.outputs[0],out.inputs[0]);shell.data.materials.clear();shell.data.materials.append(mat)
RENDER speaker_shell_detail
02:44.176  render           | Saved: '/Users/dean/Documents/MORI/mechanical/renders/speaker_shell_detail.png'
RENDER mic_detail
02:51.499  render           | Saved: '/Users/dean/Documents/MORI/mechanical/renders/mic_detail.png'
RENDER belly_detail
03:12.728  render           | Saved: '/Users/dean/Documents/MORI/mechanical/renders/belly_detail.png'
RENDER yaw_drive_detail
03:49.335  render           | Saved: '/Users/dean/Documents/MORI/mechanical/renders/yaw_drive_detail.png'
RENDER 45_assembled
04:20.091  render           | Saved: '/Users/dean/Documents/MORI/mechanical/renders/45_assembled.png'
RENDER front
04:32.686  render           | Saved: '/Users/dean/Documents/MORI/mechanical/renders/front.png'
RENDER side
04:45.541  render           | Saved: '/Users/dean/Documents/MORI/mechanical/renders/side.png'
RENDER rear
04:59.740  render           | Saved: '/Users/dean/Documents/MORI/mechanical/renders/rear.png'
RENDER top
05:16.671  render           | Saved: '/Users/dean/Documents/MORI/mechanical/renders/top.png'
RENDER bottom
05:32.186  render           | Saved: '/Users/dean/Documents/MORI/mechanical/renders/bottom.png'
RENDER exploded
05:44.760  render           | Saved: '/Users/dean/Documents/MORI/mechanical/renders/exploded.png'
RENDER internal
05:54.948  render           | Saved: '/Users/dean/Documents/MORI/mechanical/renders/internal.png'
RENDER structure_only
06:04.754  render           | Saved: '/Users/dean/Documents/MORI/mechanical/renders/structure_only.png'
RENDER structure_exploded
06:12.429  render           | Saved: '/Users/dean/Documents/MORI/mechanical/renders/structure_exploded.png'
RENDER deck_detail
06:24.656  render           | Saved: '/Users/dean/Documents/MORI/mechanical/renders/deck_detail.png'
RENDER head_support
06:31.069  render           | Saved: '/Users/dean/Documents/MORI/mechanical/renders/head_support.png'
RENDER face_detail
06:48.032  render           | Saved: '/Users/dean/Documents/MORI/mechanical/renders/face_detail.png'
RENDER head_section
07:03.707  render           | Saved: '/Users/dean/Documents/MORI/mechanical/renders/head_section.png'
RENDER screen_outline_review
07:17.081  render           | Saved: '/Users/dean/Documents/MORI/mechanical/renders/screen_outline_review.png'
RENDER clearance
07:28.224  render           | Saved: '/Users/dean/Documents/MORI/mechanical/renders/clearance.png'
RENDER balance_side
07:35.171  render           | Saved: '/Users/dean/Documents/MORI/mechanical/renders/balance_side.png'
RENDER wheel_gap_detail
07:44.542  render           | Saved: '/Users/dean/Documents/MORI/mechanical/renders/wheel_gap_detail.png'
RENDER pose_up
08:00.292  render           | Saved: '/Users/dean/Documents/MORI/mechanical/renders/pose_up.png'
RENDER pose_down
08:16.770  render           | Saved: '/Users/dean/Documents/MORI/mechanical/renders/pose_down.png'
RENDER docked
08:32.252  render           | Saved: '/Users/dean/Documents/MORI/mechanical/renders/docked.png'
RENDER_COMPLETE
Blender 5.2.1 LTS (hash 9e2066aef7ef built 2026-08-25 01:35:57)

Blender quit
