{
  "mass": {
    "total_kg": 1.0102766693344203,
    "body_kg": 0.880351359242706,
    "wheel_system_kg": 0.12992531009171426,
    "body_com_Blender_m": [
      -0.00021821666830072766,
      0.00018289328590479227,
      0.10356663869039681
    ],
    "body_com_control_m": [
      -0.00018289328590479227,
      -0.00021821666830072766,
      0.10356663869039681
    ],
    "body_com_relative_axle_control_m": [
      -0.00018289328590479227,
      -0.00021821666830072766,
      0.05606663869039681
    ],
    "com_forward_uncertainty_m": 0.008,
    "com_height_uncertainty_m": 0.02,
    "pitch_inertia_about_body_com_kg_m2": 0.0023487208125632375,
    "inertia_interval": [
      0.0015266685281661045,
      0.0035230812188448563
    ],
    "mass_interval_kg": [
      0.8082213354675363,
      1.2123320032013043
    ],
    "note": "19 closed STL volumes at1.24g/cm3; coupons excluded; bought placeholders NOT counted; tyres/shafts/bearings/boards allocations; true slice mass and rotor/belt inertia pending"
  },
  "low_voltage_motor": {
    "battery_V": 6.6,
    "speed_m_s": 0.3,
    "rpm": 60.31134685587613,
    "no_load_rpm": 199.5,
    "full_duty_each_Nm": 0.048043871297283575,
    "limited_65pct_each_Nm": 0.048043871297283575,
    "slow20pct_65pct_each_Nm": 0.038105911700257795,
    "unlimited_stall_A": 0.945
  },
  "nominal_recovery": [
    {
      "total_kg": 1.0102766693344203,
      "com_above_axle_m": 0.05606663869039681,
      "body_pitch_inertia_kg_m2": 0.0023487208125632375,
      "lean_deg": 5,
      "desired_pitch_accel_rad_s2": -5.585053606381854,
      "each_wheel_Nm": 0.017101076507351137,
      "each_motor_A_est": 0.20898903108701197,
      "x_accel_m_s2": 0.7417564612796345,
      "speed_change_100ms_m_s": 0.07417564612796344,
      "traction_ratio": 0.1053546173886294
    },
    {
      "total_kg": 1.0102766693344203,
      "com_above_axle_m": 0.05606663869039681,
      "body_pitch_inertia_kg_m2": 0.0023487208125632375,
      "lean_deg": 8,
      "desired_pitch_accel_rad_s2": -8.936085770210967,
      "each_wheel_Nm": 0.02597402939968983,
      "each_motor_A_est": 0.2655383680951818,
      "x_accel_m_s2": 1.2430396588743153,
      "speed_change_100ms_m_s": 0.12430396588743153,
      "traction_ratio": 0.18077236505023522
    },
    {
      "total_kg": 1.0102766693344203,
      "com_above_axle_m": 0.05606663869039681,
      "body_pitch_inertia_kg_m2": 0.0023487208125632375,
      "lean_deg": 12,
      "desired_pitch_accel_rad_s2": -13.404128655316452,
      "each_wheel_Nm": 0.03780463325614143,
      "each_motor_A_est": 0.34093748410607494,
      "x_accel_m_s2": 1.9114172556672238,
      "speed_change_100ms_m_s": 0.19114172556672238,
      "traction_ratio": 0.2813293619323764
    }
  ],
  "power_peak": {
    "state": "hardware_limit_coincident",
    "battery_V": 6.6,
    "power_W_upper_budget": 17.372775263951734,
    "battery_A": 2.6322386763563235,
    "logic_buck_A": 0.75,
    "head_buck_A": 0.8,
    "driver_and_sense_heat_W": 0.7650469188930726,
    "motor_copper_each_W": 2.575915551828527
  },
  "regen": {
    "cap_F": 0.001,
    "cap_energy_8_4_to_10_V_J": 0.014719999999999999,
    "translation_energy_at_0_3_J": 0.04546245012004891,
    "cap_bus_after_0_5J_V": 32.71941319767211,
    "dump_R_ohm": 5.6,
    "dump_current_at8_9_A": 1.5892857142857144,
    "dump_power_at8_9_W": 14.144642857142859,
    "current_trip_range_A": [
      0.4061944656004062,
      0.6216006216006216
    ],
    "clamp_on_tolerance_V": [
      8.731725371750716,
      9.036461465436458
    ],
    "clamp_off_tolerance_V": [
      8.640867481552208,
      8.938327378873765
    ],
    "qualification": "NOT_TESTED. Tolerance allocation must be confirmed; hysteresis, gate charge, resistor pulse energy and comparator turn-on overshoot require scope acceptance<10V."
  }
}
