Checking "python3" ...
Python 3.9.6
"python3" has been detected
Activating ESP-IDF 5.5
Setting IDF_PATH to '/Users/dean/esp/esp-idf'.
* Checking python version ... 3.9.6
* Checking python dependencies ... OK
* Deactivating the current ESP-IDF environment (if any) ... OK
* Establishing a new ESP-IDF environment ... OK
* Identifying shell ... bash
* Detecting outdated tools in system ... Found tools that are not used by active ESP-IDF version.
For removing old versions of riscv32-esp-elf, xtensa-esp-elf, xtensa-esp-elf-gdb use command 'python /Users/dean/esp/esp-idf/tools/idf_tools.py uninstall'
To free up even more space, remove installation packages of those tools.
Use option python /Users/dean/esp/esp-idf/tools/idf_tools.py uninstall --remove-archives.
* Shell completion ... Autocompletion code generated
WARNING: Failed to load shell autocompletion for bash version: 3.2.57(1)-release!

Done! You can now compile ESP-IDF projects.
Go to the project directory and run:

  idf.py build
Executing action: reconfigure
Running cmake in directory /Users/dean/Documents/MORI/hardware/firmware/build
Executing "cmake -G Ninja -DPYTHON_DEPS_CHECKED=1 -DPYTHON=/Users/dean/.espressif/python_env/idf5.5_py3.9_env/bin/python -DESP_PLATFORM=1 -DCCACHE_ENABLE=0 /Users/dean/Documents/MORI/hardware/firmware"...
-- Minimal build - OFF
-- git rev-parse returned 'fatal: not a git repository (or any of the parent directories): .git'
-- Could not use 'git describe' to determine PROJECT_VER.
-- Building ESP-IDF components for target esp32s3
NOTICE: Processing 3 dependencies:
NOTICE: [1/3] espressif/cmake_utilities (0.5.3)
NOTICE: [2/3] espressif/esp_lcd_gc9a01 (2.0.3)
NOTICE: [3/3] idf (5.5.2)
-- ESP-TEE is currently supported only on the esp32c6;esp32h2;esp32c5 SoCs
-- Project sdkconfig file /Users/dean/Documents/MORI/hardware/firmware/sdkconfig
Loading defaults file /Users/dean/Documents/MORI/hardware/firmware/sdkconfig.defaults...
-- Compiler supported targets: xtensa-esp-elf
-- USING O3
-- App "mori_hardware_validation" version: 1
-- Adding linker script /Users/dean/Documents/MORI/hardware/firmware/build/esp-idf/esp_system/ld/memory.ld
-- Adding linker script /Users/dean/Documents/MORI/hardware/firmware/build/esp-idf/esp_system/ld/sections.ld.in
-- Adding linker script /Users/dean/esp/esp-idf/components/esp_rom/esp32s3/ld/esp32s3.rom.ld
-- Adding linker script /Users/dean/esp/esp-idf/components/esp_rom/esp32s3/ld/esp32s3.rom.api.ld
-- Adding linker script /Users/dean/esp/esp-idf/components/esp_rom/esp32s3/ld/esp32s3.rom.bt_funcs.ld
-- Adding linker script /Users/dean/esp/esp-idf/components/esp_rom/esp32s3/ld/esp32s3.rom.libgcc.ld
-- Adding linker script /Users/dean/esp/esp-idf/components/esp_rom/esp32s3/ld/esp32s3.rom.wdt.ld
-- Adding linker script /Users/dean/esp/esp-idf/components/esp_rom/esp32s3/ld/esp32s3.rom.version.ld
-- Adding linker script /Users/dean/esp/esp-idf/components/esp_rom/esp32s3/ld/esp32s3.rom.ble_master.ld
-- Adding linker script /Users/dean/esp/esp-idf/components/esp_rom/esp32s3/ld/esp32s3.rom.ble_50.ld
-- Adding linker script /Users/dean/esp/esp-idf/components/esp_rom/esp32s3/ld/esp32s3.rom.ble_smp.ld
-- Adding linker script /Users/dean/esp/esp-idf/components/esp_rom/esp32s3/ld/esp32s3.rom.ble_dtm.ld
-- Adding linker script /Users/dean/esp/esp-idf/components/esp_rom/esp32s3/ld/esp32s3.rom.ble_test.ld
-- Adding linker script /Users/dean/esp/esp-idf/components/esp_rom/esp32s3/ld/esp32s3.rom.ble_scan.ld
-- Adding linker script /Users/dean/esp/esp-idf/components/esp_rom/esp32s3/ld/esp32s3.rom.libc.ld
-- Adding linker script /Users/dean/esp/esp-idf/components/esp_rom/esp32s3/ld/esp32s3.rom.newlib.ld
-- Adding linker script /Users/dean/esp/esp-idf/components/soc/esp32s3/ld/esp32s3.peripherals.ld
-- ESP_LCD_GC9A01: 2.0.3
-- Components: app_trace app_update bootloader bootloader_support bt cmock console cxx driver efuse esp-tls esp_adc esp_app_format esp_bootloader_format esp_coex esp_common esp_driver_ana_cmpr esp_driver_bitscrambler esp_driver_cam esp_driver_dac esp_driver_gpio esp_driver_gptimer esp_driver_i2c esp_driver_i2s esp_driver_isp esp_driver_jpeg esp_driver_ledc esp_driver_mcpwm esp_driver_parlio esp_driver_pcnt esp_driver_ppa esp_driver_rmt esp_driver_sdio esp_driver_sdm esp_driver_sdmmc esp_driver_sdspi esp_driver_spi esp_driver_touch_sens esp_driver_tsens esp_driver_twai esp_driver_uart esp_driver_usb_serial_jtag esp_eth esp_event esp_gdbstub esp_hid esp_http_client esp_http_server esp_https_ota esp_https_server esp_hw_support esp_lcd esp_local_ctrl esp_mm esp_netif esp_netif_stack esp_partition esp_phy esp_pm esp_psram esp_ringbuf esp_rom esp_security esp_system esp_timer esp_vfs_console esp_wifi espcoredump espressif__cmake_utilities espressif__esp_lcd_gc9a01 esptool_py fatfs freertos hal heap http_parser idf_test ieee802154 json log lwip main mbedtls mori_core mqtt newlib nvs_flash nvs_sec_provider openthread partition_table perfmon protobuf-c protocomm pthread rt sdmmc soc spi_flash spiffs tcp_transport touch_element ulp unity usb vfs wear_levelling wifi_provisioning wpa_supplicant xtensa
-- Component paths: /Users/dean/esp/esp-idf/components/app_trace /Users/dean/esp/esp-idf/components/app_update /Users/dean/esp/esp-idf/components/bootloader /Users/dean/esp/esp-idf/components/bootloader_support /Users/dean/esp/esp-idf/components/bt /Users/dean/esp/esp-idf/components/cmock /Users/dean/esp/esp-idf/components/console /Users/dean/esp/esp-idf/components/cxx /Users/dean/esp/esp-idf/components/driver /Users/dean/esp/esp-idf/components/efuse /Users/dean/esp/esp-idf/components/esp-tls /Users/dean/esp/esp-idf/components/esp_adc /Users/dean/esp/esp-idf/components/esp_app_format /Users/dean/esp/esp-idf/components/esp_bootloader_format /Users/dean/esp/esp-idf/components/esp_coex /Users/dean/esp/esp-idf/components/esp_common /Users/dean/esp/esp-idf/components/esp_driver_ana_cmpr /Users/dean/esp/esp-idf/components/esp_driver_bitscrambler /Users/dean/esp/esp-idf/components/esp_driver_cam /Users/dean/esp/esp-idf/components/esp_driver_dac /Users/dean/esp/esp-idf/components/esp_driver_gpio /Users/dean/esp/esp-idf/components/esp_driver_gptimer /Users/dean/esp/esp-idf/components/esp_driver_i2c /Users/dean/esp/esp-idf/components/esp_driver_i2s /Users/dean/esp/esp-idf/components/esp_driver_isp /Users/dean/esp/esp-idf/components/esp_driver_jpeg /Users/dean/esp/esp-idf/components/esp_driver_ledc /Users/dean/esp/esp-idf/components/esp_driver_mcpwm /Users/dean/esp/esp-idf/components/esp_driver_parlio /Users/dean/esp/esp-idf/components/esp_driver_pcnt /Users/dean/esp/esp-idf/components/esp_driver_ppa /Users/dean/esp/esp-idf/components/esp_driver_rmt /Users/dean/esp/esp-idf/components/esp_driver_sdio /Users/dean/esp/esp-idf/components/esp_driver_sdm /Users/dean/esp/esp-idf/components/esp_driver_sdmmc /Users/dean/esp/esp-idf/components/esp_driver_sdspi /Users/dean/esp/esp-idf/components/esp_driver_spi /Users/dean/esp/esp-idf/components/esp_driver_touch_sens /Users/dean/esp/esp-idf/components/esp_driver_tsens /Users/dean/esp/esp-idf/components/esp_driver_twai /Users/dean/esp/esp-idf/components/esp_driver_uart /Users/dean/esp/esp-idf/components/esp_driver_usb_serial_jtag /Users/dean/esp/esp-idf/components/esp_eth /Users/dean/esp/esp-idf/components/esp_event /Users/dean/esp/esp-idf/components/esp_gdbstub /Users/dean/esp/esp-idf/components/esp_hid /Users/dean/esp/esp-idf/components/esp_http_client /Users/dean/esp/esp-idf/components/esp_http_server /Users/dean/esp/esp-idf/components/esp_https_ota /Users/dean/esp/esp-idf/components/esp_https_server /Users/dean/esp/esp-idf/components/esp_hw_support /Users/dean/esp/esp-idf/components/esp_lcd /Users/dean/esp/esp-idf/components/esp_local_ctrl /Users/dean/esp/esp-idf/components/esp_mm /Users/dean/esp/esp-idf/components/esp_netif /Users/dean/esp/esp-idf/components/esp_netif_stack /Users/dean/esp/esp-idf/components/esp_partition /Users/dean/esp/esp-idf/components/esp_phy /Users/dean/esp/esp-idf/components/esp_pm /Users/dean/esp/esp-idf/components/esp_psram /Users/dean/esp/esp-idf/components/esp_ringbuf /Users/dean/esp/esp-idf/components/esp_rom /Users/dean/esp/esp-idf/components/esp_security /Users/dean/esp/esp-idf/components/esp_system /Users/dean/esp/esp-idf/components/esp_timer /Users/dean/esp/esp-idf/components/esp_vfs_console /Users/dean/esp/esp-idf/components/esp_wifi /Users/dean/esp/esp-idf/components/espcoredump /Users/dean/Documents/MORI/hardware/firmware/managed_components/espressif__cmake_utilities /Users/dean/Documents/MORI/hardware/firmware/managed_components/espressif__esp_lcd_gc9a01 /Users/dean/esp/esp-idf/components/esptool_py /Users/dean/esp/esp-idf/components/fatfs /Users/dean/esp/esp-idf/components/freertos /Users/dean/esp/esp-idf/components/hal /Users/dean/esp/esp-idf/components/heap /Users/dean/esp/esp-idf/components/http_parser /Users/dean/esp/esp-idf/components/idf_test /Users/dean/esp/esp-idf/components/ieee802154 /Users/dean/esp/esp-idf/components/json /Users/dean/esp/esp-idf/components/log /Users/dean/esp/esp-idf/components/lwip /Users/dean/Documents/MORI/hardware/firmware/main /Users/dean/esp/esp-idf/components/mbedtls /Users/dean/Documents/MORI/hardware/firmware/components/mori_core /Users/dean/esp/esp-idf/components/mqtt /Users/dean/esp/esp-idf/components/newlib /Users/dean/esp/esp-idf/components/nvs_flash /Users/dean/esp/esp-idf/components/nvs_sec_provider /Users/dean/esp/esp-idf/components/openthread /Users/dean/esp/esp-idf/components/partition_table /Users/dean/esp/esp-idf/components/perfmon /Users/dean/esp/esp-idf/components/protobuf-c /Users/dean/esp/esp-idf/components/protocomm /Users/dean/esp/esp-idf/components/pthread /Users/dean/esp/esp-idf/components/rt /Users/dean/esp/esp-idf/components/sdmmc /Users/dean/esp/esp-idf/components/soc /Users/dean/esp/esp-idf/components/spi_flash /Users/dean/esp/esp-idf/components/spiffs /Users/dean/esp/esp-idf/components/tcp_transport /Users/dean/esp/esp-idf/components/touch_element /Users/dean/esp/esp-idf/components/ulp /Users/dean/esp/esp-idf/components/unity /Users/dean/esp/esp-idf/components/usb /Users/dean/esp/esp-idf/components/vfs /Users/dean/esp/esp-idf/components/wear_levelling /Users/dean/esp/esp-idf/components/wifi_provisioning /Users/dean/esp/esp-idf/components/wpa_supplicant /Users/dean/esp/esp-idf/components/xtensa
-- Configuring done (2.7s)
-- Generating done (0.3s)
-- Build files have been written to: /Users/dean/Documents/MORI/hardware/firmware/build
Executing action: all (aliases: build)
Running ninja in directory /Users/dean/Documents/MORI/hardware/firmware/build
Executing "ninja all"...
[1/7] Performing build step for 'bootloader'
[0/1] Re-running CMake...
-- Minimal build - OFF
-- Building ESP-IDF components for target esp32s3
-- ESP-TEE is currently supported only on the esp32c6;esp32h2;esp32c5 SoCs
-- Project sdkconfig file /Users/dean/Documents/MORI/hardware/firmware/sdkconfig
-- Compiler supported targets: xtensa-esp-elf
-- Adding linker script /Users/dean/esp/esp-idf/components/soc/esp32s3/ld/esp32s3.peripherals.ld
-- Bootloader project name: "bootloader" version: 1
-- Adding linker script /Users/dean/esp/esp-idf/components/esp_rom/esp32s3/ld/esp32s3.rom.ld
-- Adding linker script /Users/dean/esp/esp-idf/components/esp_rom/esp32s3/ld/esp32s3.rom.api.ld
-- Adding linker script /Users/dean/esp/esp-idf/components/esp_rom/esp32s3/ld/esp32s3.rom.bt_funcs.ld
-- Adding linker script /Users/dean/esp/esp-idf/components/esp_rom/esp32s3/ld/esp32s3.rom.libgcc.ld
-- Adding linker script /Users/dean/esp/esp-idf/components/esp_rom/esp32s3/ld/esp32s3.rom.wdt.ld
-- Adding linker script /Users/dean/esp/esp-idf/components/esp_rom/esp32s3/ld/esp32s3.rom.version.ld
-- Adding linker script /Users/dean/esp/esp-idf/components/esp_rom/esp32s3/ld/esp32s3.rom.libc.ld
-- Adding linker script /Users/dean/esp/esp-idf/components/esp_rom/esp32s3/ld/esp32s3.rom.newlib.ld
-- Adding linker script /Users/dean/esp/esp-idf/components/bootloader/subproject/main/ld/esp32s3/bootloader.rom.ld
-- Components: bootloader bootloader_support efuse esp_app_format esp_bootloader_format esp_common esp_hw_support esp_rom esp_security esp_system esptool_py freertos hal log main micro-ecc newlib partition_table soc spi_flash xtensa
-- Component paths: /Users/dean/esp/esp-idf/components/bootloader /Users/dean/esp/esp-idf/components/bootloader_support /Users/dean/esp/esp-idf/components/efuse /Users/dean/esp/esp-idf/components/esp_app_format /Users/dean/esp/esp-idf/components/esp_bootloader_format /Users/dean/esp/esp-idf/components/esp_common /Users/dean/esp/esp-idf/components/esp_hw_support /Users/dean/esp/esp-idf/components/esp_rom /Users/dean/esp/esp-idf/components/esp_security /Users/dean/esp/esp-idf/components/esp_system /Users/dean/esp/esp-idf/components/esptool_py /Users/dean/esp/esp-idf/components/freertos /Users/dean/esp/esp-idf/components/hal /Users/dean/esp/esp-idf/components/log /Users/dean/esp/esp-idf/components/bootloader/subproject/main /Users/dean/esp/esp-idf/components/bootloader/subproject/components/micro-ecc /Users/dean/esp/esp-idf/components/newlib /Users/dean/esp/esp-idf/components/partition_table /Users/dean/esp/esp-idf/components/soc /Users/dean/esp/esp-idf/components/spi_flash /Users/dean/esp/esp-idf/components/xtensa
-- Adding linker script /Users/dean/esp/esp-idf/components/bootloader/subproject/main/ld/esp32s3/bootloader.ld
-- Configuring done (1.5s)
-- Generating done (0.0s)
-- Build files have been written to: /Users/dean/Documents/MORI/hardware/firmware/build/bootloader
[1/2] cd /Users/dean/Documents/MORI/hardware/firmware/build/bootloader/esp-idf/esptool_py && /Users/dean/.espressif/python_env/idf5.5_py3.9_env/bin/python /Users/dean/esp/esp-idf/components/partition_table/check_sizes.py --offset 0x8000 bootloader 0x0 /Users/dean/Documents/MORI/hardware/firmware/build/bootloader/bootloader.bin
Bootloader binary size 0x5240 bytes. 0x2dc0 bytes (36%) free.
[2/7] No install step for 'bootloader'
[3/7] Completed 'bootloader'
[4/7] Generating esp-idf/esp_system/ld/sections.ld
[5/7] Linking CXX executable mori_hardware_validation.elf
[6/7] Generating binary image from built executable
esptool.py v4.12.0
Creating esp32s3 image...
Merged 2 ELF sections
Successfully created esp32s3 image.
Generated /Users/dean/Documents/MORI/hardware/firmware/build/mori_hardware_validation.bin
[7/7] cd /Users/dean/Documents/MORI/hardware/firmware/build/esp-idf/esptool_py && /Users/dean/.espressif/python_env/idf5.5_py3.9_env/bin/python /Users/dean/esp/esp-idf/components/partition_table/check_sizes.py --offset 0x8000 partition --type app /Users/dean/Documents/MORI/hardware/firmware/build/partition_table/partition-table.bin /Users/dean/Documents/MORI/hardware/firmware/build/mori_hardware_validation.bin
mori_hardware_validation.bin binary size 0x537a0 bytes. Smallest app partition is 0x100000 bytes. 0xac860 bytes (67%) free.

Project build complete. To flash, run:
 idf.py flash
or
 idf.py -p PORT flash
or
 python -m esptool --chip esp32s3 -b 460800 --before default_reset --after hard_reset write_flash --flash_mode dio --flash_size 8MB --flash_freq 80m 0x0 hardware/firmware/build/bootloader/bootloader.bin 0x8000 hardware/firmware/build/partition_table/partition-table.bin 0x10000 hardware/firmware/build/mori_hardware_validation.bin
or from the "/Users/dean/Documents/MORI/hardware/firmware/build" directory
 python -m esptool --chip esp32s3 -b 460800 --before default_reset --after hard_reset write_flash "@flash_args"
