Adding "set-target"'s dependency "fullclean" to list of commands with default set of options.
Executing action: fullclean
Build directory '/Users/dean/Documents/MORI/hardware/firmware/build' not found. Nothing to clean.
Executing action: set-target
Set Target to: esp32s3, new sdkconfig will be created.
Running cmake in directory /Users/dean/Documents/MORI/hardware/firmware/build
Executing "cmake -G Ninja -DPYTHON_DEPS_CHECKED=1 -DPYTHON=/Users/dean/.espressif/python_env/idf5.5_py3.9_env/bin/python -DESP_PLATFORM=1 -DIDF_TARGET=esp32s3 -DCCACHE_ENABLE=0 /Users/dean/Documents/MORI/hardware/firmware"...
-- Found Git: /usr/bin/git (found version "2.54.0 (Apple Git-157)")
-- Minimal build - OFF
-- The C compiler identification is GNU 14.2.0
-- The CXX compiler identification is GNU 14.2.0
-- The ASM compiler identification is GNU
-- Found assembler: /Users/dean/.espressif/tools/xtensa-esp-elf/esp-14.2.0_20251107/xtensa-esp-elf/bin/xtensa-esp32s3-elf-gcc
-- Detecting C compiler ABI info
-- Detecting C compiler ABI info - done
-- Check for working C compiler: /Users/dean/.espressif/tools/xtensa-esp-elf/esp-14.2.0_20251107/xtensa-esp-elf/bin/xtensa-esp32s3-elf-gcc - skipped
-- Detecting C compile features
-- Detecting C compile features - done
-- Detecting CXX compiler ABI info
-- Detecting CXX compiler ABI info - done
-- Check for working CXX compiler: /Users/dean/.espressif/tools/xtensa-esp-elf/esp-14.2.0_20251107/xtensa-esp-elf/bin/xtensa-esp32s3-elf-g++ - skipped
-- Detecting CXX compile features
-- Detecting CXX compile features - done
-- git rev-parse returned 'fatal: not a git repository (or any of the parent directories): .git'
-- Could not use 'git describe' to determine PROJECT_VER.
-- Building ESP-IDF components for target esp32s3
NOTICE: Dependencies lock doesn't exist, solving dependencies.
.....NOTICE: Updating lock file at /Users/dean/Documents/MORI/hardware/firmware/dependencies.lock
NOTICE: Processing 3 dependencies:
NOTICE: [1/3] espressif/cmake_utilities (0.5.3)
NOTICE: [2/3] espressif/esp_lcd_gc9a01 (2.0.3)
NOTICE: [3/3] idf (5.5.2)
-- ESP-TEE is currently supported only on the esp32c6;esp32h2;esp32c5 SoCs
-- Project sdkconfig file /Users/dean/Documents/MORI/hardware/firmware/sdkconfig
Loading defaults file /Users/dean/Documents/MORI/hardware/firmware/sdkconfig.defaults...
-- Compiler supported targets: xtensa-esp-elf
-- Found Python3: /Users/dean/.espressif/python_env/idf5.5_py3.9_env/bin/python (found version "3.9.6") found components: Interpreter
-- Performing Test CMAKE_HAVE_LIBC_PTHREAD
-- Performing Test CMAKE_HAVE_LIBC_PTHREAD - Success
-- Found Threads: TRUE
-- Performing Test C_COMPILER_SUPPORTS_WFORMAT_SIGNEDNESS
-- Performing Test C_COMPILER_SUPPORTS_WFORMAT_SIGNEDNESS - Success
-- USING O3
-- App "mori_hardware_validation" version: 1
-- Adding linker script /Users/dean/Documents/MORI/hardware/firmware/build/esp-idf/esp_system/ld/memory.ld
-- Adding linker script /Users/dean/Documents/MORI/hardware/firmware/build/esp-idf/esp_system/ld/sections.ld.in
-- Adding linker script /Users/dean/esp/esp-idf/components/esp_rom/esp32s3/ld/esp32s3.rom.ld
-- Adding linker script /Users/dean/esp/esp-idf/components/esp_rom/esp32s3/ld/esp32s3.rom.api.ld
-- Adding linker script /Users/dean/esp/esp-idf/components/esp_rom/esp32s3/ld/esp32s3.rom.bt_funcs.ld
-- Adding linker script /Users/dean/esp/esp-idf/components/esp_rom/esp32s3/ld/esp32s3.rom.libgcc.ld
-- Adding linker script /Users/dean/esp/esp-idf/components/esp_rom/esp32s3/ld/esp32s3.rom.wdt.ld
-- Adding linker script /Users/dean/esp/esp-idf/components/esp_rom/esp32s3/ld/esp32s3.rom.version.ld
-- Adding linker script /Users/dean/esp/esp-idf/components/esp_rom/esp32s3/ld/esp32s3.rom.ble_master.ld
-- Adding linker script /Users/dean/esp/esp-idf/components/esp_rom/esp32s3/ld/esp32s3.rom.ble_50.ld
-- Adding linker script /Users/dean/esp/esp-idf/components/esp_rom/esp32s3/ld/esp32s3.rom.ble_smp.ld
-- Adding linker script /Users/dean/esp/esp-idf/components/esp_rom/esp32s3/ld/esp32s3.rom.ble_dtm.ld
-- Adding linker script /Users/dean/esp/esp-idf/components/esp_rom/esp32s3/ld/esp32s3.rom.ble_test.ld
-- Adding linker script /Users/dean/esp/esp-idf/components/esp_rom/esp32s3/ld/esp32s3.rom.ble_scan.ld
-- Adding linker script /Users/dean/esp/esp-idf/components/esp_rom/esp32s3/ld/esp32s3.rom.libc.ld
-- Adding linker script /Users/dean/esp/esp-idf/components/esp_rom/esp32s3/ld/esp32s3.rom.newlib.ld
-- Adding linker script /Users/dean/esp/esp-idf/components/soc/esp32s3/ld/esp32s3.peripherals.ld
-- ESP_LCD_GC9A01: 2.0.3
-- Components: app_trace app_update bootloader bootloader_support bt cmock console cxx driver efuse esp-tls esp_adc esp_app_format esp_bootloader_format esp_coex esp_common esp_driver_ana_cmpr esp_driver_bitscrambler esp_driver_cam esp_driver_dac esp_driver_gpio esp_driver_gptimer esp_driver_i2c esp_driver_i2s esp_driver_isp esp_driver_jpeg esp_driver_ledc esp_driver_mcpwm esp_driver_parlio esp_driver_pcnt esp_driver_ppa esp_driver_rmt esp_driver_sdio esp_driver_sdm esp_driver_sdmmc esp_driver_sdspi esp_driver_spi esp_driver_touch_sens esp_driver_tsens esp_driver_twai esp_driver_uart esp_driver_usb_serial_jtag esp_eth esp_event esp_gdbstub esp_hid esp_http_client esp_http_server esp_https_ota esp_https_server esp_hw_support esp_lcd esp_local_ctrl esp_mm esp_netif esp_netif_stack esp_partition esp_phy esp_pm esp_psram esp_ringbuf esp_rom esp_security esp_system esp_timer esp_vfs_console esp_wifi espcoredump espressif__cmake_utilities espressif__esp_lcd_gc9a01 esptool_py fatfs freertos hal heap http_parser idf_test ieee802154 json log lwip main mbedtls mori_core mqtt newlib nvs_flash nvs_sec_provider openthread partition_table perfmon protobuf-c protocomm pthread rt sdmmc soc spi_flash spiffs tcp_transport touch_element ulp unity usb vfs wear_levelling wifi_provisioning wpa_supplicant xtensa
-- Component paths: /Users/dean/esp/esp-idf/components/app_trace /Users/dean/esp/esp-idf/components/app_update /Users/dean/esp/esp-idf/components/bootloader /Users/dean/esp/esp-idf/components/bootloader_support /Users/dean/esp/esp-idf/components/bt /Users/dean/esp/esp-idf/components/cmock /Users/dean/esp/esp-idf/components/console /Users/dean/esp/esp-idf/components/cxx /Users/dean/esp/esp-idf/components/driver /Users/dean/esp/esp-idf/components/efuse /Users/dean/esp/esp-idf/components/esp-tls /Users/dean/esp/esp-idf/components/esp_adc /Users/dean/esp/esp-idf/components/esp_app_format /Users/dean/esp/esp-idf/components/esp_bootloader_format /Users/dean/esp/esp-idf/components/esp_coex /Users/dean/esp/esp-idf/components/esp_common /Users/dean/esp/esp-idf/components/esp_driver_ana_cmpr /Users/dean/esp/esp-idf/components/esp_driver_bitscrambler /Users/dean/esp/esp-idf/components/esp_driver_cam /Users/dean/esp/esp-idf/components/esp_driver_dac /Users/dean/esp/esp-idf/components/esp_driver_gpio /Users/dean/esp/esp-idf/components/esp_driver_gptimer /Users/dean/esp/esp-idf/components/esp_driver_i2c /Users/dean/esp/esp-idf/components/esp_driver_i2s /Users/dean/esp/esp-idf/components/esp_driver_isp /Users/dean/esp/esp-idf/components/esp_driver_jpeg /Users/dean/esp/esp-idf/components/esp_driver_ledc /Users/dean/esp/esp-idf/components/esp_driver_mcpwm /Users/dean/esp/esp-idf/components/esp_driver_parlio /Users/dean/esp/esp-idf/components/esp_driver_pcnt /Users/dean/esp/esp-idf/components/esp_driver_ppa /Users/dean/esp/esp-idf/components/esp_driver_rmt /Users/dean/esp/esp-idf/components/esp_driver_sdio /Users/dean/esp/esp-idf/components/esp_driver_sdm /Users/dean/esp/esp-idf/components/esp_driver_sdmmc /Users/dean/esp/esp-idf/components/esp_driver_sdspi /Users/dean/esp/esp-idf/components/esp_driver_spi /Users/dean/esp/esp-idf/components/esp_driver_touch_sens /Users/dean/esp/esp-idf/components/esp_driver_tsens /Users/dean/esp/esp-idf/components/esp_driver_twai /Users/dean/esp/esp-idf/components/esp_driver_uart /Users/dean/esp/esp-idf/components/esp_driver_usb_serial_jtag /Users/dean/esp/esp-idf/components/esp_eth /Users/dean/esp/esp-idf/components/esp_event /Users/dean/esp/esp-idf/components/esp_gdbstub /Users/dean/esp/esp-idf/components/esp_hid /Users/dean/esp/esp-idf/components/esp_http_client /Users/dean/esp/esp-idf/components/esp_http_server /Users/dean/esp/esp-idf/components/esp_https_ota /Users/dean/esp/esp-idf/components/esp_https_server /Users/dean/esp/esp-idf/components/esp_hw_support /Users/dean/esp/esp-idf/components/esp_lcd /Users/dean/esp/esp-idf/components/esp_local_ctrl /Users/dean/esp/esp-idf/components/esp_mm /Users/dean/esp/esp-idf/components/esp_netif /Users/dean/esp/esp-idf/components/esp_netif_stack /Users/dean/esp/esp-idf/components/esp_partition /Users/dean/esp/esp-idf/components/esp_phy /Users/dean/esp/esp-idf/components/esp_pm /Users/dean/esp/esp-idf/components/esp_psram /Users/dean/esp/esp-idf/components/esp_ringbuf /Users/dean/esp/esp-idf/components/esp_rom /Users/dean/esp/esp-idf/components/esp_security /Users/dean/esp/esp-idf/components/esp_system /Users/dean/esp/esp-idf/components/esp_timer /Users/dean/esp/esp-idf/components/esp_vfs_console /Users/dean/esp/esp-idf/components/esp_wifi /Users/dean/esp/esp-idf/components/espcoredump /Users/dean/Documents/MORI/hardware/firmware/managed_components/espressif__cmake_utilities /Users/dean/Documents/MORI/hardware/firmware/managed_components/espressif__esp_lcd_gc9a01 /Users/dean/esp/esp-idf/components/esptool_py /Users/dean/esp/esp-idf/components/fatfs /Users/dean/esp/esp-idf/components/freertos /Users/dean/esp/esp-idf/components/hal /Users/dean/esp/esp-idf/components/heap /Users/dean/esp/esp-idf/components/http_parser /Users/dean/esp/esp-idf/components/idf_test /Users/dean/esp/esp-idf/components/ieee802154 /Users/dean/esp/esp-idf/components/json /Users/dean/esp/esp-idf/components/log /Users/dean/esp/esp-idf/components/lwip /Users/dean/Documents/MORI/hardware/firmware/main /Users/dean/esp/esp-idf/components/mbedtls /Users/dean/Documents/MORI/hardware/firmware/components/mori_core /Users/dean/esp/esp-idf/components/mqtt /Users/dean/esp/esp-idf/components/newlib /Users/dean/esp/esp-idf/components/nvs_flash /Users/dean/esp/esp-idf/components/nvs_sec_provider /Users/dean/esp/esp-idf/components/openthread /Users/dean/esp/esp-idf/components/partition_table /Users/dean/esp/esp-idf/components/perfmon /Users/dean/esp/esp-idf/components/protobuf-c /Users/dean/esp/esp-idf/components/protocomm /Users/dean/esp/esp-idf/components/pthread /Users/dean/esp/esp-idf/components/rt /Users/dean/esp/esp-idf/components/sdmmc /Users/dean/esp/esp-idf/components/soc /Users/dean/esp/esp-idf/components/spi_flash /Users/dean/esp/esp-idf/components/spiffs /Users/dean/esp/esp-idf/components/tcp_transport /Users/dean/esp/esp-idf/components/touch_element /Users/dean/esp/esp-idf/components/ulp /Users/dean/esp/esp-idf/components/unity /Users/dean/esp/esp-idf/components/usb /Users/dean/esp/esp-idf/components/vfs /Users/dean/esp/esp-idf/components/wear_levelling /Users/dean/esp/esp-idf/components/wifi_provisioning /Users/dean/esp/esp-idf/components/wpa_supplicant /Users/dean/esp/esp-idf/components/xtensa
-- Configuring done (4.4s)
-- Generating done (0.3s)
-- Build files have been written to: /Users/dean/Documents/MORI/hardware/firmware/build
