00:00.332  blend            | Read blend: "/Users/dean/Documents/MORI/mechanical/mori_v1_2.blend"
00:00.827  render           | Saved: '/Users/dean/Documents/MORI/mechanical/renders/parts/Battery.png'
PART_PREVIEW 1 113 MORI_V1__Battery
00:01.156  render           | Saved: '/Users/dean/Documents/MORI/mechanical/renders/parts/Battery_Hanger_0.png'
PART_PREVIEW 2 113 MORI_V1__Battery_Hanger_0
00:01.497  render           | Saved: '/Users/dean/Documents/MORI/mechanical/renders/parts/Battery_Hanger_1.png'
PART_PREVIEW 3 113 MORI_V1__Battery_Hanger_1
00:01.857  render           | Saved: '/Users/dean/Documents/MORI/mechanical/renders/parts/Battery_Hanger_2.png'
PART_PREVIEW 4 113 MORI_V1__Battery_Hanger_2
00:02.234  render           | Saved: '/Users/dean/Documents/MORI/mechanical/renders/parts/Battery_Hanger_3.png'
PART_PREVIEW 5 113 MORI_V1__Battery_Hanger_3
00:02.649  render           | Saved: '/Users/dean/Documents/MORI/mechanical/renders/parts/Battery_Tray.png'
PART_PREVIEW 6 113 MORI_V1__Battery_Tray
00:03.085  render           | Saved: '/Users/dean/Documents/MORI/mechanical/renders/parts/Body_IMU.png'
PART_PREVIEW 7 113 MORI_V1__Body_IMU
00:03.573  render           | Saved: '/Users/dean/Documents/MORI/mechanical/renders/parts/Body_Lower.png'
PART_PREVIEW 8 113 MORI_V1__Body_Lower
00:03.967  render           | Saved: '/Users/dean/Documents/MORI/mechanical/renders/parts/Body_Top_Shroud.png'
PART_PREVIEW 9 113 MORI_V1__Body_Top_Shroud
00:04.407  render           | Saved: '/Users/dean/Documents/MORI/mechanical/renders/parts/Body_Upper.png'
PART_PREVIEW 10 113 MORI_V1__Body_Upper
00:04.873  render           | Saved: '/Users/dean/Documents/MORI/mechanical/renders/parts/Button_Cap.png'
PART_PREVIEW 11 113 MORI_V1__Button_Cap
00:05.704  render           | Saved: '/Users/dean/Documents/MORI/mechanical/renders/parts/CAM_Mainboard.png'
PART_PREVIEW 12 113 MORI_V1__CAM_Mainboard
00:06.263  render           | Saved: '/Users/dean/Documents/MORI/mechanical/renders/parts/CAM_Mainboard_Mount.png'
PART_PREVIEW 13 113 MORI_V1__CAM_Mainboard_Mount
00:06.770  render           | Saved: '/Users/dean/Documents/MORI/mechanical/renders/parts/CAM_USB_Connector.png'
PART_PREVIEW 14 113 MORI_V1__CAM_USB_Connector
00:07.251  render           | Saved: '/Users/dean/Documents/MORI/mechanical/renders/parts/Camera_Baffle.png'
PART_PREVIEW 15 113 MORI_V1__Camera_Baffle
00:07.764  render           | Saved: '/Users/dean/Documents/MORI/mechanical/renders/parts/Camera_Lens.png'
PART_PREVIEW 16 113 MORI_V1__Camera_Lens
00:08.361  render           | Saved: '/Users/dean/Documents/MORI/mechanical/renders/parts/Camera_Mount.png'
PART_PREVIEW 17 113 MORI_V1__Camera_Mount
00:08.895  render           | Saved: '/Users/dean/Documents/MORI/mechanical/renders/parts/Camera_PCB.png'
PART_PREVIEW 18 113 MORI_V1__Camera_PCB
00:09.543  render           | Saved: '/Users/dean/Documents/MORI/mechanical/renders/parts/Camera_Window.png'
PART_PREVIEW 19 113 MORI_V1__Camera_Window
00:10.058  render           | Saved: '/Users/dean/Documents/MORI/mechanical/renders/parts/Coupon_Insert.png'
PART_PREVIEW 20 113 MORI_V1__Coupon_Insert
00:10.648  render           | Saved: '/Users/dean/Documents/MORI/mechanical/renders/parts/Coupon_Mating_Tab.png'
PART_PREVIEW 21 113 MORI_V1__Coupon_Mating_Tab
00:11.118  render           | Saved: '/Users/dean/Documents/MORI/mechanical/renders/parts/Coupon_Plane_Fit.png'
PART_PREVIEW 22 113 MORI_V1__Coupon_Plane_Fit
00:11.574  render           | Saved: '/Users/dean/Documents/MORI/mechanical/renders/parts/Display_Connector.png'
PART_PREVIEW 23 113 MORI_V1__Display_Connector
00:11.997  render           | Saved: '/Users/dean/Documents/MORI/mechanical/renders/parts/Display_Frame.png'
PART_PREVIEW 24 113 MORI_V1__Display_Frame
00:12.442  render           | Saved: '/Users/dean/Documents/MORI/mechanical/renders/parts/Display_Module.png'
PART_PREVIEW 25 113 MORI_V1__Display_Module
00:12.865  render           | Saved: '/Users/dean/Documents/MORI/mechanical/renders/parts/Display_PCB.png'
PART_PREVIEW 26 113 MORI_V1__Display_PCB
00:13.261  render           | Saved: '/Users/dean/Documents/MORI/mechanical/renders/parts/Dock_Pad_0.png'
PART_PREVIEW 27 113 MORI_V1__Dock_Pad_0
00:13.715  render           | Saved: '/Users/dean/Documents/MORI/mechanical/renders/parts/Dock_Pad_1.png'
PART_PREVIEW 28 113 MORI_V1__Dock_Pad_1
00:14.191  render           | Saved: '/Users/dean/Documents/MORI/mechanical/renders/parts/Dock_Pad_2.png'
PART_PREVIEW 29 113 MORI_V1__Dock_Pad_2
00:14.675  render           | Saved: '/Users/dean/Documents/MORI/mechanical/renders/parts/Dock_Pad_3.png'
PART_PREVIEW 30 113 MORI_V1__Dock_Pad_3
00:15.190  render           | Saved: '/Users/dean/Documents/MORI/mechanical/renders/parts/Drive_Motor_L.png'
PART_PREVIEW 31 113 MORI_V1__Drive_Motor_L
00:15.687  render           | Saved: '/Users/dean/Documents/MORI/mechanical/renders/parts/Drive_Motor_R.png'
PART_PREVIEW 32 113 MORI_V1__Drive_Motor_R
00:16.093  render           | Saved: '/Users/dean/Documents/MORI/mechanical/renders/parts/Face_Mask.png'
PART_PREVIEW 33 113 MORI_V1__Face_Mask
00:16.596  render           | Saved: '/Users/dean/Documents/MORI/mechanical/renders/parts/Face_Protector.png'
PART_PREVIEW 34 113 MORI_V1__Face_Protector
00:17.053  render           | Saved: '/Users/dean/Documents/MORI/mechanical/renders/parts/Frame_Insert_0.png'
PART_PREVIEW 35 113 MORI_V1__Frame_Insert_0
00:17.494  render           | Saved: '/Users/dean/Documents/MORI/mechanical/renders/parts/Frame_Insert_1.png'
PART_PREVIEW 36 113 MORI_V1__Frame_Insert_1
00:18.155  render           | Saved: '/Users/dean/Documents/MORI/mechanical/renders/parts/Frame_Insert_2.png'
PART_PREVIEW 37 113 MORI_V1__Frame_Insert_2
00:18.613  render           | Saved: '/Users/dean/Documents/MORI/mechanical/renders/parts/Frame_Insert_3.png'
PART_PREVIEW 38 113 MORI_V1__Frame_Insert_3
00:19.068  render           | Saved: '/Users/dean/Documents/MORI/mechanical/renders/parts/Frame_Screw_0.png'
PART_PREVIEW 39 113 MORI_V1__Frame_Screw_0
00:19.496  render           | Saved: '/Users/dean/Documents/MORI/mechanical/renders/parts/Frame_Screw_1.png'
PART_PREVIEW 40 113 MORI_V1__Frame_Screw_1
00:19.925  render           | Saved: '/Users/dean/Documents/MORI/mechanical/renders/parts/Frame_Screw_2.png'
PART_PREVIEW 41 113 MORI_V1__Frame_Screw_2
00:20.359  render           | Saved: '/Users/dean/Documents/MORI/mechanical/renders/parts/Frame_Screw_3.png'
PART_PREVIEW 42 113 MORI_V1__Frame_Screw_3
00:20.786  render           | Saved: '/Users/dean/Documents/MORI/mechanical/renders/parts/Function_Button.png'
PART_PREVIEW 43 113 MORI_V1__Function_Button
00:21.251  render           | Saved: '/Users/dean/Documents/MORI/mechanical/renders/parts/Head_Front.png'
PART_PREVIEW 44 113 MORI_V1__Head_Front
00:21.674  render           | Saved: '/Users/dean/Documents/MORI/mechanical/renders/parts/Head_Lower_Guard.png'
PART_PREVIEW 45 113 MORI_V1__Head_Lower_Guard
00:22.183  render           | Saved: '/Users/dean/Documents/MORI/mechanical/renders/parts/Head_Rear.png'
PART_PREVIEW 46 113 MORI_V1__Head_Rear
00:22.592  render           | Saved: '/Users/dean/Documents/MORI/mechanical/renders/parts/IMU_Mount.png'
PART_PREVIEW 47 113 MORI_V1__IMU_Mount
00:23.022  render           | Saved: '/Users/dean/Documents/MORI/mechanical/renders/parts/Load_Frame.png'
PART_PREVIEW 48 113 MORI_V1__Load_Frame
00:23.461  render           | Saved: '/Users/dean/Documents/MORI/mechanical/renders/parts/MCU_Motion.png'
PART_PREVIEW 49 113 MORI_V1__MCU_Motion
00:23.902  render           | Saved: '/Users/dean/Documents/MORI/mechanical/renders/parts/MCU_Mount_Motion.png'
PART_PREVIEW 50 113 MORI_V1__MCU_Mount_Motion
00:24.324  render           | Saved: '/Users/dean/Documents/MORI/mechanical/renders/parts/Mic_Duct_L.png'
PART_PREVIEW 51 113 MORI_V1__Mic_Duct_L
00:24.747  render           | Saved: '/Users/dean/Documents/MORI/mechanical/renders/parts/Mic_Duct_R.png'
PART_PREVIEW 52 113 MORI_V1__Mic_Duct_R
00:25.135  render           | Saved: '/Users/dean/Documents/MORI/mechanical/renders/parts/Motor_Mount_L.png'
PART_PREVIEW 53 113 MORI_V1__Motor_Mount_L
00:25.520  render           | Saved: '/Users/dean/Documents/MORI/mechanical/renders/parts/Motor_Mount_R.png'
PART_PREVIEW 54 113 MORI_V1__Motor_Mount_R
00:25.973  render           | Saved: '/Users/dean/Documents/MORI/mechanical/renders/parts/Parking_Cradle.png'
PART_PREVIEW 55 113 MORI_V1__Parking_Cradle
00:26.445  render           | Saved: '/Users/dean/Documents/MORI/mechanical/renders/parts/Pitch_Bearing_L.png'
PART_PREVIEW 56 113 MORI_V1__Pitch_Bearing_L
00:26.928  render           | Saved: '/Users/dean/Documents/MORI/mechanical/renders/parts/Pitch_Bearing_R.png'
PART_PREVIEW 57 113 MORI_V1__Pitch_Bearing_R
00:27.387  render           | Saved: '/Users/dean/Documents/MORI/mechanical/renders/parts/Pitch_Cable_Clip.png'
PART_PREVIEW 58 113 MORI_V1__Pitch_Cable_Clip
00:27.777  render           | Saved: '/Users/dean/Documents/MORI/mechanical/renders/parts/Pitch_Cradle.png'
PART_PREVIEW 59 113 MORI_V1__Pitch_Cradle
00:28.195  render           | Saved: '/Users/dean/Documents/MORI/mechanical/renders/parts/Pitch_Horn.png'
PART_PREVIEW 60 113 MORI_V1__Pitch_Horn
00:28.561  render           | Saved: '/Users/dean/Documents/MORI/mechanical/renders/parts/Pitch_Lock_Screw.png'
PART_PREVIEW 61 113 MORI_V1__Pitch_Lock_Screw
00:28.955  render           | Saved: '/Users/dean/Documents/MORI/mechanical/renders/parts/Pitch_Output.png'
PART_PREVIEW 62 113 MORI_V1__Pitch_Output
00:29.397  render           | Saved: '/Users/dean/Documents/MORI/mechanical/renders/parts/Pitch_Servo.png'
PART_PREVIEW 63 113 MORI_V1__Pitch_Servo
00:29.889  render           | Saved: '/Users/dean/Documents/MORI/mechanical/renders/parts/Pitch_Servo_Mount.png'
PART_PREVIEW 64 113 MORI_V1__Pitch_Servo_Mount
00:30.341  render           | Saved: '/Users/dean/Documents/MORI/mechanical/renders/parts/Pitch_Trunnion_L.png'
PART_PREVIEW 65 113 MORI_V1__Pitch_Trunnion_L
00:30.781  render           | Saved: '/Users/dean/Documents/MORI/mechanical/renders/parts/Pitch_Trunnion_R.png'
PART_PREVIEW 66 113 MORI_V1__Pitch_Trunnion_R
00:31.173  render           | Saved: '/Users/dean/Documents/MORI/mechanical/renders/parts/Pitch_Yoke.png'
PART_PREVIEW 67 113 MORI_V1__Pitch_Yoke
00:31.586  render           | Saved: '/Users/dean/Documents/MORI/mechanical/renders/parts/Power_Module.png'
PART_PREVIEW 68 113 MORI_V1__Power_Module
00:31.953  render           | Saved: '/Users/dean/Documents/MORI/mechanical/renders/parts/Power_Module_Mount.png'
PART_PREVIEW 69 113 MORI_V1__Power_Module_Mount
00:32.415  render           | Saved: '/Users/dean/Documents/MORI/mechanical/renders/parts/Power_Switch.png'
PART_PREVIEW 70 113 MORI_V1__Power_Switch
00:32.866  render           | Saved: '/Users/dean/Documents/MORI/mechanical/renders/parts/S288_Output_L_Inner.png'
PART_PREVIEW 71 113 MORI_V1__S288_Output_L_Inner
00:33.325  render           | Saved: '/Users/dean/Documents/MORI/mechanical/renders/parts/S288_Output_L_Outer.png'
PART_PREVIEW 72 113 MORI_V1__S288_Output_L_Outer
00:33.781  render           | Saved: '/Users/dean/Documents/MORI/mechanical/renders/parts/S288_Output_R_Inner.png'
PART_PREVIEW 73 113 MORI_V1__S288_Output_R_Inner
00:34.235  render           | Saved: '/Users/dean/Documents/MORI/mechanical/renders/parts/S288_Output_R_Outer.png'
PART_PREVIEW 74 113 MORI_V1__S288_Output_R_Outer
00:34.680  render           | Saved: '/Users/dean/Documents/MORI/mechanical/renders/parts/Shell_Insert_0.png'
PART_PREVIEW 75 113 MORI_V1__Shell_Insert_0
00:35.129  render           | Saved: '/Users/dean/Documents/MORI/mechanical/renders/parts/Shell_Insert_1.png'
PART_PREVIEW 76 113 MORI_V1__Shell_Insert_1
00:35.588  render           | Saved: '/Users/dean/Documents/MORI/mechanical/renders/parts/Shell_Insert_2.png'
PART_PREVIEW 77 113 MORI_V1__Shell_Insert_2
00:36.032  render           | Saved: '/Users/dean/Documents/MORI/mechanical/renders/parts/Shell_Insert_3.png'
PART_PREVIEW 78 113 MORI_V1__Shell_Insert_3
00:36.439  render           | Saved: '/Users/dean/Documents/MORI/mechanical/renders/parts/Shell_Screw_0.png'
PART_PREVIEW 79 113 MORI_V1__Shell_Screw_0
00:36.856  render           | Saved: '/Users/dean/Documents/MORI/mechanical/renders/parts/Shell_Screw_1.png'
PART_PREVIEW 80 113 MORI_V1__Shell_Screw_1
00:37.301  render           | Saved: '/Users/dean/Documents/MORI/mechanical/renders/parts/Shell_Screw_2.png'
PART_PREVIEW 81 113 MORI_V1__Shell_Screw_2
00:37.735  render           | Saved: '/Users/dean/Documents/MORI/mechanical/renders/parts/Shell_Screw_3.png'
PART_PREVIEW 82 113 MORI_V1__Shell_Screw_3
00:38.204  render           | Saved: '/Users/dean/Documents/MORI/mechanical/renders/parts/Speaker.png'
PART_PREVIEW 83 113 MORI_V1__Speaker
00:38.861  render           | Saved: '/Users/dean/Documents/MORI/mechanical/renders/parts/Speaker_Mount.png'
PART_PREVIEW 84 113 MORI_V1__Speaker_Mount
00:39.391  render           | Saved: '/Users/dean/Documents/MORI/mechanical/renders/parts/Tire_L.png'
PART_PREVIEW 85 113 MORI_V1__Tire_L
00:39.899  render           | Saved: '/Users/dean/Documents/MORI/mechanical/renders/parts/Tire_R.png'
PART_PREVIEW 86 113 MORI_V1__Tire_R
00:40.441  render           | Saved: '/Users/dean/Documents/MORI/mechanical/renders/parts/USB_Charge.png'
PART_PREVIEW 87 113 MORI_V1__USB_Charge
00:40.906  render           | Saved: '/Users/dean/Documents/MORI/mechanical/renders/parts/USB_Charge_Mount.png'
PART_PREVIEW 88 113 MORI_V1__USB_Charge_Mount
00:41.404  render           | Saved: '/Users/dean/Documents/MORI/mechanical/renders/parts/USB_Receptacle.png'
PART_PREVIEW 89 113 MORI_V1__USB_Receptacle
00:41.807  render           | Saved: '/Users/dean/Documents/MORI/mechanical/renders/parts/Wheel_Axle_L.png'
PART_PREVIEW 90 113 MORI_V1__Wheel_Axle_L
00:42.181  render           | Saved: '/Users/dean/Documents/MORI/mechanical/renders/parts/Wheel_Axle_R.png'
PART_PREVIEW 91 113 MORI_V1__Wheel_Axle_R
00:42.634  render           | Saved: '/Users/dean/Documents/MORI/mechanical/renders/parts/Wheel_Bearing_L_33.png'
PART_PREVIEW 92 113 MORI_V1__Wheel_Bearing_L_33
00:43.099  render           | Saved: '/Users/dean/Documents/MORI/mechanical/renders/parts/Wheel_Bearing_L_39.png'
PART_PREVIEW 93 113 MORI_V1__Wheel_Bearing_L_39
00:43.575  render           | Saved: '/Users/dean/Documents/MORI/mechanical/renders/parts/Wheel_Bearing_R_33.png'
PART_PREVIEW 94 113 MORI_V1__Wheel_Bearing_R_33
00:44.061  render           | Saved: '/Users/dean/Documents/MORI/mechanical/renders/parts/Wheel_Bearing_R_39.png'
PART_PREVIEW 95 113 MORI_V1__Wheel_Bearing_R_39
00:44.488  render           | Saved: '/Users/dean/Documents/MORI/mechanical/renders/parts/Wheel_Cap_L.png'
PART_PREVIEW 96 113 MORI_V1__Wheel_Cap_L
00:44.923  render           | Saved: '/Users/dean/Documents/MORI/mechanical/renders/parts/Wheel_Cap_R.png'
PART_PREVIEW 97 113 MORI_V1__Wheel_Cap_R
00:45.367  render           | Saved: '/Users/dean/Documents/MORI/mechanical/renders/parts/Wheel_Coupler_L.png'
PART_PREVIEW 98 113 MORI_V1__Wheel_Coupler_L
00:45.803  render           | Saved: '/Users/dean/Documents/MORI/mechanical/renders/parts/Wheel_Coupler_R.png'
PART_PREVIEW 99 113 MORI_V1__Wheel_Coupler_R
00:46.245  render           | Saved: '/Users/dean/Documents/MORI/mechanical/renders/parts/Wheel_Hub_L.png'
PART_PREVIEW 100 113 MORI_V1__Wheel_Hub_L
00:46.672  render           | Saved: '/Users/dean/Documents/MORI/mechanical/renders/parts/Wheel_Hub_R.png'
PART_PREVIEW 101 113 MORI_V1__Wheel_Hub_R
00:47.112  render           | Saved: '/Users/dean/Documents/MORI/mechanical/renders/parts/Yaw_Bearing.png'
PART_PREVIEW 102 113 MORI_V1__Yaw_Bearing
00:47.576  render           | Saved: '/Users/dean/Documents/MORI/mechanical/renders/parts/Yaw_Cable_Clip.png'
PART_PREVIEW 103 113 MORI_V1__Yaw_Cable_Clip
00:48.027  render           | Saved: '/Users/dean/Documents/MORI/mechanical/renders/parts/Yaw_Carrier.png'
PART_PREVIEW 104 113 MORI_V1__Yaw_Carrier
00:48.441  render           | Saved: '/Users/dean/Documents/MORI/mechanical/renders/parts/Yaw_Horn.png'
PART_PREVIEW 105 113 MORI_V1__Yaw_Horn
00:48.813  render           | Saved: '/Users/dean/Documents/MORI/mechanical/renders/parts/Yaw_Lock_Screw.png'
PART_PREVIEW 106 113 MORI_V1__Yaw_Lock_Screw
00:49.202  render           | Saved: '/Users/dean/Documents/MORI/mechanical/renders/parts/Yaw_Output.png'
PART_PREVIEW 107 113 MORI_V1__Yaw_Output
00:49.651  render           | Saved: '/Users/dean/Documents/MORI/mechanical/renders/parts/Yaw_Servo.png'
PART_PREVIEW 108 113 MORI_V1__Yaw_Servo
00:50.125  render           | Saved: '/Users/dean/Documents/MORI/mechanical/renders/parts/Yaw_Servo_Mount.png'
PART_PREVIEW 109 113 MORI_V1__Yaw_Servo_Mount
00:50.524  render           | Saved: '/Users/dean/Documents/MORI/mechanical/renders/parts/Yaw_Stop_-76.png'
PART_PREVIEW 110 113 MORI_V1__Yaw_Stop_-76
00:50.921  render           | Saved: '/Users/dean/Documents/MORI/mechanical/renders/parts/Yaw_Stop_76.png'
PART_PREVIEW 111 113 MORI_V1__Yaw_Stop_76
00:51.311  render           | Saved: '/Users/dean/Documents/MORI/mechanical/renders/parts/Yaw_Stop_Flag.png'
PART_PREVIEW 112 113 MORI_V1__Yaw_Stop_Flag
00:51.758  render           | Saved: '/Users/dean/Documents/MORI/mechanical/renders/parts/Yaw_Turntable.png'
PART_PREVIEW 113 113 MORI_V1__Yaw_Turntable
CATALOG_COMPLETE
Blender 5.2.1 LTS (hash 9e2066aef7ef built 2026-08-25 01:35:57)

Blender quit
