00:00.395  blend            | Read blend: "/Users/dean/Documents/MORI/mechanical/mori_v1_2.blend"
MORI STL Battery_Tray PASS
MORI STL Body_Lower PASS
MORI STL Body_Top_Shroud PASS
MORI STL Body_Upper PASS
MORI STL Button_Cap PASS
MORI STL CAM_Mainboard_Mount PASS
MORI STL Camera_Baffle PASS
MORI STL Camera_Mount PASS
MORI STL Coupon_Insert PASS
MORI STL Coupon_Mating_Tab PASS
MORI STL Coupon_Plane_Fit PASS
MORI STL Display_Frame PASS
MORI STL Head_Front PASS
MORI STL Head_Lower_Guard PASS
MORI STL Head_Rear PASS
MORI STL IMU_Mount PASS
MORI STL Load_Frame PASS
MORI STL MCU_Mount_Motion PASS
MORI STL Mic_Duct_L PASS
MORI STL Mic_Duct_R PASS
MORI STL Motor_Mount_L PASS
MORI STL Motor_Mount_R PASS
MORI STL Parking_Cradle PASS
MORI STL Pitch_Cable_Clip PASS
MORI STL Pitch_Cradle PASS
MORI STL Pitch_Servo_Mount PASS
MORI STL Pitch_Yoke PASS
MORI STL Power_Module_Mount PASS
MORI STL Speaker_Mount PASS
MORI STL USB_Charge_Mount PASS
MORI STL Wheel_Cap_L PASS
MORI STL Wheel_Cap_R PASS
MORI STL Wheel_Coupler_L PASS
MORI STL Wheel_Coupler_R PASS
MORI STL Wheel_Hub_L PASS
MORI STL Wheel_Hub_R PASS
MORI STL Yaw_Cable_Clip PASS
MORI STL Yaw_Carrier PASS
MORI STL Yaw_Servo_Mount PASS
MORI STL Yaw_Stop_-76 PASS
MORI STL Yaw_Stop_76 PASS
MORI STL Yaw_Stop_Flag PASS
MORI STL Yaw_Turntable PASS
Blender 5.2.1 LTS (hash 9e2066aef7ef built 2026-08-25 01:35:57)
Timer 'STL Import' took 0.65 ms
Timer 'STL Import' took 3.20 ms
Timer 'STL Import' took 0.13 ms
Timer 'STL Import' took 1.99 ms
Timer 'STL Import' took 98667 ns
Timer 'STL Import' took 0.34 ms
Timer 'STL Import' took 0.12 ms
Timer 'STL Import' took 0.24 ms
Timer 'STL Import' took 0.25 ms
Timer 'STL Import' took 48125 ns
Timer 'STL Import' took 64375 ns
Timer 'STL Import' took 0.50 ms
Timer 'STL Import' took 1.25 ms
Timer 'STL Import' took 0.90 ms
Timer 'STL Import' took 1.40 ms
Timer 'STL Import' took 62250 ns
Timer 'STL Import' took 0.97 ms
Timer 'STL Import' took 0.22 ms
Timer 'STL Import' took 0.13 ms
Timer 'STL Import' took 0.12 ms
Timer 'STL Import' took 0.12 ms
Timer 'STL Import' took 0.12 ms
Timer 'STL Import' took 0.12 ms
Timer 'STL Import' took 95333 ns
Timer 'STL Import' took 0.51 ms
Timer 'STL Import' took 87708 ns
Timer 'STL Import' took 0.54 ms
Timer 'STL Import' took 0.20 ms
Timer 'STL Import' took 0.27 ms
Timer 'STL Import' took 83833 ns
Timer 'STL Import' took 74333 ns
Timer 'STL Import' took 70208 ns
Timer 'STL Import' took 89750 ns
Timer 'STL Import' took 93708 ns
Timer 'STL Import' took 81333 ns
Timer 'STL Import' took 91792 ns
Timer 'STL Import' took 91125 ns
Timer 'STL Import' took 0.56 ms
Timer 'STL Import' took 58416 ns
Timer 'STL Import' took 39166 ns
Timer 'STL Import' took 44125 ns
Timer 'STL Import' took 37834 ns
Timer 'STL Import' took 0.52 ms

Blender quit
