Collecting av==14.4.0
  Downloading av-14.4.0.tar.gz (3.9 MB)
     ━━━━━━━━━━━━━━━━━━━━━━━━━━━━━━━━━━━━━━━━ 3.9/3.9 MB 13.0 MB/s eta 0:00:00
  Installing build dependencies: started
  Installing build dependencies: finished with status 'done'
  Getting requirements to build wheel: started
  Getting requirements to build wheel: finished with status 'error'
  error: subprocess-exited-with-error
  
  × Getting requirements to build wheel did not run successfully.
  │ exit code: 1
  ╰─> [6 lines of output]
      
      [1;91mWarning![0m You are installing from source.
      It is [1;37mEXPECTED[0m that it will fail. You are [1;37mREQUIRED[0m to use ffmpeg 7.
      You [1;37mMUST[0m have Cython, pkg-config, and a C compiler.
      
      pkg-config is required for building PyAV
      [end of output]
  
  note: This error originates from a subprocess, and is likely not a problem with pip.

[notice] A new release of pip is available: 25.0.1 -> 26.2.1
[notice] To update, run: /Users/dean/Documents/MORI/.venv/bin/python3 -m pip install --upgrade pip
error: subprocess-exited-with-error

× Getting requirements to build wheel did not run successfully.
│ exit code: 1
╰─> See above for output.

note: This error originates from a subprocess, and is likely not a problem with pip.
