Timestamp               Ty Process[PID:TID]
2026-09-21 22:22:01.042 Df App[41318:0] [com.apple.libsystem.libdispatch:] BUG in libdispatch: 26A428 24A434 - 612 - 0x4
2026-09-21 22:22:01.228 Df App[41318:b29780] [com.apple.UIKit.tracing:UITraceManager] UITraceInitialize: registering notify listener
2026-09-21 22:22:01.229 Df App[41318:b29780] [com.apple.UIKit.tracing:UITraceManager] handle_trace_notification: received notify (state=0)
2026-09-21 22:22:01.231 Df App[41318:b29819] [com.apple.xpc:connection] [0x101852ad0] activating connection: mach=true listener=false peer=false name=com.apple.cfprefsd.daemon
2026-09-21 22:22:01.233 Df App[41318:b29780] (libMobileGestalt.dylib) No persisted cache on this platform.
2026-09-21 22:22:01.234 Df App[41318:b2981b] [com.apple.xpc:connection] [0x101859f20] activating connection: mach=false listener=false peer=false name=(anonymous)
2026-09-21 22:22:01.234 A  App[41318:b2981a] (CoreFoundation) Loading Preferences From User Session CFPrefsD
2026-09-21 22:22:01.235 Df App[41318:b29819] [com.apple.UIKit:BackgroundTask] Creating new assertion because there is no existing background assertion.
2026-09-21 22:22:01.235 Df App[41318:b29819] [com.apple.UIKit:BackgroundTask] Creating new background assertion
2026-09-21 22:22:01.235 Df App[41318:b29819] [com.apple.UIKit:BackgroundTask] Created new background assertion <BKSProcessAssertion: 0x101852990>
2026-09-21 22:22:01.235 Df App[41318:b29819] [com.apple.runningboard:connection] Initializing connection
2026-09-21 22:22:01.236 Df App[41318:b29819] [com.apple.runningboard:process] Removing all cached process handles
2026-09-21 22:22:01.236 Df App[41318:b2981c] [com.apple.runningboard:connection] Sending handshake request attempt #1 to server
2026-09-21 22:22:01.236 Df App[41318:b2981c] [com.apple.runningboard:connection] Creating connection to com.apple.runningboard
2026-09-21 22:22:01.236 Df App[41318:b2981c] [com.apple.xpc:connection] [0x10256c000] activating connection: mach=true listener=false peer=false name=com.apple.runningboard
2026-09-21 22:22:01.237 A  App[41318:b2981a] (RunningBoardServices) didChangeInheritances
2026-09-21 22:22:01.237 Df App[41318:b2981c] [com.apple.runningboard:connection] Handshake succeeded
2026-09-21 22:22:01.237 Df App[41318:b2981c] [com.apple.runningboard:connection] Identity resolved as app<dev.mori.console((null))>
2026-09-21 22:22:01.238 Df App[41318:b29819] [com.apple.UIKit:BackgroundTask] Incrementing reference count for background assertion <BKSProcessAssertion: 0x101852990>
2026-09-21 22:22:01.238 Df App[41318:b29819] [com.apple.UIKit:BackgroundTask] Created background task <_UIBackgroundTaskInfo: 0x102494bc0>: taskID = 1, taskName = Launch Background Task for Coalescing, creationTime = 439299 (elapsed = 0).
2026-09-21 22:22:01.238 Df App[41318:b29819] [com.apple.FrontBoard:SceneExtension] Realizing settings extension _UIApplicationSceneKeyboardSettings on FBSSceneSettings
2026-09-21 22:22:01.239 Df App[41318:b29819] [com.apple.FrontBoard:SceneExtension] Realizing settings extension <_UISceneOcclusionSettings> on FBSSceneSettings
2026-09-21 22:22:01.239 Df App[41318:b29780] [com.apple.UIKit:Application] Deactivation reason added: 10; deactivation reasons: 0 -> 1024; animating application lifecycle event: 0
2026-09-21 22:22:01.241 Df App[41318:b29819] [com.apple.FrontBoard:SceneExtension] Realizing settings extension <_UISceneInterfaceProtectionSettings> on FBSSceneSettings
2026-09-21 22:22:01.241 Df App[41318:b29780] [com.apple.BoardServices:Injection] activating monitor for service com.apple.frontboard.open
2026-09-21 22:22:01.242 Df App[41318:b29780] [com.apple.BoardServices:Injection] activating monitor for service com.apple.frontboard.workspace-service
2026-09-21 22:22:01.244 Df App[41318:b29780] [com.apple.FrontBoard:Common] FBSWorkspace registering source: com.apple.frontboard.systemappservices
2026-09-21 22:22:01.244 Df App[41318:b29780] [com.apple.FrontBoard:Common] FBSWorkspace connected to endpoint : <BSServiceConnectionEndpoint: 0x102530e40; target: com.apple.frontboard.systemappservices; service: com.apple.frontboard.workspace-service>
2026-09-21 22:22:01.244 Df App[41318:b29780] [com.apple.FrontBoard:Common] <FBSWorkspaceScenesClient:0x1024a94a0 com.apple.frontboard.systemappservices> attempting immediate handshake from activate
2026-09-21 22:22:01.244 Df App[41318:b29780] [com.apple.FrontBoard:Common] <FBSWorkspaceScenesClient:0x1024a94a0 com.apple.frontboard.systemappservices> sent handshake
2026-09-21 22:22:01.244 Df App[41318:b29780] [com.apple.runningboard:general] Added observer for process assertions expiration warning: <_RBSExpirationWarningClient: 0x1025312e0>
2026-09-21 22:22:01.246 Df App[41318:b29819] [com.apple.FrontBoard:SceneExtension] Realizing settings extension <_UISceneDestructionClientSettings> on FBSSceneClientSettings
2026-09-21 22:22:01.248 Df App[41318:b29819] [com.apple.FrontBoard:SceneExtension] Realizing settings extension _UISceneLayoutPreferencesHostSettingsExtension on FBSSceneSettings
2026-09-21 22:22:01.257 Df App[41318:b29780] [com.apple.dt.xctest:Default] Registering for test daemon availability notify post.
2026-09-21 22:22:01.257 Df App[41318:b29780] [com.apple.dt.xctest:Default] notify_get_state check indicated test daemon not ready.
2026-09-21 22:22:01.257 Df App[41318:b29780] [com.apple.dt.xctest:Default] notify_get_state check indicated test daemon not ready.
2026-09-21 22:22:01.258 Df App[41318:b29780] [com.apple.dt.xctest:Default] notify_get_state check indicated test daemon not ready.
2026-09-21 22:22:01.264 Df App[41318:b29819] [com.apple.FrontBoard:SceneExtension] Realizing settings extension _UISceneSafeAreaSettingsExtension on FBSSceneSettings
2026-09-21 22:22:01.271 Df App[41318:b29819] [com.apple.FrontBoard:SceneExtension] Realizing settings extension _UISceneBarPositionSettingsExtension on FBSSceneSettings
2026-09-21 22:22:01.275 Df App[41318:b29819] [com.apple.FrontBoard:SceneExtension] Realizing settings extension _UISceneLayoutPreferenceClientSettingsExtension on FBSSceneClientSettings
2026-09-21 22:22:01.275 Df App[41318:b29819] [com.apple.FrontBoard:SceneExtension] Realizing settings extension <_UIHomeAffordanceHostSceneSettings> on FBSSceneSettings
2026-09-21 22:22:01.276 Df App[41318:b29819] [com.apple.FrontBoard:SceneExtension] Realizing settings extension _UISystemShellSceneHostingEnvironmentSettings on FBSSceneSettings
2026-09-21 22:22:01.278 Df App[41318:b29819] [com.apple.FrontBoard:SceneExtension] Realizing settings extension _UISceneRenderingEnvironmentSettings on FBSSceneSettings
2026-09-21 22:22:01.280 Df App[41318:b29819] [com.apple.FrontBoard:SceneExtension] Realizing settings extension _UISceneRenderingEnvironmentClientSettings on FBSSceneClientSettings
2026-09-21 22:22:01.280 Df App[41318:b29819] [com.apple.FrontBoard:SceneExtension] Realizing settings extension <_UISceneTransitioningHostSettings> on FBSSceneSettings
2026-09-21 22:22:01.281 Df App[41318:b29819] [com.apple.FrontBoard:SceneExtension] Realizing settings extension <_UISceneActivationInteractionSettings> on FBSSceneSettings
2026-09-21 22:22:01.282 Df App[41318:b29819] [com.apple.FrontBoard:SceneExtension] Realizing settings extension <_UISceneFocusSystemSettings> on FBSSceneSettings
2026-09-21 22:22:01.282 Df App[41318:b29819] [com.apple.FrontBoard:SceneExtension] Realizing settings extension _UISceneOrientationSettingsExtension on FBSSceneSettings
2026-09-21 22:22:01.282 Df App[41318:b29819] [com.apple.FrontBoard:SceneExtension] Realizing settings extension _UISceneOrientationClientSettingsExtension on FBSSceneClientSettings
2026-09-21 22:22:01.282 Df App[41318:b29819] [com.apple.FrontBoard:SceneExtension] Realizing settings extension _UISceneRegionSettings on FBSSceneSettings
2026-09-21 22:22:01.282 Df App[41318:b29819] [com.apple.FrontBoard:SceneExtension] Realizing settings extension _UISceneWindowingControlClientSettings on FBSSceneClientSettings
2026-09-21 22:22:01.282 Df App[41318:b29819] [com.apple.FrontBoard:SceneExtension] Realizing settings extension <_UICompanionSceneInterestClientSettings> on FBSSceneClientSettings
2026-09-21 22:22:01.282 Df App[41318:b29819] [com.apple.FrontBoard:SceneExtension] Realizing settings extension <_UIResourceConditionsSceneSettings> on FBSSceneSettings
2026-09-21 22:22:01.282 Df App[41318:b29819] [com.apple.FrontBoard:SceneExtension] Realizing settings extension _UIKeyboardInputScenePairingSettings on FBSSceneSettings
2026-09-21 22:22:01.283 Df App[41318:b29819] [com.apple.FrontBoard:SceneExtension] Realizing settings extension <_UISceneHostingContentSizePreferenceClientSettings> on FBSSceneClientSettings
2026-09-21 22:22:01.285 Df App[41318:b29819] [com.apple.FrontBoard:SceneExtension] Realizing settings extension _UISceneHostingTraitCollectionPropagationSettings on FBSSceneSettings
2026-09-21 22:22:01.290 Df App[41318:b29819] [com.apple.FrontBoard:SceneExtension] Realizing settings extension <_UISceneHostingSheetPresentationSettings> on FBSSceneSettings
2026-09-21 22:22:01.290 Df App[41318:b29819] [com.apple.FrontBoard:SceneExtension] Realizing settings extension <_UISceneHostingSheetPresentationClientSettings> on FBSSceneClientSettings
2026-09-21 22:22:01.290 Df App[41318:b29819] [com.apple.FrontBoard:SceneExtension] Realizing settings extension <UIKit__UITypedKeyValueSceneSettings> on FBSSceneSettings
2026-09-21 22:22:01.290 Df App[41318:b29819] [com.apple.FrontBoard:SceneExtension] Realizing settings extension <UIKit__UITypedKeyValueSceneSettings> on FBSSceneClientSettings
2026-09-21 22:22:01.290 Df App[41318:b29819] [com.apple.FrontBoard:SceneExtension] Realizing settings extension <_UISceneHostingViewControllerPreferencePropagationClientSettings> on FBSSceneClientSettings
2026-09-21 22:22:01.291 Df App[41318:b29819] [com.apple.FrontBoard:SceneExtension] Realizing settings extension <_UISceneZoomTransitionSettings> on FBSSceneSettings
2026-09-21 22:22:01.340 Df App[41318:b29819] [com.apple.FrontBoard:SceneExtension] Realizing settings extension FBSSceneSettingsCore on FBSSceneSettings
2026-09-21 22:22:01.345 Df App[41318:b29819] [com.apple.FrontBoard:SceneExtension] Realizing settings extension FBSSceneClientSettingsCore on FBSSceneClientSettings
2026-09-21 22:22:01.355 Df App[41318:b29819] [com.apple.FrontBoard:SceneExtension] UIMutableApplicationSceneSettings setting counterpart class: UIApplicationSceneSettings
2026-09-21 22:22:01.355 Df App[41318:b29819] [com.apple.FrontBoard:SceneExtension] UIMutableApplicationSceneClientSettings setting counterpart class: UIApplicationSceneClientSettings
2026-09-21 22:22:01.356 Df App[41318:b29819] [com.apple.FrontBoard:SceneExtension] Realizing settings extension FBSSceneTransitionContextCore on FBSSceneTransitionContext
2026-09-21 22:22:01.379 Df App[41318:b29780] [com.apple.app_launch_measurement:ApplicationLaunch] alm_acquire_pageins_recording_assertion: acquired pageins recording assertion!
2026-09-21 22:22:01.380 Df App[41318:b29780] [com.apple.UIKit:UIScreen] Evaluated capturing state as 0 on <UIScreen: 0x10256ca00> for initial
2026-09-21 22:22:01.380 Df App[41318:b29780] [com.apple.UIKit:UIScreen] Evaluated capturing state as 0 on <UIScreen: 0x10256ca00> for CADisplay KVO
2026-09-21 22:22:01.383 Df App[41318:b29780] [com.apple.Accessibility:AXSupportCommon] Read CategoryName: per-app = 1, category name = (null)
2026-09-21 22:22:01.383 Df App[41318:b29780] [com.apple.Accessibility:AXSupportCommon] Read CategoryName: per-app = 0, category name = (null)
2026-09-21 22:22:01.386 Df App[41318:b29780] [com.apple.UIKit:BackgroundTask] Will add backgroundTask with taskName: Persistent SceneSession Map Update, expirationHandler: <__NSGlobalBlock__: 0x222a2e0c0>
2026-09-21 22:22:01.386 Df App[41318:b29780] [com.apple.UIKit:BackgroundTask] Reusing background assertion <BKSProcessAssertion: 0x101852990>
2026-09-21 22:22:01.386 Df App[41318:b29780] [com.apple.UIKit:BackgroundTask] Incrementing reference count for background assertion <BKSProcessAssertion: 0x101852990>
2026-09-21 22:22:01.386 Df App[41318:b29780] [com.apple.UIKit:BackgroundTask] Created background task <_UIBackgroundTaskInfo: 0x1024964c0>: taskID = 2, taskName = Persistent SceneSession Map Update, creationTime = 439299 (elapsed = 0).
2026-09-21 22:22:01.387 Df App[41318:b29780] [com.apple.UIKit:Application] Deactivation reason added: 5; deactivation reasons: 1024 -> 1056; animating application lifecycle event: 1
2026-09-21 22:22:01.388 Df App[41318:b29780] [com.apple.UIKit:InterfaceStyle] Not push traits update to screen for new style 1, <UIWindowScene: 0x102610a00> (4963054B-F105-4821-8492-95EB9DAC4BD1)
2026-09-21 22:22:01.389 Df App[41318:b29780] [com.apple.UIKit:InterfaceStyle] Should send trait collection or coordinate space update, interface style 1 -> 1, <UIWindowScene: 0x102610a00> (4963054B-F105-4821-8492-95EB9DAC4BD1)
2026-09-21 22:22:01.394 Df App[41318:b29780] [com.apple.UIKit:InterfaceStyle] Not push traits update to screen for new style 1, <UIWindowScene: 0x102610a00> (4963054B-F105-4821-8492-95EB9DAC4BD1)
2026-09-21 22:22:01.394 Df App[41318:b29780] [com.apple.UIKit:HomeAffordanceObservation] Initializing: <_UIHomeAffordanceSceneNotifier: 0x10261c700>; with scene: <UIWindowScene: 0x102610a00>
2026-09-21 22:22:01.394 Df App[41318:b29780] [com.apple.BacklightServices:scenes] 0x102676370 setDelegate:<0x102676520 _UIBacklightEnvironment> hasDelegate:YES for environment:sceneID:dev.mori.console-default
2026-09-21 22:22:01.394 Df App[41318:b29780] [com.apple.UIKit:InterfaceStyle] Not push traits update to screen for new style 1, <UIWindowScene: 0x102610a00> (4963054B-F105-4821-8492-95EB9DAC4BD1)
2026-09-21 22:22:01.394 Df App[41318:b29780] [com.apple.UIKit:EventDeferring] [0x10269e380] Initialized with scene: <UIWindowScene: 0x102610a00>; behavior: <_UIEventDeferringBehavior_iOS: 0x1026d4a40>; availableForProcess: 1, systemShellManagesKeyboardFocus: 1
2026-09-21 22:22:01.399 Df App[41318:b29780] [com.apple.GenerativeModels:availability] UserDefaults(com.apple.gms.availability, 501
2026-09-21 22:22:01.414 Df App[41318:b29780] [com.apple.GenerativeModels:availability] registering darwin observer for name: com.apple.gms.availability.notification
2026-09-21 22:22:01.414 Df App[41318:b29780] [com.apple.GenerativeModels:availability] registering darwin observer for name: com.apple.os-eligibility-domain.change.greymatter
2026-09-21 22:22:01.414 Df App[41318:b29780] [com.apple.GenerativeModels:availability] registering darwin observer for name: com.apple.language.changed
2026-09-21 22:22:01.414 Df App[41318:b29780] [com.apple.UIKit:InterfaceStyle] Not push traits update to screen for new style 1, <UIWindowScene: 0x102610a00> (4963054B-F105-4821-8492-95EB9DAC4BD1)
2026-09-21 22:22:01.414 Df App[41318:b29780] [com.apple.xpc:connection] [0x10256d900] activating connection: mach=false listener=false peer=false name=(anonymous)
2026-09-21 22:22:01.415 Df App[41318:b29780] [com.apple.BackBoard:EventDelivery] policy observer <BKSHIDEventDeliveryPolicyObserver: 0x10261c7e0; process scope; policy: UNKNOWN> added
2026-09-21 22:22:01.415 Df App[41318:b29780] [com.apple.BackBoard:EventDelivery] [BKSHIDEventObserver] set observing:YES
2026-09-21 22:22:01.415 Df App[41318:b29819] [com.apple.BackBoard:EventDelivery] [BKSHIDEventObserver] - connection activation
2026-09-21 22:22:01.415 Df App[41318:b29780] [com.apple.BackBoard:EventDelivery] policyStatus:<BKSHIDEventDeliveryPolicyObserver: 0x10261c7e0; process scope; <none; generation: 0>> was:(null)
2026-09-21 22:22:01.415 Df App[41318:b29819] [com.apple.BackBoard:EventDelivery] will update observations for 0 observers
2026-09-21 22:22:01.415 Df App[41318:b29780] [com.apple.BackBoard:EventDelivery] [BKSHIDEventObserver] 0x10261c7e0 _UIKeyWindowSceneObserver-0x1026753e0 setToken:com.apple.frontboard.systemappservices/FBSceneManager:sceneID%3Adev.mori.console-default
2026-09-21 22:22:01.415 Df App[41318:b29780] [com.apple.UIKit:KeyWindow] Setting default evaluation strategy for UIUserInterfaceIdiomPhone to LastOneWins
2026-09-21 22:22:01.415 Df App[41318:b29780] [com.apple.UIKit:InterfaceStyle] Not push traits update to screen for new style 1, <UIWindowScene: 0x102610a00> (4963054B-F105-4821-8492-95EB9DAC4BD1)
2026-09-21 22:22:01.415 Df App[41318:b29780] [com.apple.UIKit:InterfaceStyle] Not push traits update to screen for new style 1, <UIWindowScene: 0x102610a00> (4963054B-F105-4821-8492-95EB9DAC4BD1)
2026-09-21 22:22:01.417 Df App[41318:b29780] [com.apple.BackBoard:EventDelivery] policy observer <BKSHIDEventDeliveryPolicyObserver: 0x10261d6c0; process scope; policy: UNKNOWN> added
2026-09-21 22:22:01.417 Df App[41318:b29780] [com.apple.BackBoard:EventDelivery] [BKSHIDEventObserver] set observing:YES
2026-09-21 22:22:01.417 Df App[41318:b29780] [com.apple.BackBoard:EventDelivery] policyStatus:<BKSHIDEventDeliveryPolicyObserver: 0x10261d6c0; process scope; <none; generation: 0>> was:(null)
2026-09-21 22:22:01.417 Df App[41318:b29780] [com.apple.BackBoard:EventDelivery] [BKSHIDEventObserver] 0x10261d6c0  setToken:com.apple.frontboard.systemappservices/FBSceneManager:sceneID%3Adev.mori.console-default
2026-09-21 22:22:01.417 Df App[41318:b29819] [com.apple.BackBoard:EventDelivery] will update observations for 0 observers
2026-09-21 22:22:01.417 Df App[41318:b29780] [com.apple.UIKit:KeyboardFocusAssistant] Event deferring policy changed: finalScene:N->N (token: com.apple.frontboard.systemappservices/FBSceneManager:sceneID%3Adev.mori.console-default)
2026-09-21 22:22:01.417 Df App[41318:b29780] [com.apple.UIKit:InterfaceStyle] Not push traits update to screen for new style 1, <UIWindowScene: 0x102610a00> (4963054B-F105-4821-8492-95EB9DAC4BD1)
2026-09-21 22:22:01.417 Df App[41318:b29780] [com.apple.UIKit:InterfaceStyle] Not push traits update to screen for new style 1, <UIWindowScene: 0x102610a00> (4963054B-F105-4821-8492-95EB9DAC4BD1)
2026-09-21 22:22:01.417 Df App[41318:b29780] [com.apple.UIKit:InterfaceStyle] Not push traits update to screen for new style 1, <UIWindowScene: 0x102610a00> (4963054B-F105-4821-8492-95EB9DAC4BD1)
2026-09-21 22:22:01.417 Df App[41318:b29780] [com.apple.UIKit:InterfaceStyle] Not push traits update to screen for new style 1, <UIWindowScene: 0x102610a00> (4963054B-F105-4821-8492-95EB9DAC4BD1)
2026-09-21 22:22:01.417 Df App[41318:b29780] [com.apple.UIKit:InterfaceStyle] Not push traits update to screen for new style 1, <UIWindowScene: 0x102610a00> (4963054B-F105-4821-8492-95EB9DAC4BD1)
2026-09-21 22:22:01.417 Df App[41318:b29780] [com.apple.UIKit:InterfaceStyle] Not push traits update to screen for new style 1, <UIWindowScene: 0x102610a00> (4963054B-F105-4821-8492-95EB9DAC4BD1)
2026-09-21 22:22:01.417 Df App[41318:b29780] [com.apple.UIKit:InterfaceStyle] Not push traits update to screen for new style 1, <UIWindowScene: 0x102610a00> (4963054B-F105-4821-8492-95EB9DAC4BD1)
2026-09-21 22:22:01.419 Df App[41318:b29780] [com.apple.UIKit:KeyboardScene] Requesting keyboard scene for (FBSceneManager):sceneID:dev.mori.console-default
2026-09-21 22:22:01.419 Df App[41318:b29780] [com.apple.xpc:connection] [0x10256fe80] activating connection: mach=false listener=false peer=false name=(anonymous)
2026-09-21 22:22:01.419 Df App[41318:b29780] [com.apple.FrontBoard:Common] FBSWorkspace registering source: com.apple.UIKit.KeyboardManagement.hosted
2026-09-21 22:22:01.419 Df App[41318:b29780] [com.apple.FrontBoard:Common] FBSWorkspace connected to endpoint : <BSServiceConnectionEndpoint: 0x1026d5b20; target: NL:com.apple.UIKit.KeyboardManagement.hosted; service: com.apple.frontboard.workspace-service>
2026-09-21 22:22:01.421 E  App[41318:b29780] (UIKitCore) failure in void _UIApplicationEvaluateRuntimeIssueForNoSceneLifecycleAdoption(void)_block_invoke (UIApplication_RuntimeIssues.m:106) : Application failed to launch: UIScene life cycle is required for apps built with this SDK. See "Transitioning to the UIKit scene-based life cycle" in the UIKit documentation for more information on migration.
getpwuid_r did not find a match for uid 501
