Already up to date
Done in 1s using pnpm v11.19.0
$ cd apps/mobile && cap sync
✔ Copying web assets from dist to android/app/src/main/assets/public in 6.11ms
✔ Creating capacitor.config.json in android/app/src/main/assets in 850.83μs
✔ copy android in 14.71ms
✔ Updating Android plugins in 904.88μs
[info] Found 1 Capacitor plugin for android:
       @capacitor/app@7.0.1
✔ update android in 26.02ms
✔ Copying web assets from dist to ios/App/App/public in 4.82ms
✔ Creating capacitor.config.json in ios/App/App in 458.92μs
✔ copy ios in 13.22ms
✔ Updating iOS plugins in 1.11ms
[info] Found 1 Capacitor plugin for ios:
       @capacitor/app@7.0.1
✔ update ios in 4.09ms
✔ copy web in 885.75μs
✔ update web in 2.33ms
[info] Sync finished in 0.771s
