Already up to date
Done in 147ms using pnpm v11.19.0
✔ Copying web assets from dist to android/app/src/main/assets/public in 3.42ms
✔ Creating capacitor.config.json in android/app/src/main/assets in 207.25μs
✔ copy android in 5.47ms
✔ Updating Android plugins in 179.75μs
[info] Found 1 Capacitor plugin for android:
       @capacitor/app@7.0.1
✔ update android in 7.50ms
✔ Copying web assets from dist to ios/App/App/public in 1.29ms
✔ Creating capacitor.config.json in ios/App/App in 86.83μs
✔ copy ios in 3.17ms
✔ Updating iOS plugins in 179.13μs
[warn] Skipping pod install because CocoaPods is not installed
✔ Updating iOS native dependencies with pod install in 616.08ms
[info] Found 1 Capacitor plugin for ios:
       @capacitor/app@7.0.1
✔ update ios in 631.53ms
✔ copy web in 465.38μs
✔ update web in 452.17μs
[info] Sync finished in 0.779s
