Already up to date
Done in 149ms using pnpm v11.19.0
$ cd apps/mobile && cap sync
✔ Copying web assets from dist to android/app/src/main/assets/public in 2.53ms
✔ Creating capacitor.config.json in android/app/src/main/assets in 205.38μs
✔ copy android in 4.93ms
✔ Updating Android plugins in 206.25μs
[info] Found 1 Capacitor plugin for android:
       @capacitor/app@7.0.1
✔ update android in 8.73ms
✔ Copying web assets from dist to ios/App/App/public in 1.17ms
✔ Creating capacitor.config.json in ios/App/App in 76.83μs
✔ copy ios in 3.60ms
✔ Updating iOS plugins in 144.88μs
[info] Found 1 Capacitor plugin for ios:
       @capacitor/app@7.0.1
✔ update ios in 919.63μs
✔ copy web in 337.88μs
✔ update web in 395.04μs
[info] Sync finished in 0.218s
