Progress: resolved 1, reused 0, downloaded 0, added 0

   ╭─────────────────────────────────────────╮
   │                                         │
   │   Update available! 11.19.0 → 12.5.1.   │
   │   Changelog: https://pnpm.io/v/12.5.1   │
   │    To update, run: pnpm add -g pnpm     │
   │                                         │
   ╰─────────────────────────────────────────╯

Progress: resolved 39, reused 3, downloaded 13, added 0
Progress: resolved 90, reused 33, downloaded 45, added 0
Progress: resolved 222, reused 76, downloaded 87, added 0
[WARN] 1 deprecated subdependencies found: tar@6.2.1
Packages: +187
++++++++++++++++++++++++++++++++++++++++++++++++++++++++++++++++++++++++++++++++
Packages are cloned from the content-addressable store to the virtual store.
  Content-addressable store is at: /Users/dean/Library/pnpm/store/v11
  Virtual store is at:             node_modules/.pnpm
Progress: resolved 237, reused 89, downloaded 98, added 187, done

dependencies:
+ @capacitor/app 7.0.1 (8.1.1 is available)
+ @capacitor/core 7.2.0 (8.5.2 is available)
+ vue 3.5.13 (3.5.42 is available)

devDependencies:
+ @capacitor/android 7.2.0 (8.5.2 is available)
+ @capacitor/cli 7.2.0 (8.5.2 is available)
+ @capacitor/ios 7.2.0 (8.5.2 is available)
+ @playwright/test 1.52.0 (1.63.0 is available)
+ @types/node 22.15.18 (22.20.2 is available)
+ @vitejs/plugin-vue 5.2.4 (6.0.8 is available)
+ prettier 3.5.3 (3.9.6 is available)
+ typescript 5.8.3 (7.0.2 is available)
+ vite 6.3.5 (8.3.0 is available)
+ vitest 3.1.3 (5.0.0 is available)
+ vue-tsc 2.2.10 (3.3.11 is available)

[ERR_PNPM_IGNORED_BUILDS] Ignored build scripts: esbuild@0.25.12

Run "pnpm approve-builds" to pick which dependencies should be allowed to run scripts.
