Already up to date
Done in 155ms using pnpm v11.19.0
Downloading Chromium 136.0.7103.25 (playwright build v1169)[2m from https://cdn.playwright.dev/dbazure/download/playwright/builds/chromium/1169/chromium-mac-arm64.zip[22m
|                                                                                |   0% of 125.8 MiB
|■■■■■■■■                                                                        |  10% of 125.8 MiB
|■■■■■■■■■■■■■■■■                                                                |  20% of 125.8 MiB
|■■■■■■■■■■■■■■■■■■■■■■■■                                                        |  30% of 125.8 MiB
|■■■■■■■■■■■■■■■■■■■■■■■■■■■■■■■■                                                |  40% of 125.8 MiB
|■■■■■■■■■■■■■■■■■■■■■■■■■■■■■■■■■■■■■■■■                                        |  50% of 125.8 MiB
|■■■■■■■■■■■■■■■■■■■■■■■■■■■■■■■■■■■■■■■■■■■■■■■■                                |  60% of 125.8 MiB
|■■■■■■■■■■■■■■■■■■■■■■■■■■■■■■■■■■■■■■■■■■■■■■■■■■■■■■■■                        |  70% of 125.8 MiB
|■■■■■■■■■■■■■■■■■■■■■■■■■■■■■■■■■■■■■■■■■■■■■■■■■■■■■■■■■■■■■■■■                |  80% of 125.8 MiB
|■■■■■■■■■■■■■■■■■■■■■■■■■■■■■■■■■■■■■■■■■■■■■■■■■■■■■■■■■■■■■■■■■■■■■■■■        |  90% of 125.8 MiB
|■■■■■■■■■■■■■■■■■■■■■■■■■■■■■■■■■■■■■■■■■■■■■■■■■■■■■■■■■■■■■■■■■■■■■■■■■■■■■■■■| 100% of 125.8 MiB
Chromium 136.0.7103.25 (playwright build v1169) downloaded to /Users/dean/Library/Caches/ms-playwright/chromium-1169
Downloading Chromium Headless Shell 136.0.7103.25 (playwright build v1169)[2m from https://cdn.playwright.dev/dbazure/download/playwright/builds/chromium/1169/chromium-headless-shell-mac-arm64.zip[22m
|                                                                                |   0% of 79.8 MiB
|■■■■■■■■                                                                        |  10% of 79.8 MiB
|■■■■■■■■■■■■■■■■                                                                |  20% of 79.8 MiB
|■■■■■■■■■■■■■■■■■■■■■■■■                                                        |  30% of 79.8 MiB
|■■■■■■■■■■■■■■■■■■■■■■■■■■■■■■■■                                                |  40% of 79.8 MiB
|■■■■■■■■■■■■■■■■■■■■■■■■■■■■■■■■■■■■■■■■                                        |  50% of 79.8 MiB
|■■■■■■■■■■■■■■■■■■■■■■■■■■■■■■■■■■■■■■■■■■■■■■■■                                |  60% of 79.8 MiB
|■■■■■■■■■■■■■■■■■■■■■■■■■■■■■■■■■■■■■■■■■■■■■■■■■■■■■■■■                        |  70% of 79.8 MiB
|■■■■■■■■■■■■■■■■■■■■■■■■■■■■■■■■■■■■■■■■■■■■■■■■■■■■■■■■■■■■■■■■                |  80% of 79.8 MiB
|■■■■■■■■■■■■■■■■■■■■■■■■■■■■■■■■■■■■■■■■■■■■■■■■■■■■■■■■■■■■■■■■■■■■■■■■        |  90% of 79.8 MiB
|■■■■■■■■■■■■■■■■■■■■■■■■■■■■■■■■■■■■■■■■■■■■■■■■■■■■■■■■■■■■■■■■■■■■■■■■■■■■■■■■| 100% of 79.8 MiB
Chromium Headless Shell 136.0.7103.25 (playwright build v1169) downloaded to /Users/dean/Library/Caches/ms-playwright/chromium_headless_shell-1169
