Collecting fastapi==0.115.12
  Downloading fastapi-0.115.12-py3-none-any.whl.metadata (27 kB)
Collecting uvicorn==0.34.2 (from uvicorn[standard]==0.34.2)
  Downloading uvicorn-0.34.2-py3-none-any.whl.metadata (6.5 kB)
Collecting httpx==0.28.1
  Using cached httpx-0.28.1-py3-none-any.whl.metadata (7.1 kB)
Collecting pytest==8.3.5
  Downloading pytest-8.3.5-py3-none-any.whl.metadata (7.6 kB)
Collecting numpy==2.2.5
  Downloading numpy-2.2.5-cp312-cp312-macosx_14_0_arm64.whl.metadata (62 kB)
Collecting opencv-python-headless==4.11.0.86
  Downloading opencv_python_headless-4.11.0.86-cp37-abi3-macosx_13_0_arm64.whl.metadata (20 kB)
Collecting tencentcloud-sdk-python==3.0.1435
  Downloading tencentcloud_sdk_python-3.0.1435-py2.py3-none-any.whl.metadata (1.6 kB)
Collecting starlette<0.47.0,>=0.40.0 (from fastapi==0.115.12)
  Downloading starlette-0.46.2-py3-none-any.whl.metadata (6.2 kB)
Collecting pydantic!=1.8,!=1.8.1,!=2.0.0,!=2.0.1,!=2.1.0,<3.0.0,>=1.7.4 (from fastapi==0.115.12)
  Using cached pydantic-2.13.5-py3-none-any.whl.metadata (110 kB)
Collecting typing-extensions>=4.8.0 (from fastapi==0.115.12)
  Using cached typing_extensions-4.16.0-py3-none-any.whl.metadata (3.3 kB)
Collecting click>=7.0 (from uvicorn==0.34.2->uvicorn[standard]==0.34.2)
  Using cached click-8.5.0-py3-none-any.whl.metadata (2.6 kB)
Collecting h11>=0.8 (from uvicorn==0.34.2->uvicorn[standard]==0.34.2)
  Using cached h11-0.16.0-py3-none-any.whl.metadata (8.3 kB)
Collecting anyio (from httpx==0.28.1)
  Using cached anyio-4.15.1-py3-none-any.whl.metadata (4.7 kB)
Collecting certifi (from httpx==0.28.1)
  Using cached certifi-2026.7.22-py3-none-any.whl.metadata (2.5 kB)
Collecting httpcore==1.* (from httpx==0.28.1)
  Using cached httpcore-1.0.9-py3-none-any.whl.metadata (21 kB)
Collecting idna (from httpx==0.28.1)
  Downloading idna-3.20-py3-none-any.whl.metadata (7.2 kB)
Collecting iniconfig (from pytest==8.3.5)
  Using cached iniconfig-2.3.0-py3-none-any.whl.metadata (2.5 kB)
Collecting packaging (from pytest==8.3.5)
  Using cached packaging-26.3-py3-none-any.whl.metadata (3.5 kB)
Collecting pluggy<2,>=1.5 (from pytest==8.3.5)
  Using cached pluggy-1.6.0-py3-none-any.whl.metadata (4.8 kB)
Collecting requests>=2.16.0 (from tencentcloud-sdk-python==3.0.1435)
  Using cached requests-2.34.2-py3-none-any.whl.metadata (4.8 kB)
Collecting httptools>=0.6.3 (from uvicorn[standard]==0.34.2)
  Using cached httptools-0.8.0-cp312-cp312-macosx_11_0_arm64.whl.metadata (3.5 kB)
Collecting python-dotenv>=0.13 (from uvicorn[standard]==0.34.2)
  Using cached python_dotenv-1.2.3-py3-none-any.whl.metadata (29 kB)
Collecting pyyaml>=5.1 (from uvicorn[standard]==0.34.2)
  Using cached pyyaml-6.0.3-cp312-cp312-macosx_11_0_arm64.whl.metadata (2.4 kB)
Collecting uvloop!=0.15.0,!=0.15.1,>=0.14.0 (from uvicorn[standard]==0.34.2)
  Using cached uvloop-0.22.1-cp312-cp312-macosx_10_13_universal2.whl.metadata (4.9 kB)
Collecting watchfiles>=0.13 (from uvicorn[standard]==0.34.2)
  Downloading watchfiles-1.3.0-cp310-abi3-macosx_11_0_arm64.whl.metadata (4.9 kB)
Collecting websockets>=10.4 (from uvicorn[standard]==0.34.2)
  Using cached websockets-17.1-cp312-cp312-macosx_11_0_arm64.whl.metadata (6.3 kB)
Collecting annotated-types>=0.6.0 (from pydantic!=1.8,!=1.8.1,!=2.0.0,!=2.0.1,!=2.1.0,<3.0.0,>=1.7.4->fastapi==0.115.12)
  Using cached annotated_types-0.8.0-py3-none-any.whl.metadata (15 kB)
Collecting pydantic-core==2.46.5 (from pydantic!=1.8,!=1.8.1,!=2.0.0,!=2.0.1,!=2.1.0,<3.0.0,>=1.7.4->fastapi==0.115.12)
  Using cached pydantic_core-2.46.5-cp312-cp312-macosx_11_0_arm64.whl.metadata (6.6 kB)
Collecting typing-inspection>=0.4.2 (from pydantic!=1.8,!=1.8.1,!=2.0.0,!=2.0.1,!=2.1.0,<3.0.0,>=1.7.4->fastapi==0.115.12)
  Using cached typing_inspection-0.4.4-py3-none-any.whl.metadata (2.6 kB)
Collecting charset_normalizer<4,>=2 (from requests>=2.16.0->tencentcloud-sdk-python==3.0.1435)
  Using cached charset_normalizer-3.5.1-cp312-cp312-macosx_10_13_universal2.whl.metadata (45 kB)
Collecting urllib3<3,>=1.26 (from requests>=2.16.0->tencentcloud-sdk-python==3.0.1435)
  Downloading urllib3-2.8.0-py3-none-any.whl.metadata (7.4 kB)
Downloading fastapi-0.115.12-py3-none-any.whl (95 kB)
Downloading uvicorn-0.34.2-py3-none-any.whl (62 kB)
Using cached httpx-0.28.1-py3-none-any.whl (73 kB)
Downloading pytest-8.3.5-py3-none-any.whl (343 kB)
Downloading numpy-2.2.5-cp312-cp312-macosx_14_0_arm64.whl (5.2 MB)
   ━━━━━━━━━━━━━━━━━━━━━━━━━━━━━━━━━━━━━━━━ 5.2/5.2 MB 12.5 MB/s eta 0:00:00
Downloading opencv_python_headless-4.11.0.86-cp37-abi3-macosx_13_0_arm64.whl (37.3 MB)
   ━━━━━━━━━━━━━━━━━━━━━━━━━━━━━━━━━━━━━━━━ 37.3/37.3 MB 56.4 MB/s eta 0:00:00
Downloading tencentcloud_sdk_python-3.0.1435-py2.py3-none-any.whl (12.5 MB)
   ━━━━━━━━━━━━━━━━━━━━━━━━━━━━━━━━━━━━━━━━ 12.5/12.5 MB 23.0 MB/s eta 0:00:00
Using cached httpcore-1.0.9-py3-none-any.whl (78 kB)
Using cached click-8.5.0-py3-none-any.whl (125 kB)
Using cached h11-0.16.0-py3-none-any.whl (37 kB)
Using cached httptools-0.8.0-cp312-cp312-macosx_11_0_arm64.whl (113 kB)
Using cached pluggy-1.6.0-py3-none-any.whl (20 kB)
Using cached pydantic-2.13.5-py3-none-any.whl (472 kB)
Using cached pydantic_core-2.46.5-cp312-cp312-macosx_11_0_arm64.whl (1.9 MB)
Using cached python_dotenv-1.2.3-py3-none-any.whl (22 kB)
Using cached pyyaml-6.0.3-cp312-cp312-macosx_11_0_arm64.whl (173 kB)
Using cached requests-2.34.2-py3-none-any.whl (73 kB)
Using cached certifi-2026.7.22-py3-none-any.whl (136 kB)
Downloading idna-3.20-py3-none-any.whl (69 kB)
Downloading starlette-0.46.2-py3-none-any.whl (72 kB)
Using cached anyio-4.15.1-py3-none-any.whl (132 kB)
Using cached typing_extensions-4.16.0-py3-none-any.whl (45 kB)
Using cached uvloop-0.22.1-cp312-cp312-macosx_10_13_universal2.whl (1.4 MB)
Downloading watchfiles-1.3.0-cp310-abi3-macosx_11_0_arm64.whl (397 kB)
Using cached websockets-17.1-cp312-cp312-macosx_11_0_arm64.whl (214 kB)
Using cached iniconfig-2.3.0-py3-none-any.whl (7.5 kB)
Using cached packaging-26.3-py3-none-any.whl (129 kB)
Using cached annotated_types-0.8.0-py3-none-any.whl (13 kB)
Using cached charset_normalizer-3.5.1-cp312-cp312-macosx_10_13_universal2.whl (344 kB)
Using cached typing_inspection-0.4.4-py3-none-any.whl (14 kB)
Downloading urllib3-2.8.0-py3-none-any.whl (135 kB)
Installing collected packages: websockets, uvloop, urllib3, typing-extensions, pyyaml, python-dotenv, pluggy, packaging, numpy, iniconfig, idna, httptools, h11, click, charset_normalizer, certifi, annotated-types, uvicorn, typing-inspection, requests, pytest, pydantic-core, opencv-python-headless, httpcore, anyio, watchfiles, tencentcloud-sdk-python, starlette, pydantic, httpx, fastapi
Successfully installed annotated-types-0.8.0 anyio-4.15.1 certifi-2026.7.22 charset_normalizer-3.5.1 click-8.5.0 fastapi-0.115.12 h11-0.16.0 httpcore-1.0.9 httptools-0.8.0 httpx-0.28.1 idna-3.20 iniconfig-2.3.0 numpy-2.2.5 opencv-python-headless-4.11.0.86 packaging-26.3 pluggy-1.6.0 pydantic-2.13.5 pydantic-core-2.46.5 pytest-8.3.5 python-dotenv-1.2.3 pyyaml-6.0.3 requests-2.34.2 starlette-0.46.2 tencentcloud-sdk-python-3.0.1435 typing-extensions-4.16.0 typing-inspection-0.4.4 urllib3-2.8.0 uvicorn-0.34.2 uvloop-0.22.1 watchfiles-1.3.0 websockets-17.1

[notice] A new release of pip is available: 25.0.1 -> 26.2.1
[notice] To update, run: /Users/dean/Documents/MORI/.venv/bin/python -m pip install --upgrade pip
