PASS AGENTS.md
PASS params.json
PASS reports/derived.json
PASS hardware/dimensions/MORI_硬件尺寸要求.md
PASS extracted baseline member firmware/CMakeLists.txt
PASS extracted baseline member firmware/components/mori_core/CMakeLists.txt
PASS extracted baseline member firmware/components/mori_core/include/mori_core.h
PASS extracted baseline member firmware/components/mori_core/mori_core.c
PASS extracted baseline member firmware/dependencies.lock
PASS extracted baseline member firmware/main/CMakeLists.txt
PASS extracted baseline member firmware/main/Kconfig.projbuild
PASS extracted baseline member firmware/main/board.h
PASS extracted baseline member firmware/main/display.c
PASS extracted baseline member firmware/main/encoders.c
PASS extracted baseline member firmware/main/idf_component.yml
PASS extracted baseline member firmware/main/main.c
PASS extracted baseline member firmware/main/motor.c
PASS extracted baseline member firmware/main/peripherals.h
PASS extracted baseline member firmware/main/sensors.c
PASS extracted baseline member firmware/sdkconfig
PASS extracted baseline member firmware/sdkconfig.defaults
PASS extracted baseline member pinmap.csv
PASS extracted baseline member tests/run_host_tests.sh
PASS extracted baseline member tests/test_core.c
PASS extracted baseline member wiring.csv
PASS dependencies.lock unchanged
PASS pinmap unchanged
PASS wiring unchanged
PASS GPIO BATTERY
PASS GPIO NTC_L
PASS GPIO NTC_R
PASS GPIO AIN1
PASS GPIO AIN2
PASS GPIO BIN1
PASS GPIO BIN2
PASS GPIO ENC_LA
PASS GPIO ENC_LB
PASS GPIO ENC_RA
PASS GPIO ENC_RB
PASS GPIO LCD_MOSI
PASS GPIO LCD_CLK
PASS GPIO LCD_CS
PASS GPIO IMU_INT
PASS GPIO SDA
PASS GPIO SCL
PASS GPIO ARM
PASS GPIO LCD_DC
PASS GPIO LCD_RST
PASS GPIO HEAD
PASS GPIO HEARTBEAT
PASS GPIO FAULT
PASS GPIO ESTOP
PASS MORI_POWER_STAGE_VERIFIED default off
PASS MORI_POWER_STAGE_VERIFIED Kconfig default n
PASS MORI_ENABLE_BALANCE default off
PASS MORI_ENABLE_BALANCE Kconfig default n
PASS MORI_HEAD_VERIFIED default off
PASS MORI_HEAD_VERIFIED Kconfig default n
PASS MORI_AXES_VERIFIED default off
PASS MORI_AXES_VERIFIED Kconfig default n
PASS MORI_POWER_STAGE_VERIFIED default binary gate off
PASS MORI_ENABLE_BALANCE default binary gate off
PASS MORI_HEAD_VERIFIED default binary gate off
PASS MORI_AXES_VERIFIED default binary gate off
PASS source hash .gitignore
PASS source hash README.md
PASS source hash config/hardware_test_record.template.json
PASS source hash config/mount_measurements.template.json
PASS source hash docs/debug_manual.md
PASS source hash docs/direction_checks.md
PASS source hash docs/protocol.md
PASS source hash docs/realtime.md
PASS source hash firmware_work/firmware/CMakeLists.txt
PASS source hash firmware_work/firmware/components/mori_core/CMakeLists.txt
PASS source hash firmware_work/firmware/components/mori_core/include/mori_core.h
PASS source hash firmware_work/firmware/components/mori_core/include/mori_io.h
PASS source hash firmware_work/firmware/components/mori_core/include/mori_protocol.h
PASS source hash firmware_work/firmware/components/mori_core/include/mori_runtime.h
PASS source hash firmware_work/firmware/components/mori_core/include/mori_telemetry.h
PASS source hash firmware_work/firmware/components/mori_core/include/mori_ui.h
PASS source hash firmware_work/firmware/components/mori_core/mori_core.c
PASS source hash firmware_work/firmware/components/mori_core/mori_io.c
PASS source hash firmware_work/firmware/components/mori_core/mori_protocol.c
PASS source hash firmware_work/firmware/components/mori_core/mori_runtime.c
PASS source hash firmware_work/firmware/components/mori_core/mori_telemetry.c
PASS source hash firmware_work/firmware/components/mori_core/mori_ui.c
PASS source hash firmware_work/firmware/dependencies.lock
PASS source hash firmware_work/firmware/main/CMakeLists.txt
PASS source hash firmware_work/firmware/main/Kconfig.projbuild
PASS source hash firmware_work/firmware/main/board.h
PASS source hash firmware_work/firmware/main/display.c
PASS source hash firmware_work/firmware/main/encoders.c
PASS source hash firmware_work/firmware/main/idf_component.yml
PASS source hash firmware_work/firmware/main/main.c
PASS source hash firmware_work/firmware/main/motor.c
PASS source hash firmware_work/firmware/main/mount_config.h
PASS source hash firmware_work/firmware/main/peripherals.h
PASS source hash firmware_work/firmware/main/sensors.c
PASS source hash firmware_work/firmware/sdkconfig
PASS source hash firmware_work/firmware/sdkconfig.defaults
PASS source hash firmware_work/pinmap.csv
PASS source hash firmware_work/tests/run_host_tests.sh
PASS source hash firmware_work/tests/test_core.c
PASS source hash firmware_work/wiring.csv
PASS source hash interface_change_requests.md
PASS source hash reference_sources/HW-SW-0.2_main.c
PASS source hash reference_sources/HW-SW-0.3_baseline_manifest.json
PASS source hash reference_sources/HW-SW-0.3_firmware_baseline.zip
PASS source hash reference_sources/HW-SW-0.4_CHANGELOG.md
PASS source hash reference_sources/HW-SW-0.4_baseline_manifest.json
PASS source hash reference_sources/HW-SW-0.4_firmware_baseline.zip
PASS source hash reference_sources/HW-SW-0.4_并行软件更新提示.md
PASS source hash scripts/build_simulator.sh
PASS source hash scripts/build_variants.sh
PASS source hash scripts/fingerprint.py
PASS source hash scripts/idf_build.sh
PASS source hash scripts/run_recorded.py
PASS source hash scripts/simulation_demo.sh
PASS source hash scripts/test_host.sh
PASS source hash scripts/verify_delivery.py
PASS source hash tests/idf_stubs/driver/gpio.h
PASS source hash tests/idf_stubs/driver/ledc.h
PASS source hash tests/idf_stubs/esp_err.h
PASS source hash tests/idf_stubs/esp_timer.h
PASS source hash tests/idf_stubs/sdkconfig.h
PASS source hash tests/sim_hal.c
PASS source hash tests/sim_hal.h
PASS source hash tests/test_baseline_interface.py
PASS source hash tests/test_baseline_regressions.c
PASS source hash tests/test_direction.py
PASS source hash tests/test_engine.c
PASS source hash tests/test_motor_adapter.c
PASS source hash tests/test_tools.py
PASS source hash tools/SIMULATED_device.c
PASS source hash tools/SIMULATED_face.c
PASS source hash tools/check_control_signs.py
PASS source hash tools/check_mount.py
PASS source hash tools/mori_cli.py
138/138 checks; physical NOT_TESTED
FAIL current upstream compatibility: HW-SW-0.4; production commissioning requires --require-current-handoff
