00:00.364  blend            | Read blend: "/Users/dean/Documents/MORI/mechanical/mori_v1_2.blend"
00:01.082  render           | Saved: '/Users/dean/Documents/MORI/mechanical/renders/parts/Body_IMU.png'
PART_PREVIEW 1 22 MORI_V1__Body_IMU
00:01.483  render           | Saved: '/Users/dean/Documents/MORI/mechanical/renders/parts/Body_Upper.png'
PART_PREVIEW 2 22 MORI_V1__Body_Upper
00:01.920  render           | Saved: '/Users/dean/Documents/MORI/mechanical/renders/parts/Head_Buck.png'
PART_PREVIEW 3 22 MORI_V1__Head_Buck
00:02.284  render           | Saved: '/Users/dean/Documents/MORI/mechanical/renders/parts/Head_Buck_Insert_0.png'
PART_PREVIEW 4 22 MORI_V1__Head_Buck_Insert_0
00:02.680  render           | Saved: '/Users/dean/Documents/MORI/mechanical/renders/parts/Head_Buck_Insert_1.png'
PART_PREVIEW 5 22 MORI_V1__Head_Buck_Insert_1
00:03.053  render           | Saved: '/Users/dean/Documents/MORI/mechanical/renders/parts/Head_Buck_Screw_0.png'
PART_PREVIEW 6 22 MORI_V1__Head_Buck_Screw_0
00:03.475  render           | Saved: '/Users/dean/Documents/MORI/mechanical/renders/parts/Head_Buck_Screw_1.png'
PART_PREVIEW 7 22 MORI_V1__Head_Buck_Screw_1
00:03.988  render           | Saved: '/Users/dean/Documents/MORI/mechanical/renders/parts/Load_Frame.png'
PART_PREVIEW 8 22 MORI_V1__Load_Frame
00:04.459  render           | Saved: '/Users/dean/Documents/MORI/mechanical/renders/parts/MCU_Carrier.png'
PART_PREVIEW 9 22 MORI_V1__MCU_Carrier
00:05.036  render           | Saved: '/Users/dean/Documents/MORI/mechanical/renders/parts/Power_Module.png'
PART_PREVIEW 10 22 MORI_V1__Power_Module
00:05.443  render           | Saved: '/Users/dean/Documents/MORI/mechanical/renders/parts/Power_Switch.png'
PART_PREVIEW 11 22 MORI_V1__Power_Switch
00:05.785  render           | Saved: '/Users/dean/Documents/MORI/mechanical/renders/parts/Rear_Interface_Insert_0.png'
PART_PREVIEW 12 22 MORI_V1__Rear_Interface_Insert_0
00:06.113  render           | Saved: '/Users/dean/Documents/MORI/mechanical/renders/parts/Rear_Interface_Insert_1.png'
PART_PREVIEW 13 22 MORI_V1__Rear_Interface_Insert_1
00:06.494  render           | Saved: '/Users/dean/Documents/MORI/mechanical/renders/parts/Rear_Interface_PCB.png'
PART_PREVIEW 14 22 MORI_V1__Rear_Interface_PCB
00:06.845  render           | Saved: '/Users/dean/Documents/MORI/mechanical/renders/parts/Rear_Interface_Screw_0.png'
PART_PREVIEW 15 22 MORI_V1__Rear_Interface_Screw_0
00:07.197  render           | Saved: '/Users/dean/Documents/MORI/mechanical/renders/parts/Rear_Interface_Screw_1.png'
PART_PREVIEW 16 22 MORI_V1__Rear_Interface_Screw_1
00:07.596  render           | Saved: '/Users/dean/Documents/MORI/mechanical/renders/parts/USB_Receptacle.png'
PART_PREVIEW 17 22 MORI_V1__USB_Receptacle
00:07.998  render           | Saved: '/Users/dean/Documents/MORI/mechanical/renders/parts/Wheel_Buck.png'
PART_PREVIEW 18 22 MORI_V1__Wheel_Buck
00:08.340  render           | Saved: '/Users/dean/Documents/MORI/mechanical/renders/parts/Wheel_Buck_Insert_1.png'
PART_PREVIEW 19 22 MORI_V1__Wheel_Buck_Insert_1
00:08.659  render           | Saved: '/Users/dean/Documents/MORI/mechanical/renders/parts/Wheel_Buck_Insert_2.png'
PART_PREVIEW 20 22 MORI_V1__Wheel_Buck_Insert_2
00:08.983  render           | Saved: '/Users/dean/Documents/MORI/mechanical/renders/parts/Wheel_Buck_Screw_1.png'
PART_PREVIEW 21 22 MORI_V1__Wheel_Buck_Screw_1
00:09.294  render           | Saved: '/Users/dean/Documents/MORI/mechanical/renders/parts/Wheel_Buck_Screw_2.png'
PART_PREVIEW 22 22 MORI_V1__Wheel_Buck_Screw_2
CATALOG_COMPLETE
Blender 5.2.1 LTS (hash 9e2066aef7ef built 2026-08-25 01:35:57)

Blender quit
