{
  "status": "PASS",
  "checks": {
    "six_wire_ids": true,
    "six_single_connected_solids": true,
    "complete_15_unique_pairs": true,
    "pair_reports_no_overlap": true,
    "reported_130_poses_no_overlap": true,
    "joint_hash_matches": true,
    "candidate_hash_matches": true,
    "model_hash_matches": true,
    "mechanical_input_hashes_match": true,
    "formal_native_boards_match": true,
    "all_16_formal_files_unchanged": true,
    "wire_source_hashes_match": true,
    "cut_lengths_not_released": true,
    "geometry_change_false": true,
    "three_expected_hardware_harness_ids": true
  },
  "min_gap_mm": 0.5827284289712241
}
