COMPLETION build START
COMPLETION build 0
COMPLETION check_rebuild START
COMPLETION check_rebuild 0
COMPLETION validate START
COMPLETION validate 0
COMPLETION render START
COMPLETION export START
COMPLETION completion_views START
COMPLETION catalog START
COMPLETION export 0
COMPLETION catalog 0
COMPLETION completion_views 0
COMPLETION render 0
COMPLETION export_electronics_detail START
COMPLETION structure_metadata START
COMPLETION structure_metadata 0
COMPLETION export_electronics_detail 0
COMPLETION delivery_check START
COMPLETION electronics_detail_check START
COMPLETION waveshare_bench_check START
COMPLETION electronics_detail_check 0
COMPLETION delivery_check 1
COMPLETION waveshare_bench_check 0
Failed stage; inspect recorded log
