00:00.427  blend            | Read blend: "/Users/dean/Documents/MORI/mechanical/mori_v1_2.blend"
LIFT2_BOARD_INTERVAL 2.0 2.0029296875 PASS 0.1
LIFT2_BOARD_INTERVAL 2.0029296875 2.005859375 PASS 0.2
LIFT2_BOARD_INTERVAL 2.005859375 2.0087890625 PASS 0.2
LIFT2_BOARD_INTERVAL 2.0087890625 2.01171875 PASS 0.2
LIFT2_BOARD_INTERVAL 2.01171875 2.0146484375 PASS 0.3
LIFT2_BOARD_INTERVAL 2.0146484375 2.017578125 PASS 0.3
LIFT2_BOARD_INTERVAL 2.017578125 2.0205078125 PASS 0.4
LIFT2_BOARD_INTERVAL 2.0205078125 2.0234375 PASS 0.4
LIFT2_BOARD_INTERVAL 2.0234375 2.0263671875 PASS 0.4
LIFT2_BOARD_INTERVAL 2.0263671875 2.029296875 PASS 0.5
LIFT2_BOARD_INTERVAL 2.029296875 2.0322265625 PASS 0.5
LIFT2_BOARD_INTERVAL 2.0322265625 2.03515625 PASS 0.5
LIFT2_BOARD_INTERVAL 2.03515625 2.0380859375 PASS 0.6
LIFT2_BOARD_INTERVAL 2.0380859375 2.041015625 PASS 0.6
LIFT2_BOARD_INTERVAL 2.041015625 2.0439453125 PASS 0.7
LIFT2_BOARD_INTERVAL 2.0439453125 2.046875 PASS 0.7
LIFT2_BOARD_INTERVAL 2.046875 2.0498046875 PASS 0.7
LIFT2_BOARD_INTERVAL 2.0498046875 2.052734375 PASS 0.8
LIFT2_BOARD_INTERVAL 2.052734375 2.0556640625 PASS 0.8
LIFT2_BOARD_INTERVAL 2.0556640625 2.05859375 PASS 0.9
LIFT2_BOARD_INTERVAL 2.05859375 2.0615234375 PASS 0.9
LIFT2_BOARD_INTERVAL 2.0615234375 2.064453125 PASS 0.9
LIFT2_BOARD_INTERVAL 2.064453125 2.0673828125 PASS 1.0
LIFT2_BOARD_INTERVAL 2.0673828125 2.0703125 PASS 1.0
LIFT2_BOARD_INTERVAL 2.0703125 2.0732421875 PASS 1.1
LIFT2_BOARD_INTERVAL 2.0732421875 2.076171875 PASS 1.1
LIFT2_BOARD_INTERVAL 2.076171875 2.0791015625 PASS 1.1
LIFT2_BOARD_INTERVAL 2.0791015625 2.08203125 PASS 1.2
LIFT2_BOARD_INTERVAL 2.08203125 2.0849609375 PASS 1.2
LIFT2_BOARD_INTERVAL 2.0849609375 2.087890625 PASS 1.2
LIFT2_BOARD_INTERVAL 2.087890625 2.0908203125 PASS 1.3
LIFT2_BOARD_INTERVAL 2.0908203125 2.09375 PASS 1.5
LIFT2_BOARD_INTERVAL 2.09375 2.0966796875 PASS 1.6
LIFT2_BOARD_INTERVAL 2.0966796875 2.099609375 PASS 1.6
LIFT2_BOARD_INTERVAL 2.099609375 2.1025390625 PASS 1.7
LIFT2_BOARD_INTERVAL 2.1025390625 2.10546875 PASS 1.7
LIFT2_BOARD_INTERVAL 2.10546875 2.1083984375 PASS 1.8
LIFT2_BOARD_INTERVAL 2.1083984375 2.111328125 PASS 1.8
LIFT2_BOARD_INTERVAL 2.111328125 2.1142578125 PASS 1.8
LIFT2_BOARD_INTERVAL 2.1142578125 2.1171875 PASS 1.9
LIFT2_BOARD_INTERVAL 2.1171875 2.1201171875 PASS 1.9
LIFT2_BOARD_INTERVAL 2.1201171875 2.123046875 PASS 2.0
LIFT2_BOARD_INTERVAL 2.123046875 2.1259765625 PASS 2.0
LIFT2_BOARD_INTERVAL 2.1259765625 2.12890625 PASS 2.0
LIFT2_BOARD_INTERVAL 2.12890625 2.1318359375 PASS 2.1
LIFT2_BOARD_INTERVAL 2.1318359375 2.134765625 PASS 2.1
LIFT2_BOARD_INTERVAL 2.134765625 2.1376953125 PASS 2.1
LIFT2_BOARD_INTERVAL 2.1376953125 2.140625 PASS 2.2
LIFT2_BOARD_INTERVAL 2.140625 2.1435546875 PASS 2.2
LIFT2_BOARD_INTERVAL 2.1435546875 2.146484375 PASS 2.3
LIFT2_BOARD_INTERVAL 2.146484375 2.1494140625 PASS 2.3
LIFT2_BOARD_INTERVAL 2.1494140625 2.15234375 PASS 2.3
LIFT2_BOARD_INTERVAL 2.15234375 2.1552734375 PASS 2.4
LIFT2_BOARD_INTERVAL 2.1552734375 2.158203125 PASS 2.4
LIFT2_BOARD_INTERVAL 2.158203125 2.1611328125 PASS 2.4
LIFT2_BOARD_INTERVAL 2.1611328125 2.1640625 PASS 2.5
LIFT2_BOARD_INTERVAL 2.1640625 2.1669921875 PASS 2.5
LIFT2_BOARD_INTERVAL 2.1669921875 2.169921875 PASS 2.6
LIFT2_BOARD_INTERVAL 2.169921875 2.1728515625 PASS 2.6
LIFT2_BOARD_INTERVAL 2.1728515625 2.17578125 PASS 2.6
LIFT2_BOARD_INTERVAL 2.17578125 2.1787109375 PASS 2.7
LIFT2_BOARD_INTERVAL 2.1787109375 2.181640625 PASS 2.7
LIFT2_BOARD_INTERVAL 2.181640625 2.1845703125 PASS 2.8
LIFT2_BOARD_INTERVAL 2.1845703125 2.1875 PASS 2.8
LIFT2_BOARD_INTERVAL 2.1875 2.1904296875 PASS 2.9
LIFT2_BOARD_INTERVAL 2.1904296875 2.193359375 PASS 2.9
LIFT2_BOARD_INTERVAL 2.193359375 2.1962890625 PASS 2.9
LIFT2_BOARD_INTERVAL 2.1962890625 2.19921875 PASS 3.0
LIFT2_BOARD_INTERVAL 2.19921875 2.2021484375 PASS 3.0
LIFT2_BOARD_INTERVAL 2.2021484375 2.205078125 PASS 3.1
LIFT2_BOARD_INTERVAL 2.205078125 2.2080078125 PASS 3.1
LIFT2_BOARD_INTERVAL 2.2080078125 2.2109375 PASS 3.1
LIFT2_BOARD_INTERVAL 2.2109375 2.2138671875 PASS 3.2
LIFT2_BOARD_INTERVAL 2.2138671875 2.216796875 PASS 3.2
LIFT2_BOARD_INTERVAL 2.216796875 2.2197265625 PASS 3.2
LIFT2_BOARD_INTERVAL 2.2197265625 2.22265625 PASS 3.3
LIFT2_BOARD_INTERVAL 2.22265625 2.2255859375 PASS 3.3
LIFT2_BOARD_INTERVAL 2.2255859375 2.228515625 PASS 3.4
LIFT2_BOARD_INTERVAL 2.228515625 2.2314453125 PASS 3.4
LIFT2_BOARD_INTERVAL 2.2314453125 2.234375 PASS 3.4
LIFT2_BOARD_INTERVAL 2.234375 2.2373046875 PASS 3.5
LIFT2_BOARD_INTERVAL 2.2373046875 2.240234375 PASS 3.5
LIFT2_BOARD_INTERVAL 2.240234375 2.2431640625 PASS 3.6
LIFT2_BOARD_INTERVAL 2.2431640625 2.24609375 PASS 3.6
LIFT2_BOARD_INTERVAL 2.24609375 2.2490234375 PASS 3.6
LIFT2_BOARD_INTERVAL 2.2490234375 2.251953125 PASS 3.7
LIFT2_BOARD_INTERVAL 2.251953125 2.2548828125 PASS 3.7
LIFT2_BOARD_INTERVAL 2.2548828125 2.2578125 PASS 3.7
LIFT2_BOARD_INTERVAL 2.2578125 2.2607421875 PASS 3.8
LIFT2_BOARD_INTERVAL 2.2607421875 2.263671875 PASS 3.8
LIFT2_BOARD_INTERVAL 2.263671875 2.2666015625 PASS 3.9
LIFT2_BOARD_INTERVAL 2.2666015625 2.26953125 PASS 3.9
LIFT2_BOARD_INTERVAL 2.26953125 2.2724609375 PASS 3.9
LIFT2_BOARD_INTERVAL 2.2724609375 2.275390625 PASS 4.0
LIFT2_BOARD_INTERVAL 2.275390625 2.2783203125 PASS 4.0
LIFT2_BOARD_INTERVAL 2.2783203125 2.28125 PASS 4.1
LIFT2_BOARD_INTERVAL 2.28125 2.2841796875 PASS 4.1
LIFT2_BOARD_INTERVAL 2.2841796875 2.287109375 PASS 4.2
LIFT2_BOARD_INTERVAL 2.287109375 2.2900390625 PASS 4.2
LIFT2_BOARD_INTERVAL 2.2900390625 2.29296875 PASS 4.2
LIFT2_BOARD_INTERVAL 2.29296875 2.2958984375 PASS 4.3
LIFT2_BOARD_INTERVAL 2.2958984375 2.298828125 PASS 4.3
LIFT2_BOARD_INTERVAL 2.298828125 2.3017578125 PASS 4.3
LIFT2_BOARD_INTERVAL 2.3017578125 2.3046875 PASS 4.4
LIFT2_BOARD_INTERVAL 2.3046875 2.3076171875 PASS 4.4
LIFT2_BOARD_INTERVAL 2.3076171875 2.310546875 PASS 4.5
LIFT2_BOARD_INTERVAL 2.310546875 2.3134765625 PASS 4.5
LIFT2_BOARD_INTERVAL 2.3134765625 2.31640625 PASS 4.5
LIFT2_BOARD_INTERVAL 2.31640625 2.3193359375 PASS 4.6
LIFT2_BOARD_INTERVAL 2.3193359375 2.322265625 PASS 4.6
LIFT2_BOARD_INTERVAL 2.322265625 2.3251953125 PASS 4.6
LIFT2_BOARD_INTERVAL 2.3251953125 2.328125 PASS 4.7
LIFT2_BOARD_INTERVAL 2.328125 2.3310546875 PASS 4.7
LIFT2_BOARD_INTERVAL 2.3310546875 2.333984375 PASS 4.8
LIFT2_BOARD_INTERVAL 2.333984375 2.3369140625 PASS 4.8
LIFT2_BOARD_INTERVAL 2.3369140625 2.33984375 PASS 4.8
LIFT2_BOARD_INTERVAL 2.33984375 2.3427734375 PASS 4.9
LIFT2_BOARD_INTERVAL 2.3427734375 2.345703125 PASS 4.9
LIFT2_BOARD_INTERVAL 2.345703125 2.3486328125 PASS 5.0
LIFT2_BOARD_INTERVAL 2.3486328125 2.3515625 PASS 5.0
LIFT2_BOARD_INTERVAL 2.3515625 2.3544921875 PASS 5.0
LIFT2_BOARD_INTERVAL 2.3544921875 2.357421875 PASS 5.1
LIFT2_BOARD_INTERVAL 2.357421875 2.3603515625 PASS 5.1
LIFT2_BOARD_INTERVAL 2.3603515625 2.36328125 PASS 5.1
LIFT2_BOARD_INTERVAL 2.36328125 2.3662109375 PASS 5.2
LIFT2_BOARD_INTERVAL 2.3662109375 2.369140625 PASS 5.2
LIFT2_BOARD_INTERVAL 2.369140625 2.3720703125 PASS 5.3
LIFT2_BOARD_INTERVAL 2.3720703125 2.375 PASS 5.3
LIFT2_BOARD_INTERVAL 2.375 2.3779296875 PASS 5.4
LIFT2_BOARD_INTERVAL 2.3779296875 2.380859375 PASS 5.4
LIFT2_BOARD_INTERVAL 2.380859375 2.3837890625 PASS 5.4
LIFT2_BOARD_INTERVAL 2.3837890625 2.38671875 PASS 5.5
LIFT2_BOARD_INTERVAL 2.38671875 2.3896484375 PASS 5.5
LIFT2_BOARD_INTERVAL 2.3896484375 2.392578125 PASS 5.6
LIFT2_BOARD_INTERVAL 2.392578125 2.3955078125 PASS 5.6
LIFT2_BOARD_INTERVAL 2.3955078125 2.3984375 PASS 5.6
LIFT2_BOARD_INTERVAL 2.3984375 2.4013671875 PASS 5.7
LIFT2_BOARD_INTERVAL 2.4013671875 2.404296875 PASS 5.7
LIFT2_BOARD_INTERVAL 2.404296875 2.4072265625 PASS 5.8
LIFT2_BOARD_INTERVAL 2.4072265625 2.41015625 PASS 5.8
LIFT2_BOARD_INTERVAL 2.41015625 2.4130859375 PASS 5.8
LIFT2_BOARD_INTERVAL 2.4130859375 2.416015625 PASS 5.9
LIFT2_BOARD_INTERVAL 2.416015625 2.4189453125 PASS 5.9
LIFT2_BOARD_INTERVAL 2.4189453125 2.421875 PASS 5.9
LIFT2_BOARD_INTERVAL 2.421875 2.4248046875 PASS 6.0
LIFT2_BOARD_INTERVAL 2.4248046875 2.427734375 PASS 6.0
LIFT2_BOARD_INTERVAL 2.427734375 2.4306640625 PASS 6.1
LIFT2_BOARD_INTERVAL 2.4306640625 2.43359375 PASS 6.1
LIFT2_BOARD_INTERVAL 2.43359375 2.4365234375 PASS 6.1
LIFT2_BOARD_INTERVAL 2.4365234375 2.439453125 PASS 6.2
LIFT2_BOARD_INTERVAL 2.439453125 2.4423828125 PASS 6.2
LIFT2_BOARD_INTERVAL 2.4423828125 2.4453125 PASS 6.2
LIFT2_BOARD_INTERVAL 2.4453125 2.4482421875 PASS 6.3
LIFT2_BOARD_INTERVAL 2.4482421875 2.451171875 PASS 6.3
LIFT2_BOARD_INTERVAL 2.451171875 2.4541015625 PASS 6.4
LIFT2_BOARD_INTERVAL 2.4541015625 2.45703125 PASS 6.4
LIFT2_BOARD_INTERVAL 2.45703125 2.4599609375 PASS 6.5
LIFT2_BOARD_INTERVAL 2.4599609375 2.462890625 PASS 6.5
LIFT2_BOARD_INTERVAL 2.462890625 2.4658203125 PASS 6.5
LIFT2_BOARD_INTERVAL 2.4658203125 2.46875 PASS 6.6
LIFT2_BOARD_INTERVAL 2.46875 2.4716796875 PASS 6.6
LIFT2_BOARD_INTERVAL 2.4716796875 2.474609375 PASS 6.7
LIFT2_BOARD_INTERVAL 2.474609375 2.4775390625 PASS 6.7
LIFT2_BOARD_INTERVAL 2.4775390625 2.48046875 PASS 6.7
LIFT2_BOARD_INTERVAL 2.48046875 2.4833984375 PASS 6.8
LIFT2_BOARD_INTERVAL 2.4833984375 2.486328125 PASS 6.8
LIFT2_BOARD_INTERVAL 2.486328125 2.4892578125 PASS 6.8
LIFT2_BOARD_INTERVAL 2.4892578125 2.4921875 PASS 6.9
LIFT2_BOARD_INTERVAL 2.4921875 2.4951171875 PASS 6.9
LIFT2_BOARD_INTERVAL 2.4951171875 2.498046875 PASS 7.0
LIFT2_BOARD_INTERVAL 2.498046875 2.5009765625 PASS 7.0
LIFT2_BOARD_INTERVAL 2.5009765625 2.50390625 PASS 7.0
LIFT2_BOARD_INTERVAL 2.50390625 2.5068359375 PASS 7.1
LIFT2_BOARD_INTERVAL 2.5068359375 2.509765625 PASS 7.1
LIFT2_BOARD_INTERVAL 2.509765625 2.5126953125 PASS 7.2
LIFT2_BOARD_INTERVAL 2.5126953125 2.515625 PASS 7.2
LIFT2_BOARD_INTERVAL 2.515625 2.5185546875 PASS 7.2
LIFT2_BOARD_INTERVAL 2.5185546875 2.521484375 PASS 7.3
LIFT2_BOARD_INTERVAL 2.521484375 2.5244140625 PASS 7.3
LIFT2_BOARD_INTERVAL 2.5244140625 2.52734375 PASS 7.4
LIFT2_BOARD_INTERVAL 2.52734375 2.5302734375 PASS 7.4
LIFT2_BOARD_INTERVAL 2.5302734375 2.533203125 PASS 7.4
LIFT2_BOARD_INTERVAL 2.533203125 2.5361328125 PASS 7.5
LIFT2_BOARD_INTERVAL 2.5361328125 2.5390625 PASS 7.5
LIFT2_BOARD_INTERVAL 2.5390625 2.5419921875 PASS 7.6
LIFT2_BOARD_INTERVAL 2.5419921875 2.544921875 PASS 7.6
LIFT2_BOARD_INTERVAL 2.544921875 2.5478515625 PASS 7.6
LIFT2_BOARD_INTERVAL 2.5478515625 2.55078125 PASS 7.7
LIFT2_BOARD_INTERVAL 2.55078125 2.5537109375 PASS 7.7
LIFT2_BOARD_INTERVAL 2.5537109375 2.556640625 PASS 7.7
LIFT2_BOARD_INTERVAL 2.556640625 2.5595703125 PASS 7.8
LIFT2_BOARD_INTERVAL 2.5595703125 2.5625 PASS 7.8
LIFT2_BOARD_INTERVAL 2.5625 2.5654296875 PASS 7.9
LIFT2_BOARD_INTERVAL 2.5654296875 2.568359375 PASS 7.9
LIFT2_BOARD_INTERVAL 2.568359375 2.5712890625 PASS 8.0
LIFT2_BOARD_INTERVAL 2.5712890625 2.57421875 PASS 8.0
LIFT2_BOARD_INTERVAL 2.57421875 2.5771484375 PASS 8.0
LIFT2_BOARD_INTERVAL 2.5771484375 2.580078125 PASS 8.1
LIFT2_BOARD_INTERVAL 2.580078125 2.5830078125 PASS 8.1
LIFT2_BOARD_INTERVAL 2.5830078125 2.5859375 PASS 8.1
LIFT2_BOARD_INTERVAL 2.5859375 2.5888671875 PASS 8.2
LIFT2_BOARD_INTERVAL 2.5888671875 2.591796875 PASS 8.2
LIFT2_BOARD_INTERVAL 2.591796875 2.5947265625 PASS 8.3
LIFT2_BOARD_INTERVAL 2.5947265625 2.59765625 PASS 8.3
LIFT2_BOARD_INTERVAL 2.59765625 2.6005859375 PASS 8.4
LIFT2_BOARD_INTERVAL 2.6005859375 2.603515625 PASS 8.4
LIFT2_BOARD_INTERVAL 2.603515625 2.6064453125 PASS 8.4
LIFT2_BOARD_INTERVAL 2.6064453125 2.609375 PASS 8.5
LIFT2_BOARD_INTERVAL 2.609375 2.6123046875 PASS 8.6
LIFT2_BOARD_INTERVAL 2.6123046875 2.615234375 PASS 8.6
LIFT2_BOARD_INTERVAL 2.615234375 2.6181640625 PASS 8.6
LIFT2_BOARD_INTERVAL 2.6181640625 2.62109375 PASS 8.7
LIFT2_BOARD_INTERVAL 2.62109375 2.6240234375 PASS 8.7
LIFT2_BOARD_INTERVAL 2.6240234375 2.626953125 PASS 8.8
LIFT2_BOARD_INTERVAL 2.626953125 2.6298828125 PASS 8.8
LIFT2_BOARD_INTERVAL 2.6298828125 2.6328125 PASS 8.8
LIFT2_BOARD_INTERVAL 2.6328125 2.6357421875 PASS 8.9
LIFT2_BOARD_INTERVAL 2.6357421875 2.638671875 PASS 8.9
LIFT2_BOARD_INTERVAL 2.638671875 2.6416015625 PASS 9.0
LIFT2_BOARD_INTERVAL 2.6416015625 2.64453125 PASS 9.0
LIFT2_BOARD_INTERVAL 2.64453125 2.6474609375 PASS 9.0
LIFT2_BOARD_INTERVAL 2.6474609375 2.650390625 PASS 9.1
LIFT2_BOARD_INTERVAL 2.650390625 2.6533203125 PASS 9.1
LIFT2_BOARD_INTERVAL 2.6533203125 2.65625 PASS 9.2
LIFT2_BOARD_INTERVAL 2.65625 2.6591796875 PASS 9.2
LIFT2_BOARD_INTERVAL 2.6591796875 2.662109375 PASS 9.3
LIFT2_BOARD_INTERVAL 2.662109375 2.6650390625 PASS 9.3
LIFT2_BOARD_INTERVAL 2.6650390625 2.66796875 PASS 9.3
LIFT2_BOARD_INTERVAL 2.66796875 2.6708984375 PASS 9.4
LIFT2_BOARD_INTERVAL 2.6708984375 2.673828125 PASS 9.4
LIFT2_BOARD_INTERVAL 2.673828125 2.6767578125 PASS 9.4
LIFT2_BOARD_INTERVAL 2.6767578125 2.6796875 PASS 9.5
LIFT2_BOARD_INTERVAL 2.6796875 2.6826171875 PASS 9.5
LIFT2_BOARD_INTERVAL 2.6826171875 2.685546875 PASS 9.6
LIFT2_BOARD_INTERVAL 2.685546875 2.6884765625 PASS 9.6
LIFT2_BOARD_INTERVAL 2.6884765625 2.69140625 PASS 9.6
LIFT2_BOARD_INTERVAL 2.69140625 2.6943359375 PASS 9.7
LIFT2_BOARD_INTERVAL 2.6943359375 2.697265625 PASS 9.7
LIFT2_BOARD_INTERVAL 2.697265625 2.7001953125 PASS 9.8
LIFT2_BOARD_INTERVAL 2.7001953125 2.703125 PASS 9.8
LIFT2_BOARD_INTERVAL 2.703125 2.7060546875 PASS 9.8
LIFT2_BOARD_INTERVAL 2.7060546875 2.708984375 PASS 9.9
LIFT2_BOARD_INTERVAL 2.708984375 2.7119140625 PASS 9.9
LIFT2_BOARD_INTERVAL 2.7119140625 2.71484375 PASS 10.0
LIFT2_BOARD_INTERVAL 2.71484375 2.7177734375 PASS 10.0
LIFT2_BOARD_INTERVAL 2.7177734375 2.720703125 PASS 10.0
LIFT2_BOARD_INTERVAL 2.720703125 2.7236328125 PASS 10.1
LIFT2_BOARD_INTERVAL 2.7236328125 2.7265625 PASS 10.1
LIFT2_BOARD_INTERVAL 2.7265625 2.7294921875 PASS 10.2
LIFT2_BOARD_INTERVAL 2.7294921875 2.732421875 PASS 10.2
LIFT2_BOARD_INTERVAL 2.732421875 2.7353515625 PASS 10.2
LIFT2_BOARD_INTERVAL 2.7353515625 2.73828125 PASS 10.3
LIFT2_BOARD_INTERVAL 2.73828125 2.7412109375 PASS 10.3
LIFT2_BOARD_INTERVAL 2.7412109375 2.744140625 PASS 10.3
LIFT2_BOARD_INTERVAL 2.744140625 2.7470703125 PASS 10.4
LIFT2_BOARD_INTERVAL 2.7470703125 2.75 PASS 10.4
LIFT2_BOARD_INTERVAL 2.75 2.7529296875 PASS 10.5
LIFT2_BOARD_INTERVAL 2.7529296875 2.755859375 PASS 10.5
LIFT2_BOARD_INTERVAL 2.755859375 2.7587890625 PASS 10.6
LIFT2_BOARD_INTERVAL 2.7587890625 2.76171875 PASS 10.6
LIFT2_BOARD_INTERVAL 2.76171875 2.7646484375 PASS 10.7
LIFT2_BOARD_INTERVAL 2.7646484375 2.767578125 PASS 10.7
LIFT2_BOARD_INTERVAL 2.767578125 2.7705078125 PASS 10.7
LIFT2_BOARD_INTERVAL 2.7705078125 2.7734375 PASS 10.8
LIFT2_BOARD_INTERVAL 2.7734375 2.7763671875 PASS 10.8
LIFT2_BOARD_INTERVAL 2.7763671875 2.779296875 PASS 10.9
LIFT2_BOARD_INTERVAL 2.779296875 2.7822265625 PASS 10.9
LIFT2_BOARD_INTERVAL 2.7822265625 2.78515625 PASS 10.9
LIFT2_BOARD_INTERVAL 2.78515625 2.7880859375 PASS 11.0
LIFT2_BOARD_INTERVAL 2.7880859375 2.791015625 PASS 11.0
LIFT2_BOARD_INTERVAL 2.791015625 2.7939453125 PASS 11.0
LIFT2_BOARD_INTERVAL 2.7939453125 2.796875 PASS 11.1
LIFT2_BOARD_INTERVAL 2.796875 2.7998046875 PASS 11.1
LIFT2_BOARD_INTERVAL 2.7998046875 2.802734375 PASS 11.2
LIFT2_BOARD_INTERVAL 2.802734375 2.8056640625 PASS 11.2
LIFT2_BOARD_INTERVAL 2.8056640625 2.80859375 PASS 11.2
LIFT2_BOARD_INTERVAL 2.80859375 2.8115234375 PASS 11.3
LIFT2_BOARD_INTERVAL 2.8115234375 2.814453125 PASS 11.3
LIFT2_BOARD_INTERVAL 2.814453125 2.8173828125 PASS 11.4
LIFT2_BOARD_INTERVAL 2.8173828125 2.8203125 PASS 11.4
LIFT2_BOARD_INTERVAL 2.8203125 2.8232421875 PASS 11.4
LIFT2_BOARD_INTERVAL 2.8232421875 2.826171875 PASS 11.5
LIFT2_BOARD_INTERVAL 2.826171875 2.8291015625 PASS 11.5
LIFT2_BOARD_INTERVAL 2.8291015625 2.83203125 PASS 11.5
LIFT2_BOARD_INTERVAL 2.83203125 2.8349609375 PASS 11.6
LIFT2_BOARD_INTERVAL 2.8349609375 2.837890625 PASS 11.6
LIFT2_BOARD_INTERVAL 2.837890625 2.8408203125 PASS 11.7
LIFT2_BOARD_INTERVAL 2.8408203125 2.84375 PASS 11.7
LIFT2_BOARD_INTERVAL 2.84375 2.8466796875 PASS 11.8
LIFT2_BOARD_INTERVAL 2.8466796875 2.849609375 PASS 11.8
LIFT2_BOARD_INTERVAL 2.849609375 2.8525390625 PASS 12.0
LIFT2_BOARD_INTERVAL 2.8525390625 2.85546875 PASS 12.0
LIFT2_BOARD_INTERVAL 2.85546875 2.8583984375 PASS 12.1
LIFT2_BOARD_INTERVAL 2.8583984375 2.861328125 PASS 12.1
LIFT2_BOARD_INTERVAL 2.861328125 2.8642578125 PASS 12.1
LIFT2_BOARD_INTERVAL 2.8642578125 2.8671875 PASS 12.2
LIFT2_BOARD_INTERVAL 2.8671875 2.8701171875 PASS 12.2
LIFT2_BOARD_INTERVAL 2.8701171875 2.873046875 PASS 12.3
LIFT2_BOARD_INTERVAL 2.873046875 2.8759765625 PASS 12.3
LIFT2_BOARD_INTERVAL 2.8759765625 2.87890625 PASS 12.3
LIFT2_BOARD_INTERVAL 2.87890625 2.8818359375 PASS 12.4
LIFT2_BOARD_INTERVAL 2.8818359375 2.884765625 PASS 12.4
LIFT2_BOARD_INTERVAL 2.884765625 2.8876953125 PASS 12.5
LIFT2_BOARD_INTERVAL 2.8876953125 2.890625 PASS 12.5
LIFT2_BOARD_INTERVAL 2.890625 2.8935546875 PASS 12.6
LIFT2_BOARD_INTERVAL 2.8935546875 2.896484375 PASS 12.6
LIFT2_BOARD_INTERVAL 2.896484375 2.8994140625 PASS 12.6
LIFT2_BOARD_INTERVAL 2.8994140625 2.90234375 PASS 12.7
LIFT2_BOARD_INTERVAL 2.90234375 2.9052734375 PASS 12.7
LIFT2_BOARD_INTERVAL 2.9052734375 2.908203125 PASS 12.7
LIFT2_BOARD_INTERVAL 2.908203125 2.9111328125 PASS 12.8
LIFT2_BOARD_INTERVAL 2.9111328125 2.9140625 PASS 12.8
LIFT2_BOARD_INTERVAL 2.9140625 2.9169921875 PASS 12.9
LIFT2_BOARD_INTERVAL 2.9169921875 2.919921875 PASS 12.9
LIFT2_BOARD_INTERVAL 2.919921875 2.9228515625 PASS 12.9
LIFT2_BOARD_INTERVAL 2.9228515625 2.92578125 PASS 13.0
LIFT2_BOARD_INTERVAL 2.92578125 2.9287109375 PASS 13.0
LIFT2_BOARD_INTERVAL 2.9287109375 2.931640625 PASS 13.1
LIFT2_BOARD_INTERVAL 2.931640625 2.9345703125 PASS 13.1
LIFT2_BOARD_INTERVAL 2.9345703125 2.9375 PASS 13.1
LIFT2_BOARD_INTERVAL 2.9375 2.9404296875 PASS 13.2
LIFT2_BOARD_INTERVAL 2.9404296875 2.943359375 PASS 13.2
LIFT2_BOARD_INTERVAL 2.943359375 2.9462890625 PASS 13.3
LIFT2_BOARD_INTERVAL 2.9462890625 2.94921875 PASS 13.3
LIFT2_BOARD_INTERVAL 2.94921875 2.9521484375 PASS 13.4
LIFT2_BOARD_INTERVAL 2.9521484375 2.955078125 PASS 13.4
LIFT2_BOARD_INTERVAL 2.955078125 2.9580078125 PASS 13.4
LIFT2_BOARD_INTERVAL 2.9580078125 2.9609375 PASS 13.5
LIFT2_BOARD_INTERVAL 2.9609375 2.9638671875 PASS 13.5
LIFT2_BOARD_INTERVAL 2.9638671875 2.966796875 PASS 13.5
LIFT2_BOARD_INTERVAL 2.966796875 2.9697265625 PASS 13.6
LIFT2_BOARD_INTERVAL 2.9697265625 2.97265625 PASS 13.6
LIFT2_BOARD_INTERVAL 2.97265625 2.9755859375 PASS 13.7
LIFT2_BOARD_INTERVAL 2.9755859375 2.978515625 PASS 13.7
LIFT2_BOARD_INTERVAL 2.978515625 2.9814453125 PASS 13.7
LIFT2_BOARD_INTERVAL 2.9814453125 2.984375 PASS 13.8
LIFT2_BOARD_INTERVAL 2.984375 2.9873046875 PASS 13.8
LIFT2_BOARD_INTERVAL 2.9873046875 2.990234375 PASS 13.9
LIFT2_BOARD_INTERVAL 2.990234375 2.9931640625 PASS 13.9
LIFT2_BOARD_INTERVAL 2.9931640625 2.99609375 PASS 13.9
LIFT2_BOARD_INTERVAL 2.99609375 2.9990234375 PASS 14.0
LIFT2_BOARD_INTERVAL 2.9990234375 3.001953125 PASS 14.0
LIFT2_BOARD_INTERVAL 3.001953125 3.0048828125 PASS 14.1
LIFT2_BOARD_INTERVAL 3.0048828125 3.0078125 PASS 14.1
LIFT2_BOARD_INTERVAL 3.0078125 3.0107421875 PASS 14.1
LIFT2_BOARD_INTERVAL 3.0107421875 3.013671875 PASS 14.2
LIFT2_BOARD_INTERVAL 3.013671875 3.0166015625 PASS 14.2
LIFT2_BOARD_INTERVAL 3.0166015625 3.01953125 PASS 14.2
LIFT2_BOARD_INTERVAL 3.01953125 3.0224609375 PASS 14.3
LIFT2_BOARD_INTERVAL 3.0224609375 3.025390625 PASS 14.3
LIFT2_BOARD_INTERVAL 3.025390625 3.0283203125 PASS 14.4
LIFT2_BOARD_INTERVAL 3.0283203125 3.03125 PASS 14.4
LIFT2_BOARD_INTERVAL 3.03125 3.0341796875 PASS 14.5
LIFT2_BOARD_INTERVAL 3.0341796875 3.037109375 PASS 14.5
LIFT2_BOARD_INTERVAL 3.037109375 3.0400390625 PASS 14.5
LIFT2_BOARD_INTERVAL 3.0400390625 3.04296875 PASS 14.6
LIFT2_BOARD_INTERVAL 3.04296875 3.0458984375 PASS 14.6
LIFT2_BOARD_INTERVAL 3.0458984375 3.048828125 PASS 14.7
LIFT2_BOARD_INTERVAL 3.048828125 3.0517578125 PASS 14.7
LIFT2_BOARD_INTERVAL 3.0517578125 3.0546875 PASS 14.7
LIFT2_BOARD_INTERVAL 3.0546875 3.0576171875 PASS 14.8
LIFT2_BOARD_INTERVAL 3.0576171875 3.060546875 PASS 14.8
LIFT2_BOARD_INTERVAL 3.060546875 3.0634765625 PASS 14.9
LIFT2_BOARD_INTERVAL 3.0634765625 3.06640625 PASS 14.9
LIFT2_BOARD_INTERVAL 3.06640625 3.0693359375 PASS 14.9
LIFT2_BOARD_INTERVAL 3.0693359375 3.072265625 PASS 15.0
LIFT2_BOARD_INTERVAL 3.072265625 3.0751953125 PASS 15.0
LIFT2_BOARD_INTERVAL 3.0751953125 3.078125 PASS 15.1
LIFT2_BOARD_INTERVAL 3.078125 3.0810546875 PASS 15.1
LIFT2_BOARD_INTERVAL 3.0810546875 3.083984375 PASS 15.1
LIFT2_BOARD_INTERVAL 3.083984375 3.0869140625 PASS 15.2
LIFT2_BOARD_INTERVAL 3.0869140625 3.08984375 PASS 15.2
LIFT2_BOARD_INTERVAL 3.08984375 3.0927734375 PASS 15.3
LIFT2_BOARD_INTERVAL 3.0927734375 3.095703125 PASS 15.3
LIFT2_BOARD_INTERVAL 3.095703125 3.0986328125 PASS 15.3
LIFT2_BOARD_INTERVAL 3.0986328125 3.1015625 PASS 15.4
LIFT2_BOARD_INTERVAL 3.1015625 3.1044921875 PASS 15.4
LIFT2_BOARD_INTERVAL 3.1044921875 3.107421875 PASS 15.5
LIFT2_BOARD_INTERVAL 3.107421875 3.1103515625 PASS 15.5
LIFT2_BOARD_INTERVAL 3.1103515625 3.11328125 PASS 15.5
LIFT2_BOARD_INTERVAL 3.11328125 3.1162109375 PASS 15.6
LIFT2_BOARD_INTERVAL 3.1162109375 3.119140625 PASS 15.6
LIFT2_BOARD_INTERVAL 3.119140625 3.1220703125 PASS 15.7
LIFT2_BOARD_INTERVAL 3.1220703125 3.125 PASS 15.7
LIFT2_BOARD_INTERVAL 3.125 3.1279296875 PASS 15.8
LIFT2_BOARD_INTERVAL 3.1279296875 3.130859375 PASS 15.8
LIFT2_BOARD_INTERVAL 3.130859375 3.1337890625 PASS 15.8
LIFT2_BOARD_INTERVAL 3.1337890625 3.13671875 PASS 15.9
LIFT2_BOARD_INTERVAL 3.13671875 3.1396484375 PASS 15.9
LIFT2_BOARD_INTERVAL 3.1396484375 3.142578125 PASS 15.9
LIFT2_BOARD_INTERVAL 3.142578125 3.1455078125 PASS 16.0
LIFT2_BOARD_INTERVAL 3.1455078125 3.1484375 PASS 16.0
LIFT2_BOARD_INTERVAL 3.1484375 3.1513671875 PASS 16.1
LIFT2_BOARD_INTERVAL 3.1513671875 3.154296875 PASS 16.1
LIFT2_BOARD_INTERVAL 3.154296875 3.1572265625 PASS 16.1
LIFT2_BOARD_INTERVAL 3.1572265625 3.16015625 PASS 16.2
LIFT2_BOARD_INTERVAL 3.16015625 3.1630859375 PASS 16.2
LIFT2_BOARD_INTERVAL 3.1630859375 3.166015625 PASS 16.3
LIFT2_BOARD_INTERVAL 3.166015625 3.1689453125 PASS 16.3
LIFT2_BOARD_INTERVAL 3.1689453125 3.171875 PASS 16.3
LIFT2_BOARD_INTERVAL 3.171875 3.1748046875 PASS 16.4
LIFT2_BOARD_INTERVAL 3.1748046875 3.177734375 PASS 16.4
LIFT2_BOARD_INTERVAL 3.177734375 3.1806640625 PASS 16.5
LIFT2_BOARD_INTERVAL 3.1806640625 3.18359375 PASS 16.5
LIFT2_BOARD_INTERVAL 3.18359375 3.1865234375 PASS 16.5
LIFT2_BOARD_INTERVAL 3.1865234375 3.189453125 PASS 16.6
LIFT2_BOARD_INTERVAL 3.189453125 3.1923828125 PASS 16.6
LIFT2_BOARD_INTERVAL 3.1923828125 3.1953125 PASS 16.6
LIFT2_BOARD_INTERVAL 3.1953125 3.1982421875 PASS 16.7
LIFT2_BOARD_INTERVAL 3.1982421875 3.201171875 PASS 16.7
LIFT2_BOARD_INTERVAL 3.201171875 3.2041015625 PASS 16.8
LIFT2_BOARD_INTERVAL 3.2041015625 3.20703125 PASS 16.8
LIFT2_BOARD_INTERVAL 3.20703125 3.2099609375 PASS 16.8
LIFT2_BOARD_INTERVAL 3.2099609375 3.212890625 PASS 16.9
LIFT2_BOARD_INTERVAL 3.212890625 3.2158203125 PASS 16.9
LIFT2_BOARD_INTERVAL 3.2158203125 3.21875 PASS 17.0
LIFT2_BOARD_INTERVAL 3.21875 3.2216796875 PASS 17.0
LIFT2_BOARD_INTERVAL 3.2216796875 3.224609375 PASS 17.1
LIFT2_BOARD_INTERVAL 3.224609375 3.2275390625 PASS 17.1
LIFT2_BOARD_INTERVAL 3.2275390625 3.23046875 PASS 17.1
LIFT2_BOARD_INTERVAL 3.23046875 3.2333984375 PASS 17.2
LIFT2_BOARD_INTERVAL 3.2333984375 3.236328125 PASS 17.2
LIFT2_BOARD_INTERVAL 3.236328125 3.2392578125 PASS 17.2
LIFT2_BOARD_INTERVAL 3.2392578125 3.2421875 PASS 17.3
LIFT2_BOARD_INTERVAL 3.2421875 3.2451171875 PASS 17.3
LIFT2_BOARD_INTERVAL 3.2451171875 3.248046875 PASS 17.4
LIFT2_BOARD_INTERVAL 3.248046875 3.2509765625 PASS 17.4
LIFT2_BOARD_INTERVAL 3.2509765625 3.25390625 PASS 17.4
LIFT2_BOARD_INTERVAL 3.25390625 3.2568359375 PASS 17.5
LIFT2_BOARD_INTERVAL 3.2568359375 3.259765625 PASS 17.5
LIFT2_BOARD_INTERVAL 3.259765625 3.2626953125 PASS 17.5
LIFT2_BOARD_INTERVAL 3.2626953125 3.265625 PASS 17.6
LIFT2_BOARD_INTERVAL 3.265625 3.2685546875 PASS 17.6
LIFT2_BOARD_INTERVAL 3.2685546875 3.271484375 PASS 17.7
LIFT2_BOARD_INTERVAL 3.271484375 3.2744140625 PASS 17.7
LIFT2_BOARD_INTERVAL 3.2744140625 3.27734375 PASS 17.8
LIFT2_BOARD_INTERVAL 3.27734375 3.2802734375 PASS 17.8
LIFT2_BOARD_INTERVAL 3.2802734375 3.283203125 PASS 17.8
LIFT2_BOARD_INTERVAL 3.283203125 3.2861328125 PASS 17.9
LIFT2_BOARD_INTERVAL 3.2861328125 3.2890625 PASS 17.9
LIFT2_BOARD_INTERVAL 3.2890625 3.2919921875 PASS 18.0
LIFT2_BOARD_INTERVAL 3.2919921875 3.294921875 PASS 18.0
LIFT2_BOARD_INTERVAL 3.294921875 3.2978515625 PASS 18.0
LIFT2_BOARD_INTERVAL 3.2978515625 3.30078125 PASS 18.1
LIFT2_BOARD_INTERVAL 3.30078125 3.3037109375 PASS 18.1
LIFT2_BOARD_INTERVAL 3.3037109375 3.306640625 PASS 18.2
LIFT2_BOARD_INTERVAL 3.306640625 3.3095703125 PASS 18.2
LIFT2_BOARD_INTERVAL 3.3095703125 3.3125 PASS 18.2
LIFT2_BOARD_INTERVAL 3.3125 3.3154296875 PASS 18.3
LIFT2_BOARD_INTERVAL 3.3154296875 3.318359375 PASS 18.3
LIFT2_BOARD_INTERVAL 3.318359375 3.3212890625 PASS 18.4
LIFT2_BOARD_INTERVAL 3.3212890625 3.32421875 PASS 18.4
LIFT2_BOARD_INTERVAL 3.32421875 3.3271484375 PASS 18.5
LIFT2_BOARD_INTERVAL 3.3271484375 3.330078125 PASS 18.5
LIFT2_BOARD_INTERVAL 3.330078125 3.3330078125 PASS 18.5
LIFT2_BOARD_INTERVAL 3.3330078125 3.3359375 PASS 18.6
LIFT2_BOARD_INTERVAL 3.3359375 3.3388671875 PASS 18.6
LIFT2_BOARD_INTERVAL 3.3388671875 3.341796875 PASS 18.6
LIFT2_BOARD_INTERVAL 3.341796875 3.3447265625 PASS 18.7
LIFT2_BOARD_INTERVAL 3.3447265625 3.34765625 PASS 18.7
LIFT2_BOARD_INTERVAL 3.34765625 3.3505859375 PASS 18.8
LIFT2_BOARD_INTERVAL 3.3505859375 3.353515625 PASS 18.8
LIFT2_BOARD_INTERVAL 3.353515625 3.3564453125 PASS 18.8
LIFT2_BOARD_INTERVAL 3.3564453125 3.359375 PASS 18.9
LIFT2_BOARD_INTERVAL 3.359375 3.3623046875 PASS 18.9
LIFT2_BOARD_INTERVAL 3.3623046875 3.365234375 PASS 19.0
LIFT2_BOARD_INTERVAL 3.365234375 3.3681640625 PASS 19.0
LIFT2_BOARD_INTERVAL 3.3681640625 3.37109375 PASS 19.0
LIFT2_BOARD_INTERVAL 3.37109375 3.3740234375 PASS 19.1
LIFT2_BOARD_INTERVAL 3.3740234375 3.376953125 PASS 19.1
LIFT2_BOARD_INTERVAL 3.376953125 3.3798828125 PASS 19.2
LIFT2_BOARD_INTERVAL 3.3798828125 3.3828125 PASS 19.2
LIFT2_BOARD_INTERVAL 3.3828125 3.3857421875 PASS 19.2
LIFT2_BOARD_INTERVAL 3.3857421875 3.388671875 PASS 19.3
LIFT2_BOARD_INTERVAL 3.388671875 3.3916015625 PASS 19.3
LIFT2_BOARD_INTERVAL 3.3916015625 3.39453125 PASS 19.3
LIFT2_BOARD_INTERVAL 3.39453125 3.3974609375 PASS 19.4
LIFT2_BOARD_INTERVAL 3.3974609375 3.400390625 PASS 19.4
LIFT2_BOARD_INTERVAL 3.400390625 3.4033203125 PASS 19.5
LIFT2_BOARD_INTERVAL 3.4033203125 3.40625 PASS 19.5
LIFT2_BOARD_INTERVAL 3.40625 3.4091796875 PASS 19.6
LIFT2_BOARD_INTERVAL 3.4091796875 3.412109375 PASS 19.6
LIFT2_BOARD_INTERVAL 3.412109375 3.4150390625 PASS 19.6
LIFT2_BOARD_INTERVAL 3.4150390625 3.41796875 PASS 19.7
LIFT2_BOARD_INTERVAL 3.41796875 3.4208984375 PASS 19.7
LIFT2_BOARD_INTERVAL 3.4208984375 3.423828125 PASS 19.8
LIFT2_BOARD_INTERVAL 3.423828125 3.4267578125 PASS 19.8
LIFT2_BOARD_INTERVAL 3.4267578125 3.4296875 PASS 19.8
LIFT2_BOARD_INTERVAL 3.4296875 3.4326171875 PASS 19.9
LIFT2_BOARD_INTERVAL 3.4326171875 3.435546875 PASS 19.9
LIFT2_BOARD_INTERVAL 3.435546875 3.4384765625 PASS 20.0
LIFT2_BOARD_INTERVAL 3.4384765625 3.44140625 PASS 20.0
LIFT2_BOARD_INTERVAL 3.44140625 3.4443359375 PASS 20.0
LIFT2_BOARD_INTERVAL 3.4443359375 3.447265625 PASS 20.1
LIFT2_BOARD_INTERVAL 3.447265625 3.4501953125 PASS 20.1
LIFT2_BOARD_INTERVAL 3.4501953125 3.453125 PASS 20.1
LIFT2_BOARD_INTERVAL 3.453125 3.4560546875 PASS 20.2
LIFT2_BOARD_INTERVAL 3.4560546875 3.458984375 PASS 20.2
LIFT2_BOARD_INTERVAL 3.458984375 3.4619140625 PASS 20.3
LIFT2_BOARD_INTERVAL 3.4619140625 3.46484375 PASS 20.3
LIFT2_BOARD_INTERVAL 3.46484375 3.4677734375 PASS 20.3
LIFT2_BOARD_INTERVAL 3.4677734375 3.470703125 PASS 20.4
LIFT2_BOARD_INTERVAL 3.470703125 3.4736328125 PASS 20.4
LIFT2_BOARD_INTERVAL 3.4736328125 3.4765625 PASS 20.5
LIFT2_BOARD_INTERVAL 3.4765625 3.4794921875 PASS 20.5
LIFT2_BOARD_INTERVAL 3.4794921875 3.482421875 PASS 20.5
LIFT2_BOARD_INTERVAL 3.482421875 3.4853515625 PASS 20.6
LIFT2_BOARD_INTERVAL 3.4853515625 3.48828125 PASS 20.6
LIFT2_BOARD_INTERVAL 3.48828125 3.4912109375 PASS 20.7
LIFT2_BOARD_INTERVAL 3.4912109375 3.494140625 PASS 20.7
LIFT2_BOARD_INTERVAL 3.494140625 3.4970703125 PASS 20.7
LIFT2_BOARD_INTERVAL 3.4970703125 3.5 PASS 20.8
LIFT2_BOARD_INTERVAL 3.5 3.5029296875 PASS 20.9
LIFT2_BOARD_INTERVAL 3.5029296875 3.505859375 PASS 20.9
LIFT2_BOARD_INTERVAL 3.505859375 3.5087890625 PASS 20.9
LIFT2_BOARD_INTERVAL 3.5087890625 3.51171875 PASS 21.0
LIFT2_BOARD_INTERVAL 3.51171875 3.5146484375 PASS 21.0
LIFT2_BOARD_INTERVAL 3.5146484375 3.517578125 PASS 21.0
LIFT2_BOARD_INTERVAL 3.517578125 3.5205078125 PASS 21.1
LIFT2_BOARD_INTERVAL 3.5205078125 3.5234375 PASS 21.1
LIFT2_BOARD_INTERVAL 3.5234375 3.5263671875 PASS 21.2
LIFT2_BOARD_INTERVAL 3.5263671875 3.529296875 PASS 21.2
LIFT2_BOARD_INTERVAL 3.529296875 3.5322265625 PASS 21.2
LIFT2_BOARD_INTERVAL 3.5322265625 3.53515625 PASS 21.3
LIFT2_BOARD_INTERVAL 3.53515625 3.5380859375 PASS 21.3
LIFT2_BOARD_INTERVAL 3.5380859375 3.541015625 PASS 21.4
LIFT2_BOARD_INTERVAL 3.541015625 3.5439453125 PASS 21.4
LIFT2_BOARD_INTERVAL 3.5439453125 3.546875 PASS 21.4
LIFT2_BOARD_INTERVAL 3.546875 3.5498046875 PASS 21.5
LIFT2_BOARD_INTERVAL 3.5498046875 3.552734375 PASS 21.5
LIFT2_BOARD_INTERVAL 3.552734375 3.5556640625 PASS 21.6
LIFT2_BOARD_INTERVAL 3.5556640625 3.55859375 PASS 21.6
LIFT2_BOARD_INTERVAL 3.55859375 3.5615234375 PASS 21.6
LIFT2_BOARD_INTERVAL 3.5615234375 3.564453125 PASS 21.7
LIFT2_BOARD_INTERVAL 3.564453125 3.5673828125 PASS 21.7
LIFT2_BOARD_INTERVAL 3.5673828125 3.5703125 PASS 21.7
LIFT2_BOARD_INTERVAL 3.5703125 3.5732421875 PASS 21.8
LIFT2_BOARD_INTERVAL 3.5732421875 3.576171875 PASS 21.8
LIFT2_BOARD_INTERVAL 3.576171875 3.5791015625 PASS 21.9
LIFT2_BOARD_INTERVAL 3.5791015625 3.58203125 PASS 21.9
LIFT2_BOARD_INTERVAL 3.58203125 3.5849609375 PASS 21.9
LIFT2_BOARD_INTERVAL 3.5849609375 3.587890625 PASS 22.0
LIFT2_BOARD_INTERVAL 3.587890625 3.5908203125 PASS 22.0
LIFT2_BOARD_INTERVAL 3.5908203125 3.59375 PASS 22.0
LIFT2_BOARD_INTERVAL 3.59375 3.5966796875 PASS 22.1
LIFT2_BOARD_INTERVAL 3.5966796875 3.599609375 PASS 22.1
LIFT2_BOARD_INTERVAL 3.599609375 3.6025390625 PASS 22.2
LIFT2_BOARD_INTERVAL 3.6025390625 3.60546875 PASS 22.2
LIFT2_BOARD_INTERVAL 3.60546875 3.6083984375 PASS 22.4
LIFT2_BOARD_INTERVAL 3.6083984375 3.611328125 PASS 22.4
LIFT2_BOARD_INTERVAL 3.611328125 3.6142578125 PASS 22.5
LIFT2_BOARD_INTERVAL 3.6142578125 3.6171875 PASS 22.5
LIFT2_BOARD_INTERVAL 3.6171875 3.6201171875 PASS 22.6
LIFT2_BOARD_INTERVAL 3.6201171875 3.623046875 PASS 22.6
LIFT2_BOARD_INTERVAL 3.623046875 3.6259765625 PASS 22.6
LIFT2_BOARD_INTERVAL 3.6259765625 3.62890625 PASS 22.7
LIFT2_BOARD_INTERVAL 3.62890625 3.6318359375 PASS 22.7
LIFT2_BOARD_INTERVAL 3.6318359375 3.634765625 PASS 22.8
LIFT2_BOARD_INTERVAL 3.634765625 3.6376953125 PASS 22.8
LIFT2_BOARD_INTERVAL 3.6376953125 3.640625 PASS 22.8
LIFT2_BOARD_INTERVAL 3.640625 3.6435546875 PASS 22.9
LIFT2_BOARD_INTERVAL 3.6435546875 3.646484375 PASS 22.9
LIFT2_BOARD_INTERVAL 3.646484375 3.6494140625 PASS 23.0
LIFT2_BOARD_INTERVAL 3.6494140625 3.65234375 PASS 23.0
LIFT2_BOARD_INTERVAL 3.65234375 3.6552734375 PASS 23.0
LIFT2_BOARD_INTERVAL 3.6552734375 3.658203125 PASS 23.1
LIFT2_BOARD_INTERVAL 3.658203125 3.6611328125 PASS 23.1
LIFT2_BOARD_INTERVAL 3.6611328125 3.6640625 PASS 23.1
LIFT2_BOARD_INTERVAL 3.6640625 3.6669921875 PASS 23.2
LIFT2_BOARD_INTERVAL 3.6669921875 3.669921875 PASS 23.2
LIFT2_BOARD_INTERVAL 3.669921875 3.6728515625 PASS 23.3
LIFT2_BOARD_INTERVAL 3.6728515625 3.67578125 PASS 23.3
LIFT2_BOARD_INTERVAL 3.67578125 3.6787109375 PASS 23.4
LIFT2_BOARD_INTERVAL 3.6787109375 3.681640625 PASS 23.4
LIFT2_BOARD_INTERVAL 3.681640625 3.6845703125 PASS 23.4
LIFT2_BOARD_INTERVAL 3.6845703125 3.6875 PASS 23.5
LIFT2_BOARD_INTERVAL 3.6875 3.6904296875 PASS 23.5
LIFT2_BOARD_INTERVAL 3.6904296875 3.693359375 PASS 23.6
LIFT2_BOARD_INTERVAL 3.693359375 3.6962890625 PASS 23.6
LIFT2_BOARD_INTERVAL 3.6962890625 3.69921875 PASS 23.6
LIFT2_BOARD_INTERVAL 3.69921875 3.7021484375 PASS 23.7
LIFT2_BOARD_INTERVAL 3.7021484375 3.705078125 PASS 23.7
LIFT2_BOARD_INTERVAL 3.705078125 3.7080078125 PASS 23.8
LIFT2_BOARD_INTERVAL 3.7080078125 3.7109375 PASS 23.8
LIFT2_BOARD_INTERVAL 3.7109375 3.7138671875 PASS 23.8
LIFT2_BOARD_INTERVAL 3.7138671875 3.716796875 PASS 23.9
LIFT2_BOARD_INTERVAL 3.716796875 3.7197265625 PASS 23.9
LIFT2_BOARD_INTERVAL 3.7197265625 3.72265625 PASS 24.0
LIFT2_BOARD_INTERVAL 3.72265625 3.7255859375 PASS 24.0
LIFT2_BOARD_INTERVAL 3.7255859375 3.728515625 PASS 24.0
LIFT2_BOARD_INTERVAL 3.728515625 3.7314453125 PASS 24.1
LIFT2_BOARD_INTERVAL 3.7314453125 3.734375 PASS 24.1
LIFT2_BOARD_INTERVAL 3.734375 3.7373046875 PASS 24.2
LIFT2_BOARD_INTERVAL 3.7373046875 3.740234375 PASS 24.2
LIFT2_BOARD_INTERVAL 3.740234375 3.7431640625 PASS 24.2
LIFT2_BOARD_INTERVAL 3.7431640625 3.74609375 PASS 24.3
LIFT2_BOARD_INTERVAL 3.74609375 3.7490234375 PASS 24.3
LIFT2_BOARD_INTERVAL 3.7490234375 3.751953125 PASS 24.4
LIFT2_BOARD_INTERVAL 3.751953125 3.7548828125 PASS 24.4
LIFT2_BOARD_INTERVAL 3.7548828125 3.7578125 PASS 24.4
LIFT2_BOARD_INTERVAL 3.7578125 3.7607421875 PASS 24.5
LIFT2_BOARD_INTERVAL 3.7607421875 3.763671875 PASS 24.5
LIFT2_BOARD_INTERVAL 3.763671875 3.7666015625 PASS 24.6
LIFT2_BOARD_INTERVAL 3.7666015625 3.76953125 PASS 24.6
LIFT2_BOARD_INTERVAL 3.76953125 3.7724609375 PASS 24.6
LIFT2_BOARD_INTERVAL 3.7724609375 3.775390625 PASS 24.7
LIFT2_BOARD_INTERVAL 3.775390625 3.7783203125 PASS 24.7
LIFT2_BOARD_INTERVAL 3.7783203125 3.78125 PASS 24.7
LIFT2_BOARD_INTERVAL 3.78125 3.7841796875 PASS 24.8
LIFT2_BOARD_INTERVAL 3.7841796875 3.787109375 PASS 24.8
LIFT2_BOARD_INTERVAL 3.787109375 3.7900390625 PASS 24.9
LIFT2_BOARD_INTERVAL 3.7900390625 3.79296875 PASS 24.9
LIFT2_BOARD_INTERVAL 3.79296875 3.7958984375 PASS 25.0
LIFT2_BOARD_INTERVAL 3.7958984375 3.798828125 PASS 25.0
LIFT2_BOARD_INTERVAL 3.798828125 3.8017578125 PASS 25.0
LIFT2_BOARD_INTERVAL 3.8017578125 3.8046875 PASS 25.1
LIFT2_BOARD_INTERVAL 3.8046875 3.8076171875 PASS 25.1
LIFT2_BOARD_INTERVAL 3.8076171875 3.810546875 PASS 25.1
LIFT2_BOARD_INTERVAL 3.810546875 3.8134765625 PASS 25.2
LIFT2_BOARD_INTERVAL 3.8134765625 3.81640625 PASS 25.2
LIFT2_BOARD_INTERVAL 3.81640625 3.8193359375 PASS 25.3
LIFT2_BOARD_INTERVAL 3.8193359375 3.822265625 PASS 25.3
LIFT2_BOARD_INTERVAL 3.822265625 3.8251953125 PASS 25.3
LIFT2_BOARD_INTERVAL 3.8251953125 3.828125 PASS 25.4
LIFT2_BOARD_INTERVAL 3.828125 3.8310546875 PASS 25.4
LIFT2_BOARD_INTERVAL 3.8310546875 3.833984375 PASS 25.5
LIFT2_BOARD_INTERVAL 3.833984375 3.8369140625 PASS 25.5
LIFT2_BOARD_INTERVAL 3.8369140625 3.83984375 PASS 25.5
LIFT2_BOARD_INTERVAL 3.83984375 3.8427734375 PASS 25.6
LIFT2_BOARD_INTERVAL 3.8427734375 3.845703125 PASS 25.6
LIFT2_BOARD_INTERVAL 3.845703125 3.8486328125 PASS 25.7
LIFT2_BOARD_INTERVAL 3.8486328125 3.8515625 PASS 25.7
LIFT2_BOARD_INTERVAL 3.8515625 3.8544921875 PASS 25.7
LIFT2_BOARD_INTERVAL 3.8544921875 3.857421875 PASS 25.8
LIFT2_BOARD_INTERVAL 3.857421875 3.8603515625 PASS 25.8
LIFT2_BOARD_INTERVAL 3.8603515625 3.86328125 PASS 25.8
LIFT2_BOARD_INTERVAL 3.86328125 3.8662109375 PASS 25.9
LIFT2_BOARD_INTERVAL 3.8662109375 3.869140625 PASS 25.9
LIFT2_BOARD_INTERVAL 3.869140625 3.8720703125 PASS 26.0
LIFT2_BOARD_INTERVAL 3.8720703125 3.875 PASS 26.0
LIFT2_BOARD_INTERVAL 3.875 3.8779296875 PASS 26.1
LIFT2_BOARD_INTERVAL 3.8779296875 3.880859375 PASS 26.1
LIFT2_BOARD_INTERVAL 3.880859375 3.8837890625 PASS 26.1
LIFT2_BOARD_INTERVAL 3.8837890625 3.88671875 PASS 26.2
LIFT2_BOARD_INTERVAL 3.88671875 3.8896484375 PASS 26.2
LIFT2_BOARD_INTERVAL 3.8896484375 3.892578125 PASS 26.3
LIFT2_BOARD_INTERVAL 3.892578125 3.8955078125 PASS 26.3
LIFT2_BOARD_INTERVAL 3.8955078125 3.8984375 PASS 26.3
LIFT2_BOARD_INTERVAL 3.8984375 3.9013671875 PASS 26.4
LIFT2_BOARD_INTERVAL 3.9013671875 3.904296875 PASS 26.4
LIFT2_BOARD_INTERVAL 3.904296875 3.9072265625 PASS 26.5
LIFT2_BOARD_INTERVAL 3.9072265625 3.91015625 PASS 26.5
LIFT2_BOARD_INTERVAL 3.91015625 3.9130859375 PASS 26.5
LIFT2_BOARD_INTERVAL 3.9130859375 3.916015625 PASS 26.6
LIFT2_BOARD_INTERVAL 3.916015625 3.9189453125 PASS 26.6
LIFT2_BOARD_INTERVAL 3.9189453125 3.921875 PASS 26.6
LIFT2_BOARD_INTERVAL 3.921875 3.9248046875 PASS 26.7
LIFT2_BOARD_INTERVAL 3.9248046875 3.927734375 PASS 26.7
LIFT2_BOARD_INTERVAL 3.927734375 3.9306640625 PASS 26.8
LIFT2_BOARD_INTERVAL 3.9306640625 3.93359375 PASS 26.8
LIFT2_BOARD_INTERVAL 3.93359375 3.9365234375 PASS 26.9
LIFT2_BOARD_INTERVAL 3.9365234375 3.939453125 PASS 26.9
LIFT2_BOARD_INTERVAL 3.939453125 3.9423828125 PASS 26.9
LIFT2_BOARD_INTERVAL 3.9423828125 3.9453125 PASS 27.0
LIFT2_BOARD_INTERVAL 3.9453125 3.9482421875 PASS 27.0
LIFT2_BOARD_INTERVAL 3.9482421875 3.951171875 PASS 27.1
LIFT2_BOARD_INTERVAL 3.951171875 3.9541015625 PASS 27.1
LIFT2_BOARD_INTERVAL 3.9541015625 3.95703125 PASS 27.1
LIFT2_BOARD_INTERVAL 3.95703125 3.9599609375 PASS 27.2
LIFT2_BOARD_INTERVAL 3.9599609375 3.962890625 PASS 27.2
LIFT2_BOARD_INTERVAL 3.962890625 3.9658203125 PASS 27.2
LIFT2_BOARD_INTERVAL 3.9658203125 3.96875 PASS 27.3
LIFT2_BOARD_INTERVAL 3.96875 3.9716796875 PASS 27.3
LIFT2_BOARD_INTERVAL 3.9716796875 3.974609375 PASS 27.4
LIFT2_BOARD_INTERVAL 3.974609375 3.9775390625 PASS 27.4
LIFT2_BOARD_INTERVAL 3.9775390625 3.98046875 PASS 27.4
LIFT2_BOARD_INTERVAL 3.98046875 3.9833984375 PASS 27.5
LIFT2_BOARD_INTERVAL 3.9833984375 3.986328125 PASS 27.5
LIFT2_BOARD_INTERVAL 3.986328125 3.9892578125 PASS 27.6
LIFT2_BOARD_INTERVAL 3.9892578125 3.9921875 PASS 27.6
LIFT2_BOARD_INTERVAL 3.9921875 3.9951171875 PASS 27.6
LIFT2_BOARD_INTERVAL 3.9951171875 3.998046875 PASS 27.7
LIFT2_BOARD_INTERVAL 3.998046875 4.0009765625 PASS 27.7
LIFT2_BOARD_INTERVAL 4.0009765625 4.00390625 PASS 27.8
LIFT2_BOARD_INTERVAL 4.00390625 4.0068359375 PASS 27.8
LIFT2_BOARD_INTERVAL 4.0068359375 4.009765625 PASS 27.8
LIFT2_BOARD_INTERVAL 4.009765625 4.0126953125 PASS 27.9
LIFT2_BOARD_INTERVAL 4.0126953125 4.015625 PASS 27.9
LIFT2_BOARD_INTERVAL 4.015625 4.0185546875 PASS 28.0
LIFT2_BOARD_INTERVAL 4.0185546875 4.021484375 PASS 28.0
LIFT2_BOARD_INTERVAL 4.021484375 4.0244140625 PASS 28.0
LIFT2_BOARD_INTERVAL 4.0244140625 4.02734375 PASS 28.1
LIFT2_BOARD_INTERVAL 4.02734375 4.0302734375 PASS 28.1
LIFT2_BOARD_INTERVAL 4.0302734375 4.033203125 PASS 28.2
LIFT2_BOARD_INTERVAL 4.033203125 4.0361328125 PASS 28.2
LIFT2_BOARD_INTERVAL 4.0361328125 4.0390625 PASS 28.2
LIFT2_BOARD_INTERVAL 4.0390625 4.0419921875 PASS 28.3
LIFT2_BOARD_INTERVAL 4.0419921875 4.044921875 PASS 28.3
LIFT2_BOARD_INTERVAL 4.044921875 4.0478515625 PASS 28.4
LIFT2_BOARD_INTERVAL 4.0478515625 4.05078125 PASS 28.4
LIFT2_BOARD_INTERVAL 4.05078125 4.0537109375 PASS 28.4
LIFT2_BOARD_INTERVAL 4.0537109375 4.056640625 PASS 28.5
LIFT2_BOARD_INTERVAL 4.056640625 4.0595703125 PASS 28.5
LIFT2_BOARD_INTERVAL 4.0595703125 4.0625 PASS 28.5
LIFT2_BOARD_INTERVAL 4.0625 4.0654296875 PASS 28.6
LIFT2_BOARD_INTERVAL 4.0654296875 4.068359375 PASS 28.6
LIFT2_BOARD_INTERVAL 4.068359375 4.0712890625 PASS 28.7
LIFT2_BOARD_INTERVAL 4.0712890625 4.07421875 PASS 28.7
LIFT2_BOARD_INTERVAL 4.07421875 4.0771484375 PASS 28.7
LIFT2_BOARD_INTERVAL 4.0771484375 4.080078125 PASS 28.8
LIFT2_BOARD_INTERVAL 4.080078125 4.0830078125 PASS 28.8
LIFT2_BOARD_INTERVAL 4.0830078125 4.0859375 PASS 28.8
LIFT2_BOARD_INTERVAL 4.0859375 4.0888671875 PASS 28.9
LIFT2_BOARD_INTERVAL 4.0888671875 4.091796875 PASS 28.9
LIFT2_BOARD_INTERVAL 4.091796875 4.0947265625 PASS 28.9
LIFT2_BOARD_INTERVAL 4.0947265625 4.09765625 PASS 29.0
LIFT2_BOARD_INTERVAL 4.09765625 4.1005859375 PASS 29.0
LIFT2_BOARD_INTERVAL 4.1005859375 4.103515625 PASS 29.0
LIFT2_BOARD_INTERVAL 4.103515625 4.1064453125 PASS 29.1
LIFT2_BOARD_INTERVAL 4.1064453125 4.109375 PASS 29.1
LIFT2_BOARD_INTERVAL 4.109375 4.1123046875 PASS 29.2
LIFT2_BOARD_INTERVAL 4.1123046875 4.115234375 PASS 29.2
LIFT2_BOARD_INTERVAL 4.115234375 4.1181640625 PASS 29.2
LIFT2_BOARD_INTERVAL 4.1181640625 4.12109375 PASS 29.3
LIFT2_BOARD_INTERVAL 4.12109375 4.1240234375 PASS 29.3
LIFT2_BOARD_INTERVAL 4.1240234375 4.126953125 PASS 29.3
LIFT2_BOARD_INTERVAL 4.126953125 4.1298828125 PASS 29.4
LIFT2_BOARD_INTERVAL 4.1298828125 4.1328125 PASS 29.4
LIFT2_BOARD_INTERVAL 4.1328125 4.1357421875 PASS 29.4
LIFT2_BOARD_INTERVAL 4.1357421875 4.138671875 PASS 29.5
LIFT2_BOARD_INTERVAL 4.138671875 4.1416015625 PASS 29.5
LIFT2_BOARD_INTERVAL 4.1416015625 4.14453125 PASS 29.5
LIFT2_BOARD_INTERVAL 4.14453125 4.1474609375 PASS 29.6
LIFT2_BOARD_INTERVAL 4.1474609375 4.150390625 PASS 29.6
LIFT2_BOARD_INTERVAL 4.150390625 4.1533203125 PASS 29.6
LIFT2_BOARD_INTERVAL 4.1533203125 4.15625 PASS 29.7
LIFT2_BOARD_INTERVAL 4.15625 4.1591796875 PASS 29.7
LIFT2_BOARD_INTERVAL 4.1591796875 4.162109375 PASS 29.8
LIFT2_BOARD_INTERVAL 4.162109375 4.1650390625 PASS 29.8
LIFT2_BOARD_INTERVAL 4.1650390625 4.16796875 PASS 29.8
LIFT2_BOARD_INTERVAL 4.16796875 4.1708984375 PASS 29.9
LIFT2_BOARD_INTERVAL 4.1708984375 4.173828125 PASS 29.9
LIFT2_BOARD_INTERVAL 4.173828125 4.1767578125 PASS 29.9
LIFT2_BOARD_INTERVAL 4.1767578125 4.1796875 PASS 30.0
LIFT2_BOARD_INTERVAL 4.1796875 4.1826171875 PASS 30.0
LIFT2_BOARD_INTERVAL 4.1826171875 4.185546875 PASS 30.0
LIFT2_BOARD_INTERVAL 4.185546875 4.1884765625 PASS 30.1
LIFT2_BOARD_INTERVAL 4.1884765625 4.19140625 PASS 30.1
LIFT2_BOARD_INTERVAL 4.19140625 4.1943359375 PASS 30.1
LIFT2_BOARD_INTERVAL 4.1943359375 4.197265625 PASS 30.2
LIFT2_BOARD_INTERVAL 4.197265625 4.2001953125 PASS 30.2
LIFT2_BOARD_INTERVAL 4.2001953125 4.203125 PASS 30.2
LIFT2_BOARD_INTERVAL 4.203125 4.2060546875 PASS 30.3
LIFT2_BOARD_INTERVAL 4.2060546875 4.208984375 PASS 30.3
LIFT2_BOARD_INTERVAL 4.208984375 4.2119140625 PASS 30.3
LIFT2_BOARD_INTERVAL 4.2119140625 4.21484375 PASS 30.4
LIFT2_BOARD_INTERVAL 4.21484375 4.2177734375 PASS 30.4
LIFT2_BOARD_INTERVAL 4.2177734375 4.220703125 PASS 30.4
LIFT2_BOARD_INTERVAL 4.220703125 4.2236328125 PASS 30.5
LIFT2_BOARD_INTERVAL 4.2236328125 4.2265625 PASS 30.5
LIFT2_BOARD_INTERVAL 4.2265625 4.2294921875 PASS 30.6
LIFT2_BOARD_INTERVAL 4.2294921875 4.232421875 PASS 30.6
LIFT2_BOARD_INTERVAL 4.232421875 4.2353515625 PASS 30.6
LIFT2_BOARD_INTERVAL 4.2353515625 4.23828125 PASS 30.6
LIFT2_BOARD_INTERVAL 4.23828125 4.2412109375 PASS 30.7
LIFT2_BOARD_INTERVAL 4.2412109375 4.244140625 PASS 30.7
LIFT2_BOARD_INTERVAL 4.244140625 4.2470703125 PASS 30.8
LIFT2_BOARD_INTERVAL 4.2470703125 4.25 PASS 30.8
LIFT2_BOARD_INTERVAL 4.25 4.2529296875 PASS 30.9
LIFT2_BOARD_INTERVAL 4.2529296875 4.255859375 PASS 30.9
LIFT2_BOARD_INTERVAL 4.255859375 4.2587890625 PASS 30.9
LIFT2_BOARD_INTERVAL 4.2587890625 4.26171875 PASS 30.9
LIFT2_BOARD_INTERVAL 4.26171875 4.2646484375 PASS 31.0
LIFT2_BOARD_INTERVAL 4.2646484375 4.267578125 PASS 31.0
LIFT2_BOARD_INTERVAL 4.267578125 4.2705078125 PASS 31.0
LIFT2_BOARD_INTERVAL 4.2705078125 4.2734375 PASS 31.1
LIFT2_BOARD_INTERVAL 4.2734375 4.2763671875 PASS 31.1
LIFT2_BOARD_INTERVAL 4.2763671875 4.279296875 PASS 31.2
LIFT2_BOARD_INTERVAL 4.279296875 4.2822265625 PASS 31.2
LIFT2_BOARD_INTERVAL 4.2822265625 4.28515625 PASS 31.2
LIFT2_BOARD_INTERVAL 4.28515625 4.2880859375 PASS 31.3
LIFT2_BOARD_INTERVAL 4.2880859375 4.291015625 PASS 31.3
LIFT2_BOARD_INTERVAL 4.291015625 4.2939453125 PASS 31.3
LIFT2_BOARD_INTERVAL 4.2939453125 4.296875 PASS 31.4
LIFT2_BOARD_INTERVAL 4.296875 4.2998046875 PASS 31.4
LIFT2_BOARD_INTERVAL 4.2998046875 4.302734375 PASS 31.5
LIFT2_BOARD_INTERVAL 4.302734375 4.3056640625 PASS 31.5
LIFT2_BOARD_INTERVAL 4.3056640625 4.30859375 PASS 31.5
LIFT2_BOARD_INTERVAL 4.30859375 4.3115234375 PASS 31.6
LIFT2_BOARD_INTERVAL 4.3115234375 4.314453125 PASS 31.6
LIFT2_BOARD_INTERVAL 4.314453125 4.3173828125 PASS 31.6
LIFT2_BOARD_INTERVAL 4.3173828125 4.3203125 PASS 31.6
LIFT2_BOARD_INTERVAL 4.3203125 4.3232421875 PASS 31.7
LIFT2_BOARD_INTERVAL 4.3232421875 4.326171875 PASS 31.7
LIFT2_BOARD_INTERVAL 4.326171875 4.3291015625 PASS 31.8
LIFT2_BOARD_INTERVAL 4.3291015625 4.33203125 PASS 31.8
LIFT2_BOARD_INTERVAL 4.33203125 4.3349609375 PASS 31.8
LIFT2_BOARD_INTERVAL 4.3349609375 4.337890625 PASS 31.9
LIFT2_BOARD_INTERVAL 4.337890625 4.3408203125 PASS 31.9
LIFT2_BOARD_INTERVAL 4.3408203125 4.34375 PASS 31.9
LIFT2_BOARD_INTERVAL 4.34375 4.3466796875 PASS 32.0
LIFT2_BOARD_INTERVAL 4.3466796875 4.349609375 PASS 32.0
LIFT2_BOARD_INTERVAL 4.349609375 4.3525390625 PASS 32.0
LIFT2_BOARD_INTERVAL 4.3525390625 4.35546875 PASS 32.1
LIFT2_BOARD_INTERVAL 4.35546875 4.3583984375 PASS 32.1
LIFT2_BOARD_INTERVAL 4.3583984375 4.361328125 PASS 32.1
LIFT2_BOARD_INTERVAL 4.361328125 4.3642578125 PASS 32.3
LIFT2_BOARD_INTERVAL 4.3642578125 4.3671875 PASS 32.3
LIFT2_BOARD_INTERVAL 4.3671875 4.3701171875 PASS 32.4
LIFT2_BOARD_INTERVAL 4.3701171875 4.373046875 PASS 32.4
LIFT2_BOARD_INTERVAL 4.373046875 4.3759765625 PASS 32.4
LIFT2_BOARD_INTERVAL 4.3759765625 4.37890625 PASS 32.5
LIFT2_BOARD_INTERVAL 4.37890625 4.3818359375 PASS 32.5
LIFT2_BOARD_INTERVAL 4.3818359375 4.384765625 PASS 32.5
LIFT2_BOARD_INTERVAL 4.384765625 4.3876953125 PASS 32.6
LIFT2_BOARD_INTERVAL 4.3876953125 4.390625 PASS 32.6
LIFT2_BOARD_INTERVAL 4.390625 4.3935546875 PASS 32.7
LIFT2_BOARD_INTERVAL 4.3935546875 4.396484375 PASS 32.7
LIFT2_BOARD_INTERVAL 4.396484375 4.3994140625 PASS 32.7
LIFT2_BOARD_INTERVAL 4.3994140625 4.40234375 PASS 32.8
LIFT2_BOARD_INTERVAL 4.40234375 4.4052734375 PASS 32.8
LIFT2_BOARD_INTERVAL 4.4052734375 4.408203125 PASS 32.8
LIFT2_BOARD_INTERVAL 4.408203125 4.4111328125 PASS 32.9
LIFT2_BOARD_INTERVAL 4.4111328125 4.4140625 PASS 32.9
LIFT2_BOARD_INTERVAL 4.4140625 4.4169921875 PASS 32.9
LIFT2_BOARD_INTERVAL 4.4169921875 4.419921875 PASS 33.0
LIFT2_BOARD_INTERVAL 4.419921875 4.4228515625 PASS 33.0
LIFT2_BOARD_INTERVAL 4.4228515625 4.42578125 PASS 33.0
LIFT2_BOARD_INTERVAL 4.42578125 4.4287109375 PASS 33.1
LIFT2_BOARD_INTERVAL 4.4287109375 4.431640625 PASS 33.1
LIFT2_BOARD_INTERVAL 4.431640625 4.4345703125 PASS 33.1
LIFT2_BOARD_INTERVAL 4.4345703125 4.4375 PASS 33.2
LIFT2_BOARD_INTERVAL 4.4375 4.4404296875 PASS 33.2
LIFT2_BOARD_INTERVAL 4.4404296875 4.443359375 PASS 33.2
LIFT2_BOARD_INTERVAL 4.443359375 4.4462890625 PASS 33.3
LIFT2_BOARD_INTERVAL 4.4462890625 4.44921875 PASS 33.3
LIFT2_BOARD_INTERVAL 4.44921875 4.4521484375 PASS 33.3
LIFT2_BOARD_INTERVAL 4.4521484375 4.455078125 PASS 33.4
LIFT2_BOARD_INTERVAL 4.455078125 4.4580078125 PASS 33.4
LIFT2_BOARD_INTERVAL 4.4580078125 4.4609375 PASS 33.4
LIFT2_BOARD_INTERVAL 4.4609375 4.4638671875 PASS 33.5
LIFT2_BOARD_INTERVAL 4.4638671875 4.466796875 PASS 33.5
LIFT2_BOARD_INTERVAL 4.466796875 4.4697265625 PASS 33.6
LIFT2_BOARD_INTERVAL 4.4697265625 4.47265625 PASS 33.6
LIFT2_BOARD_INTERVAL 4.47265625 4.4755859375 PASS 33.6
LIFT2_BOARD_INTERVAL 4.4755859375 4.478515625 PASS 33.7
LIFT2_BOARD_INTERVAL 4.478515625 4.4814453125 PASS 33.7
LIFT2_BOARD_INTERVAL 4.4814453125 4.484375 PASS 33.7
LIFT2_BOARD_INTERVAL 4.484375 4.4873046875 PASS 33.8
LIFT2_BOARD_INTERVAL 4.4873046875 4.490234375 PASS 33.8
LIFT2_BOARD_INTERVAL 4.490234375 4.4931640625 PASS 33.8
LIFT2_BOARD_INTERVAL 4.4931640625 4.49609375 PASS 33.9
LIFT2_BOARD_INTERVAL 4.49609375 4.4990234375 PASS 33.9
LIFT2_BOARD_INTERVAL 4.4990234375 4.501953125 PASS 33.9
LIFT2_BOARD_INTERVAL 4.501953125 4.5048828125 PASS 34.0
LIFT2_BOARD_INTERVAL 4.5048828125 4.5078125 PASS 34.0
LIFT2_BOARD_INTERVAL 4.5078125 4.5107421875 PASS 34.0
LIFT2_BOARD_INTERVAL 4.5107421875 4.513671875 PASS 34.1
LIFT2_BOARD_INTERVAL 4.513671875 4.5166015625 PASS 34.1
LIFT2_BOARD_INTERVAL 4.5166015625 4.51953125 PASS 34.1
LIFT2_BOARD_INTERVAL 4.51953125 4.5224609375 PASS 34.2
LIFT2_BOARD_INTERVAL 4.5224609375 4.525390625 PASS 34.2
LIFT2_BOARD_INTERVAL 4.525390625 4.5283203125 PASS 34.2
LIFT2_BOARD_INTERVAL 4.5283203125 4.53125 PASS 34.3
LIFT2_BOARD_INTERVAL 4.53125 4.5341796875 PASS 34.3
LIFT2_BOARD_INTERVAL 4.5341796875 4.537109375 PASS 34.3
LIFT2_BOARD_INTERVAL 4.537109375 4.5400390625 PASS 34.4
LIFT2_BOARD_INTERVAL 4.5400390625 4.54296875 PASS 34.4
LIFT2_BOARD_INTERVAL 4.54296875 4.5458984375 PASS 34.5
LIFT2_BOARD_INTERVAL 4.5458984375 4.548828125 PASS 34.5
LIFT2_BOARD_INTERVAL 4.548828125 4.5517578125 PASS 34.5
LIFT2_BOARD_INTERVAL 4.5517578125 4.5546875 PASS 34.5
LIFT2_BOARD_INTERVAL 4.5546875 4.5576171875 PASS 34.6
LIFT2_BOARD_INTERVAL 4.5576171875 4.560546875 PASS 34.6
LIFT2_BOARD_INTERVAL 4.560546875 4.5634765625 PASS 34.7
LIFT2_BOARD_INTERVAL 4.5634765625 4.56640625 PASS 34.7
LIFT2_BOARD_INTERVAL 4.56640625 4.5693359375 PASS 34.7
LIFT2_BOARD_INTERVAL 4.5693359375 4.572265625 PASS 34.8
LIFT2_BOARD_INTERVAL 4.572265625 4.5751953125 PASS 34.8
LIFT2_BOARD_INTERVAL 4.5751953125 4.578125 PASS 34.8
LIFT2_BOARD_INTERVAL 4.578125 4.5810546875 PASS 34.9
LIFT2_BOARD_INTERVAL 4.5810546875 4.583984375 PASS 34.9
LIFT2_BOARD_INTERVAL 4.583984375 4.5869140625 PASS 34.9
LIFT2_BOARD_INTERVAL 4.5869140625 4.58984375 PASS 35.0
LIFT2_BOARD_INTERVAL 4.58984375 4.5927734375 PASS 35.0
LIFT2_BOARD_INTERVAL 4.5927734375 4.595703125 PASS 35.0
LIFT2_BOARD_INTERVAL 4.595703125 4.5986328125 PASS 35.1
LIFT2_BOARD_INTERVAL 4.5986328125 4.6015625 PASS 35.1
LIFT2_BOARD_INTERVAL 4.6015625 4.6044921875 PASS 35.1
LIFT2_BOARD_INTERVAL 4.6044921875 4.607421875 PASS 35.2
LIFT2_BOARD_INTERVAL 4.607421875 4.6103515625 PASS 35.2
LIFT2_BOARD_INTERVAL 4.6103515625 4.61328125 PASS 35.2
LIFT2_BOARD_INTERVAL 4.61328125 4.6162109375 PASS 35.3
LIFT2_BOARD_INTERVAL 4.6162109375 4.619140625 PASS 35.3
LIFT2_BOARD_INTERVAL 4.619140625 4.6220703125 PASS 35.3
LIFT2_BOARD_INTERVAL 4.6220703125 4.625 PASS 35.4
LIFT2_BOARD_INTERVAL 4.625 4.6279296875 PASS 35.4
LIFT2_BOARD_INTERVAL 4.6279296875 4.630859375 PASS 35.5
LIFT2_BOARD_INTERVAL 4.630859375 4.6337890625 PASS 35.5
LIFT2_BOARD_INTERVAL 4.6337890625 4.63671875 PASS 35.5
LIFT2_BOARD_INTERVAL 4.63671875 4.6396484375 PASS 35.6
LIFT2_BOARD_INTERVAL 4.6396484375 4.642578125 PASS 35.6
LIFT2_BOARD_INTERVAL 4.642578125 4.6455078125 PASS 35.6
LIFT2_BOARD_INTERVAL 4.6455078125 4.6484375 PASS 35.7
LIFT2_BOARD_INTERVAL 4.6484375 4.6513671875 PASS 35.7
LIFT2_BOARD_INTERVAL 4.6513671875 4.654296875 PASS 35.8
LIFT2_BOARD_INTERVAL 4.654296875 4.6572265625 PASS 35.8
LIFT2_BOARD_INTERVAL 4.6572265625 4.66015625 PASS 35.8
LIFT2_BOARD_INTERVAL 4.66015625 4.6630859375 PASS 35.9
LIFT2_BOARD_INTERVAL 4.6630859375 4.666015625 PASS 35.9
LIFT2_BOARD_INTERVAL 4.666015625 4.6689453125 PASS 35.9
LIFT2_BOARD_INTERVAL 4.6689453125 4.671875 PASS 36.0
LIFT2_BOARD_INTERVAL 4.671875 4.6748046875 PASS 36.0
LIFT2_BOARD_INTERVAL 4.6748046875 4.677734375 PASS 36.0
LIFT2_BOARD_INTERVAL 4.677734375 4.6806640625 PASS 36.1
LIFT2_BOARD_INTERVAL 4.6806640625 4.68359375 PASS 36.1
LIFT2_BOARD_INTERVAL 4.68359375 4.6865234375 PASS 36.2
LIFT2_BOARD_INTERVAL 4.6865234375 4.689453125 PASS 36.2
LIFT2_BOARD_INTERVAL 4.689453125 4.6923828125 PASS 36.2
LIFT2_BOARD_INTERVAL 4.6923828125 4.6953125 PASS 36.3
LIFT2_BOARD_INTERVAL 4.6953125 4.6982421875 PASS 36.3
LIFT2_BOARD_INTERVAL 4.6982421875 4.701171875 PASS 36.3
LIFT2_BOARD_INTERVAL 4.701171875 4.7041015625 PASS 36.4
LIFT2_BOARD_INTERVAL 4.7041015625 4.70703125 PASS 36.4
LIFT2_BOARD_INTERVAL 4.70703125 4.7099609375 PASS 36.4
LIFT2_BOARD_INTERVAL 4.7099609375 4.712890625 PASS 36.5
LIFT2_BOARD_INTERVAL 4.712890625 4.7158203125 PASS 36.5
LIFT2_BOARD_INTERVAL 4.7158203125 4.71875 PASS 36.5
LIFT2_BOARD_INTERVAL 4.71875 4.7216796875 PASS 36.6
LIFT2_BOARD_INTERVAL 4.7216796875 4.724609375 PASS 36.6
LIFT2_BOARD_INTERVAL 4.724609375 4.7275390625 PASS 36.6
LIFT2_BOARD_INTERVAL 4.7275390625 4.73046875 PASS 36.7
LIFT2_BOARD_INTERVAL 4.73046875 4.7333984375 PASS 36.7
LIFT2_BOARD_INTERVAL 4.7333984375 4.736328125 PASS 36.7
LIFT2_BOARD_INTERVAL 4.736328125 4.7392578125 PASS 36.8
LIFT2_BOARD_INTERVAL 4.7392578125 4.7421875 PASS 36.8
LIFT2_BOARD_INTERVAL 4.7421875 4.7451171875 PASS 36.9
LIFT2_BOARD_INTERVAL 4.7451171875 4.748046875 PASS 36.9
LIFT2_BOARD_INTERVAL 4.748046875 4.7509765625 PASS 36.9
LIFT2_BOARD_INTERVAL 4.7509765625 4.75390625 PASS 37.0
LIFT2_BOARD_INTERVAL 4.75390625 4.7568359375 PASS 37.0
LIFT2_BOARD_INTERVAL 4.7568359375 4.759765625 PASS 37.0
LIFT2_BOARD_INTERVAL 4.759765625 4.7626953125 PASS 37.1
LIFT2_BOARD_INTERVAL 4.7626953125 4.765625 PASS 37.1
LIFT2_BOARD_INTERVAL 4.765625 4.7685546875 PASS 37.2
LIFT2_BOARD_INTERVAL 4.7685546875 4.771484375 PASS 37.2
LIFT2_BOARD_INTERVAL 4.771484375 4.7744140625 PASS 37.2
LIFT2_BOARD_INTERVAL 4.7744140625 4.77734375 PASS 37.3
LIFT2_BOARD_INTERVAL 4.77734375 4.7802734375 PASS 37.3
LIFT2_BOARD_INTERVAL 4.7802734375 4.783203125 PASS 37.3
LIFT2_BOARD_INTERVAL 4.783203125 4.7861328125 PASS 37.4
LIFT2_BOARD_INTERVAL 4.7861328125 4.7890625 PASS 37.4
LIFT2_BOARD_INTERVAL 4.7890625 4.7919921875 PASS 37.4
LIFT2_BOARD_INTERVAL 4.7919921875 4.794921875 PASS 37.5
LIFT2_BOARD_INTERVAL 4.794921875 4.7978515625 PASS 37.5
LIFT2_BOARD_INTERVAL 4.7978515625 4.80078125 PASS 37.5
LIFT2_BOARD_INTERVAL 4.80078125 4.8037109375 PASS 37.6
LIFT2_BOARD_INTERVAL 4.8037109375 4.806640625 PASS 37.6
LIFT2_BOARD_INTERVAL 4.806640625 4.8095703125 PASS 37.6
LIFT2_BOARD_INTERVAL 4.8095703125 4.8125 PASS 37.7
LIFT2_BOARD_INTERVAL 4.8125 4.8154296875 PASS 37.7
LIFT2_BOARD_INTERVAL 4.8154296875 4.818359375 PASS 37.8
LIFT2_BOARD_INTERVAL 4.818359375 4.8212890625 PASS 37.8
LIFT2_BOARD_INTERVAL 4.8212890625 4.82421875 PASS 37.8
LIFT2_BOARD_INTERVAL 4.82421875 4.8271484375 PASS 37.9
LIFT2_BOARD_INTERVAL 4.8271484375 4.830078125 PASS 37.9
LIFT2_BOARD_INTERVAL 4.830078125 4.8330078125 PASS 37.9
LIFT2_BOARD_INTERVAL 4.8330078125 4.8359375 PASS 38.0
LIFT2_BOARD_INTERVAL 4.8359375 4.8388671875 PASS 38.0
LIFT2_BOARD_INTERVAL 4.8388671875 4.841796875 PASS 38.1
LIFT2_BOARD_INTERVAL 4.841796875 4.8447265625 PASS 38.1
LIFT2_BOARD_INTERVAL 4.8447265625 4.84765625 PASS 38.1
LIFT2_BOARD_INTERVAL 4.84765625 4.8505859375 PASS 38.2
LIFT2_BOARD_INTERVAL 4.8505859375 4.853515625 PASS 38.2
LIFT2_BOARD_INTERVAL 4.853515625 4.8564453125 PASS 38.2
LIFT2_BOARD_INTERVAL 4.8564453125 4.859375 PASS 38.3
LIFT2_BOARD_INTERVAL 4.859375 4.8623046875 PASS 38.3
LIFT2_BOARD_INTERVAL 4.8623046875 4.865234375 PASS 38.3
LIFT2_BOARD_INTERVAL 4.865234375 4.8681640625 PASS 38.4
LIFT2_BOARD_INTERVAL 4.8681640625 4.87109375 PASS 38.4
LIFT2_BOARD_INTERVAL 4.87109375 4.8740234375 PASS 38.4
LIFT2_BOARD_INTERVAL 4.8740234375 4.876953125 PASS 38.5
LIFT2_BOARD_INTERVAL 4.876953125 4.8798828125 PASS 38.5
LIFT2_BOARD_INTERVAL 4.8798828125 4.8828125 PASS 38.5
LIFT2_BOARD_INTERVAL 4.8828125 4.8857421875 PASS 38.6
LIFT2_BOARD_INTERVAL 4.8857421875 4.888671875 PASS 38.6
LIFT2_BOARD_INTERVAL 4.888671875 4.8916015625 PASS 38.7
LIFT2_BOARD_INTERVAL 4.8916015625 4.89453125 PASS 38.7
LIFT2_BOARD_INTERVAL 4.89453125 4.8974609375 PASS 38.7
LIFT2_BOARD_INTERVAL 4.8974609375 4.900390625 PASS 38.8
LIFT2_BOARD_INTERVAL 4.900390625 4.90625 PASS 38.8
LIFT2_BOARD_INTERVAL 4.90625 4.953125 PASS 38.8
LIFT2_BOARD_INTERVAL 4.953125 5.0 PASS 38.9
LIFT2_BOARD_INTERVAL 5.0 5.046875 PASS 38.9
LIFT2_BOARD_INTERVAL 5.046875 5.09375 PASS 38.9
LIFT2_BOARD_INTERVAL 5.09375 5.140625 PASS 39.0
LIFT2_BOARD_INTERVAL 5.140625 5.1875 PASS 39.0
LIFT2_BOARD_INTERVAL 5.1875 5.234375 PASS 39.1
LIFT2_BOARD_INTERVAL 5.234375 5.28125 PASS 39.1
LIFT2_BOARD_INTERVAL 5.28125 5.328125 PASS 39.1
LIFT2_BOARD_INTERVAL 5.328125 5.375 PASS 39.2
LIFT2_BOARD_INTERVAL 5.375 5.421875 PASS 39.2
LIFT2_BOARD_INTERVAL 5.421875 5.46875 PASS 39.2
LIFT2_BOARD_INTERVAL 5.46875 5.515625 PASS 39.3
LIFT2_BOARD_INTERVAL 5.515625 5.5625 PASS 39.3
LIFT2_BOARD_INTERVAL 5.5625 5.609375 PASS 39.3
LIFT2_BOARD_INTERVAL 5.609375 5.65625 PASS 39.4
LIFT2_BOARD_INTERVAL 5.65625 5.703125 PASS 39.4
LIFT2_BOARD_INTERVAL 5.703125 5.75 PASS 39.4
LIFT2_BOARD_INTERVAL 5.75 5.796875 PASS 39.5
LIFT2_BOARD_INTERVAL 5.796875 5.84375 PASS 39.5
LIFT2_BOARD_INTERVAL 5.84375 5.890625 PASS 39.5
LIFT2_BOARD_INTERVAL 5.890625 5.9375 PASS 39.6
LIFT2_BOARD_INTERVAL 5.9375 5.984375 PASS 39.6
LIFT2_BOARD_INTERVAL 5.984375 6.03125 PASS 39.6
LIFT2_BOARD_INTERVAL 6.03125 6.078125 PASS 39.7
LIFT2_BOARD_INTERVAL 6.078125 6.125 PASS 39.7
LIFT2_BOARD_INTERVAL 6.125 6.171875 PASS 39.7
LIFT2_BOARD_INTERVAL 6.171875 6.21875 PASS 39.8
LIFT2_BOARD_INTERVAL 6.21875 6.265625 PASS 39.8
LIFT2_BOARD_INTERVAL 6.265625 6.3125 PASS 39.8
LIFT2_BOARD_INTERVAL 6.3125 6.359375 PASS 39.9
LIFT2_BOARD_INTERVAL 6.359375 6.40625 PASS 39.9
LIFT2_BOARD_INTERVAL 6.40625 6.453125 PASS 39.9
LIFT2_BOARD_INTERVAL 6.453125 6.5 PASS 40.0
LIFT2_BOARD_INTERVAL 6.5 6.546875 PASS 40.0
LIFT2_BOARD_INTERVAL 6.546875 6.59375 PASS 40.1
LIFT2_BOARD_INTERVAL 6.59375 6.640625 PASS 40.1
LIFT2_BOARD_INTERVAL 6.640625 6.6875 PASS 40.1
LIFT2_BOARD_INTERVAL 6.6875 6.734375 PASS 40.2
LIFT2_BOARD_INTERVAL 6.734375 6.78125 PASS 40.2
LIFT2_BOARD_INTERVAL 6.78125 6.828125 PASS 40.2
LIFT2_BOARD_INTERVAL 6.828125 6.875 PASS 40.3
LIFT2_BOARD_INTERVAL 6.875 6.921875 PASS 40.3
LIFT2_BOARD_INTERVAL 6.921875 6.96875 PASS 40.3
LIFT2_BOARD_INTERVAL 6.96875 7.015625 PASS 40.4
LIFT2_BOARD_INTERVAL 7.015625 7.0625 PASS 40.4
LIFT2_BOARD_INTERVAL 7.0625 7.109375 PASS 40.4
LIFT2_BOARD_INTERVAL 7.109375 7.15625 PASS 40.5
LIFT2_BOARD_INTERVAL 7.15625 7.203125 PASS 40.5
LIFT2_BOARD_INTERVAL 7.203125 7.25 PASS 40.5
LIFT2_BOARD_INTERVAL 7.25 7.296875 PASS 40.6
LIFT2_BOARD_INTERVAL 7.296875 7.34375 PASS 40.6
LIFT2_BOARD_INTERVAL 7.34375 7.390625 PASS 40.6
LIFT2_BOARD_INTERVAL 7.390625 7.4375 PASS 40.7
LIFT2_BOARD_INTERVAL 7.4375 7.484375 PASS 40.7
LIFT2_BOARD_INTERVAL 7.484375 7.53125 PASS 40.7
LIFT2_BOARD_INTERVAL 7.53125 7.578125 PASS 40.8
LIFT2_BOARD_INTERVAL 7.578125 7.625 PASS 40.8
LIFT2_BOARD_INTERVAL 7.625 7.671875 PASS 40.9
LIFT2_BOARD_INTERVAL 7.671875 7.71875 PASS 40.9
LIFT2_BOARD_INTERVAL 7.71875 7.765625 PASS 40.9
LIFT2_BOARD_INTERVAL 7.765625 7.8125 PASS 40.9
LIFT2_BOARD_INTERVAL 7.8125 7.859375 PASS 41.0
LIFT2_BOARD_INTERVAL 7.859375 7.90625 PASS 41.0
LIFT2_BOARD_INTERVAL 7.90625 7.953125 PASS 41.0
LIFT2_BOARD_INTERVAL 7.953125 8.0 PASS 41.1
LIFT2_BOARD_CONTINUOUS_DONE PASS 1057 0 None
Blender 5.2.2 LTS (hash d13f752e3b9c built 2026-09-15 01:49:19)

Blender quit
