00:00.388  blend            | Read blend: "/Users/dean/Documents/MORI/mechanical/mori_v1_2.blend"
LIFT2_BOARD_UNPROVED 2.0 2.0003662109375 {'kind': 'rigid', 'object': 'CAM_without_own_UART', 'obstacle': 'CAM_catalogue_housing', 'gap_mm': 5.722045912648355e-07, 'required_mm': 0.00028310546875}
LIFT2_BOARD_UNPROVED 2.0003662109375 2.000732421875 {'kind': 'rigid', 'object': 'CAM_without_own_UART', 'obstacle': 'CAM_catalogue_housing', 'gap_mm': 5.722045912648355e-07, 'required_mm': 0.00028310546875}
LIFT2_BOARD_UNPROVED 2.000732421875 2.0010986328125 {'kind': 'rigid', 'object': 'CAM_without_own_UART', 'obstacle': 'CAM_catalogue_housing', 'gap_mm': 5.722045912648355e-07, 'required_mm': 0.00028310546875}
LIFT2_BOARD_UNPROVED 2.0010986328125 2.00146484375 {'kind': 'rigid', 'object': 'CAM_without_own_UART', 'obstacle': 'CAM_catalogue_housing', 'gap_mm': 5.722045912648355e-07, 'required_mm': 0.00028310546875}
LIFT2_BOARD_UNPROVED 2.00146484375 2.0018310546875 {'kind': 'rigid', 'object': 'CAM_without_own_UART', 'obstacle': 'CAM_catalogue_housing', 'gap_mm': 5.722045912648355e-07, 'required_mm': 0.00028310546875}
LIFT2_BOARD_UNPROVED 2.0018310546875 2.002197265625 {'kind': 'rigid', 'object': 'CAM_without_own_UART', 'obstacle': 'CAM_catalogue_housing', 'gap_mm': 5.722045912648355e-07, 'required_mm': 0.00028310546875}
LIFT2_BOARD_UNPROVED 2.002197265625 2.0025634765625 {'kind': 'rigid', 'object': 'CAM_without_own_UART', 'obstacle': 'CAM_catalogue_housing', 'gap_mm': 5.722045912648355e-07, 'required_mm': 0.00028310546875}
LIFT2_BOARD_UNPROVED 2.0025634765625 2.0029296875 {'kind': 'rigid', 'object': 'CAM_without_own_UART', 'obstacle': 'CAM_catalogue_housing', 'gap_mm': 5.722045912648355e-07, 'required_mm': 0.00028310546875}
LIFT2_BOARD_UNPROVED 2.0029296875 2.0032958984375 {'kind': 'rigid', 'object': 'CAM_without_own_UART', 'obstacle': 'CAM_catalogue_housing', 'gap_mm': 5.722045912648355e-07, 'required_mm': 0.00028310546875}
LIFT2_BOARD_UNPROVED 2.0032958984375 2.003662109375 {'kind': 'rigid', 'object': 'CAM_without_own_UART', 'obstacle': 'CAM_catalogue_housing', 'gap_mm': 5.722045912648355e-07, 'required_mm': 0.00028310546875}
LIFT2_BOARD_UNPROVED 2.003662109375 2.0040283203125 {'kind': 'rigid', 'object': 'CAM_without_own_UART', 'obstacle': 'CAM_catalogue_housing', 'gap_mm': 5.722045912648355e-07, 'required_mm': 0.00028310546875}
LIFT2_BOARD_UNPROVED 2.0040283203125 2.00439453125 {'kind': 'rigid', 'object': 'CAM_without_own_UART', 'obstacle': 'CAM_catalogue_housing', 'gap_mm': 5.722045912648355e-07, 'required_mm': 0.00028310546875}
LIFT2_BOARD_UNPROVED 2.00439453125 2.0047607421875 {'kind': 'rigid', 'object': 'CAM_without_own_UART', 'obstacle': 'CAM_catalogue_housing', 'gap_mm': 5.722045912648355e-07, 'required_mm': 0.00028310546875}
LIFT2_BOARD_UNPROVED 2.0047607421875 2.005126953125 {'kind': 'rigid', 'object': 'CAM_without_own_UART', 'obstacle': 'CAM_catalogue_housing', 'gap_mm': 5.722045912648355e-07, 'required_mm': 0.00028310546875}
LIFT2_BOARD_UNPROVED 2.005126953125 2.0054931640625 {'kind': 'rigid', 'object': 'CAM_without_own_UART', 'obstacle': 'CAM_catalogue_housing', 'gap_mm': 5.722045912648355e-07, 'required_mm': 0.00028310546875}
LIFT2_BOARD_UNPROVED 2.0054931640625 2.005859375 {'kind': 'rigid', 'object': 'CAM_without_own_UART', 'obstacle': 'CAM_catalogue_housing', 'gap_mm': 5.722045912648355e-07, 'required_mm': 0.00028310546875}
LIFT2_BOARD_UNPROVED 2.005859375 2.0062255859375 {'kind': 'rigid', 'object': 'CAM_without_own_UART', 'obstacle': 'CAM_catalogue_housing', 'gap_mm': 5.722045912648355e-07, 'required_mm': 0.00028310546875}
LIFT2_BOARD_UNPROVED 2.0062255859375 2.006591796875 {'kind': 'rigid', 'object': 'CAM_without_own_UART', 'obstacle': 'CAM_catalogue_housing', 'gap_mm': 5.722045912648355e-07, 'required_mm': 0.00028310546875}
LIFT2_BOARD_UNPROVED 2.006591796875 2.0069580078125 {'kind': 'rigid', 'object': 'CAM_without_own_UART', 'obstacle': 'CAM_catalogue_housing', 'gap_mm': 5.722045912648355e-07, 'required_mm': 0.00028310546875}
LIFT2_BOARD_UNPROVED 2.0069580078125 2.00732421875 {'kind': 'rigid', 'object': 'CAM_without_own_UART', 'obstacle': 'CAM_catalogue_housing', 'gap_mm': 5.722045912648355e-07, 'required_mm': 0.00028310546875}
LIFT2_BOARD_UNPROVED 2.00732421875 2.0076904296875 {'kind': 'rigid', 'object': 'CAM_without_own_UART', 'obstacle': 'CAM_catalogue_housing', 'gap_mm': 5.722045912648355e-07, 'required_mm': 0.00028310546875}
LIFT2_BOARD_CONTINUOUS_DONE BLOCKED 0 21 RuntimeError('More than20 unresolved intervals; preserve failure before further planning')
Blender 5.2.2 LTS (hash d13f752e3b9c built 2026-09-15 01:49:19)

Blender quit
