00:00.996  blend            | Read blend: "/Users/dean/Documents/MORI/mechanical/mori_v1_2.blend"
FORMING_CONTINUOUS 20 0.757812 tests 44 sec 7.6
FORMING_CONTINUOUS 40 0.807129 tests 84 sec 20.1
FORMING_CONTINUOUS 60 0.813721 tests 127 sec 35.6
FORMING_CONTINUOUS 80 0.816528 tests 168 sec 50.5
FORMING_CONTINUOUS 100 0.81897 tests 206 sec 64.4
FORMING_CONTINUOUS 120 0.821411 tests 247 sec 78.5
FORMING_CONTINUOUS 140 0.823853 tests 285 sec 92.4
FORMING_CONTINUOUS 160 0.826294 tests 326 sec 107.9
FORMING_CONTINUOUS 180 0.828735 tests 367 sec 122.3
FORMING_CONTINUOUS 200 0.831177 tests 406 sec 136.8
FORMING_CONTINUOUS 220 0.833618 tests 445 sec 152.7
FORMING_CONTINUOUS 240 0.83606 tests 487 sec 168.3
FORMING_CONTINUOUS 260 0.838501 tests 525 sec 182.6
FORMING_CONTINUOUS 280 0.840942 tests 565 sec 198.1
FORMING_CONTINUOUS 300 0.843384 tests 603 sec 212.6
FORMING_CONTINUOUS 320 0.845825 tests 647 sec 227.7
FORMING_CONTINUOUS 340 0.848267 tests 686 sec 244.4
FORMING_CONTINUOUS 360 0.850708 tests 725 sec 259.6
FORMING_CONTINUOUS 380 0.853149 tests 765 sec 274.4
FORMING_CONTINUOUS 400 0.855591 tests 806 sec 291.1
FORMING_CONTINUOUS 420 0.858032 tests 844 sec 307.3
FORMING_CONTINUOUS 440 0.860474 tests 886 sec 324.2
FORMING_CONTINUOUS 460 0.862915 tests 924 sec 340.5
FORMING_CONTINUOUS 480 0.865356 tests 965 sec 358.1
FORMING_CONTINUOUS 500 0.867798 tests 1005 sec 375.0
FORMING_CONTINUOUS 520 0.870239 tests 1044 sec 394.1
FORMING_CONTINUOUS 540 0.872681 tests 1083 sec 413.6
FORMING_CONTINUOUS 560 0.875122 tests 1129 sec 433.8
FORMING_CONTINUOUS 580 0.877563 tests 1167 sec 449.7
FORMING_CONTINUOUS 600 0.880005 tests 1207 sec 465.6
FORMING_CONTINUOUS 620 0.882446 tests 1245 sec 480.7
FORMING_CONTINUOUS 640 0.884888 tests 1287 sec 496.9
FORMING_CONTINUOUS 660 0.887329 tests 1326 sec 512.4
FORMING_CONTINUOUS 680 0.889771 tests 1365 sec 528.0
FORMING_CONTINUOUS 700 0.892212 tests 1406 sec 543.6
FORMING_CONTINUOUS 720 0.894653 tests 1447 sec 561.2
FORMING_CONTINUOUS 740 0.897095 tests 1485 sec 577.4
FORMING_CONTINUOUS 760 0.899536 tests 1526 sec 593.6
FORMING_CONTINUOUS 780 0.901978 tests 1564 sec 608.9
FORMING_CONTINUOUS 800 0.904419 tests 1605 sec 625.2
FORMING_CONTINUOUS 820 0.90686 tests 1647 sec 641.5
FORMING_CONTINUOUS 840 0.909302 tests 1686 sec 657.1
FORMING_CONTINUOUS 860 0.911743 tests 1725 sec 672.7
