00:00.346  blend            | Read blend: "/Users/dean/Documents/MORI/mechanical/mori_v1_2.blend"
LIFT2_FORMING_PACK 0.0 PASS contact physical failures 0
LIFT2_FORMING_PACK 0.025 PASS contact physical failures 0
LIFT2_FORMING_PACK 0.05 PASS contact physical failures 0
LIFT2_FORMING_PACK 0.07500000000000001 PASS contact physical failures 0
LIFT2_FORMING_PACK 0.1 PASS contact physical failures 0
LIFT2_FORMING_PACK 0.125 PASS contact physical failures 0
LIFT2_FORMING_PACK 0.15000000000000002 PASS contact physical failures 0
LIFT2_FORMING_PACK 0.17500000000000002 PASS contact physical failures 0
LIFT2_FORMING_PACK 0.2 PASS contact physical failures 0
LIFT2_FORMING_PACK 0.225 PASS contact physical failures 0
LIFT2_FORMING_PACK 0.25 PASS contact physical failures 0
LIFT2_FORMING_PACK 0.275 PASS contact physical failures 0
LIFT2_FORMING_PACK 0.30000000000000004 PASS contact physical failures 0
LIFT2_FORMING_PACK 0.325 PASS contact physical failures 0
LIFT2_FORMING_PACK 0.35000000000000003 PASS contact physical failures 0
LIFT2_FORMING_PACK 0.375 PASS contact physical failures 0
LIFT2_FORMING_PACK 0.4 PASS contact physical failures 0
LIFT2_FORMING_PACK 0.42500000000000004 PASS contact physical failures 0
LIFT2_FORMING_PACK 0.45 PASS contact physical failures 0
LIFT2_FORMING_PACK 0.47500000000000003 PASS contact physical failures 0
LIFT2_FORMING_PACK 0.5 PASS contact physical failures 0
LIFT2_FORMING_PACK 0.525 PASS contact physical failures 0
LIFT2_FORMING_PACK 0.55 PASS contact physical failures 0
LIFT2_FORMING_PACK 0.5750000000000001 PASS contact physical failures 0
LIFT2_FORMING_PACK 0.6000000000000001 PASS contact physical failures 0
LIFT2_FORMING_PACK 0.625 PASS contact physical failures 0
LIFT2_FORMING_PACK 0.65 PASS contact physical failures 0
LIFT2_FORMING_PACK 0.675 PASS contact physical failures 0
LIFT2_FORMING_PACK 0.7000000000000001 PASS contact physical failures 0
LIFT2_FORMING_PACK 0.7250000000000001 PASS contact physical failures 0
LIFT2_FORMING_PACK 0.75 BLOCKED contact physical failures 0
LIFT2_FORMING_PACK 0.775 BLOCKED contact physical failures 0
LIFT2_FORMING_PACK 0.8 BLOCKED contact physical failures 0
LIFT2_FORMING_PACK 0.8250000000000001 BLOCKED contact physical failures 0
LIFT2_FORMING_PACK 0.8500000000000001 PASS contact physical failures 0
LIFT2_FORMING_PACK 0.875 PASS contact physical failures 0
LIFT2_FORMING_PACK 0.9 PASS contact physical failures 0
LIFT2_FORMING_PACK 0.925 PASS contact physical failures 0
LIFT2_FORMING_PACK 0.9500000000000001 PASS contact physical failures 0
LIFT2_FORMING_PACK 0.9750000000000001 PASS contact physical failures 0
LIFT2_FORMING_PACK 1.0 PASS contact physical failures 0
LIFT2_FORMING_PACK_DONE BLOCKED PASS
Blender 5.2.2 LTS (hash d13f752e3b9c built 2026-09-15 01:49:19)

Blender quit
