00:00.461  blend            | Read blend: "/Users/dean/Documents/MORI/mechanical/mori_v1_2.blend"
H06_DUBINS 1_45 11 {'tried': 306, 'passed': 11, 'clearance_rejected': 286, 'length_screen': 9} {'Yaw_Base': 96, 'H01_1': 51, 'H02_1': 31, 'Body_Upper': 86, 'Yaw_Reaction_Link': 3, 'H01_2': 3, 'H02_2': 15, 'H04_7': 1} 2.1
H06_DUBINS 1_135 13 {'tried': 294, 'clearance_rejected': 273, 'passed': 13, 'length_screen': 8} {'Yaw_Base': 99, 'H01_1': 60, 'H02_1': 11, 'Body_Upper': 86, 'H02_2': 9, 'H01_2': 7, 'H04_7': 1} 3.6
H06_DUBINS 1_225 27 {'tried': 382, 'passed': 27, 'clearance_rejected': 340, 'length_screen': 15} {'H01_1': 180, 'H01_2': 19, 'H02_1': 10, 'H02_2': 4, 'Yaw_Base': 24, 'Body_Upper': 102, 'H04_7': 1} 5.7
H06_DUBINS 1_315 25 {'tried': 466, 'clearance_rejected': 441, 'passed': 25} {'H02_1': 65, 'H01_1': 166, 'H01_2': 21, 'H02_2': 25, 'Yaw_Base': 27, 'Body_Upper': 137} 8.3
H06_DUBINS 2_45 12 {'tried': 338, 'clearance_rejected': 316, 'length_screen': 10, 'passed': 12} {'H02_1': 47, 'H02_2': 15, 'H01_1': 47, 'Yaw_Base': 92, 'Body_Upper': 113, 'H01_2': 2} 10.2
H06_DUBINS 2_135 10 {'tried': 318, 'clearance_rejected': 299, 'length_screen': 9, 'passed': 10} {'Yaw_Base': 89, 'H02_2': 16, 'H01_1': 55, 'Body_Upper': 109, 'H02_1': 21, 'H01_2': 9} 11.8
H06_DUBINS 2_225 18 {'tried': 402, 'passed': 18, 'clearance_rejected': 371, 'length_screen': 13} {'H01_2': 25, 'H01_1': 157, 'H02_2': 8, 'H02_1': 19, 'Body_Upper': 137, 'Yaw_Base': 24, 'H04_7': 1} 14.1
H06_DUBINS 2_315 28 {'tried': 505, 'clearance_rejected': 477, 'passed': 28} {'H02_2': 37, 'H01_2': 19, 'H01_1': 153, 'Body_Upper': 168, 'H02_1': 72, 'Yaw_Base': 28} 16.8
H06_DUBINS 3_45 1 {'tried': 310, 'clearance_rejected': 295, 'workspace_screen': 6, 'length_screen': 8, 'passed': 1} {'H02_1': 52, 'H02_2': 13, 'Body_Upper': 140, 'Yaw_Base': 53, 'H01_1': 32, 'H01_2': 2, 'Yaw_Reaction_Retainer_Screw': 2, 'Yaw_Reaction_Link': 1} 18.3
H06_DUBINS 3_135 0 {'tried': 292, 'clearance_rejected': 278, 'length_screen': 7, 'workspace_screen': 7} {'Yaw_Base': 55, 'Body_Upper': 134, 'H02_2': 17, 'H02_1': 24, 'H01_1': 39, 'Yaw_Reaction_Retainer_Screw': 2, 'Yaw_Reaction_Link': 1, 'H01_2': 6} 19.5
H06_DUBINS 3_225 1 {'tried': 368, 'clearance_rejected': 344, 'length_screen': 10, 'workspace_screen': 13, 'passed': 1} {'H02_2': 14, 'H01_2': 19, 'Body_Upper': 159, 'H02_1': 14, 'Yaw_Base': 20, 'H01_1': 118} 20.9
H06_DUBINS 3_315 2 {'tried': 438, 'clearance_rejected': 418, 'workspace_screen': 18, 'passed': 2} {'H02_2': 38, 'H01_2': 10, 'Body_Upper': 194, 'H02_1': 41, 'H01_1': 124, 'Yaw_Base': 11} 22.7
H06_DUBINS 4_45 1 {'tried': 360, 'clearance_rejected': 341, 'passed': 1, 'workspace_screen': 8, 'length_screen': 10} {'H02_1': 61, 'Body_Upper': 174, 'Yaw_Base': 57, 'H02_2': 9, 'H01_2': 2, 'H01_1': 33, 'Yaw_Reaction_Retainer_Screw': 4, 'Yaw_Reaction_Link': 1} 24.3
H06_DUBINS 4_135 1 {'tried': 338, 'clearance_rejected': 319, 'length_screen': 8, 'workspace_screen': 10, 'passed': 1} {'Yaw_Base': 60, 'Body_Upper': 170, 'H02_1': 30, 'H01_1': 38, 'H02_2': 13, 'Yaw_Reaction_Retainer_Screw': 4, 'Yaw_Reaction_Link': 1, 'H01_2': 3} 25.5
H06_DUBINS 4_225 1 {'tried': 417, 'clearance_rejected': 386, 'length_screen': 12, 'workspace_screen': 18, 'passed': 1} {'H02_2': 16, 'H01_2': 16, 'Body_Upper': 192, 'H02_1': 23, 'Yaw_Base': 24, 'H01_1': 115} 27.0
H06_DUBINS 4_315 0 {'tried': 510, 'clearance_rejected': 485, 'workspace_screen': 25} {'H02_2': 38, 'H01_2': 9, 'Body_Upper': 245, 'H02_1': 54, 'H01_1': 123, 'Yaw_Base': 16} 28.8
H06_DUBINS_POOLS_COMPLETE PASS 14
Blender 5.2.2 LTS (hash d13f752e3b9c built 2026-09-15 01:49:19)

Blender quit
