00:00.394  blend            | Read blend: "/Users/dean/Documents/MORI/mechanical/mori_v1_2.blend"
H06_PREFIX_MOTION -60 failures 0 seconds 0.5
H06_PREFIX_MOTION -50 failures 0 seconds 1.0
H06_PREFIX_MOTION -40 failures 0 seconds 1.4
H06_PREFIX_MOTION -30 failures 0 seconds 1.9
H06_PREFIX_MOTION -20 failures 0 seconds 2.4
H06_PREFIX_MOTION -10 failures 0 seconds 2.9
H06_PREFIX_MOTION 0 failures 0 seconds 3.4
H06_PREFIX_MOTION 10 failures 0 seconds 3.8
H06_PREFIX_MOTION 20 failures 0 seconds 4.3
H06_PREFIX_MOTION 30 failures 0 seconds 4.8
H06_PREFIX_MOTION 40 failures 0 seconds 5.3
H06_PREFIX_MOTION 50 failures 0 seconds 5.8
H06_PREFIX_MOTION 60 failures 0 seconds 6.2
H06_PREFIX_MUTUAL -60
H06_PREFIX_MUTUAL -50
H06_PREFIX_MUTUAL -40
H06_PREFIX_MUTUAL -30
H06_PREFIX_MUTUAL -20
H06_PREFIX_MUTUAL -10
H06_PREFIX_MUTUAL 0
H06_PREFIX_MUTUAL 10
H06_PREFIX_MUTUAL 20
H06_PREFIX_MUTUAL 30
H06_PREFIX_MUTUAL 40
H06_PREFIX_MUTUAL 50
H06_PREFIX_MUTUAL 60
BODY_TO_YAW_COMPLETE PASS 52 78 0.7377846109436518
Blender 5.2.2 LTS (hash d13f752e3b9c built 2026-09-15 01:49:19)

Blender quit
