PACK_SELF 1_45 11
PACK_SELF 1_135 13
PACK_SELF 1_225 16
PACK_SELF 1_315 13
PACK_SELF 2_45 12
PACK_SELF 2_135 10
PACK_SELF 2_225 16
PACK_SELF 2_315 16
PACK_SELF 3_45 1
PACK_SELF 3_135 0
PACK_SELF 3_225 1
PACK_SELF 3_315 2
PACK_SELF 4_45 1
PACK_SELF 4_135 1
PACK_SELF 4_225 1
PACK_SELF 4_315 0
PACK_FOUND ['4_45_0', '3_315_0', '1_225_0', '2_135_0'] 359.2828666706062
H06_BODY_PACKING PASS {'nodes': 92, 'complete': 1, 'pruned': 57} 470 seconds 4.69
Blender 5.2.2 LTS (hash d13f752e3b9c built 2026-09-15 01:49:19)

Blender quit
