2026-09-23 02:32:03.608 INFO   Freerouting v2.4.1 (build-date: 2026-09-03)
2026-09-23 02:32:04.987 INFO   [0AD48B\D231C7] Loading board file 'trial.dsn'...
2026-09-23 02:32:05.090 INFO   [0AD48B\D231C7] Job '0AD48B\D231C7' started at 2026-09-22T18:32:05.090823Z.
2026-09-23 02:32:05.271 INFO   [0AD48B\D231C7] Auto-routing stage started on board '1bea52bfd5a0ce16573a7dd9492bfda7' for 108 unrouted items.
2026-09-23 02:32:11.935 INFO   [0AD48B\D231C7] Auto-routing pass #1 on board '48114f5c976b86b9b72eb67a916d64a2' was completed in 5.93 seconds with score 375.35 (87 unrouted and 224 violations), using 5.49 CPU seconds and the job allocated 84.74 GB of memory so far.
2026-09-23 02:32:16.578 INFO   [0AD48B\D231C7] Auto-routing pass #2 on board 'feaed988b4dcd1ec50202a28be8a99be' was completed in 4.40 seconds with score 375.35 (87 unrouted and 224 violations), using 10.41 CPU seconds and the job allocated 180.92 GB of memory so far.
2026-09-23 02:32:21.060 INFO   [0AD48B\D231C7] Auto-routing pass #3 on board 'feaed988b4dcd1ec50202a28be8a99be' was completed in 4.36 seconds with score 375.35 (87 unrouted and 224 violations), using 14.36 CPU seconds and the job allocated 257.28 GB of memory so far.
2026-09-23 02:32:25.533 INFO   [0AD48B\D231C7] Auto-routing pass #4 on board 'feaed988b4dcd1ec50202a28be8a99be' was completed in 4.35 seconds with score 375.35 (87 unrouted and 224 violations), using 19.30 CPU seconds and the job allocated 355.62 GB of memory so far.
2026-09-23 02:32:29.994 INFO   [0AD48B\D231C7] Auto-routing pass #5 on board 'feaed988b4dcd1ec50202a28be8a99be' was completed in 4.34 seconds with score 375.35 (87 unrouted and 224 violations), using 23.25 CPU seconds and the job allocated 432.38 GB of memory so far.
2026-09-23 02:32:34.457 INFO   [0AD48B\D231C7] Auto-routing pass #6 on board 'feaed988b4dcd1ec50202a28be8a99be' was completed in 4.34 seconds with score 375.35 (87 unrouted and 224 violations), using 28.19 CPU seconds and the job allocated 530.74 GB of memory so far.
2026-09-23 02:32:38.920 INFO   [0AD48B\D231C7] Auto-routing pass #7 on board 'feaed988b4dcd1ec50202a28be8a99be' was completed in 4.34 seconds with score 375.35 (87 unrouted and 224 violations), using 32.14 CPU seconds and the job allocated 607.75 GB of memory so far.
2026-09-23 02:32:43.369 INFO   [0AD48B\D231C7] Auto-routing pass #8 on board 'feaed988b4dcd1ec50202a28be8a99be' was completed in 4.33 seconds with score 375.35 (87 unrouted and 224 violations), using 36.07 CPU seconds and the job allocated 684.84 GB of memory so far.
2026-09-23 02:32:47.827 INFO   [0AD48B\D231C7] Auto-routing pass #9 on board 'feaed988b4dcd1ec50202a28be8a99be' was completed in 4.34 seconds with score 375.35 (87 unrouted and 224 violations), using 41.01 CPU seconds and the job allocated 783.59 GB of memory so far.
2026-09-23 02:32:52.391 INFO   [0AD48B\D231C7] Auto-routing pass #10 on board 'feaed988b4dcd1ec50202a28be8a99be' was completed in 4.44 seconds with score 375.35 (87 unrouted and 224 violations), using 44.96 CPU seconds and the job allocated 858.77 GB of memory so far.
2026-09-23 02:32:56.842 INFO   [0AD48B\D231C7] Auto-routing pass #11 on board 'feaed988b4dcd1ec50202a28be8a99be' was completed in 4.33 seconds with score 375.35 (87 unrouted and 224 violations), using 49.90 CPU seconds and the job allocated 957.16 GB of memory so far.
2026-09-23 02:33:01.318 INFO   [0AD48B\D231C7] Auto-routing pass #12 on board 'feaed988b4dcd1ec50202a28be8a99be' was completed in 4.36 seconds with score 375.35 (87 unrouted and 224 violations), using 53.84 CPU seconds and the job allocated 1033.65 GB of memory so far.
2026-09-23 02:33:05.788 INFO   [0AD48B\D231C7] Auto-routing pass #13 on board 'feaed988b4dcd1ec50202a28be8a99be' was completed in 4.35 seconds with score 375.35 (87 unrouted and 224 violations), using 58.77 CPU seconds and the job allocated 1132.29 GB of memory so far.
2026-09-23 02:33:10.255 INFO   [0AD48B\D231C7] Auto-routing pass #14 on board 'feaed988b4dcd1ec50202a28be8a99be' was completed in 4.35 seconds with score 375.35 (87 unrouted and 224 violations), using 62.71 CPU seconds and the job allocated 1208.91 GB of memory so far.
2026-09-23 02:33:14.716 INFO   [0AD48B\D231C7] Auto-routing pass #15 on board 'feaed988b4dcd1ec50202a28be8a99be' was completed in 4.34 seconds with score 375.35 (87 unrouted and 224 violations), using 67.64 CPU seconds and the job allocated 1306.81 GB of memory so far.
2026-09-23 02:33:19.179 INFO   [0AD48B\D231C7] Auto-routing pass #16 on board 'feaed988b4dcd1ec50202a28be8a99be' was completed in 4.34 seconds with score 375.35 (87 unrouted and 224 violations), using 71.60 CPU seconds and the job allocated 1383.96 GB of memory so far.
2026-09-23 02:33:23.631 INFO   [0AD48B\D231C7] Auto-routing pass #17 on board 'feaed988b4dcd1ec50202a28be8a99be' was completed in 4.33 seconds with score 375.35 (87 unrouted and 224 violations), using 75.53 CPU seconds and the job allocated 1460.70 GB of memory so far.
2026-09-23 02:33:28.089 INFO   [0AD48B\D231C7] Auto-routing pass #18 on board 'feaed988b4dcd1ec50202a28be8a99be' was completed in 4.34 seconds with score 375.35 (87 unrouted and 224 violations), using 80.47 CPU seconds and the job allocated 1559.67 GB of memory so far.
2026-09-23 02:33:28.107 INFO   [0AD48B\D231C7] The router's score (375.35) has not improved by more than 0.5 points in the last 10 passes (87 items still unconnected). Stopping the auto-router.
The following connections could not be routed -- please review your design (e.g. check pad clearances, trace width rules, and available routing space):
  Net '/C5_FB' (2 unrouted connections):
    - C75-2  ->  R70-2
    - U70-4  ->  C75-2
  Net '/+5V_CAM' (3 unrouted connections):
    - C75-1  ->  via
    - via  ->  R70-1
    - L70-2  ->  C73-1
  Net '/+5V_MOTION' (2 unrouted connections):
    - C63-1  ->  L60-2
    - TP60-1  ->  R60-1
  Net '/M5_FB' (2 unrouted connections):
    - C65-2  ->  R60-2
    - C65-2  ->  R61-1
  Net '/BAT_MON' (3 unrouted connections):
    - R2-2  ->  R4-1
    - J2-2  ->  C2-1
    - R50-1  ->  R4-1
  Net '/M5_VIN' (1 unrouted connection):
    - C66-1  ->  C60-1
  Net '/C5_VIN' (1 unrouted connection):
    - C71-1  ->  via
  Net '/+3V3' (1 unrouted connection):
    - C1-1  ->  U1-5
  Net '/ARM_Q' (4 unrouted connections):
    - Q31-1  ->  J10-2
    - J10-2  ->  R54-1
    - Q31-1  ->  via
    - Q11-1  ->  R54-1
  Net '/FAULT_N' (3 unrouted connections):
    - U20-7  ->  via
    - U40-7  ->  J10-3
    - U40-7  ->  U20-7
  Net '/CHG_N' (2 unrouted connections):
    - J15-1  ->  J10-4
    - J15-1  ->  Q50-3
  Net '/BAT_ADC' (2 unrouted connections):
    - R50-2  ->  via
    - J10-5  ->  via
  Net '/WHEEL_ADC' (2 unrouted connections):
    - J10-6  ->  via
    - R52-2  ->  J10-6
  Net '/CURRENT_ADC' (1 unrouted connection):
    - U1-1  ->  J10-7
  Net '/W_VM' (9 unrouted connections):
    - R25-1  ->  via
    - Q10-6  ->  Q10-7
    - Q10-8  ->  via
    - U20-8  ->  J7-2
    - C10-1  ->  Q10-6
    - J8-2  ->  via
    - J7-2  ->  via
    - via  ->  R20-1
    - R21-1  ->  via
  Net '/W_BUS' (1 unrouted connection):
    - J13-1  ->  via
  Net '/C5_BOOT' (1 unrouted connection):
    - U70-6  ->  C72-1
  Net '/BAT_IN' (2 unrouted connections):
    - Q1-5  ->  Q1-6
    - J1-2  ->  Q1-8
  Net '/H_VM' (4 unrouted connections):
    - R45-1  ->  U40-8
    - R41-1  ->  J9-2
    - C40-1  ->  R44-1
    - C30-1  ->  Q30-8
  Net '/CHG_BASE' (3 unrouted connections):
    - via  ->  R55-2
    - via  ->  Q50-1
    - R56-1  ->  via
  Net '/W_BRAKE_GATE' (4 unrouted connections):
    - U20-1  ->  R23-1
    - D20-1  ->  Q20-1
    - via  ->  D20-1
    - R23-1  ->  via
  Net '/W_SENSE' (3 unrouted connections):
    - via  ->  R21-2
    - R22-1  ->  via
    - R23-2  ->  U20-3
  Net '/H_OVSENSE' (2 unrouted connections):
    - R45-2  ->  C41-1
    - C41-1  ->  R46-1
  Net '/H_BRAKE_GATE' (3 unrouted connections):
    - via  ->  R43-1
    - R44-2  ->  via
    - via  ->  via
  Net '/BAT_REV' (3 unrouted connections):
    - R3-1  ->  R2-1
    - R3-1  ->  D1-1
    - Q1-2  ->  R2-1
  Net '/REV_GATE' (2 unrouted connections):
    - R1-1  ->  Q1-4
    - D1-2  ->  R1-1
  Net '/W_OVSENSE' (3 unrouted connections):
    - R25-2  ->  C21-1
    - R26-1  ->  R25-2
    - U20-6  ->  R25-2
  Net '/W_REF' (3 unrouted connections):
    - U21-1  ->  R20-2
    - U20-2  ->  U21-2
    - U20-2  ->  U20-5
  Net '/H_REF' (3 unrouted connections):
    - U40-2  ->  via
    - U41-2  ->  R40-2
    - via  ->  U41-2
  Net '/H_GATE_LOW' (1 unrouted connection):
    - via  ->  Q31-3
  Net '/H_PRE' (2 unrouted connections):
    - R30-2  ->  Q30-1
    - R30-2  ->  D30-1
  Net '/H_GATE' (1 unrouted connection):
    - R30-1  ->  R31-1
  Net '/H_SENSE' (3 unrouted connections):
    - U40-3  ->  via
    - via  ->  R41-2
    - R43-2  ->  R41-2
  Net '/W_GATE' (1 unrouted connection):
    - R10-1  ->  Q10-4
  Net '/W_PRE' (4 unrouted connections):
    - Q10-1  ->  Q10-2
    - Q10-2  ->  Q10-3
    - R10-2  ->  via
    - D10-1  ->  via
2026-09-23 02:33:28.334 INFO   [0AD48B\D231C7] Auto-routing stage completed: started with 108 unrouted nets, completed in 83.10 seconds, final score: 375.35 (87 unrouted and 224 violations), using 80.47 total CPU seconds, 1559.67 GB total allocated, and 508.5 MB peak heap usage.
2026-09-23 02:33:28.447 INFO   [0AD48B\D231C7] Optimization stage started on board 'feaed988b4dcd1ec50202a28be8a99be' with score 375.35 (87 unrouted and 224 violations).
2026-09-23 02:33:28.471 WARN   Analytics tracking: first delivery failure in this window - /v1/analytics/track - SSLHandshakeException: Remote host terminated the handshake. Further failures will be aggregated and reported every 60 minutes. → Action: TLS handshake failed. Verify that the JRE trust store contains the server certificate's CA, that the system clock is correct, and that TLS 1.2+ is enabled.
2026-09-23 02:33:36.654 INFO   [0AD48B\D231C7] Optimizer pass #1 on board '0083bf9a1b36c61701dac922c405702a' was completed in 7.85 seconds with the score of 375.35 (87 unrouted and 224 violations).
2026-09-23 02:33:36.761 INFO   [0AD48B\D231C7] Stopping optimizer because the improvement in this pass (0.0000%) is below the threshold (1.00%).
2026-09-23 02:33:36.869 INFO   [0AD48B\D231C7] Optimization stage completed: started with score 375.35 (87 unrouted and 224 violations), completed in 8.32 seconds, final score: 375.35 (87 unrouted and 224 violations), using 8.17 total CPU seconds, 153.59 GB total allocated, and 361.0 MB peak heap usage.
2026-09-23 02:33:36.882 INFO   [0AD48B\D231C7] Job '0AD48B\D231C7' finished with state: COMPLETED (elapsed: 1 minute 31.79 seconds, finished at UTC: 2026-09-22T18:33:36.881688Z).
2026-09-23 02:33:37.086 INFO   Saving output file '/Users/dean/Documents/MORI/hardware/v1_2/layout_P3R1/reports/MORI_power_P3R1/routing_trial/trial.ses' (SES)...
2026-09-23 02:33:37.089 INFO   Successfully saved output file '/Users/dean/Documents/MORI/hardware/v1_2/layout_P3R1/reports/MORI_power_P3R1/routing_trial/trial.ses' (129948 bytes).
