00:00.336  blend            | Read blend: "/Users/dean/Documents/MORI/mechanical/mori_v1_2.blend"
C2_PART {'name': 'Yaw_Base', 'kernel': 'Error.NoError', 'components_mm3': [54473.470318004285], 'added_mm3': 3177.499912593663, 'removed_mm3': 8355.290760902926, 'bounds_mm': [-47.099998474121094, -35.79999923706055, 98.5, 47.099998474121094, 35.79999923706055, 165.8], 'mesh_sha256': 'd4a3f97081f4b21152bf632564e0b01e90022ec502d626697002d6b00ea7a5ab', 'connected': 'PASS'}
C2_PART {'name': 'Pitch_Yoke', 'kernel': 'Error.NoError', 'components_mm3': [52296.51668634229], 'added_mm3': 6160.567407702734, 'removed_mm3': 8856.565778129912, 'bounds_mm': [-48.48827362060547, -48.488243103027344, 149.0, 48.48821258544922, 24.850000001490116, 234.60000610351562], 'mesh_sha256': '51fd0af857aff39ae75ad900d91eae4bf3f0e8381ca4aac563a8a4f64a39469d', 'connected': 'PASS'}
C2_PART {'name': 'Yaw_Anti_Lift_Keeper', 'kernel': 'Error.NoError', 'components_mm3': [6214.204401561904], 'added_mm3': 3140.1377098465377, 'removed_mm3': 4222.446209464729, 'bounds_mm': [-30.0, -25.832733685115013, 161.6, 30.0, 30.0, 165.6], 'mesh_sha256': '2fe77bbbb210e657cfe0e71fd73c01b32fa0b984178e23144613e4fadcab0552', 'connected': 'PASS'}
C2_PART {'name': 'Yaw_Bearing', 'kernel': 'Error.NoError', 'components_mm3': [4749.611203410353], 'added_mm3': 4076.4280664903026, 'removed_mm3': 2751.9277191977044, 'bounds_mm': [-21.0, -21.0, 149.0, 21.0, 21.0, 156.0], 'mesh_sha256': 'be12d8c9709c05cd80a74620046c97a3c3cb1f4da94c97c30083f8ce80113a09', 'connected': 'PASS'}
C2_PART {'name': 'Yaw_Keeper_Screw_0', 'kernel': 'Error.NoError', 'components_mm3': [91.47374122716315], 'added_mm3': 44.40808443635195, 'removed_mm3': 44.40808443635193, 'bounds_mm': [-28.850000381469727, -2.8499999046325684, 155.89999389648438, -23.149999618530273, 2.8499999046325684, 165.5500030517578], 'mesh_sha256': '11c7e641b037ea46395b88c5d4b6dbc5d51950ac13235a83c7b5a39951818fe8', 'connected': 'PASS'}
C2_PART {'name': 'Yaw_Keeper_Insert_0', 'kernel': 'Error.NoError', 'components_mm3': [38.19495280681781], 'added_mm3': 19.097476403408905, 'removed_mm3': 19.0974764034089, 'bounds_mm': [-28.299999237060547, -2.299999952316284, 157.39999389648438, -23.700000762939453, 2.299999952316284, 161.39999389648438], 'mesh_sha256': 'fe64ebd0caa3b9fc42cf3aa07c6b8eb68df0d929c591382ff35b4c0e89e79999', 'connected': 'PASS'}
C2_PART {'name': 'Yaw_Keeper_Screw_1', 'kernel': 'Error.NoError', 'components_mm3': [91.47374122716315], 'added_mm3': 44.40808443635195, 'removed_mm3': 44.40808443635193, 'bounds_mm': [23.149999618530273, -2.8499999046325684, 155.89999389648438, 28.850000381469727, 2.8499999046325684, 165.5500030517578], 'mesh_sha256': 'aa798a2e698949b0ceebc9cd0a0a8ff5259cb8c81fe43cec84e1d2d339bb9b7d', 'connected': 'PASS'}
C2_PART {'name': 'Yaw_Keeper_Insert_1', 'kernel': 'Error.NoError', 'components_mm3': [38.19495280681781], 'added_mm3': 19.097476403408905, 'removed_mm3': 19.0974764034089, 'bounds_mm': [23.700000762939453, -2.299999952316284, 157.39999389648438, 28.299999237060547, 2.299999952316284, 161.39999389648438], 'mesh_sha256': '491817284ce2909e2ddfa78a04d2023498edfff772762ac68e158a0c233e9cd6', 'connected': 'PASS'}
C2_WIRE 0 failures 0 seconds 12.7
C2_WIRE 1 failures 0 seconds 13.2
C2_WIRE 2 failures 0 seconds 13.7
C2_WIRE 3 failures 0 seconds 14.3
C2_WIRE 4 failures 0 seconds 14.8
C2_WIRE 5 failures 0 seconds 15.4
C2_WIRE 6 failures 0 seconds 15.9
C2_WIRE 7 failures 0 seconds 16.4
C2_WIRE 8 failures 0 seconds 17.0
C2_WIRE 9 failures 0 seconds 17.5
C2_WIRE 10 failures 0 seconds 18.1
C2_DONE PASS wire hits 0 protected {'socket': 0.0, 'webs': 0.0, 'upper_seats': 0.0} seconds 21.96847891807556
Blender 5.2.2 LTS (hash d13f752e3b9c built 2026-09-15 01:49:19)

Blender quit
