00:00.305  blend            | Read blend: "/Users/dean/Documents/MORI/mechanical/mori_v1_2.blend"
C3_PART {'name': 'Yaw_Base', 'kernel': 'Error.NoError', 'components_mm3': [51610.31156484005], 'added_mm3': 339.4412229692642, 'removed_mm3': 8380.390824442366, 'bounds_mm': [-47.099998474121094, -35.79999923706055, 98.5, 47.099998474121094, 35.79999923706055, 163.8000030517578], 'mesh_sha256': 'c5c45438a9f83ea497ed5d12c7de248daa08bddcd6f175a49c3103e25e711b92', 'connected': 'PASS'}
C3_PART {'name': 'Pitch_Yoke', 'kernel': 'Error.NoError', 'components_mm3': [52290.7116108133], 'added_mm3': 5576.036202552444, 'removed_mm3': 8277.839636873874, 'bounds_mm': [-48.48827362060547, -48.488243103027344, 149.0, 48.48821258544922, 24.850000001490116, 234.60000610351562], 'mesh_sha256': '26dd62e28828326637e5f42e0897c1e525c9a463b0595d9916350708f06d2cac', 'connected': 'PASS'}
C3_PART {'name': 'Yaw_Anti_Lift_Keeper', 'kernel': 'Error.NoError', 'components_mm3': [6214.204401561904], 'added_mm3': 0.8586865462422985, 'removed_mm3': 1083.167186164432, 'bounds_mm': [-30.0, -25.832733685115013, 159.6, 30.0, 30.0, 163.6], 'mesh_sha256': '0573536a951bcfbbe4af7adc4ae35c553d6c494e1ce8de4d8d83105fc9112767', 'connected': 'PASS'}
C3_PART {'name': 'Yaw_Bearing', 'kernel': 'Error.NoError', 'components_mm3': [4749.611203410353], 'added_mm3': 4076.4280664903026, 'removed_mm3': 2751.9277191977044, 'bounds_mm': [-21.0, -21.0, 149.0, 21.0, 21.0, 156.0], 'mesh_sha256': 'be12d8c9709c05cd80a74620046c97a3c3cb1f4da94c97c30083f8ce80113a09', 'connected': 'PASS'}
C3_PART {'name': 'Yaw_Keeper_Screw_0', 'kernel': 'Error.NoError', 'components_mm3': [91.47374122716313], 'added_mm3': 0.0, 'removed_mm3': 0.0, 'bounds_mm': [-28.850000381469727, -2.8499999046325684, 153.89999389648438, -23.149999618530273, 2.8499999046325684, 163.5500030517578], 'mesh_sha256': '311ffd1a01ca442b9691858b33dac341d848811e439fb51cfb39d89224955062', 'connected': 'PASS'}
C3_PART {'name': 'Yaw_Keeper_Insert_0', 'kernel': 'Error.NoError', 'components_mm3': [38.19495280681781], 'added_mm3': 0.0, 'removed_mm3': 0.0, 'bounds_mm': [-28.299999237060547, -2.299999952316284, 155.39999389648438, -23.700000762939453, 2.299999952316284, 159.39999389648438], 'mesh_sha256': 'f797d1f38c31cc40a92157f5a693004f9b3d62e135c64c532fd77a188f498768', 'connected': 'PASS'}
C3_PART {'name': 'Yaw_Keeper_Screw_1', 'kernel': 'Error.NoError', 'components_mm3': [91.47374122716313], 'added_mm3': 0.0, 'removed_mm3': 0.0, 'bounds_mm': [23.149999618530273, -2.8499999046325684, 153.89999389648438, 28.850000381469727, 2.8499999046325684, 163.5500030517578], 'mesh_sha256': 'e116a3fc96c10d4b4b86f515f179ff70454d8bd9bb61dce6adfdcd643a2df243', 'connected': 'PASS'}
C3_PART {'name': 'Yaw_Keeper_Insert_1', 'kernel': 'Error.NoError', 'components_mm3': [38.19495280681781], 'added_mm3': 0.0, 'removed_mm3': 0.0, 'bounds_mm': [23.700000762939453, -2.299999952316284, 155.39999389648438, 28.299999237060547, 2.299999952316284, 159.39999389648438], 'mesh_sha256': 'c4d0e621081100c373584a55c502b2b176476c0798580e4870d3dd348e6e4c6a', 'connected': 'PASS'}
C3_WIRE 0 failures 0 seconds 12.6
C3_WIRE 1 failures 0 seconds 13.1
C3_WIRE 2 failures 0 seconds 13.6
C3_WIRE 3 failures 0 seconds 14.1
C3_WIRE 4 failures 0 seconds 14.6
C3_WIRE 5 failures 0 seconds 15.2
C3_WIRE 6 failures 0 seconds 15.7
C3_WIRE 7 failures 0 seconds 16.2
C3_WIRE 8 failures 0 seconds 16.8
C3_WIRE 9 failures 0 seconds 17.3
C3_WIRE 10 failures 0 seconds 17.9
C3_DONE PASS wire hits 0 protected {'socket': 0.0, 'webs': 0.0, 'upper_seats': 0.0} seconds 21.821507930755615
Blender 5.2.2 LTS (hash d13f752e3b9c built 2026-09-15 01:49:19)

Blender quit
