00:00.364  blend            | Read blend: "/Users/dean/Documents/MORI/mechanical/mori_v1_2.blend"
00:01.052  render           | Saved: '/Users/dean/Documents/MORI/mechanical/renders/parts/Battery.png'
PART_PREVIEW 1 177 MORI_V1__Battery
00:01.426  render           | Saved: '/Users/dean/Documents/MORI/mechanical/renders/parts/Battery_Pad_-38.0.png'
PART_PREVIEW 2 177 MORI_V1__Battery_Pad_-38.0
00:01.804  render           | Saved: '/Users/dean/Documents/MORI/mechanical/renders/parts/Battery_Pad_38.0.png'
PART_PREVIEW 3 177 MORI_V1__Battery_Pad_38.0
00:02.166  render           | Saved: '/Users/dean/Documents/MORI/mechanical/renders/parts/Battery_Pad_Base.png'
PART_PREVIEW 4 177 MORI_V1__Battery_Pad_Base
00:02.522  render           | Saved: '/Users/dean/Documents/MORI/mechanical/renders/parts/Battery_Retainer_Insert_-1.png'
PART_PREVIEW 5 177 MORI_V1__Battery_Retainer_Insert_-1
00:02.908  render           | Saved: '/Users/dean/Documents/MORI/mechanical/renders/parts/Battery_Retainer_Insert_1.png'
PART_PREVIEW 6 177 MORI_V1__Battery_Retainer_Insert_1
00:03.284  render           | Saved: '/Users/dean/Documents/MORI/mechanical/renders/parts/Battery_Retainer_Screw_-1.png'
PART_PREVIEW 7 177 MORI_V1__Battery_Retainer_Screw_-1
00:03.678  render           | Saved: '/Users/dean/Documents/MORI/mechanical/renders/parts/Battery_Retainer_Screw_1.png'
PART_PREVIEW 8 177 MORI_V1__Battery_Retainer_Screw_1
00:04.076  render           | Saved: '/Users/dean/Documents/MORI/mechanical/renders/parts/Battery_Tray.png'
PART_PREVIEW 9 177 MORI_V1__Battery_Tray
00:04.464  render           | Saved: '/Users/dean/Documents/MORI/mechanical/renders/parts/Body_IMU.png'
PART_PREVIEW 10 177 MORI_V1__Body_IMU
00:04.906  render           | Saved: '/Users/dean/Documents/MORI/mechanical/renders/parts/Body_Lower.png'
PART_PREVIEW 11 177 MORI_V1__Body_Lower
00:05.314  render           | Saved: '/Users/dean/Documents/MORI/mechanical/renders/parts/Body_Upper.png'
PART_PREVIEW 12 177 MORI_V1__Body_Upper
00:05.718  render           | Saved: '/Users/dean/Documents/MORI/mechanical/renders/parts/CAM_Mainboard.png'
PART_PREVIEW 13 177 MORI_V1__CAM_Mainboard
00:06.175  render           | Saved: '/Users/dean/Documents/MORI/mechanical/renders/parts/Camera_Lens.png'
PART_PREVIEW 14 177 MORI_V1__Camera_Lens
00:06.633  render           | Saved: '/Users/dean/Documents/MORI/mechanical/renders/parts/Camera_PCB.png'
PART_PREVIEW 15 177 MORI_V1__Camera_PCB
00:07.050  render           | Saved: '/Users/dean/Documents/MORI/mechanical/renders/parts/Camera_Window.png'
PART_PREVIEW 16 177 MORI_V1__Camera_Window
00:07.475  render           | Saved: '/Users/dean/Documents/MORI/mechanical/renders/parts/Carrier_Insert_0.png'
PART_PREVIEW 17 177 MORI_V1__Carrier_Insert_0
00:07.855  render           | Saved: '/Users/dean/Documents/MORI/mechanical/renders/parts/Carrier_Insert_1.png'
PART_PREVIEW 18 177 MORI_V1__Carrier_Insert_1
00:08.284  render           | Saved: '/Users/dean/Documents/MORI/mechanical/renders/parts/Carrier_Insert_2.png'
PART_PREVIEW 19 177 MORI_V1__Carrier_Insert_2
00:08.660  render           | Saved: '/Users/dean/Documents/MORI/mechanical/renders/parts/Carrier_Insert_3.png'
PART_PREVIEW 20 177 MORI_V1__Carrier_Insert_3
00:09.055  render           | Saved: '/Users/dean/Documents/MORI/mechanical/renders/parts/Carrier_Screw_0.png'
PART_PREVIEW 21 177 MORI_V1__Carrier_Screw_0
00:09.464  render           | Saved: '/Users/dean/Documents/MORI/mechanical/renders/parts/Carrier_Screw_1.png'
PART_PREVIEW 22 177 MORI_V1__Carrier_Screw_1
00:09.864  render           | Saved: '/Users/dean/Documents/MORI/mechanical/renders/parts/Carrier_Screw_2.png'
PART_PREVIEW 23 177 MORI_V1__Carrier_Screw_2
00:10.259  render           | Saved: '/Users/dean/Documents/MORI/mechanical/renders/parts/Carrier_Screw_3.png'
PART_PREVIEW 24 177 MORI_V1__Carrier_Screw_3
00:10.680  render           | Saved: '/Users/dean/Documents/MORI/mechanical/renders/parts/Coupon_Insert.png'
PART_PREVIEW 25 177 MORI_V1__Coupon_Insert
00:11.124  render           | Saved: '/Users/dean/Documents/MORI/mechanical/renders/parts/Coupon_Mating_Tab.png'
PART_PREVIEW 26 177 MORI_V1__Coupon_Mating_Tab
00:11.516  render           | Saved: '/Users/dean/Documents/MORI/mechanical/renders/parts/Coupon_Plane_Fit.png'
PART_PREVIEW 27 177 MORI_V1__Coupon_Plane_Fit
00:11.910  render           | Saved: '/Users/dean/Documents/MORI/mechanical/renders/parts/Coupon_Wheel_Fit.png'
PART_PREVIEW 28 177 MORI_V1__Coupon_Wheel_Fit
00:12.293  render           | Saved: '/Users/dean/Documents/MORI/mechanical/renders/parts/Display_Frame.png'
PART_PREVIEW 29 177 MORI_V1__Display_Frame
00:12.914  render           | Saved: '/Users/dean/Documents/MORI/mechanical/renders/parts/Display_PCB.png'
PART_PREVIEW 30 177 MORI_V1__Display_PCB
00:13.277  render           | Saved: '/Users/dean/Documents/MORI/mechanical/renders/parts/Dock_Pad_0.png'
PART_PREVIEW 31 177 MORI_V1__Dock_Pad_0
00:13.652  render           | Saved: '/Users/dean/Documents/MORI/mechanical/renders/parts/Dock_Pad_1.png'
PART_PREVIEW 32 177 MORI_V1__Dock_Pad_1
00:14.029  render           | Saved: '/Users/dean/Documents/MORI/mechanical/renders/parts/Dock_Pad_2.png'
PART_PREVIEW 33 177 MORI_V1__Dock_Pad_2
00:14.539  render           | Saved: '/Users/dean/Documents/MORI/mechanical/renders/parts/Dock_Pad_3.png'
PART_PREVIEW 34 177 MORI_V1__Dock_Pad_3
00:15.293  render           | Saved: '/Users/dean/Documents/MORI/mechanical/renders/parts/Drive_Bridge.png'
PART_PREVIEW 35 177 MORI_V1__Drive_Bridge
00:15.767  render           | Saved: '/Users/dean/Documents/MORI/mechanical/renders/parts/Drive_L_-8_Nut.png'
PART_PREVIEW 36 177 MORI_V1__Drive_L_-8_Nut
00:16.209  render           | Saved: '/Users/dean/Documents/MORI/mechanical/renders/parts/Drive_L_-8_Screw.png'
PART_PREVIEW 37 177 MORI_V1__Drive_L_-8_Screw
00:16.623  render           | Saved: '/Users/dean/Documents/MORI/mechanical/renders/parts/Drive_L_8_Nut.png'
PART_PREVIEW 38 177 MORI_V1__Drive_L_8_Nut
00:16.986  render           | Saved: '/Users/dean/Documents/MORI/mechanical/renders/parts/Drive_L_8_Screw.png'
PART_PREVIEW 39 177 MORI_V1__Drive_L_8_Screw
00:17.417  render           | Saved: '/Users/dean/Documents/MORI/mechanical/renders/parts/Drive_Motor_L.png'
PART_PREVIEW 40 177 MORI_V1__Drive_Motor_L
00:17.854  render           | Saved: '/Users/dean/Documents/MORI/mechanical/renders/parts/Drive_Motor_R.png'
PART_PREVIEW 41 177 MORI_V1__Drive_Motor_R
00:18.219  render           | Saved: '/Users/dean/Documents/MORI/mechanical/renders/parts/Drive_R_-8_Nut.png'
PART_PREVIEW 42 177 MORI_V1__Drive_R_-8_Nut
00:18.597  render           | Saved: '/Users/dean/Documents/MORI/mechanical/renders/parts/Drive_R_-8_Screw.png'
PART_PREVIEW 43 177 MORI_V1__Drive_R_-8_Screw
00:18.957  render           | Saved: '/Users/dean/Documents/MORI/mechanical/renders/parts/Drive_R_8_Nut.png'
PART_PREVIEW 44 177 MORI_V1__Drive_R_8_Nut
00:19.315  render           | Saved: '/Users/dean/Documents/MORI/mechanical/renders/parts/Drive_R_8_Screw.png'
PART_PREVIEW 45 177 MORI_V1__Drive_R_8_Screw
00:19.701  render           | Saved: '/Users/dean/Documents/MORI/mechanical/renders/parts/Face_Joint_-1_0.0_Nut.png'
PART_PREVIEW 46 177 MORI_V1__Face_Joint_-1_0.0_Nut
00:20.090  render           | Saved: '/Users/dean/Documents/MORI/mechanical/renders/parts/Face_Joint_-1_0.0_Screw.png'
PART_PREVIEW 47 177 MORI_V1__Face_Joint_-1_0.0_Screw
00:20.500  render           | Saved: '/Users/dean/Documents/MORI/mechanical/renders/parts/Face_Joint_-1_7.0_Nut.png'
PART_PREVIEW 48 177 MORI_V1__Face_Joint_-1_7.0_Nut
00:20.922  render           | Saved: '/Users/dean/Documents/MORI/mechanical/renders/parts/Face_Joint_-1_7.0_Screw.png'
PART_PREVIEW 49 177 MORI_V1__Face_Joint_-1_7.0_Screw
00:21.374  render           | Saved: '/Users/dean/Documents/MORI/mechanical/renders/parts/Face_Joint_1_0.0_Nut.png'
PART_PREVIEW 50 177 MORI_V1__Face_Joint_1_0.0_Nut
00:21.810  render           | Saved: '/Users/dean/Documents/MORI/mechanical/renders/parts/Face_Joint_1_0.0_Screw.png'
PART_PREVIEW 51 177 MORI_V1__Face_Joint_1_0.0_Screw
00:22.264  render           | Saved: '/Users/dean/Documents/MORI/mechanical/renders/parts/Face_Joint_1_7.0_Nut.png'
PART_PREVIEW 52 177 MORI_V1__Face_Joint_1_7.0_Nut
00:22.722  render           | Saved: '/Users/dean/Documents/MORI/mechanical/renders/parts/Face_Joint_1_7.0_Screw.png'
PART_PREVIEW 53 177 MORI_V1__Face_Joint_1_7.0_Screw
00:23.174  render           | Saved: '/Users/dean/Documents/MORI/mechanical/renders/parts/Face_Mask.png'
PART_PREVIEW 54 177 MORI_V1__Face_Mask
00:23.671  render           | Saved: '/Users/dean/Documents/MORI/mechanical/renders/parts/Face_Protector.png'
PART_PREVIEW 55 177 MORI_V1__Face_Protector
00:24.147  render           | Saved: '/Users/dean/Documents/MORI/mechanical/renders/parts/Frame_Insert_0.png'
PART_PREVIEW 56 177 MORI_V1__Frame_Insert_0
00:24.596  render           | Saved: '/Users/dean/Documents/MORI/mechanical/renders/parts/Frame_Insert_1.png'
PART_PREVIEW 57 177 MORI_V1__Frame_Insert_1
00:25.039  render           | Saved: '/Users/dean/Documents/MORI/mechanical/renders/parts/Frame_Insert_2.png'
PART_PREVIEW 58 177 MORI_V1__Frame_Insert_2
00:25.498  render           | Saved: '/Users/dean/Documents/MORI/mechanical/renders/parts/Frame_Insert_3.png'
PART_PREVIEW 59 177 MORI_V1__Frame_Insert_3
00:25.988  render           | Saved: '/Users/dean/Documents/MORI/mechanical/renders/parts/Frame_Screw_0.png'
PART_PREVIEW 60 177 MORI_V1__Frame_Screw_0
00:26.463  render           | Saved: '/Users/dean/Documents/MORI/mechanical/renders/parts/Frame_Screw_1.png'
PART_PREVIEW 61 177 MORI_V1__Frame_Screw_1
00:26.932  render           | Saved: '/Users/dean/Documents/MORI/mechanical/renders/parts/Frame_Screw_2.png'
PART_PREVIEW 62 177 MORI_V1__Frame_Screw_2
00:27.388  render           | Saved: '/Users/dean/Documents/MORI/mechanical/renders/parts/Frame_Screw_3.png'
PART_PREVIEW 63 177 MORI_V1__Frame_Screw_3
00:27.870  render           | Saved: '/Users/dean/Documents/MORI/mechanical/renders/parts/Head_Front.png'
PART_PREVIEW 64 177 MORI_V1__Head_Front
00:28.429  render           | Saved: '/Users/dean/Documents/MORI/mechanical/renders/parts/Head_Rear.png'
PART_PREVIEW 65 177 MORI_V1__Head_Rear
00:28.867  render           | Saved: '/Users/dean/Documents/MORI/mechanical/renders/parts/Head_Yaw_Ear_0_Nut.png'
PART_PREVIEW 66 177 MORI_V1__Head_Yaw_Ear_0_Nut
00:29.301  render           | Saved: '/Users/dean/Documents/MORI/mechanical/renders/parts/Head_Yaw_Ear_0_Screw.png'
PART_PREVIEW 67 177 MORI_V1__Head_Yaw_Ear_0_Screw
00:29.727  render           | Saved: '/Users/dean/Documents/MORI/mechanical/renders/parts/Head_Yaw_Ear_1_Nut.png'
PART_PREVIEW 68 177 MORI_V1__Head_Yaw_Ear_1_Nut
00:30.159  render           | Saved: '/Users/dean/Documents/MORI/mechanical/renders/parts/Head_Yaw_Ear_1_Screw.png'
PART_PREVIEW 69 177 MORI_V1__Head_Yaw_Ear_1_Screw
00:30.586  render           | Saved: '/Users/dean/Documents/MORI/mechanical/renders/parts/IMU_Insert_0.png'
PART_PREVIEW 70 177 MORI_V1__IMU_Insert_0
00:31.027  render           | Saved: '/Users/dean/Documents/MORI/mechanical/renders/parts/IMU_Insert_1.png'
PART_PREVIEW 71 177 MORI_V1__IMU_Insert_1
00:31.476  render           | Saved: '/Users/dean/Documents/MORI/mechanical/renders/parts/IMU_Screw_0.png'
PART_PREVIEW 72 177 MORI_V1__IMU_Screw_0
00:31.927  render           | Saved: '/Users/dean/Documents/MORI/mechanical/renders/parts/IMU_Screw_1.png'
PART_PREVIEW 73 177 MORI_V1__IMU_Screw_1
00:32.454  render           | Saved: '/Users/dean/Documents/MORI/mechanical/renders/parts/Load_Frame.png'
PART_PREVIEW 74 177 MORI_V1__Load_Frame
00:32.961  render           | Saved: '/Users/dean/Documents/MORI/mechanical/renders/parts/MCU_Carrier.png'
PART_PREVIEW 75 177 MORI_V1__MCU_Carrier
00:33.701  render           | Saved: '/Users/dean/Documents/MORI/mechanical/renders/parts/MCU_Motion.png'
PART_PREVIEW 76 177 MORI_V1__MCU_Motion
00:34.154  render           | Saved: '/Users/dean/Documents/MORI/mechanical/renders/parts/Motor_Retainer.png'
PART_PREVIEW 77 177 MORI_V1__Motor_Retainer
00:34.592  render           | Saved: '/Users/dean/Documents/MORI/mechanical/renders/parts/Motor_Retainer_Pad_-1.png'
PART_PREVIEW 78 177 MORI_V1__Motor_Retainer_Pad_-1
00:35.054  render           | Saved: '/Users/dean/Documents/MORI/mechanical/renders/parts/Motor_Retainer_Pad_1.png'
PART_PREVIEW 79 177 MORI_V1__Motor_Retainer_Pad_1
00:35.502  render           | Saved: '/Users/dean/Documents/MORI/mechanical/renders/parts/Motor_Top_Pad_L.png'
PART_PREVIEW 80 177 MORI_V1__Motor_Top_Pad_L
00:35.960  render           | Saved: '/Users/dean/Documents/MORI/mechanical/renders/parts/Motor_Top_Pad_R.png'
PART_PREVIEW 81 177 MORI_V1__Motor_Top_Pad_R
00:36.391  render           | Saved: '/Users/dean/Documents/MORI/mechanical/renders/parts/Onboard_MIC_L.png'
PART_PREVIEW 82 177 MORI_V1__Onboard_MIC_L
00:36.814  render           | Saved: '/Users/dean/Documents/MORI/mechanical/renders/parts/Onboard_MIC_R.png'
PART_PREVIEW 83 177 MORI_V1__Onboard_MIC_R
00:37.289  render           | Saved: '/Users/dean/Documents/MORI/mechanical/renders/parts/Parking_Cradle.png'
PART_PREVIEW 84 177 MORI_V1__Parking_Cradle
00:37.781  render           | Saved: '/Users/dean/Documents/MORI/mechanical/renders/parts/Pitch_Bearing_L.png'
PART_PREVIEW 85 177 MORI_V1__Pitch_Bearing_L
00:38.286  render           | Saved: '/Users/dean/Documents/MORI/mechanical/renders/parts/Pitch_Bearing_R.png'
PART_PREVIEW 86 177 MORI_V1__Pitch_Bearing_R
00:38.768  render           | Saved: '/Users/dean/Documents/MORI/mechanical/renders/parts/Pitch_Cradle.png'
PART_PREVIEW 87 177 MORI_V1__Pitch_Cradle
00:39.224  render           | Saved: '/Users/dean/Documents/MORI/mechanical/renders/parts/Pitch_Horn.png'
PART_PREVIEW 88 177 MORI_V1__Pitch_Horn
00:39.632  render           | Saved: '/Users/dean/Documents/MORI/mechanical/renders/parts/Pitch_Lock_Screw.png'
PART_PREVIEW 89 177 MORI_V1__Pitch_Lock_Screw
00:40.062  render           | Saved: '/Users/dean/Documents/MORI/mechanical/renders/parts/Pitch_Output.png'
PART_PREVIEW 90 177 MORI_V1__Pitch_Output
00:40.534  render           | Saved: '/Users/dean/Documents/MORI/mechanical/renders/parts/Pitch_Servo.png'
PART_PREVIEW 91 177 MORI_V1__Pitch_Servo
00:41.026  render           | Saved: '/Users/dean/Documents/MORI/mechanical/renders/parts/Pitch_Trunnion_L.png'
PART_PREVIEW 92 177 MORI_V1__Pitch_Trunnion_L
00:41.495  render           | Saved: '/Users/dean/Documents/MORI/mechanical/renders/parts/Pitch_Trunnion_R.png'
PART_PREVIEW 93 177 MORI_V1__Pitch_Trunnion_R
00:41.982  render           | Saved: '/Users/dean/Documents/MORI/mechanical/renders/parts/Pitch_Yoke.png'
PART_PREVIEW 94 177 MORI_V1__Pitch_Yoke
00:42.394  render           | Saved: '/Users/dean/Documents/MORI/mechanical/renders/parts/Power_Board_H2_Insert.png'
PART_PREVIEW 95 177 MORI_V1__Power_Board_H2_Insert
00:42.819  render           | Saved: '/Users/dean/Documents/MORI/mechanical/renders/parts/Power_Board_H2_Screw.png'
PART_PREVIEW 96 177 MORI_V1__Power_Board_H2_Screw
00:43.232  render           | Saved: '/Users/dean/Documents/MORI/mechanical/renders/parts/Power_Board_H3_Insert.png'
PART_PREVIEW 97 177 MORI_V1__Power_Board_H3_Insert
00:43.659  render           | Saved: '/Users/dean/Documents/MORI/mechanical/renders/parts/Power_Board_H3_Screw.png'
PART_PREVIEW 98 177 MORI_V1__Power_Board_H3_Screw
00:44.137  render           | Saved: '/Users/dean/Documents/MORI/mechanical/renders/parts/Power_Module.png'
PART_PREVIEW 99 177 MORI_V1__Power_Module
00:44.637  render           | Saved: '/Users/dean/Documents/MORI/mechanical/renders/parts/Power_Switch.png'
PART_PREVIEW 100 177 MORI_V1__Power_Switch
00:45.062  render           | Saved: '/Users/dean/Documents/MORI/mechanical/renders/parts/Rear_Interface_Insert_0.png'
PART_PREVIEW 101 177 MORI_V1__Rear_Interface_Insert_0
00:45.483  render           | Saved: '/Users/dean/Documents/MORI/mechanical/renders/parts/Rear_Interface_Insert_1.png'
PART_PREVIEW 102 177 MORI_V1__Rear_Interface_Insert_1
00:45.928  render           | Saved: '/Users/dean/Documents/MORI/mechanical/renders/parts/Rear_Interface_PCB.png'
PART_PREVIEW 103 177 MORI_V1__Rear_Interface_PCB
00:46.402  render           | Saved: '/Users/dean/Documents/MORI/mechanical/renders/parts/Rear_Interface_Screw_0.png'
PART_PREVIEW 104 177 MORI_V1__Rear_Interface_Screw_0
00:46.883  render           | Saved: '/Users/dean/Documents/MORI/mechanical/renders/parts/Rear_Interface_Screw_1.png'
PART_PREVIEW 105 177 MORI_V1__Rear_Interface_Screw_1
00:47.480  render           | Saved: '/Users/dean/Documents/MORI/mechanical/renders/parts/S288_Output_L_Inner.png'
PART_PREVIEW 106 177 MORI_V1__S288_Output_L_Inner
00:48.025  render           | Saved: '/Users/dean/Documents/MORI/mechanical/renders/parts/S288_Output_L_Outer.png'
PART_PREVIEW 107 177 MORI_V1__S288_Output_L_Outer
00:48.555  render           | Saved: '/Users/dean/Documents/MORI/mechanical/renders/parts/S288_Output_R_Inner.png'
PART_PREVIEW 108 177 MORI_V1__S288_Output_R_Inner
00:49.101  render           | Saved: '/Users/dean/Documents/MORI/mechanical/renders/parts/S288_Output_R_Outer.png'
PART_PREVIEW 109 177 MORI_V1__S288_Output_R_Outer
00:49.586  render           | Saved: '/Users/dean/Documents/MORI/mechanical/renders/parts/Shell_Insert_0.png'
PART_PREVIEW 110 177 MORI_V1__Shell_Insert_0
00:50.073  render           | Saved: '/Users/dean/Documents/MORI/mechanical/renders/parts/Shell_Insert_1.png'
PART_PREVIEW 111 177 MORI_V1__Shell_Insert_1
00:50.573  render           | Saved: '/Users/dean/Documents/MORI/mechanical/renders/parts/Shell_Insert_2.png'
PART_PREVIEW 112 177 MORI_V1__Shell_Insert_2
00:51.060  render           | Saved: '/Users/dean/Documents/MORI/mechanical/renders/parts/Shell_Insert_3.png'
PART_PREVIEW 113 177 MORI_V1__Shell_Insert_3
00:51.499  render           | Saved: '/Users/dean/Documents/MORI/mechanical/renders/parts/Shell_Screw_0.png'
PART_PREVIEW 114 177 MORI_V1__Shell_Screw_0
00:51.921  render           | Saved: '/Users/dean/Documents/MORI/mechanical/renders/parts/Shell_Screw_1.png'
PART_PREVIEW 115 177 MORI_V1__Shell_Screw_1
00:52.351  render           | Saved: '/Users/dean/Documents/MORI/mechanical/renders/parts/Shell_Screw_2.png'
PART_PREVIEW 116 177 MORI_V1__Shell_Screw_2
00:52.777  render           | Saved: '/Users/dean/Documents/MORI/mechanical/renders/parts/Shell_Screw_3.png'
PART_PREVIEW 117 177 MORI_V1__Shell_Screw_3
00:53.263  render           | Saved: '/Users/dean/Documents/MORI/mechanical/renders/parts/Speaker.png'
PART_PREVIEW 118 177 MORI_V1__Speaker
00:53.676  render           | Saved: '/Users/dean/Documents/MORI/mechanical/renders/parts/Speaker_Gasket.png'
PART_PREVIEW 119 177 MORI_V1__Speaker_Gasket
00:54.136  render           | Saved: '/Users/dean/Documents/MORI/mechanical/renders/parts/Speaker_Insert_-1.png'
PART_PREVIEW 120 177 MORI_V1__Speaker_Insert_-1
00:54.596  render           | Saved: '/Users/dean/Documents/MORI/mechanical/renders/parts/Speaker_Insert_1.png'
PART_PREVIEW 121 177 MORI_V1__Speaker_Insert_1
00:55.031  render           | Saved: '/Users/dean/Documents/MORI/mechanical/renders/parts/Speaker_Screw_-1.png'
PART_PREVIEW 122 177 MORI_V1__Speaker_Screw_-1
00:55.471  render           | Saved: '/Users/dean/Documents/MORI/mechanical/renders/parts/Speaker_Screw_1.png'
PART_PREVIEW 123 177 MORI_V1__Speaker_Screw_1
00:55.912  render           | Saved: '/Users/dean/Documents/MORI/mechanical/renders/parts/Tire_L.png'
PART_PREVIEW 124 177 MORI_V1__Tire_L
00:56.359  render           | Saved: '/Users/dean/Documents/MORI/mechanical/renders/parts/Tire_R.png'
PART_PREVIEW 125 177 MORI_V1__Tire_R
00:56.846  render           | Saved: '/Users/dean/Documents/MORI/mechanical/renders/parts/USB_Receptacle.png'
PART_PREVIEW 126 177 MORI_V1__USB_Receptacle
00:57.270  render           | Saved: '/Users/dean/Documents/MORI/mechanical/renders/parts/Wheel_Axle_L.png'
PART_PREVIEW 127 177 MORI_V1__Wheel_Axle_L
00:57.698  render           | Saved: '/Users/dean/Documents/MORI/mechanical/renders/parts/Wheel_Axle_R.png'
PART_PREVIEW 128 177 MORI_V1__Wheel_Axle_R
00:58.196  render           | Saved: '/Users/dean/Documents/MORI/mechanical/renders/parts/Wheel_Bearing_L_Inner.png'
PART_PREVIEW 129 177 MORI_V1__Wheel_Bearing_L_Inner
00:58.692  render           | Saved: '/Users/dean/Documents/MORI/mechanical/renders/parts/Wheel_Bearing_L_Outer.png'
PART_PREVIEW 130 177 MORI_V1__Wheel_Bearing_L_Outer
00:59.189  render           | Saved: '/Users/dean/Documents/MORI/mechanical/renders/parts/Wheel_Bearing_R_Inner.png'
PART_PREVIEW 131 177 MORI_V1__Wheel_Bearing_R_Inner
00:59.802  render           | Saved: '/Users/dean/Documents/MORI/mechanical/renders/parts/Wheel_Bearing_R_Outer.png'
PART_PREVIEW 132 177 MORI_V1__Wheel_Bearing_R_Outer
01:00.266  render           | Saved: '/Users/dean/Documents/MORI/mechanical/renders/parts/Wheel_Cap_Clamp_Nut_0.png'
PART_PREVIEW 133 177 MORI_V1__Wheel_Cap_Clamp_Nut_0
01:00.722  render           | Saved: '/Users/dean/Documents/MORI/mechanical/renders/parts/Wheel_Cap_Clamp_Nut_1.png'
PART_PREVIEW 134 177 MORI_V1__Wheel_Cap_Clamp_Nut_1
01:01.169  render           | Saved: '/Users/dean/Documents/MORI/mechanical/renders/parts/Wheel_Cap_Clamp_Nut_2.png'
PART_PREVIEW 135 177 MORI_V1__Wheel_Cap_Clamp_Nut_2
01:01.622  render           | Saved: '/Users/dean/Documents/MORI/mechanical/renders/parts/Wheel_Cap_Clamp_Nut_3.png'
PART_PREVIEW 136 177 MORI_V1__Wheel_Cap_Clamp_Nut_3
01:02.040  render           | Saved: '/Users/dean/Documents/MORI/mechanical/renders/parts/Wheel_Cap_Clamp_Screw_0.png'
PART_PREVIEW 137 177 MORI_V1__Wheel_Cap_Clamp_Screw_0
01:02.470  render           | Saved: '/Users/dean/Documents/MORI/mechanical/renders/parts/Wheel_Cap_Clamp_Screw_1.png'
PART_PREVIEW 138 177 MORI_V1__Wheel_Cap_Clamp_Screw_1
01:02.889  render           | Saved: '/Users/dean/Documents/MORI/mechanical/renders/parts/Wheel_Cap_Clamp_Screw_2.png'
PART_PREVIEW 139 177 MORI_V1__Wheel_Cap_Clamp_Screw_2
01:03.314  render           | Saved: '/Users/dean/Documents/MORI/mechanical/renders/parts/Wheel_Cap_Clamp_Screw_3.png'
PART_PREVIEW 140 177 MORI_V1__Wheel_Cap_Clamp_Screw_3
01:03.770  render           | Saved: '/Users/dean/Documents/MORI/mechanical/renders/parts/Wheel_End_Screw_L.png'
PART_PREVIEW 141 177 MORI_V1__Wheel_End_Screw_L
01:04.228  render           | Saved: '/Users/dean/Documents/MORI/mechanical/renders/parts/Wheel_End_Screw_R.png'
PART_PREVIEW 142 177 MORI_V1__Wheel_End_Screw_R
01:04.687  render           | Saved: '/Users/dean/Documents/MORI/mechanical/renders/parts/Wheel_End_Washer_L.png'
PART_PREVIEW 143 177 MORI_V1__Wheel_End_Washer_L
01:05.132  render           | Saved: '/Users/dean/Documents/MORI/mechanical/renders/parts/Wheel_End_Washer_R.png'
PART_PREVIEW 144 177 MORI_V1__Wheel_End_Washer_R
01:05.606  render           | Saved: '/Users/dean/Documents/MORI/mechanical/renders/parts/Wheel_Hub_L.png'
PART_PREVIEW 145 177 MORI_V1__Wheel_Hub_L
01:06.080  render           | Saved: '/Users/dean/Documents/MORI/mechanical/renders/parts/Wheel_Hub_R.png'
PART_PREVIEW 146 177 MORI_V1__Wheel_Hub_R
01:06.519  render           | Saved: '/Users/dean/Documents/MORI/mechanical/renders/parts/Wheel_Output_Screw_L_0.png'
PART_PREVIEW 147 177 MORI_V1__Wheel_Output_Screw_L_0
01:06.950  render           | Saved: '/Users/dean/Documents/MORI/mechanical/renders/parts/Wheel_Output_Screw_L_1.png'
PART_PREVIEW 148 177 MORI_V1__Wheel_Output_Screw_L_1
01:07.390  render           | Saved: '/Users/dean/Documents/MORI/mechanical/renders/parts/Wheel_Output_Screw_L_2.png'
PART_PREVIEW 149 177 MORI_V1__Wheel_Output_Screw_L_2
01:07.815  render           | Saved: '/Users/dean/Documents/MORI/mechanical/renders/parts/Wheel_Output_Screw_L_3.png'
PART_PREVIEW 150 177 MORI_V1__Wheel_Output_Screw_L_3
01:08.260  render           | Saved: '/Users/dean/Documents/MORI/mechanical/renders/parts/Wheel_Output_Screw_L_4.png'
PART_PREVIEW 151 177 MORI_V1__Wheel_Output_Screw_L_4
01:08.709  render           | Saved: '/Users/dean/Documents/MORI/mechanical/renders/parts/Wheel_Output_Screw_L_5.png'
PART_PREVIEW 152 177 MORI_V1__Wheel_Output_Screw_L_5
01:09.158  render           | Saved: '/Users/dean/Documents/MORI/mechanical/renders/parts/Wheel_Output_Screw_R_0.png'
PART_PREVIEW 153 177 MORI_V1__Wheel_Output_Screw_R_0
01:09.612  render           | Saved: '/Users/dean/Documents/MORI/mechanical/renders/parts/Wheel_Output_Screw_R_1.png'
PART_PREVIEW 154 177 MORI_V1__Wheel_Output_Screw_R_1
01:10.049  render           | Saved: '/Users/dean/Documents/MORI/mechanical/renders/parts/Wheel_Output_Screw_R_2.png'
PART_PREVIEW 155 177 MORI_V1__Wheel_Output_Screw_R_2
01:10.493  render           | Saved: '/Users/dean/Documents/MORI/mechanical/renders/parts/Wheel_Output_Screw_R_3.png'
PART_PREVIEW 156 177 MORI_V1__Wheel_Output_Screw_R_3
01:10.922  render           | Saved: '/Users/dean/Documents/MORI/mechanical/renders/parts/Wheel_Output_Screw_R_4.png'
PART_PREVIEW 157 177 MORI_V1__Wheel_Output_Screw_R_4
01:11.355  render           | Saved: '/Users/dean/Documents/MORI/mechanical/renders/parts/Wheel_Output_Screw_R_5.png'
PART_PREVIEW 158 177 MORI_V1__Wheel_Output_Screw_R_5
01:11.874  render           | Saved: '/Users/dean/Documents/MORI/mechanical/renders/parts/Wheel_Spacer_L_0.png'
PART_PREVIEW 159 177 MORI_V1__Wheel_Spacer_L_0
01:12.408  render           | Saved: '/Users/dean/Documents/MORI/mechanical/renders/parts/Wheel_Spacer_L_1.png'
PART_PREVIEW 160 177 MORI_V1__Wheel_Spacer_L_1
01:12.933  render           | Saved: '/Users/dean/Documents/MORI/mechanical/renders/parts/Wheel_Spacer_R_0.png'
PART_PREVIEW 161 177 MORI_V1__Wheel_Spacer_R_0
01:13.455  render           | Saved: '/Users/dean/Documents/MORI/mechanical/renders/parts/Wheel_Spacer_R_1.png'
PART_PREVIEW 162 177 MORI_V1__Wheel_Spacer_R_1
01:13.952  render           | Saved: '/Users/dean/Documents/MORI/mechanical/renders/parts/Yaw_Base.png'
PART_PREVIEW 163 177 MORI_V1__Yaw_Base
01:14.386  render           | Saved: '/Users/dean/Documents/MORI/mechanical/renders/parts/Yaw_Base_-1_Insert.png'
PART_PREVIEW 164 177 MORI_V1__Yaw_Base_-1_Insert
01:14.830  render           | Saved: '/Users/dean/Documents/MORI/mechanical/renders/parts/Yaw_Base_-1_Screw.png'
PART_PREVIEW 165 177 MORI_V1__Yaw_Base_-1_Screw
01:15.261  render           | Saved: '/Users/dean/Documents/MORI/mechanical/renders/parts/Yaw_Base_1_Insert.png'
PART_PREVIEW 166 177 MORI_V1__Yaw_Base_1_Insert
01:15.696  render           | Saved: '/Users/dean/Documents/MORI/mechanical/renders/parts/Yaw_Base_1_Screw.png'
PART_PREVIEW 167 177 MORI_V1__Yaw_Base_1_Screw
01:16.161  render           | Saved: '/Users/dean/Documents/MORI/mechanical/renders/parts/Yaw_Bearing.png'
PART_PREVIEW 168 177 MORI_V1__Yaw_Bearing
01:16.599  render           | Saved: '/Users/dean/Documents/MORI/mechanical/renders/parts/Yaw_Horn.png'
PART_PREVIEW 169 177 MORI_V1__Yaw_Horn
01:17.012  render           | Saved: '/Users/dean/Documents/MORI/mechanical/renders/parts/Yaw_Lock_Screw.png'
PART_PREVIEW 170 177 MORI_V1__Yaw_Lock_Screw
01:17.448  render           | Saved: '/Users/dean/Documents/MORI/mechanical/renders/parts/Yaw_Output.png'
PART_PREVIEW 171 177 MORI_V1__Yaw_Output
01:17.904  render           | Saved: '/Users/dean/Documents/MORI/mechanical/renders/parts/Yaw_Reaction_Clamp_Nut.png'
PART_PREVIEW 172 177 MORI_V1__Yaw_Reaction_Clamp_Nut
01:18.340  render           | Saved: '/Users/dean/Documents/MORI/mechanical/renders/parts/Yaw_Reaction_Clamp_Screw.png'
PART_PREVIEW 173 177 MORI_V1__Yaw_Reaction_Clamp_Screw
01:18.799  render           | Saved: '/Users/dean/Documents/MORI/mechanical/renders/parts/Yaw_Reaction_Link.png'
PART_PREVIEW 174 177 MORI_V1__Yaw_Reaction_Link
01:19.255  render           | Saved: '/Users/dean/Documents/MORI/mechanical/renders/parts/Yaw_Reaction_Retainer_Nut.png'
PART_PREVIEW 175 177 MORI_V1__Yaw_Reaction_Retainer_Nut
01:19.681  render           | Saved: '/Users/dean/Documents/MORI/mechanical/renders/parts/Yaw_Reaction_Retainer_Screw.png'
PART_PREVIEW 176 177 MORI_V1__Yaw_Reaction_Retainer_Screw
01:20.168  render           | Saved: '/Users/dean/Documents/MORI/mechanical/renders/parts/Yaw_Servo.png'
PART_PREVIEW 177 177 MORI_V1__Yaw_Servo
CATALOG_COMPLETE
Blender 5.2.1 LTS (hash 9e2066aef7ef built 2026-08-25 01:35:57)

Blender quit
