00:00.297  blend            | Read blend: "/Users/dean/Documents/MORI/mechanical/studies/prearrival_finish/harness_A8/cam_wire_forming/lifted_end2/contact_refined_forming/root_seating/body_supply/complete_head/larger_neck_candidate/candidate.blend"
Traceback (most recent call last):
  File "/Users/dean/Documents/MORI/mechanical/studies/prearrival_finish/harness_A8/verify_CAM_larger_neck_candidate.py", line 30, in <module>
    exec(compile(LNV_HELPER.read_text().split('\nports=json.loads',1)[0],str(LNV_HELPER),'exec'),globals())
    ~~~~^^^^^^^^^^^^^^^^^^^^^^^^^^^^^^^^^^^^^^^^^^^^^^^^^^^^^^^^^^^^^^^^^^^^^^^^^^^^^^^^^^^^^^^^^^^^^^^^^^^
  File "/Users/dean/Documents/MORI/mechanical/studies/prearrival_finish/harness_A8/plan_h06_documented_mates.py", line 9, in <module>
    exec(compile(BASE.read_text().split('ports=json.loads')[0],str(BASE),'exec'),globals())
    ~~~~^^^^^^^^^^^^^^^^^^^^^^^^^^^^^^^^^^^^^^^^^^^^^^^^^^^^^^^^^^^^^^^^^^^^^^^^^^^^^^^^^^^
  File "/Users/dean/Documents/MORI/mechanical/studies/prearrival_finish/harness_A8/plan_h06_body_leads.py", line 11, in <module>
    exec(compile(HELPER.read_text().split('MARGIN =')[0], str(HELPER), 'exec'), globals())
    ~~~~^^^^^^^^^^^^^^^^^^^^^^^^^^^^^^^^^^^^^^^^^^^^^^^^^^^^^^^^^^^^^^^^^^^^^^^^^^^^^^^^^^
  File "/Users/dean/Documents/MORI/mechanical/studies/prearrival_finish/harness_A2/check_static.py", line 14, in <module>
    exec(compile(bootstrap, __file__, 'exec'), globals())
    ~~~~^^^^^^^^^^^^^^^^^^^^^^^^^^^^^^^^^^^^^^^^^^^^^^^^^
  File "/Users/dean/Documents/MORI/mechanical/studies/prearrival_finish/body_routes_current.py", line 15, in <module>
    p=plug['rear_J3'];cc=(p.lo+p.hi)/2;bb=hand['rear_J3']['nominal_screen']['plug_world_bounds_mm'];tt=(np.array(bb[:3])+bb[3:])/2
      ~~~~^^^^^^^^^^^
KeyError: 'rear_J3'

Error: script failed, file: 'mechanical/studies/prearrival_finish/harness_A8/verify_CAM_larger_neck_candidate.py', exiting.
Blender 5.2.2 LTS (hash d13f752e3b9c built 2026-09-15 01:49:19)

Blender quit
