00:00.398  blend            | Read blend: "/Users/dean/Documents/MORI/mechanical/mori_v1_2.blend"
UPPER_FEED old_nominal_box 0 0.0 BLOCKED 99 [('body_wire', None, 0), ('structure', 'Pitch_Servo', None), ('wire', None, 1)] 4.0
UPPER_FEED old_nominal_box 0 90.0 BLOCKED 837 [('body_wire', None, 0), ('structure', 'Pitch_Servo', None), ('wire', None, 1), ('other_terminal', None, 1)] 7.5
UPPER_FEED old_nominal_box 1 0.0 BLOCKED 39 [('body_wire', None, 1), ('wire', None, 2), ('wire', None, 0)] 11.1
UPPER_FEED old_nominal_box 1 90.0 BLOCKED 796 [('body_wire', None, 1), ('wire', None, 2), ('wire', None, 0), ('other_terminal', None, 0), ('other_terminal', None, 2)] 14.7
UPPER_FEED old_nominal_box 2 0.0 BLOCKED 38 [('body_wire', None, 2), ('wire', None, 3), ('wire', None, 1)] 18.4
UPPER_FEED old_nominal_box 2 90.0 BLOCKED 790 [('body_wire', None, 2), ('wire', None, 1), ('wire', None, 3), ('other_terminal', None, 3), ('other_terminal', None, 1)] 22.2
UPPER_FEED old_nominal_box 3 0.0 BLOCKED 57 [('body_wire', None, 3), ('wire', None, 2)] 26.0
UPPER_FEED old_nominal_box 3 90.0 BLOCKED 796 [('body_wire', None, 3), ('wire', None, 2), ('other_terminal', None, 2)] 29.7
UPPER_FEED requested_space_only 0 0.0 BLOCKED 141 [('body_wire', None, 0), ('structure', 'Pitch_Servo', None), ('wire', None, 1)] 33.3
UPPER_FEED requested_space_only 0 90.0 BLOCKED 839 [('body_wire', None, 0), ('structure', 'Pitch_Servo', None), ('wire', None, 1), ('other_terminal', None, 1)] 36.9
UPPER_FEED requested_space_only 1 0.0 BLOCKED 84 [('body_wire', None, 1), ('structure', 'Pitch_Yoke', None), ('wire', None, 2), ('wire', None, 0)] 40.5
UPPER_FEED requested_space_only 1 90.0 BLOCKED 850 [('body_wire', None, 1), ('structure', 'Pitch_Servo', None), ('wire', None, 0), ('wire', None, 2), ('other_terminal', None, 0), ('other_terminal', None, 2)] 44.1
UPPER_FEED requested_space_only 2 0.0 BLOCKED 106 [('body_wire', None, 2), ('structure', 'Yaw_Servo', None), ('wire', None, 3), ('wire', None, 1)] 47.8
UPPER_FEED requested_space_only 2 90.0 BLOCKED 793 [('body_wire', None, 2), ('wire', None, 1), ('wire', None, 3), ('other_terminal', None, 3), ('other_terminal', None, 1)] 51.6
UPPER_FEED requested_space_only 3 0.0 BLOCKED 86 [('body_wire', None, 3), ('wire', None, 2)] 55.4
UPPER_FEED requested_space_only 3 90.0 BLOCKED 798 [('body_wire', None, 3), ('wire', None, 2), ('wire', None, 1), ('other_terminal', None, 2)] 59.1
UPPER_FEED_DONE 16 59.6
Blender 5.2.2 LTS (hash d13f752e3b9c built 2026-09-15 01:49:19)

Blender quit
