00:00.296  blend            | Read blend: "/Users/dean/Documents/MORI/mechanical/mori_v1_2.blend"
LARGER_NECK_POSE 7.6 0.0 BLOCKED Yaw_Base 67
LARGER_NECK_POSE 7.6 15.0 BLOCKED Yaw_Base 67
LARGER_NECK_POSE 7.6 30.0 BLOCKED Yaw_Base 66
LARGER_NECK_POSE 7.6 45.0 BLOCKED Yaw_Base 65
LARGER_NECK_POSE 7.6 60.0 BLOCKED Yaw_Base 65
LARGER_NECK_POSE 7.6 75.0 BLOCKED Yaw_Base 65
LARGER_NECK_POSE 7.6 90.0 BLOCKED Yaw_Base 65
LARGER_NECK_POSE 7.65 0.0 BLOCKED Yaw_Base 68
LARGER_NECK_POSE 7.65 15.0 BLOCKED Yaw_Base 67
LARGER_NECK_POSE 7.65 30.0 BLOCKED Yaw_Base 66
LARGER_NECK_POSE 7.65 45.0 BLOCKED Yaw_Base 66
LARGER_NECK_POSE 7.65 60.0 BLOCKED Yaw_Base 66
LARGER_NECK_POSE 7.65 75.0 BLOCKED Yaw_Base 66
LARGER_NECK_POSE 7.65 90.0 BLOCKED Yaw_Base 66
LARGER_NECK_POSE 7.7 0.0 BLOCKED Yaw_Base 68
LARGER_NECK_POSE 7.7 15.0 BLOCKED Yaw_Base 68
LARGER_NECK_POSE 7.7 30.0 BLOCKED Yaw_Base 67
LARGER_NECK_POSE 7.7 45.0 BLOCKED Yaw_Base 67
LARGER_NECK_POSE 7.7 60.0 BLOCKED Yaw_Base 66
LARGER_NECK_POSE 7.7 75.0 BLOCKED Yaw_Base 67
LARGER_NECK_POSE 7.7 90.0 BLOCKED Yaw_Base 67
LARGER_NECK_POSE 7.75 0.0 BLOCKED Yaw_Base 69
LARGER_NECK_POSE 7.75 15.0 BLOCKED Yaw_Base 69
LARGER_NECK_POSE 7.75 30.0 BLOCKED Yaw_Base 68
LARGER_NECK_POSE 7.75 45.0 BLOCKED Yaw_Base 67
LARGER_NECK_POSE 7.75 60.0 BLOCKED Yaw_Base 67
LARGER_NECK_POSE 7.75 75.0 BLOCKED Yaw_Base 67
LARGER_NECK_POSE 7.75 90.0 BLOCKED Yaw_Base 67
LARGER_NECK_POSE 7.8 0.0 BLOCKED Yaw_Base 70
LARGER_NECK_POSE 7.8 15.0 BLOCKED Yaw_Base 69
LARGER_NECK_POSE 7.8 30.0 BLOCKED Yaw_Base 69
LARGER_NECK_POSE 7.8 45.0 BLOCKED Yaw_Base 68
LARGER_NECK_POSE 7.8 60.0 BLOCKED Yaw_Base 68
LARGER_NECK_POSE 7.8 75.0 BLOCKED Yaw_Base 68
LARGER_NECK_POSE 7.8 90.0 BLOCKED Yaw_Base 68
LARGER_NECK_POSE 7.55 0.0 BLOCKED Yaw_Base 66
LARGER_NECK_POSE 7.55 15.0 BLOCKED Yaw_Base 66
LARGER_NECK_POSE 7.55 30.0 BLOCKED Yaw_Base 65
LARGER_NECK_POSE 7.55 45.0 BLOCKED Yaw_Base 65
LARGER_NECK_POSE 7.55 60.0 BLOCKED Yaw_Base 64
LARGER_NECK_POSE 7.55 75.0 BLOCKED Yaw_Base 65
LARGER_NECK_POSE 7.55 90.0 BLOCKED Yaw_Base 65
LARGER_NECK_POSE 7.5 0.0 BLOCKED Yaw_Base 65
LARGER_NECK_POSE 7.5 15.0 BLOCKED Yaw_Base 65
LARGER_NECK_POSE 7.5 30.0 BLOCKED Yaw_Base 64
LARGER_NECK_POSE 7.5 45.0 BLOCKED Yaw_Base 64
LARGER_NECK_POSE 7.5 60.0 BLOCKED Yaw_Base 64
LARGER_NECK_POSE 7.5 75.0 BLOCKED Yaw_Base 64
LARGER_NECK_POSE 7.5 90.0 BLOCKED Yaw_Base 64
LARGER_NECK_POSE_DONE BLOCKED 49 0 2.26
Blender 5.2.2 LTS (hash d13f752e3b9c built 2026-09-15 01:49:19)

Blender quit
