00:00.244  blend            | Read blend: "/Users/dean/Documents/MORI/mechanical/mori_v1_2.blend"
UPPER_FEED old_nominal_box 0 0.0 BLOCKED 96 [('structure', 'Pitch_Servo', None), ('wire', None, 1)] 4.2
UPPER_FEED old_nominal_box 0 90.0 BLOCKED 834 [('structure', 'Pitch_Servo', None), ('wire', None, 1), ('other_terminal', None, 1)] 7.9
UPPER_FEED old_nominal_box 1 0.0 BLOCKED 36 [('wire', None, 2), ('wire', None, 0)] 11.7
UPPER_FEED old_nominal_box 1 90.0 BLOCKED 793 [('wire', None, 2), ('wire', None, 0), ('other_terminal', None, 0), ('other_terminal', None, 2)] 15.5
UPPER_FEED old_nominal_box 2 0.0 BLOCKED 35 [('wire', None, 3), ('wire', None, 1)] 19.5
UPPER_FEED old_nominal_box 2 90.0 BLOCKED 787 [('wire', None, 1), ('wire', None, 3), ('other_terminal', None, 3), ('other_terminal', None, 1)] 23.5
UPPER_FEED old_nominal_box 3 0.0 BLOCKED 54 [('wire', None, 2)] 27.5
UPPER_FEED old_nominal_box 3 90.0 BLOCKED 793 [('wire', None, 2), ('other_terminal', None, 2)] 31.5
UPPER_FEED requested_space_only 0 0.0 BLOCKED 138 [('structure', 'Pitch_Servo', None), ('wire', None, 1)] 35.3
UPPER_FEED requested_space_only 0 90.0 BLOCKED 836 [('structure', 'Pitch_Servo', None), ('wire', None, 1), ('other_terminal', None, 1)] 39.2
UPPER_FEED requested_space_only 1 0.0 BLOCKED 81 [('structure', 'Pitch_Yoke', None), ('wire', None, 2), ('wire', None, 0)] 43.0
UPPER_FEED requested_space_only 1 90.0 BLOCKED 847 [('structure', 'Pitch_Servo', None), ('wire', None, 0), ('wire', None, 2), ('other_terminal', None, 0), ('other_terminal', None, 2)] 46.9
UPPER_FEED requested_space_only 2 0.0 BLOCKED 103 [('structure', 'Yaw_Servo', None), ('wire', None, 3), ('wire', None, 1)] 51.0
UPPER_FEED requested_space_only 2 90.0 BLOCKED 790 [('wire', None, 1), ('wire', None, 3), ('other_terminal', None, 3), ('other_terminal', None, 1)] 54.9
UPPER_FEED requested_space_only 3 0.0 BLOCKED 83 [('wire', None, 2)] 58.7
UPPER_FEED requested_space_only 3 90.0 BLOCKED 795 [('wire', None, 2), ('wire', None, 1), ('other_terminal', None, 2)] 62.4
UPPER_FEED_DONE 16 62.9
Blender 5.2.2 LTS (hash d13f752e3b9c built 2026-09-15 01:49:19)

Blender quit
