00:00.445  blend            | Read blend: "/Users/dean/Documents/MORI/mechanical/mori_v1_2.blend"
ORDERED_FEED_CONTINUOUS 3 40 207 passed 41 unproved 0 s 2.1
ORDERED_FEED_CONTINUOUS 3 80 207 passed 81 unproved 0 s 2.3
ORDERED_FEED_CONTINUOUS 3 120 207 passed 121 unproved 0 s 2.5
ORDERED_FEED_CONTINUOUS 3 160 207 passed 171 unproved 0 s 2.8
ORDERED_FEED_CONTINUOUS 3 200 207 passed 211 unproved 0 s 2.9
ORDERED_FEED_SLOT_DONE 3 s 3.0
ORDERED_FEED_CONTINUOUS 2 40 209 passed 259 unproved 0 s 4.8
ORDERED_FEED_CONTINUOUS 2 80 209 passed 299 unproved 0 s 5.0
ORDERED_FEED_CONTINUOUS 2 120 209 passed 339 unproved 0 s 5.2
ORDERED_FEED_CONTINUOUS 2 160 209 passed 390 unproved 0 s 5.5
ORDERED_FEED_CONTINUOUS 2 200 209 passed 443 unproved 0 s 5.9
ORDERED_FEED_SLOT_DONE 2 s 5.9
ORDERED_FEED_CONTINUOUS 1 40 176 passed 494 unproved 0 s 7.7
ORDERED_FEED_CONTINUOUS 1 80 176 passed 534 unproved 0 s 7.9
ORDERED_FEED_CONTINUOUS 1 120 176 passed 574 unproved 0 s 8.2
ORDERED_FEED_CONTINUOUS 1 160 176 passed 634 unproved 0 s 8.6
ORDERED_FEED_SLOT_DONE 1 s 8.7
ORDERED_FEED_CONTINUOUS 0 40 180 passed 699 unproved 0 s 10.6
ORDERED_FEED_CONTINUOUS 0 80 180 passed 760 unproved 0 s 11.0
ORDERED_FEED_CONTINUOUS 0 120 180 passed 853 unproved 0 s 11.5
ORDERED_FEED_CONTINUOUS 0 160 180 passed 1173 unproved 0 s 13.6
ORDERED_FEED_SLOT_DONE 0 s 14.0
ORDERED_FEED_CONTINUOUS_DONE PASS 1228 0 14.5
Blender 5.2.2 LTS (hash d13f752e3b9c built 2026-09-15 01:49:19)

Blender quit
