00:00.264  blend            | Read blend: "/Users/dean/Documents/MORI/mechanical/mori_v1_2.blend"
UPRIGHT_STAGING_INPUT 0.010233864904111586 161.73822145957516 0.00012923137453604852
UPRIGHT_STAGING 0.0 PASS None None None None 6.8
UPRIGHT_STAGING 0.05 PASS None None None None 13.0
UPRIGHT_STAGING 0.1 PASS None None None None 19.3
UPRIGHT_STAGING 0.15 PASS None None None None 25.5
UPRIGHT_STAGING 0.2 PASS None None None None 31.7
UPRIGHT_STAGING 0.25 PASS None None None None 37.8
UPRIGHT_STAGING 0.3 BLOCKED wire_structure 0 None {'object': 'Pitch_Yoke_without_root_bed', 'point_mm': [-10.230249132682601, -7.227259431009349, 232.80575785222857], 'distance_mm': 0.6362122893333435, 'required_mm': 0.6362968722011357, 'temporal_mm': 0.0, 'nominal_margin_mm': 0.3} 38.5
UPRIGHT_STAGING 0.35 BLOCKED wire_structure 0 None {'object': 'Pitch_Yoke_without_root_bed', 'point_mm': [-10.190146674090398, -6.657683814767079, 232.76737716949404], 'distance_mm': 0.6326141357421875, 'required_mm': 0.6362968722011355, 'temporal_mm': 0.0, 'nominal_margin_mm': 0.3} 39.1
UPRIGHT_STAGING 0.4 BLOCKED wire_structure 0 None {'object': 'Pitch_Yoke_without_root_bed', 'point_mm': [-10.150075913396764, -6.08055746373343, 232.76554065956918], 'distance_mm': 0.63446044921875, 'required_mm': 0.6362968722011415, 'temporal_mm': 0.0, 'nominal_margin_mm': 0.3} 39.7
UPRIGHT_STAGING 0.45 BLOCKED wire_structure 0 None {'object': 'Pitch_Yoke_without_root_bed', 'point_mm': [-10.110158025334437, -5.501522198448778, 232.76862441789288], 'distance_mm': 0.6313629150390625, 'required_mm': 0.6362968722011336, 'temporal_mm': 0.0, 'nominal_margin_mm': 0.3} 40.4
UPRIGHT_STAGING 0.5 BLOCKED wire_structure 0 None {'object': 'Pitch_Servo', 'point_mm': [-10.070514272721276, -6.461112423011703, 227.3437551618398], 'distance_mm': 0.6347618103027344, 'required_mm': 0.6362968722011364, 'temporal_mm': 0.0, 'nominal_margin_mm': 0.3} 40.9
UPRIGHT_STAGING 0.55 BLOCKED wire_structure 0 None {'object': 'Pitch_Servo', 'point_mm': [-10.031264172839665, -6.428394165917697, 226.5423755749925], 'distance_mm': 0.635360062122345, 'required_mm': 0.6362968722011422, 'temporal_mm': 0.0, 'nominal_margin_mm': 0.3} 41.5
UPRIGHT_STAGING 0.6 BLOCKED wire_structure 0 None {'object': 'Pitch_Servo', 'point_mm': [-9.992523689314694, -6.388683108123138, 225.9241028316875], 'distance_mm': 0.6349564790725708, 'required_mm': 0.6362968722011348, 'temporal_mm': 0.0, 'nominal_margin_mm': 0.3} 42.0
UPRIGHT_STAGING 0.65 BLOCKED wire_structure 0 None {'object': 'Pitch_Servo', 'point_mm': [-9.954403513401395, -6.340641462317163, 225.40041770902573], 'distance_mm': 0.6338815689086914, 'required_mm': 0.6362968722011337, 'temporal_mm': 0.0, 'nominal_margin_mm': 0.3} 42.6
UPRIGHT_STAGING 0.7 BLOCKED wire_structure 0 None {'object': 'Pitch_Servo', 'point_mm': [-9.917007494178195, -6.285737162026382, 224.92554948341427], 'distance_mm': 0.6345745325088501, 'required_mm': 0.6362968722011368, 'temporal_mm': 0.0, 'nominal_margin_mm': 0.3} 43.1
UPRIGHT_STAGING 0.75 BLOCKED wire_structure 0 None {'object': 'Pitch_Servo', 'point_mm': [-9.880431269028115, -6.218021284130187, 224.49680274863974], 'distance_mm': 0.6361707448959351, 'required_mm': 0.6362968722011325, 'temporal_mm': 0.0, 'nominal_margin_mm': 0.3} 43.7
UPRIGHT_STAGING 0.8 BLOCKED wire_structure 0 None {'object': 'Pitch_Servo', 'point_mm': [-9.84476113469177, -6.127242007934284, 224.1177180740529], 'distance_mm': 0.634242057800293, 'required_mm': 0.6362968722011294, 'temporal_mm': 0.0, 'nominal_margin_mm': 0.3} 44.2
UPRIGHT_STAGING 0.85 BLOCKED wire_structure 0 None {'object': 'Pitch_Servo', 'point_mm': [-9.810073186083528, -6.047735575254133, 223.74549187651263], 'distance_mm': 0.6358638405799866, 'required_mm': 0.6362968722011392, 'temporal_mm': 0.0, 'nominal_margin_mm': 0.3} 44.8
UPRIGHT_STAGING 0.9 BLOCKED wire_structure 0 None {'object': 'Pitch_Servo', 'point_mm': [-9.776432736100123, -5.960846543983154, 223.3968806206244], 'distance_mm': 0.6346181035041809, 'required_mm': 0.6362968722011316, 'temporal_mm': 0.0, 'nominal_margin_mm': 0.3} 45.3
UPRIGHT_STAGING 0.95 BLOCKED wire_structure 0 None {'object': 'Pitch_Servo', 'point_mm': [-9.743894015946008, -5.829989560925232, 223.10441086897038], 'distance_mm': 0.6361569166183472, 'required_mm': 0.6362968722011324, 'temporal_mm': 0.0, 'nominal_margin_mm': 0.3} 45.8
UPRIGHT_STAGING 1.0 PASS None None None None 51.3
UPRIGHT_STAGING_DONE BLOCKED 51.9
Blender 5.2.2 LTS (hash d13f752e3b9c built 2026-09-15 01:49:19)

Blender quit
