00:00.471  blend            | Read blend: "/Users/dean/Documents/MORI/mechanical/mori_v1_2.blend"
LARGER_ROOT 1.5 PASS
LARGER_ROOT 1.425 PASS
LARGER_ROOT 1.35 PASS
LARGER_ROOT 1.275 PASS
LARGER_ROOT 1.2 PASS
LARGER_ROOT 1.125 PASS
LARGER_ROOT 1.05 PASS
LARGER_ROOT 0.975 PASS
LARGER_ROOT 0.9 PASS
LARGER_ROOT 0.8250000000000001 PASS
LARGER_ROOT 0.75 PASS
LARGER_ROOT 0.675 PASS
LARGER_ROOT 0.6000000000000001 PASS
LARGER_ROOT 0.525 PASS
LARGER_ROOT 0.44999999999999996 PASS
LARGER_ROOT 0.375 PASS
LARGER_ROOT 0.30000000000000004 PASS
LARGER_ROOT 0.2250000000000001 PASS
LARGER_ROOT 0.15000000000000013 PASS
LARGER_ROOT 0.07499999999999996 PASS
LARGER_ROOT 0.0 PASS
LARGER_FORMING_STAGE 0 200 PASS
LARGER_FORMING_STAGE 1 200 PASS
LARGER_FORMING_STAGE 2 200 PASS
LARGER_FORMING_STAGE 3 173 {'kind': 'contact_structure', 'slot': 0, 'object': 'Pitch_Servo', 'gap_mm': 0.272858425776235, 'intersection_mm3': 0.0}
LARGER_DOWNSTREAM_DONE BLOCKED 794 23.64
Blender 5.2.2 LTS (hash d13f752e3b9c built 2026-09-15 01:49:19)

Blender quit
