00:00.244  blend            | Read blend: "/Users/dean/Documents/MORI/mechanical/mori_v1_2.blend"
LATER_BODY_PORT H01 power_J17 upper_held BLOCKED 34 {'moving': 'power_J17', 'obstacle': 'Yaw_Base', 'volume_mm3': 3.653983889580539, 'kind': 'solid_overlap', 'offset_mm': 16.5, 'translation_mm': [0.0, 0.0, 16.5]}
LATER_BODY_PORT H01 motion_J1 upper_held BLOCKED 24 {'moving': 'motion_J1', 'obstacle': 'CAM_wire_3', 'kind': 'clearance_bound', 'distance_mm': 0.6423140168190002, 'required_mm': 0.6904890580145941, 'point_mm': [27.80319624502539, -30.307328027466646, 142.63999938964844], 'offset_mm': 11.5, 'translation_mm': [0.0, 0.0, 11.5]}
LATER_BODY_WHOLE H01 upper_held BLOCKED 4 {'moving': 'wire_H01_2', 'obstacle': 'Yaw_Base', 'volume_mm3': 0.9513104950644597, 'kind': 'solid_overlap', 'offset_mm': 1.5, 'translation_mm': [0.0, 0.0, 1.5]}
LATER_BODY_PORT H02 motion_J2 upper_held PASS 41 None
LATER_BODY_PORT H02 power_J13 upper_held BLOCKED 27 {'moving': 'power_J13', 'obstacle': 'CAM_wire_4', 'kind': 'clearance_bound', 'distance_mm': 0.6847505569458008, 'required_mm': 0.6903688329447436, 'point_mm': [38.242852211032194, -0.08127885824654868, 142.63999938964844], 'offset_mm': 13.0, 'translation_mm': [0.0, 0.0, 13.0]}
LATER_BODY_WHOLE H02 upper_held BLOCKED 2 {'moving': 'wire_H02_2', 'obstacle': 'CAM_wire_3', 'kind': 'clearance_bound', 'distance_mm': 0.6747884750366211, 'required_mm': 0.6904890580145941, 'point_mm': [25.663240725610226, -29.557773057536807, 142.63999938964844], 'offset_mm': 0.5, 'translation_mm': [0.0, 0.0, 0.5]}
LATER_BODY_PORT H04 motion_J4 upper_held PASS 41 None
LATER_BODY_PORT H04 imu_J1 upper_held PASS 41 None
LATER_BODY_PORT H01 power_J17 upper_seated BLOCKED 34 {'moving': 'power_J17', 'obstacle': 'Yaw_Base', 'volume_mm3': 3.653983889580539, 'kind': 'solid_overlap', 'offset_mm': 16.5, 'translation_mm': [0.0, 0.0, 16.5]}
LATER_BODY_PORT H01 motion_J1 upper_seated BLOCKED 24 {'moving': 'motion_J1', 'obstacle': 'CAM_wire_3', 'kind': 'clearance_bound', 'distance_mm': 0.6423140168190002, 'required_mm': 0.6904890580145941, 'point_mm': [27.80319624502539, -30.307328027466646, 142.63999938964844], 'offset_mm': 11.5, 'translation_mm': [0.0, 0.0, 11.5]}
LATER_BODY_WHOLE H01 upper_seated BLOCKED 4 {'moving': 'wire_H01_2', 'obstacle': 'Yaw_Base', 'volume_mm3': 0.9513104950644597, 'kind': 'solid_overlap', 'offset_mm': 1.5, 'translation_mm': [0.0, 0.0, 1.5]}
LATER_BODY_PORT H02 motion_J2 upper_seated PASS 41 None
LATER_BODY_PORT H02 power_J13 upper_seated BLOCKED 27 {'moving': 'power_J13', 'obstacle': 'CAM_wire_4', 'kind': 'clearance_bound', 'distance_mm': 0.6847505569458008, 'required_mm': 0.6903688329447436, 'point_mm': [38.242852211032194, -0.08127885824654868, 142.63999938964844], 'offset_mm': 13.0, 'translation_mm': [0.0, 0.0, 13.0]}
LATER_BODY_WHOLE H02 upper_seated BLOCKED 2 {'moving': 'wire_H02_2', 'obstacle': 'CAM_wire_3', 'kind': 'clearance_bound', 'distance_mm': 0.6747884750366211, 'required_mm': 0.6904890580145941, 'point_mm': [25.663240725610226, -29.557773057536807, 142.63999938964844], 'offset_mm': 0.5, 'translation_mm': [0.0, 0.0, 0.5]}
LATER_BODY_PORT H04 motion_J4 upper_seated BLOCKED 34 {'moving': 'motion_J4', 'obstacle': 'Body_Upper', 'volume_mm3': 0.0011750198198940132, 'kind': 'solid_overlap', 'offset_mm': 16.5, 'translation_mm': [0.0, 0.0, 16.5]}
LATER_BODY_PORT H04 imu_J1 upper_seated PASS 41 None
LATER_BODY_DONE BLOCKED 2.45
Blender 5.2.2 LTS (hash d13f752e3b9c built 2026-09-15 01:49:19)

Blender quit
