00:00.315  blend            | Read blend: "/Users/dean/Documents/MORI/mechanical/mori_v1_2.blend"
ROOT_CONTINUOUS 16 0.09375 tests 35 seconds 15.3
ROOT_CONTINUOUS 32 0.1875 tests 66 seconds 30.6
ROOT_CONTINUOUS 48 0.28125 tests 98 seconds 45.9
ROOT_CONTINUOUS 64 0.375 tests 129 seconds 61.2
ROOT_CONTINUOUS 80 0.46875 tests 162 seconds 76.5
ROOT_CONTINUOUS 96 0.5625 tests 193 seconds 92.1
ROOT_CONTINUOUS 112 0.65625 tests 225 seconds 109.1
ROOT_CONTINUOUS 128 0.75 tests 256 seconds 129.6
ROOT_CONTINUOUS 144 0.84375 tests 290 seconds 146.5
ROOT_CONTINUOUS 160 0.9375 tests 321 seconds 161.6
ROOT_CONTINUOUS 176 1.03125 tests 353 seconds 176.7
ROOT_CONTINUOUS 192 1.125 tests 384 seconds 191.7
ROOT_CONTINUOUS 208 1.21875 tests 417 seconds 206.6
ROOT_CONTINUOUS 224 1.3125 tests 448 seconds 221.6
ROOT_CONTINUOUS 240 1.40625 tests 480 seconds 236.6
ROOT_CONTINUOUS 256 1.5 tests 511 seconds 251.6
ROOT_CONTINUOUS_DONE PASS 256 0 252.05
Blender 5.2.2 LTS (hash d13f752e3b9c built 2026-09-15 01:49:19)

Blender quit
