00:00.307  blend            | Read blend: "/Users/dean/Documents/MORI/mechanical/mori_v1_2.blend"
UPRIGHT_STAGING_INPUT 0.010233864904111586 161.73822145957516 0.00012923137453604852
RAISED_STAGING 2.0 0.0 PASS None None None None 6.0
RAISED_STAGING 2.0 0.05 PASS None None None None 11.9
RAISED_STAGING 2.0 0.1 PASS None None None None 17.6
RAISED_STAGING 2.0 0.15 PASS None None None None 23.3
RAISED_STAGING 2.0 0.2 PASS None None None None 28.9
RAISED_STAGING 2.0 0.25 PASS None None None None 34.5
RAISED_STAGING 2.0 0.3 BLOCKED wire_structure 0 None {'object': 'Pitch_Yoke_without_root_bed', 'point_mm': [-10.230249132682601, -7.394804154355806, 232.9064561805104], 'distance_mm': 0.6320145130157471, 'required_mm': 0.6362968722011348, 'temporal_mm': 0.0, 'nominal_margin_mm': 0.3} 35.1
RAISED_STAGING 2.0 0.35 BLOCKED wire_structure 0 None {'object': 'Pitch_Yoke_without_root_bed', 'point_mm': [-10.190146674090398, -6.88956410153109, 232.76636923686533], 'distance_mm': 0.6336212158203125, 'required_mm': 0.6362968722011249, 'temporal_mm': 0.0, 'nominal_margin_mm': 0.3} 35.7
RAISED_STAGING 2.0 0.4 BLOCKED wire_structure 0 None {'object': 'Pitch_Yoke_without_root_bed', 'point_mm': [-10.150075913396764, -6.350528679901383, 232.76914781185013], 'distance_mm': 0.6308441162109375, 'required_mm': 0.6362968722011401, 'temporal_mm': 0.0, 'nominal_margin_mm': 0.3} 36.2
RAISED_STAGING 2.0 0.45 BLOCKED wire_structure 0 None {'object': 'Pitch_Yoke_without_root_bed', 'point_mm': [-10.110158025334437, -5.796431145416285, 232.76874946242768], 'distance_mm': 0.6312408447265625, 'required_mm': 0.6362968722011378, 'temporal_mm': 0.0, 'nominal_margin_mm': 0.3} 36.8
RAISED_STAGING 2.0 0.5 BLOCKED wire_structure 0 None {'object': 'Pitch_Yoke_without_root_bed', 'point_mm': [-10.070514272721276, -5.225109968431782, 232.77104527139778], 'distance_mm': 0.6289520263671875, 'required_mm': 0.6362968722011503, 'temporal_mm': 0.0, 'nominal_margin_mm': 0.3} 37.4
RAISED_STAGING 2.0 0.55 BLOCKED wire_structure 0 None {'object': 'Pitch_Yoke_without_root_bed', 'point_mm': [-10.031264172839665, -4.6398187827335695, 232.7682956355789], 'distance_mm': 0.6316986083984375, 'required_mm': 0.6362968722011357, 'temporal_mm': 0.0, 'nominal_margin_mm': 0.3} 38.0
RAISED_STAGING 2.0 0.6 BLOCKED wire_structure 0 None {'object': 'Pitch_Servo', 'point_mm': [-9.992523689314694, -6.283993110334602, 227.95743901263756], 'distance_mm': 0.6357097029685974, 'required_mm': 0.6362968722011301, 'temporal_mm': 0.0, 'nominal_margin_mm': 0.3} 38.5
RAISED_STAGING 2.0 0.65 BLOCKED wire_structure 0 None {'object': 'Pitch_Servo', 'point_mm': [-9.954403513401395, -6.340641462317163, 227.18243075740247], 'distance_mm': 0.6338815689086914, 'required_mm': 0.6362968722011337, 'temporal_mm': 0.0, 'nominal_margin_mm': 0.3} 39.0
RAISED_STAGING 2.0 0.7 BLOCKED wire_structure 0 None {'object': 'Pitch_Servo', 'point_mm': [-9.917007494178195, -6.285737162026382, 226.54358347216416], 'distance_mm': 0.6345745325088501, 'required_mm': 0.6362968722011368, 'temporal_mm': 0.0, 'nominal_margin_mm': 0.3} 39.5
RAISED_STAGING 2.0 0.75 BLOCKED wire_structure 0 None {'object': 'Pitch_Servo', 'point_mm': [-9.880431269028115, -6.218021284130187, 225.91101631101284], 'distance_mm': 0.6361707448959351, 'required_mm': 0.6362968722011325, 'temporal_mm': 0.0, 'nominal_margin_mm': 0.3} 39.9
RAISED_STAGING 2.0 0.8 BLOCKED wire_structure 0 None {'object': 'Pitch_Servo', 'point_mm': [-9.84476113469177, -6.127242007934284, 225.29328857863786], 'distance_mm': 0.634242057800293, 'required_mm': 0.6362968722011294, 'temporal_mm': 0.0, 'nominal_margin_mm': 0.3} 40.4
RAISED_STAGING 2.0 0.85 BLOCKED wire_structure 0 None {'object': 'Pitch_Servo', 'point_mm': [-9.810073186083528, -6.047735575254133, 224.65347287599172], 'distance_mm': 0.6358638405799866, 'required_mm': 0.6362968722011392, 'temporal_mm': 0.0, 'nominal_margin_mm': 0.3} 40.9
RAISED_STAGING 2.0 0.9 BLOCKED wire_structure 0 None {'object': 'Pitch_Servo', 'point_mm': [-9.776432736100123, -5.960846543983154, 224.01491460937427], 'distance_mm': 0.6346181035041809, 'required_mm': 0.6362968722011316, 'temporal_mm': 0.0, 'nominal_margin_mm': 0.3} 41.4
RAISED_STAGING 2.0 0.95 BLOCKED wire_structure 0 None {'object': 'Pitch_Servo', 'point_mm': [-9.743894015946008, -5.829989560925232, 223.41727979905085], 'distance_mm': 0.6361569166183472, 'required_mm': 0.6362968722011324, 'temporal_mm': 0.0, 'nominal_margin_mm': 0.3} 41.9
RAISED_STAGING 2.0 1.0 PASS None None None None 46.9
RAISED_STAGING 3.0 0.0 PASS None None None None 52.9
RAISED_STAGING 3.0 0.05 PASS None None None None 58.7
RAISED_STAGING 3.0 0.1 PASS None None None None 64.5
RAISED_STAGING 3.0 0.15 PASS None None None None 70.3
RAISED_STAGING 3.0 0.2 PASS None None None None 75.9
RAISED_STAGING 3.0 0.25 PASS None None None None 81.5
RAISED_STAGING 3.0 0.3 BLOCKED wire_structure 0 None {'object': 'Pitch_Yoke_without_root_bed', 'point_mm': [-10.230249132682601, -7.50349231949091, 233.02049444046742], 'distance_mm': 0.6304965019226074, 'required_mm': 0.6362968722011314, 'temporal_mm': 0.0, 'nominal_margin_mm': 0.3} 82.1
RAISED_STAGING 3.0 0.35 BLOCKED wire_structure 0 None {'object': 'Pitch_Yoke_without_root_bed', 'point_mm': [-10.190146674090398, -7.06332302446199, 232.77102173331073], 'distance_mm': 0.6321468353271484, 'required_mm': 0.6362968722011323, 'temporal_mm': 0.0, 'nominal_margin_mm': 0.3} 82.7
RAISED_STAGING 3.0 0.4 BLOCKED wire_structure 0 None {'object': 'Pitch_Yoke_without_root_bed', 'point_mm': [-10.150075913396764, -6.563916007586549, 232.76871651477862], 'distance_mm': 0.6312713623046875, 'required_mm': 0.6362968722011343, 'temporal_mm': 0.0, 'nominal_margin_mm': 0.3} 83.2
RAISED_STAGING 3.0 0.45 BLOCKED wire_structure 0 None {'object': 'Pitch_Yoke_without_root_bed', 'point_mm': [-10.110158025334437, -6.039564440043408, 232.7709487985274], 'distance_mm': 0.6290435791015625, 'required_mm': 0.6362968722011328, 'temporal_mm': 0.0, 'nominal_margin_mm': 0.3} 83.8
RAISED_STAGING 3.0 0.5 BLOCKED wire_structure 0 None {'object': 'Pitch_Yoke_without_root_bed', 'point_mm': [-10.070514272721276, -5.487540815347869, 232.7657738472626], 'distance_mm': 0.63421630859375, 'required_mm': 0.6362968722011317, 'temporal_mm': 0.0, 'nominal_margin_mm': 0.3} 84.4
RAISED_STAGING 3.0 0.55 BLOCKED wire_structure 0 None {'object': 'Pitch_Yoke_without_root_bed', 'point_mm': [-10.031264172839665, -4.90155509155392, 232.76709950416432], 'distance_mm': 0.6328887939453125, 'required_mm': 0.63629687220114, 'temporal_mm': 0.0, 'nominal_margin_mm': 0.3} 85.0
RAISED_STAGING 3.0 0.6 BLOCKED wire_structure 0 None {'object': 'Pitch_Yoke_without_root_bed', 'point_mm': [-9.992523689314694, -4.274873661971481, 232.8076007004387], 'distance_mm': 0.6337627172470093, 'required_mm': 0.6362968722011447, 'temporal_mm': 0.0, 'nominal_margin_mm': 0.3} 85.6
RAISED_STAGING 3.0 0.65 BLOCKED wire_structure 0 None {'object': 'Pitch_Yoke_without_root_bed', 'point_mm': [-9.954403513401395, -3.5981293119138744, 232.97139376649696], 'distance_mm': 0.6287078857421875, 'required_mm': 0.6362968722011362, 'temporal_mm': 0.0, 'nominal_margin_mm': 0.3} 86.1
RAISED_STAGING 3.0 0.7 BLOCKED wire_structure 0 None {'object': 'Pitch_Servo', 'point_mm': [-9.917007494178195, -6.285737162026382, 227.35260046653912], 'distance_mm': 0.6345745325088501, 'required_mm': 0.6362968722011368, 'temporal_mm': 0.0, 'nominal_margin_mm': 0.3} 86.6
RAISED_STAGING 3.0 0.75 BLOCKED wire_structure 0 None {'object': 'Pitch_Servo', 'point_mm': [-9.880431269028115, -6.218021284130187, 226.61812309219937], 'distance_mm': 0.6361707448959351, 'required_mm': 0.6362968722011325, 'temporal_mm': 0.0, 'nominal_margin_mm': 0.3} 87.1
RAISED_STAGING 3.0 0.8 BLOCKED wire_structure 0 None {'object': 'Pitch_Servo', 'point_mm': [-9.84476113469177, -6.127242007934284, 225.88107383093032], 'distance_mm': 0.634242057800293, 'required_mm': 0.6362968722011294, 'temporal_mm': 0.0, 'nominal_margin_mm': 0.3} 87.6
RAISED_STAGING 3.0 0.85 BLOCKED wire_structure 0 None {'object': 'Pitch_Servo', 'point_mm': [-9.810073186083528, -6.047735575254133, 225.10746337573127], 'distance_mm': 0.6358638405799866, 'required_mm': 0.6362968722011392, 'temporal_mm': 0.0, 'nominal_margin_mm': 0.3} 88.1
RAISED_STAGING 3.0 0.9 BLOCKED wire_structure 0 None {'object': 'Pitch_Servo', 'point_mm': [-9.776432736100123, -5.960846543983154, 224.32393160374923], 'distance_mm': 0.6346181035041809, 'required_mm': 0.6362968722011316, 'temporal_mm': 0.0, 'nominal_margin_mm': 0.3} 88.6
RAISED_STAGING 3.0 0.95 BLOCKED wire_structure 0 None {'object': 'Pitch_Servo', 'point_mm': [-9.743894015946008, -5.829989560925232, 223.57371426409108], 'distance_mm': 0.6361569166183472, 'required_mm': 0.6362968722011324, 'temporal_mm': 0.0, 'nominal_margin_mm': 0.3} 89.1
RAISED_STAGING 3.0 1.0 PASS None None None None 94.0
RAISED_STAGING 4.0 0.0 PASS None None None None 100.0
RAISED_STAGING 4.0 0.05 PASS None None None None 105.8
RAISED_STAGING 4.0 0.1 PASS None None None None 111.5
RAISED_STAGING 4.0 0.15 PASS None None None None 117.3
RAISED_STAGING 4.0 0.2 PASS None None None None 122.9
RAISED_STAGING 4.0 0.25 PASS None None None None 128.5
RAISED_STAGING 4.0 0.3 BLOCKED wire_structure 0 None {'object': 'Pitch_Yoke_without_root_bed', 'point_mm': [-10.230249132682601, -7.612942838569804, 233.2319420912922], 'distance_mm': 0.6355610489845276, 'required_mm': 0.6362968722011364, 'temporal_mm': 0.0, 'nominal_margin_mm': 0.3} 129.1
RAISED_STAGING 4.0 0.35 BLOCKED wire_structure 0 None {'object': 'Pitch_Yoke_without_root_bed', 'point_mm': [-10.190146674090398, -7.2641651399533345, 232.82244952064445], 'distance_mm': 0.6350917220115662, 'required_mm': 0.6362968722011304, 'temporal_mm': 0.0, 'nominal_margin_mm': 0.3} 129.7
RAISED_STAGING 4.0 0.4 BLOCKED wire_structure 0 None {'object': 'Pitch_Yoke_without_root_bed', 'point_mm': [-10.150075913396764, -6.831969890868444, 232.76560340147554], 'distance_mm': 0.6343841552734375, 'required_mm': 0.6362968722011298, 'temporal_mm': 0.0, 'nominal_margin_mm': 0.3} 130.2
RAISED_STAGING 4.0 0.45 BLOCKED wire_structure 0 None {'object': 'Pitch_Yoke_without_root_bed', 'point_mm': [-10.110158025334437, -6.351941857461995, 232.7676979889994], 'distance_mm': 0.632293701171875, 'required_mm': 0.6362968722011316, 'temporal_mm': 0.0, 'nominal_margin_mm': 0.3} 130.8
RAISED_STAGING 4.0 0.5 BLOCKED wire_structure 0 None {'object': 'Pitch_Yoke_without_root_bed', 'point_mm': [-10.070514272721276, -5.827465986321042, 232.76710196308505], 'distance_mm': 0.6328887939453125, 'required_mm': 0.6362968722011336, 'temporal_mm': 0.0, 'nominal_margin_mm': 0.3} 131.4
RAISED_STAGING 4.0 0.55 BLOCKED wire_structure 0 None {'object': 'Pitch_Yoke_without_root_bed', 'point_mm': [-10.031264172839665, -5.249080961890931, 232.76725678671176], 'distance_mm': 0.6327362060546875, 'required_mm': 0.6362968722011345, 'temporal_mm': 0.0, 'nominal_margin_mm': 0.3} 131.9
RAISED_STAGING 4.0 0.6 BLOCKED wire_structure 0 None {'object': 'Pitch_Yoke_without_root_bed', 'point_mm': [-9.992523689314694, -4.616219544988453, 232.76903283845962], 'distance_mm': 0.6309661865234375, 'required_mm': 0.6362968722011247, 'temporal_mm': 0.0, 'nominal_margin_mm': 0.3} 132.5
RAISED_STAGING 4.0 0.65 BLOCKED wire_structure 0 None {'object': 'Pitch_Yoke_without_root_bed', 'point_mm': [-9.954403513401395, -3.8688135535672066, 232.9674559104705], 'distance_mm': 0.6326446533203125, 'required_mm': 0.6362968722011335, 'temporal_mm': 0.0, 'nominal_margin_mm': 0.3} 133.1
RAISED_STAGING 4.0 0.7 BLOCKED wire_structure 0 None {'object': 'Pitch_Yoke_without_root_bed', 'point_mm': [-9.917007494178195, -3.1796716889577112, 232.96432194007136], 'distance_mm': 0.635772705078125, 'required_mm': 0.6362968722011363, 'temporal_mm': 0.0, 'nominal_margin_mm': 0.3} 133.7
RAISED_STAGING 4.0 0.75 BLOCKED wire_structure 0 None {'object': 'Pitch_Servo', 'point_mm': [-9.880431269028115, -6.218021284130187, 227.32522987338592], 'distance_mm': 0.6361707448959351, 'required_mm': 0.6362968722011325, 'temporal_mm': 0.0, 'nominal_margin_mm': 0.3} 134.2
RAISED_STAGING 4.0 0.8 BLOCKED wire_structure 0 None {'object': 'Pitch_Servo', 'point_mm': [-9.84476113469177, -6.127242007934284, 226.46885908322278], 'distance_mm': 0.634242057800293, 'required_mm': 0.6362968722011294, 'temporal_mm': 0.0, 'nominal_margin_mm': 0.3} 134.7
RAISED_STAGING 4.0 0.85 BLOCKED wire_structure 0 None {'object': 'Pitch_Servo', 'point_mm': [-9.810073186083528, -6.047735575254133, 225.56145387547082], 'distance_mm': 0.6358638405799866, 'required_mm': 0.6362968722011392, 'temporal_mm': 0.0, 'nominal_margin_mm': 0.3} 135.1
RAISED_STAGING 4.0 0.9 BLOCKED wire_structure 0 None {'object': 'Pitch_Servo', 'point_mm': [-9.776432736100123, -5.960846543983154, 224.6329485981242], 'distance_mm': 0.6346181035041809, 'required_mm': 0.6362968722011316, 'temporal_mm': 0.0, 'nominal_margin_mm': 0.3} 135.6
RAISED_STAGING 4.0 0.95 BLOCKED wire_structure 0 None {'object': 'Pitch_Servo', 'point_mm': [-9.743894015946008, -5.829989560925232, 223.7301487291313], 'distance_mm': 0.6361569166183472, 'required_mm': 0.6362968722011324, 'temporal_mm': 0.0, 'nominal_margin_mm': 0.3} 136.1
RAISED_STAGING 4.0 1.0 PASS None None None None 141.1
RAISED_STAGING_DONE BLOCKED None 142.0
Blender 5.2.2 LTS (hash d13f752e3b9c built 2026-09-15 01:49:19)

Blender quit
