00:00.295  blend            | Read blend: "/Users/dean/Documents/MORI/mechanical/mori_v1_2.blend"
ROOT_SEATING_POSITION 0.0 BLOCKED wire_structure 0 {'object': 'Pitch_Yoke_without_root_bed', 'point_mm': [-9.712500143051148, -1.5, 233.072], 'distance_mm': 0.6332367062568665, 'required_mm': 0.6343021284153039, 'temporal_mm': 0.0, 'nominal_margin_mm': 0.3}
ROOT_SEATING_POSITION 1.5 BLOCKED other_wire 1 {'status': 'BLOCKED', 'gap_bound_mm': -0.05793814335860405, 'sample_indices': [17250, 19805]}
ROOT_SEATING_POSITION 0.075 BLOCKED wire_structure 0 {'object': 'Pitch_Yoke_without_root_bed', 'point_mm': [-9.712500143051148, -1.425, 233.119927876351], 'distance_mm': 0.629269003868103, 'required_mm': 0.6343008885395462, 'temporal_mm': 0.0, 'nominal_margin_mm': 0.3}
ROOT_SEATING_POSITION 0.15000000000000002 BLOCKED wire_structure 0 {'object': 'Pitch_Yoke_without_root_bed', 'point_mm': [-9.712500143051148, -1.35, 233.17538474340313], 'distance_mm': 0.6326047778129578, 'required_mm': 0.6342999009621806, 'temporal_mm': 0.0, 'nominal_margin_mm': 0.3}
ROOT_SEATING_POSITION 0.22500000000000003 BLOCKED wire_structure 0 {'object': 'Pitch_Yoke_without_root_bed', 'point_mm': [-9.712500143051148, -1.275, 233.26236217731835], 'distance_mm': 0.632072389125824, 'required_mm': 0.6342991732786245, 'temporal_mm': 0.0, 'nominal_margin_mm': 0.3}
ROOT_SEATING_POSITION 0.30000000000000004 BLOCKED wire_structure 0 {'object': 'Pitch_Yoke_without_root_bed', 'point_mm': [-9.712500143051148, -1.2, 233.40484429502254], 'distance_mm': 0.6328290700912476, 'required_mm': 0.6342987138340461, 'temporal_mm': 0.0, 'nominal_margin_mm': 0.3}
ROOT_SEATING_POSITION 0.37500000000000006 BLOCKED other_wire 1 {'status': 'BLOCKED', 'gap_bound_mm': 0.21267212952576486, 'sample_indices': [17591, 19411]}
ROOT_SEATING_POSITION 0.45000000000000007 BLOCKED other_wire 1 {'status': 'BLOCKED', 'gap_bound_mm': 0.19419278229676096, 'sample_indices': [17568, 19436]}
ROOT_SEATING_POSITION 0.525 BLOCKED other_wire 1 {'status': 'BLOCKED', 'gap_bound_mm': 0.1757736357589802, 'sample_indices': [17545, 19463]}
ROOT_SEATING_POSITION 0.6000000000000001 BLOCKED other_wire 1 {'status': 'BLOCKED', 'gap_bound_mm': 0.1574088486572346, 'sample_indices': [17519, 19486]}
ROOT_SEATING_POSITION 0.675 BLOCKED other_wire 1 {'status': 'BLOCKED', 'gap_bound_mm': 0.1391070040603718, 'sample_indices': [17497, 19513]}
ROOT_SEATING_POSITION 0.75 BLOCKED other_wire 1 {'status': 'BLOCKED', 'gap_bound_mm': 0.12086172427140084, 'sample_indices': [17475, 19541]}
ROOT_SEATING_POSITION 0.8250000000000001 BLOCKED other_wire 1 {'status': 'BLOCKED', 'gap_bound_mm': 0.10268534745179024, 'sample_indices': [17453, 19568]}
ROOT_SEATING_POSITION 0.9000000000000001 BLOCKED other_wire 1 {'status': 'BLOCKED', 'gap_bound_mm': 0.08456714476548043, 'sample_indices': [17430, 19594]}
ROOT_SEATING_POSITION 0.9750000000000001 BLOCKED other_wire 1 {'status': 'BLOCKED', 'gap_bound_mm': 0.06652124251328316, 'sample_indices': [17407, 19619]}
ROOT_SEATING_POSITION 1.05 BLOCKED other_wire 1 {'status': 'BLOCKED', 'gap_bound_mm': 0.04853524292908516, 'sample_indices': [17386, 19647]}
ROOT_SEATING_POSITION 1.1250000000000002 BLOCKED other_wire 1 {'status': 'BLOCKED', 'gap_bound_mm': 0.030617013825996787, 'sample_indices': [17361, 19671]}
ROOT_SEATING_POSITION 1.2000000000000002 BLOCKED other_wire 1 {'status': 'BLOCKED', 'gap_bound_mm': 0.012767210855110556, 'sample_indices': [17339, 19698]}
ROOT_SEATING_POSITION 1.2750000000000001 BLOCKED other_wire 1 {'status': 'BLOCKED', 'gap_bound_mm': -0.005014046774283976, 'sample_indices': [17317, 19726]}
ROOT_SEATING_POSITION 1.35 BLOCKED other_wire 1 {'status': 'BLOCKED', 'gap_bound_mm': -0.02272437487639579, 'sample_indices': [17294, 19752]}
ROOT_SEATING_POSITION 1.425 BLOCKED other_wire 1 {'status': 'BLOCKED', 'gap_bound_mm': -0.04036937628783378, 'sample_indices': [17273, 19780]}
ROOT_SEATING_DONE BLOCKED 21 53.24
Blender 5.2.2 LTS (hash d13f752e3b9c built 2026-09-15 01:49:19)

Blender quit
