00:00.296  blend            | Read blend: "/Users/dean/Documents/MORI/mechanical/mori_v1_2.blend"
LARGER_START_DELAY 0.0125 PASS 81 None
LARGER_FORMING_CONT 100 0 0.059375 75.0
LARGER_FORMING_CONT 200 0 0.371875 76.2
LARGER_FORMING_CONT 300 0 0.684375 77.4
LARGER_FORMING_CONT 400 0 0.978125 78.7
LARGER_FORMING_CONT 500 1 0.275 79.9
LARGER_FORMING_CONT 600 1 0.5875 81.1
LARGER_FORMING_CONT 700 1 0.853125 82.4
LARGER_FORMING_CONT 800 1 0.9824219 84.2
LARGER_FORMING_CONT 900 2 0.196875 85.7
LARGER_FORMING_CONT 1000 2 0.509375 86.8
LARGER_FORMING_CONT 1100 2 0.8125 88.1
LARGER_FORMING_CONT 1200 2 0.9734375 89.7
LARGER_FORMING_CONT 1300 3 0.099375 91.4
LARGER_FORMING_CONT 1400 3 0.411875 92.5
LARGER_FORMING_CONT 1500 3 0.7009375 93.8
LARGER_FORMING_CONT 1600 3 0.871875 95.1
LARGER_FORMING_CONT 1700 3 0.9829102 96.9
LARGER_START_DELAY_DONE PASS 1735 None 97.9
Blender 5.2.2 LTS (hash d13f752e3b9c built 2026-09-15 01:49:19)

Blender quit
