00:00.289  blend            | Read blend: "/Users/dean/Documents/MORI/mechanical/mori_v1_2.blend"
PH_ROTATED_SEARCH 100 329 89.0
PH_ROTATED_SEARCH 200 634 111.9
PH_ROTATED_SEARCH 300 853 164.5
PH_ROTATED_SEARCH 400 1183 196.0
PH_ROTATED_SEARCH 500 1480 231.4
PH_ROTATED_SEARCH 600 1732 251.9
PH_ROTATED_SEARCH 700 1831 260.8
PH_ROTATED_SEARCH 800 1952 273.4
PH_ROTATED_SEARCH 900 2088 286.1
PH_ROTATED_SEARCH 1000 2288 304.2
PH_ROTATED_SEARCH 1100 2425 330.3
PH_ROTATED_SEARCH 1200 2607 357.4
PH_ROTATED_SEARCH 1300 2694 371.4
PH_ROTATED_SEARCH 1400 2742 380.8
PH_ROTATED_SEARCH 1500 2790 418.1
PH_ROTATED_SEARCH 1600 2891 459.6
PH_ROTATED_SEARCH 1700 2930 483.2
PH_ROTATED_SEARCH 1800 3010 511.3
PH_ROTATED_SEARCH 1900 3076 537.9
PH_ROTATED_SEARCH 2000 3196 558.7
PH_ROTATED_SEARCH 2100 3376 578.8
PH_ROTATED_SEARCH 2200 3444 589.4
PH_ROTATED_DONE BLOCKED bounded_search_stopped 2286 600.64
EXTENDED_PH_DONE BLOCKED 2286 1871
Blender 5.2.2 LTS (hash d13f752e3b9c built 2026-09-15 01:49:19)

Blender quit
