00:00.438  blend            | Read blend: "/Users/dean/Documents/MORI/mechanical/mori_v1_2.blend"
UPRIGHT_STAGING_INPUT 0.010233864904111586 161.73822145957516 0.00012923137453604852
PROGRESSIVE_STAGING 0.0 PASS None None None None 5.4
PROGRESSIVE_STAGING 0.025 PASS None None None None 9.8
PROGRESSIVE_STAGING 0.05 PASS None None None None 14.1
PROGRESSIVE_STAGING 0.075 PASS None None None None 19.6
PROGRESSIVE_STAGING 0.1 PASS None None None None 25.1
PROGRESSIVE_STAGING 0.125 PASS None None None None 30.8
PROGRESSIVE_STAGING 0.15 PASS None None None None 36.4
PROGRESSIVE_STAGING 0.175 PASS None None None None 42.3
PROGRESSIVE_STAGING 0.2 BLOCKED wire_structure 0 None {'object': 'Pitch_Yoke_without_root_bed', 'point_mm': [-9.71250014305115, -6.37841850677597, 232.76625199608955], 'distance_mm': 0.6337432861328125, 'required_mm': 0.6372998529541662, 'temporal_mm': 0.0, 'nominal_margin_mm': 0.3} 42.9
PROGRESSIVE_STAGING 0.225 BLOCKED wire_structure 2 None {'object': 'Pitch_Yoke_without_root_bed', 'point_mm': [-6.958564833533217, -5.2347169057651755, 232.76681111898554], 'distance_mm': 0.6331787109375, 'required_mm': 0.637299781734862, 'temporal_mm': 0.0, 'nominal_margin_mm': 0.3} 46.0
PROGRESSIVE_STAGING 0.25 BLOCKED wire_structure 2 None {'object': 'Pitch_Yoke_without_root_bed', 'point_mm': [-7.505342278180724, -2.3122081778261623, 232.99675345930433], 'distance_mm': 0.6318973898887634, 'required_mm': 0.6372999889721258, 'temporal_mm': 0.0, 'nominal_margin_mm': 0.3} 48.9
PROGRESSIVE_STAGING 0.275 PASS None None None None 54.4
PROGRESSIVE_STAGING 0.3 PASS None None None None 59.8
PROGRESSIVE_STAGING 0.325 PASS None None None None 65.2
PROGRESSIVE_STAGING 0.35 PASS None None None None 70.6
PROGRESSIVE_STAGING 0.375 PASS None None None None 76.0
PROGRESSIVE_STAGING 0.4 PASS None None None None 81.3
PROGRESSIVE_STAGING 0.425 PASS None None None None 86.6
PROGRESSIVE_STAGING 0.45 PASS None None None None 91.8
PROGRESSIVE_STAGING 0.475 PASS None None None None 97.1
PROGRESSIVE_STAGING 0.5 PASS None None None None 102.3
PROGRESSIVE_STAGING 0.525 PASS None None None None 107.4
PROGRESSIVE_STAGING 0.55 PASS None None None None 112.5
PROGRESSIVE_STAGING 0.575 PASS None None None None 117.6
PROGRESSIVE_STAGING 0.6 PASS None None None None 122.6
PROGRESSIVE_STAGING 0.625 PASS None None None None 127.5
PROGRESSIVE_STAGING 0.65 PASS None None None None 132.5
PROGRESSIVE_STAGING 0.675 PASS None None None None 137.4
PROGRESSIVE_STAGING 0.7 PASS None None None None 142.2
PROGRESSIVE_STAGING 0.725 PASS None None None None 147.0
PROGRESSIVE_STAGING 0.75 PASS None None None None 151.8
PROGRESSIVE_STAGING 0.775 PASS None None None None 156.5
PROGRESSIVE_STAGING 0.8 PASS None None None None 161.2
PROGRESSIVE_STAGING 0.825 PASS None None None None 165.9
PROGRESSIVE_STAGING 0.85 PASS None None None None 170.5
PROGRESSIVE_STAGING 0.875 PASS None None None None 175.1
PROGRESSIVE_STAGING 0.9 PASS None None None None 179.6
PROGRESSIVE_STAGING 0.925 PASS None None None None 184.2
PROGRESSIVE_STAGING 0.95 BLOCKED other_wire 0 1 {'status': 'BLOCKED', 'gap_bound_mm': 0.2999051437378021, 'sample_indices': [15815, 17446]} 185.5
PROGRESSIVE_STAGING 0.975 BLOCKED other_wire 0 1 {'status': 'BLOCKED', 'gap_bound_mm': 0.2999051437378021, 'sample_indices': [15815, 17446]} 186.8
PROGRESSIVE_STAGING 1.0 BLOCKED other_wire 0 1 {'status': 'BLOCKED', 'gap_bound_mm': 0.2999051437378021, 'sample_indices': [15815, 17446]} 188.1
PROGRESSIVE_STAGING_DONE BLOCKED 188.7
Blender 5.2.2 LTS (hash d13f752e3b9c built 2026-09-15 01:49:19)

Blender quit
