00:00.298  blend            | Read blend: "/Users/dean/Documents/MORI/mechanical/mori_v1_2.blend"
FEED_RECOVERY_POSITION 0.0 PASS None None None 6.0
FEED_RECOVERY_POSITION 0.025 PASS None None None 11.7
FEED_RECOVERY_POSITION 0.05 PASS None None None 17.3
FEED_RECOVERY_POSITION 0.07500000000000001 PASS None None None 22.9
FEED_RECOVERY_POSITION 0.1 PASS None None None 28.5
FEED_RECOVERY_POSITION 0.125 PASS None None None 34.1
FEED_RECOVERY_POSITION 0.15000000000000002 PASS None None None 39.7
FEED_RECOVERY_POSITION 0.17500000000000002 PASS None None None 45.3
FEED_RECOVERY_POSITION 0.2 PASS None None None 50.9
FEED_RECOVERY_POSITION 0.225 PASS None None None 56.5
FEED_RECOVERY_POSITION 0.25 PASS None None None 62.2
FEED_RECOVERY_POSITION 0.275 PASS None None None 67.7
FEED_RECOVERY_POSITION 0.30000000000000004 PASS None None None 73.3
FEED_RECOVERY_POSITION 0.325 PASS None None None 78.9
FEED_RECOVERY_POSITION 0.35000000000000003 PASS None None None 84.6
FEED_RECOVERY_POSITION 0.375 PASS None None None 90.2
FEED_RECOVERY_POSITION 0.4 PASS None None None 95.8
FEED_RECOVERY_POSITION 0.42500000000000004 PASS None None None 101.4
FEED_RECOVERY_POSITION 0.45 PASS None None None 107.1
FEED_RECOVERY_POSITION 0.47500000000000003 PASS None None None 112.7
FEED_RECOVERY_POSITION 0.5 PASS None None None 118.3
FEED_RECOVERY_POSITION 0.525 PASS None None None 123.9
FEED_RECOVERY_POSITION 0.55 PASS None None None 129.5
FEED_RECOVERY_POSITION 0.5750000000000001 PASS None None None 135.1
FEED_RECOVERY_POSITION 0.6000000000000001 PASS None None None 140.8
FEED_RECOVERY_POSITION 0.625 PASS None None None 146.3
FEED_RECOVERY_POSITION 0.65 PASS None None None 151.9
FEED_RECOVERY_POSITION 0.675 PASS None None None 157.5
FEED_RECOVERY_POSITION 0.7000000000000001 PASS None None None 163.2
FEED_RECOVERY_POSITION 0.7250000000000001 PASS None None None 168.8
FEED_RECOVERY_POSITION 0.75 PASS None None None 174.3
FEED_RECOVERY_POSITION 0.775 PASS None None None 179.9
FEED_RECOVERY_POSITION 0.8 PASS None None None 185.5
FEED_RECOVERY_POSITION 0.8250000000000001 PASS None None None 191.1
FEED_RECOVERY_POSITION 0.8500000000000001 PASS None None None 196.7
FEED_RECOVERY_POSITION 0.875 PASS None None None 202.3
FEED_RECOVERY_POSITION 0.9 PASS None None None 208.0
FEED_RECOVERY_POSITION 0.925 PASS None None None 213.6
FEED_RECOVERY_POSITION 0.9500000000000001 PASS None None None 219.3
FEED_RECOVERY_POSITION 0.9750000000000001 PASS None None None 224.9
FEED_RECOVERY_POSITION 1.0 PASS None None None 230.5
FEED_RECOVERY_DONE PASS 2.2221940980671206e-06 231.1
Blender 5.2.2 LTS (hash d13f752e3b9c built 2026-09-15 01:49:19)

Blender quit
