00:00.927  blend            | Read blend: "/Users/dean/Documents/MORI/mechanical/mori_v1_2.blend"
STAGED_NECK_FEED bridge_bore_open 0.0 PASS []
STAGED_NECK_FEED bridge_bore_open 2.0 BLOCKED ['Yaw_Base']
STAGED_NECK_FEED bridge_bore_open 3.0 BLOCKED ['Yaw_Base']
STAGED_NECK_FEED bridge_bore_open 4.0 BLOCKED ['Yaw_Base']
STAGED_NECK_FEED bridge_bore_open 5.0 BLOCKED ['Yaw_Base']
STAGED_NECK_FEED bridge_bore_open 6.0 BLOCKED ['Yaw_Base']
STAGED_NECK_FEED bridge_bore_open 6.8 BLOCKED ['Yaw_Base']
STAGED_NECK_FEED bridge_bore_open 7.6 BLOCKED ['Yaw_Base']
STAGED_NECK_FEED bearing_installed 0.0 PASS []
STAGED_NECK_FEED bearing_installed 2.0 BLOCKED ['Yaw_Base']
STAGED_NECK_FEED bearing_installed 3.0 BLOCKED ['Yaw_Base']
STAGED_NECK_FEED bearing_installed 4.0 BLOCKED ['Yaw_Base']
STAGED_NECK_FEED bearing_installed 5.0 BLOCKED ['Yaw_Base']
STAGED_NECK_FEED bearing_installed 6.0 BLOCKED ['Yaw_Base']
STAGED_NECK_FEED bearing_installed 6.8 BLOCKED ['Yaw_Base']
STAGED_NECK_FEED bearing_installed 7.6 BLOCKED ['Yaw_Base']
STAGED_NECK_FEED reaction_installed 0.0 BLOCKED ['Yaw_Reaction_Retainer_Screw']
STAGED_NECK_FEED reaction_installed 2.0 BLOCKED ['Yaw_Base', 'Yaw_Reaction_Link', 'Yaw_Reaction_Retainer_Screw']
STAGED_NECK_FEED reaction_installed 3.0 BLOCKED ['Yaw_Base', 'Yaw_Reaction_Link', 'Yaw_Reaction_Retainer_Screw']
STAGED_NECK_FEED reaction_installed 4.0 BLOCKED ['Yaw_Base', 'Yaw_Reaction_Link']
STAGED_NECK_FEED reaction_installed 5.0 BLOCKED ['Yaw_Base', 'Yaw_Reaction_Clamp_Nut', 'Yaw_Reaction_Link']
STAGED_NECK_FEED reaction_installed 6.0 BLOCKED ['Yaw_Base', 'Yaw_Reaction_Clamp_Nut', 'Yaw_Reaction_Clamp_Screw', 'Yaw_Reaction_Link']
STAGED_NECK_FEED reaction_installed 6.8 BLOCKED ['Yaw_Base', 'Yaw_Reaction_Clamp_Nut', 'Yaw_Reaction_Clamp_Screw', 'Yaw_Reaction_Link']
STAGED_NECK_FEED reaction_installed 7.6 BLOCKED ['Yaw_Base', 'Yaw_Reaction_Clamp_Nut', 'Yaw_Reaction_Clamp_Screw', 'Yaw_Reaction_Link']
STAGED_NECK_FEED yoke_installed 0.0 PASS []
STAGED_NECK_FEED yoke_installed 2.0 BLOCKED ['Yaw_Base']
STAGED_NECK_FEED yoke_installed 3.0 BLOCKED ['Yaw_Base']
STAGED_NECK_FEED yoke_installed 4.0 BLOCKED ['Yaw_Base']
STAGED_NECK_FEED yoke_installed 5.0 BLOCKED ['Yaw_Base']
STAGED_NECK_FEED yoke_installed 6.0 BLOCKED ['Yaw_Base']
STAGED_NECK_FEED yoke_installed 6.8 BLOCKED ['Pitch_Yoke', 'Yaw_Base']
STAGED_NECK_FEED yoke_installed 7.6 BLOCKED ['Pitch_Yoke', 'Yaw_Base']
STAGED_NECK_FEED_DONE PASS 3 1.83
Blender 5.2.2 LTS (hash d13f752e3b9c built 2026-09-15 01:49:19)

Blender quit
