00:00.293  blend            | Read blend: "/Users/dean/Documents/MORI/mechanical/mori_v1_2.blend"
ALIGNED_ROOT_POSITION 1.5 PASS None None None
ALIGNED_ROOT_POSITION 1.425 PASS None None None
ALIGNED_ROOT_POSITION 1.35 PASS None None None
ALIGNED_ROOT_POSITION 1.275 PASS None None None
ALIGNED_ROOT_POSITION 1.2 PASS None None None
ALIGNED_ROOT_POSITION 1.125 PASS None None None
ALIGNED_ROOT_POSITION 1.05 PASS None None None
ALIGNED_ROOT_POSITION 0.975 PASS None None None
ALIGNED_ROOT_POSITION 0.9 PASS None None None
ALIGNED_ROOT_POSITION 0.8250000000000001 PASS None None None
ALIGNED_ROOT_POSITION 0.75 PASS None None None
ALIGNED_ROOT_POSITION 0.675 PASS None None None
ALIGNED_ROOT_POSITION 0.6000000000000001 PASS None None None
ALIGNED_ROOT_POSITION 0.525 PASS None None None
ALIGNED_ROOT_POSITION 0.44999999999999996 PASS None None None
ALIGNED_ROOT_POSITION 0.375 PASS None None None
ALIGNED_ROOT_POSITION 0.30000000000000004 PASS None None None
ALIGNED_ROOT_POSITION 0.2250000000000001 PASS None None None
ALIGNED_ROOT_POSITION 0.15000000000000013 PASS None None None
ALIGNED_ROOT_POSITION 0.07499999999999996 PASS None None None
ALIGNED_ROOT_POSITION 0.0 PASS None None None
ALIGNED_ROOT_DONE PASS 21 114.03
Blender 5.2.2 LTS (hash d13f752e3b9c built 2026-09-15 01:49:19)

Blender quit
