00:00.314  blend            | Read blend: "/Users/dean/Documents/MORI/mechanical/mori_v1_2.blend"
ORDERED_RECOVERY_CONTINUOUS 16 0.0625 tests 35 s 13.1
ORDERED_RECOVERY_CONTINUOUS 32 0.125 tests 66 s 26.4
ORDERED_RECOVERY_CONTINUOUS 48 0.1875 tests 98 s 39.6
ORDERED_RECOVERY_CONTINUOUS 64 0.25 tests 129 s 52.9
ORDERED_RECOVERY_CONTINUOUS 80 0.3125 tests 162 s 66.1
ORDERED_RECOVERY_CONTINUOUS 96 0.375 tests 193 s 79.4
ORDERED_RECOVERY_CONTINUOUS 112 0.4375 tests 225 s 92.6
ORDERED_RECOVERY_CONTINUOUS 128 0.5 tests 256 s 105.8
ORDERED_RECOVERY_CONTINUOUS 144 0.5625 tests 290 s 119.1
ORDERED_RECOVERY_CONTINUOUS 160 0.625 tests 321 s 132.8
ORDERED_RECOVERY_CONTINUOUS 176 0.6875 tests 353 s 147.4
ORDERED_RECOVERY_CONTINUOUS 192 0.75 tests 384 s 160.8
ORDERED_RECOVERY_CONTINUOUS 208 0.8125 tests 417 s 174.0
ORDERED_RECOVERY_CONTINUOUS 224 0.875 tests 448 s 187.2
ORDERED_RECOVERY_CONTINUOUS 240 0.9375 tests 480 s 200.5
ORDERED_RECOVERY_CONTINUOUS 256 1.0 tests 511 s 213.7
ORDERED_RECOVERY_CONTINUOUS_DONE PASS 256 0 214.2
Blender 5.2.2 LTS (hash d13f752e3b9c built 2026-09-15 01:49:19)

Blender quit
