00:00.302  blend            | Read blend: "/Users/dean/Documents/MORI/mechanical/mori_v1_2.blend"
ORDERED_FEED_STAGE requested_space_only 1.5 -0.5 3 PASS 1080  6.4
ORDERED_FEED_STAGE requested_space_only 1.5 -0.5 2 BLOCKED 226 {'status': 'BLOCKED', 'kind': 'terminal_structure', 'object': 'Yaw_Servo', 'gap_mm': 0.2925413632902835, 'intersection_mm3': 0.0, 'rear_mm': [-5.10468320114491, -9.5392863907859, 219.30169916989982], 'transform_3x4': [[0.9247568876390042, 0.0, -0.38055840388069473, -5.884827929100334], [0.3198145447773982, 0.5419940945287421, 0.7771493154116489, -7.94613029419202], [0.20626040752662053, -0.8403822948491768, 0.5012127719751199, 220.3291853524488]], 'arc_mm': 33.726622346278894} 9.3
ORDERED_FEED_STAGE requested_space_only 1.8 -0.5 3 PASS 1080  15.6
ORDERED_FEED_STAGE requested_space_only 1.8 -0.5 2 BLOCKED 225 {'status': 'BLOCKED', 'kind': 'terminal_structure', 'object': 'Yaw_Servo', 'gap_mm': 0.2807256962459194, 'intersection_mm3': 0.0, 'rear_mm': [-5.02045611017512, -9.633173590494298, 219.22813420760164], 'transform_3x4': [[0.9241291302595768, 0.0, -0.38208029340137145, -5.803720711647931], [0.32045923677346333, 0.5445594699219537, 0.7750876474856829, -8.044243913148648], [0.2080654420422754, -0.83872223275547, 0.5032432693135913, 220.2597829096945]], 'arc_mm': 33.57672624804202} 18.4
ORDERED_FEED_STAGE requested_space_only 2.0 -0.5 3 PASS 1080  24.8
ORDERED_FEED_STAGE requested_space_only 2.0 -0.5 2 BLOCKED 224 {'status': 'BLOCKED', 'kind': 'terminal_structure', 'object': 'Yaw_Servo', 'gap_mm': 0.28143243241234306, 'intersection_mm3': 0.0, 'rear_mm': [-4.945880829616668, -9.734164920483249, 219.15276306055262], 'transform_3x4': [[0.9229447121382008, 0.0, -0.3849325373830247, -5.734992531251868], [0.32214104867905546, 0.5473915314425025, 0.7723908700010572, -8.15076363698108], [0.21070881114014225, -0.8368766404345576, 0.5052121194140894, 220.1884479053515]], 'arc_mm': 33.42683014940429} 27.6
ORDERED_FEED_STAGE old_nominal_box 1.5 -0.5 3 PASS 1080  33.9
ORDERED_FEED_STAGE old_nominal_box 1.5 -0.5 2 PASS 1073  40.6
ORDERED_FEED_STAGE old_nominal_box 1.5 -0.5 1 PASS 1030  47.3
ORDERED_FEED_WIRE old_nominal_box 1.5 -0.5 0 {'status': 'BLOCKED', 'kind': 'wire_structure', 'detail': {'object': 'Pitch_Servo', 'point_mm': [-10.21250014305115, -6.543671956196951, 221.1943356856594], 'distance_mm': 0.6331440806388855, 'required_mm': 0.6342979830219878, 'temporal_mm': 0.0, 'nominal_margin_mm': 0.3}} 47.5
ORDERED_FEED_STAGE old_nominal_box 1.8 -0.5 3 PASS 1080  53.8
ORDERED_FEED_STAGE old_nominal_box 1.8 -0.5 2 PASS 1073  60.6
ORDERED_FEED_STAGE old_nominal_box 1.8 -0.5 1 PASS 1030  67.3
ORDERED_FEED_WIRE old_nominal_box 1.8 -0.5 0 {'status': 'BLOCKED', 'kind': 'wire_structure', 'detail': {'object': 'Pitch_Servo', 'point_mm': [-10.21250014305115, -6.54414092303317, 221.19371521368822], 'distance_mm': 0.6335746645927429, 'required_mm': 0.634297315986889, 'temporal_mm': 0.0, 'nominal_margin_mm': 0.3}} 67.4
ORDERED_FEED_STAGE old_nominal_box 2.0 -0.5 3 PASS 1080  73.8
ORDERED_FEED_STAGE old_nominal_box 2.0 -0.5 2 PASS 1073  80.5
ORDERED_FEED_STAGE old_nominal_box 2.0 -0.5 1 PASS 1030  87.2
ORDERED_FEED_WIRE old_nominal_box 2.0 -0.5 0 {'status': 'BLOCKED', 'kind': 'wire_structure', 'detail': {'object': 'Pitch_Servo', 'point_mm': [-10.21250014305115, -6.542065151262429, 221.1964605314533], 'distance_mm': 0.6316684484481812, 'required_mm': 0.6343002677390028, 'temporal_mm': 0.0, 'nominal_margin_mm': 0.3}} 87.4
ORDERED_FEED_DONE BLOCKED 88.0
Blender 5.2.2 LTS (hash d13f752e3b9c built 2026-09-15 01:49:19)

Blender quit
