00:00.314  blend            | Read blend: "/Users/dean/Documents/MORI/mechanical/mori_v1_2.blend"
PH_ROTATED_SEARCH 100 592 38.9
PH_ROTATED_SEARCH 200 1133 45.5
PH_ROTATED_SEARCH 300 1506 51.0
PH_ROTATED_SEARCH 400 1825 57.7
PH_ROTATED_SEARCH 500 2100 62.7
PH_ROTATED_SEARCH 600 2367 68.5
PH_ROTATED_SEARCH 700 2618 74.5
PH_ROTATED_SEARCH 800 2854 79.2
PH_ROTATED_SEARCH 900 3075 84.3
PH_ROTATED_SEARCH 1000 3261 88.4
PH_ROTATED_SEARCH 1100 3485 94.1
PH_ROTATED_SEARCH 1200 3693 99.0
PH_ROTATED_SEARCH 1300 3879 103.0
PH_ROTATED_SEARCH 1400 4052 109.2
PH_ROTATED_SEARCH 1500 4198 113.5
PH_ROTATED_SEARCH 1600 4392 119.7
PH_ROTATED_SEARCH 1700 4539 124.4
PH_ROTATED_SEARCH 1800 4723 128.0
PH_ROTATED_SEARCH 1900 4852 133.6
PH_ROTATED_SEARCH 2000 4993 137.5
PH_ROTATED_SEARCH 2100 5147 142.2
PH_ROTATED_SEARCH 2200 5283 166.9
PH_ROTATED_SEARCH 2300 5363 170.4
PH_ROTATED_SEARCH 2400 5529 178.6
PH_ROTATED_DONE BLOCKED bounded_search_stopped 2413 180.6
OPEN_SHELL_PH_DONE BLOCKED 2413 1480
Blender 5.2.2 LTS (hash d13f752e3b9c built 2026-09-15 01:49:19)

Blender quit
