00:00.395  blend            | Read blend: "/Users/dean/Documents/MORI/mechanical/mori_v1_2.blend"
PH_EXPLICIT_HEIGHT 36.0 16 False 0.05
PH_EXPLICIT_HEIGHT 38.0 32 False 0.06
PH_EXPLICIT_HEIGHT 40.0 48 False 0.06
PH_EXPLICIT_HEIGHT 42.0 64 False 0.06
PH_EXPLICIT_HEIGHT 44.0 80 False 0.06
PH_EXPLICIT_HEIGHT 46.0 96 False 0.06
PH_EXPLICIT_HEIGHT 48.0 112 False 0.07
PH_EXPLICIT_HEIGHT 50.0 128 False 0.07
PH_EXPLICIT_HEIGHT 34.0 144 False 0.07
PH_EXPLICIT_HEIGHT 32.0 160 False 0.07
PH_EXPLICIT_HEIGHT 30.0 176 False 0.07
PH_EXPLICIT_HEIGHT 28.0 192 False 0.07
PH_EXPLICIT_HEIGHT 26.0 208 False 0.08
PH_EXPLICIT_HEIGHT 24.0 224 False 0.08
PH_EXPLICIT_HEIGHT 22.0 240 False 0.08
PH_EXPLICIT_HEIGHT 20.0 256 False 0.08
PH_EXPLICIT_HEIGHT 18.0 272 False 0.08
PH_EXPLICIT_HEIGHT 16.0 288 False 0.08
PH_EXPLICIT_HEIGHT 52.0 304 False 0.08
PH_EXPLICIT_HEIGHT 54.0 320 False 0.08
PH_EXPLICIT_HEIGHT 56.0 336 False 0.08
PH_EXPLICIT_HEIGHT 58.0 352 False 0.08
PH_EXPLICIT_HEIGHT 60.0 368 False 0.08
PH_WAYPOINTS_DONE BLOCKED 368
Blender 5.2.2 LTS (hash d13f752e3b9c built 2026-09-15 01:49:19)

Blender quit
