00:00.311  blend            | Read blend: "/Users/dean/Documents/MORI/mechanical/mori_v1_2.blend"
PH_ROTATED_SEARCH 100 604 8.4
PH_ROTATED_SEARCH 200 1166 15.4
PH_ROTATED_SEARCH 300 1540 21.4
PH_ROTATED_SEARCH 400 1853 27.1
PH_ROTATED_SEARCH 500 2169 32.6
PH_ROTATED_SEARCH 600 2387 37.2
PH_ROTATED_SEARCH 700 2669 42.9
PH_ROTATED_SEARCH 800 2932 47.9
PH_ROTATED_SEARCH 900 3552 61.3
PH_ROTATED_SEARCH 1000 4002 72.0
PH_ROTATED_SEARCH 1100 4234 78.1
PH_ROTATED_SEARCH 1200 4525 85.8
PH_ROTATED_SEARCH 1300 4737 90.4
PH_ROTATED_SEARCH 1400 4974 96.4
PH_ROTATED_SEARCH 1500 5268 105.3
PH_ROTATED_SEARCH 1600 5767 111.0
PH_ROTATED_SEARCH 1700 6199 115.9
PH_ROTATED_SEARCH 1800 6400 119.9
PH_ROTATED_SEARCH 1900 6501 122.6
PH_ROTATED_SEARCH 2000 6576 126.7
PH_ROTATED_DONE BLOCKED bounded_search_stopped 2023 467.12
OPEN_SHELL_DEFERRED_PH_DONE BLOCKED 2023 1578
Blender 5.2.2 LTS (hash d13f752e3b9c built 2026-09-15 01:49:19)

Blender quit
