00:00.302  blend            | Read blend: "/Users/dean/Documents/MORI/mechanical/mori_v1_2.blend"
SHELL16_COUPLED_TIMING paired_at0 BLOCKED 0.0 {'kind': 'CAM_mutual_coarse_clearance', 'a': 1, 'b': 2, 'surface_gap_lower_bound_mm': np.float64(-0.3421655243983738)}
SHELL16_MERGED_BACK 0 saved 5 11.52
SHELL16_MERGED_BACK 1 saved 9 13.52
SHELL16_COUPLED_TIMING paired_at2 BLOCKED 2.0 {'kind': 'CAM_mutual_coarse_clearance', 'a': 3, 'b': 4, 'surface_gap_lower_bound_mm': np.float64(0.17322548383734823)}
SHELL16_MERGED_BACK 0 saved 5 26.2
SHELL16_MERGED_BACK 1 saved 9 28.19
SHELL16_COUPLED_TIMING paired_at2_p4_forward15 BLOCKED 2.0 {'kind': 'CAM_mutual_coarse_clearance', 'a': 3, 'b': 4, 'surface_gap_lower_bound_mm': np.float64(0.10892176419357123)}
SHELL16_MERGED_BACK 0 saved 5 69.31
SHELL16_MERGED_BACK 1 saved 9 71.31
SHELL16_COUPLED_TIMING paired_at2_p4_rear15 BLOCKED 2.0 {'kind': 'CAM_mutual_coarse_clearance', 'a': 1, 'b': 2, 'surface_gap_lower_bound_mm': np.float64(0.029488413754201224)}
SHELL16_MERGED_BACK 0 saved 5 126.27
SHELL16_MERGED_BACK 1 saved 9 128.26
SHELL16_COUPLED_TIMING paired_at2_p4_forward30 BLOCKED 2.0 {'kind': 'CAM_mutual_coarse_clearance', 'a': 3, 'b': 4, 'surface_gap_lower_bound_mm': np.float64(-0.24650199106244036)}
SHELL16_MERGED_BACK 0 saved 5 166.5
SHELL16_MERGED_BACK 1 saved 9 168.5
SHELL16_COUPLED_TIMING paired_at2_p4_rear30 BLOCKED 2.0 {'kind': 'CAM_mutual_coarse_clearance', 'a': 1, 'b': 2, 'surface_gap_lower_bound_mm': np.float64(0.029488413754201224)}
SHELL16_MERGED_BACK 0 saved 13 227.66
SHELL16_MERGED_BACK 1 saved 17 229.66
SHELL16_COUPLED_TIMING original_p4_late15 BLOCKED 2.0 {'kind': 'CAM_mutual_coarse_clearance', 'a': 3, 'b': 4, 'surface_gap_lower_bound_mm': np.float64(0.10892176419357123)}
SHELL16_MERGED_BACK 0 saved 13 248.43
SHELL16_MERGED_BACK 1 saved 17 250.43
SHELL16_COUPLED_TIMING original_p4_late_rear15 BLOCKED 2.0 {'kind': 'CAM_mutual_coarse_clearance', 'a': 1, 'b': 2, 'surface_gap_lower_bound_mm': np.float64(0.0296217129162108)}
SHELL16_COUPLED_TIMING_DONE BLOCKED 8
Blender 5.2.2 LTS (hash d13f752e3b9c built 2026-09-15 01:49:19)

Blender quit
