00:00.290  blend            | Read blend: "/Users/dean/Documents/MORI/mechanical/mori_v1_2.blend"
EARLY_PLANES_INDIVIDUAL pin1_f0.25 PASS 37 None
EARLY_PLANES_INDIVIDUAL pin1_f0.4 PASS 37 None
EARLY_PLANES_INDIVIDUAL pin1_f0.5 PASS 37 None
EARLY_PLANES_INDIVIDUAL pin1_f0.6 PASS 37 None
EARLY_PLANES_INDIVIDUAL pin1_f0.75 PASS 37 None
EARLY_PLANES_INDIVIDUAL pin1_f1 PASS 37 None
EARLY_PLANES_INDIVIDUAL pin2_f0.25 PASS 37 None
EARLY_PLANES_INDIVIDUAL pin2_f0.4 PASS 37 None
EARLY_PLANES_INDIVIDUAL pin2_f0.5 PASS 37 None
EARLY_PLANES_INDIVIDUAL pin2_f0.6 PASS 37 None
EARLY_PLANES_INDIVIDUAL pin2_f0.75 PASS 37 None
EARLY_PLANES_INDIVIDUAL pin2_f1 PASS 37 None
EARLY_PLANES_PACKING ['pin1_f0.25', 'pin2_f0.25'] BLOCKED 7 {'kind': 'CAM_mutual_coarse_clearance', 'a': 1, 'b': 2, 'surface_gap_lower_bound_mm': np.float64(0.1045514778172761)}
EARLY_PLANES_PACKING ['pin1_f0.25', 'pin2_f0.4'] BLOCKED 8 {'kind': 'CAM_mutual_coarse_clearance', 'a': 1, 'b': 2, 'surface_gap_lower_bound_mm': np.float64(0.24410881520136363)}
EARLY_PLANES_PACKING ['pin1_f0.25', 'pin2_f0.5'] BLOCKED 10 {'kind': 'CAM_mutual_coarse_clearance', 'a': 1, 'b': 2, 'surface_gap_lower_bound_mm': np.float64(0.05936632537182844)}
EARLY_PLANES_PACKING ['pin1_f0.25', 'pin2_f0.6'] BLOCKED 11 {'kind': 'CAM_mutual_coarse_clearance', 'a': 1, 'b': 2, 'surface_gap_lower_bound_mm': np.float64(0.25864129027890115)}
EARLY_PLANES_PACKING ['pin1_f0.25', 'pin2_f0.75'] BLOCKED 16 {'kind': 'CAM_mutual_coarse_clearance', 'a': 1, 'b': 2, 'surface_gap_lower_bound_mm': np.float64(0.19335545024907644)}
EARLY_PLANES_PACKING ['pin1_f0.25', 'pin2_f1'] PASS 37 None
EARLY_PLANES_PACKING ['pin1_f0.4', 'pin2_f0.25'] BLOCKED 2 {'kind': 'CAM_mutual_coarse_clearance', 'a': 1, 'b': 2, 'surface_gap_lower_bound_mm': np.float64(0.28998337572060956)}
EARLY_PLANES_PACKING ['pin1_f0.4', 'pin2_f0.4'] BLOCKED 8 {'kind': 'CAM_mutual_coarse_clearance', 'a': 1, 'b': 2, 'surface_gap_lower_bound_mm': np.float64(0.24419082214388257)}
EARLY_PLANES_PACKING ['pin1_f0.4', 'pin2_f0.5'] BLOCKED 10 {'kind': 'CAM_mutual_coarse_clearance', 'a': 1, 'b': 2, 'surface_gap_lower_bound_mm': np.float64(0.05960677943320149)}
EARLY_PLANES_PACKING ['pin1_f0.4', 'pin2_f0.6'] BLOCKED 11 {'kind': 'CAM_mutual_coarse_clearance', 'a': 1, 'b': 2, 'surface_gap_lower_bound_mm': np.float64(0.2586369876575639)}
EARLY_PLANES_PACKING ['pin1_f0.4', 'pin2_f0.75'] BLOCKED 16 {'kind': 'CAM_mutual_coarse_clearance', 'a': 1, 'b': 2, 'surface_gap_lower_bound_mm': np.float64(0.19314629054952065)}
EARLY_PLANES_PACKING ['pin1_f0.4', 'pin2_f1'] PASS 37 None
EARLY_PLANES_PACKING ['pin1_f0.5', 'pin2_f0.25'] BLOCKED 1 {'kind': 'CAM_mutual_coarse_clearance', 'a': 1, 'b': 2, 'surface_gap_lower_bound_mm': np.float64(0.2621106313120966)}
EARLY_PLANES_PACKING ['pin1_f0.5', 'pin2_f0.4'] BLOCKED 6 {'kind': 'CAM_mutual_coarse_clearance', 'a': 1, 'b': 2, 'surface_gap_lower_bound_mm': np.float64(0.2894955335719951)}
EARLY_PLANES_PACKING ['pin1_f0.5', 'pin2_f0.5'] BLOCKED 10 {'kind': 'CAM_mutual_coarse_clearance', 'a': 1, 'b': 2, 'surface_gap_lower_bound_mm': np.float64(0.059525941210021846)}
EARLY_PLANES_PACKING ['pin1_f0.5', 'pin2_f0.6'] BLOCKED 11 {'kind': 'CAM_mutual_coarse_clearance', 'a': 1, 'b': 2, 'surface_gap_lower_bound_mm': np.float64(0.25876304013558854)}
EARLY_PLANES_PACKING ['pin1_f0.5', 'pin2_f0.75'] BLOCKED 16 {'kind': 'CAM_mutual_coarse_clearance', 'a': 1, 'b': 2, 'surface_gap_lower_bound_mm': np.float64(0.1932096166977503)}
EARLY_PLANES_PACKING ['pin1_f0.5', 'pin2_f1'] PASS 37 None
EARLY_PLANES_PACKING ['pin1_f0.6', 'pin2_f0.25'] BLOCKED 1 {'kind': 'CAM_mutual_coarse_clearance', 'a': 1, 'b': 2, 'surface_gap_lower_bound_mm': np.float64(0.14636245055120772)}
EARLY_PLANES_PACKING ['pin1_f0.6', 'pin2_f0.4'] BLOCKED 2 {'kind': 'CAM_mutual_coarse_clearance', 'a': 1, 'b': 2, 'surface_gap_lower_bound_mm': np.float64(0.26458899389071716)}
EARLY_PLANES_PACKING ['pin1_f0.6', 'pin2_f0.5'] BLOCKED 8 {'kind': 'CAM_mutual_coarse_clearance', 'a': 1, 'b': 2, 'surface_gap_lower_bound_mm': np.float64(0.29355753056802625)}
EARLY_PLANES_PACKING ['pin1_f0.6', 'pin2_f0.6'] BLOCKED 11 {'kind': 'CAM_mutual_coarse_clearance', 'a': 1, 'b': 2, 'surface_gap_lower_bound_mm': np.float64(0.2584347363944197)}
EARLY_PLANES_PACKING ['pin1_f0.6', 'pin2_f0.75'] BLOCKED 16 {'kind': 'CAM_mutual_coarse_clearance', 'a': 1, 'b': 2, 'surface_gap_lower_bound_mm': np.float64(0.19312960886081496)}
EARLY_PLANES_PACKING ['pin1_f0.6', 'pin2_f1'] PASS 37 None
EARLY_PLANES_PACKING ['pin1_f0.75', 'pin2_f0.25'] BLOCKED 1 {'kind': 'CAM_mutual_coarse_clearance', 'a': 1, 'b': 2, 'surface_gap_lower_bound_mm': np.float64(0.0029609565406364144)}
EARLY_PLANES_PACKING ['pin1_f0.75', 'pin2_f0.4'] BLOCKED 1 {'kind': 'CAM_mutual_coarse_clearance', 'a': 1, 'b': 2, 'surface_gap_lower_bound_mm': np.float64(0.21267423483665174)}
EARLY_PLANES_PACKING ['pin1_f0.75', 'pin2_f0.5'] BLOCKED 2 {'kind': 'CAM_mutual_coarse_clearance', 'a': 1, 'b': 2, 'surface_gap_lower_bound_mm': np.float64(0.2274793490007345)}
EARLY_PLANES_PACKING ['pin1_f0.75', 'pin2_f0.6'] BLOCKED 4 {'kind': 'CAM_mutual_coarse_clearance', 'a': 1, 'b': 2, 'surface_gap_lower_bound_mm': np.float64(0.2913994290559254)}
EARLY_PLANES_PACKING ['pin1_f0.75', 'pin2_f0.75'] BLOCKED 16 {'kind': 'CAM_mutual_coarse_clearance', 'a': 1, 'b': 2, 'surface_gap_lower_bound_mm': np.float64(0.19321635160706524)}
EARLY_PLANES_PACKING ['pin1_f0.75', 'pin2_f1'] PASS 37 None
EARLY_PLANES_PACKING ['pin1_f1', 'pin2_f0.25'] BLOCKED 1 {'kind': 'CAM_mutual_coarse_clearance', 'a': 1, 'b': 2, 'surface_gap_lower_bound_mm': np.float64(-0.15658180083046722)}
EARLY_PLANES_PACKING ['pin1_f1', 'pin2_f0.4'] BLOCKED 1 {'kind': 'CAM_mutual_coarse_clearance', 'a': 1, 'b': 2, 'surface_gap_lower_bound_mm': np.float64(0.012335376372255836)}
EARLY_PLANES_PACKING ['pin1_f1', 'pin2_f0.5'] BLOCKED 1 {'kind': 'CAM_mutual_coarse_clearance', 'a': 1, 'b': 2, 'surface_gap_lower_bound_mm': np.float64(0.12046140349742974)}
EARLY_PLANES_PACKING ['pin1_f1', 'pin2_f0.6'] BLOCKED 1 {'kind': 'CAM_mutual_coarse_clearance', 'a': 1, 'b': 2, 'surface_gap_lower_bound_mm': np.float64(0.2265371915250704)}
EARLY_PLANES_PACKING ['pin1_f1', 'pin2_f0.75'] BLOCKED 2 {'kind': 'CAM_mutual_coarse_clearance', 'a': 1, 'b': 2, 'surface_gap_lower_bound_mm': np.float64(0.28004813689653985)}
EARLY_PLANES_PACKING ['pin1_f1', 'pin2_f1'] PASS 37 None
SHELL16_MERGED_BACK 0 saved 9 93.88
SHELL16_MERGED_BACK 1 saved 13 95.87
EARLY_PLANES_BACK ['pin1_f0.5', 'pin2_f1'] BLOCKED 2.25 {'kind': 'wire_clearance', 'pin': 2, 'point_mm': [-5.238426407837077, -8.13945232173948, 142.63999938964844], 'obstacle': 'Yaw_Base', 'centreline_distance_mm': 0.6853712797164917, 'required_bound_mm': 0.6905490338575568}
SHELL16_MERGED_BACK 0 saved 9 104.93
SHELL16_MERGED_BACK 1 saved 13 106.92
EARLY_PLANES_BACK ['pin1_f0.4', 'pin2_f1'] BLOCKED 2.25 {'kind': 'wire_clearance', 'pin': 2, 'point_mm': [-5.238426407837077, -8.13945232173948, 142.63999938964844], 'obstacle': 'Yaw_Base', 'centreline_distance_mm': 0.6853712797164917, 'required_bound_mm': 0.6905490338575568}
SHELL16_MERGED_BACK 0 saved 9 116.01
SHELL16_MERGED_BACK 1 saved 13 118.01
EARLY_PLANES_BACK ['pin1_f0.6', 'pin2_f1'] BLOCKED 2.25 {'kind': 'wire_clearance', 'pin': 2, 'point_mm': [-5.238426407837077, -8.13945232173948, 142.63999938964844], 'obstacle': 'Yaw_Base', 'centreline_distance_mm': 0.6853712797164917, 'required_bound_mm': 0.6905490338575568}
SHELL16_MERGED_BACK 0 saved 9 127.06
SHELL16_MERGED_BACK 1 saved 13 129.05
EARLY_PLANES_BACK ['pin1_f0.25', 'pin2_f1'] BLOCKED 2.25 {'kind': 'wire_clearance', 'pin': 2, 'point_mm': [-5.238426407837077, -8.13945232173948, 142.63999938964844], 'obstacle': 'Yaw_Base', 'centreline_distance_mm': 0.6853712797164917, 'required_bound_mm': 0.6905490338575568}
EARLY_PLANES_BACK ['pin1_f0.75', 'pin2_f1'] BLOCKED 0.75 {'pin': 1, 'kind': 'tangent_family_unavailable', 'family': 'LSR', 'available': ['LSL', 'LRL1', 'LRL-1', 'RSL', 'RSR', 'RLR1', 'RLR-1']}
SHELL16_MERGED_BACK 0 saved 9 142.1
SHELL16_MERGED_BACK 1 saved 13 144.09
EARLY_PLANES_BACK ['pin1_f1', 'pin2_f1'] BLOCKED 2.25 {'kind': 'wire_clearance', 'pin': 2, 'point_mm': [-5.238426407837077, -8.13945232173948, 142.63999938964844], 'obstacle': 'Yaw_Base', 'centreline_distance_mm': 0.6853712797164917, 'required_bound_mm': 0.6905490338575568}
EARLY_PLANES_DONE BLOCKED 6 6 149.3
Blender 5.2.2 LTS (hash d13f752e3b9c built 2026-09-15 01:49:19)

Blender quit
