00:00.295  blend            | Read blend: "/Users/dean/Documents/MORI/mechanical/mori_v1_2.blend"
SHELL16_STAGE shell_release 0 2.1
SHELL16_STAGE shell_release 30 26.14
SHELL16_STAGE shell_release 60 51.0
SHELL16_STAGE bridge_lift 0 51.84
SHELL16_STAGE bridge_lift 30 76.72
SHELL16_STAGE bridge_only 0 82.43
SHELL16_CONTINUATION bridge_only BLOCKED 5 {'kind': 'rigid_overlap', 'a': 'Body_Upper', 'b': 'Yaw_Base', 'intersection_mm3': 4.387727427352832}
SHELL16_STAGE together_vertical 0 85.98
SHELL16_CONTINUATION together_vertical BLOCKED 3 {'kind': 'rigid_overlap', 'a': 'Plug_rear_J2', 'b': 'Load_Frame', 'intersection_mm3': 0.07184812543262353}
SHELL16_STAGE diagonal_back14_up2 0 87.84
SHELL16_CONTINUATION diagonal_back14_up2 BLOCKED 11 {'kind': 'wire_clearance', 'pin': 2, 'point_mm': [-5.238426407837077, -8.13945232173948, 142.63999938964844], 'obstacle': 'Yaw_Base', 'centreline_distance_mm': 0.6853712797164917, 'required_bound_mm': 0.6905490338575568}
SHELL16_STAGE diagonal_back14_up4 0 96.53
SHELL16_CONTINUATION diagonal_back14_up4 BLOCKED 10 {'kind': 'rigid_overlap', 'a': 'Plug_rear_J2', 'b': 'Load_Frame', 'intersection_mm3': 0.0005171728241827201}
SHELL16_STAGE diagonal_back14_up8 0 104.01
SHELL16_CONTINUATION diagonal_back14_up8 BLOCKED 6 {'kind': 'rigid_overlap', 'a': 'Plug_rear_J2', 'b': 'Load_Frame', 'intersection_mm3': 0.005155398423416474}
SHELL16_STAGE diagonal_back14_up14 0 108.31
SHELL16_CONTINUATION diagonal_back14_up14 BLOCKED 4 {'kind': 'rigid_overlap', 'a': 'Plug_rear_J2', 'b': 'Load_Frame', 'intersection_mm3': 0.009279649475782498}
SHELL16_JOINT_FEED_DONE PASS 111.74
Blender 5.2.2 LTS (hash d13f752e3b9c built 2026-09-15 01:49:19)

Blender quit
