Already up to date
Done in 147ms using pnpm v11.19.0

Running 2 tests using 1 worker

(node:39283) Warning: The 'NO_COLOR' env is ignored due to the 'FORCE_COLOR' env being set.
(Use `node --trace-warnings ...` to show where the warning was created)
(node:39283) Warning: The 'NO_COLOR' env is ignored due to the 'FORCE_COLOR' env being set.
(Use `node --trace-warnings ...` to show where the warning was created)
  ✘  1 [desktop] › apps/console/tests/e2e/console.spec.ts:10:5 › pair, explicit arm, bounded motion, stop, camera loss and persistent memory (12.5s)
(node:39330) Warning: The 'NO_COLOR' env is ignored due to the 'FORCE_COLOR' env being set.
(Use `node --trace-warnings ...` to show where the warning was created)
(node:39330) Warning: The 'NO_COLOR' env is ignored due to the 'FORCE_COLOR' env being set.
(Use `node --trace-warnings ...` to show where the warning was created)
  ✓  2 [mobile-chromium] › apps/console/tests/e2e/console.spec.ts:10:5 › pair, explicit arm, bounded motion, stop, camera loss and persistent memory (6.2s)


  1) [desktop] › apps/console/tests/e2e/console.spec.ts:10:5 › pair, explicit arm, bounded motion, stop, camera loss and persistent memory 

    Error: [31mTimed out 5000ms waiting for [39m[2mexpect([22m[31mlocator[39m[2m).[22mtoContainText[2m([22m[32mexpected[39m[2m)[22m

    Locator: locator('.voice-response')
    Expected string: [32m"模拟回复"[39m
    Received string: [31m"等待会话输入"[39m
    Call log:
    [2m  - expect.toContainText with timeout 5000ms[22m
    [2m  - waiting for locator('.voice-response')[22m
    [2m    9 × locator resolved to <p class="voice-response">等待会话输入</p>[22m
    [2m      - unexpected value "等待会话输入"[22m


      26 |  await page.getByRole('button',{name:'▤ 长期记忆'}).click();await page.getByLabel('新增记忆').fill('SIMULATED 测试偏好：绿茶');await page.getByRole('checkbox',{name:'我确认保存这条内容'}).check();await page.getByRole('button',{name:'记住',exact:true}).click();await expect(page.locator('.memory-entry')).toHaveCount(1)
      27 |  const entry=page.locator('.memory-entry');await entry.locator('textarea').fill('SIMULATED 测试偏好：红茶');await entry.getByRole('button',{name:'确认纠正'}).click();await expect(entry.getByText('纠正历史 1')).toBeVisible();await entry.getByRole('button',{name:'删除',exact:true}).click();await expect(page.locator('.memory-entry')).toHaveCount(0)
    > 28 |  await page.getByRole('button',{name:'◌ 语音会话'}).click();await claim();await page.getByLabel('中文输入').fill('你好，测试对话');await page.getByRole('button',{name:'发送并播放'}).click();await expect(page.locator('.voice-response')).toContainText('模拟回复');await expect(page.locator('tbody tr').filter({hasText:'VOICE_SESSION'})).toContainText('COMPLETED',{timeout:8000});
         |                                                                                                                                                                                                                         ^
      29 |  await page.getByRole('button',{name:'⚙ 设置与日志'}).click();await claim();await page.getByRole('button',{name:'模拟严重故障'}).click();await expect(page.locator('tbody tr').filter({hasText:'FAULT_STOP'})).toContainText('FAULT')
      30 |  const width=await page.evaluate(()=>({scroll:document.documentElement.scrollWidth,view:innerWidth}));expect(width.scroll).toBeLessThanOrEqual(width.view)
      31 |  await page.setViewportSize({width:844,height:390});await page.getByRole('button',{name:'⌘ 控制台'}).click();await expect(page.getByText('禁止',{exact:true})).toBeVisible()
        at /Users/dean/Documents/MORI/apps/console/tests/e2e/console.spec.ts:28:217

    Error Context: test-results/console-pair-explicit-arm--a4350--loss-and-persistent-memory-desktop/error-context.md

    attachment #2: trace (application/zip) ─────────────────────────────────────────────────────────
    test-results/console-pair-explicit-arm--a4350--loss-and-persistent-memory-desktop/trace.zip
    Usage:

        pnpm exec playwright show-trace test-results/console-pair-explicit-arm--a4350--loss-and-persistent-memory-desktop/trace.zip

    ────────────────────────────────────────────────────────────────────────────────────────────────

  1 failed
    [desktop] › apps/console/tests/e2e/console.spec.ts:10:5 › pair, explicit arm, bounded motion, stop, camera loss and persistent memory 
  1 passed (20.3s)
