00:00.767  blend            | Read blend: "/Users/dean/Documents/MORI/mechanical/mori_v1_2.blend"
BODY_SPLIT_PATH {"module": "front", "wheels": "present", "status": "PASS", "direction": [0, 1, 0], "travel_mm": 220, "step_mm": 1, "checked_samples": 221, "first_failure": null}
BODY_SPLIT_PATH {"module": "rear", "wheels": "present", "status": "PASS", "direction": [0, -1, 0], "travel_mm": 220, "step_mm": 1, "checked_samples": 221, "first_failure": null}
BODY_SPLIT_PATH {"module": "front", "wheels": "tyres_hubs_deferred", "status": "PASS", "direction": [0, 1, 0], "travel_mm": 220, "step_mm": 1, "checked_samples": 221, "first_failure": null}
BODY_SPLIT_PATH {"module": "rear", "wheels": "tyres_hubs_deferred", "status": "PASS", "direction": [0, -1, 0], "travel_mm": 220, "step_mm": 1, "checked_samples": 221, "first_failure": null}
BODY_SPLIT_FRAME_ACCESS {"screw": "Frame_Screw_0", "axis_mm": [48, 42], "status": "PASS", "hits": [], "existing_thread_interfaces": [{"target": "Frame_Insert_0", "overlap_mm3": 0.0016010566970961473, "bounds_mm": [46.50641641376476, 40.50641666301984, 115.19999694824219, 49.49358358623524, 43.49358333698016, 119.0], "native_engaged_overlap_mm3": 0.0016010566970958155, "additional_overlap_mm3": -1.1102230246251565e-16, "status": "NOT_TESTED", "meaning": "Existing named screw/insert nominal thread engagement; physical threading not qualified"}]}
BODY_SPLIT_FRAME_ACCESS {"screw": "Frame_Screw_1", "axis_mm": [-48, 42], "status": "PASS", "hits": [], "existing_thread_interfaces": [{"target": "Frame_Insert_1", "overlap_mm3": 0.0016010566970964092, "bounds_mm": [-49.49358358623524, 40.50641666301984, 115.19999694824219, -46.50641641376476, 43.49358333698016, 119.0], "native_engaged_overlap_mm3": 0.001601056697097049, "additional_overlap_mm3": 0.0, "status": "NOT_TESTED", "meaning": "Existing named screw/insert nominal thread engagement; physical threading not qualified"}]}
BODY_SPLIT_FRAME_ACCESS {"screw": "Frame_Screw_2", "axis_mm": [48, -42], "status": "PASS", "hits": [], "existing_thread_interfaces": [{"target": "Frame_Insert_2", "overlap_mm3": 0.0016010566970962614, "bounds_mm": [46.50641641376476, -43.49358333698016, 115.19999694824219, 49.49358358623524, -40.50641666301984, 119.0], "native_engaged_overlap_mm3": 0.0016010566970965368, "additional_overlap_mm3": 0.0, "status": "NOT_TESTED", "meaning": "Existing named screw/insert nominal thread engagement; physical threading not qualified"}]}
BODY_SPLIT_FRAME_ACCESS {"screw": "Frame_Screw_3", "axis_mm": [-48, -42], "status": "PASS", "hits": [], "existing_thread_interfaces": [{"target": "Frame_Insert_3", "overlap_mm3": 0.001601056697097048, "bounds_mm": [-49.49358358623524, -43.49358333698016, 115.19999694824219, -46.50641641376476, -40.50641666301984, 119.0], "native_engaged_overlap_mm3": 0.0016010566970972367, "additional_overlap_mm3": 0.0, "status": "NOT_TESTED", "meaning": "Existing named screw/insert nominal thread engagement; physical threading not qualified"}]}
BODY_SPLIT_MOTION -60 -20 0
BODY_SPLIT_MOTION -60 -15 0
BODY_SPLIT_MOTION -60 -10 0
BODY_SPLIT_MOTION -60 -5 0
BODY_SPLIT_MOTION -60 0 0
BODY_SPLIT_MOTION -60 5 0
BODY_SPLIT_MOTION -60 10 0
BODY_SPLIT_MOTION -60 15 0
BODY_SPLIT_MOTION -60 20 0
BODY_SPLIT_MOTION -60 25 0
BODY_SPLIT_MOTION -50 -20 0
BODY_SPLIT_MOTION -50 -15 0
BODY_SPLIT_MOTION -50 -10 0
BODY_SPLIT_MOTION -50 -5 0
BODY_SPLIT_MOTION -50 0 0
BODY_SPLIT_MOTION -50 5 0
BODY_SPLIT_MOTION -50 10 0
BODY_SPLIT_MOTION -50 15 0
BODY_SPLIT_MOTION -50 20 0
BODY_SPLIT_MOTION -50 25 0
BODY_SPLIT_MOTION -40 -20 0
BODY_SPLIT_MOTION -40 -15 0
BODY_SPLIT_MOTION -40 -10 0
BODY_SPLIT_MOTION -40 -5 0
BODY_SPLIT_MOTION -40 0 0
BODY_SPLIT_MOTION -40 5 0
BODY_SPLIT_MOTION -40 10 0
BODY_SPLIT_MOTION -40 15 0
BODY_SPLIT_MOTION -40 20 0
BODY_SPLIT_MOTION -40 25 0
BODY_SPLIT_MOTION -30 -20 0
BODY_SPLIT_MOTION -30 -15 0
BODY_SPLIT_MOTION -30 -10 0
BODY_SPLIT_MOTION -30 -5 0
BODY_SPLIT_MOTION -30 0 0
BODY_SPLIT_MOTION -30 5 0
BODY_SPLIT_MOTION -30 10 0
BODY_SPLIT_MOTION -30 15 0
BODY_SPLIT_MOTION -30 20 0
BODY_SPLIT_MOTION -30 25 0
BODY_SPLIT_MOTION -20 -20 0
BODY_SPLIT_MOTION -20 -15 0
BODY_SPLIT_MOTION -20 -10 0
BODY_SPLIT_MOTION -20 -5 0
BODY_SPLIT_MOTION -20 0 0
BODY_SPLIT_MOTION -20 5 0
BODY_SPLIT_MOTION -20 10 0
BODY_SPLIT_MOTION -20 15 0
BODY_SPLIT_MOTION -20 20 0
BODY_SPLIT_MOTION -20 25 0
BODY_SPLIT_MOTION -10 -20 0
BODY_SPLIT_MOTION -10 -15 0
BODY_SPLIT_MOTION -10 -10 0
BODY_SPLIT_MOTION -10 -5 0
BODY_SPLIT_MOTION -10 0 0
BODY_SPLIT_MOTION -10 5 0
BODY_SPLIT_MOTION -10 10 0
BODY_SPLIT_MOTION -10 15 0
BODY_SPLIT_MOTION -10 20 0
BODY_SPLIT_MOTION -10 25 0
BODY_SPLIT_MOTION 0 -20 0
BODY_SPLIT_MOTION 0 -15 0
BODY_SPLIT_MOTION 0 -10 0
BODY_SPLIT_MOTION 0 -5 0
BODY_SPLIT_MOTION 0 0 0
BODY_SPLIT_MOTION 0 5 0
BODY_SPLIT_MOTION 0 10 0
BODY_SPLIT_MOTION 0 15 0
BODY_SPLIT_MOTION 0 20 0
BODY_SPLIT_MOTION 0 25 0
BODY_SPLIT_MOTION 10 -20 0
BODY_SPLIT_MOTION 10 -15 0
BODY_SPLIT_MOTION 10 -10 0
BODY_SPLIT_MOTION 10 -5 0
BODY_SPLIT_MOTION 10 0 0
BODY_SPLIT_MOTION 10 5 0
BODY_SPLIT_MOTION 10 10 0
BODY_SPLIT_MOTION 10 15 0
BODY_SPLIT_MOTION 10 20 0
BODY_SPLIT_MOTION 10 25 0
BODY_SPLIT_MOTION 20 -20 0
BODY_SPLIT_MOTION 20 -15 0
BODY_SPLIT_MOTION 20 -10 0
BODY_SPLIT_MOTION 20 -5 0
BODY_SPLIT_MOTION 20 0 0
BODY_SPLIT_MOTION 20 5 0
BODY_SPLIT_MOTION 20 10 0
BODY_SPLIT_MOTION 20 15 0
BODY_SPLIT_MOTION 20 20 0
BODY_SPLIT_MOTION 20 25 0
BODY_SPLIT_MOTION 30 -20 0
BODY_SPLIT_MOTION 30 -15 0
BODY_SPLIT_MOTION 30 -10 0
BODY_SPLIT_MOTION 30 -5 0
BODY_SPLIT_MOTION 30 0 0
BODY_SPLIT_MOTION 30 5 0
BODY_SPLIT_MOTION 30 10 0
BODY_SPLIT_MOTION 30 15 0
BODY_SPLIT_MOTION 30 20 0
BODY_SPLIT_MOTION 30 25 0
BODY_SPLIT_MOTION 40 -20 0
BODY_SPLIT_MOTION 40 -15 0
BODY_SPLIT_MOTION 40 -10 0
BODY_SPLIT_MOTION 40 -5 0
BODY_SPLIT_MOTION 40 0 0
BODY_SPLIT_MOTION 40 5 0
BODY_SPLIT_MOTION 40 10 0
BODY_SPLIT_MOTION 40 15 0
BODY_SPLIT_MOTION 40 20 0
BODY_SPLIT_MOTION 40 25 0
BODY_SPLIT_MOTION 50 -20 0
BODY_SPLIT_MOTION 50 -15 0
BODY_SPLIT_MOTION 50 -10 0
BODY_SPLIT_MOTION 50 -5 0
BODY_SPLIT_MOTION 50 0 0
BODY_SPLIT_MOTION 50 5 0
BODY_SPLIT_MOTION 50 10 0
BODY_SPLIT_MOTION 50 15 0
BODY_SPLIT_MOTION 50 20 0
BODY_SPLIT_MOTION 50 25 0
BODY_SPLIT_MOTION 60 -20 0
BODY_SPLIT_MOTION 60 -15 0
BODY_SPLIT_MOTION 60 -10 0
BODY_SPLIT_MOTION 60 -5 0
BODY_SPLIT_MOTION 60 0 0
BODY_SPLIT_MOTION 60 5 0
BODY_SPLIT_MOTION 60 10 0
BODY_SPLIT_MOTION 60 15 0
BODY_SPLIT_MOTION 60 20 0
BODY_SPLIT_MOTION 60 25 0
BODY_FRONT_REAR_SPLIT_DONE PASS 12.404835939407349
Blender 5.2.2 LTS (hash d13f752e3b9c built 2026-09-15 01:49:19)

Blender quit
