00:00.308  blend            | Read blend: "/Users/dean/Documents/MORI/mechanical/mori_v1_2.blend"
SLIDING_GUIDE_NATIVE body 0
SLIDING_GUIDE_NATIVE yaw 0
SLIDING_GUIDE_NATIVE pitch 0
SLIDING_GUIDE_WIRES -60 0
SLIDING_GUIDE_WIRES -50 0
SLIDING_GUIDE_WIRES -40 0
SLIDING_GUIDE_WIRES -30 0
SLIDING_GUIDE_WIRES -20 0
SLIDING_GUIDE_WIRES -10 0
SLIDING_GUIDE_WIRES 0 0
SLIDING_GUIDE_WIRES 10 0
SLIDING_GUIDE_WIRES 20 0
SLIDING_GUIDE_WIRES 30 0
SLIDING_GUIDE_WIRES 40 0
SLIDING_GUIDE_WIRES 50 0
SLIDING_GUIDE_WIRES 60 0
SLIDING_GUIDE_DONE PASS {'window_mm': [4.3, 2.0], 'guide_length_mm': 2.4, 'outer_mm': [7.3, 5.0, 2.4], 'mouth_flare_mm': 0.25, 'minimum_nominal_side_wall_mm': 1.25, 'root_x_mm': [-31.75, -29.2], 'root_yz_polygon_mm': [[-9.05, 225.4], [-6.4, 228.35], [-4.5, 228.35], [-4.5, 230.6], [-6.4, 230.6], [-9.05, 227.8]], 'servo_top_mm': 227.949996948, 'root_flat_underside_mm': 228.35, 'role': 'Sliding guide only; broad rising root clears the unchanged servo', 'added_printed_parts': 0, 'added_fasteners': 0, 'root_overlap_mm3': 5.7375, 'removed_mm3': 0.0, 'added_mm3': 85.31323758612739, 'components': [52851.2553063952], 'status': 'PASS'} [] []
Blender 5.2.2 LTS (hash d13f752e3b9c built 2026-09-15 01:49:19)

Blender quit
