00:00.261  blend            | Read blend: "/Users/dean/Documents/MORI/mechanical/mori_v1_2.blend"
CONNECTOR_RESTRAINT_NATIVE body 0
CONNECTOR_RESTRAINT_NATIVE yaw 0
CONNECTOR_RESTRAINT_NATIVE pitch 0
CONNECTOR_RESTRAINT_WIRES -60 5
CONNECTOR_RESTRAINT_WIRES -50 10
CONNECTOR_RESTRAINT_WIRES -40 15
CONNECTOR_RESTRAINT_WIRES -30 20
CONNECTOR_RESTRAINT_WIRES -20 25
CONNECTOR_RESTRAINT_WIRES -10 30
CONNECTOR_RESTRAINT_WIRES 0 35
CONNECTOR_RESTRAINT_WIRES 10 40
CONNECTOR_RESTRAINT_WIRES 20 45
CONNECTOR_RESTRAINT_WIRES 30 50
CONNECTOR_RESTRAINT_WIRES 40 55
CONNECTOR_RESTRAINT_WIRES 50 60
CONNECTOR_RESTRAINT_WIRES 60 65
CONNECTOR_RESTRAINT_DONE BLOCKED 13.001537084579468
Blender 5.2.2 LTS (hash d13f752e3b9c built 2026-09-15 01:49:19)

Blender quit
