00:00.320  blend            | Read blend: "/Users/dean/Documents/MORI/mechanical/mori_v1_2.blend"
SWAP_UPPER_OPTION 1 1 {'pin': 1, 'radius_mm': 7.0, 'lead_mm': 15.0, 'anchor_trim_mm': 0.0, 'waypoint_xy_mm': None}
SWAP_UPPER_OPTION 1 2 {'pin': 1, 'radius_mm': 7.0, 'lead_mm': 15.0, 'anchor_trim_mm': 2.0, 'waypoint_xy_mm': None}
SWAP_UPPER_OPTION 1 3 {'pin': 1, 'radius_mm': 7.0, 'lead_mm': 15.0, 'anchor_trim_mm': 4.0, 'waypoint_xy_mm': None}
SWAP_UPPER_OPTION 1 4 {'pin': 1, 'radius_mm': 7.0, 'lead_mm': 10.5, 'anchor_trim_mm': 0.0, 'waypoint_xy_mm': None}
SWAP_UPPER_OPTION 1 5 {'pin': 1, 'radius_mm': 7.0, 'lead_mm': 10.5, 'anchor_trim_mm': 2.0, 'waypoint_xy_mm': None}
SWAP_UPPER_OPTION 1 6 {'pin': 1, 'radius_mm': 7.0, 'lead_mm': 10.5, 'anchor_trim_mm': 4.0, 'waypoint_xy_mm': None}
SWAP_UPPER_OPTION 1 7 {'pin': 1, 'radius_mm': 7.0, 'lead_mm': 0.0, 'anchor_trim_mm': 0.0, 'waypoint_xy_mm': None}
SWAP_UPPER_OPTION 1 8 {'pin': 1, 'radius_mm': 7.0, 'lead_mm': 0.0, 'anchor_trim_mm': 0.0, 'waypoint_xy_mm': [-9.0, 7.0]}
SWAP_UPPER_OPTION 1 9 {'pin': 1, 'radius_mm': 7.0, 'lead_mm': 0.0, 'anchor_trim_mm': 0.0, 'waypoint_xy_mm': [-8.0, 7.0]}
SWAP_UPPER_OPTION 1 10 {'pin': 1, 'radius_mm': 7.0, 'lead_mm': 0.0, 'anchor_trim_mm': 0.0, 'waypoint_xy_mm': [-7.0, 7.0]}
SWAP_UPPER_OPTION 1 11 {'pin': 1, 'radius_mm': 7.0, 'lead_mm': 0.0, 'anchor_trim_mm': 2.0, 'waypoint_xy_mm': None}
SWAP_UPPER_OPTION 1 12 {'pin': 1, 'radius_mm': 7.0, 'lead_mm': 0.0, 'anchor_trim_mm': 2.0, 'waypoint_xy_mm': [-9.0, 7.0]}
SWAP_UPPER_OPTION 1 13 {'pin': 1, 'radius_mm': 7.0, 'lead_mm': 0.0, 'anchor_trim_mm': 2.0, 'waypoint_xy_mm': [-8.0, 7.0]}
SWAP_UPPER_OPTION 1 14 {'pin': 1, 'radius_mm': 7.0, 'lead_mm': 0.0, 'anchor_trim_mm': 2.0, 'waypoint_xy_mm': [-7.0, 7.0]}
SWAP_UPPER_OPTION 1 15 {'pin': 1, 'radius_mm': 7.0, 'lead_mm': 0.0, 'anchor_trim_mm': 4.0, 'waypoint_xy_mm': None}
SWAP_UPPER_OPTION 1 16 {'pin': 1, 'radius_mm': 7.0, 'lead_mm': 0.0, 'anchor_trim_mm': 4.0, 'waypoint_xy_mm': [-9.0, 7.0]}
SWAP_UPPER_OPTION 1 17 {'pin': 1, 'radius_mm': 7.0, 'lead_mm': 0.0, 'anchor_trim_mm': 4.0, 'waypoint_xy_mm': [-8.0, 7.0]}
SWAP_UPPER_OPTION 1 18 {'pin': 1, 'radius_mm': 7.0, 'lead_mm': 0.0, 'anchor_trim_mm': 4.0, 'waypoint_xy_mm': [-7.0, 7.0]}
SWAP_UPPER_OPTION 1 19 {'pin': 1, 'radius_mm': 7.0, 'lead_mm': 6.0, 'anchor_trim_mm': 0.0, 'waypoint_xy_mm': [-9.0, 7.0]}
SWAP_UPPER_OPTION 1 20 {'pin': 1, 'radius_mm': 7.0, 'lead_mm': 6.0, 'anchor_trim_mm': 2.0, 'waypoint_xy_mm': [-9.0, 7.0]}
SWAP_UPPER_OPTION 1 21 {'pin': 1, 'radius_mm': 7.0, 'lead_mm': 6.0, 'anchor_trim_mm': 2.0, 'waypoint_xy_mm': [-8.0, 7.0]}
SWAP_UPPER_OPTION 1 22 {'pin': 1, 'radius_mm': 7.0, 'lead_mm': 6.0, 'anchor_trim_mm': 2.0, 'waypoint_xy_mm': [-7.0, 7.0]}
SWAP_UPPER_OPTION 1 23 {'pin': 1, 'radius_mm': 7.0, 'lead_mm': 6.0, 'anchor_trim_mm': 4.0, 'waypoint_xy_mm': [-9.0, 7.0]}
SWAP_UPPER_OPTION 1 24 {'pin': 1, 'radius_mm': 7.0, 'lead_mm': 6.0, 'anchor_trim_mm': 4.0, 'waypoint_xy_mm': [-8.0, 7.0]}
SWAP_UPPER_OPTION 1 25 {'pin': 1, 'radius_mm': 7.0, 'lead_mm': 6.0, 'anchor_trim_mm': 4.0, 'waypoint_xy_mm': [-7.0, 7.0]}
SWAP_UPPER_OPTION 1 26 {'pin': 1, 'radius_mm': 7.0, 'lead_mm': 3.0, 'anchor_trim_mm': 0.0, 'waypoint_xy_mm': [-9.0, 7.0]}
SWAP_UPPER_OPTION 1 27 {'pin': 1, 'radius_mm': 7.0, 'lead_mm': 3.0, 'anchor_trim_mm': 0.0, 'waypoint_xy_mm': [-8.0, 7.0]}
SWAP_UPPER_OPTION 1 28 {'pin': 1, 'radius_mm': 7.0, 'lead_mm': 3.0, 'anchor_trim_mm': 0.0, 'waypoint_xy_mm': [-7.0, 7.0]}
SWAP_UPPER_OPTION 1 29 {'pin': 1, 'radius_mm': 7.0, 'lead_mm': 3.0, 'anchor_trim_mm': 2.0, 'waypoint_xy_mm': [-9.0, 7.0]}
SWAP_UPPER_OPTION 1 30 {'pin': 1, 'radius_mm': 7.0, 'lead_mm': 3.0, 'anchor_trim_mm': 2.0, 'waypoint_xy_mm': [-8.0, 7.0]}
SWAP_UPPER_OPTION 1 31 {'pin': 1, 'radius_mm': 7.0, 'lead_mm': 3.0, 'anchor_trim_mm': 2.0, 'waypoint_xy_mm': [-7.0, 7.0]}
SWAP_UPPER_OPTION 1 32 {'pin': 1, 'radius_mm': 7.0, 'lead_mm': 3.0, 'anchor_trim_mm': 4.0, 'waypoint_xy_mm': [-9.0, 7.0]}
SWAP_UPPER_OPTION 1 33 {'pin': 1, 'radius_mm': 7.0, 'lead_mm': 3.0, 'anchor_trim_mm': 4.0, 'waypoint_xy_mm': [-8.0, 7.0]}
SWAP_UPPER_OPTION 1 34 {'pin': 1, 'radius_mm': 7.0, 'lead_mm': 3.0, 'anchor_trim_mm': 4.0, 'waypoint_xy_mm': [-7.0, 7.0]}
SWAP_UPPER_PIN 1 34 77
SWAP_UPPER_OPTION 2 1 {'pin': 2, 'radius_mm': 8.0, 'lead_mm': 15.0, 'anchor_trim_mm': 2.0, 'waypoint_xy_mm': None}
SWAP_UPPER_OPTION 2 2 {'pin': 2, 'radius_mm': 7.0, 'lead_mm': 15.0, 'anchor_trim_mm': 0.0, 'waypoint_xy_mm': None}
SWAP_UPPER_OPTION 2 3 {'pin': 2, 'radius_mm': 7.0, 'lead_mm': 15.0, 'anchor_trim_mm': 4.0, 'waypoint_xy_mm': None}
SWAP_UPPER_OPTION 2 4 {'pin': 2, 'radius_mm': 7.0, 'lead_mm': 10.5, 'anchor_trim_mm': 0.0, 'waypoint_xy_mm': None}
SWAP_UPPER_OPTION 2 5 {'pin': 2, 'radius_mm': 7.0, 'lead_mm': 10.5, 'anchor_trim_mm': 2.0, 'waypoint_xy_mm': None}
SWAP_UPPER_OPTION 2 6 {'pin': 2, 'radius_mm': 7.0, 'lead_mm': 10.5, 'anchor_trim_mm': 4.0, 'waypoint_xy_mm': None}
SWAP_UPPER_OPTION 2 7 {'pin': 2, 'radius_mm': 7.0, 'lead_mm': 0.0, 'anchor_trim_mm': 0.0, 'waypoint_xy_mm': None}
SWAP_UPPER_OPTION 2 8 {'pin': 2, 'radius_mm': 7.0, 'lead_mm': 0.0, 'anchor_trim_mm': 0.0, 'waypoint_xy_mm': [-9.0, 7.0]}
SWAP_UPPER_OPTION 2 9 {'pin': 2, 'radius_mm': 7.0, 'lead_mm': 0.0, 'anchor_trim_mm': 0.0, 'waypoint_xy_mm': [-8.0, 7.0]}
SWAP_UPPER_OPTION 2 10 {'pin': 2, 'radius_mm': 7.0, 'lead_mm': 0.0, 'anchor_trim_mm': 0.0, 'waypoint_xy_mm': [-7.0, 7.0]}
SWAP_UPPER_OPTION 2 11 {'pin': 2, 'radius_mm': 7.0, 'lead_mm': 0.0, 'anchor_trim_mm': 2.0, 'waypoint_xy_mm': None}
SWAP_UPPER_OPTION 2 12 {'pin': 2, 'radius_mm': 7.0, 'lead_mm': 0.0, 'anchor_trim_mm': 2.0, 'waypoint_xy_mm': [-9.0, 7.0]}
SWAP_UPPER_OPTION 2 13 {'pin': 2, 'radius_mm': 7.0, 'lead_mm': 0.0, 'anchor_trim_mm': 2.0, 'waypoint_xy_mm': [-8.0, 7.0]}
SWAP_UPPER_OPTION 2 14 {'pin': 2, 'radius_mm': 7.0, 'lead_mm': 0.0, 'anchor_trim_mm': 2.0, 'waypoint_xy_mm': [-7.0, 7.0]}
SWAP_UPPER_OPTION 2 15 {'pin': 2, 'radius_mm': 7.0, 'lead_mm': 0.0, 'anchor_trim_mm': 4.0, 'waypoint_xy_mm': None}
SWAP_UPPER_OPTION 2 16 {'pin': 2, 'radius_mm': 7.0, 'lead_mm': 0.0, 'anchor_trim_mm': 4.0, 'waypoint_xy_mm': [-9.0, 7.0]}
SWAP_UPPER_OPTION 2 17 {'pin': 2, 'radius_mm': 7.0, 'lead_mm': 0.0, 'anchor_trim_mm': 4.0, 'waypoint_xy_mm': [-8.0, 7.0]}
SWAP_UPPER_OPTION 2 18 {'pin': 2, 'radius_mm': 7.0, 'lead_mm': 0.0, 'anchor_trim_mm': 4.0, 'waypoint_xy_mm': [-7.0, 7.0]}
SWAP_UPPER_OPTION 2 19 {'pin': 2, 'radius_mm': 7.0, 'lead_mm': 6.0, 'anchor_trim_mm': 2.0, 'waypoint_xy_mm': [-9.0, 7.0]}
SWAP_UPPER_OPTION 2 20 {'pin': 2, 'radius_mm': 7.0, 'lead_mm': 6.0, 'anchor_trim_mm': 2.0, 'waypoint_xy_mm': [-8.0, 7.0]}
SWAP_UPPER_OPTION 2 21 {'pin': 2, 'radius_mm': 7.0, 'lead_mm': 6.0, 'anchor_trim_mm': 2.0, 'waypoint_xy_mm': [-7.0, 7.0]}
SWAP_UPPER_OPTION 2 22 {'pin': 2, 'radius_mm': 7.0, 'lead_mm': 6.0, 'anchor_trim_mm': 4.0, 'waypoint_xy_mm': [-9.0, 7.0]}
SWAP_UPPER_OPTION 2 23 {'pin': 2, 'radius_mm': 7.0, 'lead_mm': 6.0, 'anchor_trim_mm': 4.0, 'waypoint_xy_mm': [-8.0, 7.0]}
SWAP_UPPER_OPTION 2 24 {'pin': 2, 'radius_mm': 7.0, 'lead_mm': 6.0, 'anchor_trim_mm': 4.0, 'waypoint_xy_mm': [-7.0, 7.0]}
SWAP_UPPER_OPTION 2 25 {'pin': 2, 'radius_mm': 7.0, 'lead_mm': 3.0, 'anchor_trim_mm': 0.0, 'waypoint_xy_mm': [-9.0, 7.0]}
SWAP_UPPER_OPTION 2 26 {'pin': 2, 'radius_mm': 7.0, 'lead_mm': 3.0, 'anchor_trim_mm': 0.0, 'waypoint_xy_mm': [-8.0, 7.0]}
SWAP_UPPER_OPTION 2 27 {'pin': 2, 'radius_mm': 7.0, 'lead_mm': 3.0, 'anchor_trim_mm': 0.0, 'waypoint_xy_mm': [-7.0, 7.0]}
SWAP_UPPER_OPTION 2 28 {'pin': 2, 'radius_mm': 7.0, 'lead_mm': 3.0, 'anchor_trim_mm': 2.0, 'waypoint_xy_mm': [-9.0, 7.0]}
SWAP_UPPER_OPTION 2 29 {'pin': 2, 'radius_mm': 7.0, 'lead_mm': 3.0, 'anchor_trim_mm': 2.0, 'waypoint_xy_mm': [-8.0, 7.0]}
SWAP_UPPER_OPTION 2 30 {'pin': 2, 'radius_mm': 7.0, 'lead_mm': 3.0, 'anchor_trim_mm': 2.0, 'waypoint_xy_mm': [-7.0, 7.0]}
SWAP_UPPER_OPTION 2 31 {'pin': 2, 'radius_mm': 7.0, 'lead_mm': 3.0, 'anchor_trim_mm': 4.0, 'waypoint_xy_mm': [-9.0, 7.0]}
SWAP_UPPER_OPTION 2 32 {'pin': 2, 'radius_mm': 7.0, 'lead_mm': 3.0, 'anchor_trim_mm': 4.0, 'waypoint_xy_mm': [-8.0, 7.0]}
SWAP_UPPER_OPTION 2 33 {'pin': 2, 'radius_mm': 7.0, 'lead_mm': 3.0, 'anchor_trim_mm': 4.0, 'waypoint_xy_mm': [-7.0, 7.0]}
SWAP_UPPER_PIN 2 33 73
SWAP_UPPER_OPTION 3 1 {'pin': 3, 'radius_mm': 7.0, 'lead_mm': 10.5, 'anchor_trim_mm': 4.0, 'waypoint_xy_mm': [-9.0, 7.0]}
SWAP_UPPER_OPTION 3 2 {'pin': 3, 'radius_mm': 7.0, 'lead_mm': 10.5, 'anchor_trim_mm': 4.0, 'waypoint_xy_mm': [-10.0, 7.0]}
SWAP_UPPER_OPTION 3 3 {'pin': 3, 'radius_mm': 7.0, 'lead_mm': 0.0, 'anchor_trim_mm': 0.0, 'waypoint_xy_mm': [-9.0, 7.0]}
SWAP_UPPER_OPTION 3 4 {'pin': 3, 'radius_mm': 7.0, 'lead_mm': 0.0, 'anchor_trim_mm': 0.0, 'waypoint_xy_mm': [-8.0, 7.0]}
SWAP_UPPER_OPTION 3 5 {'pin': 3, 'radius_mm': 7.0, 'lead_mm': 0.0, 'anchor_trim_mm': 0.0, 'waypoint_xy_mm': [-10.0, 7.0]}
SWAP_UPPER_OPTION 3 6 {'pin': 3, 'radius_mm': 7.0, 'lead_mm': 0.0, 'anchor_trim_mm': 0.0, 'waypoint_xy_mm': [-7.0, 7.0]}
SWAP_UPPER_OPTION 3 7 {'pin': 3, 'radius_mm': 7.0, 'lead_mm': 0.0, 'anchor_trim_mm': 2.0, 'waypoint_xy_mm': [-9.0, 7.0]}
SWAP_UPPER_OPTION 3 8 {'pin': 3, 'radius_mm': 7.0, 'lead_mm': 0.0, 'anchor_trim_mm': 2.0, 'waypoint_xy_mm': [-8.0, 7.0]}
SWAP_UPPER_OPTION 3 9 {'pin': 3, 'radius_mm': 7.0, 'lead_mm': 0.0, 'anchor_trim_mm': 2.0, 'waypoint_xy_mm': [-10.0, 7.0]}
SWAP_UPPER_OPTION 3 10 {'pin': 3, 'radius_mm': 7.0, 'lead_mm': 0.0, 'anchor_trim_mm': 2.0, 'waypoint_xy_mm': [-7.0, 7.0]}
SWAP_UPPER_OPTION 3 11 {'pin': 3, 'radius_mm': 7.0, 'lead_mm': 0.0, 'anchor_trim_mm': 4.0, 'waypoint_xy_mm': [-9.0, 7.0]}
SWAP_UPPER_OPTION 3 12 {'pin': 3, 'radius_mm': 7.0, 'lead_mm': 0.0, 'anchor_trim_mm': 4.0, 'waypoint_xy_mm': [-8.0, 7.0]}
SWAP_UPPER_OPTION 3 13 {'pin': 3, 'radius_mm': 7.0, 'lead_mm': 0.0, 'anchor_trim_mm': 4.0, 'waypoint_xy_mm': [-10.0, 7.0]}
SWAP_UPPER_OPTION 3 14 {'pin': 3, 'radius_mm': 7.0, 'lead_mm': 0.0, 'anchor_trim_mm': 4.0, 'waypoint_xy_mm': [-7.0, 7.0]}
SWAP_UPPER_OPTION 3 15 {'pin': 3, 'radius_mm': 7.0, 'lead_mm': 6.0, 'anchor_trim_mm': 0.0, 'waypoint_xy_mm': [-9.0, 7.0]}
SWAP_UPPER_OPTION 3 16 {'pin': 3, 'radius_mm': 7.0, 'lead_mm': 6.0, 'anchor_trim_mm': 0.0, 'waypoint_xy_mm': [-10.0, 7.0]}
SWAP_UPPER_OPTION 3 17 {'pin': 3, 'radius_mm': 7.0, 'lead_mm': 6.0, 'anchor_trim_mm': 2.0, 'waypoint_xy_mm': [-9.0, 7.0]}
SWAP_UPPER_OPTION 3 18 {'pin': 3, 'radius_mm': 7.0, 'lead_mm': 6.0, 'anchor_trim_mm': 2.0, 'waypoint_xy_mm': [-8.0, 7.0]}
SWAP_UPPER_OPTION 3 19 {'pin': 3, 'radius_mm': 7.0, 'lead_mm': 6.0, 'anchor_trim_mm': 2.0, 'waypoint_xy_mm': [-10.0, 7.0]}
SWAP_UPPER_OPTION 3 20 {'pin': 3, 'radius_mm': 7.0, 'lead_mm': 6.0, 'anchor_trim_mm': 2.0, 'waypoint_xy_mm': [-7.0, 7.0]}
SWAP_UPPER_OPTION 3 21 {'pin': 3, 'radius_mm': 7.0, 'lead_mm': 6.0, 'anchor_trim_mm': 4.0, 'waypoint_xy_mm': [-9.0, 7.0]}
SWAP_UPPER_OPTION 3 22 {'pin': 3, 'radius_mm': 7.0, 'lead_mm': 6.0, 'anchor_trim_mm': 4.0, 'waypoint_xy_mm': [-8.0, 7.0]}
SWAP_UPPER_OPTION 3 23 {'pin': 3, 'radius_mm': 7.0, 'lead_mm': 6.0, 'anchor_trim_mm': 4.0, 'waypoint_xy_mm': [-10.0, 7.0]}
SWAP_UPPER_OPTION 3 24 {'pin': 3, 'radius_mm': 7.0, 'lead_mm': 6.0, 'anchor_trim_mm': 4.0, 'waypoint_xy_mm': [-7.0, 7.0]}
SWAP_UPPER_OPTION 3 25 {'pin': 3, 'radius_mm': 7.0, 'lead_mm': 3.0, 'anchor_trim_mm': 0.0, 'waypoint_xy_mm': [-9.0, 7.0]}
SWAP_UPPER_OPTION 3 26 {'pin': 3, 'radius_mm': 7.0, 'lead_mm': 3.0, 'anchor_trim_mm': 0.0, 'waypoint_xy_mm': [-8.0, 7.0]}
SWAP_UPPER_OPTION 3 27 {'pin': 3, 'radius_mm': 7.0, 'lead_mm': 3.0, 'anchor_trim_mm': 0.0, 'waypoint_xy_mm': [-10.0, 7.0]}
SWAP_UPPER_OPTION 3 28 {'pin': 3, 'radius_mm': 7.0, 'lead_mm': 3.0, 'anchor_trim_mm': 0.0, 'waypoint_xy_mm': [-7.0, 7.0]}
SWAP_UPPER_OPTION 3 29 {'pin': 3, 'radius_mm': 7.0, 'lead_mm': 3.0, 'anchor_trim_mm': 2.0, 'waypoint_xy_mm': [-9.0, 7.0]}
SWAP_UPPER_OPTION 3 30 {'pin': 3, 'radius_mm': 7.0, 'lead_mm': 3.0, 'anchor_trim_mm': 2.0, 'waypoint_xy_mm': [-8.0, 7.0]}
SWAP_UPPER_OPTION 3 31 {'pin': 3, 'radius_mm': 7.0, 'lead_mm': 3.0, 'anchor_trim_mm': 2.0, 'waypoint_xy_mm': [-10.0, 7.0]}
SWAP_UPPER_OPTION 3 32 {'pin': 3, 'radius_mm': 7.0, 'lead_mm': 3.0, 'anchor_trim_mm': 2.0, 'waypoint_xy_mm': [-7.0, 7.0]}
SWAP_UPPER_OPTION 3 33 {'pin': 3, 'radius_mm': 7.0, 'lead_mm': 3.0, 'anchor_trim_mm': 4.0, 'waypoint_xy_mm': [-8.0, 7.0]}
SWAP_UPPER_OPTION 3 34 {'pin': 3, 'radius_mm': 7.0, 'lead_mm': 3.0, 'anchor_trim_mm': 4.0, 'waypoint_xy_mm': [-7.0, 7.0]}
SWAP_UPPER_PIN 3 34 168
SWAP_UPPER_OPTION 4 1 {'pin': 4, 'radius_mm': 7.0, 'lead_mm': 10.5, 'anchor_trim_mm': 4.0, 'waypoint_xy_mm': [-8.0, 7.0]}
SWAP_UPPER_OPTION 4 2 {'pin': 4, 'radius_mm': 7.0, 'lead_mm': 15.0, 'anchor_trim_mm': 0.0, 'waypoint_xy_mm': None}
SWAP_UPPER_OPTION 4 3 {'pin': 4, 'radius_mm': 7.0, 'lead_mm': 15.0, 'anchor_trim_mm': 2.0, 'waypoint_xy_mm': None}
SWAP_UPPER_OPTION 4 4 {'pin': 4, 'radius_mm': 7.0, 'lead_mm': 15.0, 'anchor_trim_mm': 4.0, 'waypoint_xy_mm': None}
SWAP_UPPER_OPTION 4 5 {'pin': 4, 'radius_mm': 7.0, 'lead_mm': 10.5, 'anchor_trim_mm': 0.0, 'waypoint_xy_mm': None}
SWAP_UPPER_OPTION 4 6 {'pin': 4, 'radius_mm': 7.0, 'lead_mm': 10.5, 'anchor_trim_mm': 2.0, 'waypoint_xy_mm': None}
SWAP_UPPER_OPTION 4 7 {'pin': 4, 'radius_mm': 7.0, 'lead_mm': 10.5, 'anchor_trim_mm': 4.0, 'waypoint_xy_mm': None}
SWAP_UPPER_OPTION 4 8 {'pin': 4, 'radius_mm': 7.0, 'lead_mm': 10.5, 'anchor_trim_mm': 4.0, 'waypoint_xy_mm': [-9.0, 7.0]}
SWAP_UPPER_OPTION 4 9 {'pin': 4, 'radius_mm': 7.0, 'lead_mm': 10.5, 'anchor_trim_mm': 4.0, 'waypoint_xy_mm': [-10.0, 7.0]}
SWAP_UPPER_OPTION 4 10 {'pin': 4, 'radius_mm': 7.0, 'lead_mm': 0.0, 'anchor_trim_mm': 0.0, 'waypoint_xy_mm': None}
SWAP_UPPER_OPTION 4 11 {'pin': 4, 'radius_mm': 7.0, 'lead_mm': 0.0, 'anchor_trim_mm': 0.0, 'waypoint_xy_mm': [-9.0, 7.0]}
SWAP_UPPER_OPTION 4 12 {'pin': 4, 'radius_mm': 7.0, 'lead_mm': 0.0, 'anchor_trim_mm': 0.0, 'waypoint_xy_mm': [-8.0, 7.0]}
SWAP_UPPER_OPTION 4 13 {'pin': 4, 'radius_mm': 7.0, 'lead_mm': 0.0, 'anchor_trim_mm': 0.0, 'waypoint_xy_mm': [-10.0, 7.0]}
SWAP_UPPER_OPTION 4 14 {'pin': 4, 'radius_mm': 7.0, 'lead_mm': 0.0, 'anchor_trim_mm': 0.0, 'waypoint_xy_mm': [-7.0, 7.0]}
SWAP_UPPER_OPTION 4 15 {'pin': 4, 'radius_mm': 7.0, 'lead_mm': 0.0, 'anchor_trim_mm': 2.0, 'waypoint_xy_mm': None}
SWAP_UPPER_OPTION 4 16 {'pin': 4, 'radius_mm': 7.0, 'lead_mm': 0.0, 'anchor_trim_mm': 2.0, 'waypoint_xy_mm': [-9.0, 7.0]}
SWAP_UPPER_OPTION 4 17 {'pin': 4, 'radius_mm': 7.0, 'lead_mm': 0.0, 'anchor_trim_mm': 2.0, 'waypoint_xy_mm': [-8.0, 7.0]}
SWAP_UPPER_OPTION 4 18 {'pin': 4, 'radius_mm': 7.0, 'lead_mm': 0.0, 'anchor_trim_mm': 2.0, 'waypoint_xy_mm': [-10.0, 7.0]}
SWAP_UPPER_OPTION 4 19 {'pin': 4, 'radius_mm': 7.0, 'lead_mm': 0.0, 'anchor_trim_mm': 2.0, 'waypoint_xy_mm': [-7.0, 7.0]}
SWAP_UPPER_OPTION 4 20 {'pin': 4, 'radius_mm': 7.0, 'lead_mm': 0.0, 'anchor_trim_mm': 4.0, 'waypoint_xy_mm': None}
SWAP_UPPER_OPTION 4 21 {'pin': 4, 'radius_mm': 7.0, 'lead_mm': 0.0, 'anchor_trim_mm': 4.0, 'waypoint_xy_mm': [-9.0, 7.0]}
SWAP_UPPER_OPTION 4 22 {'pin': 4, 'radius_mm': 7.0, 'lead_mm': 0.0, 'anchor_trim_mm': 4.0, 'waypoint_xy_mm': [-8.0, 7.0]}
SWAP_UPPER_OPTION 4 23 {'pin': 4, 'radius_mm': 7.0, 'lead_mm': 0.0, 'anchor_trim_mm': 4.0, 'waypoint_xy_mm': [-10.0, 7.0]}
SWAP_UPPER_OPTION 4 24 {'pin': 4, 'radius_mm': 7.0, 'lead_mm': 0.0, 'anchor_trim_mm': 4.0, 'waypoint_xy_mm': [-7.0, 7.0]}
SWAP_UPPER_OPTION 4 25 {'pin': 4, 'radius_mm': 7.0, 'lead_mm': 6.0, 'anchor_trim_mm': 0.0, 'waypoint_xy_mm': [-9.0, 7.0]}
SWAP_UPPER_OPTION 4 26 {'pin': 4, 'radius_mm': 7.0, 'lead_mm': 6.0, 'anchor_trim_mm': 0.0, 'waypoint_xy_mm': [-8.0, 7.0]}
SWAP_UPPER_OPTION 4 27 {'pin': 4, 'radius_mm': 7.0, 'lead_mm': 6.0, 'anchor_trim_mm': 0.0, 'waypoint_xy_mm': [-10.0, 7.0]}
SWAP_UPPER_OPTION 4 28 {'pin': 4, 'radius_mm': 7.0, 'lead_mm': 6.0, 'anchor_trim_mm': 0.0, 'waypoint_xy_mm': [-7.0, 7.0]}
SWAP_UPPER_OPTION 4 29 {'pin': 4, 'radius_mm': 7.0, 'lead_mm': 6.0, 'anchor_trim_mm': 2.0, 'waypoint_xy_mm': [-9.0, 7.0]}
SWAP_UPPER_OPTION 4 30 {'pin': 4, 'radius_mm': 7.0, 'lead_mm': 6.0, 'anchor_trim_mm': 2.0, 'waypoint_xy_mm': [-8.0, 7.0]}
SWAP_UPPER_OPTION 4 31 {'pin': 4, 'radius_mm': 7.0, 'lead_mm': 6.0, 'anchor_trim_mm': 2.0, 'waypoint_xy_mm': [-10.0, 7.0]}
SWAP_UPPER_OPTION 4 32 {'pin': 4, 'radius_mm': 7.0, 'lead_mm': 6.0, 'anchor_trim_mm': 2.0, 'waypoint_xy_mm': [-7.0, 7.0]}
SWAP_UPPER_OPTION 4 33 {'pin': 4, 'radius_mm': 7.0, 'lead_mm': 6.0, 'anchor_trim_mm': 4.0, 'waypoint_xy_mm': [-9.0, 7.0]}
SWAP_UPPER_OPTION 4 34 {'pin': 4, 'radius_mm': 7.0, 'lead_mm': 6.0, 'anchor_trim_mm': 4.0, 'waypoint_xy_mm': [-8.0, 7.0]}
SWAP_UPPER_OPTION 4 35 {'pin': 4, 'radius_mm': 7.0, 'lead_mm': 6.0, 'anchor_trim_mm': 4.0, 'waypoint_xy_mm': [-10.0, 7.0]}
SWAP_UPPER_OPTION 4 36 {'pin': 4, 'radius_mm': 7.0, 'lead_mm': 6.0, 'anchor_trim_mm': 4.0, 'waypoint_xy_mm': [-7.0, 7.0]}
SWAP_UPPER_OPTION 4 37 {'pin': 4, 'radius_mm': 7.0, 'lead_mm': 3.0, 'anchor_trim_mm': 0.0, 'waypoint_xy_mm': [-9.0, 7.0]}
SWAP_UPPER_OPTION 4 38 {'pin': 4, 'radius_mm': 7.0, 'lead_mm': 3.0, 'anchor_trim_mm': 0.0, 'waypoint_xy_mm': [-8.0, 7.0]}
SWAP_UPPER_OPTION 4 39 {'pin': 4, 'radius_mm': 7.0, 'lead_mm': 3.0, 'anchor_trim_mm': 0.0, 'waypoint_xy_mm': [-10.0, 7.0]}
SWAP_UPPER_OPTION 4 40 {'pin': 4, 'radius_mm': 7.0, 'lead_mm': 3.0, 'anchor_trim_mm': 0.0, 'waypoint_xy_mm': [-7.0, 7.0]}
SWAP_UPPER_OPTION 4 41 {'pin': 4, 'radius_mm': 7.0, 'lead_mm': 3.0, 'anchor_trim_mm': 2.0, 'waypoint_xy_mm': [-9.0, 7.0]}
SWAP_UPPER_OPTION 4 42 {'pin': 4, 'radius_mm': 7.0, 'lead_mm': 3.0, 'anchor_trim_mm': 2.0, 'waypoint_xy_mm': [-8.0, 7.0]}
SWAP_UPPER_OPTION 4 43 {'pin': 4, 'radius_mm': 7.0, 'lead_mm': 3.0, 'anchor_trim_mm': 2.0, 'waypoint_xy_mm': [-10.0, 7.0]}
SWAP_UPPER_OPTION 4 44 {'pin': 4, 'radius_mm': 7.0, 'lead_mm': 3.0, 'anchor_trim_mm': 2.0, 'waypoint_xy_mm': [-7.0, 7.0]}
SWAP_UPPER_OPTION 4 45 {'pin': 4, 'radius_mm': 7.0, 'lead_mm': 3.0, 'anchor_trim_mm': 4.0, 'waypoint_xy_mm': [-7.0, 7.0]}
SWAP_UPPER_PIN 4 45 55
SWAP_UPPER_DONE PASS 58.90863800048828
Blender 5.2.2 LTS (hash d13f752e3b9c built 2026-09-15 01:49:19)

Blender quit
