00:00.254  blend            | Read blend: "/Users/dean/Documents/MORI/mechanical/mori_v1_2.blend"
CAM_FPC_CORRECTION_POSE -60 new_interferences 0
CAM_FPC_CORRECTION_POSE -50 new_interferences 0
CAM_FPC_CORRECTION_POSE -40 new_interferences 0
CAM_FPC_CORRECTION_POSE -30 new_interferences 0
CAM_FPC_CORRECTION_POSE -20 new_interferences 0
CAM_FPC_CORRECTION_POSE -10 new_interferences 0
CAM_FPC_CORRECTION_POSE 0 new_interferences 0
CAM_FPC_CORRECTION_POSE 10 new_interferences 0
CAM_FPC_CORRECTION_POSE 20 new_interferences 0
CAM_FPC_CORRECTION_POSE 30 new_interferences 0
CAM_FPC_CORRECTION_POSE 40 new_interferences 0
CAM_FPC_CORRECTION_POSE 50 new_interferences 0
CAM_FPC_CORRECTION_POSE 60 new_interferences 0
00:17.009  render           | Saved: '/Users/dean/Documents/MORI/mechanical/studies/prearrival_finish/head_harness_M1_49/remaining_routes/static_flex/connector_faces/correction/before_SD.png'
00:17.105  render           | Saved: '/Users/dean/Documents/MORI/mechanical/studies/prearrival_finish/head_harness_M1_49/remaining_routes/static_flex/connector_faces/correction/before_IC.png'
00:17.195  render           | Saved: '/Users/dean/Documents/MORI/mechanical/studies/prearrival_finish/head_harness_M1_49/remaining_routes/static_flex/connector_faces/correction/corrected_SD.png'
00:17.284  render           | Saved: '/Users/dean/Documents/MORI/mechanical/studies/prearrival_finish/head_harness_M1_49/remaining_routes/static_flex/connector_faces/correction/corrected_IC.png'
信息: 已另存为 "MORI_M1_49_CAM_corrected_entries.blend"
CAM_FPC_CORRECTION_DONE PASS
Blender 5.2.2 LTS (hash d13f752e3b9c built 2026-09-15 01:49:19)

Blender quit
