00:00.305  blend            | Read blend: "/Users/dean/Documents/MORI/mechanical/mori_v1_2.blend"
CONNECTOR_RESTRAINT_NATIVE body 0
CONNECTOR_RESTRAINT_NATIVE yaw 1
CONNECTOR_RESTRAINT_NATIVE pitch 1
CONNECTOR_RESTRAINT_WIRES -60 0
CONNECTOR_RESTRAINT_WIRES -50 0
CONNECTOR_RESTRAINT_WIRES -40 0
CONNECTOR_RESTRAINT_WIRES -30 0
CONNECTOR_RESTRAINT_WIRES -20 0
CONNECTOR_RESTRAINT_WIRES -10 0
CONNECTOR_RESTRAINT_WIRES 0 0
CONNECTOR_RESTRAINT_WIRES 10 0
CONNECTOR_RESTRAINT_WIRES 20 0
CONNECTOR_RESTRAINT_WIRES 30 0
CONNECTOR_RESTRAINT_WIRES 40 0
CONNECTOR_RESTRAINT_WIRES 50 0
CONNECTOR_RESTRAINT_WIRES 60 0
CONNECTOR_RESTRAINT_DONE BLOCKED 13.010869026184082
Blender 5.2.2 LTS (hash d13f752e3b9c built 2026-09-15 01:49:19)

Blender quit
