00:00.319  blend            | Read blend: "/Users/dean/Documents/MORI/mechanical/mori_v1_2.blend"
SIDE_FAN 1 0.0 PASS pool []
SIDE_FAN 1 0.5 PASS pool []
SIDE_FAN 1 1.0 PASS pool []
SIDE_FAN 1 1.5 PASS pool []
SIDE_FAN 1 2.0 PASS pool []
SIDE_FAN 2 0.0 PASS pool []
SIDE_FAN 2 0.5 PASS pool []
SIDE_FAN 2 1.0 PASS pool []
SIDE_FAN 2 1.5 PASS pool []
SIDE_FAN 2 2.0 PASS pool []
SIDE_FAN 3 0.0 PASS pool []
SIDE_FAN 3 1.0 PASS pool []
SIDE_FAN 3 2.0 PASS pool []
SIDE_FAN 3 4.0 PASS pool []
SIDE_FAN 3 6.0 PASS pool []
SIDE_FAN 3 8.0 PASS pool []
SIDE_FAN 3 10.0 PASS pool []
SIDE_FAN 4 0.0 PASS pool []
SIDE_FAN 4 1.0 PASS pool []
SIDE_FAN 4 2.0 PASS pool []
SIDE_FAN 4 4.0 PASS pool []
SIDE_FAN 4 6.0 PASS pool []
SIDE_FAN 4 8.0 PASS pool []
SIDE_FAN 4 10.0 PASS pool []
SIDE_FAN_JOIN_SELF 1 0
SIDE_FAN_JOIN_SELF 2 0
SIDE_FAN_JOIN_SELF 3 0
SIDE_FAN_JOIN_SELF 4 0
CAM_SIDE_FANS_DONE PASS {1: 5, 2: 5, 3: 7, 4: 7} [{'pin': 1, 'min_mm': 208.56426206099098, 'max_mm': 208.56426514301, 'range_mm': 3.082019020439475e-06}, {'pin': 2, 'min_mm': 210.5192984531788, 'max_mm': 210.51930167725357, 'range_mm': 3.224074760055373e-06}, {'pin': 3, 'min_mm': 213.9695474228389, 'max_mm': 213.96955080708096, 'range_mm': 3.38424206347554e-06}, {'pin': 4, 'min_mm': 217.3735950091205, 'max_mm': 217.37359847334395, 'range_mm': 3.4642234538750927e-06}] 298.04277873039246
Blender 5.2.2 LTS (hash d13f752e3b9c built 2026-09-15 01:49:19)

Blender quit
