00:00.310  blend            | Read blend: "/Users/dean/Documents/MORI/mechanical/mori_v1_2.blend"
SLIDING_GUIDE_NATIVE body 0
SLIDING_GUIDE_NATIVE yaw 1
SLIDING_GUIDE_NATIVE pitch 1
SLIDING_GUIDE_WIRES -60 0
SLIDING_GUIDE_WIRES -50 0
SLIDING_GUIDE_WIRES -40 0
SLIDING_GUIDE_WIRES -30 0
SLIDING_GUIDE_WIRES -20 0
SLIDING_GUIDE_WIRES -10 0
SLIDING_GUIDE_WIRES 0 0
SLIDING_GUIDE_WIRES 10 0
SLIDING_GUIDE_WIRES 20 0
SLIDING_GUIDE_WIRES 30 0
SLIDING_GUIDE_WIRES 40 0
SLIDING_GUIDE_WIRES 50 0
SLIDING_GUIDE_WIRES 60 0
SLIDING_GUIDE_DONE BLOCKED {'window_mm': [4.3, 2.0], 'guide_length_mm': 2.4, 'outer_mm': [7.3, 5.0, 2.4], 'mouth_flare_mm': 0.25, 'minimum_nominal_side_wall_mm': 1.25, 'root_x_mm': [-31.75, -28.9], 'root_y_mm': [-9.05, -4.5], 'root_top_z_mm': 230.6, 'role': 'Axially sliding guide only; no gripping grooves or tie preload', 'added_printed_parts': 0, 'added_fasteners': 0, 'root_overlap_mm3': 6.6755856228353805, 'removed_mm3': 0.0, 'added_mm3': 90.12129928829668, 'components': [52856.06336809736], 'status': 'PASS'} [{'target': 'Pitch_Servo', 'group': 'yaw', 'angle': 0, 'overlap_mm3': 1.821237088130894, 'gap_mm': 0.0, 'status': 'BLOCKED'}] []
Blender 5.2.2 LTS (hash d13f752e3b9c built 2026-09-15 01:49:19)

Blender quit
