00:00.258  blend            | Read blend: "/Users/dean/Documents/MORI/mechanical/mori_v1_2.blend"
COMPENSATED_NATIVE 1 -60 0
COMPENSATED_NATIVE 1 -50 0
COMPENSATED_NATIVE 1 -40 0
COMPENSATED_NATIVE 1 -30 0
COMPENSATED_NATIVE 1 -20 0
COMPENSATED_NATIVE 1 -10 0
COMPENSATED_NATIVE 1 0 0
COMPENSATED_NATIVE 1 10 0
COMPENSATED_NATIVE 1 20 0
COMPENSATED_NATIVE 1 30 0
COMPENSATED_NATIVE 1 40 0
COMPENSATED_NATIVE 1 50 0
COMPENSATED_NATIVE 1 60 0
COMPENSATED_NATIVE 2 -60 0
COMPENSATED_NATIVE 2 -50 0
COMPENSATED_NATIVE 2 -40 0
COMPENSATED_NATIVE 2 -30 0
COMPENSATED_NATIVE 2 -20 0
COMPENSATED_NATIVE 2 -10 0
COMPENSATED_NATIVE 2 0 0
COMPENSATED_NATIVE 2 10 0
COMPENSATED_NATIVE 2 20 0
COMPENSATED_NATIVE 2 30 0
COMPENSATED_NATIVE 2 40 0
COMPENSATED_NATIVE 2 50 0
COMPENSATED_NATIVE 2 60 0
COMPENSATED_NATIVE 3 -60 0
COMPENSATED_NATIVE 3 -50 0
COMPENSATED_NATIVE 3 -40 0
COMPENSATED_NATIVE 3 -30 0
COMPENSATED_NATIVE 3 -20 0
COMPENSATED_NATIVE 3 -10 0
COMPENSATED_NATIVE 3 0 0
COMPENSATED_NATIVE 3 10 0
COMPENSATED_NATIVE 3 20 0
COMPENSATED_NATIVE 3 30 0
COMPENSATED_NATIVE 3 40 0
COMPENSATED_NATIVE 3 50 0
COMPENSATED_NATIVE 3 60 0
COMPENSATED_NATIVE 4 -60 0
COMPENSATED_NATIVE 4 -50 0
COMPENSATED_NATIVE 4 -40 0
COMPENSATED_NATIVE 4 -30 0
COMPENSATED_NATIVE 4 -20 0
COMPENSATED_NATIVE 4 -10 0
COMPENSATED_NATIVE 4 0 0
COMPENSATED_NATIVE 4 10 0
COMPENSATED_NATIVE 4 20 0
COMPENSATED_NATIVE 4 30 0
COMPENSATED_NATIVE 4 40 0
COMPENSATED_NATIVE 4 50 0
COMPENSATED_NATIVE 4 60 0
COMPENSATED_LOOPS_DONE BLOCKED 0 441 86.3547191619873
Blender 5.2.2 LTS (hash d13f752e3b9c built 2026-09-15 01:49:19)

Blender quit
