00:00.316  blend            | Read blend: "/Users/dean/Documents/MORI/mechanical/mori_v1_2.blend"
CAMERA_FPC_CORRIDOR R3_F2.5_O1.4_W6.6 FAIL [{'target': 'Display_Frame', 'overlap_mm3': 2.004238736794522, 'gap_mm': 0.0, 'gap_search_cap_mm': 1.0}]
CAMERA_FPC_CORRIDOR R3_F2.5_O1.4_W12.5 FAIL [{'target': 'Display_Frame', 'overlap_mm3': 4.890718035638745, 'gap_mm': 0.0, 'gap_search_cap_mm': 1.0}]
CAMERA_FPC_CORRIDOR R3_F2.5_O1.8_W6.6 FAIL [{'target': 'Display_Frame', 'overlap_mm3': 2.00423873679454, 'gap_mm': 0.0, 'gap_search_cap_mm': 1.0}]
CAMERA_FPC_CORRIDOR R3_F2.5_O1.8_W12.5 FAIL [{'target': 'Display_Frame', 'overlap_mm3': 4.890718035638672, 'gap_mm': 0.0, 'gap_search_cap_mm': 1.0}]
CAMERA_FPC_CORRIDOR R3_F3_O1.4_W6.6 FAIL [{'target': 'Display_Frame', 'overlap_mm3': 0.3631722142030377, 'gap_mm': 0.0, 'gap_search_cap_mm': 1.0}]
CAMERA_FPC_CORRIDOR R3_F3_O1.4_W12.5 FAIL [{'target': 'Display_Frame', 'overlap_mm3': 1.7800777543298552, 'gap_mm': 0.0, 'gap_search_cap_mm': 1.0}]
CAMERA_FPC_CORRIDOR R3_F3_O1.8_W6.6 FAIL [{'target': 'Display_Frame', 'overlap_mm3': 0.36317221420309664, 'gap_mm': 0.0, 'gap_search_cap_mm': 1.0}]
CAMERA_FPC_CORRIDOR R3_F3_O1.8_W12.5 FAIL [{'target': 'Display_Frame', 'overlap_mm3': 1.7800777543299688, 'gap_mm': 0.0, 'gap_search_cap_mm': 1.0}]
CAMERA_FPC_CORRIDOR R3.5_F2.5_O1.4_W6.6 FAIL [{'target': 'Display_Frame', 'overlap_mm3': 2.004238736794387, 'gap_mm': 0.0, 'gap_search_cap_mm': 1.0}]
CAMERA_FPC_CORRIDOR R3.5_F2.5_O1.4_W12.5 FAIL [{'target': 'Display_Frame', 'overlap_mm3': 4.890718035638674, 'gap_mm': 0.0, 'gap_search_cap_mm': 1.0}]
CAMERA_FPC_CORRIDOR R3.5_F2.5_O1.8_W6.6 FAIL [{'target': 'Display_Frame', 'overlap_mm3': 2.0042387367945023, 'gap_mm': 0.0, 'gap_search_cap_mm': 1.0}]
CAMERA_FPC_CORRIDOR R3.5_F2.5_O1.8_W12.5 FAIL [{'target': 'Display_Frame', 'overlap_mm3': 4.890718035638541, 'gap_mm': 0.0, 'gap_search_cap_mm': 1.0}]
CAMERA_FPC_CORRIDOR R3.5_F3_O1.4_W6.6 FAIL [{'target': 'Display_Frame', 'overlap_mm3': 0.36317221420313345, 'gap_mm': 0.0, 'gap_search_cap_mm': 1.0}]
CAMERA_FPC_CORRIDOR R3.5_F3_O1.4_W12.5 FAIL [{'target': 'Display_Frame', 'overlap_mm3': 1.7800777543299577, 'gap_mm': 0.0, 'gap_search_cap_mm': 1.0}]
CAMERA_FPC_CORRIDOR R3.5_F3_O1.8_W6.6 FAIL [{'target': 'Display_Frame', 'overlap_mm3': 0.36317221420306617, 'gap_mm': 0.0, 'gap_search_cap_mm': 1.0}]
CAMERA_FPC_CORRIDOR R3.5_F3_O1.8_W12.5 FAIL [{'target': 'Display_Frame', 'overlap_mm3': 1.7800777543296833, 'gap_mm': 0.0, 'gap_search_cap_mm': 1.0}]
CAMERA_FPC_CORRIDOR_DONE BLOCKED
Blender 5.2.2 LTS (hash d13f752e3b9c built 2026-09-15 01:49:19)

Blender quit
