00:00.324  blend            | Read blend: "/Users/dean/Documents/MORI/mechanical/mori_v1_2.blend"
PARALLEL_SEARCH 1000 pair_cache 20408 failed_states 42
PARALLEL_PROPOSAL 1 ['thermothin2622:P_J9_3_slot0_lead5_0', 'rearward_power_all:P_J9_1_slot1_lead6.8_5', 'thermothin2622:P_J9_2_slot2_lead5_4', 'power_parallel:P_J18_1_slot4_lead5_24', 'power_parallel:P_J18_2_slot5_lead5_30']
PARALLEL_VERIFY thermothin2622:P_J9_3_slot0_lead5_0 PASS
PARALLEL_VERIFY rearward_power_all:P_J9_1_slot1_lead6.8_5 PASS
PARALLEL_VERIFY thermothin2622:P_J9_2_slot2_lead5_4 BLOCKED
PARALLEL_SEARCH 2000 pair_cache 60853 failed_states 17
PARALLEL_SEARCH 3000 pair_cache 60853 failed_states 52
PARALLEL_PROPOSAL 2 ['thermothin2622:P_J9_3_slot0_lead5_4', 'rearward_power_all:P_J9_1_slot1_lead5.6_7', 'thermothin2622:P_J9_2_slot2_lead5_10', 'power_parallel:P_J18_1_slot4_lead5_24', 'power_parallel:P_J18_2_slot5_lead5_30']
PARALLEL_VERIFY thermothin2622:P_J9_3_slot0_lead5_4 PASS
PARALLEL_VERIFY rearward_power_all:P_J9_1_slot1_lead5.6_7 PASS
PARALLEL_VERIFY thermothin2622:P_J9_2_slot2_lead5_10 PASS
PARALLEL_VERIFY power_parallel:P_J18_1_slot4_lead5_24 PASS
PARALLEL_VERIFY power_parallel:P_J18_2_slot5_lead5_30 PASS
PARALLEL_FINAL -60 0
PARALLEL_FINAL -50 0
PARALLEL_FINAL -40 0
PARALLEL_FINAL -30 0
PARALLEL_FINAL -20 0
PARALLEL_FINAL -10 0
PARALLEL_FINAL 0 0
PARALLEL_FINAL 10 0
PARALLEL_FINAL 20 0
PARALLEL_FINAL 30 0
PARALLEL_FINAL 40 0
PARALLEL_FINAL 50 0
PARALLEL_FINAL 60 0
PARALLEL_DONE PASS seconds 94.33474087715149
Blender 5.2.2 LTS (hash d13f752e3b9c built 2026-09-15 01:49:19)

Blender quit
