00:00.258  blend            | Read blend: "/Users/dean/Documents/MORI/mechanical/mori_v1_2.blend"
HIGHER_NECK 142.0 0.6 slot 0 hits 0
HIGHER_NECK 142.0 0.6 slot 1 hits 0
HIGHER_NECK 142.0 0.6 slot 2 hits 0
HIGHER_NECK 142.0 0.6 slot 3 hits 0
HIGHER_NECK 142.0 0.6 slot 4 hits 0
HIGHER_NECK 142.0 0.6 slot 5 hits 0
HIGHER_NECK 142.0 0.6 slot 6 hits 0
HIGHER_NECK 142.0 0.6 slot 7 hits 0
HIGHER_NECK 142.0 0.6 slot 8 hits 0
HIGHER_NECK 142.0 0.6 slot 9 hits 0
HIGHER_NECK 142.0 0.6 slot 10 hits 0
HIGHER_NECK_DONE 142.0 PASS
HIGHER_NECK 143.5 0.9 slot 0 hits 0
HIGHER_NECK 143.5 0.9 slot 1 hits 0
HIGHER_NECK 143.5 0.9 slot 2 hits 0
HIGHER_NECK 143.5 0.9 slot 3 hits 0
HIGHER_NECK 143.5 0.9 slot 4 hits 0
HIGHER_NECK 143.5 0.9 slot 5 hits 0
HIGHER_NECK 143.5 0.9 slot 6 hits 0
HIGHER_NECK 143.5 0.9 slot 7 hits 0
HIGHER_NECK 143.5 0.9 slot 8 hits 0
HIGHER_NECK 143.5 0.9 slot 9 hits 0
HIGHER_NECK 143.5 0.9 slot 10 hits 0
HIGHER_NECK_DONE 143.5 PASS
Blender 5.2.2 LTS (hash d13f752e3b9c built 2026-09-15 01:49:19)

Blender quit
