00:00.310  blend            | Read blend: "/Users/dean/Documents/MORI/mechanical/mori_v1_2.blend"
NINE_POOL P_J9_1_slot0_lead5 entry 28 exit 13 found 150 kept 24
NINE_POOL P_J9_1_slot1_lead5 entry 28 exit 12 found 151 kept 24
NINE_POOL P_J9_1_slot2_lead5 entry 28 exit 12 found 151 kept 24
NINE_POOL P_J9_1_slot6_lead5 entry 28 exit 12 found 147 kept 24
NINE_POOL P_J9_1_slot0_lead5.6 entry 36 exit 13 found 197 kept 24
NINE_POOL P_J9_1_slot1_lead5.6 entry 36 exit 12 found 197 kept 24
NINE_POOL P_J9_1_slot2_lead5.6 entry 36 exit 12 found 196 kept 24
NINE_POOL P_J9_1_slot6_lead5.6 entry 36 exit 12 found 196 kept 24
NINE_POOL P_J9_1_slot0_lead6.2 entry 36 exit 13 found 202 kept 24
NINE_POOL P_J9_1_slot1_lead6.2 entry 36 exit 12 found 203 kept 24
NINE_POOL P_J9_1_slot2_lead6.2 entry 36 exit 12 found 202 kept 24
NINE_POOL P_J9_1_slot6_lead6.2 entry 36 exit 12 found 203 kept 24
NINE_POOL P_J9_2_slot0_lead5 entry 20 exit 13 found 117 kept 24
NINE_POOL P_J9_2_slot1_lead5 entry 20 exit 12 found 119 kept 24
NINE_POOL P_J9_2_slot2_lead5 entry 20 exit 12 found 118 kept 24
NINE_POOL P_J9_2_slot6_lead5 entry 20 exit 12 found 117 kept 24
NINE_POOL P_J9_2_slot0_lead5.6 entry 21 exit 13 found 126 kept 24
NINE_POOL P_J9_2_slot1_lead5.6 entry 21 exit 12 found 126 kept 24
NINE_POOL P_J9_2_slot2_lead5.6 entry 21 exit 12 found 125 kept 24
NINE_POOL P_J9_2_slot6_lead5.6 entry 21 exit 12 found 125 kept 24
NINE_POOL P_J9_2_slot0_lead6.2 entry 22 exit 13 found 132 kept 24
NINE_POOL P_J9_2_slot1_lead6.2 entry 22 exit 12 found 132 kept 24
NINE_POOL P_J9_2_slot2_lead6.2 entry 22 exit 12 found 132 kept 24
NINE_POOL P_J9_2_slot6_lead6.2 entry 22 exit 12 found 131 kept 24
NINE_POOL P_J9_3_slot0_lead5 entry 6 exit 13 found 30 kept 8
NINE_POOL P_J9_3_slot1_lead5 entry 6 exit 12 found 30 kept 9
NINE_POOL P_J9_3_slot2_lead5 entry 6 exit 12 found 30 kept 8
NINE_POOL P_J9_3_slot6_lead5 entry 6 exit 12 found 30 kept 6
NINE_POOL P_J9_3_slot0_lead5.6 entry 0 exit 13 found 0 kept 0
NINE_POOL P_J9_3_slot1_lead5.6 entry 0 exit 12 found 0 kept 0
NINE_POOL P_J9_3_slot2_lead5.6 entry 0 exit 12 found 0 kept 0
NINE_POOL P_J9_3_slot6_lead5.6 entry 0 exit 12 found 0 kept 0
NINE_POOL P_J9_3_slot0_lead6.2 entry 0 exit 13 found 0 kept 0
NINE_POOL P_J9_3_slot1_lead6.2 entry 0 exit 12 found 0 kept 0
NINE_POOL P_J9_3_slot2_lead6.2 entry 0 exit 12 found 0 kept 0
NINE_POOL P_J9_3_slot6_lead6.2 entry 0 exit 12 found 0 kept 0
NINE_POOL P_J18_1_slot3_lead5 entry 36 exit 23 found 162 kept 24
NINE_POOL P_J18_1_slot4_lead5 entry 36 exit 26 found 162 kept 24
NINE_POOL P_J18_1_slot5_lead5 entry 36 exit 26 found 162 kept 24
NINE_POOL P_J18_1_slot3_lead5.6 entry 36 exit 23 found 158 kept 24
NINE_POOL P_J18_1_slot4_lead5.6 entry 36 exit 26 found 158 kept 24
NINE_POOL P_J18_1_slot5_lead5.6 entry 36 exit 25 found 158 kept 24
NINE_POOL P_J18_1_slot3_lead6.2 entry 35 exit 22 found 158 kept 24
NINE_POOL P_J18_1_slot4_lead6.2 entry 35 exit 26 found 158 kept 24
NINE_POOL P_J18_1_slot5_lead6.2 entry 35 exit 25 found 158 kept 24
NINE_POOL P_J18_2_slot3_lead5 entry 36 exit 23 found 178 kept 24
NINE_POOL P_J18_2_slot4_lead5 entry 36 exit 26 found 178 kept 24
NINE_POOL P_J18_2_slot5_lead5 entry 36 exit 26 found 178 kept 24
NINE_POOL P_J18_2_slot3_lead5.6 entry 36 exit 23 found 176 kept 24
NINE_POOL P_J18_2_slot4_lead5.6 entry 36 exit 26 found 176 kept 24
NINE_POOL P_J18_2_slot5_lead5.6 entry 36 exit 25 found 176 kept 24
NINE_POOL P_J18_2_slot3_lead6.2 entry 36 exit 22 found 176 kept 24
NINE_POOL P_J18_2_slot4_lead6.2 entry 36 exit 26 found 176 kept 24
NINE_POOL P_J18_2_slot5_lead6.2 entry 36 exit 25 found 176 kept 24
NINE_POOL CAM_1_slot10_lead5 entry 20 exit 16 found 54 kept 13
NINE_POOL CAM_1_slot10_lead6.05 entry 15 exit 16 found 24 kept 8
NINE_POOL CAM_1_slot10_lead7.1 entry 14 exit 15 found 22 kept 6
NINE_POOL CAM_2_slot7_lead5 entry 21 exit 17 found 60 kept 16
NINE_POOL CAM_2_slot7_lead6.05 entry 15 exit 16 found 26 kept 7
NINE_POOL CAM_2_slot7_lead7.1 entry 13 exit 16 found 22 kept 6
NINE_POOL CAM_3_slot9_lead5 entry 18 exit 27 found 42 kept 12
NINE_POOL CAM_3_slot9_lead6.05 entry 17 exit 27 found 40 kept 12
NINE_POOL CAM_3_slot9_lead7.1 entry 17 exit 27 found 36 kept 11
NINE_POOL CAM_4_slot8_lead5 entry 22 exit 25 found 58 kept 13
NINE_POOL CAM_4_slot8_lead6.05 entry 21 exit 26 found 52 kept 13
NINE_POOL CAM_4_slot8_lead7.1 entry 20 exit 26 found 42 kept 8
NINE_POOL_DONE PASS 1164
Blender 5.2.2 LTS (hash d13f752e3b9c built 2026-09-15 01:49:19)

Blender quit
