00:00.337  blend            | Read blend: "/Users/dean/Documents/MORI/mechanical/mori_v1_2.blend"
ORDER_UPPER_LOWER_DONE True 5720
ORDER_UPPER_PREFILTER pin1_candidate29 PASS
ORDER_UPPER_PREFILTER pin2_candidate7 PASS
ORDER_UPPER_PREFILTER pin1_candidate25 PASS
ORDER_UPPER_PREFILTER pin2_candidate17 PASS
ORDER_UPPER_PREFILTER pin2_candidate3 PASS
ORDER_UPPER_PREFILTER pin2_candidate8 PASS
ORDER_UPPER_PREFILTER pin1_candidate26 PASS
ORDER_UPPER_PREFILTER pin1_candidate27 PASS
ORDER_UPPER_PREFILTER pin1_candidate28 PASS
ORDER_UPPER_PREFILTER pin1_candidate19 PASS
ORDER_UPPER_PREFILTER pin1_candidate20 PASS
ORDER_UPPER_PREFILTER pin1_candidate21 PASS
ORDER_UPPER_PREFILTER pin1_candidate22 PASS
ORDER_UPPER_PREFILTER pin2_candidate35 PASS
ORDER_UPPER_PREFILTER pin1_candidate23 PASS
ORDER_UPPER_PREFILTER pin1_candidate24 PASS
ORDER_UPPER_PREFILTER pin1_candidate13 PASS
ORDER_UPPER_PREFILTER pin1_candidate16 PASS
ORDER_UPPER_PREFILTER pin1_candidate11 PASS
ORDER_UPPER_PREFILTER pin1_candidate12 PASS
ORDER_UPPER_PREFILTER pin2_candidate25 PASS
ORDER_UPPER_PREFILTER pin1_candidate14 PASS
ORDER_UPPER_PREFILTER pin1_candidate15 PASS
ORDER_UPPER_PREFILTER pin1_candidate17 PASS
ORDER_UPPER_PREFILTER pin1_candidate18 PASS
ORDER_UPPER_PREFILTER pin1_candidate0 PASS
ORDER_UPPER_PREFILTER pin1_candidate1 PASS
ORDER_UPPER_PREFILTER pin1_candidate2 PASS
ORDER_UPPER_PREFILTER pin2_candidate14 PASS
ORDER_UPPER_PREFILTER pin2_candidate18 PASS
ORDER_UPPER_PREFILTER pin2_candidate0 PASS
ORDER_UPPER_PREFILTER pin2_candidate4 PASS
ORDER_UPPER_PREFILTER pin2_candidate9 PASS
ORDER_UPPER_PREFILTER pin1_candidate3 PASS
ORDER_UPPER_PREFILTER pin1_candidate4 PASS
ORDER_UPPER_PREFILTER pin1_candidate5 PASS
ORDER_UPPER_PREFILTER pin1_candidate6 PASS
ORDER_UPPER_PREFILTER pin1_candidate7 PASS
ORDER_UPPER_PREFILTER pin1_candidate8 PASS
ORDER_UPPER_PREFILTER pin1_candidate9 PASS
ORDER_UPPER_PREFILTER pin1_candidate10 PASS
ORDER_UPPER_PREFILTER pin1_candidate30 PASS
ORDER_UPPER_PREFILTER pin1_candidate31 PASS
ORDER_UPPER_PREFILTER pin1_candidate32 PASS
ORDER_UPPER_PREFILTER pin1_candidate33 PASS
ORDER_UPPER_PREFILTER pin1_candidate34 PASS
ORDER_UPPER_PREFILTER pin1_candidate35 PASS
ORDER_UPPER_PACK_DONE BLOCKED 103.70929098129272
Blender 5.2.2 LTS (hash d13f752e3b9c built 2026-09-15 01:49:19)

Blender quit
