00:00.348  blend            | Read blend: "/Users/dean/Documents/MORI/mechanical/mori_v1_2.blend"
ORDER_UPPER_LOWER_DONE True 5720
ORDER_UPPER_PREFILTER cross_order_pin1_candidate7 BLOCKED
ORDER_UPPER_PREFILTER cross_order_pin1_candidate11 BLOCKED
ORDER_UPPER_PREFILTER cross_order_pin1_candidate15 BLOCKED
ORDER_UPPER_PREFILTER cross_order_pin1_candidate18 BLOCKED
ORDER_UPPER_PREFILTER cross_order_pin1_candidate19 BLOCKED
ORDER_UPPER_PREFILTER cross_order_pin1_candidate22 BLOCKED
ORDER_UPPER_PREFILTER cross_order_pin1_candidate25 BLOCKED
ORDER_UPPER_PREFILTER cross_order_pin1_candidate28 BLOCKED
ORDER_UPPER_PREFILTER cross_order_pin1_candidate31 BLOCKED
ORDER_UPPER_PREFILTER cross_order_pin1_candidate8 PASS
ORDER_UPPER_PREFILTER cross_order_pin1_candidate12 PASS
ORDER_UPPER_PREFILTER cross_order_pin1_candidate16 PASS
ORDER_UPPER_PREFILTER cross_order_pin1_candidate20 BLOCKED
ORDER_UPPER_PREFILTER cross_order_pin1_candidate23 BLOCKED
ORDER_UPPER_PREFILTER cross_order_pin1_candidate26 BLOCKED
ORDER_UPPER_PREFILTER cross_order_pin1_candidate29 BLOCKED
ORDER_UPPER_PREFILTER cross_order_pin1_candidate32 BLOCKED
ORDER_UPPER_PREFILTER cross_order_pin1_candidate9 PASS
ORDER_UPPER_PREFILTER cross_order_pin1_candidate13 PASS
ORDER_UPPER_PREFILTER cross_order_pin1_candidate17 PASS
ORDER_UPPER_PREFILTER cross_order_pin1_candidate21 BLOCKED
ORDER_UPPER_PREFILTER cross_order_pin1_candidate24 BLOCKED
ORDER_UPPER_PREFILTER cross_order_pin1_candidate27 BLOCKED
ORDER_UPPER_PREFILTER cross_order_pin1_candidate30 BLOCKED
ORDER_UPPER_PREFILTER cross_order_pin1_candidate33 BLOCKED
ORDER_UPPER_PREFILTER cross_order_pin1_candidate0 BLOCKED
ORDER_UPPER_PREFILTER cross_order_pin1_candidate1 BLOCKED
ORDER_UPPER_PREFILTER cross_order_pin1_candidate2 BLOCKED
ORDER_UPPER_PREFILTER cross_order_pin1_candidate3 BLOCKED
ORDER_UPPER_PREFILTER cross_order_pin1_candidate4 BLOCKED
ORDER_UPPER_PREFILTER cross_order_pin1_candidate5 BLOCKED
ORDER_UPPER_PREFILTER cross_order_pin1_candidate6 BLOCKED
ORDER_UPPER_PREFILTER cross_order_pin1_candidate10 BLOCKED
ORDER_UPPER_PREFILTER cross_order_pin1_candidate14 BLOCKED
ORDER_UPPER_PACK_DONE BLOCKED 45.68140888214111
Blender 5.2.2 LTS (hash d13f752e3b9c built 2026-09-15 01:49:19)

Blender quit
