00:00.253  blend            | Read blend: "/Users/dean/Documents/MORI/mechanical/mori_v1_2.blend"
NINE_PROPOSAL 1 ['P_J9_3_slot1_lead5_2', 'P_J9_2_slot0_lead5.6_0', 'P_J9_1_slot2_lead5_13', 'c6_entry_CAM_3_slot7_lead7.1_61', 'c6_entry_CAM_4_slot10_lead7.1_6', 'c6_entry_CAM_2_slot8_lead5_17', 'c6_entry_CAM_1_slot9_lead6.05_18', 'P_J18_2_slot4_lead5_0', 'P_J18_1_slot5_lead5_10']
NINE_VERIFY P_J9_3_slot1_lead5_2 {'id': 'P_J9_3_slot1_lead5_2', 'status': 'BLOCKED', 'failure': {'kind': 'self', 'yaw': -60, 'status': 'BLOCKED', 'i': 256, 'j': 949, 'distance_mm': 1.5109833478927612, 'required_bound_mm': 1.528555250165658, 'point_mm': [25.723955470650086, -6.851136259945816, 142.44000244140625]}}
NINE_PROPOSAL 2 ['P_J9_3_slot1_lead5_5', 'P_J9_2_slot0_lead5.6_10', 'P_J9_1_slot2_lead5_5', 'c6_entry_CAM_1_slot9_lead7.1_0', 'c6_entry_CAM_2_slot8_lead6.05_40', 'c6_entry_CAM_3_slot7_lead6.05_56', 'c6_entry_CAM_4_slot10_lead5_15', 'P_J18_2_slot4_lead5_0', 'P_J18_1_slot5_lead5_10']
NINE_VERIFY P_J9_3_slot1_lead5_5 {'id': 'P_J9_3_slot1_lead5_5', 'status': 'BLOCKED', 'failure': {'kind': 'self', 'yaw': -60, 'status': 'BLOCKED', 'i': 255, 'j': 1157, 'distance_mm': 1.5246444940567017, 'required_bound_mm': 1.5285853406757313, 'point_mm': [25.75, -6.895834970768581, 142.44000244140625]}}
NINE_PROPOSAL 3 ['P_J9_3_slot2_lead5_3', 'P_J9_2_slot1_lead5.6_10', 'P_J9_1_slot0_lead6.2_0', 'c6_entry_CAM_2_slot8_lead6.05_40', 'c6_entry_CAM_3_slot7_lead6.05_56', 'c6_entry_CAM_1_slot9_lead7.1_29', 'c6_entry_CAM_4_slot10_lead7.1_6', 'P_J18_2_slot4_lead5_0', 'P_J18_1_slot5_lead5_10']
NINE_VERIFY P_J9_3_slot2_lead5_3 {'id': 'P_J9_3_slot2_lead5_3', 'status': 'PASS', 'failure': None}
NINE_VERIFY P_J9_2_slot1_lead5.6_10 {'id': 'P_J9_2_slot1_lead5.6_10', 'status': 'PASS', 'failure': None}
NINE_VERIFY P_J9_1_slot0_lead6.2_0 {'id': 'P_J9_1_slot0_lead6.2_0', 'status': 'BLOCKED', 'failure': {'kind': 'self', 'yaw': -60, 'status': 'BLOCKED', 'i': 244, 'j': 957, 'distance_mm': 1.5279148817062378, 'required_bound_mm': 1.5286040525554125, 'point_mm': [19.607926304834002, -10.926416003623437, 143.37823385559628]}}
NINE_PROPOSAL 4 ['P_J9_3_slot2_lead5_3', 'P_J9_2_slot0_lead5.6_10', 'P_J9_1_slot1_lead5_3', 'c6_entry_CAM_1_slot9_lead7.1_29', 'c6_entry_CAM_3_slot7_lead6.05_56', 'c6_entry_CAM_2_slot8_lead6.05_40', 'c6_entry_CAM_4_slot10_lead7.1_6', 'P_J18_2_slot4_lead5_0', 'P_J18_1_slot5_lead5_10']
NINE_VERIFY P_J9_2_slot0_lead5.6_10 {'id': 'P_J9_2_slot0_lead5.6_10', 'status': 'PASS', 'failure': None}
NINE_VERIFY P_J9_1_slot1_lead5_3 {'id': 'P_J9_1_slot1_lead5_3', 'status': 'PASS', 'failure': None}
NINE_VERIFY c6_entry_CAM_1_slot9_lead7.1_29 {'id': 'c6_entry_CAM_1_slot9_lead7.1_29', 'status': 'PASS', 'failure': None}
NINE_VERIFY c6_entry_CAM_3_slot7_lead6.05_56 {'id': 'c6_entry_CAM_3_slot7_lead6.05_56', 'status': 'PASS', 'failure': None}
NINE_VERIFY c6_entry_CAM_2_slot8_lead6.05_40 {'id': 'c6_entry_CAM_2_slot8_lead6.05_40', 'status': 'PASS', 'failure': None}
NINE_VERIFY c6_entry_CAM_4_slot10_lead7.1_6 {'id': 'c6_entry_CAM_4_slot10_lead7.1_6', 'status': 'PASS', 'failure': None}
NINE_VERIFY P_J18_2_slot4_lead5_0 {'id': 'P_J18_2_slot4_lead5_0', 'status': 'PASS', 'failure': None}
NINE_VERIFY P_J18_1_slot5_lead5_10 {'id': 'P_J18_1_slot5_lead5_10', 'status': 'PASS', 'failure': None}
NINE_FINAL -60 0
NINE_FINAL -50 0
NINE_FINAL -40 0
NINE_FINAL -30 0
NINE_FINAL -20 0
NINE_FINAL -10 0
NINE_FINAL 0 0
NINE_FINAL 10 0
NINE_FINAL 20 0
NINE_FINAL 30 0
NINE_FINAL 40 0
NINE_FINAL 50 0
NINE_FINAL 60 0
NINE_COMBINED_DONE PASS 255.51758694648743
Blender 5.2.2 LTS (hash d13f752e3b9c built 2026-09-15 01:49:19)

Blender quit
