00:00.604  blend            | Read blend: "/Users/dean/Documents/MORI/mechanical/mori_v1_2.blend"
ORDER_UPPER_LOWER_DONE True 5720
ORDER_UPPER_PREFILTER diverse_pin1_candidate0 PASS
ORDER_UPPER_PREFILTER diverse_pin2_candidate1 PASS
ORDER_UPPER_PREFILTER diverse_pin2_candidate9 PASS
ORDER_UPPER_PREFILTER diverse_pin2_candidate11 PASS
ORDER_UPPER_PREFILTER diverse_pin2_candidate13 PASS
ORDER_UPPER_PREFILTER diverse_pin1_candidate1 PASS
ORDER_UPPER_PREFILTER diverse_pin2_candidate0 PASS
ORDER_UPPER_PREFILTER diverse_pin2_candidate8 PASS
ORDER_UPPER_PREFILTER diverse_pin2_candidate10 PASS
ORDER_UPPER_PREFILTER diverse_pin2_candidate12 PASS
ORDER_UPPER_PREFILTER diverse_pin1_candidate3 PASS
ORDER_UPPER_PREFILTER diverse_pin1_candidate5 PASS
ORDER_UPPER_PREFILTER diverse_pin1_candidate7 PASS
ORDER_UPPER_PREFILTER diverse_pin1_candidate8 PASS
ORDER_UPPER_PREFILTER diverse_pin1_candidate10 PASS
ORDER_UPPER_PREFILTER diverse_pin1_candidate12 PASS
ORDER_UPPER_PREFILTER diverse_pin1_candidate14 PASS
ORDER_UPPER_PREFILTER diverse_pin1_candidate2 PASS
ORDER_UPPER_PREFILTER diverse_pin1_candidate4 PASS
ORDER_UPPER_PREFILTER diverse_pin1_candidate6 PASS
ORDER_UPPER_PREFILTER diverse_pin1_candidate9 PASS
ORDER_UPPER_PREFILTER diverse_pin1_candidate11 PASS
ORDER_UPPER_PREFILTER diverse_pin1_candidate13 PASS
ORDER_UPPER_PREFILTER diverse_pin1_candidate15 PASS
ORDER_UPPER_PREFILTER diverse_pin1_candidate16 PASS
ORDER_UPPER_PACK_DONE BLOCKED 75.96480989456177
Blender 5.2.2 LTS (hash d13f752e3b9c built 2026-09-15 01:49:19)

Blender quit
