00:00.293  blend            | Read blend: "/Users/dean/Documents/MORI/mechanical/mori_v1_2.blend"
PARALLEL_SEARCH 1000 pair_cache 20408 failed_states 42
PARALLEL_PROPOSAL 1 ['thermothin2622:P_J9_3_slot0_lead5_0', 'rearward_power_all:P_J9_1_slot1_lead6.8_5', 'thermothin2622:P_J9_2_slot2_lead5_4', 'power_parallel:P_J18_1_slot4_lead5_24', 'power_parallel:P_J18_2_slot5_lead5_30']
PARALLEL_VERIFY thermothin2622:P_J9_3_slot0_lead5_0 BLOCKED
PARALLEL_SEARCH 2000 pair_cache 60853 failed_states 17
PARALLEL_SEARCH 3000 pair_cache 60853 failed_states 52
PARALLEL_PROPOSAL 2 ['thermothin2622:P_J9_3_slot0_lead5_1', 'rearward_power_all:P_J9_1_slot1_lead6.8_5', 'thermothin2622:P_J9_2_slot2_lead5_4', 'power_parallel:P_J18_1_slot4_lead5_24', 'power_parallel:P_J18_2_slot5_lead5_30']
PARALLEL_VERIFY thermothin2622:P_J9_3_slot0_lead5_1 BLOCKED
PARALLEL_SEARCH 4000 pair_cache 62303 failed_states 38
PARALLEL_PROPOSAL 3 ['thermothin2622:P_J9_3_slot0_lead5_2', 'rearward_power_all:P_J9_1_slot1_lead6.8_5', 'thermothin2622:P_J9_2_slot2_lead5_4', 'power_parallel:P_J18_1_slot4_lead5_24', 'power_parallel:P_J18_2_slot5_lead5_30']
PARALLEL_VERIFY thermothin2622:P_J9_3_slot0_lead5_2 BLOCKED
PARALLEL_SEARCH 5000 pair_cache 71390 failed_states 13
PARALLEL_SEARCH 6000 pair_cache 71390 failed_states 50
PARALLEL_PROPOSAL 4 ['thermothin2622:P_J9_3_slot0_lead5_3', 'rearward_power_all:P_J9_1_slot1_lead6.8_5', 'thermothin2622:P_J9_2_slot2_lead5_4', 'power_parallel:P_J18_1_slot4_lead5_24', 'power_parallel:P_J18_2_slot5_lead5_30']
PARALLEL_VERIFY thermothin2622:P_J9_3_slot0_lead5_3 BLOCKED
PARALLEL_SEARCH 7000 pair_cache 72840 failed_states 33
PARALLEL_PROPOSAL 5 ['thermothin2622:P_J9_3_slot0_lead5_4', 'rearward_power_all:P_J9_1_slot1_lead5.6_7', 'thermothin2622:P_J9_2_slot2_lead5_10', 'power_parallel:P_J18_1_slot4_lead5_24', 'power_parallel:P_J18_2_slot5_lead5_30']
PARALLEL_VERIFY thermothin2622:P_J9_3_slot0_lead5_4 BLOCKED
PARALLEL_SEARCH 8000 pair_cache 75664 failed_states 6
PARALLEL_SEARCH 9000 pair_cache 75664 failed_states 47
PARALLEL_PROPOSAL 6 ['thermothin2622:P_J9_3_slot0_lead5_5', 'rearward_power_all:P_J9_1_slot1_lead6.8_5', 'thermothin2622:P_J9_2_slot2_lead5_4', 'power_parallel:P_J18_1_slot4_lead5_24', 'power_parallel:P_J18_2_slot5_lead5_30']
PARALLEL_VERIFY thermothin2622:P_J9_3_slot0_lead5_5 BLOCKED
PARALLEL_SEARCH 10000 pair_cache 77945 failed_states 29
PARALLEL_PROPOSAL 7 ['thermothin2622:P_J9_3_slot0_lead5_10', 'rearward_power_all:P_J9_1_slot1_lead6.8_5', 'thermothin2622:P_J9_2_slot2_lead5_4', 'power_parallel:P_J18_1_slot4_lead5_24', 'power_parallel:P_J18_2_slot5_lead5_30']
PARALLEL_VERIFY thermothin2622:P_J9_3_slot0_lead5_10 BLOCKED
PARALLEL_SEARCH 11000 pair_cache 81891 failed_states 2
PARALLEL_SEARCH 12000 pair_cache 81891 failed_states 44
PARALLEL_DONE BLOCKED seconds 49.86347794532776
Blender 5.2.2 LTS (hash d13f752e3b9c built 2026-09-15 01:49:19)

Blender quit
