00:00.311  blend            | Read blend: "/Users/dean/Documents/MORI/mechanical/mori_v1_2.blend"
POWER_DELAYED 0 BLOCKED yaw_native 7.933256648235427 [{'yaw': 0, 'pitch': 0, 'group': 'yaw', 'object': 'Pitch_Yoke', 'point_mm': [-6.093907216470219, -13.488834418614115, 196.87625], 'surface_distance_mm': 0.8981466889381409, 'required_bound_mm': 0.8992618658478324}] []
POWER_DELAYED 1 BLOCKED yaw_native 8.146021836192231 [{'yaw': 0, 'pitch': 0, 'group': 'yaw', 'object': 'Pitch_Yoke', 'point_mm': [-5.926736221948705, -13.128122294701686, 196.76291666666665], 'surface_distance_mm': 0.8953195214271545, 'required_bound_mm': 0.8992620076772014}] []
POWER_DELAYED 2 BLOCKED yaw_native 8.333589277580884 [{'yaw': 0, 'pitch': 0, 'group': 'yaw', 'object': 'Pitch_Yoke', 'point_mm': [-5.76157312155547, -12.767104228729371, 196.69208333333333], 'surface_distance_mm': 0.8969150185585022, 'required_bound_mm': 0.8992621495065706}] []
POWER_DELAYED 3 BLOCKED bend 5.59734618959138 [] []
POWER_DELAYED 4 BLOCKED bend 6.551339515160219 [] []
POWER_DELAYED 5 BLOCKED bend 4.501871061023665 [] []
POWER_DELAYED 6 BLOCKED bend 5.598742423362863 [] []
POWER_DELAYED 7 BLOCKED yaw_native 8.83575233397616 [{'yaw': 0, 'pitch': 0, 'group': 'yaw', 'object': 'Pitch_Yoke', 'point_mm': [-6.093907216470219, -13.81017723347187, 196.87625], 'surface_distance_mm': 0.8981466889381409, 'required_bound_mm': 0.8992622944017237}] []
POWER_DELAYED 8 BLOCKED yaw_native 8.83575233397616 [{'yaw': 0, 'pitch': 0, 'group': 'yaw', 'object': 'Pitch_Yoke', 'point_mm': [-6.1024563837346415, -13.834130585648435, 195.57999999999998], 'surface_distance_mm': 0.8979623913764954, 'required_bound_mm': 0.8992621877394219}] []
POWER_DELAYED 9 BLOCKED yaw_native 7.030191739823823 [{'yaw': 0, 'pitch': 0, 'group': 'yaw', 'object': 'Pitch_Yoke', 'point_mm': [-6.2901722771309805, -13.950202964778436, 197.12416666666667], 'surface_distance_mm': 0.8976154923439026, 'required_bound_mm': 0.8992624428061657}] []
POWER_DELAYED 10 BLOCKED pairs 8.18316855414043 [] [(5, 9, 60)]
POWER_DELAYED 11 BLOCKED bend 5.528515760122533 [] []
POWER_DELAYED 12 BLOCKED bend 6.507832351148959 [] []
POWER_DELAYED 13 BLOCKED bend 4.43043993835413 [] []
POWER_DELAYED 14 BLOCKED bend 5.466997938630045 [] []
POWER_DELAYED 15 BLOCKED yaw_native 8.83575233397616 [{'yaw': 0, 'pitch': 0, 'group': 'yaw', 'object': 'Pitch_Yoke', 'point_mm': [-5.926736221948705, -13.426946930531761, 196.76291666666665], 'surface_distance_mm': 0.8953195214271545, 'required_bound_mm': 0.8992624362310928}] []
POWER_DELAYED 16 BLOCKED yaw_native 8.83575233397616 [{'yaw': 0, 'pitch': 0, 'group': 'yaw', 'object': 'Pitch_Yoke', 'point_mm': [-5.926736221948705, -13.709132123879268, 196.76291666666665], 'surface_distance_mm': 0.8953195214271545, 'required_bound_mm': 0.899262329568791}] []
POWER_DELAYED 17 BLOCKED bend 6.833993194616106 [] []
POWER_DELAYED 18 BLOCKED yaw_native 8.032724145601197 [{'yaw': 0, 'pitch': 0, 'group': 'yaw', 'object': 'Pitch_Yoke', 'point_mm': [-6.262916716985719, -13.936259016316505, 197.07458333333335], 'surface_distance_mm': 0.8989238142967224, 'required_bound_mm': 0.8992624410370164}] []
POWER_DELAYED 19 BLOCKED bend 5.449646833136449 [] []
POWER_DELAYED 20 BLOCKED bend 6.441767535116355 [] []
POWER_DELAYED 21 BLOCKED bend 4.355472136195255 [] []
POWER_DELAYED 22 BLOCKED bend 5.331317614753718 [] []
POWER_DELAYED 23 BLOCKED yaw_native 8.729944000997495 [{'yaw': 0, 'pitch': 0, 'group': 'yaw', 'object': 'Pitch_Yoke', 'point_mm': [-5.76157312155547, -13.052254872508858, 196.69208333333333], 'surface_distance_mm': 0.8969150185585022, 'required_bound_mm': 0.899262578060462}] []
POWER_DELAYED 24 BLOCKED yaw_native 8.83575233397616 [{'yaw': 0, 'pitch': 0, 'group': 'yaw', 'object': 'Pitch_Yoke', 'point_mm': [-5.76157312155547, -13.332328843496008, 196.69208333333333], 'surface_distance_mm': 0.8969150185585022, 'required_bound_mm': 0.8992624713981601}] []
POWER_DELAYED 25 BLOCKED bend 6.629692495615113 [] []
POWER_DELAYED 26 BLOCKED yaw_native 7.857060308730694 [{'yaw': 0, 'pitch': 0, 'group': 'yaw', 'object': 'Pitch_Yoke', 'point_mm': [-6.066067992543836, -13.515235387526157, 196.85500000000002], 'surface_distance_mm': 0.8963639736175537, 'required_bound_mm': 0.8992625828663855}] []
POWER_DELAYED_DONE BLOCKED 12.028872013092041
Blender 5.2.2 LTS (hash d13f752e3b9c built 2026-09-15 01:49:19)

Blender quit
