00:00.339  blend            | Read blend: "/Users/dean/Documents/MORI/mechanical/mori_v1_2.blend"
STAGGER_NECK_SLOT 147.0 0.6 0 hits 0
STAGGER_NECK_SLOT 147.0 0.6 1 hits 0
STAGGER_NECK_SLOT 147.0 0.6 2 hits 0
STAGGER_NECK_SLOT 147.0 0.6 3 hits 0
STAGGER_NECK_SLOT 147.0 0.6 4 hits 0
STAGGER_NECK_SLOT 147.0 0.6 5 hits 0
STAGGER_NECK_SLOT 147.0 0.6 6 hits 1
STAGGER_NECK_SLOT 147.0 0.6 7 hits 1
STAGGER_NECK_SLOT 147.0 0.6 8 hits 1
STAGGER_NECK_SLOT 147.0 0.6 9 hits 1
STAGGER_NECK_SLOT 147.0 0.6 10 hits 1
STAGGER_NECK_DONE 147.0 0.6 BLOCKED
STAGGER_NECK_SLOT 148.0 0.6 0 hits 0
STAGGER_NECK_SLOT 148.0 0.6 1 hits 0
STAGGER_NECK_SLOT 148.0 0.6 2 hits 0
STAGGER_NECK_SLOT 148.0 0.6 3 hits 0
STAGGER_NECK_SLOT 148.0 0.6 4 hits 0
STAGGER_NECK_SLOT 148.0 0.6 5 hits 0
STAGGER_NECK_SLOT 148.0 0.6 6 hits 1
STAGGER_NECK_SLOT 148.0 0.6 7 hits 1
STAGGER_NECK_SLOT 148.0 0.6 8 hits 1
STAGGER_NECK_SLOT 148.0 0.6 9 hits 1
STAGGER_NECK_SLOT 148.0 0.6 10 hits 1
STAGGER_NECK_DONE 148.0 0.6 BLOCKED
Blender 5.2.2 LTS (hash d13f752e3b9c built 2026-09-15 01:49:19)

Blender quit
