00:00.324  blend            | Read blend: "/Users/dean/Documents/MORI/mechanical/mori_v1_2.blend"
POWER_PREFIX_POOL P_J9_1_slot0_lead5 entry 17 exit 3 found 0 kept 0
POWER_PREFIX_POOL P_J9_1_slot1_lead5 entry 17 exit 0 found 0 kept 0
POWER_PREFIX_POOL P_J9_1_slot2_lead5 entry 17 exit 0 found 0 kept 0
POWER_PREFIX_POOL P_J9_1_slot6_lead5 entry 17 exit 3 found 14 kept 12
POWER_PREFIX_POOL P_J9_1_slot0_lead6.8 entry 0 exit 0 found 0 kept 0
POWER_PREFIX_POOL P_J9_1_slot1_lead6.8 entry 0 exit 0 found 0 kept 0
POWER_PREFIX_POOL P_J9_1_slot2_lead6.8 entry 0 exit 0 found 0 kept 0
POWER_PREFIX_POOL P_J9_1_slot6_lead6.8 entry 0 exit 0 found 0 kept 0
POWER_PREFIX_POOL P_J9_1_slot0_lead8.6 entry 0 exit 0 found 0 kept 0
POWER_PREFIX_POOL P_J9_1_slot1_lead8.6 entry 0 exit 0 found 0 kept 0
POWER_PREFIX_POOL P_J9_1_slot2_lead8.6 entry 0 exit 0 found 0 kept 0
POWER_PREFIX_POOL P_J9_1_slot6_lead8.6 entry 0 exit 0 found 0 kept 0
POWER_PREFIX_POOL P_J9_1_slot0_lead10.4 entry 0 exit 0 found 0 kept 0
POWER_PREFIX_POOL P_J9_1_slot1_lead10.4 entry 0 exit 0 found 0 kept 0
POWER_PREFIX_POOL P_J9_1_slot2_lead10.4 entry 0 exit 0 found 0 kept 0
POWER_PREFIX_POOL P_J9_1_slot6_lead10.4 entry 0 exit 0 found 0 kept 0
POWER_PREFIX_POOL P_J9_2_slot0_lead5 entry 11 exit 3 found 6 kept 6
POWER_PREFIX_POOL P_J9_2_slot1_lead5 entry 11 exit 0 found 0 kept 0
POWER_PREFIX_POOL P_J9_2_slot2_lead5 entry 11 exit 0 found 0 kept 0
POWER_PREFIX_POOL P_J9_2_slot6_lead5 entry 11 exit 3 found 15 kept 12
POWER_PREFIX_POOL P_J9_2_slot0_lead6.8 entry 0 exit 0 found 0 kept 0
POWER_PREFIX_POOL P_J9_2_slot1_lead6.8 entry 0 exit 0 found 0 kept 0
POWER_PREFIX_POOL P_J9_2_slot2_lead6.8 entry 0 exit 0 found 0 kept 0
POWER_PREFIX_POOL P_J9_2_slot6_lead6.8 entry 0 exit 0 found 0 kept 0
POWER_PREFIX_POOL P_J9_2_slot0_lead8.6 entry 0 exit 0 found 0 kept 0
POWER_PREFIX_POOL P_J9_2_slot1_lead8.6 entry 0 exit 0 found 0 kept 0
POWER_PREFIX_POOL P_J9_2_slot2_lead8.6 entry 0 exit 0 found 0 kept 0
POWER_PREFIX_POOL P_J9_2_slot6_lead8.6 entry 0 exit 0 found 0 kept 0
POWER_PREFIX_POOL P_J9_2_slot0_lead10.4 entry 0 exit 0 found 0 kept 0
POWER_PREFIX_POOL P_J9_2_slot1_lead10.4 entry 0 exit 0 found 0 kept 0
POWER_PREFIX_POOL P_J9_2_slot2_lead10.4 entry 0 exit 0 found 0 kept 0
POWER_PREFIX_POOL P_J9_2_slot6_lead10.4 entry 0 exit 0 found 0 kept 0
POWER_PREFIX_POOL P_J9_3_slot0_lead5 entry 2 exit 3 found 0 kept 0
POWER_PREFIX_POOL P_J9_3_slot1_lead5 entry 2 exit 0 found 0 kept 0
POWER_PREFIX_POOL P_J9_3_slot2_lead5 entry 2 exit 0 found 0 kept 0
POWER_PREFIX_POOL P_J9_3_slot6_lead5 entry 2 exit 3 found 0 kept 0
POWER_PREFIX_POOL P_J9_3_slot0_lead6.8 entry 0 exit 0 found 0 kept 0
POWER_PREFIX_POOL P_J9_3_slot1_lead6.8 entry 0 exit 0 found 0 kept 0
POWER_PREFIX_POOL P_J9_3_slot2_lead6.8 entry 0 exit 0 found 0 kept 0
POWER_PREFIX_POOL P_J9_3_slot6_lead6.8 entry 0 exit 0 found 0 kept 0
POWER_PREFIX_DONE PASS 30 seconds 42.99909806251526
Blender 5.2.2 LTS (hash d13f752e3b9c built 2026-09-15 01:49:19)

Blender quit
