00:00.286  blend            | Read blend: "/Users/dean/Documents/MORI/mechanical/mori_v1_2.blend"
POWER_PREFIX_POOL P_J9_1_slot0_lead5 entry 16 exit 3 found 9 kept 9
POWER_PREFIX_POOL P_J9_1_slot1_lead5 entry 16 exit 0 found 0 kept 0
POWER_PREFIX_POOL P_J9_1_slot2_lead5 entry 16 exit 0 found 0 kept 0
POWER_PREFIX_POOL P_J9_1_slot6_lead5 entry 16 exit 4 found 17 kept 12
POWER_PREFIX_POOL P_J9_1_slot0_lead5.6 entry 16 exit 3 found 7 kept 7
POWER_PREFIX_POOL P_J9_1_slot1_lead5.6 entry 16 exit 0 found 0 kept 0
POWER_PREFIX_POOL P_J9_1_slot2_lead5.6 entry 16 exit 0 found 0 kept 0
POWER_PREFIX_POOL P_J9_1_slot6_lead5.6 entry 16 exit 4 found 24 kept 12
POWER_PREFIX_POOL P_J9_1_slot0_lead6.2 entry 8 exit 3 found 0 kept 0
POWER_PREFIX_POOL P_J9_1_slot1_lead6.2 entry 8 exit 0 found 0 kept 0
POWER_PREFIX_POOL P_J9_1_slot2_lead6.2 entry 8 exit 0 found 0 kept 0
POWER_PREFIX_POOL P_J9_1_slot6_lead6.2 entry 8 exit 4 found 0 kept 0
POWER_PREFIX_POOL P_J9_2_slot0_lead5 entry 12 exit 3 found 21 kept 12
POWER_PREFIX_POOL P_J9_2_slot1_lead5 entry 12 exit 0 found 0 kept 0
POWER_PREFIX_POOL P_J9_2_slot2_lead5 entry 12 exit 0 found 0 kept 0
POWER_PREFIX_POOL P_J9_2_slot6_lead5 entry 12 exit 4 found 24 kept 12
POWER_PREFIX_POOL P_J9_2_slot0_lead5.6 entry 11 exit 3 found 24 kept 12
POWER_PREFIX_POOL P_J9_2_slot1_lead5.6 entry 11 exit 0 found 0 kept 0
POWER_PREFIX_POOL P_J9_2_slot2_lead5.6 entry 11 exit 0 found 0 kept 0
POWER_PREFIX_POOL P_J9_2_slot6_lead5.6 entry 11 exit 4 found 24 kept 12
POWER_PREFIX_POOL P_J9_2_slot0_lead6.2 entry 5 exit 3 found 24 kept 12
POWER_PREFIX_POOL P_J9_2_slot1_lead6.2 entry 5 exit 0 found 0 kept 0
POWER_PREFIX_POOL P_J9_2_slot2_lead6.2 entry 5 exit 0 found 0 kept 0
POWER_PREFIX_POOL P_J9_2_slot6_lead6.2 entry 5 exit 4 found 24 kept 12
POWER_PREFIX_POOL P_J9_3_slot0_lead5 entry 2 exit 3 found 6 kept 6
POWER_PREFIX_POOL P_J9_3_slot1_lead5 entry 2 exit 0 found 0 kept 0
POWER_PREFIX_POOL P_J9_3_slot2_lead5 entry 2 exit 0 found 0 kept 0
POWER_PREFIX_POOL P_J9_3_slot6_lead5 entry 2 exit 4 found 7 kept 7
POWER_PREFIX_POOL P_J9_3_slot0_lead5.6 entry 0 exit 3 found 0 kept 0
POWER_PREFIX_POOL P_J9_3_slot1_lead5.6 entry 0 exit 0 found 0 kept 0
POWER_PREFIX_POOL P_J9_3_slot2_lead5.6 entry 0 exit 0 found 0 kept 0
POWER_PREFIX_POOL P_J9_3_slot6_lead5.6 entry 0 exit 4 found 0 kept 0
POWER_PREFIX_POOL P_J9_3_slot0_lead6.2 entry 0 exit 3 found 0 kept 0
POWER_PREFIX_POOL P_J9_3_slot1_lead6.2 entry 0 exit 0 found 0 kept 0
POWER_PREFIX_POOL P_J9_3_slot2_lead6.2 entry 0 exit 0 found 0 kept 0
POWER_PREFIX_POOL P_J9_3_slot6_lead6.2 entry 0 exit 4 found 0 kept 0
POWER_PREFIX_DONE PASS 125 seconds 82.12004208564758
Blender 5.2.2 LTS (hash d13f752e3b9c built 2026-09-15 01:49:19)

Blender quit
