00:00.340  blend            | Read blend: "/Users/dean/Documents/MORI/mechanical/mori_v1_2.blend"
FLARE_NATIVE r17_R30 0 0
FLARE_NATIVE r17_R30 1 0
FLARE_NATIVE r17_R30 2 0
FLARE_NATIVE r17_R30 3 0
FLARE_NATIVE r17_R30 4 0
FLARE_NATIVE r17_R30 5 0
FLARE_NATIVE r17_R30 6 0
FLARE_NATIVE r17_R30 7 13
FLARE_NATIVE r17_R30 8 26
FLARE_NATIVE r17_R30 9 39
FLARE_NATIVE r17_R30 10 52
FLARE_CASE r17_R30 BLOCKED
FLARE_NATIVE r18_5_R20 0 0
FLARE_NATIVE r18_5_R20 1 0
FLARE_NATIVE r18_5_R20 2 0
FLARE_NATIVE r18_5_R20 3 0
FLARE_NATIVE r18_5_R20 4 0
FLARE_NATIVE r18_5_R20 5 0
FLARE_NATIVE r18_5_R20 6 0
FLARE_NATIVE r18_5_R20 7 13
FLARE_NATIVE r18_5_R20 8 26
FLARE_NATIVE r18_5_R20 9 39
FLARE_NATIVE r18_5_R20 10 52
FLARE_CASE r18_5_R20 BLOCKED
UPPER_FLARE_DONE BLOCKED 27.336326837539673
Blender 5.2.2 LTS (hash d13f752e3b9c built 2026-09-15 01:49:19)

Blender quit
