./src/common/stdpbase.cpp(59): assert ""traits"" failed in Get(): create wxApp before calling this
02:29:15 AM: Debug: Adding duplicate image handler for 'PNG file'
02:29:15 AM: Debug: Adding duplicate image handler for 'JPEG file'
02:29:15 AM: Debug: Adding duplicate image handler for 'TIFF file'
02:29:15 AM: Debug: Adding duplicate image handler for 'GIF file'
02:29:15 AM: Debug: Adding duplicate image handler for 'PNM file'
02:29:15 AM: Debug: Adding duplicate image handler for 'PCX file'
02:29:15 AM: Debug: Adding duplicate image handler for 'IFF file'
02:29:15 AM: Debug: Adding duplicate image handler for 'Windows icon file'
02:29:15 AM: Debug: Adding duplicate image handler for 'Windows cursor file'
02:29:15 AM: Debug: Adding duplicate image handler for 'Windows animated cursor file'
02:29:15 AM: Debug: Adding duplicate image handler for 'TGA file'
02:29:15 AM: Debug: Adding duplicate image handler for 'XPM file'
02:29:15 AM: Debug: Adding duplicate image handler for 'PNG file'
02:29:15 AM: Debug: Adding duplicate image handler for 'JPEG file'
02:29:15 AM: Debug: Adding duplicate image handler for 'TIFF file'
02:29:15 AM: Debug: Adding duplicate image handler for 'GIF file'
02:29:15 AM: Debug: Adding duplicate image handler for 'PNM file'
02:29:15 AM: Debug: Adding duplicate image handler for 'PCX file'
02:29:15 AM: Debug: Adding duplicate image handler for 'IFF file'
02:29:15 AM: Debug: Adding duplicate image handler for 'Windows icon file'
02:29:15 AM: Debug: Adding duplicate image handler for 'Windows cursor file'
02:29:15 AM: Debug: Adding duplicate image handler for 'Windows animated cursor file'
02:29:15 AM: Debug: Adding duplicate image handler for 'TGA file'
02:29:15 AM: Debug: Adding duplicate image handler for 'XPM file'
02:29:15 AM: Debug: Adding duplicate image handler for 'PNG file'
02:29:15 AM: Debug: Adding duplicate image handler for 'JPEG file'
02:29:15 AM: Debug: Adding duplicate image handler for 'TIFF file'
02:29:15 AM: Debug: Adding duplicate image handler for 'GIF file'
02:29:15 AM: Debug: Adding duplicate image handler for 'PNM file'
02:29:15 AM: Debug: Adding duplicate image handler for 'PCX file'
02:29:15 AM: Debug: Adding duplicate image handler for 'IFF file'
02:29:15 AM: Debug: Adding duplicate image handler for 'Windows icon file'
02:29:15 AM: Debug: Adding duplicate image handler for 'Windows cursor file'
02:29:15 AM: Debug: Adding duplicate image handler for 'Windows animated cursor file'
02:29:15 AM: Debug: Adding duplicate image handler for 'TGA file'
02:29:15 AM: Debug: Adding duplicate image handler for 'XPM file'
02:29:15 AM: Debug: Adding duplicate image handler for 'PNG file'
02:29:15 AM: Debug: Adding duplicate image handler for 'JPEG file'
02:29:15 AM: Debug: Adding duplicate image handler for 'TIFF file'
02:29:15 AM: Debug: Adding duplicate image handler for 'GIF file'
02:29:15 AM: Debug: Adding duplicate image handler for 'PNM file'
02:29:15 AM: Debug: Adding duplicate image handler for 'PCX file'
02:29:15 AM: Debug: Adding duplicate image handler for 'IFF file'
02:29:15 AM: Debug: Adding duplicate image handler for 'Windows icon file'
02:29:15 AM: Debug: Adding duplicate image handler for 'Windows cursor file'
02:29:15 AM: Debug: Adding duplicate image handler for 'Windows animated cursor file'
02:29:15 AM: Debug: Adding duplicate image handler for 'TGA file'
02:29:15 AM: Debug: Adding duplicate image handler for 'XPM file'
02:29:16 AM: Debug: Adding duplicate image handler for 'PNG file'
02:29:16 AM: Debug: Adding duplicate image handler for 'JPEG file'
02:29:16 AM: Debug: Adding duplicate image handler for 'TIFF file'
02:29:16 AM: Debug: Adding duplicate image handler for 'GIF file'
02:29:16 AM: Debug: Adding duplicate image handler for 'PNM file'
02:29:16 AM: Debug: Adding duplicate image handler for 'PCX file'
02:29:16 AM: Debug: Adding duplicate image handler for 'IFF file'
02:29:16 AM: Debug: Adding duplicate image handler for 'Windows icon file'
02:29:16 AM: Debug: Adding duplicate image handler for 'Windows cursor file'
02:29:16 AM: Debug: Adding duplicate image handler for 'Windows animated cursor file'
02:29:16 AM: Debug: Adding duplicate image handler for 'TGA file'
02:29:16 AM: Debug: Adding duplicate image handler for 'XPM file'
02:29:16 AM: Debug: Adding duplicate image handler for 'PNG file'
02:29:16 AM: Debug: Adding duplicate image handler for 'JPEG file'
02:29:16 AM: Debug: Adding duplicate image handler for 'TIFF file'
02:29:16 AM: Debug: Adding duplicate image handler for 'GIF file'
02:29:16 AM: Debug: Adding duplicate image handler for 'PNM file'
02:29:16 AM: Debug: Adding duplicate image handler for 'PCX file'
02:29:16 AM: Debug: Adding duplicate image handler for 'IFF file'
02:29:16 AM: Debug: Adding duplicate image handler for 'Windows icon file'
02:29:16 AM: Debug: Adding duplicate image handler for 'Windows cursor file'
02:29:16 AM: Debug: Adding duplicate image handler for 'Windows animated cursor file'
02:29:16 AM: Debug: Adding duplicate image handler for 'TGA file'
02:29:16 AM: Debug: Adding duplicate image handler for 'XPM file'
02:29:16 AM: Debug: Adding duplicate image handler for 'PNG file'
02:29:16 AM: Debug: Adding duplicate image handler for 'JPEG file'
02:29:16 AM: Debug: Adding duplicate image handler for 'TIFF file'
02:29:16 AM: Debug: Adding duplicate image handler for 'GIF file'
02:29:16 AM: Debug: Adding duplicate image handler for 'PNM file'
02:29:16 AM: Debug: Adding duplicate image handler for 'PCX file'
02:29:16 AM: Debug: Adding duplicate image handler for 'IFF file'
02:29:16 AM: Debug: Adding duplicate image handler for 'Windows icon file'
02:29:16 AM: Debug: Adding duplicate image handler for 'Windows cursor file'
02:29:16 AM: Debug: Adding duplicate image handler for 'Windows animated cursor file'
02:29:16 AM: Debug: Adding duplicate image handler for 'TGA file'
02:29:16 AM: Debug: Adding duplicate image handler for 'XPM file'
02:29:16 AM: Debug: Adding duplicate image handler for 'PNG file'
02:29:16 AM: Debug: Adding duplicate image handler for 'JPEG file'
02:29:16 AM: Debug: Adding duplicate image handler for 'TIFF file'
02:29:16 AM: Debug: Adding duplicate image handler for 'GIF file'
02:29:16 AM: Debug: Adding duplicate image handler for 'PNM file'
02:29:16 AM: Debug: Adding duplicate image handler for 'PCX file'
02:29:16 AM: Debug: Adding duplicate image handler for 'IFF file'
02:29:16 AM: Debug: Adding duplicate image handler for 'Windows icon file'
02:29:16 AM: Debug: Adding duplicate image handler for 'Windows cursor file'
02:29:16 AM: Debug: Adding duplicate image handler for 'Windows animated cursor file'
02:29:16 AM: Debug: Adding duplicate image handler for 'TGA file'
02:29:16 AM: Debug: Adding duplicate image handler for 'XPM file'
02:29:16 AM: Debug: Adding duplicate image handler for 'PNG file'
02:29:16 AM: Debug: Adding duplicate image handler for 'JPEG file'
02:29:16 AM: Debug: Adding duplicate image handler for 'TIFF file'
02:29:16 AM: Debug: Adding duplicate image handler for 'GIF file'
02:29:16 AM: Debug: Adding duplicate image handler for 'PNM file'
02:29:16 AM: Debug: Adding duplicate image handler for 'PCX file'
02:29:16 AM: Debug: Adding duplicate image handler for 'IFF file'
02:29:16 AM: Debug: Adding duplicate image handler for 'Windows icon file'
02:29:16 AM: Debug: Adding duplicate image handler for 'Windows cursor file'
02:29:16 AM: Debug: Adding duplicate image handler for 'Windows animated cursor file'
02:29:16 AM: Debug: Adding duplicate image handler for 'TGA file'
02:29:16 AM: Debug: Adding duplicate image handler for 'XPM file'
copper changes 60 interface pairs 15
