./src/common/stdpbase.cpp(59): assert ""traits"" failed in Get(): create wxApp before calling this
motion {'paths': 1, 'fail': 0}
02:29:16 AM: Debug: Adding duplicate image handler for 'PNG file'
02:29:16 AM: Debug: Adding duplicate image handler for 'JPEG file'
02:29:16 AM: Debug: Adding duplicate image handler for 'TIFF file'
02:29:16 AM: Debug: Adding duplicate image handler for 'GIF file'
02:29:16 AM: Debug: Adding duplicate image handler for 'PNM file'
02:29:16 AM: Debug: Adding duplicate image handler for 'PCX file'
02:29:16 AM: Debug: Adding duplicate image handler for 'IFF file'
02:29:16 AM: Debug: Adding duplicate image handler for 'Windows icon file'
02:29:16 AM: Debug: Adding duplicate image handler for 'Windows cursor file'
02:29:16 AM: Debug: Adding duplicate image handler for 'Windows animated cursor file'
02:29:16 AM: Debug: Adding duplicate image handler for 'TGA file'
02:29:16 AM: Debug: Adding duplicate image handler for 'XPM file'
imu {'paths': 1, 'fail': 0}
02:29:17 AM: Debug: Adding duplicate image handler for 'PNG file'
02:29:17 AM: Debug: Adding duplicate image handler for 'JPEG file'
02:29:17 AM: Debug: Adding duplicate image handler for 'TIFF file'
02:29:17 AM: Debug: Adding duplicate image handler for 'GIF file'
02:29:17 AM: Debug: Adding duplicate image handler for 'PNM file'
02:29:17 AM: Debug: Adding duplicate image handler for 'PCX file'
02:29:17 AM: Debug: Adding duplicate image handler for 'IFF file'
02:29:17 AM: Debug: Adding duplicate image handler for 'Windows icon file'
02:29:17 AM: Debug: Adding duplicate image handler for 'Windows cursor file'
02:29:17 AM: Debug: Adding duplicate image handler for 'Windows animated cursor file'
02:29:17 AM: Debug: Adding duplicate image handler for 'TGA file'
02:29:17 AM: Debug: Adding duplicate image handler for 'XPM file'
power {'paths': 22, 'fail': 0}
02:29:17 AM: Debug: Adding duplicate image handler for 'PNG file'
02:29:17 AM: Debug: Adding duplicate image handler for 'JPEG file'
02:29:17 AM: Debug: Adding duplicate image handler for 'TIFF file'
02:29:17 AM: Debug: Adding duplicate image handler for 'GIF file'
02:29:17 AM: Debug: Adding duplicate image handler for 'PNM file'
02:29:17 AM: Debug: Adding duplicate image handler for 'PCX file'
02:29:17 AM: Debug: Adding duplicate image handler for 'IFF file'
02:29:17 AM: Debug: Adding duplicate image handler for 'Windows icon file'
02:29:17 AM: Debug: Adding duplicate image handler for 'Windows cursor file'
02:29:17 AM: Debug: Adding duplicate image handler for 'Windows animated cursor file'
02:29:17 AM: Debug: Adding duplicate image handler for 'TGA file'
02:29:17 AM: Debug: Adding duplicate image handler for 'XPM file'
rear {'paths': 2, 'fail': 0}
