00:00.326  blend            | Read blend: "/Users/dean/Documents/MORI/mechanical/mori_v1_2.blend"
J10_C2 {"body_hits": [{"object": "Power/D30", "intersection_mm3": 11.046726}], "plug_hits": [{"object": "Power/D30", "intersection_mm3": 45.69384}], "full_wire_exit_corridor_hits": [{"object": "Power/D30", "intersection_mm3": 54.531147}, {"object": "Power/F70", "intersection_mm3": 9.763355}]}
STROKE 4.85 STRAIGHT ['Power/D30', 'Power/F70'] LIFT ['Power/D30', 'Power/F70']
STROKE 5.35 STRAIGHT ['Power/D30', 'Power/F70'] LIFT ['Power/D30', 'Power/F70']
STROKE 6.0 STRAIGHT ['Power/C65', 'Power/D30', 'Power/F70', 'Power/R60', 'Power/R61', 'Power/R70'] LIFT ['Power/C65', 'Power/D30', 'Power/F70', 'Power/R60', 'Power/R61', 'Power/R70']
STROKE 8.0 STRAIGHT ['Power/C65', 'Power/D30', 'Power/F70', 'Power/R60', 'Power/R61', 'Power/R70', 'Power/U60'] LIFT ['Power/C65', 'Power/D30', 'Power/F70', 'Power/R60', 'Power/R61', 'Power/R70', 'Power/U60']
STROKE 12.0 STRAIGHT ['Power/C65', 'Power/C66', 'Power/C72', 'Power/C76', 'Power/D30', 'Power/F70', 'Power/R60', 'Power/R61', 'Power/R70', 'Power/U60', 'Power/U70'] LIFT ['Power/C65', 'Power/C66', 'Power/C72', 'Power/C76', 'Power/F70', 'Power/R60', 'Power/R61', 'Power/R70', 'Power/U60', 'Power/U70']
BACKSIDE [{'reference': 'D30', 'board_bounds_mm': [[32.89, 30.935, -4.25], [39.11, 39.065, -1.6]], 'overlaps': []}, {'reference': 'F70', 'board_bounds_mm': [[29.03, 33.85, -4.69], [31.97, 40.15, -1.6]], 'overlaps': []}, {'reference': 'R50', 'board_bounds_mm': [[38.5, 23.5, -2.6], [40.5, 24.5, -1.6]], 'overlaps': []}] PLUG [] WIRE [] PATH_HITS 0
WIRE_Z 1.0 HITS [(1, ['Power/U60']), (2, ['Power/C66', 'Power/R60']), (3, ['Power/C66', 'Power/C65'])]
WIRE_Z 1.5 HITS [(2, ['Power/C66']), (3, ['Power/C66'])]
WIRE_Z 2.0 HITS [(2, ['Power/C66']), (3, ['Power/C66'])]
WIRE_Z 2.5 HITS [(2, ['Power/C66']), (3, ['Power/C66'])]
WIRE_Z 3.0 HITS []
WIRE_Z 3.5 HITS []
WIRE_Z 4.25 HITS []
ECO 1.5 0.508 []
ECO 1.5 1.2 []
ECO 1.5 2.4 []
ECO 1.5 3.6 []
ECO 1.5 4.292 []
ECO 3.0 0.508 [(3, ['Power/C65'])]
ECO 3.0 1.2 []
ECO 3.0 2.4 []
ECO 3.0 3.6 []
ECO 3.0 4.292 []
ECO 5.0 0.508 [(1, ['Power/U60']), (2, ['Power/C66', 'Power/R60']), (3, ['Power/C66', 'Power/C65', 'Power/R61'])]
ECO 5.0 1.2 [(2, ['Power/C66']), (3, ['Power/C66', 'Power/C65'])]
ECO 5.0 2.4 []
ECO 5.0 3.6 []
ECO 5.0 4.292 []
Blender 5.2.2 LTS (hash d13f752e3b9c built 2026-09-15 01:49:19)

Blender quit
