./src/common/stdpbase.cpp(59): assert ""traits"" failed in Get(): create wxApp before calling this
01:52:51 PM: Debug: Adding duplicate image handler for 'PNG file'
01:52:51 PM: Debug: Adding duplicate image handler for 'JPEG file'
01:52:51 PM: Debug: Adding duplicate image handler for 'TIFF file'
01:52:51 PM: Debug: Adding duplicate image handler for 'GIF file'
01:52:51 PM: Debug: Adding duplicate image handler for 'PNM file'
01:52:51 PM: Debug: Adding duplicate image handler for 'PCX file'
01:52:51 PM: Debug: Adding duplicate image handler for 'IFF file'
01:52:51 PM: Debug: Adding duplicate image handler for 'Windows icon file'
01:52:51 PM: Debug: Adding duplicate image handler for 'Windows cursor file'
01:52:51 PM: Debug: Adding duplicate image handler for 'Windows animated cursor file'
01:52:51 PM: Debug: Adding duplicate image handler for 'TGA file'
01:52:51 PM: Debug: Adding duplicate image handler for 'XPM file'
01:52:51 PM: Debug: Adding duplicate image handler for 'PNG file'
01:52:51 PM: Debug: Adding duplicate image handler for 'JPEG file'
01:52:51 PM: Debug: Adding duplicate image handler for 'TIFF file'
01:52:51 PM: Debug: Adding duplicate image handler for 'GIF file'
01:52:51 PM: Debug: Adding duplicate image handler for 'PNM file'
01:52:51 PM: Debug: Adding duplicate image handler for 'PCX file'
01:52:51 PM: Debug: Adding duplicate image handler for 'IFF file'
01:52:51 PM: Debug: Adding duplicate image handler for 'Windows icon file'
01:52:51 PM: Debug: Adding duplicate image handler for 'Windows cursor file'
01:52:51 PM: Debug: Adding duplicate image handler for 'Windows animated cursor file'
01:52:51 PM: Debug: Adding duplicate image handler for 'TGA file'
01:52:51 PM: Debug: Adding duplicate image handler for 'XPM file'
01:52:51 PM: Debug: Adding duplicate image handler for 'PNG file'
01:52:51 PM: Debug: Adding duplicate image handler for 'JPEG file'
01:52:51 PM: Debug: Adding duplicate image handler for 'TIFF file'
01:52:51 PM: Debug: Adding duplicate image handler for 'GIF file'
01:52:51 PM: Debug: Adding duplicate image handler for 'PNM file'
01:52:51 PM: Debug: Adding duplicate image handler for 'PCX file'
01:52:51 PM: Debug: Adding duplicate image handler for 'IFF file'
01:52:51 PM: Debug: Adding duplicate image handler for 'Windows icon file'
01:52:51 PM: Debug: Adding duplicate image handler for 'Windows cursor file'
01:52:51 PM: Debug: Adding duplicate image handler for 'Windows animated cursor file'
01:52:51 PM: Debug: Adding duplicate image handler for 'TGA file'
01:52:51 PM: Debug: Adding duplicate image handler for 'XPM file'
01:52:51 PM: Debug: Adding duplicate image handler for 'PNG file'
01:52:51 PM: Debug: Adding duplicate image handler for 'JPEG file'
01:52:51 PM: Debug: Adding duplicate image handler for 'TIFF file'
01:52:51 PM: Debug: Adding duplicate image handler for 'GIF file'
01:52:51 PM: Debug: Adding duplicate image handler for 'PNM file'
01:52:51 PM: Debug: Adding duplicate image handler for 'PCX file'
01:52:51 PM: Debug: Adding duplicate image handler for 'IFF file'
01:52:51 PM: Debug: Adding duplicate image handler for 'Windows icon file'
01:52:51 PM: Debug: Adding duplicate image handler for 'Windows cursor file'
01:52:51 PM: Debug: Adding duplicate image handler for 'Windows animated cursor file'
01:52:51 PM: Debug: Adding duplicate image handler for 'TGA file'
01:52:51 PM: Debug: Adding duplicate image handler for 'XPM file'
rear components 9 foreign-net candidates 0 own-pin escapes 18 U100 exceptions 0
rear 90-degree cases 1 free-fail 1 applied 0
rear audit done
01:52:51 PM: Debug: Adding duplicate image handler for 'PNG file'
01:52:51 PM: Debug: Adding duplicate image handler for 'JPEG file'
01:52:51 PM: Debug: Adding duplicate image handler for 'TIFF file'
01:52:51 PM: Debug: Adding duplicate image handler for 'GIF file'
01:52:51 PM: Debug: Adding duplicate image handler for 'PNM file'
01:52:51 PM: Debug: Adding duplicate image handler for 'PCX file'
01:52:51 PM: Debug: Adding duplicate image handler for 'IFF file'
01:52:51 PM: Debug: Adding duplicate image handler for 'Windows icon file'
01:52:51 PM: Debug: Adding duplicate image handler for 'Windows cursor file'
01:52:51 PM: Debug: Adding duplicate image handler for 'Windows animated cursor file'
01:52:51 PM: Debug: Adding duplicate image handler for 'TGA file'
01:52:51 PM: Debug: Adding duplicate image handler for 'XPM file'
01:52:51 PM: Debug: Adding duplicate image handler for 'PNG file'
01:52:51 PM: Debug: Adding duplicate image handler for 'JPEG file'
01:52:51 PM: Debug: Adding duplicate image handler for 'TIFF file'
01:52:51 PM: Debug: Adding duplicate image handler for 'GIF file'
01:52:51 PM: Debug: Adding duplicate image handler for 'PNM file'
01:52:51 PM: Debug: Adding duplicate image handler for 'PCX file'
01:52:51 PM: Debug: Adding duplicate image handler for 'IFF file'
01:52:51 PM: Debug: Adding duplicate image handler for 'Windows icon file'
01:52:51 PM: Debug: Adding duplicate image handler for 'Windows cursor file'
01:52:51 PM: Debug: Adding duplicate image handler for 'Windows animated cursor file'
01:52:51 PM: Debug: Adding duplicate image handler for 'TGA file'
01:52:51 PM: Debug: Adding duplicate image handler for 'XPM file'
01:52:51 PM: Debug: Adding duplicate image handler for 'PNG file'
01:52:51 PM: Debug: Adding duplicate image handler for 'JPEG file'
01:52:51 PM: Debug: Adding duplicate image handler for 'TIFF file'
01:52:51 PM: Debug: Adding duplicate image handler for 'GIF file'
01:52:51 PM: Debug: Adding duplicate image handler for 'PNM file'
01:52:51 PM: Debug: Adding duplicate image handler for 'PCX file'
01:52:51 PM: Debug: Adding duplicate image handler for 'IFF file'
01:52:51 PM: Debug: Adding duplicate image handler for 'Windows icon file'
01:52:51 PM: Debug: Adding duplicate image handler for 'Windows cursor file'
01:52:51 PM: Debug: Adding duplicate image handler for 'Windows animated cursor file'
01:52:51 PM: Debug: Adding duplicate image handler for 'TGA file'
01:52:51 PM: Debug: Adding duplicate image handler for 'XPM file'
01:52:51 PM: Debug: Adding duplicate image handler for 'PNG file'
01:52:51 PM: Debug: Adding duplicate image handler for 'JPEG file'
01:52:51 PM: Debug: Adding duplicate image handler for 'TIFF file'
01:52:51 PM: Debug: Adding duplicate image handler for 'GIF file'
01:52:51 PM: Debug: Adding duplicate image handler for 'PNM file'
01:52:51 PM: Debug: Adding duplicate image handler for 'PCX file'
01:52:51 PM: Debug: Adding duplicate image handler for 'IFF file'
01:52:51 PM: Debug: Adding duplicate image handler for 'Windows icon file'
01:52:51 PM: Debug: Adding duplicate image handler for 'Windows cursor file'
01:52:51 PM: Debug: Adding duplicate image handler for 'Windows animated cursor file'
01:52:51 PM: Debug: Adding duplicate image handler for 'TGA file'
01:52:51 PM: Debug: Adding duplicate image handler for 'XPM file'
01:52:51 PM: Debug: Adding duplicate image handler for 'PNG file'
01:52:51 PM: Debug: Adding duplicate image handler for 'JPEG file'
01:52:51 PM: Debug: Adding duplicate image handler for 'TIFF file'
01:52:51 PM: Debug: Adding duplicate image handler for 'GIF file'
01:52:51 PM: Debug: Adding duplicate image handler for 'PNM file'
01:52:51 PM: Debug: Adding duplicate image handler for 'PCX file'
01:52:51 PM: Debug: Adding duplicate image handler for 'IFF file'
01:52:51 PM: Debug: Adding duplicate image handler for 'Windows icon file'
01:52:51 PM: Debug: Adding duplicate image handler for 'Windows cursor file'
01:52:51 PM: Debug: Adding duplicate image handler for 'Windows animated cursor file'
01:52:51 PM: Debug: Adding duplicate image handler for 'TGA file'
01:52:51 PM: Debug: Adding duplicate image handler for 'XPM file'
imu components 7 foreign-net candidates 0 own-pin escapes 20 U100 exceptions 0
imu 90-degree cases 4 free-fail 2 applied 0
imu audit done
