./src/common/stdpbase.cpp(59): assert ""traits"" failed in Get(): create wxApp before calling this
rear before {'segments': 75, 'vias': 15, 'nets_with_tracks': 7, 'length_mm': 162.4963546503418, 'flags': {'OFFSET_ENDPOINTS': 3}}
01:52:51 PM: Debug: Adding duplicate image handler for 'PNG file'
01:52:51 PM: Debug: Adding duplicate image handler for 'JPEG file'
01:52:51 PM: Debug: Adding duplicate image handler for 'TIFF file'
01:52:51 PM: Debug: Adding duplicate image handler for 'GIF file'
01:52:51 PM: Debug: Adding duplicate image handler for 'PNM file'
01:52:51 PM: Debug: Adding duplicate image handler for 'PCX file'
01:52:51 PM: Debug: Adding duplicate image handler for 'IFF file'
01:52:51 PM: Debug: Adding duplicate image handler for 'Windows icon file'
01:52:51 PM: Debug: Adding duplicate image handler for 'Windows cursor file'
01:52:51 PM: Debug: Adding duplicate image handler for 'Windows animated cursor file'
01:52:51 PM: Debug: Adding duplicate image handler for 'TGA file'
01:52:51 PM: Debug: Adding duplicate image handler for 'XPM file'
rear after {'segments': 86, 'vias': 16, 'nets_with_tracks': 8, 'length_mm': 176.02119936874888, 'flags': {'SHORT_SEGMENT': 3, 'OFFSET_ENDPOINTS': 3}}
01:52:51 PM: Debug: Adding duplicate image handler for 'PNG file'
01:52:51 PM: Debug: Adding duplicate image handler for 'JPEG file'
01:52:51 PM: Debug: Adding duplicate image handler for 'TIFF file'
01:52:51 PM: Debug: Adding duplicate image handler for 'GIF file'
01:52:51 PM: Debug: Adding duplicate image handler for 'PNM file'
01:52:51 PM: Debug: Adding duplicate image handler for 'PCX file'
01:52:51 PM: Debug: Adding duplicate image handler for 'IFF file'
01:52:51 PM: Debug: Adding duplicate image handler for 'Windows icon file'
01:52:51 PM: Debug: Adding duplicate image handler for 'Windows cursor file'
01:52:51 PM: Debug: Adding duplicate image handler for 'Windows animated cursor file'
01:52:51 PM: Debug: Adding duplicate image handler for 'TGA file'
01:52:51 PM: Debug: Adding duplicate image handler for 'XPM file'
01:52:52 PM: Debug: Adding duplicate image handler for 'PNG file'
01:52:52 PM: Debug: Adding duplicate image handler for 'JPEG file'
01:52:52 PM: Debug: Adding duplicate image handler for 'TIFF file'
01:52:52 PM: Debug: Adding duplicate image handler for 'GIF file'
01:52:52 PM: Debug: Adding duplicate image handler for 'PNM file'
01:52:52 PM: Debug: Adding duplicate image handler for 'PCX file'
01:52:52 PM: Debug: Adding duplicate image handler for 'IFF file'
01:52:52 PM: Debug: Adding duplicate image handler for 'Windows icon file'
01:52:52 PM: Debug: Adding duplicate image handler for 'Windows cursor file'
01:52:52 PM: Debug: Adding duplicate image handler for 'Windows animated cursor file'
01:52:52 PM: Debug: Adding duplicate image handler for 'TGA file'
01:52:52 PM: Debug: Adding duplicate image handler for 'XPM file'
01:52:52 PM: Debug: Adding duplicate image handler for 'PNG file'
01:52:52 PM: Debug: Adding duplicate image handler for 'JPEG file'
01:52:52 PM: Debug: Adding duplicate image handler for 'TIFF file'
01:52:52 PM: Debug: Adding duplicate image handler for 'GIF file'
01:52:52 PM: Debug: Adding duplicate image handler for 'PNM file'
01:52:52 PM: Debug: Adding duplicate image handler for 'PCX file'
01:52:52 PM: Debug: Adding duplicate image handler for 'IFF file'
01:52:52 PM: Debug: Adding duplicate image handler for 'Windows icon file'
01:52:52 PM: Debug: Adding duplicate image handler for 'Windows cursor file'
01:52:52 PM: Debug: Adding duplicate image handler for 'Windows animated cursor file'
01:52:52 PM: Debug: Adding duplicate image handler for 'TGA file'
01:52:52 PM: Debug: Adding duplicate image handler for 'XPM file'
imu before {'segments': 70, 'vias': 9, 'nets_with_tracks': 8, 'length_mm': 89.43925495986761, 'flags': {'SHORT_SEGMENT': 2, 'OFFSET_ENDPOINTS': 1}}
01:52:52 PM: Debug: Adding duplicate image handler for 'PNG file'
01:52:52 PM: Debug: Adding duplicate image handler for 'JPEG file'
01:52:52 PM: Debug: Adding duplicate image handler for 'TIFF file'
01:52:52 PM: Debug: Adding duplicate image handler for 'GIF file'
01:52:52 PM: Debug: Adding duplicate image handler for 'PNM file'
01:52:52 PM: Debug: Adding duplicate image handler for 'PCX file'
01:52:52 PM: Debug: Adding duplicate image handler for 'IFF file'
01:52:52 PM: Debug: Adding duplicate image handler for 'Windows icon file'
01:52:52 PM: Debug: Adding duplicate image handler for 'Windows cursor file'
01:52:52 PM: Debug: Adding duplicate image handler for 'Windows animated cursor file'
01:52:52 PM: Debug: Adding duplicate image handler for 'TGA file'
01:52:52 PM: Debug: Adding duplicate image handler for 'XPM file'
imu after {'segments': 77, 'vias': 9, 'nets_with_tracks': 8, 'length_mm': 100.45552751851658, 'flags': {'SHORT_SEGMENT': 3, 'FOLDBACK': 1, 'OFFSET_ENDPOINTS': 1}}
01:52:52 PM: Debug: Adding duplicate image handler for 'PNG file'
01:52:52 PM: Debug: Adding duplicate image handler for 'JPEG file'
01:52:52 PM: Debug: Adding duplicate image handler for 'TIFF file'
01:52:52 PM: Debug: Adding duplicate image handler for 'GIF file'
01:52:52 PM: Debug: Adding duplicate image handler for 'PNM file'
01:52:52 PM: Debug: Adding duplicate image handler for 'PCX file'
01:52:52 PM: Debug: Adding duplicate image handler for 'IFF file'
01:52:52 PM: Debug: Adding duplicate image handler for 'Windows icon file'
01:52:52 PM: Debug: Adding duplicate image handler for 'Windows cursor file'
01:52:52 PM: Debug: Adding duplicate image handler for 'Windows animated cursor file'
01:52:52 PM: Debug: Adding duplicate image handler for 'TGA file'
01:52:52 PM: Debug: Adding duplicate image handler for 'XPM file'
01:52:52 PM: Debug: Adding duplicate image handler for 'PNG file'
01:52:52 PM: Debug: Adding duplicate image handler for 'JPEG file'
01:52:52 PM: Debug: Adding duplicate image handler for 'TIFF file'
01:52:52 PM: Debug: Adding duplicate image handler for 'GIF file'
01:52:52 PM: Debug: Adding duplicate image handler for 'PNM file'
01:52:52 PM: Debug: Adding duplicate image handler for 'PCX file'
01:52:52 PM: Debug: Adding duplicate image handler for 'IFF file'
01:52:52 PM: Debug: Adding duplicate image handler for 'Windows icon file'
01:52:52 PM: Debug: Adding duplicate image handler for 'Windows cursor file'
01:52:52 PM: Debug: Adding duplicate image handler for 'Windows animated cursor file'
01:52:52 PM: Debug: Adding duplicate image handler for 'TGA file'
01:52:52 PM: Debug: Adding duplicate image handler for 'XPM file'
01:52:52 PM: Debug: Adding duplicate image handler for 'PNG file'
01:52:52 PM: Debug: Adding duplicate image handler for 'JPEG file'
01:52:52 PM: Debug: Adding duplicate image handler for 'TIFF file'
01:52:52 PM: Debug: Adding duplicate image handler for 'GIF file'
01:52:52 PM: Debug: Adding duplicate image handler for 'PNM file'
01:52:52 PM: Debug: Adding duplicate image handler for 'PCX file'
01:52:52 PM: Debug: Adding duplicate image handler for 'IFF file'
01:52:52 PM: Debug: Adding duplicate image handler for 'Windows icon file'
01:52:52 PM: Debug: Adding duplicate image handler for 'Windows cursor file'
01:52:52 PM: Debug: Adding duplicate image handler for 'Windows animated cursor file'
01:52:52 PM: Debug: Adding duplicate image handler for 'TGA file'
01:52:52 PM: Debug: Adding duplicate image handler for 'XPM file'
01:52:52 PM: Debug: Adding duplicate image handler for 'PNG file'
01:52:52 PM: Debug: Adding duplicate image handler for 'JPEG file'
01:52:52 PM: Debug: Adding duplicate image handler for 'TIFF file'
01:52:52 PM: Debug: Adding duplicate image handler for 'GIF file'
01:52:52 PM: Debug: Adding duplicate image handler for 'PNM file'
01:52:52 PM: Debug: Adding duplicate image handler for 'PCX file'
01:52:52 PM: Debug: Adding duplicate image handler for 'IFF file'
01:52:52 PM: Debug: Adding duplicate image handler for 'Windows icon file'
01:52:52 PM: Debug: Adding duplicate image handler for 'Windows cursor file'
01:52:52 PM: Debug: Adding duplicate image handler for 'Windows animated cursor file'
01:52:52 PM: Debug: Adding duplicate image handler for 'TGA file'
01:52:52 PM: Debug: Adding duplicate image handler for 'XPM file'
/Volumes/KiCadBuilder/remoteroot/workspace/build-macos-kicad-release/kicad-mac-builder/build/kicad/src/kicad/pcbnew/pcb_track.cpp(387): assert ""false"" failed in GetWidth(): Warning: PCB_VIA::GetWidth called without a layer argument
/Volumes/KiCadBuilder/remoteroot/workspace/build-macos-kicad-release/kicad-mac-builder/build/kicad/src/kicad/pcbnew/pcb_track.cpp(387): assert ""false"" failed in GetWidth(): Warning: PCB_VIA::GetWidth called without a layer argument
/Volumes/KiCadBuilder/remoteroot/workspace/build-macos-kicad-release/kicad-mac-builder/build/kicad/src/kicad/pcbnew/pcb_track.cpp(387): assert ""false"" failed in GetWidth(): Warning: PCB_VIA::GetWidth called without a layer argument
01:52:52 PM: Debug: Adding duplicate image handler for 'PNG file'
01:52:52 PM: Debug: Adding duplicate image handler for 'JPEG file'
01:52:52 PM: Debug: Adding duplicate image handler for 'TIFF file'
01:52:52 PM: Debug: Adding duplicate image handler for 'GIF file'
01:52:52 PM: Debug: Adding duplicate image handler for 'PNM file'
01:52:52 PM: Debug: Adding duplicate image handler for 'PCX file'
01:52:52 PM: Debug: Adding duplicate image handler for 'IFF file'
01:52:52 PM: Debug: Adding duplicate image handler for 'Windows icon file'
01:52:52 PM: Debug: Adding duplicate image handler for 'Windows cursor file'
01:52:52 PM: Debug: Adding duplicate image handler for 'Windows animated cursor file'
01:52:52 PM: Debug: Adding duplicate image handler for 'TGA file'
01:52:52 PM: Debug: Adding duplicate image handler for 'XPM file'
01:52:52 PM: Debug: Adding duplicate image handler for 'PNG file'
01:52:52 PM: Debug: Adding duplicate image handler for 'JPEG file'
01:52:52 PM: Debug: Adding duplicate image handler for 'TIFF file'
01:52:52 PM: Debug: Adding duplicate image handler for 'GIF file'
01:52:52 PM: Debug: Adding duplicate image handler for 'PNM file'
01:52:52 PM: Debug: Adding duplicate image handler for 'PCX file'
01:52:52 PM: Debug: Adding duplicate image handler for 'IFF file'
01:52:52 PM: Debug: Adding duplicate image handler for 'Windows icon file'
01:52:52 PM: Debug: Adding duplicate image handler for 'Windows cursor file'
01:52:52 PM: Debug: Adding duplicate image handler for 'Windows animated cursor file'
01:52:52 PM: Debug: Adding duplicate image handler for 'TGA file'
01:52:52 PM: Debug: Adding duplicate image handler for 'XPM file'
geometry, native input DC model, effective paste and CC2 flow-through evidence written
