./src/common/stdpbase.cpp(59): assert ""traits"" failed in Get(): create wxApp before calling this
01:52:52 PM: Debug: Adding duplicate image handler for 'PNG file'
01:52:52 PM: Debug: Adding duplicate image handler for 'JPEG file'
01:52:52 PM: Debug: Adding duplicate image handler for 'TIFF file'
01:52:52 PM: Debug: Adding duplicate image handler for 'GIF file'
01:52:52 PM: Debug: Adding duplicate image handler for 'PNM file'
01:52:52 PM: Debug: Adding duplicate image handler for 'PCX file'
01:52:52 PM: Debug: Adding duplicate image handler for 'IFF file'
01:52:52 PM: Debug: Adding duplicate image handler for 'Windows icon file'
01:52:52 PM: Debug: Adding duplicate image handler for 'Windows cursor file'
01:52:52 PM: Debug: Adding duplicate image handler for 'Windows animated cursor file'
01:52:52 PM: Debug: Adding duplicate image handler for 'TGA file'
01:52:52 PM: Debug: Adding duplicate image handler for 'XPM file'
rear native previews exported
01:52:54 PM: Debug: Adding duplicate image handler for 'PNG file'
01:52:54 PM: Debug: Adding duplicate image handler for 'JPEG file'
01:52:54 PM: Debug: Adding duplicate image handler for 'TIFF file'
01:52:54 PM: Debug: Adding duplicate image handler for 'GIF file'
01:52:54 PM: Debug: Adding duplicate image handler for 'PNM file'
01:52:54 PM: Debug: Adding duplicate image handler for 'PCX file'
01:52:54 PM: Debug: Adding duplicate image handler for 'IFF file'
01:52:54 PM: Debug: Adding duplicate image handler for 'Windows icon file'
01:52:54 PM: Debug: Adding duplicate image handler for 'Windows cursor file'
01:52:54 PM: Debug: Adding duplicate image handler for 'Windows animated cursor file'
01:52:54 PM: Debug: Adding duplicate image handler for 'TGA file'
01:52:54 PM: Debug: Adding duplicate image handler for 'XPM file'
01:52:56 PM: Debug: Adding duplicate image handler for 'PNG file'
01:52:56 PM: Debug: Adding duplicate image handler for 'JPEG file'
01:52:56 PM: Debug: Adding duplicate image handler for 'TIFF file'
01:52:56 PM: Debug: Adding duplicate image handler for 'GIF file'
01:52:56 PM: Debug: Adding duplicate image handler for 'PNM file'
01:52:56 PM: Debug: Adding duplicate image handler for 'PCX file'
01:52:56 PM: Debug: Adding duplicate image handler for 'IFF file'
01:52:56 PM: Debug: Adding duplicate image handler for 'Windows icon file'
01:52:56 PM: Debug: Adding duplicate image handler for 'Windows cursor file'
01:52:56 PM: Debug: Adding duplicate image handler for 'Windows animated cursor file'
01:52:56 PM: Debug: Adding duplicate image handler for 'TGA file'
01:52:56 PM: Debug: Adding duplicate image handler for 'XPM file'
01:52:57 PM: Debug: Adding duplicate image handler for 'PNG file'
01:52:57 PM: Debug: Adding duplicate image handler for 'JPEG file'
01:52:57 PM: Debug: Adding duplicate image handler for 'TIFF file'
01:52:57 PM: Debug: Adding duplicate image handler for 'GIF file'
01:52:57 PM: Debug: Adding duplicate image handler for 'PNM file'
01:52:57 PM: Debug: Adding duplicate image handler for 'PCX file'
01:52:57 PM: Debug: Adding duplicate image handler for 'IFF file'
01:52:57 PM: Debug: Adding duplicate image handler for 'Windows icon file'
01:52:57 PM: Debug: Adding duplicate image handler for 'Windows cursor file'
01:52:57 PM: Debug: Adding duplicate image handler for 'Windows animated cursor file'
01:52:57 PM: Debug: Adding duplicate image handler for 'TGA file'
01:52:57 PM: Debug: Adding duplicate image handler for 'XPM file'
imu native previews exported
