./src/common/stdpbase.cpp(59): assert ""traits"" failed in Get(): create wxApp before calling this
01:57:23 PM: Debug: Adding duplicate image handler for 'PNG file'
01:57:23 PM: Debug: Adding duplicate image handler for 'JPEG file'
01:57:23 PM: Debug: Adding duplicate image handler for 'TIFF file'
01:57:23 PM: Debug: Adding duplicate image handler for 'GIF file'
01:57:23 PM: Debug: Adding duplicate image handler for 'PNM file'
01:57:23 PM: Debug: Adding duplicate image handler for 'PCX file'
01:57:23 PM: Debug: Adding duplicate image handler for 'IFF file'
01:57:23 PM: Debug: Adding duplicate image handler for 'Windows icon file'
01:57:23 PM: Debug: Adding duplicate image handler for 'Windows cursor file'
01:57:23 PM: Debug: Adding duplicate image handler for 'Windows animated cursor file'
01:57:23 PM: Debug: Adding duplicate image handler for 'TGA file'
01:57:23 PM: Debug: Adding duplicate image handler for 'XPM file'
01:57:23 PM: Debug: Adding duplicate image handler for 'PNG file'
01:57:23 PM: Debug: Adding duplicate image handler for 'JPEG file'
01:57:23 PM: Debug: Adding duplicate image handler for 'TIFF file'
01:57:23 PM: Debug: Adding duplicate image handler for 'GIF file'
01:57:23 PM: Debug: Adding duplicate image handler for 'PNM file'
01:57:23 PM: Debug: Adding duplicate image handler for 'PCX file'
01:57:23 PM: Debug: Adding duplicate image handler for 'IFF file'
01:57:23 PM: Debug: Adding duplicate image handler for 'Windows icon file'
01:57:23 PM: Debug: Adding duplicate image handler for 'Windows cursor file'
01:57:23 PM: Debug: Adding duplicate image handler for 'Windows animated cursor file'
01:57:23 PM: Debug: Adding duplicate image handler for 'TGA file'
01:57:23 PM: Debug: Adding duplicate image handler for 'XPM file'
01:57:23 PM: Debug: Adding duplicate image handler for 'PNG file'
01:57:23 PM: Debug: Adding duplicate image handler for 'JPEG file'
01:57:23 PM: Debug: Adding duplicate image handler for 'TIFF file'
01:57:23 PM: Debug: Adding duplicate image handler for 'GIF file'
01:57:23 PM: Debug: Adding duplicate image handler for 'PNM file'
01:57:23 PM: Debug: Adding duplicate image handler for 'PCX file'
01:57:23 PM: Debug: Adding duplicate image handler for 'IFF file'
01:57:23 PM: Debug: Adding duplicate image handler for 'Windows icon file'
01:57:23 PM: Debug: Adding duplicate image handler for 'Windows cursor file'
01:57:23 PM: Debug: Adding duplicate image handler for 'Windows animated cursor file'
01:57:23 PM: Debug: Adding duplicate image handler for 'TGA file'
01:57:23 PM: Debug: Adding duplicate image handler for 'XPM file'
01:57:23 PM: Debug: Adding duplicate image handler for 'PNG file'
01:57:23 PM: Debug: Adding duplicate image handler for 'JPEG file'
01:57:23 PM: Debug: Adding duplicate image handler for 'TIFF file'
01:57:23 PM: Debug: Adding duplicate image handler for 'GIF file'
01:57:23 PM: Debug: Adding duplicate image handler for 'PNM file'
01:57:23 PM: Debug: Adding duplicate image handler for 'PCX file'
01:57:23 PM: Debug: Adding duplicate image handler for 'IFF file'
01:57:23 PM: Debug: Adding duplicate image handler for 'Windows icon file'
01:57:23 PM: Debug: Adding duplicate image handler for 'Windows cursor file'
01:57:23 PM: Debug: Adding duplicate image handler for 'Windows animated cursor file'
01:57:23 PM: Debug: Adding duplicate image handler for 'TGA file'
01:57:23 PM: Debug: Adding duplicate image handler for 'XPM file'
01:57:23 PM: Debug: Adding duplicate image handler for 'PNG file'
01:57:23 PM: Debug: Adding duplicate image handler for 'JPEG file'
01:57:23 PM: Debug: Adding duplicate image handler for 'TIFF file'
01:57:23 PM: Debug: Adding duplicate image handler for 'GIF file'
01:57:23 PM: Debug: Adding duplicate image handler for 'PNM file'
01:57:23 PM: Debug: Adding duplicate image handler for 'PCX file'
01:57:23 PM: Debug: Adding duplicate image handler for 'IFF file'
01:57:23 PM: Debug: Adding duplicate image handler for 'Windows icon file'
01:57:23 PM: Debug: Adding duplicate image handler for 'Windows cursor file'
01:57:23 PM: Debug: Adding duplicate image handler for 'Windows animated cursor file'
01:57:23 PM: Debug: Adding duplicate image handler for 'TGA file'
01:57:23 PM: Debug: Adding duplicate image handler for 'XPM file'
01:57:23 PM: Debug: Adding duplicate image handler for 'PNG file'
01:57:23 PM: Debug: Adding duplicate image handler for 'JPEG file'
01:57:23 PM: Debug: Adding duplicate image handler for 'TIFF file'
01:57:23 PM: Debug: Adding duplicate image handler for 'GIF file'
01:57:23 PM: Debug: Adding duplicate image handler for 'PNM file'
01:57:23 PM: Debug: Adding duplicate image handler for 'PCX file'
01:57:23 PM: Debug: Adding duplicate image handler for 'IFF file'
01:57:23 PM: Debug: Adding duplicate image handler for 'Windows icon file'
01:57:23 PM: Debug: Adding duplicate image handler for 'Windows cursor file'
01:57:23 PM: Debug: Adding duplicate image handler for 'Windows animated cursor file'
01:57:23 PM: Debug: Adding duplicate image handler for 'TGA file'
01:57:23 PM: Debug: Adding duplicate image handler for 'XPM file'
01:57:24 PM: Debug: Adding duplicate image handler for 'PNG file'
01:57:24 PM: Debug: Adding duplicate image handler for 'JPEG file'
01:57:24 PM: Debug: Adding duplicate image handler for 'TIFF file'
01:57:24 PM: Debug: Adding duplicate image handler for 'GIF file'
01:57:24 PM: Debug: Adding duplicate image handler for 'PNM file'
01:57:24 PM: Debug: Adding duplicate image handler for 'PCX file'
01:57:24 PM: Debug: Adding duplicate image handler for 'IFF file'
01:57:24 PM: Debug: Adding duplicate image handler for 'Windows icon file'
01:57:24 PM: Debug: Adding duplicate image handler for 'Windows cursor file'
01:57:24 PM: Debug: Adding duplicate image handler for 'Windows animated cursor file'
01:57:24 PM: Debug: Adding duplicate image handler for 'TGA file'
01:57:24 PM: Debug: Adding duplicate image handler for 'XPM file'
P5R4 native gates PASS; hardware references published = False
