00:00.569  blend            | Read blend: "/Users/dean/Documents/MORI/mechanical/mori_v1_2.blend"
/Users/dean/Documents/MORI/mechanical/scripts/assembly_animation.py:85: DeprecationWarning: 'Material.use_nodes' is expected to be removed in Blender 6.0
  m.use_nodes = True
/Users/dean/Documents/MORI/mechanical/scripts/assembly_animation.py:175: DeprecationWarning: 'Material.use_nodes' is expected to be removed in Blender 6.0
  clear = tagged(bpy.data.materials.new(AP+'Clear_Window')); clear.use_nodes = True
信息: 已另存为 "mori_assembly_animation.blend"
ANIMATION_STILL 1
00:06.927  render           | Saved: '/Users/dean/Documents/MORI/mechanical/animation/step_01.png'
ANIMATION_STILL 2
00:07.497  render           | Saved: '/Users/dean/Documents/MORI/mechanical/animation/step_02.png'
ANIMATION_STILL 3
00:08.008  render           | Saved: '/Users/dean/Documents/MORI/mechanical/animation/step_03.png'
ANIMATION_STILL 4
00:08.499  render           | Saved: '/Users/dean/Documents/MORI/mechanical/animation/step_04.png'
ANIMATION_STILL 5
00:08.965  render           | Saved: '/Users/dean/Documents/MORI/mechanical/animation/step_05.png'
ANIMATION_STILL 6
00:09.466  render           | Saved: '/Users/dean/Documents/MORI/mechanical/animation/step_06.png'
ANIMATION_STILL 7
00:10.069  render           | Saved: '/Users/dean/Documents/MORI/mechanical/animation/step_07.png'
ANIMATION_STILL 8
00:10.666  render           | Saved: '/Users/dean/Documents/MORI/mechanical/animation/step_08.png'
ANIMATION_STILL 9
00:11.138  render           | Saved: '/Users/dean/Documents/MORI/mechanical/animation/step_09.png'
ANIMATION_STILL 10
00:11.741  render           | Saved: '/Users/dean/Documents/MORI/mechanical/animation/step_10.png'
ANIMATION_STILL 11
00:12.244  render           | Saved: '/Users/dean/Documents/MORI/mechanical/animation/step_11.png'
ANIMATION_STILL 12
00:12.727  render           | Saved: '/Users/dean/Documents/MORI/mechanical/animation/step_12.png'
ANIMATION_STILL 13
00:13.411  render           | Saved: '/Users/dean/Documents/MORI/mechanical/animation/step_13.png'
ANIMATION_STILL 14
00:14.147  render           | Saved: '/Users/dean/Documents/MORI/mechanical/animation/step_14.png'
ANIMATION_STILL 15
00:14.997  render           | Saved: '/Users/dean/Documents/MORI/mechanical/animation/step_15.png'
ANIMATION_STILL 16
00:15.687  render           | Saved: '/Users/dean/Documents/MORI/mechanical/animation/step_16.png'
ANIMATION_STILL 17
00:16.369  render           | Saved: '/Users/dean/Documents/MORI/mechanical/animation/step_17.png'
ANIMATION_STILL 18
00:17.060  render           | Saved: '/Users/dean/Documents/MORI/mechanical/animation/step_18.png'
ASSEMBLY_ANIMATION_BUILT 202 1404
Blender 5.2.2 LTS (hash d13f752e3b9c built 2026-09-15 01:49:19)

Blender quit
