00:00.490  blend            | Read blend: "/Users/dean/Documents/MORI/mechanical/mori_v1_2.blend"
RENDER electronics_bay
00:20.218  render           | Saved: '/Users/dean/Documents/MORI/mechanical/renders/electronics_bay.png'
RENDER electronics_underside
00:34.994  render           | Saved: '/Users/dean/Documents/MORI/mechanical/renders/electronics_underside.png'
RENDER pcb_power
00:46.019  render           | Saved: '/Users/dean/Documents/MORI/mechanical/renders/pcb_power.png'
RENDER pcb_motion
00:51.109  render           | Saved: '/Users/dean/Documents/MORI/mechanical/renders/pcb_motion.png'
RENDER pcb_imu
00:55.957  render           | Saved: '/Users/dean/Documents/MORI/mechanical/renders/pcb_imu.png'
RENDER pcb_rear
01:00.757  render           | Saved: '/Users/dean/Documents/MORI/mechanical/renders/pcb_rear.png'
RENDER pcb_rear_bottom
01:05.319  render           | Saved: '/Users/dean/Documents/MORI/mechanical/renders/pcb_rear_bottom.png'
RENDER pcb_bucks
01:09.437  render           | Saved: '/Users/dean/Documents/MORI/mechanical/renders/pcb_bucks.png'
RENDER bridge_joint_detail
01:14.829  render           | Saved: '/Users/dean/Documents/MORI/mechanical/renders/bridge_joint_detail.png'
RENDER bridge_joint_exploded
01:20.002  render           | Saved: '/Users/dean/Documents/MORI/mechanical/renders/bridge_joint_exploded.png'
RENDER yaw_stop_detail
01:25.223  render           | Saved: '/Users/dean/Documents/MORI/mechanical/renders/yaw_stop_detail.png'
RENDER yaw_stop_exploded
01:30.293  render           | Saved: '/Users/dean/Documents/MORI/mechanical/renders/yaw_stop_exploded.png'
RENDER battery_tray_fit
01:36.632  render           | Saved: '/Users/dean/Documents/MORI/mechanical/renders/battery_tray_fit.png'
RENDER battery_frame_flat
01:41.515  render           | Saved: '/Users/dean/Documents/MORI/mechanical/renders/battery_frame_flat.png'
RENDER battery_tray_wide
01:45.974  render           | Saved: '/Users/dean/Documents/MORI/mechanical/renders/battery_tray_wide.png'
RENDER power_seats
01:52.288  render           | Saved: '/Users/dean/Documents/MORI/mechanical/renders/power_seats.png'
/Users/dean/Documents/MORI/mechanical/scripts/render.py:187: DeprecationWarning: 'Material.use_nodes' is expected to be removed in Blender 6.0
  mat.use_nodes=True;nodes=mat.node_tree.nodes;nodes.clear()
RENDER power_board_mounted
02:00.673  render           | Saved: '/Users/dean/Documents/MORI/mechanical/renders/power_board_mounted.png'
RENDER battery_retention_detail
02:09.343  render           | Saved: '/Users/dean/Documents/MORI/mechanical/renders/battery_retention_detail.png'
RENDER battery_retention_open
02:21.385  render           | Saved: '/Users/dean/Documents/MORI/mechanical/renders/battery_retention_open.png'
RENDER flush_bridge
02:30.565  render           | Saved: '/Users/dean/Documents/MORI/mechanical/renders/flush_bridge.png'
RENDER flush_bridge_underside
02:41.105  render           | Saved: '/Users/dean/Documents/MORI/mechanical/renders/flush_bridge_underside.png'
RENDER flush_speaker
02:48.112  render           | Saved: '/Users/dean/Documents/MORI/mechanical/renders/flush_speaker.png'
RENDER flush_cap
02:53.247  render           | Saved: '/Users/dean/Documents/MORI/mechanical/renders/flush_cap.png'
RENDER flush_reaction
02:59.300  render           | Saved: '/Users/dean/Documents/MORI/mechanical/renders/flush_reaction.png'
RENDER consolidated_yaw
03:07.648  render           | Saved: '/Users/dean/Documents/MORI/mechanical/renders/consolidated_yaw.png'
RENDER consolidated_base
03:17.280  render           | Saved: '/Users/dean/Documents/MORI/mechanical/renders/consolidated_base.png'
RENDER consolidated_camera
03:25.234  render           | Saved: '/Users/dean/Documents/MORI/mechanical/renders/consolidated_camera.png'
RENDER consolidated_wheel
03:34.404  render           | Saved: '/Users/dean/Documents/MORI/mechanical/renders/consolidated_wheel.png'
RENDER rear_interface_section
03:40.319  render           | Saved: '/Users/dean/Documents/MORI/mechanical/renders/rear_interface_section.png'
RENDER frame_underside
03:46.912  render           | Saved: '/Users/dean/Documents/MORI/mechanical/renders/frame_underside.png'
RENDER face_surface_side
03:55.866  render           | Saved: '/Users/dean/Documents/MORI/mechanical/renders/face_surface_side.png'
RENDER imu_underside
04:03.270  render           | Saved: '/Users/dean/Documents/MORI/mechanical/renders/imu_underside.png'
RENDER rear_interface_detail
04:11.117  render           | Saved: '/Users/dean/Documents/MORI/mechanical/renders/rear_interface_detail.png'
/Users/dean/Documents/MORI/mechanical/scripts/render.py:154: DeprecationWarning: 'Material.use_nodes' is expected to be removed in Blender 6.0
  shell=bpy.data.objects[PREFIX+n];mat=bpy.data.materials.get(PREFIX+'level_xray') or bpy.data.materials.new(PREFIX+'level_xray');mat.use_nodes=True;nodes=mat.node_tree.nodes;nodes.clear();out=nodes.new('ShaderNodeOutputMaterial');mix=nodes.new('ShaderNodeMixShader');mix.inputs[0].default_value=.82;solid=nodes.new('ShaderNodeBsdfDiffuse');solid.inputs['Color'].default_value=(.8,.85,.9,1);clear=nodes.new('ShaderNodeBsdfTransparent');mat.node_tree.links.new(solid.outputs[0],mix.inputs[1]);mat.node_tree.links.new(clear.outputs[0],mix.inputs[2]);mat.node_tree.links.new(mix.outputs[0],out.inputs[0]);shell.data.materials.clear();shell.data.materials.append(mat)
RENDER level_head_side
04:27.717  render           | Saved: '/Users/dean/Documents/MORI/mechanical/renders/level_head_side.png'
RENDER deck_plan
04:37.548  render           | Saved: '/Users/dean/Documents/MORI/mechanical/renders/deck_plan.png'
RENDER weact_detail
04:44.042  render           | Saved: '/Users/dean/Documents/MORI/mechanical/renders/weact_detail.png'
/Users/dean/Documents/MORI/mechanical/scripts/render.py:135: DeprecationWarning: 'Material.use_nodes' is expected to be removed in Blender 6.0
  mat=bpy.data.materials.get(PREFIX+'speaker_xray') or bpy.data.materials.new(PREFIX+'speaker_xray');mat.use_nodes=True;nodes=mat.node_tree.nodes;nodes.clear();out=nodes.new('ShaderNodeOutputMaterial');mix=nodes.new('ShaderNodeMixShader');mix.inputs[0].default_value=.84;solid=nodes.new('ShaderNodeBsdfDiffuse');solid.inputs['Color'].default_value=(.65,.72,.78,1);clear=nodes.new('ShaderNodeBsdfTransparent');mat.node_tree.links.new(solid.outputs[0],mix.inputs[1]);mat.node_tree.links.new(clear.outputs[0],mix.inputs[2]);mat.node_tree.links.new(mix.outputs[0],out.inputs[0]);shell.data.materials.clear();shell.data.materials.append(mat)
RENDER speaker_shell_detail
05:01.832  render           | Saved: '/Users/dean/Documents/MORI/mechanical/renders/speaker_shell_detail.png'
RENDER mic_detail
05:08.550  render           | Saved: '/Users/dean/Documents/MORI/mechanical/renders/mic_detail.png'
/Users/dean/Documents/MORI/mechanical/scripts/render.py:145: DeprecationWarning: 'Material.use_nodes' is expected to be removed in Blender 6.0
  mat=bpy.data.materials.new(PREFIX+'mic_open_'+n);mat.use_nodes=True;nodes=mat.node_tree.nodes;nodes.clear();out=nodes.new('ShaderNodeOutputMaterial');mix=nodes.new('ShaderNodeMixShader');mix.inputs[0].default_value=alpha;solid=nodes.new('ShaderNodeBsdfDiffuse');solid.inputs['Color'].default_value=(.8,.86,.9,1);clear=nodes.new('ShaderNodeBsdfTransparent');mat.node_tree.links.new(solid.outputs[0],mix.inputs[1]);mat.node_tree.links.new(clear.outputs[0],mix.inputs[2]);mat.node_tree.links.new(mix.outputs[0],out.inputs[0]);ob=bpy.data.objects[PREFIX+n];ob.data.materials.clear();ob.data.materials.append(mat)
RENDER mic_open_path
05:23.610  render           | Saved: '/Users/dean/Documents/MORI/mechanical/renders/mic_open_path.png'
RENDER belly_detail
05:35.784  render           | Saved: '/Users/dean/Documents/MORI/mechanical/renders/belly_detail.png'
RENDER yaw_drive_detail
05:49.327  render           | Saved: '/Users/dean/Documents/MORI/mechanical/renders/yaw_drive_detail.png'
RENDER 45_assembled
06:00.117  render           | Saved: '/Users/dean/Documents/MORI/mechanical/renders/45_assembled.png'
RENDER front
06:07.748  render           | Saved: '/Users/dean/Documents/MORI/mechanical/renders/front.png'
RENDER side
06:16.098  render           | Saved: '/Users/dean/Documents/MORI/mechanical/renders/side.png'
RENDER rear
06:32.412  render           | Saved: '/Users/dean/Documents/MORI/mechanical/renders/rear.png'
RENDER top
06:51.128  render           | Saved: '/Users/dean/Documents/MORI/mechanical/renders/top.png'
RENDER bottom
07:06.211  render           | Saved: '/Users/dean/Documents/MORI/mechanical/renders/bottom.png'
RENDER exploded
07:18.120  render           | Saved: '/Users/dean/Documents/MORI/mechanical/renders/exploded.png'
RENDER internal
07:30.077  render           | Saved: '/Users/dean/Documents/MORI/mechanical/renders/internal.png'
RENDER structure_only
07:40.386  render           | Saved: '/Users/dean/Documents/MORI/mechanical/renders/structure_only.png'
RENDER structure_exploded
07:45.459  render           | Saved: '/Users/dean/Documents/MORI/mechanical/renders/structure_exploded.png'
RENDER deck_detail
07:52.383  render           | Saved: '/Users/dean/Documents/MORI/mechanical/renders/deck_detail.png'
RENDER head_support
07:56.862  render           | Saved: '/Users/dean/Documents/MORI/mechanical/renders/head_support.png'
RENDER face_detail
08:03.729  render           | Saved: '/Users/dean/Documents/MORI/mechanical/renders/face_detail.png'
RENDER head_section
08:10.583  render           | Saved: '/Users/dean/Documents/MORI/mechanical/renders/head_section.png'
RENDER screen_outline_review
08:16.424  render           | Saved: '/Users/dean/Documents/MORI/mechanical/renders/screen_outline_review.png'
RENDER clearance
08:21.817  render           | Saved: '/Users/dean/Documents/MORI/mechanical/renders/clearance.png'
RENDER balance_side
08:26.473  render           | Saved: '/Users/dean/Documents/MORI/mechanical/renders/balance_side.png'
RENDER wheel_gap_detail
08:32.072  render           | Saved: '/Users/dean/Documents/MORI/mechanical/renders/wheel_gap_detail.png'
RENDER pose_up
08:39.885  render           | Saved: '/Users/dean/Documents/MORI/mechanical/renders/pose_up.png'
RENDER pose_down
08:48.034  render           | Saved: '/Users/dean/Documents/MORI/mechanical/renders/pose_down.png'
RENDER docked
08:55.893  render           | Saved: '/Users/dean/Documents/MORI/mechanical/renders/docked.png'
RENDER_COMPLETE
Blender 5.2.1 LTS (hash 9e2066aef7ef built 2026-08-25 01:35:57)

Blender quit
