00:00.444  blend            | Read blend: "/Users/dean/Documents/MORI/mechanical/mori_v1_2.blend"
00:02.011  render           | Saved: '/Users/dean/Documents/MORI/mechanical/renders/parts/Body_Upper.png'
PART_PREVIEW 1 15 MORI_V1__Body_Upper
00:02.445  render           | Saved: '/Users/dean/Documents/MORI/mechanical/renders/parts/Display_Frame.png'
PART_PREVIEW 2 15 MORI_V1__Display_Frame
00:02.767  render           | Saved: '/Users/dean/Documents/MORI/mechanical/renders/parts/Head_Cradle_Insert_-1.png'
PART_PREVIEW 3 15 MORI_V1__Head_Cradle_Insert_-1
00:03.085  render           | Saved: '/Users/dean/Documents/MORI/mechanical/renders/parts/Head_Cradle_Insert_1.png'
PART_PREVIEW 4 15 MORI_V1__Head_Cradle_Insert_1
00:03.402  render           | Saved: '/Users/dean/Documents/MORI/mechanical/renders/parts/Head_Cradle_Screw_-1.png'
PART_PREVIEW 5 15 MORI_V1__Head_Cradle_Screw_-1
00:03.726  render           | Saved: '/Users/dean/Documents/MORI/mechanical/renders/parts/Head_Cradle_Screw_1.png'
PART_PREVIEW 6 15 MORI_V1__Head_Cradle_Screw_1
00:04.095  render           | Saved: '/Users/dean/Documents/MORI/mechanical/renders/parts/Head_Front.png'
PART_PREVIEW 7 15 MORI_V1__Head_Front
00:04.427  render           | Saved: '/Users/dean/Documents/MORI/mechanical/renders/parts/Head_Seam_Insert_-1.png'
PART_PREVIEW 8 15 MORI_V1__Head_Seam_Insert_-1
00:04.745  render           | Saved: '/Users/dean/Documents/MORI/mechanical/renders/parts/Head_Seam_Insert_1.png'
PART_PREVIEW 9 15 MORI_V1__Head_Seam_Insert_1
00:05.054  render           | Saved: '/Users/dean/Documents/MORI/mechanical/renders/parts/Head_Seam_Screw_-1.png'
PART_PREVIEW 10 15 MORI_V1__Head_Seam_Screw_-1
00:05.378  render           | Saved: '/Users/dean/Documents/MORI/mechanical/renders/parts/Head_Seam_Screw_1.png'
PART_PREVIEW 11 15 MORI_V1__Head_Seam_Screw_1
00:05.703  render           | Saved: '/Users/dean/Documents/MORI/mechanical/renders/parts/LCD_Mount_Screw_0.png'
PART_PREVIEW 12 15 MORI_V1__LCD_Mount_Screw_0
00:06.034  render           | Saved: '/Users/dean/Documents/MORI/mechanical/renders/parts/LCD_Mount_Screw_1.png'
PART_PREVIEW 13 15 MORI_V1__LCD_Mount_Screw_1
00:06.362  render           | Saved: '/Users/dean/Documents/MORI/mechanical/renders/parts/LCD_Mount_Screw_2.png'
PART_PREVIEW 14 15 MORI_V1__LCD_Mount_Screw_2
00:06.730  render           | Saved: '/Users/dean/Documents/MORI/mechanical/renders/parts/Pitch_Cradle.png'
PART_PREVIEW 15 15 MORI_V1__Pitch_Cradle
CATALOG_COMPLETE
Blender 5.2.1 LTS (hash 9e2066aef7ef built 2026-08-25 01:35:57)

Blender quit
