00:00.472  blend            | Read blend: "/Users/dean/Documents/MORI/mechanical/mori_v1_2.blend"
FORMING_CONTACTS 0.0 PASS housing PASS
FORMING_CONTACTS 0.025 PASS housing PASS
FORMING_CONTACTS 0.05 PASS housing PASS
FORMING_CONTACTS 0.075 PASS housing PASS
FORMING_CONTACTS 0.1 PASS housing PASS
FORMING_CONTACTS 0.125 PASS housing PASS
FORMING_CONTACTS 0.15 PASS housing PASS
FORMING_CONTACTS 0.175 PASS housing PASS
FORMING_CONTACTS 0.2 PASS housing PASS
FORMING_CONTACTS 0.225 PASS housing PASS
FORMING_CONTACTS 0.25 PASS housing PASS
FORMING_CONTACTS 0.275 PASS housing PASS
FORMING_CONTACTS 0.3 PASS housing PASS
FORMING_CONTACTS 0.325 PASS housing PASS
FORMING_CONTACTS 0.35 PASS housing PASS
FORMING_CONTACTS 0.375 PASS housing PASS
FORMING_CONTACTS 0.4 PASS housing PASS
FORMING_CONTACTS 0.425 PASS housing PASS
FORMING_CONTACTS 0.45 PASS housing PASS
FORMING_CONTACTS 0.475 PASS housing PASS
FORMING_CONTACTS 0.5 PASS housing PASS
FORMING_CONTACTS 0.525 PASS housing PASS
FORMING_CONTACTS 0.55 PASS housing PASS
FORMING_CONTACTS 0.575 PASS housing PASS
FORMING_CONTACTS 0.6 PASS housing PASS
FORMING_CONTACTS 0.625 PASS housing PASS
FORMING_CONTACTS 0.65 PASS housing PASS
FORMING_CONTACTS 0.675 PASS housing PASS
FORMING_CONTACTS 0.7 PASS housing PASS
FORMING_CONTACTS 0.725 PASS housing PASS
FORMING_CONTACTS 0.75 PASS housing PASS
FORMING_CONTACTS 0.775 PASS housing PASS
FORMING_CONTACTS 0.8 PASS housing PASS
FORMING_CONTACTS 0.825 PASS housing PASS
FORMING_CONTACTS 0.85 PASS housing PASS
FORMING_CONTACTS 0.875 PASS housing PASS
FORMING_CONTACTS 0.9 PASS housing PASS
FORMING_CONTACTS 0.925 PASS housing PASS
FORMING_CONTACTS 0.95 PASS housing PASS
FORMING_CONTACTS 0.975 PASS housing BLOCKED
FORMING_CONTACTS 1.0 PASS housing PASS
FORMING_TERMINALS_DONE PASS BLOCKED
Blender 5.2.2 LTS (hash d13f752e3b9c built 2026-09-15 01:49:19)

Blender quit
