00:00.452  blend            | Read blend: "/Users/dean/Documents/MORI/mechanical/mori_v1_2.blend"
00:01.457  render           | Saved: '/Users/dean/Documents/MORI/mechanical/renders/parts/Body_IMU.png'
PART_PREVIEW 1 22 MORI_V1__Body_IMU
00:01.856  render           | Saved: '/Users/dean/Documents/MORI/mechanical/renders/parts/Body_Upper.png'
PART_PREVIEW 2 22 MORI_V1__Body_Upper
00:02.294  render           | Saved: '/Users/dean/Documents/MORI/mechanical/renders/parts/Head_Buck.png'
PART_PREVIEW 3 22 MORI_V1__Head_Buck
00:02.643  render           | Saved: '/Users/dean/Documents/MORI/mechanical/renders/parts/Head_Buck_Insert_0.png'
PART_PREVIEW 4 22 MORI_V1__Head_Buck_Insert_0
00:03.048  render           | Saved: '/Users/dean/Documents/MORI/mechanical/renders/parts/Head_Buck_Insert_1.png'
PART_PREVIEW 5 22 MORI_V1__Head_Buck_Insert_1
00:03.391  render           | Saved: '/Users/dean/Documents/MORI/mechanical/renders/parts/Head_Buck_Screw_0.png'
PART_PREVIEW 6 22 MORI_V1__Head_Buck_Screw_0
00:03.748  render           | Saved: '/Users/dean/Documents/MORI/mechanical/renders/parts/Head_Buck_Screw_1.png'
PART_PREVIEW 7 22 MORI_V1__Head_Buck_Screw_1
00:04.218  render           | Saved: '/Users/dean/Documents/MORI/mechanical/renders/parts/Load_Frame.png'
PART_PREVIEW 8 22 MORI_V1__Load_Frame
00:04.657  render           | Saved: '/Users/dean/Documents/MORI/mechanical/renders/parts/MCU_Carrier.png'
PART_PREVIEW 9 22 MORI_V1__MCU_Carrier
00:05.221  render           | Saved: '/Users/dean/Documents/MORI/mechanical/renders/parts/Power_Module.png'
PART_PREVIEW 10 22 MORI_V1__Power_Module
00:05.593  render           | Saved: '/Users/dean/Documents/MORI/mechanical/renders/parts/Power_Switch.png'
PART_PREVIEW 11 22 MORI_V1__Power_Switch
00:05.938  render           | Saved: '/Users/dean/Documents/MORI/mechanical/renders/parts/Rear_Interface_Insert_0.png'
PART_PREVIEW 12 22 MORI_V1__Rear_Interface_Insert_0
00:06.259  render           | Saved: '/Users/dean/Documents/MORI/mechanical/renders/parts/Rear_Interface_Insert_1.png'
PART_PREVIEW 13 22 MORI_V1__Rear_Interface_Insert_1
00:06.627  render           | Saved: '/Users/dean/Documents/MORI/mechanical/renders/parts/Rear_Interface_PCB.png'
PART_PREVIEW 14 22 MORI_V1__Rear_Interface_PCB
00:06.980  render           | Saved: '/Users/dean/Documents/MORI/mechanical/renders/parts/Rear_Interface_Screw_0.png'
PART_PREVIEW 15 22 MORI_V1__Rear_Interface_Screw_0
00:07.323  render           | Saved: '/Users/dean/Documents/MORI/mechanical/renders/parts/Rear_Interface_Screw_1.png'
PART_PREVIEW 16 22 MORI_V1__Rear_Interface_Screw_1
00:07.709  render           | Saved: '/Users/dean/Documents/MORI/mechanical/renders/parts/USB_Receptacle.png'
PART_PREVIEW 17 22 MORI_V1__USB_Receptacle
00:08.088  render           | Saved: '/Users/dean/Documents/MORI/mechanical/renders/parts/Wheel_Buck.png'
PART_PREVIEW 18 22 MORI_V1__Wheel_Buck
00:08.427  render           | Saved: '/Users/dean/Documents/MORI/mechanical/renders/parts/Wheel_Buck_Insert_1.png'
PART_PREVIEW 19 22 MORI_V1__Wheel_Buck_Insert_1
00:08.756  render           | Saved: '/Users/dean/Documents/MORI/mechanical/renders/parts/Wheel_Buck_Insert_2.png'
PART_PREVIEW 20 22 MORI_V1__Wheel_Buck_Insert_2
00:09.072  render           | Saved: '/Users/dean/Documents/MORI/mechanical/renders/parts/Wheel_Buck_Screw_1.png'
PART_PREVIEW 21 22 MORI_V1__Wheel_Buck_Screw_1
00:09.390  render           | Saved: '/Users/dean/Documents/MORI/mechanical/renders/parts/Wheel_Buck_Screw_2.png'
PART_PREVIEW 22 22 MORI_V1__Wheel_Buck_Screw_2
CATALOG_COMPLETE
Blender 5.2.1 LTS (hash 9e2066aef7ef built 2026-08-25 01:35:57)

Blender quit
