00:00.336  blend            | Read blend: "/Users/dean/Documents/MORI/mechanical/mori_v1_2.blend"
MORI STL Battery_Tray PASS
MORI STL Body_Lower FAIL
MORI STL Body_Upper PASS
MORI STL Coupon_Insert PASS
MORI STL Coupon_Mating_Tab PASS
MORI STL Coupon_Plane_Fit PASS
MORI STL Coupon_Wheel_Fit PASS
MORI STL Display_Frame PASS
MORI STL Drive_Bridge FAIL
MORI STL Head_Front FAIL
MORI STL Head_Rear FAIL
MORI STL Load_Frame PASS
MORI STL Motor_Retainer PASS
MORI STL Parking_Cradle PASS
MORI STL Pitch_Cradle PASS
MORI STL Pitch_Yoke FAIL
MORI STL Wheel_Hub_L PASS
MORI STL Wheel_Hub_R PASS
MORI STL Yaw_Base PASS
MORI STL Yaw_Reaction_Link PASS
Blender 5.2.2 LTS (hash d13f752e3b9c built 2026-09-15 01:49:19)
Timer 'STL Import' took 0.53 ms
Timer 'STL Import' took 3.10 ms
Timer 'STL Import' took 0.30 ms
Timer 'STL Import' took 66667 ns
Timer 'STL Import' took 96708 ns
Timer 'STL Import' took 0.27 ms
Timer 'STL Import' took 0.48 ms
Timer 'STL Import' took 1.91 ms
Timer 'STL Import' took 0.69 ms
Timer 'STL Import' took 0.16 ms
Timer 'STL Import' took 0.67 ms
Timer 'STL Import' took 0.17 ms
Timer 'STL Import' took 0.14 ms
Timer 'STL Import' took 0.90 ms
Timer 'STL Import' took 0.48 ms

Blender quit
