SIMPLE_HEAD validate START
SIMPLE_HEAD validate 0
WAVESHARE_REVIEW_ONLY: three disclosed camera/old-mount conflicts; printed structure not changed without confirmation.
SIMPLE_HEAD render START
SIMPLE_HEAD export START
SIMPLE_HEAD export_wheel_metal START
SIMPLE_HEAD simple_before START
SIMPLE_HEAD export_wheel_metal 0
SIMPLE_HEAD simple_after START
SIMPLE_HEAD export 0
SIMPLE_HEAD simple_after 0
SIMPLE_HEAD simple_before 0
SIMPLE_HEAD render 0
SIMPLE_HEAD head_comparison START
SIMPLE_HEAD corner_comparison START
SIMPLE_HEAD servo_comparison START
SIMPLE_HEAD foot_comparison START
SIMPLE_HEAD corner_comparison 0
SIMPLE_HEAD catalog START
SIMPLE_HEAD head_comparison 0
SIMPLE_HEAD export_electronics_detail START
SIMPLE_HEAD catalog 0
SIMPLE_HEAD waveshare_comparison START
SIMPLE_HEAD foot_comparison 0
SIMPLE_HEAD servo_comparison 0
SIMPLE_HEAD export_electronics_detail 0
SIMPLE_HEAD waveshare_comparison 0
SIMPLE_HEAD structure_metadata START
SIMPLE_HEAD structure_metadata 0
SIMPLE_HEAD delivery_check START
SIMPLE_HEAD electronics_detail_check START
SIMPLE_HEAD waveshare_bench_check START
SIMPLE_HEAD electronics_detail_check 0
SIMPLE_HEAD delivery_check 0
SIMPLE_HEAD waveshare_bench_check 0
SIMPLE_HEAD report START
SIMPLE_HEAD report 0
SIMPLE_HEAD_DELIVERY_COMPLETE
