SP3040 build START
SP3040 build 0
SP3040 check_rebuild START
SP3040 check_rebuild 0
SP3040 validate START
SP3040 validate 0
SP3040 render START
SP3040 export START
SP3040 speaker_views START
SP3040 animation START
SP3040 export 0
SP3040 speaker_views 0
SP3040 animation 0
SP3040 render 0
SP3040 catalog START
SP3040 export_electronics_detail START
SP3040 export_wheel_metal START
SP3040 structure_metadata START
SP3040 export_wheel_metal 0
SP3040 structure_metadata 0
SP3040 catalog 0
SP3040 export_electronics_detail 0
SP3040 delivery_check START
SP3040 electronics_detail_check START
SP3040 electronics_detail_check 0
SP3040 delivery_check 0
SP3040 report START
SP3040 report 0
SP3040_DELIVERY_COMPLETE
