WAVESHARE build START
WAVESHARE build 0
WAVESHARE check_rebuild START
WAVESHARE check_rebuild 0
WAVESHARE validate START
WAVESHARE validate 0
WAVESHARE_REVIEW_ONLY: three disclosed camera/old-mount conflicts; printed structure not changed without confirmation.
WAVESHARE render START
WAVESHARE export START
WAVESHARE export_wheel_metal START
WAVESHARE servo_comparison START
WAVESHARE animation START
WAVESHARE waveshare_comparison START
WAVESHARE animation 1
WAVESHARE export_wheel_metal 0
WAVESHARE export 0
WAVESHARE waveshare_comparison 0
WAVESHARE servo_comparison 0
WAVESHARE render 0
Failed stage; inspect recorded log
