Checking "python3" ...
Python 3.9.6
"python3" has been detected
Activating ESP-IDF 5.5
Setting IDF_PATH to '/Users/dean/esp/esp-idf'.
* Checking python version ... 3.9.6
* Checking python dependencies ... OK
* Deactivating the current ESP-IDF environment (if any) ... OK
* Establishing a new ESP-IDF environment ... OK
* Identifying shell ... bash
* Detecting outdated tools in system ... Found tools that are not used by active ESP-IDF version.
For removing old versions of riscv32-esp-elf, xtensa-esp-elf, xtensa-esp-elf-gdb use command 'python /Users/dean/esp/esp-idf/tools/idf_tools.py uninstall'
To free up even more space, remove installation packages of those tools.
Use option python /Users/dean/esp/esp-idf/tools/idf_tools.py uninstall --remove-archives.
* Shell completion ... Autocompletion code generated
WARNING: Failed to load shell autocompletion for bash version: 3.2.57(1)-release!

Done! You can now compile ESP-IDF projects.
Go to the project directory and run:

  idf.py build
Executing action: all (aliases: build)
Running ninja in directory /Users/dean/Documents/MORI/firmware/motion/build_v1
Executing "ninja all"...
[1/12] Performing build step for 'bootloader'
[1/1] cd /Users/dean/Documents/MORI/firmware/motion/build_v1/bootloader/esp-idf/esptool_py && /Users/dean/.espressif/python_env/idf5.5_py3.9_env/bin/python /Users/dean/esp/esp-idf/components/partition_table/check_sizes.py --offset 0x8000 bootloader 0x0 /Users/dean/Documents/MORI/firmware/motion/build_v1/bootloader/bootloader.bin
Bootloader binary size 0x5240 bytes. 0x2dc0 bytes (36%) free.
[2/12] No install step for 'bootloader'
[3/12] Building C object esp-idf/mori_v1/CMakeFiles/__idf_mori_v1.dir/Users/dean/Documents/MORI/contracts/wire.c.obj
[4/12] Completed 'bootloader'
[5/12] Building C object esp-idf/mori_v1/CMakeFiles/__idf_mori_v1.dir/mori_v1.c.obj
[6/12] Building C object esp-idf/main/CMakeFiles/__idf_main.dir/v1_main.c.obj
[7/12] Linking C static library esp-idf/mori_v1/libmori_v1.a
[8/12] Linking C static library esp-idf/main/libmain.a
[9/12] Generating esp-idf/esp_system/ld/sections.ld
[10/12] Linking CXX executable mori_hardware_validation.elf
[11/12] Generating binary image from built executable
esptool.py v4.12.0
Creating esp32s3 image...
Merged 2 ELF sections
Successfully created esp32s3 image.
Generated /Users/dean/Documents/MORI/firmware/motion/build_v1/mori_hardware_validation.bin
[12/12] cd /Users/dean/Documents/MORI/firmware/motion/build_v1/esp-idf/esptool_py && /Users/dean/.espressif/python_env/idf5.5_py3.9_env/bin/python /Users/dean/esp/esp-idf/components/partition_table/check_sizes.py --offset 0x8000 partition --type app /Users/dean/Documents/MORI/firmware/motion/build_v1/partition_table/partition-table.bin /Users/dean/Documents/MORI/firmware/motion/build_v1/mori_hardware_validation.bin
mori_hardware_validation.bin binary size 0x2fe10 bytes. Smallest app partition is 0x100000 bytes. 0xd01f0 bytes (81%) free.

Project build complete. To flash, run:
 idf.py flash
or
 idf.py -p PORT flash
or
 python -m esptool --chip esp32s3 -b 460800 --before default_reset --after hard_reset write_flash --flash_mode dio --flash_size 8MB --flash_freq 80m 0x0 firmware/motion/build_v1/bootloader/bootloader.bin 0x8000 firmware/motion/build_v1/partition_table/partition-table.bin 0x10000 firmware/motion/build_v1/mori_hardware_validation.bin
or from the "/Users/dean/Documents/MORI/firmware/motion/build_v1" directory
 python -m esptool --chip esp32s3 -b 460800 --before default_reset --after hard_reset write_flash "@flash_args"
Executing action: all (aliases: build)
Running ninja in directory /Users/dean/Documents/MORI/firmware/interaction/build_v1
Executing "ninja all"...
[1/10] Performing build step for 'bootloader'
[1/1] cd /Users/dean/Documents/MORI/firmware/interaction/build_v1/bootloader/esp-idf/esptool_py && /Users/dean/.espressif/python_env/idf5.5_py3.9_env/bin/python /Users/dean/esp/esp-idf/components/partition_table/check_sizes.py --offset 0x8000 bootloader 0x0 /Users/dean/Documents/MORI/firmware/interaction/build_v1/bootloader/bootloader.bin
Bootloader binary size 0x5240 bytes. 0x2dc0 bytes (36%) free.
[2/10] No install step for 'bootloader'
[3/10] Completed 'bootloader'
[4/10] Building C object esp-idf/main/CMakeFiles/__idf_main.dir/__/core/eyes.c.obj
[5/10] Building C object esp-idf/main/CMakeFiles/__idf_main.dir/main.c.obj
[6/10] Linking C static library esp-idf/main/libmain.a
[7/10] Generating esp-idf/esp_system/ld/sections.ld
[8/10] Linking CXX executable mori_interaction.elf
[9/10] Generating binary image from built executable
esptool.py v4.12.0
Creating esp32s3 image...
Merged 2 ELF sections
Successfully created esp32s3 image.
Generated /Users/dean/Documents/MORI/firmware/interaction/build_v1/mori_interaction.bin
[10/10] cd /Users/dean/Documents/MORI/firmware/interaction/build_v1/esp-idf/esptool_py && /Users/dean/.espressif/python_env/idf5.5_py3.9_env/bin/python /Users/dean/esp/esp-idf/components/partition_table/check_sizes.py --offset 0x8000 partition --type app /Users/dean/Documents/MORI/firmware/interaction/build_v1/partition_table/partition-table.bin /Users/dean/Documents/MORI/firmware/interaction/build_v1/mori_interaction.bin
mori_interaction.bin binary size 0x4d210 bytes. Smallest app partition is 0x400000 bytes. 0x3b2df0 bytes (92%) free.

Project build complete. To flash, run:
 idf.py flash
or
 idf.py -p PORT flash
or
 python -m esptool --chip esp32s3 -b 460800 --before default_reset --after hard_reset write_flash --flash_mode dio --flash_size 8MB --flash_freq 80m 0x0 firmware/interaction/build_v1/bootloader/bootloader.bin 0x8000 firmware/interaction/build_v1/partition_table/partition-table.bin 0x10000 firmware/interaction/build_v1/mori_interaction.bin 0x410000 firmware/interaction/build_v1/srmodels/srmodels.bin
or from the "/Users/dean/Documents/MORI/firmware/interaction/build_v1" directory
 python -m esptool --chip esp32s3 -b 460800 --before default_reset --after hard_reset write_flash "@flash_args"
