11:48:22 PM: Debug: Adding duplicate image handler for 'PNG file'
11:48:22 PM: Debug: Adding duplicate image handler for 'JPEG file'
11:48:22 PM: Debug: Adding duplicate image handler for 'TIFF file'
11:48:22 PM: Debug: Adding duplicate image handler for 'GIF file'
11:48:22 PM: Debug: Adding duplicate image handler for 'PNM file'
11:48:22 PM: Debug: Adding duplicate image handler for 'PCX file'
11:48:22 PM: Debug: Adding duplicate image handler for 'IFF file'
11:48:22 PM: Debug: Adding duplicate image handler for 'Windows icon file'
11:48:22 PM: Debug: Adding duplicate image handler for 'Windows cursor file'
11:48:22 PM: Debug: Adding duplicate image handler for 'Windows animated cursor file'
11:48:22 PM: Debug: Adding duplicate image handler for 'TGA file'
11:48:22 PM: Debug: Adding duplicate image handler for 'XPM file'
RESULT /BAT_MON 2.0 islands 2
11:48:26 PM: Debug: Adding duplicate image handler for 'PNG file'
11:48:26 PM: Debug: Adding duplicate image handler for 'JPEG file'
11:48:26 PM: Debug: Adding duplicate image handler for 'TIFF file'
11:48:26 PM: Debug: Adding duplicate image handler for 'GIF file'
11:48:26 PM: Debug: Adding duplicate image handler for 'PNM file'
11:48:26 PM: Debug: Adding duplicate image handler for 'PCX file'
11:48:26 PM: Debug: Adding duplicate image handler for 'IFF file'
11:48:26 PM: Debug: Adding duplicate image handler for 'Windows icon file'
11:48:26 PM: Debug: Adding duplicate image handler for 'Windows cursor file'
11:48:26 PM: Debug: Adding duplicate image handler for 'Windows animated cursor file'
11:48:26 PM: Debug: Adding duplicate image handler for 'TGA file'
11:48:26 PM: Debug: Adding duplicate image handler for 'XPM file'
RESULT /BAT_MON 0.2 islands 1
11:48:26 PM: Debug: Adding duplicate image handler for 'PNG file'
11:48:26 PM: Debug: Adding duplicate image handler for 'JPEG file'
11:48:26 PM: Debug: Adding duplicate image handler for 'TIFF file'
11:48:26 PM: Debug: Adding duplicate image handler for 'GIF file'
11:48:26 PM: Debug: Adding duplicate image handler for 'PNM file'
11:48:26 PM: Debug: Adding duplicate image handler for 'PCX file'
11:48:26 PM: Debug: Adding duplicate image handler for 'IFF file'
11:48:26 PM: Debug: Adding duplicate image handler for 'Windows icon file'
11:48:26 PM: Debug: Adding duplicate image handler for 'Windows cursor file'
11:48:26 PM: Debug: Adding duplicate image handler for 'Windows animated cursor file'
11:48:26 PM: Debug: Adding duplicate image handler for 'TGA file'
11:48:26 PM: Debug: Adding duplicate image handler for 'XPM file'
local route /H6_IN segments 9 vias 0 nodes 8327
RESULT /H6_IN 1.0 islands 1
11:48:27 PM: Debug: Adding duplicate image handler for 'PNG file'
11:48:27 PM: Debug: Adding duplicate image handler for 'JPEG file'
11:48:27 PM: Debug: Adding duplicate image handler for 'TIFF file'
11:48:27 PM: Debug: Adding duplicate image handler for 'GIF file'
11:48:27 PM: Debug: Adding duplicate image handler for 'PNM file'
11:48:27 PM: Debug: Adding duplicate image handler for 'PCX file'
11:48:27 PM: Debug: Adding duplicate image handler for 'IFF file'
11:48:27 PM: Debug: Adding duplicate image handler for 'Windows icon file'
11:48:27 PM: Debug: Adding duplicate image handler for 'Windows cursor file'
11:48:27 PM: Debug: Adding duplicate image handler for 'Windows animated cursor file'
11:48:27 PM: Debug: Adding duplicate image handler for 'TGA file'
11:48:27 PM: Debug: Adding duplicate image handler for 'XPM file'
RESULT /H_PRE 1.0 islands 2
11:48:37 PM: Debug: Adding duplicate image handler for 'PNG file'
11:48:37 PM: Debug: Adding duplicate image handler for 'JPEG file'
11:48:37 PM: Debug: Adding duplicate image handler for 'TIFF file'
11:48:37 PM: Debug: Adding duplicate image handler for 'GIF file'
11:48:37 PM: Debug: Adding duplicate image handler for 'PNM file'
11:48:37 PM: Debug: Adding duplicate image handler for 'PCX file'
11:48:37 PM: Debug: Adding duplicate image handler for 'IFF file'
11:48:37 PM: Debug: Adding duplicate image handler for 'Windows icon file'
11:48:37 PM: Debug: Adding duplicate image handler for 'Windows cursor file'
11:48:37 PM: Debug: Adding duplicate image handler for 'Windows animated cursor file'
11:48:37 PM: Debug: Adding duplicate image handler for 'TGA file'
11:48:37 PM: Debug: Adding duplicate image handler for 'XPM file'
local route /C5_EN segments 5 vias 0 nodes 912
RESULT /C5_EN 0.2 islands 1
11:48:37 PM: Debug: Adding duplicate image handler for 'PNG file'
11:48:37 PM: Debug: Adding duplicate image handler for 'JPEG file'
11:48:37 PM: Debug: Adding duplicate image handler for 'TIFF file'
11:48:37 PM: Debug: Adding duplicate image handler for 'GIF file'
11:48:37 PM: Debug: Adding duplicate image handler for 'PNM file'
11:48:37 PM: Debug: Adding duplicate image handler for 'PCX file'
11:48:37 PM: Debug: Adding duplicate image handler for 'IFF file'
11:48:37 PM: Debug: Adding duplicate image handler for 'Windows icon file'
11:48:37 PM: Debug: Adding duplicate image handler for 'Windows cursor file'
11:48:37 PM: Debug: Adding duplicate image handler for 'Windows animated cursor file'
11:48:37 PM: Debug: Adding duplicate image handler for 'TGA file'
11:48:37 PM: Debug: Adding duplicate image handler for 'XPM file'
local route /BAT_ADC segments 3 vias 1 nodes 463
local route /BAT_ADC segments 6 vias 0 nodes 4664
RESULT /BAT_ADC 0.2 islands 1
11:48:38 PM: Debug: Adding duplicate image handler for 'PNG file'
11:48:38 PM: Debug: Adding duplicate image handler for 'JPEG file'
11:48:38 PM: Debug: Adding duplicate image handler for 'TIFF file'
11:48:38 PM: Debug: Adding duplicate image handler for 'GIF file'
11:48:38 PM: Debug: Adding duplicate image handler for 'PNM file'
11:48:38 PM: Debug: Adding duplicate image handler for 'PCX file'
11:48:38 PM: Debug: Adding duplicate image handler for 'IFF file'
11:48:38 PM: Debug: Adding duplicate image handler for 'Windows icon file'
11:48:38 PM: Debug: Adding duplicate image handler for 'Windows cursor file'
11:48:38 PM: Debug: Adding duplicate image handler for 'Windows animated cursor file'
11:48:38 PM: Debug: Adding duplicate image handler for 'TGA file'
11:48:38 PM: Debug: Adding duplicate image handler for 'XPM file'
local route /WHEEL_ADC segments 4 vias 0 nodes 808
local route /WHEEL_ADC segments 6 vias 0 nodes 1128
RESULT /WHEEL_ADC 0.2 islands 1
11:48:38 PM: Debug: Adding duplicate image handler for 'PNG file'
11:48:38 PM: Debug: Adding duplicate image handler for 'JPEG file'
11:48:38 PM: Debug: Adding duplicate image handler for 'TIFF file'
11:48:38 PM: Debug: Adding duplicate image handler for 'GIF file'
11:48:38 PM: Debug: Adding duplicate image handler for 'PNM file'
11:48:38 PM: Debug: Adding duplicate image handler for 'PCX file'
11:48:38 PM: Debug: Adding duplicate image handler for 'IFF file'
11:48:38 PM: Debug: Adding duplicate image handler for 'Windows icon file'
11:48:38 PM: Debug: Adding duplicate image handler for 'Windows cursor file'
11:48:38 PM: Debug: Adding duplicate image handler for 'Windows animated cursor file'
11:48:38 PM: Debug: Adding duplicate image handler for 'TGA file'
11:48:38 PM: Debug: Adding duplicate image handler for 'XPM file'
local route /CURRENT_ADC segments 13 vias 1 nodes 11845
RESULT /CURRENT_ADC 0.2 islands 1
11:48:40 PM: Debug: Adding duplicate image handler for 'PNG file'
11:48:40 PM: Debug: Adding duplicate image handler for 'JPEG file'
11:48:40 PM: Debug: Adding duplicate image handler for 'TIFF file'
11:48:40 PM: Debug: Adding duplicate image handler for 'GIF file'
11:48:40 PM: Debug: Adding duplicate image handler for 'PNM file'
11:48:40 PM: Debug: Adding duplicate image handler for 'PCX file'
11:48:40 PM: Debug: Adding duplicate image handler for 'IFF file'
11:48:40 PM: Debug: Adding duplicate image handler for 'Windows icon file'
11:48:40 PM: Debug: Adding duplicate image handler for 'Windows cursor file'
11:48:40 PM: Debug: Adding duplicate image handler for 'Windows animated cursor file'
11:48:40 PM: Debug: Adding duplicate image handler for 'TGA file'
11:48:40 PM: Debug: Adding duplicate image handler for 'XPM file'
local route /ARM_Q segments 23 vias 3 nodes 48187
local route /ARM_Q segments 8 vias 2 nodes 5364
local route /ARM_Q segments 4 vias 1 nodes 4044
RESULT /ARM_Q 0.2 islands 1
11:48:45 PM: Debug: Adding duplicate image handler for 'PNG file'
11:48:45 PM: Debug: Adding duplicate image handler for 'JPEG file'
11:48:45 PM: Debug: Adding duplicate image handler for 'TIFF file'
11:48:45 PM: Debug: Adding duplicate image handler for 'GIF file'
11:48:45 PM: Debug: Adding duplicate image handler for 'PNM file'
11:48:45 PM: Debug: Adding duplicate image handler for 'PCX file'
11:48:45 PM: Debug: Adding duplicate image handler for 'IFF file'
11:48:45 PM: Debug: Adding duplicate image handler for 'Windows icon file'
11:48:45 PM: Debug: Adding duplicate image handler for 'Windows cursor file'
11:48:45 PM: Debug: Adding duplicate image handler for 'Windows animated cursor file'
11:48:45 PM: Debug: Adding duplicate image handler for 'TGA file'
11:48:45 PM: Debug: Adding duplicate image handler for 'XPM file'
RESULT /FAULT_N 0.2 islands 3
11:49:23 PM: Debug: Adding duplicate image handler for 'PNG file'
11:49:23 PM: Debug: Adding duplicate image handler for 'JPEG file'
11:49:23 PM: Debug: Adding duplicate image handler for 'TIFF file'
11:49:23 PM: Debug: Adding duplicate image handler for 'GIF file'
11:49:23 PM: Debug: Adding duplicate image handler for 'PNM file'
11:49:23 PM: Debug: Adding duplicate image handler for 'PCX file'
11:49:23 PM: Debug: Adding duplicate image handler for 'IFF file'
11:49:23 PM: Debug: Adding duplicate image handler for 'Windows icon file'
11:49:23 PM: Debug: Adding duplicate image handler for 'Windows cursor file'
11:49:23 PM: Debug: Adding duplicate image handler for 'Windows animated cursor file'
11:49:23 PM: Debug: Adding duplicate image handler for 'TGA file'
11:49:23 PM: Debug: Adding duplicate image handler for 'XPM file'
local route /CHG_N segments 8 vias 1 nodes 3841
RESULT /CHG_N 0.2 islands 2
11:49:42 PM: Debug: Adding duplicate image handler for 'PNG file'
11:49:42 PM: Debug: Adding duplicate image handler for 'JPEG file'
11:49:42 PM: Debug: Adding duplicate image handler for 'TIFF file'
11:49:42 PM: Debug: Adding duplicate image handler for 'GIF file'
11:49:42 PM: Debug: Adding duplicate image handler for 'PNM file'
11:49:42 PM: Debug: Adding duplicate image handler for 'PCX file'
11:49:42 PM: Debug: Adding duplicate image handler for 'IFF file'
11:49:42 PM: Debug: Adding duplicate image handler for 'Windows icon file'
11:49:42 PM: Debug: Adding duplicate image handler for 'Windows cursor file'
11:49:42 PM: Debug: Adding duplicate image handler for 'Windows animated cursor file'
11:49:42 PM: Debug: Adding duplicate image handler for 'TGA file'
11:49:42 PM: Debug: Adding duplicate image handler for 'XPM file'
local route /+5V_CAM segments 8 vias 2 nodes 27577
RESULT /+5V_CAM 0.2 islands 1
02_routed 5 Counter({'silk_over_copper': 12, 'track_angle': 8, 'via_dangling': 2, 'track_dangling': 2, 'track_not_centered_on_via': 2}) opens 7
11:49:47 PM: Debug: Adding duplicate image handler for 'PNG file'
11:49:47 PM: Debug: Adding duplicate image handler for 'JPEG file'
11:49:47 PM: Debug: Adding duplicate image handler for 'TIFF file'
11:49:47 PM: Debug: Adding duplicate image handler for 'GIF file'
11:49:47 PM: Debug: Adding duplicate image handler for 'PNM file'
11:49:47 PM: Debug: Adding duplicate image handler for 'PCX file'
11:49:47 PM: Debug: Adding duplicate image handler for 'IFF file'
11:49:47 PM: Debug: Adding duplicate image handler for 'Windows icon file'
11:49:47 PM: Debug: Adding duplicate image handler for 'Windows cursor file'
11:49:47 PM: Debug: Adding duplicate image handler for 'Windows animated cursor file'
11:49:47 PM: Debug: Adding duplicate image handler for 'TGA file'
11:49:47 PM: Debug: Adding duplicate image handler for 'XPM file'
snapshot 02_routed
