11:52:55 PM: Debug: Adding duplicate image handler for 'PNG file'
11:52:55 PM: Debug: Adding duplicate image handler for 'JPEG file'
11:52:55 PM: Debug: Adding duplicate image handler for 'TIFF file'
11:52:55 PM: Debug: Adding duplicate image handler for 'GIF file'
11:52:55 PM: Debug: Adding duplicate image handler for 'PNM file'
11:52:55 PM: Debug: Adding duplicate image handler for 'PCX file'
11:52:55 PM: Debug: Adding duplicate image handler for 'IFF file'
11:52:55 PM: Debug: Adding duplicate image handler for 'Windows icon file'
11:52:55 PM: Debug: Adding duplicate image handler for 'Windows cursor file'
11:52:55 PM: Debug: Adding duplicate image handler for 'Windows animated cursor file'
11:52:55 PM: Debug: Adding duplicate image handler for 'TGA file'
11:52:55 PM: Debug: Adding duplicate image handler for 'XPM file'
11:52:55 PM: Debug: Adding duplicate image handler for 'PNG file'
11:52:55 PM: Debug: Adding duplicate image handler for 'JPEG file'
11:52:55 PM: Debug: Adding duplicate image handler for 'TIFF file'
11:52:55 PM: Debug: Adding duplicate image handler for 'GIF file'
11:52:55 PM: Debug: Adding duplicate image handler for 'PNM file'
11:52:55 PM: Debug: Adding duplicate image handler for 'PCX file'
11:52:55 PM: Debug: Adding duplicate image handler for 'IFF file'
11:52:55 PM: Debug: Adding duplicate image handler for 'Windows icon file'
11:52:55 PM: Debug: Adding duplicate image handler for 'Windows cursor file'
11:52:55 PM: Debug: Adding duplicate image handler for 'Windows animated cursor file'
11:52:55 PM: Debug: Adding duplicate image handler for 'TGA file'
11:52:55 PM: Debug: Adding duplicate image handler for 'XPM file'
snapshot 01_prepared
11:52:55 PM: Debug: Adding duplicate image handler for 'PNG file'
11:52:55 PM: Debug: Adding duplicate image handler for 'JPEG file'
11:52:55 PM: Debug: Adding duplicate image handler for 'TIFF file'
11:52:55 PM: Debug: Adding duplicate image handler for 'GIF file'
11:52:55 PM: Debug: Adding duplicate image handler for 'PNM file'
11:52:55 PM: Debug: Adding duplicate image handler for 'PCX file'
11:52:55 PM: Debug: Adding duplicate image handler for 'IFF file'
11:52:55 PM: Debug: Adding duplicate image handler for 'Windows icon file'
11:52:55 PM: Debug: Adding duplicate image handler for 'Windows cursor file'
11:52:55 PM: Debug: Adding duplicate image handler for 'Windows animated cursor file'
11:52:55 PM: Debug: Adding duplicate image handler for 'TGA file'
11:52:55 PM: Debug: Adding duplicate image handler for 'XPM file'
11:52:55 PM: Debug: Adding duplicate image handler for 'PNG file'
11:52:55 PM: Debug: Adding duplicate image handler for 'JPEG file'
11:52:55 PM: Debug: Adding duplicate image handler for 'TIFF file'
11:52:55 PM: Debug: Adding duplicate image handler for 'GIF file'
11:52:55 PM: Debug: Adding duplicate image handler for 'PNM file'
11:52:55 PM: Debug: Adding duplicate image handler for 'PCX file'
11:52:55 PM: Debug: Adding duplicate image handler for 'IFF file'
11:52:55 PM: Debug: Adding duplicate image handler for 'Windows icon file'
11:52:55 PM: Debug: Adding duplicate image handler for 'Windows cursor file'
11:52:55 PM: Debug: Adding duplicate image handler for 'Windows animated cursor file'
11:52:55 PM: Debug: Adding duplicate image handler for 'TGA file'
11:52:55 PM: Debug: Adding duplicate image handler for 'XPM file'
RESULT /H_PRE 1.0 islands 2
11:53:06 PM: Debug: Adding duplicate image handler for 'PNG file'
11:53:06 PM: Debug: Adding duplicate image handler for 'JPEG file'
11:53:06 PM: Debug: Adding duplicate image handler for 'TIFF file'
11:53:06 PM: Debug: Adding duplicate image handler for 'GIF file'
11:53:06 PM: Debug: Adding duplicate image handler for 'PNM file'
11:53:06 PM: Debug: Adding duplicate image handler for 'PCX file'
11:53:06 PM: Debug: Adding duplicate image handler for 'IFF file'
11:53:06 PM: Debug: Adding duplicate image handler for 'Windows icon file'
11:53:06 PM: Debug: Adding duplicate image handler for 'Windows cursor file'
11:53:06 PM: Debug: Adding duplicate image handler for 'Windows animated cursor file'
11:53:06 PM: Debug: Adding duplicate image handler for 'TGA file'
11:53:06 PM: Debug: Adding duplicate image handler for 'XPM file'
RESULT /BAT_MON 2.0 islands 2
11:53:10 PM: Debug: Adding duplicate image handler for 'PNG file'
11:53:10 PM: Debug: Adding duplicate image handler for 'JPEG file'
11:53:10 PM: Debug: Adding duplicate image handler for 'TIFF file'
11:53:10 PM: Debug: Adding duplicate image handler for 'GIF file'
11:53:10 PM: Debug: Adding duplicate image handler for 'PNM file'
11:53:10 PM: Debug: Adding duplicate image handler for 'PCX file'
11:53:10 PM: Debug: Adding duplicate image handler for 'IFF file'
11:53:10 PM: Debug: Adding duplicate image handler for 'Windows icon file'
11:53:10 PM: Debug: Adding duplicate image handler for 'Windows cursor file'
11:53:10 PM: Debug: Adding duplicate image handler for 'Windows animated cursor file'
11:53:10 PM: Debug: Adding duplicate image handler for 'TGA file'
11:53:10 PM: Debug: Adding duplicate image handler for 'XPM file'
RESULT /BAT_MON 1.8 islands 2
03_power 5 Counter({'track_dangling': 4, 'silk_over_copper': 3, 'track_angle': 2, 'via_dangling': 2}) opens 21
11:53:18 PM: Debug: Adding duplicate image handler for 'PNG file'
11:53:18 PM: Debug: Adding duplicate image handler for 'JPEG file'
11:53:18 PM: Debug: Adding duplicate image handler for 'TIFF file'
11:53:18 PM: Debug: Adding duplicate image handler for 'GIF file'
11:53:18 PM: Debug: Adding duplicate image handler for 'PNM file'
11:53:18 PM: Debug: Adding duplicate image handler for 'PCX file'
11:53:18 PM: Debug: Adding duplicate image handler for 'IFF file'
11:53:18 PM: Debug: Adding duplicate image handler for 'Windows icon file'
11:53:18 PM: Debug: Adding duplicate image handler for 'Windows cursor file'
11:53:18 PM: Debug: Adding duplicate image handler for 'Windows animated cursor file'
11:53:18 PM: Debug: Adding duplicate image handler for 'TGA file'
11:53:18 PM: Debug: Adding duplicate image handler for 'XPM file'
snapshot 03_power
