11:57:17 PM: Debug: Adding duplicate image handler for 'PNG file'
11:57:17 PM: Debug: Adding duplicate image handler for 'JPEG file'
11:57:17 PM: Debug: Adding duplicate image handler for 'TIFF file'
11:57:17 PM: Debug: Adding duplicate image handler for 'GIF file'
11:57:17 PM: Debug: Adding duplicate image handler for 'PNM file'
11:57:17 PM: Debug: Adding duplicate image handler for 'PCX file'
11:57:17 PM: Debug: Adding duplicate image handler for 'IFF file'
11:57:17 PM: Debug: Adding duplicate image handler for 'Windows icon file'
11:57:17 PM: Debug: Adding duplicate image handler for 'Windows cursor file'
11:57:17 PM: Debug: Adding duplicate image handler for 'Windows animated cursor file'
11:57:17 PM: Debug: Adding duplicate image handler for 'TGA file'
11:57:17 PM: Debug: Adding duplicate image handler for 'XPM file'
local route /H_PRE segments 7 vias 1 nodes 12299
RESULT /H_PRE 0.8 islands 1
11:57:19 PM: Debug: Adding duplicate image handler for 'PNG file'
11:57:19 PM: Debug: Adding duplicate image handler for 'JPEG file'
11:57:19 PM: Debug: Adding duplicate image handler for 'TIFF file'
11:57:19 PM: Debug: Adding duplicate image handler for 'GIF file'
11:57:19 PM: Debug: Adding duplicate image handler for 'PNM file'
11:57:19 PM: Debug: Adding duplicate image handler for 'PCX file'
11:57:19 PM: Debug: Adding duplicate image handler for 'IFF file'
11:57:19 PM: Debug: Adding duplicate image handler for 'Windows icon file'
11:57:19 PM: Debug: Adding duplicate image handler for 'Windows cursor file'
11:57:19 PM: Debug: Adding duplicate image handler for 'Windows animated cursor file'
11:57:19 PM: Debug: Adding duplicate image handler for 'TGA file'
11:57:19 PM: Debug: Adding duplicate image handler for 'XPM file'
RESULT /BAT_MON 1.5 islands 2
11:57:27 PM: Debug: Adding duplicate image handler for 'PNG file'
11:57:27 PM: Debug: Adding duplicate image handler for 'JPEG file'
11:57:27 PM: Debug: Adding duplicate image handler for 'TIFF file'
11:57:27 PM: Debug: Adding duplicate image handler for 'GIF file'
11:57:27 PM: Debug: Adding duplicate image handler for 'PNM file'
11:57:27 PM: Debug: Adding duplicate image handler for 'PCX file'
11:57:27 PM: Debug: Adding duplicate image handler for 'IFF file'
11:57:27 PM: Debug: Adding duplicate image handler for 'Windows icon file'
11:57:27 PM: Debug: Adding duplicate image handler for 'Windows cursor file'
11:57:27 PM: Debug: Adding duplicate image handler for 'Windows animated cursor file'
11:57:27 PM: Debug: Adding duplicate image handler for 'TGA file'
11:57:27 PM: Debug: Adding duplicate image handler for 'XPM file'
snapshot 05_power
05_power 5 Counter({'track_angle': 4, 'track_dangling': 4, 'silk_over_copper': 3, 'via_dangling': 2}) opens 20
