11:58:42 PM: Debug: Adding duplicate image handler for 'PNG file'
11:58:42 PM: Debug: Adding duplicate image handler for 'JPEG file'
11:58:42 PM: Debug: Adding duplicate image handler for 'TIFF file'
11:58:42 PM: Debug: Adding duplicate image handler for 'GIF file'
11:58:42 PM: Debug: Adding duplicate image handler for 'PNM file'
11:58:42 PM: Debug: Adding duplicate image handler for 'PCX file'
11:58:42 PM: Debug: Adding duplicate image handler for 'IFF file'
11:58:42 PM: Debug: Adding duplicate image handler for 'Windows icon file'
11:58:42 PM: Debug: Adding duplicate image handler for 'Windows cursor file'
11:58:42 PM: Debug: Adding duplicate image handler for 'Windows animated cursor file'
11:58:42 PM: Debug: Adding duplicate image handler for 'TGA file'
11:58:42 PM: Debug: Adding duplicate image handler for 'XPM file'
RESULT /BAT_MON 1.5 islands 2
11:58:50 PM: Debug: Adding duplicate image handler for 'PNG file'
11:58:50 PM: Debug: Adding duplicate image handler for 'JPEG file'
11:58:50 PM: Debug: Adding duplicate image handler for 'TIFF file'
11:58:50 PM: Debug: Adding duplicate image handler for 'GIF file'
11:58:50 PM: Debug: Adding duplicate image handler for 'PNM file'
11:58:50 PM: Debug: Adding duplicate image handler for 'PCX file'
11:58:50 PM: Debug: Adding duplicate image handler for 'IFF file'
11:58:50 PM: Debug: Adding duplicate image handler for 'Windows icon file'
11:58:50 PM: Debug: Adding duplicate image handler for 'Windows cursor file'
11:58:50 PM: Debug: Adding duplicate image handler for 'Windows animated cursor file'
11:58:50 PM: Debug: Adding duplicate image handler for 'TGA file'
11:58:50 PM: Debug: Adding duplicate image handler for 'XPM file'
local route /BAT_MON segments 21 vias 2 nodes 118809
RESULT /BAT_MON 1.0 islands 1
