12:01:13 AM: Debug: Adding duplicate image handler for 'PNG file'
12:01:13 AM: Debug: Adding duplicate image handler for 'JPEG file'
12:01:13 AM: Debug: Adding duplicate image handler for 'TIFF file'
12:01:13 AM: Debug: Adding duplicate image handler for 'GIF file'
12:01:13 AM: Debug: Adding duplicate image handler for 'PNM file'
12:01:13 AM: Debug: Adding duplicate image handler for 'PCX file'
12:01:13 AM: Debug: Adding duplicate image handler for 'IFF file'
12:01:13 AM: Debug: Adding duplicate image handler for 'Windows icon file'
12:01:13 AM: Debug: Adding duplicate image handler for 'Windows cursor file'
12:01:13 AM: Debug: Adding duplicate image handler for 'Windows animated cursor file'
12:01:13 AM: Debug: Adding duplicate image handler for 'TGA file'
12:01:13 AM: Debug: Adding duplicate image handler for 'XPM file'
12:01:14 AM: Debug: Adding duplicate image handler for 'PNG file'
12:01:14 AM: Debug: Adding duplicate image handler for 'JPEG file'
12:01:14 AM: Debug: Adding duplicate image handler for 'TIFF file'
12:01:14 AM: Debug: Adding duplicate image handler for 'GIF file'
12:01:14 AM: Debug: Adding duplicate image handler for 'PNM file'
12:01:14 AM: Debug: Adding duplicate image handler for 'PCX file'
12:01:14 AM: Debug: Adding duplicate image handler for 'IFF file'
12:01:14 AM: Debug: Adding duplicate image handler for 'Windows icon file'
12:01:14 AM: Debug: Adding duplicate image handler for 'Windows cursor file'
12:01:14 AM: Debug: Adding duplicate image handler for 'Windows animated cursor file'
12:01:14 AM: Debug: Adding duplicate image handler for 'TGA file'
12:01:14 AM: Debug: Adding duplicate image handler for 'XPM file'
local route /H6_IN segments 9 vias 0 nodes 8327
RESULT /H6_IN 1.0 islands 1
12:01:14 AM: Debug: Adding duplicate image handler for 'PNG file'
12:01:14 AM: Debug: Adding duplicate image handler for 'JPEG file'
12:01:14 AM: Debug: Adding duplicate image handler for 'TIFF file'
12:01:14 AM: Debug: Adding duplicate image handler for 'GIF file'
12:01:14 AM: Debug: Adding duplicate image handler for 'PNM file'
12:01:14 AM: Debug: Adding duplicate image handler for 'PCX file'
12:01:14 AM: Debug: Adding duplicate image handler for 'IFF file'
12:01:14 AM: Debug: Adding duplicate image handler for 'Windows icon file'
12:01:14 AM: Debug: Adding duplicate image handler for 'Windows cursor file'
12:01:14 AM: Debug: Adding duplicate image handler for 'Windows animated cursor file'
12:01:14 AM: Debug: Adding duplicate image handler for 'TGA file'
12:01:14 AM: Debug: Adding duplicate image handler for 'XPM file'
local route /BAT_MON segments 8 vias 1 nodes 24878
RESULT /BAT_MON 0.2 islands 1
12:01:17 AM: Debug: Adding duplicate image handler for 'PNG file'
12:01:17 AM: Debug: Adding duplicate image handler for 'JPEG file'
12:01:17 AM: Debug: Adding duplicate image handler for 'TIFF file'
12:01:17 AM: Debug: Adding duplicate image handler for 'GIF file'
12:01:17 AM: Debug: Adding duplicate image handler for 'PNM file'
12:01:17 AM: Debug: Adding duplicate image handler for 'PCX file'
12:01:17 AM: Debug: Adding duplicate image handler for 'IFF file'
12:01:17 AM: Debug: Adding duplicate image handler for 'Windows icon file'
12:01:17 AM: Debug: Adding duplicate image handler for 'Windows cursor file'
12:01:17 AM: Debug: Adding duplicate image handler for 'Windows animated cursor file'
12:01:17 AM: Debug: Adding duplicate image handler for 'TGA file'
12:01:17 AM: Debug: Adding duplicate image handler for 'XPM file'
local route /M5_EN segments 14 vias 1 nodes 6229
RESULT /M5_EN 0.2 islands 1
12:01:18 AM: Debug: Adding duplicate image handler for 'PNG file'
12:01:18 AM: Debug: Adding duplicate image handler for 'JPEG file'
12:01:18 AM: Debug: Adding duplicate image handler for 'TIFF file'
12:01:18 AM: Debug: Adding duplicate image handler for 'GIF file'
12:01:18 AM: Debug: Adding duplicate image handler for 'PNM file'
12:01:18 AM: Debug: Adding duplicate image handler for 'PCX file'
12:01:18 AM: Debug: Adding duplicate image handler for 'IFF file'
12:01:18 AM: Debug: Adding duplicate image handler for 'Windows icon file'
12:01:18 AM: Debug: Adding duplicate image handler for 'Windows cursor file'
12:01:18 AM: Debug: Adding duplicate image handler for 'Windows animated cursor file'
12:01:18 AM: Debug: Adding duplicate image handler for 'TGA file'
12:01:18 AM: Debug: Adding duplicate image handler for 'XPM file'
local route /C5_EN segments 5 vias 0 nodes 912
RESULT /C5_EN 0.2 islands 1
12:01:18 AM: Debug: Adding duplicate image handler for 'PNG file'
12:01:18 AM: Debug: Adding duplicate image handler for 'JPEG file'
12:01:18 AM: Debug: Adding duplicate image handler for 'TIFF file'
12:01:18 AM: Debug: Adding duplicate image handler for 'GIF file'
12:01:18 AM: Debug: Adding duplicate image handler for 'PNM file'
12:01:18 AM: Debug: Adding duplicate image handler for 'PCX file'
12:01:18 AM: Debug: Adding duplicate image handler for 'IFF file'
12:01:18 AM: Debug: Adding duplicate image handler for 'Windows icon file'
12:01:18 AM: Debug: Adding duplicate image handler for 'Windows cursor file'
12:01:18 AM: Debug: Adding duplicate image handler for 'Windows animated cursor file'
12:01:18 AM: Debug: Adding duplicate image handler for 'TGA file'
12:01:18 AM: Debug: Adding duplicate image handler for 'XPM file'
local route /FAULT_N segments 20 vias 4 nodes 18668
local route /FAULT_N segments 5 vias 0 nodes 1004
RESULT /FAULT_N 0.2 islands 1
12:01:21 AM: Debug: Adding duplicate image handler for 'PNG file'
12:01:21 AM: Debug: Adding duplicate image handler for 'JPEG file'
12:01:21 AM: Debug: Adding duplicate image handler for 'TIFF file'
12:01:21 AM: Debug: Adding duplicate image handler for 'GIF file'
12:01:21 AM: Debug: Adding duplicate image handler for 'PNM file'
12:01:21 AM: Debug: Adding duplicate image handler for 'PCX file'
12:01:21 AM: Debug: Adding duplicate image handler for 'IFF file'
12:01:21 AM: Debug: Adding duplicate image handler for 'Windows icon file'
12:01:21 AM: Debug: Adding duplicate image handler for 'Windows cursor file'
12:01:21 AM: Debug: Adding duplicate image handler for 'Windows animated cursor file'
12:01:21 AM: Debug: Adding duplicate image handler for 'TGA file'
12:01:21 AM: Debug: Adding duplicate image handler for 'XPM file'
local route /CHG_N segments 14 vias 1 nodes 22963
local route /CHG_N segments 14 vias 2 nodes 55223
RESULT /CHG_N 0.2 islands 1
12:01:26 AM: Debug: Adding duplicate image handler for 'PNG file'
12:01:26 AM: Debug: Adding duplicate image handler for 'JPEG file'
12:01:26 AM: Debug: Adding duplicate image handler for 'TIFF file'
12:01:26 AM: Debug: Adding duplicate image handler for 'GIF file'
12:01:26 AM: Debug: Adding duplicate image handler for 'PNM file'
12:01:26 AM: Debug: Adding duplicate image handler for 'PCX file'
12:01:26 AM: Debug: Adding duplicate image handler for 'IFF file'
12:01:26 AM: Debug: Adding duplicate image handler for 'Windows icon file'
12:01:26 AM: Debug: Adding duplicate image handler for 'Windows cursor file'
12:01:26 AM: Debug: Adding duplicate image handler for 'Windows animated cursor file'
12:01:26 AM: Debug: Adding duplicate image handler for 'TGA file'
12:01:26 AM: Debug: Adding duplicate image handler for 'XPM file'
local route /CURRENT_ADC segments 12 vias 3 nodes 11607
RESULT /CURRENT_ADC 0.2 islands 1
12:01:28 AM: Debug: Adding duplicate image handler for 'PNG file'
12:01:28 AM: Debug: Adding duplicate image handler for 'JPEG file'
12:01:28 AM: Debug: Adding duplicate image handler for 'TIFF file'
12:01:28 AM: Debug: Adding duplicate image handler for 'GIF file'
12:01:28 AM: Debug: Adding duplicate image handler for 'PNM file'
12:01:28 AM: Debug: Adding duplicate image handler for 'PCX file'
12:01:28 AM: Debug: Adding duplicate image handler for 'IFF file'
12:01:28 AM: Debug: Adding duplicate image handler for 'Windows icon file'
12:01:28 AM: Debug: Adding duplicate image handler for 'Windows cursor file'
12:01:28 AM: Debug: Adding duplicate image handler for 'Windows animated cursor file'
12:01:28 AM: Debug: Adding duplicate image handler for 'TGA file'
12:01:28 AM: Debug: Adding duplicate image handler for 'XPM file'
RESULT /BAT_ADC 0.2 islands 3
12:02:05 AM: Debug: Adding duplicate image handler for 'PNG file'
12:02:05 AM: Debug: Adding duplicate image handler for 'JPEG file'
12:02:05 AM: Debug: Adding duplicate image handler for 'TIFF file'
12:02:05 AM: Debug: Adding duplicate image handler for 'GIF file'
12:02:05 AM: Debug: Adding duplicate image handler for 'PNM file'
12:02:05 AM: Debug: Adding duplicate image handler for 'PCX file'
12:02:05 AM: Debug: Adding duplicate image handler for 'IFF file'
12:02:05 AM: Debug: Adding duplicate image handler for 'Windows icon file'
12:02:05 AM: Debug: Adding duplicate image handler for 'Windows cursor file'
12:02:05 AM: Debug: Adding duplicate image handler for 'Windows animated cursor file'
12:02:05 AM: Debug: Adding duplicate image handler for 'TGA file'
12:02:05 AM: Debug: Adding duplicate image handler for 'XPM file'
local route /WHEEL_ADC segments 4 vias 0 nodes 808
RESULT /WHEEL_ADC 0.2 islands 2
12:02:25 AM: Debug: Adding duplicate image handler for 'PNG file'
12:02:25 AM: Debug: Adding duplicate image handler for 'JPEG file'
12:02:25 AM: Debug: Adding duplicate image handler for 'TIFF file'
12:02:25 AM: Debug: Adding duplicate image handler for 'GIF file'
12:02:25 AM: Debug: Adding duplicate image handler for 'PNM file'
12:02:25 AM: Debug: Adding duplicate image handler for 'PCX file'
12:02:25 AM: Debug: Adding duplicate image handler for 'IFF file'
12:02:25 AM: Debug: Adding duplicate image handler for 'Windows icon file'
12:02:25 AM: Debug: Adding duplicate image handler for 'Windows cursor file'
12:02:25 AM: Debug: Adding duplicate image handler for 'Windows animated cursor file'
12:02:25 AM: Debug: Adding duplicate image handler for 'TGA file'
12:02:25 AM: Debug: Adding duplicate image handler for 'XPM file'
local route /ARM_Q segments 11 vias 1 nodes 7262
local route /ARM_Q segments 11 vias 3 nodes 12283
RESULT /ARM_Q 0.2 islands 1
12:02:27 AM: Debug: Adding duplicate image handler for 'PNG file'
12:02:27 AM: Debug: Adding duplicate image handler for 'JPEG file'
12:02:27 AM: Debug: Adding duplicate image handler for 'TIFF file'
12:02:27 AM: Debug: Adding duplicate image handler for 'GIF file'
12:02:27 AM: Debug: Adding duplicate image handler for 'PNM file'
12:02:27 AM: Debug: Adding duplicate image handler for 'PCX file'
12:02:27 AM: Debug: Adding duplicate image handler for 'IFF file'
12:02:27 AM: Debug: Adding duplicate image handler for 'Windows icon file'
12:02:27 AM: Debug: Adding duplicate image handler for 'Windows cursor file'
12:02:27 AM: Debug: Adding duplicate image handler for 'Windows animated cursor file'
12:02:27 AM: Debug: Adding duplicate image handler for 'TGA file'
12:02:27 AM: Debug: Adding duplicate image handler for 'XPM file'
local route /+5V_CAM segments 8 vias 2 nodes 16568
RESULT /+5V_CAM 0.2 islands 1
07_connections 5 Counter({'silk_over_copper': 16, 'track_angle': 4, 'via_dangling': 2, 'track_dangling': 1}) opens 4
12:02:32 AM: Debug: Adding duplicate image handler for 'PNG file'
12:02:32 AM: Debug: Adding duplicate image handler for 'JPEG file'
12:02:32 AM: Debug: Adding duplicate image handler for 'TIFF file'
12:02:32 AM: Debug: Adding duplicate image handler for 'GIF file'
12:02:32 AM: Debug: Adding duplicate image handler for 'PNM file'
12:02:32 AM: Debug: Adding duplicate image handler for 'PCX file'
12:02:32 AM: Debug: Adding duplicate image handler for 'IFF file'
12:02:32 AM: Debug: Adding duplicate image handler for 'Windows icon file'
12:02:32 AM: Debug: Adding duplicate image handler for 'Windows cursor file'
12:02:32 AM: Debug: Adding duplicate image handler for 'Windows animated cursor file'
12:02:32 AM: Debug: Adding duplicate image handler for 'TGA file'
12:02:32 AM: Debug: Adding duplicate image handler for 'XPM file'
snapshot 07_connections
