12:04:10 AM: Debug: Adding duplicate image handler for 'PNG file'
12:04:10 AM: Debug: Adding duplicate image handler for 'JPEG file'
12:04:10 AM: Debug: Adding duplicate image handler for 'TIFF file'
12:04:10 AM: Debug: Adding duplicate image handler for 'GIF file'
12:04:10 AM: Debug: Adding duplicate image handler for 'PNM file'
12:04:10 AM: Debug: Adding duplicate image handler for 'PCX file'
12:04:10 AM: Debug: Adding duplicate image handler for 'IFF file'
12:04:10 AM: Debug: Adding duplicate image handler for 'Windows icon file'
12:04:10 AM: Debug: Adding duplicate image handler for 'Windows cursor file'
12:04:10 AM: Debug: Adding duplicate image handler for 'Windows animated cursor file'
12:04:10 AM: Debug: Adding duplicate image handler for 'TGA file'
12:04:10 AM: Debug: Adding duplicate image handler for 'XPM file'
RESULT /BAT_ADC 0.2 islands 3
12:05:06 AM: Debug: Adding duplicate image handler for 'PNG file'
12:05:06 AM: Debug: Adding duplicate image handler for 'JPEG file'
12:05:06 AM: Debug: Adding duplicate image handler for 'TIFF file'
12:05:06 AM: Debug: Adding duplicate image handler for 'GIF file'
12:05:06 AM: Debug: Adding duplicate image handler for 'PNM file'
12:05:06 AM: Debug: Adding duplicate image handler for 'PCX file'
12:05:06 AM: Debug: Adding duplicate image handler for 'IFF file'
12:05:06 AM: Debug: Adding duplicate image handler for 'Windows icon file'
12:05:06 AM: Debug: Adding duplicate image handler for 'Windows cursor file'
12:05:06 AM: Debug: Adding duplicate image handler for 'Windows animated cursor file'
12:05:06 AM: Debug: Adding duplicate image handler for 'TGA file'
12:05:06 AM: Debug: Adding duplicate image handler for 'XPM file'
RESULT /WHEEL_ADC 0.2 islands 2
08_signals 5 Counter({'silk_over_copper': 16, 'track_angle': 4, 'via_dangling': 2, 'track_dangling': 1}) opens 4
12:05:34 AM: Debug: Adding duplicate image handler for 'PNG file'
12:05:34 AM: Debug: Adding duplicate image handler for 'JPEG file'
12:05:34 AM: Debug: Adding duplicate image handler for 'TIFF file'
12:05:34 AM: Debug: Adding duplicate image handler for 'GIF file'
12:05:34 AM: Debug: Adding duplicate image handler for 'PNM file'
12:05:34 AM: Debug: Adding duplicate image handler for 'PCX file'
12:05:34 AM: Debug: Adding duplicate image handler for 'IFF file'
12:05:34 AM: Debug: Adding duplicate image handler for 'Windows icon file'
12:05:34 AM: Debug: Adding duplicate image handler for 'Windows cursor file'
12:05:34 AM: Debug: Adding duplicate image handler for 'Windows animated cursor file'
12:05:34 AM: Debug: Adding duplicate image handler for 'TGA file'
12:05:34 AM: Debug: Adding duplicate image handler for 'XPM file'
snapshot 08_signals
