12:07:06 AM: Debug: Adding duplicate image handler for 'PNG file'
12:07:06 AM: Debug: Adding duplicate image handler for 'JPEG file'
12:07:06 AM: Debug: Adding duplicate image handler for 'TIFF file'
12:07:06 AM: Debug: Adding duplicate image handler for 'GIF file'
12:07:06 AM: Debug: Adding duplicate image handler for 'PNM file'
12:07:06 AM: Debug: Adding duplicate image handler for 'PCX file'
12:07:06 AM: Debug: Adding duplicate image handler for 'IFF file'
12:07:06 AM: Debug: Adding duplicate image handler for 'Windows icon file'
12:07:06 AM: Debug: Adding duplicate image handler for 'Windows cursor file'
12:07:06 AM: Debug: Adding duplicate image handler for 'Windows animated cursor file'
12:07:06 AM: Debug: Adding duplicate image handler for 'TGA file'
12:07:06 AM: Debug: Adding duplicate image handler for 'XPM file'
12:07:06 AM: Debug: Adding duplicate image handler for 'PNG file'
12:07:06 AM: Debug: Adding duplicate image handler for 'JPEG file'
12:07:06 AM: Debug: Adding duplicate image handler for 'TIFF file'
12:07:06 AM: Debug: Adding duplicate image handler for 'GIF file'
12:07:06 AM: Debug: Adding duplicate image handler for 'PNM file'
12:07:06 AM: Debug: Adding duplicate image handler for 'PCX file'
12:07:06 AM: Debug: Adding duplicate image handler for 'IFF file'
12:07:06 AM: Debug: Adding duplicate image handler for 'Windows icon file'
12:07:06 AM: Debug: Adding duplicate image handler for 'Windows cursor file'
12:07:06 AM: Debug: Adding duplicate image handler for 'Windows animated cursor file'
12:07:06 AM: Debug: Adding duplicate image handler for 'TGA file'
12:07:06 AM: Debug: Adding duplicate image handler for 'XPM file'
local route /BAT_ADC segments 10 vias 1 nodes 5083
local route /BAT_ADC segments 10 vias 0 nodes 481
RESULT /BAT_ADC 0.2 islands 1
12:07:07 AM: Debug: Adding duplicate image handler for 'PNG file'
12:07:07 AM: Debug: Adding duplicate image handler for 'JPEG file'
12:07:07 AM: Debug: Adding duplicate image handler for 'TIFF file'
12:07:07 AM: Debug: Adding duplicate image handler for 'GIF file'
12:07:07 AM: Debug: Adding duplicate image handler for 'PNM file'
12:07:07 AM: Debug: Adding duplicate image handler for 'PCX file'
12:07:07 AM: Debug: Adding duplicate image handler for 'IFF file'
12:07:07 AM: Debug: Adding duplicate image handler for 'Windows icon file'
12:07:07 AM: Debug: Adding duplicate image handler for 'Windows cursor file'
12:07:07 AM: Debug: Adding duplicate image handler for 'Windows animated cursor file'
12:07:07 AM: Debug: Adding duplicate image handler for 'TGA file'
12:07:07 AM: Debug: Adding duplicate image handler for 'XPM file'
local route /WHEEL_ADC segments 4 vias 0 nodes 225
local route /WHEEL_ADC segments 11 vias 1 nodes 3953
RESULT /WHEEL_ADC 0.2 islands 1
12:07:08 AM: Debug: Adding duplicate image handler for 'PNG file'
12:07:08 AM: Debug: Adding duplicate image handler for 'JPEG file'
12:07:08 AM: Debug: Adding duplicate image handler for 'TIFF file'
12:07:08 AM: Debug: Adding duplicate image handler for 'GIF file'
12:07:08 AM: Debug: Adding duplicate image handler for 'PNM file'
12:07:08 AM: Debug: Adding duplicate image handler for 'PCX file'
12:07:08 AM: Debug: Adding duplicate image handler for 'IFF file'
12:07:08 AM: Debug: Adding duplicate image handler for 'Windows icon file'
12:07:08 AM: Debug: Adding duplicate image handler for 'Windows cursor file'
12:07:08 AM: Debug: Adding duplicate image handler for 'Windows animated cursor file'
12:07:08 AM: Debug: Adding duplicate image handler for 'TGA file'
12:07:08 AM: Debug: Adding duplicate image handler for 'XPM file'
local route /BAT_MON segments 9 vias 1 nodes 17537
RESULT /BAT_MON 0.2 islands 1
12:07:10 AM: Debug: Adding duplicate image handler for 'PNG file'
12:07:10 AM: Debug: Adding duplicate image handler for 'JPEG file'
12:07:10 AM: Debug: Adding duplicate image handler for 'TIFF file'
12:07:10 AM: Debug: Adding duplicate image handler for 'GIF file'
12:07:10 AM: Debug: Adding duplicate image handler for 'PNM file'
12:07:10 AM: Debug: Adding duplicate image handler for 'PCX file'
12:07:10 AM: Debug: Adding duplicate image handler for 'IFF file'
12:07:10 AM: Debug: Adding duplicate image handler for 'Windows icon file'
12:07:10 AM: Debug: Adding duplicate image handler for 'Windows cursor file'
12:07:10 AM: Debug: Adding duplicate image handler for 'Windows animated cursor file'
12:07:10 AM: Debug: Adding duplicate image handler for 'TGA file'
12:07:10 AM: Debug: Adding duplicate image handler for 'XPM file'
local route /FAULT_N segments 19 vias 4 nodes 10011
RESULT /FAULT_N 0.2 islands 2
12:07:32 AM: Debug: Adding duplicate image handler for 'PNG file'
12:07:32 AM: Debug: Adding duplicate image handler for 'JPEG file'
12:07:32 AM: Debug: Adding duplicate image handler for 'TIFF file'
12:07:32 AM: Debug: Adding duplicate image handler for 'GIF file'
12:07:32 AM: Debug: Adding duplicate image handler for 'PNM file'
12:07:32 AM: Debug: Adding duplicate image handler for 'PCX file'
12:07:32 AM: Debug: Adding duplicate image handler for 'IFF file'
12:07:32 AM: Debug: Adding duplicate image handler for 'Windows icon file'
12:07:32 AM: Debug: Adding duplicate image handler for 'Windows cursor file'
12:07:32 AM: Debug: Adding duplicate image handler for 'Windows animated cursor file'
12:07:32 AM: Debug: Adding duplicate image handler for 'TGA file'
12:07:32 AM: Debug: Adding duplicate image handler for 'XPM file'
local route /CHG_N segments 10 vias 2 nodes 3231
RESULT /CHG_N 0.2 islands 2
12:07:41 AM: Debug: Adding duplicate image handler for 'PNG file'
12:07:41 AM: Debug: Adding duplicate image handler for 'JPEG file'
12:07:41 AM: Debug: Adding duplicate image handler for 'TIFF file'
12:07:41 AM: Debug: Adding duplicate image handler for 'GIF file'
12:07:41 AM: Debug: Adding duplicate image handler for 'PNM file'
12:07:41 AM: Debug: Adding duplicate image handler for 'PCX file'
12:07:41 AM: Debug: Adding duplicate image handler for 'IFF file'
12:07:41 AM: Debug: Adding duplicate image handler for 'Windows icon file'
12:07:41 AM: Debug: Adding duplicate image handler for 'Windows cursor file'
12:07:41 AM: Debug: Adding duplicate image handler for 'Windows animated cursor file'
12:07:41 AM: Debug: Adding duplicate image handler for 'TGA file'
12:07:41 AM: Debug: Adding duplicate image handler for 'XPM file'
local route /CURRENT_ADC segments 19 vias 1 nodes 13091
RESULT /CURRENT_ADC 0.2 islands 1
12:07:42 AM: Debug: Adding duplicate image handler for 'PNG file'
12:07:42 AM: Debug: Adding duplicate image handler for 'JPEG file'
12:07:42 AM: Debug: Adding duplicate image handler for 'TIFF file'
12:07:42 AM: Debug: Adding duplicate image handler for 'GIF file'
12:07:42 AM: Debug: Adding duplicate image handler for 'PNM file'
12:07:42 AM: Debug: Adding duplicate image handler for 'PCX file'
12:07:42 AM: Debug: Adding duplicate image handler for 'IFF file'
12:07:42 AM: Debug: Adding duplicate image handler for 'Windows icon file'
12:07:42 AM: Debug: Adding duplicate image handler for 'Windows cursor file'
12:07:42 AM: Debug: Adding duplicate image handler for 'Windows animated cursor file'
12:07:42 AM: Debug: Adding duplicate image handler for 'TGA file'
12:07:42 AM: Debug: Adding duplicate image handler for 'XPM file'
local route /ARM_Q segments 5 vias 2 nodes 2284
local route /ARM_Q segments 15 vias 3 nodes 12535
RESULT /ARM_Q 0.2 islands 2
09_signals 5 Counter({'silk_over_copper': 11}) opens 4
12:09:06 AM: Debug: Adding duplicate image handler for 'PNG file'
12:09:06 AM: Debug: Adding duplicate image handler for 'JPEG file'
12:09:06 AM: Debug: Adding duplicate image handler for 'TIFF file'
12:09:06 AM: Debug: Adding duplicate image handler for 'GIF file'
12:09:06 AM: Debug: Adding duplicate image handler for 'PNM file'
12:09:06 AM: Debug: Adding duplicate image handler for 'PCX file'
12:09:06 AM: Debug: Adding duplicate image handler for 'IFF file'
12:09:06 AM: Debug: Adding duplicate image handler for 'Windows icon file'
12:09:06 AM: Debug: Adding duplicate image handler for 'Windows cursor file'
12:09:06 AM: Debug: Adding duplicate image handler for 'Windows animated cursor file'
12:09:06 AM: Debug: Adding duplicate image handler for 'TGA file'
12:09:06 AM: Debug: Adding duplicate image handler for 'XPM file'
snapshot 09_signals
