12:18:11 AM: Debug: Adding duplicate image handler for 'PNG file'
12:18:11 AM: Debug: Adding duplicate image handler for 'JPEG file'
12:18:11 AM: Debug: Adding duplicate image handler for 'TIFF file'
12:18:11 AM: Debug: Adding duplicate image handler for 'GIF file'
12:18:11 AM: Debug: Adding duplicate image handler for 'PNM file'
12:18:11 AM: Debug: Adding duplicate image handler for 'PCX file'
12:18:11 AM: Debug: Adding duplicate image handler for 'IFF file'
12:18:11 AM: Debug: Adding duplicate image handler for 'Windows icon file'
12:18:11 AM: Debug: Adding duplicate image handler for 'Windows cursor file'
12:18:11 AM: Debug: Adding duplicate image handler for 'Windows animated cursor file'
12:18:11 AM: Debug: Adding duplicate image handler for 'TGA file'
12:18:11 AM: Debug: Adding duplicate image handler for 'XPM file'
local route /BAT_ADC segments 11 vias 2 nodes 4853
RESULT /BAT_ADC 0.2 islands 1
12:18:13 AM: Debug: Adding duplicate image handler for 'PNG file'
12:18:13 AM: Debug: Adding duplicate image handler for 'JPEG file'
12:18:13 AM: Debug: Adding duplicate image handler for 'TIFF file'
12:18:13 AM: Debug: Adding duplicate image handler for 'GIF file'
12:18:13 AM: Debug: Adding duplicate image handler for 'PNM file'
12:18:13 AM: Debug: Adding duplicate image handler for 'PCX file'
12:18:13 AM: Debug: Adding duplicate image handler for 'IFF file'
12:18:13 AM: Debug: Adding duplicate image handler for 'Windows icon file'
12:18:13 AM: Debug: Adding duplicate image handler for 'Windows cursor file'
12:18:13 AM: Debug: Adding duplicate image handler for 'Windows animated cursor file'
12:18:13 AM: Debug: Adding duplicate image handler for 'TGA file'
12:18:13 AM: Debug: Adding duplicate image handler for 'XPM file'
local route /WHEEL_ADC segments 6 vias 1 nodes 1304
local route /WHEEL_ADC segments 5 vias 1 nodes 2153
RESULT /WHEEL_ADC 0.2 islands 1
12:18:14 AM: Debug: Adding duplicate image handler for 'PNG file'
12:18:14 AM: Debug: Adding duplicate image handler for 'JPEG file'
12:18:14 AM: Debug: Adding duplicate image handler for 'TIFF file'
12:18:14 AM: Debug: Adding duplicate image handler for 'GIF file'
12:18:14 AM: Debug: Adding duplicate image handler for 'PNM file'
12:18:14 AM: Debug: Adding duplicate image handler for 'PCX file'
12:18:14 AM: Debug: Adding duplicate image handler for 'IFF file'
12:18:14 AM: Debug: Adding duplicate image handler for 'Windows icon file'
12:18:14 AM: Debug: Adding duplicate image handler for 'Windows cursor file'
12:18:14 AM: Debug: Adding duplicate image handler for 'Windows animated cursor file'
12:18:14 AM: Debug: Adding duplicate image handler for 'TGA file'
12:18:14 AM: Debug: Adding duplicate image handler for 'XPM file'
RESULT /FAULT_N 0.2 islands 2
12:18:27 AM: Debug: Adding duplicate image handler for 'PNG file'
12:18:27 AM: Debug: Adding duplicate image handler for 'JPEG file'
12:18:27 AM: Debug: Adding duplicate image handler for 'TIFF file'
12:18:27 AM: Debug: Adding duplicate image handler for 'GIF file'
12:18:27 AM: Debug: Adding duplicate image handler for 'PNM file'
12:18:27 AM: Debug: Adding duplicate image handler for 'PCX file'
12:18:27 AM: Debug: Adding duplicate image handler for 'IFF file'
12:18:27 AM: Debug: Adding duplicate image handler for 'Windows icon file'
12:18:27 AM: Debug: Adding duplicate image handler for 'Windows cursor file'
12:18:27 AM: Debug: Adding duplicate image handler for 'Windows animated cursor file'
12:18:27 AM: Debug: Adding duplicate image handler for 'TGA file'
12:18:27 AM: Debug: Adding duplicate image handler for 'XPM file'
local route /ARM_Q segments 2 vias 1 nodes 780
local route /ARM_Q segments 21 vias 3 nodes 63147
RESULT /ARM_Q 0.2 islands 1
12:18:33 AM: Debug: Adding duplicate image handler for 'PNG file'
12:18:33 AM: Debug: Adding duplicate image handler for 'JPEG file'
12:18:33 AM: Debug: Adding duplicate image handler for 'TIFF file'
12:18:33 AM: Debug: Adding duplicate image handler for 'GIF file'
12:18:33 AM: Debug: Adding duplicate image handler for 'PNM file'
12:18:33 AM: Debug: Adding duplicate image handler for 'PCX file'
12:18:33 AM: Debug: Adding duplicate image handler for 'IFF file'
12:18:33 AM: Debug: Adding duplicate image handler for 'Windows icon file'
12:18:33 AM: Debug: Adding duplicate image handler for 'Windows cursor file'
12:18:33 AM: Debug: Adding duplicate image handler for 'Windows animated cursor file'
12:18:33 AM: Debug: Adding duplicate image handler for 'TGA file'
12:18:33 AM: Debug: Adding duplicate image handler for 'XPM file'
local route /CHG_N segments 8 vias 2 nodes 8015
local route /CHG_N segments 11 vias 2 nodes 8757
RESULT /CHG_N 0.2 islands 1
12:18:34 AM: Debug: Adding duplicate image handler for 'PNG file'
12:18:34 AM: Debug: Adding duplicate image handler for 'JPEG file'
12:18:34 AM: Debug: Adding duplicate image handler for 'TIFF file'
12:18:34 AM: Debug: Adding duplicate image handler for 'GIF file'
12:18:34 AM: Debug: Adding duplicate image handler for 'PNM file'
12:18:34 AM: Debug: Adding duplicate image handler for 'PCX file'
12:18:34 AM: Debug: Adding duplicate image handler for 'IFF file'
12:18:34 AM: Debug: Adding duplicate image handler for 'Windows icon file'
12:18:34 AM: Debug: Adding duplicate image handler for 'Windows cursor file'
12:18:34 AM: Debug: Adding duplicate image handler for 'Windows animated cursor file'
12:18:34 AM: Debug: Adding duplicate image handler for 'TGA file'
12:18:34 AM: Debug: Adding duplicate image handler for 'XPM file'
RESULT /CURRENT_ADC 0.2 islands 1
11_connected 5 Counter({'silk_over_copper': 17, 'track_angle': 12, 'track_dangling': 11, 'via_dangling': 4}) opens 5
12:18:38 AM: Debug: Adding duplicate image handler for 'PNG file'
12:18:38 AM: Debug: Adding duplicate image handler for 'JPEG file'
12:18:38 AM: Debug: Adding duplicate image handler for 'TIFF file'
12:18:38 AM: Debug: Adding duplicate image handler for 'GIF file'
12:18:38 AM: Debug: Adding duplicate image handler for 'PNM file'
12:18:38 AM: Debug: Adding duplicate image handler for 'PCX file'
12:18:38 AM: Debug: Adding duplicate image handler for 'IFF file'
12:18:38 AM: Debug: Adding duplicate image handler for 'Windows icon file'
12:18:38 AM: Debug: Adding duplicate image handler for 'Windows cursor file'
12:18:38 AM: Debug: Adding duplicate image handler for 'Windows animated cursor file'
12:18:38 AM: Debug: Adding duplicate image handler for 'TGA file'
12:18:38 AM: Debug: Adding duplicate image handler for 'XPM file'
snapshot 11_connected
