12:21:12 AM: Debug: Adding duplicate image handler for 'PNG file'
12:21:12 AM: Debug: Adding duplicate image handler for 'JPEG file'
12:21:12 AM: Debug: Adding duplicate image handler for 'TIFF file'
12:21:12 AM: Debug: Adding duplicate image handler for 'GIF file'
12:21:12 AM: Debug: Adding duplicate image handler for 'PNM file'
12:21:12 AM: Debug: Adding duplicate image handler for 'PCX file'
12:21:12 AM: Debug: Adding duplicate image handler for 'IFF file'
12:21:12 AM: Debug: Adding duplicate image handler for 'Windows icon file'
12:21:12 AM: Debug: Adding duplicate image handler for 'Windows cursor file'
12:21:12 AM: Debug: Adding duplicate image handler for 'Windows animated cursor file'
12:21:12 AM: Debug: Adding duplicate image handler for 'TGA file'
12:21:12 AM: Debug: Adding duplicate image handler for 'XPM file'
(46.25, 25.2) (46.25, 22.9) False
(46.25, 22.9) (45.5, 22.15) False
(45.5, 22.15) (45.5, 21.9) True
via False
Traceback (most recent call last):
  File "<stdin>", line 9, in <module>
  File "/Users/dean/Documents/MORI/hardware/v1_2/j10_routing_C3_20261002/route.py", line 21, in guarded
    if hits:raise RuntimeError((net,a,z,q,hits))
RuntimeError: ('/FAULT_N', (46.25, 25.2), (46.25, 22.9), (46.25, 24.367241379310343), [('7ca254ca-9262-4cab-9b3a-c93d16580ece', '/BAT_ADC')])
