12:24:45 AM: Debug: Adding duplicate image handler for 'PNG file'
12:24:45 AM: Debug: Adding duplicate image handler for 'JPEG file'
12:24:45 AM: Debug: Adding duplicate image handler for 'TIFF file'
12:24:45 AM: Debug: Adding duplicate image handler for 'GIF file'
12:24:45 AM: Debug: Adding duplicate image handler for 'PNM file'
12:24:45 AM: Debug: Adding duplicate image handler for 'PCX file'
12:24:45 AM: Debug: Adding duplicate image handler for 'IFF file'
12:24:45 AM: Debug: Adding duplicate image handler for 'Windows icon file'
12:24:45 AM: Debug: Adding duplicate image handler for 'Windows cursor file'
12:24:45 AM: Debug: Adding duplicate image handler for 'Windows animated cursor file'
12:24:45 AM: Debug: Adding duplicate image handler for 'TGA file'
12:24:45 AM: Debug: Adding duplicate image handler for 'XPM file'
local route /FAULT_N segments 4 vias 0 nodes 952
RESULT /FAULT_N 0.2 islands 1
12:24:46 AM: Debug: Adding duplicate image handler for 'PNG file'
12:24:46 AM: Debug: Adding duplicate image handler for 'JPEG file'
12:24:46 AM: Debug: Adding duplicate image handler for 'TIFF file'
12:24:46 AM: Debug: Adding duplicate image handler for 'GIF file'
12:24:46 AM: Debug: Adding duplicate image handler for 'PNM file'
12:24:46 AM: Debug: Adding duplicate image handler for 'PCX file'
12:24:46 AM: Debug: Adding duplicate image handler for 'IFF file'
12:24:46 AM: Debug: Adding duplicate image handler for 'Windows icon file'
12:24:46 AM: Debug: Adding duplicate image handler for 'Windows cursor file'
12:24:46 AM: Debug: Adding duplicate image handler for 'Windows animated cursor file'
12:24:46 AM: Debug: Adding duplicate image handler for 'TGA file'
12:24:46 AM: Debug: Adding duplicate image handler for 'XPM file'
RESULT /BAT_ADC 0.2 islands 3
12:24:58 AM: Debug: Adding duplicate image handler for 'PNG file'
12:24:58 AM: Debug: Adding duplicate image handler for 'JPEG file'
12:24:58 AM: Debug: Adding duplicate image handler for 'TIFF file'
12:24:58 AM: Debug: Adding duplicate image handler for 'GIF file'
12:24:58 AM: Debug: Adding duplicate image handler for 'PNM file'
12:24:58 AM: Debug: Adding duplicate image handler for 'PCX file'
12:24:58 AM: Debug: Adding duplicate image handler for 'IFF file'
12:24:58 AM: Debug: Adding duplicate image handler for 'Windows icon file'
12:24:58 AM: Debug: Adding duplicate image handler for 'Windows cursor file'
12:24:58 AM: Debug: Adding duplicate image handler for 'Windows animated cursor file'
12:24:58 AM: Debug: Adding duplicate image handler for 'TGA file'
12:24:58 AM: Debug: Adding duplicate image handler for 'XPM file'
RESULT /WHEEL_ADC 0.2 islands 3
12:25:16 AM: Debug: Adding duplicate image handler for 'PNG file'
12:25:16 AM: Debug: Adding duplicate image handler for 'JPEG file'
12:25:16 AM: Debug: Adding duplicate image handler for 'TIFF file'
12:25:16 AM: Debug: Adding duplicate image handler for 'GIF file'
12:25:16 AM: Debug: Adding duplicate image handler for 'PNM file'
12:25:16 AM: Debug: Adding duplicate image handler for 'PCX file'
12:25:16 AM: Debug: Adding duplicate image handler for 'IFF file'
12:25:16 AM: Debug: Adding duplicate image handler for 'Windows icon file'
12:25:16 AM: Debug: Adding duplicate image handler for 'Windows cursor file'
12:25:16 AM: Debug: Adding duplicate image handler for 'Windows animated cursor file'
12:25:16 AM: Debug: Adding duplicate image handler for 'TGA file'
12:25:16 AM: Debug: Adding duplicate image handler for 'XPM file'
local route /ARM_Q segments 2 vias 1 nodes 780
local route /ARM_Q segments 21 vias 3 nodes 57385
RESULT /ARM_Q 0.2 islands 1
12:25:22 AM: Debug: Adding duplicate image handler for 'PNG file'
12:25:22 AM: Debug: Adding duplicate image handler for 'JPEG file'
12:25:22 AM: Debug: Adding duplicate image handler for 'TIFF file'
12:25:22 AM: Debug: Adding duplicate image handler for 'GIF file'
12:25:22 AM: Debug: Adding duplicate image handler for 'PNM file'
12:25:22 AM: Debug: Adding duplicate image handler for 'PCX file'
12:25:22 AM: Debug: Adding duplicate image handler for 'IFF file'
12:25:22 AM: Debug: Adding duplicate image handler for 'Windows icon file'
12:25:22 AM: Debug: Adding duplicate image handler for 'Windows cursor file'
12:25:22 AM: Debug: Adding duplicate image handler for 'Windows animated cursor file'
12:25:22 AM: Debug: Adding duplicate image handler for 'TGA file'
12:25:22 AM: Debug: Adding duplicate image handler for 'XPM file'
local route /CHG_N segments 8 vias 2 nodes 8015
local route /CHG_N segments 11 vias 2 nodes 8757
RESULT /CHG_N 0.2 islands 1
12:25:23 AM: Debug: Adding duplicate image handler for 'PNG file'
12:25:23 AM: Debug: Adding duplicate image handler for 'JPEG file'
12:25:23 AM: Debug: Adding duplicate image handler for 'TIFF file'
12:25:23 AM: Debug: Adding duplicate image handler for 'GIF file'
12:25:23 AM: Debug: Adding duplicate image handler for 'PNM file'
12:25:23 AM: Debug: Adding duplicate image handler for 'PCX file'
12:25:23 AM: Debug: Adding duplicate image handler for 'IFF file'
12:25:23 AM: Debug: Adding duplicate image handler for 'Windows icon file'
12:25:23 AM: Debug: Adding duplicate image handler for 'Windows cursor file'
12:25:23 AM: Debug: Adding duplicate image handler for 'Windows animated cursor file'
12:25:23 AM: Debug: Adding duplicate image handler for 'TGA file'
12:25:23 AM: Debug: Adding duplicate image handler for 'XPM file'
RESULT /CURRENT_ADC 0.2 islands 1
14_connected 5 Counter({'silk_over_copper': 13, 'track_dangling': 12, 'track_angle': 8, 'via_dangling': 5}) opens 10
12:25:26 AM: Debug: Adding duplicate image handler for 'PNG file'
12:25:26 AM: Debug: Adding duplicate image handler for 'JPEG file'
12:25:26 AM: Debug: Adding duplicate image handler for 'TIFF file'
12:25:26 AM: Debug: Adding duplicate image handler for 'GIF file'
12:25:26 AM: Debug: Adding duplicate image handler for 'PNM file'
12:25:26 AM: Debug: Adding duplicate image handler for 'PCX file'
12:25:26 AM: Debug: Adding duplicate image handler for 'IFF file'
12:25:26 AM: Debug: Adding duplicate image handler for 'Windows icon file'
12:25:26 AM: Debug: Adding duplicate image handler for 'Windows cursor file'
12:25:26 AM: Debug: Adding duplicate image handler for 'Windows animated cursor file'
12:25:26 AM: Debug: Adding duplicate image handler for 'TGA file'
12:25:26 AM: Debug: Adding duplicate image handler for 'XPM file'
snapshot 14_connected
