12:29:04 AM: Debug: Adding duplicate image handler for 'PNG file'
12:29:04 AM: Debug: Adding duplicate image handler for 'JPEG file'
12:29:04 AM: Debug: Adding duplicate image handler for 'TIFF file'
12:29:04 AM: Debug: Adding duplicate image handler for 'GIF file'
12:29:04 AM: Debug: Adding duplicate image handler for 'PNM file'
12:29:04 AM: Debug: Adding duplicate image handler for 'PCX file'
12:29:04 AM: Debug: Adding duplicate image handler for 'IFF file'
12:29:04 AM: Debug: Adding duplicate image handler for 'Windows icon file'
12:29:04 AM: Debug: Adding duplicate image handler for 'Windows cursor file'
12:29:04 AM: Debug: Adding duplicate image handler for 'Windows animated cursor file'
12:29:04 AM: Debug: Adding duplicate image handler for 'TGA file'
12:29:04 AM: Debug: Adding duplicate image handler for 'XPM file'
pruned 34
12:29:04 AM: Debug: Adding duplicate image handler for 'PNG file'
12:29:04 AM: Debug: Adding duplicate image handler for 'JPEG file'
12:29:04 AM: Debug: Adding duplicate image handler for 'TIFF file'
12:29:04 AM: Debug: Adding duplicate image handler for 'GIF file'
12:29:04 AM: Debug: Adding duplicate image handler for 'PNM file'
12:29:04 AM: Debug: Adding duplicate image handler for 'PCX file'
12:29:04 AM: Debug: Adding duplicate image handler for 'IFF file'
12:29:04 AM: Debug: Adding duplicate image handler for 'Windows icon file'
12:29:04 AM: Debug: Adding duplicate image handler for 'Windows cursor file'
12:29:04 AM: Debug: Adding duplicate image handler for 'Windows animated cursor file'
12:29:04 AM: Debug: Adding duplicate image handler for 'TGA file'
12:29:04 AM: Debug: Adding duplicate image handler for 'XPM file'
12:29:05 AM: Debug: Adding duplicate image handler for 'PNG file'
12:29:05 AM: Debug: Adding duplicate image handler for 'JPEG file'
12:29:05 AM: Debug: Adding duplicate image handler for 'TIFF file'
12:29:05 AM: Debug: Adding duplicate image handler for 'GIF file'
12:29:05 AM: Debug: Adding duplicate image handler for 'PNM file'
12:29:05 AM: Debug: Adding duplicate image handler for 'PCX file'
12:29:05 AM: Debug: Adding duplicate image handler for 'IFF file'
12:29:05 AM: Debug: Adding duplicate image handler for 'Windows icon file'
12:29:05 AM: Debug: Adding duplicate image handler for 'Windows cursor file'
12:29:05 AM: Debug: Adding duplicate image handler for 'Windows animated cursor file'
12:29:05 AM: Debug: Adding duplicate image handler for 'TGA file'
12:29:05 AM: Debug: Adding duplicate image handler for 'XPM file'
local route /BAT_ADC segments 10 vias 1 nodes 3093
local route /BAT_ADC segments 11 vias 0 nodes 4652
RESULT /BAT_ADC 0.2 islands 1
12:29:06 AM: Debug: Adding duplicate image handler for 'PNG file'
12:29:06 AM: Debug: Adding duplicate image handler for 'JPEG file'
12:29:06 AM: Debug: Adding duplicate image handler for 'TIFF file'
12:29:06 AM: Debug: Adding duplicate image handler for 'GIF file'
12:29:06 AM: Debug: Adding duplicate image handler for 'PNM file'
12:29:06 AM: Debug: Adding duplicate image handler for 'PCX file'
12:29:06 AM: Debug: Adding duplicate image handler for 'IFF file'
12:29:06 AM: Debug: Adding duplicate image handler for 'Windows icon file'
12:29:06 AM: Debug: Adding duplicate image handler for 'Windows cursor file'
12:29:06 AM: Debug: Adding duplicate image handler for 'Windows animated cursor file'
12:29:06 AM: Debug: Adding duplicate image handler for 'TGA file'
12:29:06 AM: Debug: Adding duplicate image handler for 'XPM file'
local route /WHEEL_ADC segments 9 vias 2 nodes 2221
local route /WHEEL_ADC segments 5 vias 1 nodes 3285
RESULT /WHEEL_ADC 0.2 islands 1
12:29:07 AM: Debug: Adding duplicate image handler for 'PNG file'
12:29:07 AM: Debug: Adding duplicate image handler for 'JPEG file'
12:29:07 AM: Debug: Adding duplicate image handler for 'TIFF file'
12:29:07 AM: Debug: Adding duplicate image handler for 'GIF file'
12:29:07 AM: Debug: Adding duplicate image handler for 'PNM file'
12:29:07 AM: Debug: Adding duplicate image handler for 'PCX file'
12:29:07 AM: Debug: Adding duplicate image handler for 'IFF file'
12:29:07 AM: Debug: Adding duplicate image handler for 'Windows icon file'
12:29:07 AM: Debug: Adding duplicate image handler for 'Windows cursor file'
12:29:07 AM: Debug: Adding duplicate image handler for 'Windows animated cursor file'
12:29:07 AM: Debug: Adding duplicate image handler for 'TGA file'
12:29:07 AM: Debug: Adding duplicate image handler for 'XPM file'
local route /FAULT_N segments 4 vias 1 nodes 1857
RESULT /FAULT_N 0.2 islands 1
15_connections 5 Counter({'silk_over_copper': 18, 'track_angle': 10, 'track_dangling': 3, 'via_dangling': 3}) opens 1
12:29:11 AM: Debug: Adding duplicate image handler for 'PNG file'
12:29:11 AM: Debug: Adding duplicate image handler for 'JPEG file'
12:29:11 AM: Debug: Adding duplicate image handler for 'TIFF file'
12:29:11 AM: Debug: Adding duplicate image handler for 'GIF file'
12:29:11 AM: Debug: Adding duplicate image handler for 'PNM file'
12:29:11 AM: Debug: Adding duplicate image handler for 'PCX file'
12:29:11 AM: Debug: Adding duplicate image handler for 'IFF file'
12:29:11 AM: Debug: Adding duplicate image handler for 'Windows icon file'
12:29:11 AM: Debug: Adding duplicate image handler for 'Windows cursor file'
12:29:11 AM: Debug: Adding duplicate image handler for 'Windows animated cursor file'
12:29:11 AM: Debug: Adding duplicate image handler for 'TGA file'
12:29:11 AM: Debug: Adding duplicate image handler for 'XPM file'
snapshot 15_connections
