12:30:18 AM: Debug: Adding duplicate image handler for 'PNG file'
12:30:18 AM: Debug: Adding duplicate image handler for 'JPEG file'
12:30:18 AM: Debug: Adding duplicate image handler for 'TIFF file'
12:30:18 AM: Debug: Adding duplicate image handler for 'GIF file'
12:30:18 AM: Debug: Adding duplicate image handler for 'PNM file'
12:30:18 AM: Debug: Adding duplicate image handler for 'PCX file'
12:30:18 AM: Debug: Adding duplicate image handler for 'IFF file'
12:30:18 AM: Debug: Adding duplicate image handler for 'Windows icon file'
12:30:18 AM: Debug: Adding duplicate image handler for 'Windows cursor file'
12:30:18 AM: Debug: Adding duplicate image handler for 'Windows animated cursor file'
12:30:18 AM: Debug: Adding duplicate image handler for 'TGA file'
12:30:18 AM: Debug: Adding duplicate image handler for 'XPM file'
pruned 6
16_prune_0 5 Counter({'silk_over_copper': 16, 'track_angle': 10, 'track_dangling': 4}) opens 1
12:30:22 AM: Debug: Adding duplicate image handler for 'PNG file'
12:30:22 AM: Debug: Adding duplicate image handler for 'JPEG file'
12:30:22 AM: Debug: Adding duplicate image handler for 'TIFF file'
12:30:22 AM: Debug: Adding duplicate image handler for 'GIF file'
12:30:22 AM: Debug: Adding duplicate image handler for 'PNM file'
12:30:22 AM: Debug: Adding duplicate image handler for 'PCX file'
12:30:22 AM: Debug: Adding duplicate image handler for 'IFF file'
12:30:22 AM: Debug: Adding duplicate image handler for 'Windows icon file'
12:30:22 AM: Debug: Adding duplicate image handler for 'Windows cursor file'
12:30:22 AM: Debug: Adding duplicate image handler for 'Windows animated cursor file'
12:30:22 AM: Debug: Adding duplicate image handler for 'TGA file'
12:30:22 AM: Debug: Adding duplicate image handler for 'XPM file'
pruned 4
16_prune_1 5 Counter({'silk_over_copper': 16, 'track_angle': 10, 'track_dangling': 3}) opens 1
12:30:24 AM: Debug: Adding duplicate image handler for 'PNG file'
12:30:24 AM: Debug: Adding duplicate image handler for 'JPEG file'
12:30:24 AM: Debug: Adding duplicate image handler for 'TIFF file'
12:30:24 AM: Debug: Adding duplicate image handler for 'GIF file'
12:30:24 AM: Debug: Adding duplicate image handler for 'PNM file'
12:30:24 AM: Debug: Adding duplicate image handler for 'PCX file'
12:30:24 AM: Debug: Adding duplicate image handler for 'IFF file'
12:30:24 AM: Debug: Adding duplicate image handler for 'Windows icon file'
12:30:24 AM: Debug: Adding duplicate image handler for 'Windows cursor file'
12:30:24 AM: Debug: Adding duplicate image handler for 'Windows animated cursor file'
12:30:24 AM: Debug: Adding duplicate image handler for 'TGA file'
12:30:24 AM: Debug: Adding duplicate image handler for 'XPM file'
pruned 3
16_prune_2 5 Counter({'silk_over_copper': 16, 'track_angle': 10, 'track_dangling': 3}) opens 1
12:30:27 AM: Debug: Adding duplicate image handler for 'PNG file'
12:30:27 AM: Debug: Adding duplicate image handler for 'JPEG file'
12:30:27 AM: Debug: Adding duplicate image handler for 'TIFF file'
12:30:27 AM: Debug: Adding duplicate image handler for 'GIF file'
12:30:27 AM: Debug: Adding duplicate image handler for 'PNM file'
12:30:27 AM: Debug: Adding duplicate image handler for 'PCX file'
12:30:27 AM: Debug: Adding duplicate image handler for 'IFF file'
12:30:27 AM: Debug: Adding duplicate image handler for 'Windows icon file'
12:30:27 AM: Debug: Adding duplicate image handler for 'Windows cursor file'
12:30:27 AM: Debug: Adding duplicate image handler for 'Windows animated cursor file'
12:30:27 AM: Debug: Adding duplicate image handler for 'TGA file'
12:30:27 AM: Debug: Adding duplicate image handler for 'XPM file'
snapshot 16_pruned
