12:31:55 AM: Debug: Adding duplicate image handler for 'PNG file'
12:31:55 AM: Debug: Adding duplicate image handler for 'JPEG file'
12:31:55 AM: Debug: Adding duplicate image handler for 'TIFF file'
12:31:55 AM: Debug: Adding duplicate image handler for 'GIF file'
12:31:55 AM: Debug: Adding duplicate image handler for 'PNM file'
12:31:55 AM: Debug: Adding duplicate image handler for 'PCX file'
12:31:55 AM: Debug: Adding duplicate image handler for 'IFF file'
12:31:55 AM: Debug: Adding duplicate image handler for 'Windows icon file'
12:31:55 AM: Debug: Adding duplicate image handler for 'Windows cursor file'
12:31:55 AM: Debug: Adding duplicate image handler for 'Windows animated cursor file'
12:31:55 AM: Debug: Adding duplicate image handler for 'TGA file'
12:31:55 AM: Debug: Adding duplicate image handler for 'XPM file'
ground stitch free True
12:31:55 AM: Debug: Adding duplicate image handler for 'PNG file'
12:31:55 AM: Debug: Adding duplicate image handler for 'JPEG file'
12:31:55 AM: Debug: Adding duplicate image handler for 'TIFF file'
12:31:55 AM: Debug: Adding duplicate image handler for 'GIF file'
12:31:55 AM: Debug: Adding duplicate image handler for 'PNM file'
12:31:55 AM: Debug: Adding duplicate image handler for 'PCX file'
12:31:55 AM: Debug: Adding duplicate image handler for 'IFF file'
12:31:55 AM: Debug: Adding duplicate image handler for 'Windows icon file'
12:31:55 AM: Debug: Adding duplicate image handler for 'Windows cursor file'
12:31:55 AM: Debug: Adding duplicate image handler for 'Windows animated cursor file'
12:31:55 AM: Debug: Adding duplicate image handler for 'TGA file'
12:31:55 AM: Debug: Adding duplicate image handler for 'XPM file'
17_ground 5 Counter({'silk_over_copper': 16, 'track_angle': 10, 'track_dangling': 3}) opens 1
