12:39:31 AM: Debug: Adding duplicate image handler for 'PNG file'
12:39:31 AM: Debug: Adding duplicate image handler for 'JPEG file'
12:39:31 AM: Debug: Adding duplicate image handler for 'TIFF file'
12:39:31 AM: Debug: Adding duplicate image handler for 'GIF file'
12:39:31 AM: Debug: Adding duplicate image handler for 'PNM file'
12:39:31 AM: Debug: Adding duplicate image handler for 'PCX file'
12:39:31 AM: Debug: Adding duplicate image handler for 'IFF file'
12:39:31 AM: Debug: Adding duplicate image handler for 'Windows icon file'
12:39:31 AM: Debug: Adding duplicate image handler for 'Windows cursor file'
12:39:31 AM: Debug: Adding duplicate image handler for 'Windows animated cursor file'
12:39:31 AM: Debug: Adding duplicate image handler for 'TGA file'
12:39:31 AM: Debug: Adding duplicate image handler for 'XPM file'
changed /CHG_N [(5, 37.5), (2.953552, 35.453552), (2.953552, 35.246447)]
Traceback (most recent call last):
  File "/Users/dean/Documents/MORI/hardware/v1_2/j10_routing_C3_20261002/finish_copper.py", line 19, in <module>
    replace(['238bf8d4-e2d7-46c1-8827-7395f7f1bba6','6e5de95c-0bed-40c2-8d91-ea1544acb99d','60f6f00d-8111-4c35-8adf-c0c4cbdbcd6c','8a58ab16-693e-4f56-abb8-2cfda5f9020e'], '/CHG_N',B,[(11.9888,40.3352),(11.4,39.7464),(11.4,35.3)])
  File "/Users/dean/Documents/MORI/hardware/v1_2/j10_routing_C3_20261002/finish_copper.py", line 6, in replace
    ts=[t for t in b.GetTracks() if t.m_Uuid.AsString() in ids]
  File "/Applications/KiCad/KiCad.app/Contents/Frameworks/Python.framework/Versions/3.9/lib/python3.9/site-packages/pcbnew.py", line 22616, in GetTracks
    def GetTracks(self):              return list(self.Tracks())
TypeError: 'swig_runtime_data5.SwigPyObject' object is not iterable
12:39:32 AM: Debug: Adding duplicate image handler for 'PNG file'
12:39:32 AM: Debug: Adding duplicate image handler for 'JPEG file'
12:39:32 AM: Debug: Adding duplicate image handler for 'TIFF file'
12:39:32 AM: Debug: Adding duplicate image handler for 'GIF file'
12:39:32 AM: Debug: Adding duplicate image handler for 'PNM file'
12:39:32 AM: Debug: Adding duplicate image handler for 'PCX file'
12:39:32 AM: Debug: Adding duplicate image handler for 'IFF file'
12:39:32 AM: Debug: Adding duplicate image handler for 'Windows icon file'
12:39:32 AM: Debug: Adding duplicate image handler for 'Windows cursor file'
12:39:32 AM: Debug: Adding duplicate image handler for 'Windows animated cursor file'
12:39:32 AM: Debug: Adding duplicate image handler for 'TGA file'
12:39:32 AM: Debug: Adding duplicate image handler for 'XPM file'
pruned 3
18_finish 5 Counter({'silk_over_copper': 16, 'track_angle': 10, 'track_dangling': 1}) opens 1
