12:40:13 AM: Debug: Adding duplicate image handler for 'PNG file'
12:40:13 AM: Debug: Adding duplicate image handler for 'JPEG file'
12:40:13 AM: Debug: Adding duplicate image handler for 'TIFF file'
12:40:13 AM: Debug: Adding duplicate image handler for 'GIF file'
12:40:13 AM: Debug: Adding duplicate image handler for 'PNM file'
12:40:13 AM: Debug: Adding duplicate image handler for 'PCX file'
12:40:13 AM: Debug: Adding duplicate image handler for 'IFF file'
12:40:13 AM: Debug: Adding duplicate image handler for 'Windows icon file'
12:40:13 AM: Debug: Adding duplicate image handler for 'Windows cursor file'
12:40:13 AM: Debug: Adding duplicate image handler for 'Windows animated cursor file'
12:40:13 AM: Debug: Adding duplicate image handler for 'TGA file'
12:40:13 AM: Debug: Adding duplicate image handler for 'XPM file'
power simplified /FAULT_N 4 -> 2
power simplified /CHG_N 6 -> 2
power simplified /CHG_N 5 -> 2
power simplified /ARM_Q 5 -> 2
power simplified /FAULT_N 4 -> 2
power simplified /CHG_N 3 -> 2
power simplified /+5V_CAM 4 -> 2
power simplified /FAULT_N 4 -> 3
power 8 corridors simplified; native Counter({'track_angle': 6, 'track_dangling': 1}) opens 1
