12:41:34 AM: Debug: Adding duplicate image handler for 'PNG file'
12:41:34 AM: Debug: Adding duplicate image handler for 'JPEG file'
12:41:34 AM: Debug: Adding duplicate image handler for 'TIFF file'
12:41:34 AM: Debug: Adding duplicate image handler for 'GIF file'
12:41:34 AM: Debug: Adding duplicate image handler for 'PNM file'
12:41:34 AM: Debug: Adding duplicate image handler for 'PCX file'
12:41:34 AM: Debug: Adding duplicate image handler for 'IFF file'
12:41:34 AM: Debug: Adding duplicate image handler for 'Windows icon file'
12:41:34 AM: Debug: Adding duplicate image handler for 'Windows cursor file'
12:41:34 AM: Debug: Adding duplicate image handler for 'Windows animated cursor file'
12:41:34 AM: Debug: Adding duplicate image handler for 'TGA file'
12:41:34 AM: Debug: Adding duplicate image handler for 'XPM file'
remaining 02d345c9-02cc-495c-a0dc-92cf16dcae3e /ARM_Q B.Cu (47.3, 43.7) (48.0, 44.4)
remaining 49b07d16-3443-46a5-a3af-87183ed05df2 /ARM_Q B.Cu (48.0, 42.1192) (48.0, 44.4)
remaining 99372acd-375a-4b83-b94e-cf139fdece7b /FAULT_N B.Cu (59.5376, 28.737599) (61.0, 30.2)
remaining 99965e3d-89be-4cb4-bfd8-3b68fbd9c739 /FAULT_N B.Cu (47.9, 30.2) (61.0, 30.2)
remaining c2c15b95-f304-45ce-a594-af44f328caba /CURRENT_ADC B.Cu (46.0, 39.0) (46.4, 39.4)
remaining 5b0e346d-00d1-4cc5-90c9-7a8fa76a48d0 /WHEEL_ADC F.Cu (43.8912, 20.116799) (44.907199, 21.1328)
remaining 91b6ecc1-1c90-4041-b547-bd60426418c1 /WHEEL_ADC F.Cu (44.0, 20.2) (43.8912, 20.116799)
zone P5R3_PARALLEL_W_VM_J8_F.Cu 1
island 0 False [60.6448, 22.24, 64.2848, 23.48] []
zone P5R3_PARALLEL_BAT_MON_WHEEL_F.Cu 1
island 0 False [30.0124, 3.4824, 31.2524, 7.1224] []
zone P5R3_PARALLEL_BAT_MON_MAIN_F.Cu 1
island 0 False [31.5432, 14.0104, 36.383199, 15.250399] []
zone P5_GND_F.Cu 14
island 0 False [0.5005, 0.5005, 79.4995, 54.4995] ['Q50.2', 'D20.2', 'R46.2', 'R56.2', 'C21.2', 'C41.2', 'Q20.2', 'Q40.2', 'U41.3', 'R1.2', 'Q31.2', 'D40.2', 'U60.1', 'C64.2', 'C61.2', 'C63.2', 'C2.2', 'U21.3', 'C60.2', 'R26.2', 'C73.2', 'TP61.1', 'C66.2', 'C40.2', 'C20.2', 'via:(15.4, 43.975)', 'via:(21.5, 26.5)', 'via:(56.3626, 31.394399)', 'via:(12.2, 29.475)', 'via:(68.0, 23.0)', 'via:(20.4, 32.075)', 'via:(20.4, 30.775)', 'via:(72.475, 31.25)']
island 1 False [12.688189, 34.400499, 34.643028, 52.399501] ['C76.2', 'U70.1', 'C71.2', 'C70.2', 'via:(20.4, 45.875)', 'via:(21.3, 40.5)', 'via:(20.4, 44.575)']
island 2 False [21.200499, 18.078899, 48.810694, 50.113386] ['R54.2', 'TP71.1', 'Q11.2', 'via:(36.0, 28.0)', 'via:(43.9674, 45.4914)', 'via:(43.561, 21.1328)']
island 3 False [8.825298, 41.03318, 12.934043, 45.099501] ['C74.2', 'via:(12.0, 42.5)']
island 4 False [40.419049, 43.70777, 41.826069, 45.010042] []
island 5 False [64.371283, 35.535499, 69.474501, 39.426701] ['R42.2', 'via:(68.0, 37.5)']
island 6 False [58.414099, 34.586851, 60.788436, 39.325101] ['via:(59.334399, 36.398199)']
island 7 False [61.028955, 31.185298, 69.547823, 38.105901] ['U40.4']
island 8 False [47.100499, 23.600499, 48.899501, 28.215466] ['R53.2', 'via:(47.5, 26.5)']
island 9 False [40.875499, 21.600499, 42.715466, 22.199501] ['R51.2']
island 10 False [61.875499, 16.517597, 65.9443, 21.609501] ['R22.2', 'via:(63.45, 19.8)']
island 11 False [37.625972, 15.454507, 39.426701, 21.458701] ['C1.2', 'via:(38.5064, 19.5326)']
island 12 False [32.040999, 16.961299, 37.509001, 19.825901] ['U1.2', 'via:(35.5, 18.5)']
island 13 False [61.766899, 10.029699, 68.281101, 15.513931] ['U20.4', 'via:(63.0, 13.0)']
zone P5R3_PARALLEL_BAT_MON_F60_F.Cu 1
island 0 False [31.483999, 20.2064, 33.723999, 21.2464] []
zone P5R3_PARALLEL_W_VM_MAIN_F.Cu 1
island 0 False [56.6984, 8.9972, 58.938399, 11.2372] []
