12:42:27 AM: Debug: Adding duplicate image handler for 'PNG file'
12:42:27 AM: Debug: Adding duplicate image handler for 'JPEG file'
12:42:27 AM: Debug: Adding duplicate image handler for 'TIFF file'
12:42:27 AM: Debug: Adding duplicate image handler for 'GIF file'
12:42:27 AM: Debug: Adding duplicate image handler for 'PNM file'
12:42:27 AM: Debug: Adding duplicate image handler for 'PCX file'
12:42:27 AM: Debug: Adding duplicate image handler for 'IFF file'
12:42:27 AM: Debug: Adding duplicate image handler for 'Windows icon file'
12:42:27 AM: Debug: Adding duplicate image handler for 'Windows cursor file'
12:42:27 AM: Debug: Adding duplicate image handler for 'Windows animated cursor file'
12:42:27 AM: Debug: Adding duplicate image handler for 'TGA file'
12:42:27 AM: Debug: Adding duplicate image handler for 'XPM file'
NET /WHEEL_ADC
16da647a-7fea-4766-a8ed-acb2c425c600 F.Cu (45.9, 19.8) (45.5, 20.2)
37c0bd95-c966-4d8b-9ee5-c0d5f7e1a4e0 F.Cu (47.5, 23.675) (48.0, 23.2)
4f8775c8-6053-47f5-aae2-3965628ed19a F.Cu (45.5, 20.2) (44.0, 20.2)
5b0e346d-00d1-4cc5-90c9-7a8fa76a48d0 F.Cu (43.8912, 20.116799) (44.907199, 21.1328)
763d66f7-8599-4ca8-aad1-59e66762826d F.Cu (48.0, 23.2) (49.3, 23.2)
91b6ecc1-1c90-4041-b547-bd60426418c1 F.Cu (44.0, 20.2) (43.8912, 20.116799)
93c61f5b-086b-4218-af18-344a1d0d9b77 F.Cu (49.3, 23.2) (49.3, 26.7)
9d6caaa6-09d0-4f6d-8c38-c81686184c17 via (45.9, 19.8) (45.9, 19.8)
a9926548-29be-49c9-8d2d-a4980f2c0b39 via (43.8912, 20.116799) (43.8912, 20.116799)
d35de367-aa0d-401b-8700-94532bab4883 via (49.3, 23.2) (49.3, 23.2)
16332e96-3029-4fb6-8360-01a8c1881267 B.Cu (43.8912, 20.421599) (43.8912, 20.116799)
55afcd63-9629-4c1c-b08e-55f6af77a0c1 B.Cu (46.3, 19.8) (45.9, 19.8)
a76686d5-3a8d-4c29-940f-40b50f971059 B.Cu (47.4, 20.9) (46.3, 19.8)
e4c53b71-f1b9-4b63-875a-04c5e95f5502 B.Cu (47.4, 21.3) (47.4, 20.9)
fd7798c5-377d-43a5-ae11-07843f5c4d24 B.Cu (49.3, 23.2) (47.4, 21.3)
NET /FAULT_N
14324d78-9fa7-408f-83fb-0c0f774a1cfd F.Cu (61.7728, 16.256) (60.452, 17.5768)
30c4162d-2c33-43c7-a987-b0fb0c62255a F.Cu (66.6242, 16.475) (66.6242, 18.2626)
4a1a7e19-6c0b-4d13-b44c-b875af03acfd F.Cu (62.788799, 18.1864) (62.788799, 16.662399)
524426b0-62ac-458a-9b88-b5acd9ce51f8 F.Cu (62.788799, 16.662399) (62.3824, 16.256)
6153c8c2-8ef3-4dc3-9e66-7dd371ef5251 F.Cu (59.5376, 23.0632) (59.5376, 24.2824)
6ee33c53-42b2-42ad-9e20-f119797a1084 F.Cu (60.452, 17.5768) (60.452, 22.148799)
87b8e3de-7bf2-475a-9acc-b3cb265a096a F.Cu (67.475, 33.8582) (69.2658, 33.8582)
9c51c3ea-2e41-4c44-af00-d2aaae83188d F.Cu (63.093599, 18.4912) (62.788799, 18.1864)
b4b6e38c-f64a-4215-bc4c-d5fa34c5bb9d F.Cu (60.452, 22.148799) (59.5376, 23.0632)
e5650c83-bd79-4a56-ab8a-3cd8949b3713 F.Cu (62.3824, 16.256) (61.7728, 16.256)
055925fe-52ca-436d-b074-774cf30ef3db via (69.2658, 33.8582) (69.2658, 33.8582)
a523f04e-744c-47fd-bb97-c56f26a35791 via (66.6242, 18.2626) (66.6242, 18.2626)
a6d9adf1-e132-4b4f-8c5b-5e0c006412d0 via (63.093599, 18.4912) (63.093599, 18.4912)
faab4ecd-49c2-4ee7-baae-b07ec60026ac via (59.5376, 24.2824) (59.5376, 24.2824)
02c9daa6-1865-4dbf-8526-d436d97cb719 B.Cu (69.2658, 30.5) (68.4658, 29.7)
02f6ce26-9e5c-4458-b44b-2d822279fe53 B.Cu (64.7192, 20.116799) (63.093599, 18.4912)
1343e8d8-5a12-4671-9790-24074ad20fe7 B.Cu (66.6242, 18.2626) (66.4464, 20.0152)
17cb0571-1dc8-4124-bbb3-2ec2b609063c B.Cu (59.5376, 24.2824) (59.5376, 28.737599)
56be1e58-5b26-488a-90a1-a3cf30a9e724 B.Cu (69.2658, 33.8582) (69.2658, 30.5)
712164b8-6829-48e4-96de-23b91a28b6b9 B.Cu (66.4464, 20.0152) (66.344799, 20.116799)
99372acd-375a-4b83-b94e-cf139fdece7b B.Cu (59.5376, 28.737599) (61.0, 30.2)
99965e3d-89be-4cb4-bfd8-3b68fbd9c739 B.Cu (47.9, 30.2) (61.0, 30.2)
cd75c197-1913-49c6-b460-d1b400bc1d2a B.Cu (68.4658, 29.7) (61.5, 29.7)
cdcf6c98-2353-49f4-9271-106a07746e8c B.Cu (66.344799, 20.116799) (64.7192, 20.116799)
db0d95f3-12a5-4641-ab1b-37d824a4315c B.Cu (61.5, 29.7) (61.0, 30.2)
NET /ARM_Q
11ed4325-915d-430e-b9d5-2a0b2a0dd8de F.Cu (47.3456, 45.5168) (46.3296, 46.532799)
1e6bf852-1cdf-4534-a9cd-a655fbdfabba F.Cu (47.325, 45.5) (48.0, 44.8)
26c451b0-66d7-440a-a27c-380bcc262819 F.Cu (46.3296, 46.532799) (46.1264, 46.3296)
365cc20c-f9e5-4631-9eb7-da68c47ef6b5 F.Cu (46.825, 45.5) (47.325, 45.5)
e7ab125f-230d-428a-af60-7d38ce56e3c6 F.Cu (46.1264, 46.3296) (43.7896, 46.3296)
a360febe-2439-413b-9665-6c551349e84c via (48.0, 44.8) (48.0, 44.8)
02d345c9-02cc-495c-a0dc-92cf16dcae3e B.Cu (47.3, 43.7) (48.0, 44.4)
49b07d16-3443-46a5-a3af-87183ed05df2 B.Cu (48.0, 42.1192) (48.0, 44.4)
d216bade-7c6a-4741-92de-5b17e20b8211 B.Cu (48.0, 44.8) (48.0, 44.4)
ground via (41.1, 44.3) False
ground via (41, 44.3) False
ground via (41.2, 44.4) False
ground via (41.1, 44.1) False
