12:43:19 AM: Debug: Adding duplicate image handler for 'PNG file'
12:43:19 AM: Debug: Adding duplicate image handler for 'JPEG file'
12:43:19 AM: Debug: Adding duplicate image handler for 'TIFF file'
12:43:19 AM: Debug: Adding duplicate image handler for 'GIF file'
12:43:19 AM: Debug: Adding duplicate image handler for 'PNM file'
12:43:19 AM: Debug: Adding duplicate image handler for 'PCX file'
12:43:19 AM: Debug: Adding duplicate image handler for 'IFF file'
12:43:19 AM: Debug: Adding duplicate image handler for 'Windows icon file'
12:43:19 AM: Debug: Adding duplicate image handler for 'Windows cursor file'
12:43:19 AM: Debug: Adding duplicate image handler for 'Windows animated cursor file'
12:43:19 AM: Debug: Adding duplicate image handler for 'TGA file'
12:43:19 AM: Debug: Adding duplicate image handler for 'XPM file'
changed /ARM_Q [(47.3, 43.7), (47.3, 44.4), (48, 44.4)]
changed /FAULT_N [(59.5376, 24.2824), (59.5376, 30.2)]
BLOCKED /WHEEL_ADC [(45.9, 19.8), (45.9, 20.14), (44.907199, 21.1328)]
12:43:19 AM: Debug: Adding duplicate image handler for 'PNG file'
12:43:19 AM: Debug: Adding duplicate image handler for 'JPEG file'
12:43:19 AM: Debug: Adding duplicate image handler for 'TIFF file'
12:43:19 AM: Debug: Adding duplicate image handler for 'GIF file'
12:43:19 AM: Debug: Adding duplicate image handler for 'PNM file'
12:43:19 AM: Debug: Adding duplicate image handler for 'PCX file'
12:43:19 AM: Debug: Adding duplicate image handler for 'IFF file'
12:43:19 AM: Debug: Adding duplicate image handler for 'Windows icon file'
12:43:19 AM: Debug: Adding duplicate image handler for 'Windows cursor file'
12:43:19 AM: Debug: Adding duplicate image handler for 'Windows animated cursor file'
12:43:19 AM: Debug: Adding duplicate image handler for 'TGA file'
12:43:19 AM: Debug: Adding duplicate image handler for 'XPM file'
pruned 1
22_finish 5 Counter({'silk_over_copper': 16, 'track_angle': 2, 'track_dangling': 1}) opens 1
