12:45:56 AM: Debug: Adding duplicate image handler for 'PNG file'
12:45:56 AM: Debug: Adding duplicate image handler for 'JPEG file'
12:45:56 AM: Debug: Adding duplicate image handler for 'TIFF file'
12:45:56 AM: Debug: Adding duplicate image handler for 'GIF file'
12:45:56 AM: Debug: Adding duplicate image handler for 'PNM file'
12:45:56 AM: Debug: Adding duplicate image handler for 'PCX file'
12:45:56 AM: Debug: Adding duplicate image handler for 'IFF file'
12:45:56 AM: Debug: Adding duplicate image handler for 'Windows icon file'
12:45:56 AM: Debug: Adding duplicate image handler for 'Windows cursor file'
12:45:56 AM: Debug: Adding duplicate image handler for 'Windows animated cursor file'
12:45:56 AM: Debug: Adding duplicate image handler for 'TGA file'
12:45:56 AM: Debug: Adding duplicate image handler for 'XPM file'
12:45:57 AM: Debug: Adding duplicate image handler for 'PNG file'
12:45:57 AM: Debug: Adding duplicate image handler for 'JPEG file'
12:45:57 AM: Debug: Adding duplicate image handler for 'TIFF file'
12:45:57 AM: Debug: Adding duplicate image handler for 'GIF file'
12:45:57 AM: Debug: Adding duplicate image handler for 'PNM file'
12:45:57 AM: Debug: Adding duplicate image handler for 'PCX file'
12:45:57 AM: Debug: Adding duplicate image handler for 'IFF file'
12:45:57 AM: Debug: Adding duplicate image handler for 'Windows icon file'
12:45:57 AM: Debug: Adding duplicate image handler for 'Windows cursor file'
12:45:57 AM: Debug: Adding duplicate image handler for 'Windows animated cursor file'
12:45:57 AM: Debug: Adding duplicate image handler for 'TGA file'
12:45:57 AM: Debug: Adding duplicate image handler for 'XPM file'
24_local 5 Counter({'silk_over_copper': 7}) opens 1
12:46:00 AM: Debug: Adding duplicate image handler for 'PNG file'
12:46:00 AM: Debug: Adding duplicate image handler for 'JPEG file'
12:46:00 AM: Debug: Adding duplicate image handler for 'TIFF file'
12:46:00 AM: Debug: Adding duplicate image handler for 'GIF file'
12:46:00 AM: Debug: Adding duplicate image handler for 'PNM file'
12:46:00 AM: Debug: Adding duplicate image handler for 'PCX file'
12:46:00 AM: Debug: Adding duplicate image handler for 'IFF file'
12:46:00 AM: Debug: Adding duplicate image handler for 'Windows icon file'
12:46:00 AM: Debug: Adding duplicate image handler for 'Windows cursor file'
12:46:00 AM: Debug: Adding duplicate image handler for 'Windows animated cursor file'
12:46:00 AM: Debug: Adding duplicate image handler for 'TGA file'
12:46:00 AM: Debug: Adding duplicate image handler for 'XPM file'
snapshot 24_local
