12:52:16 AM: Debug: Adding duplicate image handler for 'PNG file'
12:52:16 AM: Debug: Adding duplicate image handler for 'JPEG file'
12:52:16 AM: Debug: Adding duplicate image handler for 'TIFF file'
12:52:16 AM: Debug: Adding duplicate image handler for 'GIF file'
12:52:16 AM: Debug: Adding duplicate image handler for 'PNM file'
12:52:16 AM: Debug: Adding duplicate image handler for 'PCX file'
12:52:16 AM: Debug: Adding duplicate image handler for 'IFF file'
12:52:16 AM: Debug: Adding duplicate image handler for 'Windows icon file'
12:52:16 AM: Debug: Adding duplicate image handler for 'Windows cursor file'
12:52:16 AM: Debug: Adding duplicate image handler for 'Windows animated cursor file'
12:52:16 AM: Debug: Adding duplicate image handler for 'TGA file'
12:52:16 AM: Debug: Adding duplicate image handler for 'XPM file'
2505aba3-2545-49fd-bb71-e803d5294cf0 /+3V3 F.Cu (36.779199, 20.32) (37.7952, 21.336) 0.2
3ca9ca8f-997e-4a04-95bb-2da70ba36779 /+3V3 F.Cu (38.999999, 22.8) (43.16, 22.8) 0.2
71e0d4ea-c36c-40ae-b8c1-49944dce03e7 /+3V3 F.Cu (44.5008, 24.180799) (44.297599, 24.180799) 0.2
75d57a54-2bae-4af7-9005-7d5b3f3f911b /+3V3 F.Cu (37.9984, 21.9456) (37.7952, 21.7424) 0.2
8e8a88f5-5a56-44f2-b30f-1f597598aec5 /+3V3 F.Cu (38.5, 22.300001) (38.999999, 22.8) 0.2
9264a888-e38f-4267-8c6a-59b8cff4e401 /+3V3 F.Cu (43.16, 22.8) (44.5, 24.14) 0.2
b51dece5-b302-4258-97c3-74d4f8ec8b7f /+3V3 F.Cu (37.7952, 21.7424) (37.7952, 21.336) 0.2
e7e2a870-3c3d-46b1-bc35-7af11def5af9 /+3V3 F.Cu (38.2016, 21.9456) (37.9984, 21.9456) 0.2
4645165d-a963-409c-a2fa-2333e8d37411 /+3V3 F.Cu (44.297599, 24.180799) (44.297599, 24.180799) via
f0e91ae4-43f6-4a14-84c7-78ebc3e71c68 /+3V3 F.Cu (36.779199, 20.32) (36.779199, 20.32) via
4f02a796-c788-4c8b-9105-ac270e15982e /+3V3 B.Cu (46.736, 24.5872) (46.736, 26.416) 0.2
75fbbe96-3879-4b06-939b-88c795165b11 /+3V3 B.Cu (44.602399, 24.485599) (46.6344, 24.485599) 0.2
8936b4bb-1766-46a8-a2ee-c03c5d2e88af /+3V3 B.Cu (44.297599, 24.180799) (44.602399, 24.485599) 0.2
92ff7aea-a07c-459d-9c4b-2ce54c2d2004 /+3V3 B.Cu (36.779199, 17.373599) (36.779199, 20.32) 0.2
fe2fb82b-a061-4bdb-95fe-febe574750cb /+3V3 B.Cu (46.6344, 24.485599) (46.736, 24.5872) 0.2
8c158c67-3cae-4e9e-a1f2-b788b84130a4 /H_PRE B.Cu (47.8, 22.9) (38.1, 22.9) 0.8
a2c6411e-b57a-41d8-a1e1-310e23368af8 /H_PRE B.Cu (37.5, 23.5) (37.5, 30.1) 0.8
aedfcf06-b0c2-446a-a030-0f0d76de2419 /H_PRE B.Cu (38.1, 22.9) (37.5, 23.5) 0.8
c8a2521c-e527-44ca-9409-2748f265bce9 /H_PRE B.Cu (48.6, 27.3) (48.6, 23.7) 0.8
e3c3e62a-08bc-4660-a777-f5f48edeb2fa /H_PRE B.Cu (48.6, 23.7) (47.8, 22.9) 0.8
