12:50:47 AM: Debug: Adding duplicate image handler for 'PNG file'
12:50:47 AM: Debug: Adding duplicate image handler for 'JPEG file'
12:50:47 AM: Debug: Adding duplicate image handler for 'TIFF file'
12:50:47 AM: Debug: Adding duplicate image handler for 'GIF file'
12:50:47 AM: Debug: Adding duplicate image handler for 'PNM file'
12:50:47 AM: Debug: Adding duplicate image handler for 'PCX file'
12:50:47 AM: Debug: Adding duplicate image handler for 'IFF file'
12:50:47 AM: Debug: Adding duplicate image handler for 'Windows icon file'
12:50:47 AM: Debug: Adding duplicate image handler for 'Windows cursor file'
12:50:47 AM: Debug: Adding duplicate image handler for 'Windows animated cursor file'
12:50:47 AM: Debug: Adding duplicate image handler for 'TGA file'
12:50:47 AM: Debug: Adding duplicate image handler for 'XPM file'
(42.7, 22) [('F.Cu', [('250bf3a3-098a-4448-bcfc-99a1cc58e007', '/BAT_ADC')]), ('B.Cu', [])]
(42.5, 22) [('F.Cu', [('R51.2', '/GND'), ('250bf3a3-098a-4448-bcfc-99a1cc58e007', '/BAT_ADC')]), ('B.Cu', [])]
(42.1, 21.9) [('F.Cu', [('R51.2', '/GND')]), ('B.Cu', [])]
(41.8, 21.4) [('F.Cu', [('R51.2', '/GND'), ('a1441abd-8e29-4869-8713-bfd60ffb3eab', '/BAT_ADC')]), ('B.Cu', [])]
(41.9, 22.6) [('F.Cu', [('R51.2', '/GND'), ('3ca9ca8f-997e-4a04-95bb-2da70ba36779', '/+3V3')]), ('B.Cu', [('8c158c67-3cae-4e9e-a1f2-b788b84130a4', '/H_PRE')])]
(42.8, 21.5) [('F.Cu', [('250bf3a3-098a-4448-bcfc-99a1cc58e007', '/BAT_ADC'), ('a1441abd-8e29-4869-8713-bfd60ffb3eab', '/BAT_ADC')]), ('B.Cu', [])]
95c58c6c-841c-4756-932c-fd7538e559b3 /GND F.Cu (41.825, 22.0) (42.325, 22.0) 0.2
a527cde1-4aec-4166-b2d6-54b566405794 /GND F.Cu (42.95, 20.5218) (43.561, 21.1328) 0.2
91c9a325-02bb-4a0f-8baa-bbb1bf79e889 /GND F.Cu (43.561, 21.1328) (43.561, 21.1328) via
3ca9ca8f-997e-4a04-95bb-2da70ba36779 /+3V3 F.Cu (38.999999, 22.8) (43.16, 22.8) 0.2
9264a888-e38f-4267-8c6a-59b8cff4e401 /+3V3 F.Cu (43.16, 22.8) (44.5, 24.14) 0.2
250bf3a3-098a-4448-bcfc-99a1cc58e007 /BAT_ADC F.Cu (42.4, 21.2) (45.0, 23.8) 0.2
2feda6c8-5fc7-43c7-9723-36f1f944b3df /BAT_ADC F.Cu (39.8272, 20.9296) (40.6, 20.9) 0.2
4104aaa3-efc7-4861-895b-61ced7920c75 /BAT_ADC F.Cu (40.6, 20.9) (40.9, 21.2) 0.2
a1441abd-8e29-4869-8713-bfd60ffb3eab /BAT_ADC F.Cu (40.9, 21.2) (42.4, 21.2) 0.2
9c2046f9-ed0f-4f15-af51-fd9e8f483f90 /BAT_ADC B.Cu (39.8272, 20.9296) (40.4, 20.3) 0.2
a35a12f6-f4c2-4cc2-80d1-f0d6435c490a /BAT_ADC B.Cu (40.4, 20.3) (40.4, 18.3) 0.2
4ac62313-0435-4866-aa00-cba0ac2fbd46 /BAT_MON F.Cu (41.5, 23.4) (42.1, 24.0) 0.2
f1b5d54d-0664-4de7-a53d-62e60618b049 /BAT_MON F.Cu (37.9, 23.4) (41.5, 23.4) 0.2
3eba98ea-387f-495f-8201-be7bf63ae651 /WHEEL_ADC F.Cu (45.5, 20.2) (44.675, 20.2) 0.2
a3231862-8afe-460c-b2e8-25a5aa7f4b4d /WHEEL_ADC F.Cu (44.675, 20.2) (44.675, 21.0) 0.2
