12:54:41 AM: Debug: Adding duplicate image handler for 'PNG file'
12:54:41 AM: Debug: Adding duplicate image handler for 'JPEG file'
12:54:41 AM: Debug: Adding duplicate image handler for 'TIFF file'
12:54:41 AM: Debug: Adding duplicate image handler for 'GIF file'
12:54:41 AM: Debug: Adding duplicate image handler for 'PNM file'
12:54:41 AM: Debug: Adding duplicate image handler for 'PCX file'
12:54:41 AM: Debug: Adding duplicate image handler for 'IFF file'
12:54:41 AM: Debug: Adding duplicate image handler for 'Windows icon file'
12:54:41 AM: Debug: Adding duplicate image handler for 'Windows cursor file'
12:54:41 AM: Debug: Adding duplicate image handler for 'Windows animated cursor file'
12:54:41 AM: Debug: Adding duplicate image handler for 'TGA file'
12:54:41 AM: Debug: Adding duplicate image handler for 'XPM file'
/+3V3 blocked []
/BAT_ADC blocked [((39.4, 21.3568), (39.4, 22.6)), ((39.4, 22.6), (43.8, 22.6))]
Traceback (most recent call last):
  File "/Users/dean/Documents/MORI/hardware/v1_2/j10_routing_C3_20261002/ground_corridor.py", line 11, in <module>
    replace(['250bf3a3-098a-4448-bcfc-99a1cc58e007','2feda6c8-5fc7-43c7-9723-36f1f944b3df','4104aaa3-efc7-4861-895b-61ced7920c75','a1441abd-8e29-4869-8713-bfd60ffb3eab'],'/BAT_ADC',F,[(39.8272,20.9296),(39.4,21.3568),(39.4,22.6),(43.8,22.6),(45,23.8)],.2)
  File "/Users/dean/Documents/MORI/hardware/v1_2/j10_routing_C3_20261002/ground_corridor.py", line 5, in replace
    g=Guard(b,net);bad=[(a,z)for a,z in zip(pts,pts[1:])if not g.line_clear(a,z,l,w)];print(net,'blocked',bad,flush=True);assert not bad
AssertionError
