12:59:04 AM: Debug: Adding duplicate image handler for 'PNG file'
12:59:04 AM: Debug: Adding duplicate image handler for 'JPEG file'
12:59:04 AM: Debug: Adding duplicate image handler for 'TIFF file'
12:59:04 AM: Debug: Adding duplicate image handler for 'GIF file'
12:59:04 AM: Debug: Adding duplicate image handler for 'PNM file'
12:59:04 AM: Debug: Adding duplicate image handler for 'PCX file'
12:59:04 AM: Debug: Adding duplicate image handler for 'IFF file'
12:59:04 AM: Debug: Adding duplicate image handler for 'Windows icon file'
12:59:04 AM: Debug: Adding duplicate image handler for 'Windows cursor file'
12:59:04 AM: Debug: Adding duplicate image handler for 'Windows animated cursor file'
12:59:04 AM: Debug: Adding duplicate image handler for 'TGA file'
12:59:04 AM: Debug: Adding duplicate image handler for 'XPM file'
12:59:04 AM: Debug: Adding duplicate image handler for 'PNG file'
12:59:04 AM: Debug: Adding duplicate image handler for 'JPEG file'
12:59:04 AM: Debug: Adding duplicate image handler for 'TIFF file'
12:59:04 AM: Debug: Adding duplicate image handler for 'GIF file'
12:59:04 AM: Debug: Adding duplicate image handler for 'PNM file'
12:59:04 AM: Debug: Adding duplicate image handler for 'PCX file'
12:59:04 AM: Debug: Adding duplicate image handler for 'IFF file'
12:59:04 AM: Debug: Adding duplicate image handler for 'Windows icon file'
12:59:04 AM: Debug: Adding duplicate image handler for 'Windows cursor file'
12:59:04 AM: Debug: Adding duplicate image handler for 'Windows animated cursor file'
12:59:04 AM: Debug: Adding duplicate image handler for 'TGA file'
12:59:04 AM: Debug: Adding duplicate image handler for 'XPM file'
12:59:04 AM: Debug: Adding duplicate image handler for 'PNG file'
12:59:04 AM: Debug: Adding duplicate image handler for 'JPEG file'
12:59:04 AM: Debug: Adding duplicate image handler for 'TIFF file'
12:59:04 AM: Debug: Adding duplicate image handler for 'GIF file'
12:59:04 AM: Debug: Adding duplicate image handler for 'PNM file'
12:59:04 AM: Debug: Adding duplicate image handler for 'PCX file'
12:59:04 AM: Debug: Adding duplicate image handler for 'IFF file'
12:59:04 AM: Debug: Adding duplicate image handler for 'Windows icon file'
12:59:04 AM: Debug: Adding duplicate image handler for 'Windows cursor file'
12:59:04 AM: Debug: Adding duplicate image handler for 'Windows animated cursor file'
12:59:04 AM: Debug: Adding duplicate image handler for 'TGA file'
12:59:04 AM: Debug: Adding duplicate image handler for 'XPM file'
PASS
[]
power components 104 foreign-net candidates 0 own-pin escapes 70 U100 exceptions 0
power before {'segments': 629, 'vias': 115, 'nets_with_tracks': 44, 'length_mm': 1182.9420283003387, 'flags': {'SHORT_SEGMENT': 29, 'OFFSET_ENDPOINTS': 66, 'OVERLAP_PARALLEL': 8, 'FOLDBACK': 9, 'NON_45': 13}}
12:59:04 AM: Debug: Adding duplicate image handler for 'PNG file'
12:59:04 AM: Debug: Adding duplicate image handler for 'JPEG file'
12:59:04 AM: Debug: Adding duplicate image handler for 'TIFF file'
12:59:04 AM: Debug: Adding duplicate image handler for 'GIF file'
12:59:04 AM: Debug: Adding duplicate image handler for 'PNM file'
12:59:04 AM: Debug: Adding duplicate image handler for 'PCX file'
12:59:04 AM: Debug: Adding duplicate image handler for 'IFF file'
12:59:04 AM: Debug: Adding duplicate image handler for 'Windows icon file'
12:59:04 AM: Debug: Adding duplicate image handler for 'Windows cursor file'
12:59:04 AM: Debug: Adding duplicate image handler for 'Windows animated cursor file'
12:59:04 AM: Debug: Adding duplicate image handler for 'TGA file'
12:59:04 AM: Debug: Adding duplicate image handler for 'XPM file'
power after {'segments': 873, 'vias': 147, 'nets_with_tracks': 53, 'length_mm': 1848.1370105674425, 'flags': {'SHORT_SEGMENT': 38, 'OFFSET_ENDPOINTS': 86, 'OVERLAP_PARALLEL': 9, 'NON_45': 30, 'FOLDBACK': 12}}
CHANGED NETS ['/+3V3', '/+5V_CAM', '/+5V_MOTION', '/ARM_Q', '/BAT_ADC', '/BAT_MON', '/C5_EN', '/C5_SW', '/C5_VIN', '/CHG_N', '/CURRENT_ADC', '/FAULT_N', '/GND', '/H6_IN', '/H_BRAKE_GATE', '/H_DUMP_D', '/H_GATE', '/H_GATE_LOW', '/H_OVSENSE', '/H_PRE', '/H_REF', '/H_SENSE', '/H_VM', '/M5_EN', '/M5_SW', '/M5_VIN', '/WHEEL_ADC', '/W_BRAKE_GATE', '/W_BUS', '/W_REF', '/W_SENSE', '/W_VM']
