01:03:11 AM: Debug: Adding duplicate image handler for 'PNG file'
01:03:11 AM: Debug: Adding duplicate image handler for 'JPEG file'
01:03:11 AM: Debug: Adding duplicate image handler for 'TIFF file'
01:03:11 AM: Debug: Adding duplicate image handler for 'GIF file'
01:03:11 AM: Debug: Adding duplicate image handler for 'PNM file'
01:03:11 AM: Debug: Adding duplicate image handler for 'PCX file'
01:03:11 AM: Debug: Adding duplicate image handler for 'IFF file'
01:03:11 AM: Debug: Adding duplicate image handler for 'Windows icon file'
01:03:11 AM: Debug: Adding duplicate image handler for 'Windows cursor file'
01:03:11 AM: Debug: Adding duplicate image handler for 'Windows animated cursor file'
01:03:11 AM: Debug: Adding duplicate image handler for 'TGA file'
01:03:11 AM: Debug: Adding duplicate image handler for 'XPM file'
01:03:12 AM: Debug: Adding duplicate image handler for 'PNG file'
01:03:12 AM: Debug: Adding duplicate image handler for 'JPEG file'
01:03:12 AM: Debug: Adding duplicate image handler for 'TIFF file'
01:03:12 AM: Debug: Adding duplicate image handler for 'GIF file'
01:03:12 AM: Debug: Adding duplicate image handler for 'PNM file'
01:03:12 AM: Debug: Adding duplicate image handler for 'PCX file'
01:03:12 AM: Debug: Adding duplicate image handler for 'IFF file'
01:03:12 AM: Debug: Adding duplicate image handler for 'Windows icon file'
01:03:12 AM: Debug: Adding duplicate image handler for 'Windows cursor file'
01:03:12 AM: Debug: Adding duplicate image handler for 'Windows animated cursor file'
01:03:12 AM: Debug: Adding duplicate image handler for 'TGA file'
01:03:12 AM: Debug: Adding duplicate image handler for 'XPM file'
NON_45 /CHG_N [43.1, 44.0] [('1ff2d89d-54db-4e51-a27d-d869cdc217bf', (43.1, 44.0), (44.0, 44.05))]
NON_45 /CHG_N [19.6088, 49.9872] [('72ee9544-6759-4b98-b354-1d11fcd80d36', (19.6088, 49.9872), (19.6, 50.8))]
OFFSET_ENDPOINTS /CHG_N [3.454399, 33.9344] [('fb647b1d-9dc5-49b1-84d5-a280aba81ec3', (3.454399, 33.9344), (4.7752, 32.6136)), ('88919853-8ea8-42c6-9e66-fa7d7d785f19', (3.5, 36.0), (3.5, 33.9))]
SHORT_SEGMENT /+5V_CAM [32.0, 33.9] []
OFFSET_ENDPOINTS /+5V_CAM [31.9, 33.8] []
OFFSET_ENDPOINTS /+5V_CAM [31.9, 33.8] []
OFFSET_ENDPOINTS /+5V_CAM [31.9, 33.8] []
NON_45 /+5V_CAM [21.8, 34.1] [('7d6f6ccd-20c6-4bcb-9b82-9d172d70b50f', (21.8, 34.1), (21.843999, 34.4424))]
NON_45 /+5V_CAM [31.5976, 41.4528] [('e33964a9-d8fe-4d9c-ab17-9b8e8c9802a5', (31.5976, 41.4528), (32.4, 40.7))]
FOLDBACK /+5V_CAM [21.843999, 34.4424] [('5af2903c-390d-4740-b61b-dc7918af0805', (21.843999, 34.4424), (12.5984, 34.4424)), ('7d6f6ccd-20c6-4bcb-9b82-9d172d70b50f', (21.8, 34.1), (21.843999, 34.4424))]
SHORT_SEGMENT /BAT_ADC [40.4, 18.3] [('36555f47-2b4b-467e-b6b2-04f6b69ddfa2', (40.4, 18.3), (40.5, 18.2))]
OFFSET_ENDPOINTS /BAT_ADC [40.5, 18.2] [('59443ed3-eb69-4abd-90fa-215b6f36cda4', (40.5, 18.2), (43.5, 18.2)), ('36555f47-2b4b-467e-b6b2-04f6b69ddfa2', (40.4, 18.3), (40.5, 18.2))]
SHORT_SEGMENT /BAT_ADC [40.4, 24.1] [('65ec14b1-1389-4a4f-b1f7-dd7e1d736016', (40.4, 24.1), (40.325, 24.0))]
NON_45 /BAT_ADC [40.4, 24.1] [('65ec14b1-1389-4a4f-b1f7-dd7e1d736016', (40.4, 24.1), (40.325, 24.0))]
OFFSET_ENDPOINTS /BAT_ADC [40.325, 24.0] [('65ec14b1-1389-4a4f-b1f7-dd7e1d736016', (40.4, 24.1), (40.325, 24.0)), ('2623d33c-46bc-4c5c-91e5-a6f59c9ff3a9', (41.2, 24.1), (40.4, 24.1))]
NON_45 /BAT_ADC [39.8272, 20.9296] [('9c2046f9-ed0f-4f15-af51-fd9e8f483f90', (39.8272, 20.9296), (40.4, 20.3))]
OFFSET_ENDPOINTS /BAT_ADC [40.4, 18.3] [('a35a12f6-f4c2-4cc2-80d1-f0d6435c490a', (40.4, 20.3), (40.4, 18.3)), ('36555f47-2b4b-467e-b6b2-04f6b69ddfa2', (40.4, 18.3), (40.5, 18.2))]
OFFSET_ENDPOINTS /BAT_ADC [40.4, 18.3] [('a35a12f6-f4c2-4cc2-80d1-f0d6435c490a', (40.4, 20.3), (40.4, 18.3)), ('59443ed3-eb69-4abd-90fa-215b6f36cda4', (40.5, 18.2), (43.5, 18.2))]
SHORT_SEGMENT /BAT_ADC [44.4, 19.1] [('a48a539b-53a2-4ff4-b021-83daa8782db4', (44.4, 19.1), (44.4, 19.3))]
NON_45 /BAT_ADC [46.9, 21.8] [('d59478d2-75c0-470c-99d9-4c8403439a32', (46.9, 21.8), (46.7, 21.975))]
NON_45 /BAT_MON [37.55, 23.0] [('51f71eac-f72c-46e2-83e2-f5fded54756a', (37.55, 23.0), (37.9, 23.4))]
NON_45 /BAT_MON [30.5, 34.545] [('6a8a53f8-30e3-486b-8d54-b5fbb9777ba8', (30.5, 34.545), (30.3, 34.7))]
NON_45 /BAT_MON [33.2, 50.6] [('77f29896-d9af-4221-8fd3-beafa3b53ec5', (33.2, 50.6), (32.562799, 49.9872))]
SHORT_SEGMENT /BAT_MON [13.0, 33.4] [('9d7f8c54-4abf-4c6a-995c-755846e04bdf', (13.0, 33.4), (12.9, 33.3))]
OFFSET_ENDPOINTS /BAT_MON [12.9, 33.3] [('b12854de-2347-419d-8048-11e740926b15', (12.9, 33.3), (10.1, 33.3)), ('9d7f8c54-4abf-4c6a-995c-755846e04bdf', (13.0, 33.4), (12.9, 33.3))]
SHORT_SEGMENT /BAT_MON [41.9, 24.2] [('bf295224-e175-4523-ad93-5c502c859add', (41.9, 24.2), (41.9, 24.4))]
NON_45 /BAT_MON [38.7, 24.3] [('c13d2822-07a5-4765-91b8-8b9060d5d1eb', (38.7, 24.3), (38.675, 24.0))]
OFFSET_ENDPOINTS /ARM_Q [11.4, 32.3] [('176031fb-5041-4f4c-886c-2996238b367a', (11.4, 32.3), (11.4, 31.5)), ('075ae636-3a6b-4904-b1b7-5ac8a3026d21', (11.5, 34.4), (11.5, 32.4))]
NON_45 /ARM_Q [47.325, 45.5] [('1e6bf852-1cdf-4534-a9cd-a655fbdfabba', (47.325, 45.5), (48.0, 44.8))]
OFFSET_ENDPOINTS /ARM_Q [47.325, 45.5] [('1e6bf852-1cdf-4534-a9cd-a655fbdfabba', (47.325, 45.5), (48.0, 44.8)), ('11ed4325-915d-430e-b9d5-2a0b2a0dd8de', (47.3456, 45.5168), (46.3296, 46.532799))]
SHORT_SEGMENT /ARM_Q [11.5, 32.4] [('36567a36-ae15-469f-8c99-0367c4d6ac66', (11.5, 32.4), (11.4, 32.3))]
OFFSET_ENDPOINTS /ARM_Q [11.4, 32.3] [('36567a36-ae15-469f-8c99-0367c4d6ac66', (11.5, 32.4), (11.4, 32.3)), ('075ae636-3a6b-4904-b1b7-5ac8a3026d21', (11.5, 34.4), (11.5, 32.4))]
OFFSET_ENDPOINTS /ARM_Q [11.5, 32.4] [('36567a36-ae15-469f-8c99-0367c4d6ac66', (11.5, 32.4), (11.4, 32.3)), ('176031fb-5041-4f4c-886c-2996238b367a', (11.4, 32.3), (11.4, 31.5))]
OFFSET_ENDPOINTS /ARM_Q [47.325, 45.5] [('365cc20c-f9e5-4631-9eb7-da68c47ef6b5', (46.825, 45.5), (47.325, 45.5)), ('11ed4325-915d-430e-b9d5-2a0b2a0dd8de', (47.3456, 45.5168), (46.3296, 46.532799))]
SHORT_SEGMENT /ARM_Q [20.2, 46.9] [('88c35546-2b0c-418d-a8e6-93dcb78b02fa', (20.2, 46.9), (20.3, 46.8))]
OFFSET_ENDPOINTS /ARM_Q [20.3, 46.8] [('88c35546-2b0c-418d-a8e6-93dcb78b02fa', (20.2, 46.9), (20.3, 46.8)), ('806e3603-6aa6-4daf-9362-2700fbd41d5c', (20.2, 50.8), (20.2, 46.9))]
NON_45 /ARM_Q [42.8752, 45.4152] [('e2f2a890-36e6-493f-b857-458ff6d53d9e', (42.8752, 45.4152), (39.2, 45.4))]
SHORT_SEGMENT /ARM_Q [16.8, 43.3] [('328a6f5c-4e70-4709-8750-74eeb2c833a4', (16.8, 43.3), (16.8, 43.2))]
OFFSET_ENDPOINTS /ARM_Q [16.8, 43.3] [('328a6f5c-4e70-4709-8750-74eeb2c833a4', (16.8, 43.3), (16.8, 43.2)), ('2829a006-a63d-4564-9cfa-689220ead5d6', (16.8, 43.2), (15.2, 41.6))]
NON_45 /ARM_Q [13.1, 28.7] [('98165949-1897-4036-a4c8-5488c8688eb7', (13.1, 28.7), (12.801599, 28.448))]
OFFSET_ENDPOINTS /ARM_Q [16.8, 43.3] [('dccd5374-d614-49fa-ac8a-bf2b8577d71a', (20.3, 46.8), (16.8, 43.3)), ('2829a006-a63d-4564-9cfa-689220ead5d6', (16.8, 43.2), (15.2, 41.6))]
OFFSET_ENDPOINTS /ARM_Q [16.8, 43.3] [('dccd5374-d614-49fa-ac8a-bf2b8577d71a', (20.3, 46.8), (16.8, 43.3)), ('328a6f5c-4e70-4709-8750-74eeb2c833a4', (16.8, 43.3), (16.8, 43.2))]
NON_45 /FAULT_N [66.6242, 18.2626] [('1343e8d8-5a12-4671-9790-24074ad20fe7', (66.6242, 18.2626), (66.4464, 20.0152))]
SHORT_SEGMENT /FAULT_N [66.4464, 20.0152] [('712164b8-6829-48e4-96de-23b91a28b6b9', (66.4464, 20.0152), (66.344799, 20.116799))]
OFFSET_ENDPOINTS /FAULT_N [66.344799, 20.116799] [('712164b8-6829-48e4-96de-23b91a28b6b9', (66.4464, 20.0152), (66.344799, 20.116799)), ('1343e8d8-5a12-4671-9790-24074ad20fe7', (66.6242, 18.2626), (66.4464, 20.0152))]
OFFSET_ENDPOINTS /FAULT_N [66.344799, 20.116799] [('cdcf6c98-2353-49f4-9271-106a07746e8c', (66.344799, 20.116799), (64.7192, 20.116799)), ('1343e8d8-5a12-4671-9790-24074ad20fe7', (66.6242, 18.2626), (66.4464, 20.0152))]
OFFSET_ENDPOINTS /FAULT_N [66.344799, 20.116799] [('cdcf6c98-2353-49f4-9271-106a07746e8c', (66.344799, 20.116799), (64.7192, 20.116799)), ('712164b8-6829-48e4-96de-23b91a28b6b9', (66.4464, 20.0152), (66.344799, 20.116799))]
OVERLAP_PARALLEL /H_PRE [52.905, 29.905] [('e6e02388-848b-43d2-939a-7643e61929f5', (52.905, 29.905), (52.905, 31.525))]
FOLDBACK /H_PRE [52.905, 31.525] [('e6e02388-848b-43d2-939a-7643e61929f5', (52.905, 29.905), (52.905, 31.525))]
OFFSET_ENDPOINTS /M5_EN [31.0, 29.0] [('549fd95c-b90f-4e72-8de3-bd4490f60232', (31.0, 28.1), (31.0, 29.0)), ('1a02014c-ceee-484d-b42b-a3575325ed6e', (30.9, 29.1), (28.1, 29.1))]
SHORT_SEGMENT /M5_EN [31.0, 29.0] [('d45eb035-425c-488a-a131-96bd2694f91e', (31.0, 29.0), (30.9, 29.1))]
OFFSET_ENDPOINTS /M5_EN [31.0, 29.0] [('d45eb035-425c-488a-a131-96bd2694f91e', (31.0, 29.0), (30.9, 29.1)), ('1a02014c-ceee-484d-b42b-a3575325ed6e', (30.9, 29.1), (28.1, 29.1))]
OFFSET_ENDPOINTS /M5_EN [30.9, 29.1] [('d45eb035-425c-488a-a131-96bd2694f91e', (31.0, 29.0), (30.9, 29.1)), ('549fd95c-b90f-4e72-8de3-bd4490f60232', (31.0, 28.1), (31.0, 29.0))]
NON_45 /WHEEL_ADC [47.5, 23.675] [('37c0bd95-c966-4d8b-9ee5-c0d5f7e1a4e0', (47.5, 23.675), (48.0, 23.2))]
NON_45 /WHEEL_ADC [48.5, 28.6] [('094553e3-f798-45f1-8c80-a8df2b1c3bcb', (48.5, 28.6), (48.25, 28.3))]
FOLDBACK /WHEEL_ADC [48.5, 28.6] [('094553e3-f798-45f1-8c80-a8df2b1c3bcb', (48.5, 28.6), (48.25, 28.3)), ('13aa04f0-db18-4a34-bed1-435dd728fc02', (49.4, 27.7), (48.5, 28.6))]
