01:05:00 AM: Debug: Adding duplicate image handler for 'PNG file'
01:05:00 AM: Debug: Adding duplicate image handler for 'JPEG file'
01:05:00 AM: Debug: Adding duplicate image handler for 'TIFF file'
01:05:00 AM: Debug: Adding duplicate image handler for 'GIF file'
01:05:00 AM: Debug: Adding duplicate image handler for 'PNM file'
01:05:00 AM: Debug: Adding duplicate image handler for 'PCX file'
01:05:00 AM: Debug: Adding duplicate image handler for 'IFF file'
01:05:00 AM: Debug: Adding duplicate image handler for 'Windows icon file'
01:05:00 AM: Debug: Adding duplicate image handler for 'Windows cursor file'
01:05:00 AM: Debug: Adding duplicate image handler for 'Windows animated cursor file'
01:05:00 AM: Debug: Adding duplicate image handler for 'TGA file'
01:05:00 AM: Debug: Adding duplicate image handler for 'XPM file'
35_before 0 Counter() opens 0
35_smooth 0 Counter() opens 0
01:05:07 AM: Debug: Adding duplicate image handler for 'PNG file'
01:05:07 AM: Debug: Adding duplicate image handler for 'JPEG file'
01:05:07 AM: Debug: Adding duplicate image handler for 'TIFF file'
01:05:07 AM: Debug: Adding duplicate image handler for 'GIF file'
01:05:07 AM: Debug: Adding duplicate image handler for 'PNM file'
01:05:07 AM: Debug: Adding duplicate image handler for 'PCX file'
01:05:07 AM: Debug: Adding duplicate image handler for 'IFF file'
01:05:07 AM: Debug: Adding duplicate image handler for 'Windows icon file'
01:05:07 AM: Debug: Adding duplicate image handler for 'Windows cursor file'
01:05:07 AM: Debug: Adding duplicate image handler for 'Windows animated cursor file'
01:05:07 AM: Debug: Adding duplicate image handler for 'TGA file'
01:05:07 AM: Debug: Adding duplicate image handler for 'XPM file'
snapshot 35_smooth
