01:05:40 AM: Debug: Adding duplicate image handler for 'PNG file'
01:05:40 AM: Debug: Adding duplicate image handler for 'JPEG file'
01:05:40 AM: Debug: Adding duplicate image handler for 'TIFF file'
01:05:40 AM: Debug: Adding duplicate image handler for 'GIF file'
01:05:40 AM: Debug: Adding duplicate image handler for 'PNM file'
01:05:40 AM: Debug: Adding duplicate image handler for 'PCX file'
01:05:40 AM: Debug: Adding duplicate image handler for 'IFF file'
01:05:40 AM: Debug: Adding duplicate image handler for 'Windows icon file'
01:05:40 AM: Debug: Adding duplicate image handler for 'Windows cursor file'
01:05:40 AM: Debug: Adding duplicate image handler for 'Windows animated cursor file'
01:05:40 AM: Debug: Adding duplicate image handler for 'TGA file'
01:05:40 AM: Debug: Adding duplicate image handler for 'XPM file'
36_before 0 Counter() opens 0
SMOOTH /BAT_MON [(42.1, 24.0), (41.9, 24.2), (41.9, 24.4), (41.4, 24.9)] -> [(42.1, 24.0), (42.1, 24.4), (41.6, 24.9), (41.4, 24.9)]
SMOOTH /BAT_MON [(42.1, 24.4), (41.6, 24.9), (41.4, 24.9), (39.3, 24.9)] -> [(42.1, 24.4), (41.6, 24.9), (39.3, 24.9)]
SMOOTH /ARM_Q [(11.5, 34.4), (11.5, 32.4), (11.4, 32.3), (11.4, 31.5)] -> [(11.5, 34.4), (11.4, 31.5)]
SMOOTH /ARM_Q [(20.3, 46.8), (16.8, 43.3), (16.8, 43.2), (15.2, 41.6)] -> [(20.3, 46.8), (15.2, 41.6)]
01:05:56 AM: Debug: Adding duplicate image handler for 'PNG file'
01:05:56 AM: Debug: Adding duplicate image handler for 'JPEG file'
01:05:56 AM: Debug: Adding duplicate image handler for 'TIFF file'
01:05:56 AM: Debug: Adding duplicate image handler for 'GIF file'
01:05:56 AM: Debug: Adding duplicate image handler for 'PNM file'
01:05:56 AM: Debug: Adding duplicate image handler for 'PCX file'
01:05:56 AM: Debug: Adding duplicate image handler for 'IFF file'
01:05:56 AM: Debug: Adding duplicate image handler for 'Windows icon file'
01:05:56 AM: Debug: Adding duplicate image handler for 'Windows cursor file'
01:05:56 AM: Debug: Adding duplicate image handler for 'Windows animated cursor file'
01:05:56 AM: Debug: Adding duplicate image handler for 'TGA file'
01:05:56 AM: Debug: Adding duplicate image handler for 'XPM file'
SMOOTH /FAULT_N [(66.6242, 18.2626), (66.4464, 20.0152), (66.344799, 20.116799), (64.7192, 20.116799)] -> [(66.6242, 18.2626), (64.7192, 20.116799)]
36_smooth 0 Counter() opens 0
01:06:02 AM: Debug: Adding duplicate image handler for 'PNG file'
01:06:02 AM: Debug: Adding duplicate image handler for 'JPEG file'
01:06:02 AM: Debug: Adding duplicate image handler for 'TIFF file'
01:06:02 AM: Debug: Adding duplicate image handler for 'GIF file'
01:06:02 AM: Debug: Adding duplicate image handler for 'PNM file'
01:06:02 AM: Debug: Adding duplicate image handler for 'PCX file'
01:06:02 AM: Debug: Adding duplicate image handler for 'IFF file'
01:06:02 AM: Debug: Adding duplicate image handler for 'Windows icon file'
01:06:02 AM: Debug: Adding duplicate image handler for 'Windows cursor file'
01:06:02 AM: Debug: Adding duplicate image handler for 'Windows animated cursor file'
01:06:02 AM: Debug: Adding duplicate image handler for 'TGA file'
01:06:02 AM: Debug: Adding duplicate image handler for 'XPM file'
snapshot 36_smooth
