01:14:47 AM: Debug: Adding duplicate image handler for 'PNG file'
01:14:47 AM: Debug: Adding duplicate image handler for 'JPEG file'
01:14:47 AM: Debug: Adding duplicate image handler for 'TIFF file'
01:14:47 AM: Debug: Adding duplicate image handler for 'GIF file'
01:14:47 AM: Debug: Adding duplicate image handler for 'PNM file'
01:14:47 AM: Debug: Adding duplicate image handler for 'PCX file'
01:14:47 AM: Debug: Adding duplicate image handler for 'IFF file'
01:14:47 AM: Debug: Adding duplicate image handler for 'Windows icon file'
01:14:47 AM: Debug: Adding duplicate image handler for 'Windows cursor file'
01:14:47 AM: Debug: Adding duplicate image handler for 'Windows animated cursor file'
01:14:47 AM: Debug: Adding duplicate image handler for 'TGA file'
01:14:47 AM: Debug: Adding duplicate image handler for 'XPM file'
NET /WHEEL_ADC
3a443e64-75ce-4900-adc8-a9523ce9055e F.Cu (47.7, 28.3) (48.25, 28.3)
3ab106c2-3b36-4ca8-81af-2c6582968342 F.Cu (49.3, 26.7) (50.3, 27.7)
4b1631c0-84c6-43d4-971d-b5d7099d97fc F.Cu (47.2, 28.8) (47.7, 28.3)
93c61f5b-086b-4218-af18-344a1d0d9b77 F.Cu (49.3, 23.2) (49.3, 26.7)
a7690611-c788-4019-8d1b-dfe17263b570 F.Cu (47.2, 35.8) (47.2, 28.8)
fa9a8b4e-d008-4bd6-a720-a29997606667 via (48.25, 28.3) (48.25, 28.3)
094553e3-f798-45f1-8c80-a8df2b1c3bcb B.Cu (48.5, 28.6) (48.25, 28.3)
13aa04f0-db18-4a34-bed1-435dd728fc02 B.Cu (49.4, 27.7) (48.5, 28.6)
ef4b8e91-01fb-4c7c-9d27-a9dc737bc21e B.Cu (50.3, 27.7) (49.4, 27.7)
NET /+5V_CAM
6064c2c0-5b6f-47e5-8cd0-8d8d0e747a87 F.Cu (31.9, 33.8) (22.1, 33.8)
52a1a4f4-bfa3-4d83-a468-a475830dd03a via (22.1, 33.8) (22.1, 33.8)
454d4b9e-d7b1-436e-8773-b17371761f91 B.Cu (22.1, 33.8) (21.8, 34.1)
5af2903c-390d-4740-b61b-dc7918af0805 B.Cu (21.843999, 34.4424) (12.5984, 34.4424)
7d6f6ccd-20c6-4bcb-9b82-9d172d70b50f B.Cu (21.8, 34.1) (21.843999, 34.4424)
