01:17:45 AM: Debug: Adding duplicate image handler for 'PNG file'
01:17:45 AM: Debug: Adding duplicate image handler for 'JPEG file'
01:17:45 AM: Debug: Adding duplicate image handler for 'TIFF file'
01:17:45 AM: Debug: Adding duplicate image handler for 'GIF file'
01:17:45 AM: Debug: Adding duplicate image handler for 'PNM file'
01:17:45 AM: Debug: Adding duplicate image handler for 'PCX file'
01:17:45 AM: Debug: Adding duplicate image handler for 'IFF file'
01:17:45 AM: Debug: Adding duplicate image handler for 'Windows icon file'
01:17:45 AM: Debug: Adding duplicate image handler for 'Windows cursor file'
01:17:45 AM: Debug: Adding duplicate image handler for 'Windows animated cursor file'
01:17:45 AM: Debug: Adding duplicate image handler for 'TGA file'
01:17:45 AM: Debug: Adding duplicate image handler for 'XPM file'
01:17:45 AM: Debug: Adding duplicate image handler for 'PNG file'
01:17:45 AM: Debug: Adding duplicate image handler for 'JPEG file'
01:17:45 AM: Debug: Adding duplicate image handler for 'TIFF file'
01:17:45 AM: Debug: Adding duplicate image handler for 'GIF file'
01:17:45 AM: Debug: Adding duplicate image handler for 'PNM file'
01:17:45 AM: Debug: Adding duplicate image handler for 'PCX file'
01:17:45 AM: Debug: Adding duplicate image handler for 'IFF file'
01:17:45 AM: Debug: Adding duplicate image handler for 'Windows icon file'
01:17:45 AM: Debug: Adding duplicate image handler for 'Windows cursor file'
01:17:45 AM: Debug: Adding duplicate image handler for 'Windows animated cursor file'
01:17:45 AM: Debug: Adding duplicate image handler for 'TGA file'
01:17:45 AM: Debug: Adding duplicate image handler for 'XPM file'
01:17:46 AM: Debug: Adding duplicate image handler for 'PNG file'
01:17:46 AM: Debug: Adding duplicate image handler for 'JPEG file'
01:17:46 AM: Debug: Adding duplicate image handler for 'TIFF file'
01:17:46 AM: Debug: Adding duplicate image handler for 'GIF file'
01:17:46 AM: Debug: Adding duplicate image handler for 'PNM file'
01:17:46 AM: Debug: Adding duplicate image handler for 'PCX file'
01:17:46 AM: Debug: Adding duplicate image handler for 'IFF file'
01:17:46 AM: Debug: Adding duplicate image handler for 'Windows icon file'
01:17:46 AM: Debug: Adding duplicate image handler for 'Windows cursor file'
01:17:46 AM: Debug: Adding duplicate image handler for 'Windows animated cursor file'
01:17:46 AM: Debug: Adding duplicate image handler for 'TGA file'
01:17:46 AM: Debug: Adding duplicate image handler for 'XPM file'
01:17:46 AM: Debug: Adding duplicate image handler for 'PNG file'
01:17:46 AM: Debug: Adding duplicate image handler for 'JPEG file'
01:17:46 AM: Debug: Adding duplicate image handler for 'TIFF file'
01:17:46 AM: Debug: Adding duplicate image handler for 'GIF file'
01:17:46 AM: Debug: Adding duplicate image handler for 'PNM file'
01:17:46 AM: Debug: Adding duplicate image handler for 'PCX file'
01:17:46 AM: Debug: Adding duplicate image handler for 'IFF file'
01:17:46 AM: Debug: Adding duplicate image handler for 'Windows icon file'
01:17:46 AM: Debug: Adding duplicate image handler for 'Windows cursor file'
01:17:46 AM: Debug: Adding duplicate image handler for 'Windows animated cursor file'
01:17:46 AM: Debug: Adding duplicate image handler for 'TGA file'
01:17:46 AM: Debug: Adding duplicate image handler for 'XPM file'
PASS
[]
power components 104 foreign-net candidates 0 own-pin escapes 70 U100 exceptions 0
power before {'segments': 629, 'vias': 115, 'nets_with_tracks': 44, 'length_mm': 1182.9420283003387, 'flags': {'SHORT_SEGMENT': 29, 'OFFSET_ENDPOINTS': 66, 'OVERLAP_PARALLEL': 8, 'FOLDBACK': 9, 'NON_45': 13}}
01:17:46 AM: Debug: Adding duplicate image handler for 'PNG file'
01:17:46 AM: Debug: Adding duplicate image handler for 'JPEG file'
01:17:46 AM: Debug: Adding duplicate image handler for 'TIFF file'
01:17:46 AM: Debug: Adding duplicate image handler for 'GIF file'
01:17:46 AM: Debug: Adding duplicate image handler for 'PNM file'
01:17:46 AM: Debug: Adding duplicate image handler for 'PCX file'
01:17:46 AM: Debug: Adding duplicate image handler for 'IFF file'
01:17:46 AM: Debug: Adding duplicate image handler for 'Windows icon file'
01:17:46 AM: Debug: Adding duplicate image handler for 'Windows cursor file'
01:17:46 AM: Debug: Adding duplicate image handler for 'Windows animated cursor file'
01:17:46 AM: Debug: Adding duplicate image handler for 'TGA file'
01:17:46 AM: Debug: Adding duplicate image handler for 'XPM file'
power after {'segments': 862, 'vias': 147, 'nets_with_tracks': 53, 'length_mm': 1845.5758787831073, 'flags': {'SHORT_SEGMENT': 33, 'OFFSET_ENDPOINTS': 74, 'OVERLAP_PARALLEL': 8, 'NON_45': 30, 'FOLDBACK': 9}}
CHANGED NETS ['/+5V_CAM', '/ARM_Q', '/BAT_ADC', '/BAT_MON', '/C5_EN', '/C5_VIN', '/CHG_N', '/CURRENT_ADC', '/FAULT_N', '/GND', '/H6_IN', '/H_PRE', '/M5_EN', '/WHEEL_ADC']
