01:17:44 AM: Debug: Adding duplicate image handler for 'PNG file'
01:17:44 AM: Debug: Adding duplicate image handler for 'JPEG file'
01:17:44 AM: Debug: Adding duplicate image handler for 'TIFF file'
01:17:44 AM: Debug: Adding duplicate image handler for 'GIF file'
01:17:44 AM: Debug: Adding duplicate image handler for 'PNM file'
01:17:44 AM: Debug: Adding duplicate image handler for 'PCX file'
01:17:44 AM: Debug: Adding duplicate image handler for 'IFF file'
01:17:44 AM: Debug: Adding duplicate image handler for 'Windows icon file'
01:17:44 AM: Debug: Adding duplicate image handler for 'Windows cursor file'
01:17:44 AM: Debug: Adding duplicate image handler for 'Windows animated cursor file'
01:17:44 AM: Debug: Adding duplicate image handler for 'TGA file'
01:17:44 AM: Debug: Adding duplicate image handler for 'XPM file'
01:17:45 AM: Debug: Adding duplicate image handler for 'PNG file'
01:17:45 AM: Debug: Adding duplicate image handler for 'JPEG file'
01:17:45 AM: Debug: Adding duplicate image handler for 'TIFF file'
01:17:45 AM: Debug: Adding duplicate image handler for 'GIF file'
01:17:45 AM: Debug: Adding duplicate image handler for 'PNM file'
01:17:45 AM: Debug: Adding duplicate image handler for 'PCX file'
01:17:45 AM: Debug: Adding duplicate image handler for 'IFF file'
01:17:45 AM: Debug: Adding duplicate image handler for 'Windows icon file'
01:17:45 AM: Debug: Adding duplicate image handler for 'Windows cursor file'
01:17:45 AM: Debug: Adding duplicate image handler for 'Windows animated cursor file'
01:17:45 AM: Debug: Adding duplicate image handler for 'TGA file'
01:17:45 AM: Debug: Adding duplicate image handler for 'XPM file'
{'all_component_and_numbered_pad_geometry_unchanged': True, 'edge_cuts_unchanged': True, 'copper_layer_count_unchanged': True, 'zone_and_body_rules_unchanged': True, 'custom_rules_identical': True, 'schematic_circuit_unchanged': True, 'formal_249_file_manifest_unchanged': True, 'C2_source_manifest_unchanged': True, 'zero_DRC': True, 'DRC_matches_final_PCB': True}
