DRIVE_DELIVERY build START
DRIVE_DELIVERY build 0
DRIVE_DELIVERY check_rebuild START
DRIVE_DELIVERY check_rebuild 0
DRIVE_DELIVERY validate START
DRIVE_DELIVERY validate 0
DRIVE_DELIVERY render START
DRIVE_DELIVERY export START
DRIVE_DELIVERY export_wheel_metal START
DRIVE_DELIVERY animation START
DRIVE_DELIVERY export_wheel_metal 0
DRIVE_DELIVERY export 0
DRIVE_DELIVERY animation 0
DRIVE_DELIVERY render 0
DRIVE_DELIVERY catalog START
DRIVE_DELIVERY export_electronics_detail START
DRIVE_DELIVERY drive_comparison START
DRIVE_DELIVERY catalog 0
DRIVE_DELIVERY export_electronics_detail 0
DRIVE_DELIVERY drive_comparison 0
DRIVE_DELIVERY delivery_check START
DRIVE_DELIVERY electronics_detail_check START
DRIVE_DELIVERY electronics_detail_check 0
DRIVE_DELIVERY delivery_check 0
DRIVE_DELIVERY report START
DRIVE_DELIVERY report 0
DRIVE_DELIVERY_COMPLETE
