2026-09-22 15:17:23.612 INFO   Freerouting v2.4.1 (build-date: 2026-09-03)
2026-09-22 15:17:24.999 INFO   [F9A842\A050C2] Loading board file 'MORI_power_P2.dsn'...
2026-09-22 15:17:25.061 INFO   [F9A842\A050C2] Job 'F9A842\A050C2' started at 2026-09-22T07:17:25.061804Z.
2026-09-22 15:17:25.114 INFO   [F9A842\A050C2] Auto-routing stage started on board 'c38b27225410725f753cae69400a3b75' for 148 unrouted items.
2026-09-22 15:17:27.104 INFO   [F9A842\A050C2] Auto-routing pass #1 on board 'c38b27225410725f753cae69400a3b75' was completed in 1.95 seconds with score 756.86 (37 unrouted and 1 violation), using 1.94 CPU seconds and the job allocated 25.25 GB of memory so far.
2026-09-22 15:17:28.142 INFO   [F9A842\A050C2] Auto-routing pass #2 on board '540b9b8cf380e83752b9235a7b95058a' was completed in 1.01 seconds with score 796.07 (31 unrouted and 1 violation), using 2.91 CPU seconds and the job allocated 40.43 GB of memory so far.
2026-09-22 15:17:29.383 INFO   [F9A842\A050C2] Auto-routing pass #3 on board '26ba0a3c8ce71fe7f64960a130e7e3bf' was completed in 1.21 seconds with score 833.98 (25 unrouted and 2 violations), using 3.85 CPU seconds and the job allocated 54.36 GB of memory so far.
2026-09-22 15:17:30.262 INFO   [F9A842\A050C2] Auto-routing pass #4 on board 'bdc1328e07956ac247f4a2b3efdc7856' was completed in 0.85 seconds with score 853.59 (22 unrouted and 2 violations), using 4.83 CPU seconds and the job allocated 70.93 GB of memory so far.
2026-09-22 15:17:31.115 INFO   [F9A842\A050C2] Auto-routing pass #5 on board '7525bfc9a6844992178548174fe125b1' was completed in 0.82 seconds with score 853.59 (22 unrouted and 2 violations), using 4.83 CPU seconds and the job allocated 70.93 GB of memory so far.
2026-09-22 15:17:32.088 INFO   [F9A842\A050C2] Auto-routing pass #6 on board '79acf9ba3dbd1f074eb171562d167be4' was completed in 0.94 seconds with score 879.73 (18 unrouted and 2 violations), using 5.81 CPU seconds and the job allocated 88.30 GB of memory so far.
2026-09-22 15:17:32.727 INFO   [F9A842\A050C2] Auto-routing pass #7 on board '0c4fbe3d22f286400b31de3b24365a43' was completed in 0.60 seconds with score 873.20 (19 unrouted and 2 violations), using 6.78 CPU seconds and the job allocated 108.69 GB of memory so far.
2026-09-22 15:17:33.578 INFO   [F9A842\A050C2] Auto-routing pass #8 on board '620b273a7ff1babd8c7c41829f1d4d85' was completed in 0.81 seconds with score 918.95 (12 unrouted and 2 violations), using 7.75 CPU seconds and the job allocated 127.02 GB of memory so far.
2026-09-22 15:17:34.090 INFO   [F9A842\A050C2] Auto-routing pass #9 on board '169ca5f9d6ab8ae66e32d80900d95233' was completed in 0.48 seconds with score 905.87 (14 unrouted and 2 violations), using 7.75 CPU seconds and the job allocated 127.02 GB of memory so far.
2026-09-22 15:17:34.723 INFO   [F9A842\A050C2] Auto-routing pass #10 on board '2101ffb0a28d1ebb868afbd889c7b730' was completed in 0.59 seconds with score 918.95 (12 unrouted and 2 violations), using 8.73 CPU seconds and the job allocated 146.74 GB of memory so far.
2026-09-22 15:17:35.282 INFO   [F9A842\A050C2] Auto-routing pass #11 on board 'f6f0bc8dd05d436ce15a1b918a51b7ae' was completed in 0.52 seconds with score 932.02 (10 unrouted and 2 violations), using 9.71 CPU seconds and the job allocated 165.55 GB of memory so far.
2026-09-22 15:17:35.812 INFO   [F9A842\A050C2] Auto-routing pass #12 on board '235faa6c3a652dee8f84e237277ab157' was completed in 0.49 seconds with score 932.02 (10 unrouted and 2 violations), using 9.71 CPU seconds and the job allocated 165.55 GB of memory so far.
2026-09-22 15:17:36.257 INFO   [F9A842\A050C2] Auto-routing pass #13 on board 'cad8a228eedc4149c907c25a67a51c08' was completed in 0.41 seconds with score 918.95 (12 unrouted and 2 violations), using 10.69 CPU seconds and the job allocated 185.08 GB of memory so far.
2026-09-22 15:17:36.851 INFO   [F9A842\A050C2] Auto-routing pass #14 on board '7e2c97a09c244aef1445b229173ff08e' was completed in 0.56 seconds with score 925.48 (11 unrouted and 2 violations), using 10.69 CPU seconds and the job allocated 185.08 GB of memory so far.
2026-09-22 15:17:37.404 INFO   [F9A842\A050C2] Auto-routing pass #15 on board '1e4a10516219421d31ab08b90f2bcaa9' was completed in 0.51 seconds with score 918.95 (12 unrouted and 2 violations), using 11.67 CPU seconds and the job allocated 204.43 GB of memory so far.
2026-09-22 15:17:38.164 INFO   [F9A842\A050C2] Auto-routing pass #16 on board 'cad8a228eedc4149c907c25a67a51c08' was completed in 0.00 seconds with score 932.02 (10 unrouted and 2 violations), using 11.67 CPU seconds and the job allocated 204.43 GB of memory so far.
2026-09-22 15:17:38.635 INFO   [F9A842\A050C2] Auto-routing pass #17 on board 'cad8a228eedc4149c907c25a67a51c08' was completed in 0.45 seconds with score 918.95 (12 unrouted and 2 violations), using 12.65 CPU seconds and the job allocated 221.85 GB of memory so far.
2026-09-22 15:17:39.289 INFO   [F9A842\A050C2] Auto-routing pass #18 on board '111f92de4e16ac71cd02be20670301c2' was completed in 0.62 seconds with score 925.48 (11 unrouted and 2 violations), using 13.62 CPU seconds and the job allocated 239.03 GB of memory so far.
2026-09-22 15:17:39.898 INFO   [F9A842\A050C2] Auto-routing pass #19 on board '94b1b46e32faa37f1d0eeded733719c4' was completed in 0.57 seconds with score 918.95 (12 unrouted and 2 violations), using 13.62 CPU seconds and the job allocated 239.03 GB of memory so far.
2026-09-22 15:17:40.730 INFO   [F9A842\A050C2] Auto-routing pass #20 on board 'cad8a228eedc4149c907c25a67a51c08' was completed in 0.00 seconds with score 932.02 (10 unrouted and 2 violations), using 14.60 CPU seconds and the job allocated 258.09 GB of memory so far.
2026-09-22 15:17:41.190 INFO   [F9A842\A050C2] Auto-routing pass #21 on board 'cad8a228eedc4149c907c25a67a51c08' was completed in 0.44 seconds with score 918.95 (12 unrouted and 2 violations), using 15.57 CPU seconds and the job allocated 274.84 GB of memory so far.
2026-09-22 15:17:41.197 INFO   [F9A842\A050C2] The router's best score (932.02) has not improved by more than 0.5 points since pass #11. Stopping the auto-router after 21 passes (10 items still unconnected).
The following connections could not be routed -- please review your design (e.g. check pad clearances, trace width rules, and available routing space):
  Net '/FAULT_N' (1 unrouted connection):
    - U20-7  ->  U40-7
  Net '/BAT_ADC' (1 unrouted connection):
    - R50-2  ->  R51-1
  Net '/GND' (3 unrouted connections):
    - Q50-2  ->  R22-2
    - Q11-2  ->  R53-2
    - R46-2  ->  R42-2
  Net '/BAT_MON' (3 unrouted connections):
    - C2-1  ->  R4-1
    - R2-2  ->  J2-2
    - R4-1  ->  R50-1
  Net '/BAT_REV' (2 unrouted connections):
    - Q1-3  ->  Q1-2
    - R3-1  ->  Q1-3
  Net '/H_OVSENSE' (1 unrouted connection):
    - via  ->  R46-1
  Net '/W_SENSE' (1 unrouted connection):
    - R22-1  ->  R21-2
2026-09-22 15:17:41.274 INFO   [F9A842\A050C2] Auto-routing stage completed: started with 148 unrouted nets, completed in 16.16 seconds, final score: 932.02 (10 unrouted and 2 violations), using 15.57 total CPU seconds, 274.84 GB total allocated, and 474.3 MB peak heap usage.
2026-09-22 15:17:41.293 INFO   [F9A842\A050C2] Optimization stage started on board '9c72c8fb2bd24b2599d2cc5298d0a0b4' with score 932.02 (10 unrouted and 2 violations).
2026-09-22 15:17:42.936 INFO   [F9A842\A050C2] Stopping optimization pass #1 early after 50 consecutive items could not be improved.
2026-09-22 15:17:42.956 INFO   [F9A842\A050C2] Optimizer pass #1 on board '334945a4f9a19ec37fea0eb9b428b0da' was completed in 1.60 seconds with the score of 932.02 (10 unrouted and 2 violations).
2026-09-22 15:17:42.972 INFO   [F9A842\A050C2] Stopping optimizer because the improvement in this pass (0.0000%) is below the threshold (1.00%).
2026-09-22 15:17:42.989 INFO   [F9A842\A050C2] Optimization stage completed: started with score 932.02 (10 unrouted and 2 violations), completed in 1.68 seconds, final score: 932.02 (10 unrouted and 2 violations), using 1.63 total CPU seconds, 55.46 GB total allocated, and 321.9 MB peak heap usage.
2026-09-22 15:17:42.994 INFO   [F9A842\A050C2] Job 'F9A842\A050C2' finished with state: COMPLETED (elapsed: 17.93 seconds, finished at UTC: 2026-09-22T07:17:42.994116Z).
2026-09-22 15:17:43.502 INFO   Saving output file '/Users/dean/Documents/MORI/hardware/v1_2/kicad/MORI_power_P2/MORI_power_P2.ses' (SES)...
2026-09-22 15:17:43.509 INFO   Successfully saved output file '/Users/dean/Documents/MORI/hardware/v1_2/kicad/MORI_power_P2/MORI_power_P2.ses' (48805 bytes).
