00:00.305  blend            | Read blend: "/Users/dean/Documents/MORI/mechanical/mori_v1_2.blend"
FORMING_END 0.975 PASS []
FORMING_END 0.9755 PASS []
FORMING_END 0.976 PASS []
FORMING_END 0.9765 PASS []
FORMING_END 0.977 PASS []
FORMING_END 0.9775 PASS []
FORMING_END 0.978 PASS []
FORMING_END 0.9785 PASS []
FORMING_END 0.979 PASS []
FORMING_END 0.9795 PASS []
FORMING_END 0.98 PASS []
FORMING_END 0.9805 PASS []
FORMING_END 0.981 PASS []
FORMING_END 0.9815 PASS []
FORMING_END 0.982 PASS []
FORMING_END 0.9825 PASS []
FORMING_END 0.983 PASS []
FORMING_END 0.9835 PASS []
FORMING_END 0.984 PASS []
FORMING_END 0.9845 PASS []
FORMING_END 0.985 PASS []
FORMING_END 0.9855 PASS []
FORMING_END 0.986 PASS []
FORMING_END 0.9865 PASS []
FORMING_END 0.987 PASS []
FORMING_END 0.9875 PASS []
FORMING_END 0.988 PASS []
FORMING_END 0.9885 PASS []
FORMING_END 0.989 PASS []
FORMING_END 0.9895 PASS []
FORMING_END 0.99 PASS []
FORMING_END 0.9905 PASS []
FORMING_END 0.991 PASS []
FORMING_END 0.9915 PASS []
FORMING_END 0.992 PASS []
FORMING_END 0.9925 PASS []
FORMING_END 0.993 PASS []
FORMING_END 0.9935 PASS []
FORMING_END 0.994 BLOCKED [('Pitch_Cradle', False), ('Pitch_Cradle', False), ('Pitch_Cradle', False), ('Pitch_Cradle', False)]
FORMING_END 0.9945 BLOCKED [('Pitch_Cradle', False), ('Pitch_Cradle', False), ('Pitch_Cradle', False), ('Pitch_Cradle', False)]
FORMING_END 0.995 BLOCKED [('Pitch_Cradle', False), ('Pitch_Cradle', False), ('Pitch_Cradle', False), ('Pitch_Cradle', False)]
FORMING_END 0.9955 BLOCKED [('Pitch_Cradle', False), ('Pitch_Cradle', False), ('Pitch_Cradle', False), ('Pitch_Cradle', False)]
FORMING_END 0.996 BLOCKED [('Pitch_Cradle', False), ('Pitch_Cradle', False), ('Pitch_Cradle', False), ('Pitch_Cradle', False)]
FORMING_END 0.9965 BLOCKED [('Pitch_Cradle', False), ('Pitch_Cradle', False), ('Pitch_Cradle', False), ('Pitch_Cradle', False)]
FORMING_END 0.997 BLOCKED [('Pitch_Cradle', False), ('Pitch_Cradle', False), ('Pitch_Cradle', False), ('Pitch_Cradle', False)]
FORMING_END 0.9975 BLOCKED [('Pitch_Cradle', False), ('Pitch_Cradle', False), ('Pitch_Cradle', False), ('Pitch_Cradle', False)]
FORMING_END 0.998 BLOCKED [('Pitch_Cradle', False), ('Pitch_Cradle', False), ('Pitch_Cradle', False), ('Pitch_Cradle', False)]
FORMING_END 0.9985 BLOCKED [('Pitch_Cradle', False), ('Pitch_Cradle', False), ('Pitch_Cradle', False), ('Pitch_Cradle', False)]
FORMING_END 0.999 BLOCKED [('Pitch_Cradle', False), ('Pitch_Cradle', False), ('Pitch_Cradle', False), ('Pitch_Cradle', False)]
FORMING_END 0.9995 BLOCKED [('Pitch_Cradle', False), ('Pitch_Cradle', False), ('Pitch_Cradle', False), ('Pitch_Cradle', False)]
FORMING_END 1.0 BLOCKED [('Pitch_Cradle', False), ('Pitch_Cradle', False), ('Pitch_Cradle', False), ('Pitch_Cradle', False)]
FORMING_END_DONE BLOCKED
Blender 5.2.2 LTS (hash d13f752e3b9c built 2026-09-15 01:49:19)

Blender quit
