00:00.510  blend            | Read blend: "/Users/dean/Documents/MORI/mechanical/mori_v1_2.blend"
SCREEN -38 0 0 20 20
SCREEN -38 90 0 20 1
SCREEN -38 180 0 20 0
SCREEN -38 270 3 20 0
SCREEN -36 0 0 20 10
SCREEN -36 90 0 20 0
SCREEN -36 180 0 20 0
SCREEN -36 270 4 20 0
SCREEN -34 0 0 10 10
SCREEN -34 90 0 10 0
SCREEN -34 180 10 20 0
SCREEN -34 270 5 10 0
SCREEN -32 0 0 10 10
SCREEN -32 90 0 10 0
SCREEN -32 180 10 20 0
SCREEN -32 270 7 10 0
SCREEN -30 0 0 0 10
SCREEN -30 90 0 0 0
SCREEN -30 180 10 10 0
SCREEN -30 270 8 0 0
HEAD_YAW_STUDY_COMPLETE {"selected": {"tip_ground_z_mm": 192.0, "clock_deg": 90, "bounds_xyz_mm": [[-6.05, 6.05], [-10.55, 21.95], [192.0, 220.45]], "nearest_existing_nonreplacement_part": {"gap_mm_capped_at_10": 4.325, "servo_part": "Yaw_Servo", "target": "Pitch_Servo", "yaw_deg": 60, "pitch_deg": 25}}, "hard_conflicts": 0, "support_conflicts": 0, "route_conflicts": 0, "mass_only_estimate": {"data_status": "ASSUMED", "relocated_mass_g": 13.3, "whole_COM_rise_mm_unchanged_other_parts": 0.7, "limits": "Same prior masses. New supports and eventual PCB relocation not included. Not measured, not a complete revised COM."}}
Blender 5.2.1 LTS (hash 9e2066aef7ef built 2026-08-25 01:35:57)

Blender quit
