00:00.243  blend            | Read blend: "/Users/dean/Documents/MORI/mechanical/mori_v1_2.blend"
00:00.915  render           | Saved: '/Users/dean/Documents/MORI/mechanical/renders/parts/Battery.png'
PART_PREVIEW 1 209 MORI_V1__Battery
00:01.224  render           | Saved: '/Users/dean/Documents/MORI/mechanical/renders/parts/Battery_Pad_-38.0.png'
PART_PREVIEW 2 209 MORI_V1__Battery_Pad_-38.0
00:01.514  render           | Saved: '/Users/dean/Documents/MORI/mechanical/renders/parts/Battery_Pad_38.0.png'
PART_PREVIEW 3 209 MORI_V1__Battery_Pad_38.0
00:01.817  render           | Saved: '/Users/dean/Documents/MORI/mechanical/renders/parts/Battery_Pad_Base.png'
PART_PREVIEW 4 209 MORI_V1__Battery_Pad_Base
00:02.119  render           | Saved: '/Users/dean/Documents/MORI/mechanical/renders/parts/Battery_Pad_Top.png'
PART_PREVIEW 5 209 MORI_V1__Battery_Pad_Top
00:02.431  render           | Saved: '/Users/dean/Documents/MORI/mechanical/renders/parts/Battery_Retainer_Insert_-1.png'
PART_PREVIEW 6 209 MORI_V1__Battery_Retainer_Insert_-1
00:02.730  render           | Saved: '/Users/dean/Documents/MORI/mechanical/renders/parts/Battery_Retainer_Insert_1.png'
PART_PREVIEW 7 209 MORI_V1__Battery_Retainer_Insert_1
00:03.036  render           | Saved: '/Users/dean/Documents/MORI/mechanical/renders/parts/Battery_Retainer_Screw_-1.png'
PART_PREVIEW 8 209 MORI_V1__Battery_Retainer_Screw_-1
00:03.334  render           | Saved: '/Users/dean/Documents/MORI/mechanical/renders/parts/Battery_Retainer_Screw_1.png'
PART_PREVIEW 9 209 MORI_V1__Battery_Retainer_Screw_1
00:03.676  render           | Saved: '/Users/dean/Documents/MORI/mechanical/renders/parts/Battery_Strap.png'
PART_PREVIEW 10 209 MORI_V1__Battery_Strap
00:03.983  render           | Saved: '/Users/dean/Documents/MORI/mechanical/renders/parts/Battery_Tray.png'
PART_PREVIEW 11 209 MORI_V1__Battery_Tray
00:04.325  render           | Saved: '/Users/dean/Documents/MORI/mechanical/renders/parts/Body_IMU.png'
PART_PREVIEW 12 209 MORI_V1__Body_IMU
00:04.678  render           | Saved: '/Users/dean/Documents/MORI/mechanical/renders/parts/Body_Lower.png'
PART_PREVIEW 13 209 MORI_V1__Body_Lower
00:05.033  render           | Saved: '/Users/dean/Documents/MORI/mechanical/renders/parts/Body_Upper.png'
PART_PREVIEW 14 209 MORI_V1__Body_Upper
00:05.421  render           | Saved: '/Users/dean/Documents/MORI/mechanical/renders/parts/CAM_Mainboard.png'
PART_PREVIEW 15 209 MORI_V1__CAM_Mainboard
00:05.720  render           | Saved: '/Users/dean/Documents/MORI/mechanical/renders/parts/CAM_Mount_Insert_0.png'
PART_PREVIEW 16 209 MORI_V1__CAM_Mount_Insert_0
00:06.031  render           | Saved: '/Users/dean/Documents/MORI/mechanical/renders/parts/CAM_Mount_Insert_1.png'
PART_PREVIEW 17 209 MORI_V1__CAM_Mount_Insert_1
00:06.336  render           | Saved: '/Users/dean/Documents/MORI/mechanical/renders/parts/CAM_Mount_Insert_2.png'
PART_PREVIEW 18 209 MORI_V1__CAM_Mount_Insert_2
00:06.633  render           | Saved: '/Users/dean/Documents/MORI/mechanical/renders/parts/CAM_Mount_Insert_3.png'
PART_PREVIEW 19 209 MORI_V1__CAM_Mount_Insert_3
00:06.936  render           | Saved: '/Users/dean/Documents/MORI/mechanical/renders/parts/CAM_Mount_Screw_0.png'
PART_PREVIEW 20 209 MORI_V1__CAM_Mount_Screw_0
00:07.230  render           | Saved: '/Users/dean/Documents/MORI/mechanical/renders/parts/CAM_Mount_Screw_1.png'
PART_PREVIEW 21 209 MORI_V1__CAM_Mount_Screw_1
00:07.527  render           | Saved: '/Users/dean/Documents/MORI/mechanical/renders/parts/CAM_Mount_Screw_2.png'
PART_PREVIEW 22 209 MORI_V1__CAM_Mount_Screw_2
00:07.829  render           | Saved: '/Users/dean/Documents/MORI/mechanical/renders/parts/CAM_Mount_Screw_3.png'
PART_PREVIEW 23 209 MORI_V1__CAM_Mount_Screw_3
00:08.195  render           | Saved: '/Users/dean/Documents/MORI/mechanical/renders/parts/Camera_Lens.png'
PART_PREVIEW 24 209 MORI_V1__Camera_Lens
00:08.540  render           | Saved: '/Users/dean/Documents/MORI/mechanical/renders/parts/Camera_PCB.png'
PART_PREVIEW 25 209 MORI_V1__Camera_PCB
00:08.841  render           | Saved: '/Users/dean/Documents/MORI/mechanical/renders/parts/Carrier_Insert_0.png'
PART_PREVIEW 26 209 MORI_V1__Carrier_Insert_0
00:09.134  render           | Saved: '/Users/dean/Documents/MORI/mechanical/renders/parts/Carrier_Insert_1.png'
PART_PREVIEW 27 209 MORI_V1__Carrier_Insert_1
00:09.428  render           | Saved: '/Users/dean/Documents/MORI/mechanical/renders/parts/Carrier_Insert_2.png'
PART_PREVIEW 28 209 MORI_V1__Carrier_Insert_2
00:09.731  render           | Saved: '/Users/dean/Documents/MORI/mechanical/renders/parts/Carrier_Insert_3.png'
PART_PREVIEW 29 209 MORI_V1__Carrier_Insert_3
00:10.030  render           | Saved: '/Users/dean/Documents/MORI/mechanical/renders/parts/Carrier_Screw_0.png'
PART_PREVIEW 30 209 MORI_V1__Carrier_Screw_0
00:10.338  render           | Saved: '/Users/dean/Documents/MORI/mechanical/renders/parts/Carrier_Screw_1.png'
PART_PREVIEW 31 209 MORI_V1__Carrier_Screw_1
00:10.640  render           | Saved: '/Users/dean/Documents/MORI/mechanical/renders/parts/Carrier_Screw_2.png'
PART_PREVIEW 32 209 MORI_V1__Carrier_Screw_2
00:10.940  render           | Saved: '/Users/dean/Documents/MORI/mechanical/renders/parts/Carrier_Screw_3.png'
PART_PREVIEW 33 209 MORI_V1__Carrier_Screw_3
00:11.278  render           | Saved: '/Users/dean/Documents/MORI/mechanical/renders/parts/Coupon_Insert.png'
PART_PREVIEW 34 209 MORI_V1__Coupon_Insert
00:11.637  render           | Saved: '/Users/dean/Documents/MORI/mechanical/renders/parts/Coupon_Mating_Tab.png'
PART_PREVIEW 35 209 MORI_V1__Coupon_Mating_Tab
00:11.945  render           | Saved: '/Users/dean/Documents/MORI/mechanical/renders/parts/Coupon_Plane_Fit.png'
PART_PREVIEW 36 209 MORI_V1__Coupon_Plane_Fit
00:12.258  render           | Saved: '/Users/dean/Documents/MORI/mechanical/renders/parts/Coupon_Wheel_Fit.png'
PART_PREVIEW 37 209 MORI_V1__Coupon_Wheel_Fit
00:12.570  render           | Saved: '/Users/dean/Documents/MORI/mechanical/renders/parts/Display_Frame.png'
PART_PREVIEW 38 209 MORI_V1__Display_Frame
00:13.085  render           | Saved: '/Users/dean/Documents/MORI/mechanical/renders/parts/Display_PCB.png'
PART_PREVIEW 39 209 MORI_V1__Display_PCB
00:13.382  render           | Saved: '/Users/dean/Documents/MORI/mechanical/renders/parts/Dock_Pad_0.png'
PART_PREVIEW 40 209 MORI_V1__Dock_Pad_0
00:13.689  render           | Saved: '/Users/dean/Documents/MORI/mechanical/renders/parts/Dock_Pad_1.png'
PART_PREVIEW 41 209 MORI_V1__Dock_Pad_1
00:13.997  render           | Saved: '/Users/dean/Documents/MORI/mechanical/renders/parts/Dock_Pad_2.png'
PART_PREVIEW 42 209 MORI_V1__Dock_Pad_2
00:14.329  render           | Saved: '/Users/dean/Documents/MORI/mechanical/renders/parts/Dock_Pad_3.png'
PART_PREVIEW 43 209 MORI_V1__Dock_Pad_3
00:14.654  render           | Saved: '/Users/dean/Documents/MORI/mechanical/renders/parts/Drive_Bridge.png'
PART_PREVIEW 44 209 MORI_V1__Drive_Bridge
00:14.950  render           | Saved: '/Users/dean/Documents/MORI/mechanical/renders/parts/Drive_L_-8_Nut.png'
PART_PREVIEW 45 209 MORI_V1__Drive_L_-8_Nut
00:15.243  render           | Saved: '/Users/dean/Documents/MORI/mechanical/renders/parts/Drive_L_-8_Screw.png'
PART_PREVIEW 46 209 MORI_V1__Drive_L_-8_Screw
00:15.543  render           | Saved: '/Users/dean/Documents/MORI/mechanical/renders/parts/Drive_L_8_Nut.png'
PART_PREVIEW 47 209 MORI_V1__Drive_L_8_Nut
00:15.837  render           | Saved: '/Users/dean/Documents/MORI/mechanical/renders/parts/Drive_L_8_Screw.png'
PART_PREVIEW 48 209 MORI_V1__Drive_L_8_Screw
00:16.203  render           | Saved: '/Users/dean/Documents/MORI/mechanical/renders/parts/Drive_Motor_L.png'
PART_PREVIEW 49 209 MORI_V1__Drive_Motor_L
00:16.569  render           | Saved: '/Users/dean/Documents/MORI/mechanical/renders/parts/Drive_Motor_R.png'
PART_PREVIEW 50 209 MORI_V1__Drive_Motor_R
00:16.866  render           | Saved: '/Users/dean/Documents/MORI/mechanical/renders/parts/Drive_R_-8_Nut.png'
PART_PREVIEW 51 209 MORI_V1__Drive_R_-8_Nut
00:17.169  render           | Saved: '/Users/dean/Documents/MORI/mechanical/renders/parts/Drive_R_-8_Screw.png'
PART_PREVIEW 52 209 MORI_V1__Drive_R_-8_Screw
00:17.491  render           | Saved: '/Users/dean/Documents/MORI/mechanical/renders/parts/Drive_R_8_Nut.png'
PART_PREVIEW 53 209 MORI_V1__Drive_R_8_Nut
00:17.786  render           | Saved: '/Users/dean/Documents/MORI/mechanical/renders/parts/Drive_R_8_Screw.png'
PART_PREVIEW 54 209 MORI_V1__Drive_R_8_Screw
00:18.103  render           | Saved: '/Users/dean/Documents/MORI/mechanical/renders/parts/Face_Joint_-1_0.0_Nut.png'
PART_PREVIEW 55 209 MORI_V1__Face_Joint_-1_0.0_Nut
00:18.398  render           | Saved: '/Users/dean/Documents/MORI/mechanical/renders/parts/Face_Joint_-1_0.0_Screw.png'
PART_PREVIEW 56 209 MORI_V1__Face_Joint_-1_0.0_Screw
00:18.705  render           | Saved: '/Users/dean/Documents/MORI/mechanical/renders/parts/Face_Joint_-1_7.0_Nut.png'
PART_PREVIEW 57 209 MORI_V1__Face_Joint_-1_7.0_Nut
00:19.004  render           | Saved: '/Users/dean/Documents/MORI/mechanical/renders/parts/Face_Joint_-1_7.0_Screw.png'
PART_PREVIEW 58 209 MORI_V1__Face_Joint_-1_7.0_Screw
00:19.312  render           | Saved: '/Users/dean/Documents/MORI/mechanical/renders/parts/Face_Joint_1_0.0_Nut.png'
PART_PREVIEW 59 209 MORI_V1__Face_Joint_1_0.0_Nut
00:19.607  render           | Saved: '/Users/dean/Documents/MORI/mechanical/renders/parts/Face_Joint_1_0.0_Screw.png'
PART_PREVIEW 60 209 MORI_V1__Face_Joint_1_0.0_Screw
00:19.910  render           | Saved: '/Users/dean/Documents/MORI/mechanical/renders/parts/Face_Joint_1_7.0_Nut.png'
PART_PREVIEW 61 209 MORI_V1__Face_Joint_1_7.0_Nut
00:20.208  render           | Saved: '/Users/dean/Documents/MORI/mechanical/renders/parts/Face_Joint_1_7.0_Screw.png'
PART_PREVIEW 62 209 MORI_V1__Face_Joint_1_7.0_Screw
00:20.531  render           | Saved: '/Users/dean/Documents/MORI/mechanical/renders/parts/Frame_Insert_0.png'
PART_PREVIEW 63 209 MORI_V1__Frame_Insert_0
00:20.841  render           | Saved: '/Users/dean/Documents/MORI/mechanical/renders/parts/Frame_Insert_1.png'
PART_PREVIEW 64 209 MORI_V1__Frame_Insert_1
00:21.178  render           | Saved: '/Users/dean/Documents/MORI/mechanical/renders/parts/Frame_Insert_2.png'
PART_PREVIEW 65 209 MORI_V1__Frame_Insert_2
00:21.493  render           | Saved: '/Users/dean/Documents/MORI/mechanical/renders/parts/Frame_Insert_3.png'
PART_PREVIEW 66 209 MORI_V1__Frame_Insert_3
00:21.812  render           | Saved: '/Users/dean/Documents/MORI/mechanical/renders/parts/Frame_Screw_0.png'
PART_PREVIEW 67 209 MORI_V1__Frame_Screw_0
00:22.126  render           | Saved: '/Users/dean/Documents/MORI/mechanical/renders/parts/Frame_Screw_1.png'
PART_PREVIEW 68 209 MORI_V1__Frame_Screw_1
00:22.444  render           | Saved: '/Users/dean/Documents/MORI/mechanical/renders/parts/Frame_Screw_2.png'
PART_PREVIEW 69 209 MORI_V1__Frame_Screw_2
00:22.783  render           | Saved: '/Users/dean/Documents/MORI/mechanical/renders/parts/Frame_Screw_3.png'
PART_PREVIEW 70 209 MORI_V1__Frame_Screw_3
00:23.142  render           | Saved: '/Users/dean/Documents/MORI/mechanical/renders/parts/Head_Buck.png'
PART_PREVIEW 71 209 MORI_V1__Head_Buck
00:23.445  render           | Saved: '/Users/dean/Documents/MORI/mechanical/renders/parts/Head_Buck_Insert_0.png'
PART_PREVIEW 72 209 MORI_V1__Head_Buck_Insert_0
00:23.743  render           | Saved: '/Users/dean/Documents/MORI/mechanical/renders/parts/Head_Buck_Insert_1.png'
PART_PREVIEW 73 209 MORI_V1__Head_Buck_Insert_1
00:24.043  render           | Saved: '/Users/dean/Documents/MORI/mechanical/renders/parts/Head_Buck_Screw_0.png'
PART_PREVIEW 74 209 MORI_V1__Head_Buck_Screw_0
00:24.340  render           | Saved: '/Users/dean/Documents/MORI/mechanical/renders/parts/Head_Buck_Screw_1.png'
PART_PREVIEW 75 209 MORI_V1__Head_Buck_Screw_1
00:24.649  render           | Saved: '/Users/dean/Documents/MORI/mechanical/renders/parts/Head_Cradle_Insert_-1.png'
PART_PREVIEW 76 209 MORI_V1__Head_Cradle_Insert_-1
00:24.951  render           | Saved: '/Users/dean/Documents/MORI/mechanical/renders/parts/Head_Cradle_Insert_1.png'
PART_PREVIEW 77 209 MORI_V1__Head_Cradle_Insert_1
00:25.250  render           | Saved: '/Users/dean/Documents/MORI/mechanical/renders/parts/Head_Cradle_Screw_-1.png'
PART_PREVIEW 78 209 MORI_V1__Head_Cradle_Screw_-1
00:25.552  render           | Saved: '/Users/dean/Documents/MORI/mechanical/renders/parts/Head_Cradle_Screw_1.png'
PART_PREVIEW 79 209 MORI_V1__Head_Cradle_Screw_1
00:25.895  render           | Saved: '/Users/dean/Documents/MORI/mechanical/renders/parts/Head_Front.png'
PART_PREVIEW 80 209 MORI_V1__Head_Front
00:26.196  render           | Saved: '/Users/dean/Documents/MORI/mechanical/renders/parts/Head_Pitch_Ear_0_Nut.png'
PART_PREVIEW 81 209 MORI_V1__Head_Pitch_Ear_0_Nut
00:26.486  render           | Saved: '/Users/dean/Documents/MORI/mechanical/renders/parts/Head_Pitch_Ear_0_Screw.png'
PART_PREVIEW 82 209 MORI_V1__Head_Pitch_Ear_0_Screw
00:26.802  render           | Saved: '/Users/dean/Documents/MORI/mechanical/renders/parts/Head_Pitch_Ear_1_Nut.png'
PART_PREVIEW 83 209 MORI_V1__Head_Pitch_Ear_1_Nut
00:27.095  render           | Saved: '/Users/dean/Documents/MORI/mechanical/renders/parts/Head_Pitch_Ear_1_Screw.png'
PART_PREVIEW 84 209 MORI_V1__Head_Pitch_Ear_1_Screw
00:27.493  render           | Saved: '/Users/dean/Documents/MORI/mechanical/renders/parts/Head_Rear.png'
PART_PREVIEW 85 209 MORI_V1__Head_Rear
00:27.800  render           | Saved: '/Users/dean/Documents/MORI/mechanical/renders/parts/Head_Seam_Insert_-1.png'
PART_PREVIEW 86 209 MORI_V1__Head_Seam_Insert_-1
00:28.123  render           | Saved: '/Users/dean/Documents/MORI/mechanical/renders/parts/Head_Seam_Insert_1.png'
PART_PREVIEW 87 209 MORI_V1__Head_Seam_Insert_1
00:28.415  render           | Saved: '/Users/dean/Documents/MORI/mechanical/renders/parts/Head_Seam_Screw_-1.png'
PART_PREVIEW 88 209 MORI_V1__Head_Seam_Screw_-1
00:28.708  render           | Saved: '/Users/dean/Documents/MORI/mechanical/renders/parts/Head_Seam_Screw_1.png'
PART_PREVIEW 89 209 MORI_V1__Head_Seam_Screw_1
00:29.006  render           | Saved: '/Users/dean/Documents/MORI/mechanical/renders/parts/Head_Yaw_Ear_0_Nut.png'
PART_PREVIEW 90 209 MORI_V1__Head_Yaw_Ear_0_Nut
00:29.317  render           | Saved: '/Users/dean/Documents/MORI/mechanical/renders/parts/Head_Yaw_Ear_0_Screw.png'
PART_PREVIEW 91 209 MORI_V1__Head_Yaw_Ear_0_Screw
00:29.611  render           | Saved: '/Users/dean/Documents/MORI/mechanical/renders/parts/Head_Yaw_Ear_1_Nut.png'
PART_PREVIEW 92 209 MORI_V1__Head_Yaw_Ear_1_Nut
00:29.897  render           | Saved: '/Users/dean/Documents/MORI/mechanical/renders/parts/Head_Yaw_Ear_1_Screw.png'
PART_PREVIEW 93 209 MORI_V1__Head_Yaw_Ear_1_Screw
00:30.195  render           | Saved: '/Users/dean/Documents/MORI/mechanical/renders/parts/IMU_Insert_0.png'
PART_PREVIEW 94 209 MORI_V1__IMU_Insert_0
00:30.494  render           | Saved: '/Users/dean/Documents/MORI/mechanical/renders/parts/IMU_Insert_1.png'
PART_PREVIEW 95 209 MORI_V1__IMU_Insert_1
00:30.801  render           | Saved: '/Users/dean/Documents/MORI/mechanical/renders/parts/IMU_Screw_0.png'
PART_PREVIEW 96 209 MORI_V1__IMU_Screw_0
00:31.102  render           | Saved: '/Users/dean/Documents/MORI/mechanical/renders/parts/IMU_Screw_1.png'
PART_PREVIEW 97 209 MORI_V1__IMU_Screw_1
00:31.406  render           | Saved: '/Users/dean/Documents/MORI/mechanical/renders/parts/LCD_Mount_Screw_0.png'
PART_PREVIEW 98 209 MORI_V1__LCD_Mount_Screw_0
00:31.724  render           | Saved: '/Users/dean/Documents/MORI/mechanical/renders/parts/LCD_Mount_Screw_1.png'
PART_PREVIEW 99 209 MORI_V1__LCD_Mount_Screw_1
00:32.021  render           | Saved: '/Users/dean/Documents/MORI/mechanical/renders/parts/LCD_Mount_Screw_2.png'
PART_PREVIEW 100 209 MORI_V1__LCD_Mount_Screw_2
00:32.393  render           | Saved: '/Users/dean/Documents/MORI/mechanical/renders/parts/Load_Frame.png'
PART_PREVIEW 101 209 MORI_V1__Load_Frame
00:32.752  render           | Saved: '/Users/dean/Documents/MORI/mechanical/renders/parts/MCU_Carrier.png'
PART_PREVIEW 102 209 MORI_V1__MCU_Carrier
00:33.273  render           | Saved: '/Users/dean/Documents/MORI/mechanical/renders/parts/MCU_Motion.png'
PART_PREVIEW 103 209 MORI_V1__MCU_Motion
00:33.578  render           | Saved: '/Users/dean/Documents/MORI/mechanical/renders/parts/Motor_Retainer.png'
PART_PREVIEW 104 209 MORI_V1__Motor_Retainer
00:33.919  render           | Saved: '/Users/dean/Documents/MORI/mechanical/renders/parts/Motor_Retainer_Pad_-1.png'
PART_PREVIEW 105 209 MORI_V1__Motor_Retainer_Pad_-1
00:34.233  render           | Saved: '/Users/dean/Documents/MORI/mechanical/renders/parts/Motor_Retainer_Pad_1.png'
PART_PREVIEW 106 209 MORI_V1__Motor_Retainer_Pad_1
00:34.543  render           | Saved: '/Users/dean/Documents/MORI/mechanical/renders/parts/Motor_Top_Pad_L.png'
PART_PREVIEW 107 209 MORI_V1__Motor_Top_Pad_L
00:34.891  render           | Saved: '/Users/dean/Documents/MORI/mechanical/renders/parts/Motor_Top_Pad_R.png'
PART_PREVIEW 108 209 MORI_V1__Motor_Top_Pad_R
00:35.191  render           | Saved: '/Users/dean/Documents/MORI/mechanical/renders/parts/Onboard_MIC_L.png'
PART_PREVIEW 109 209 MORI_V1__Onboard_MIC_L
00:35.502  render           | Saved: '/Users/dean/Documents/MORI/mechanical/renders/parts/Onboard_MIC_R.png'
PART_PREVIEW 110 209 MORI_V1__Onboard_MIC_R
00:35.817  render           | Saved: '/Users/dean/Documents/MORI/mechanical/renders/parts/Parking_Cradle.png'
PART_PREVIEW 111 209 MORI_V1__Parking_Cradle
00:36.151  render           | Saved: '/Users/dean/Documents/MORI/mechanical/renders/parts/Pitch_Bearing_L.png'
PART_PREVIEW 112 209 MORI_V1__Pitch_Bearing_L
00:36.490  render           | Saved: '/Users/dean/Documents/MORI/mechanical/renders/parts/Pitch_Bearing_R.png'
PART_PREVIEW 113 209 MORI_V1__Pitch_Bearing_R
00:36.846  render           | Saved: '/Users/dean/Documents/MORI/mechanical/renders/parts/Pitch_Cradle.png'
PART_PREVIEW 114 209 MORI_V1__Pitch_Cradle
00:37.160  render           | Saved: '/Users/dean/Documents/MORI/mechanical/renders/parts/Pitch_Horn.png'
PART_PREVIEW 115 209 MORI_V1__Pitch_Horn
00:37.462  render           | Saved: '/Users/dean/Documents/MORI/mechanical/renders/parts/Pitch_Lock_Screw.png'
PART_PREVIEW 116 209 MORI_V1__Pitch_Lock_Screw
00:37.770  render           | Saved: '/Users/dean/Documents/MORI/mechanical/renders/parts/Pitch_Output.png'
PART_PREVIEW 117 209 MORI_V1__Pitch_Output
00:38.136  render           | Saved: '/Users/dean/Documents/MORI/mechanical/renders/parts/Pitch_Servo.png'
PART_PREVIEW 118 209 MORI_V1__Pitch_Servo
00:38.474  render           | Saved: '/Users/dean/Documents/MORI/mechanical/renders/parts/Pitch_Trunnion_L.png'
PART_PREVIEW 119 209 MORI_V1__Pitch_Trunnion_L
00:38.830  render           | Saved: '/Users/dean/Documents/MORI/mechanical/renders/parts/Pitch_Trunnion_R.png'
PART_PREVIEW 120 209 MORI_V1__Pitch_Trunnion_R
00:39.166  render           | Saved: '/Users/dean/Documents/MORI/mechanical/renders/parts/Pitch_Yoke.png'
PART_PREVIEW 121 209 MORI_V1__Pitch_Yoke
00:39.464  render           | Saved: '/Users/dean/Documents/MORI/mechanical/renders/parts/Power_Board_H2_Insert.png'
PART_PREVIEW 122 209 MORI_V1__Power_Board_H2_Insert
00:39.784  render           | Saved: '/Users/dean/Documents/MORI/mechanical/renders/parts/Power_Board_H2_Screw.png'
PART_PREVIEW 123 209 MORI_V1__Power_Board_H2_Screw
00:40.081  render           | Saved: '/Users/dean/Documents/MORI/mechanical/renders/parts/Power_Board_H3_Insert.png'
PART_PREVIEW 124 209 MORI_V1__Power_Board_H3_Insert
00:40.383  render           | Saved: '/Users/dean/Documents/MORI/mechanical/renders/parts/Power_Board_H3_Screw.png'
PART_PREVIEW 125 209 MORI_V1__Power_Board_H3_Screw
00:40.818  render           | Saved: '/Users/dean/Documents/MORI/mechanical/renders/parts/Power_Module.png'
PART_PREVIEW 126 209 MORI_V1__Power_Module
00:41.157  render           | Saved: '/Users/dean/Documents/MORI/mechanical/renders/parts/Power_Switch.png'
PART_PREVIEW 127 209 MORI_V1__Power_Switch
00:41.456  render           | Saved: '/Users/dean/Documents/MORI/mechanical/renders/parts/Rear_Interface_Insert_0.png'
PART_PREVIEW 128 209 MORI_V1__Rear_Interface_Insert_0
00:41.783  render           | Saved: '/Users/dean/Documents/MORI/mechanical/renders/parts/Rear_Interface_Insert_1.png'
PART_PREVIEW 129 209 MORI_V1__Rear_Interface_Insert_1
00:42.113  render           | Saved: '/Users/dean/Documents/MORI/mechanical/renders/parts/Rear_Interface_PCB.png'
PART_PREVIEW 130 209 MORI_V1__Rear_Interface_PCB
00:42.419  render           | Saved: '/Users/dean/Documents/MORI/mechanical/renders/parts/Rear_Interface_Screw_0.png'
PART_PREVIEW 131 209 MORI_V1__Rear_Interface_Screw_0
00:42.738  render           | Saved: '/Users/dean/Documents/MORI/mechanical/renders/parts/Rear_Interface_Screw_1.png'
PART_PREVIEW 132 209 MORI_V1__Rear_Interface_Screw_1
00:43.080  render           | Saved: '/Users/dean/Documents/MORI/mechanical/renders/parts/S288_Output_L_Inner.png'
PART_PREVIEW 133 209 MORI_V1__S288_Output_L_Inner
00:43.427  render           | Saved: '/Users/dean/Documents/MORI/mechanical/renders/parts/S288_Output_L_Outer.png'
PART_PREVIEW 134 209 MORI_V1__S288_Output_L_Outer
00:43.771  render           | Saved: '/Users/dean/Documents/MORI/mechanical/renders/parts/S288_Output_R_Inner.png'
PART_PREVIEW 135 209 MORI_V1__S288_Output_R_Inner
00:44.114  render           | Saved: '/Users/dean/Documents/MORI/mechanical/renders/parts/S288_Output_R_Outer.png'
PART_PREVIEW 136 209 MORI_V1__S288_Output_R_Outer
00:44.433  render           | Saved: '/Users/dean/Documents/MORI/mechanical/renders/parts/Shell_Insert_0.png'
PART_PREVIEW 137 209 MORI_V1__Shell_Insert_0
00:44.754  render           | Saved: '/Users/dean/Documents/MORI/mechanical/renders/parts/Shell_Insert_1.png'
PART_PREVIEW 138 209 MORI_V1__Shell_Insert_1
00:45.075  render           | Saved: '/Users/dean/Documents/MORI/mechanical/renders/parts/Shell_Insert_2.png'
PART_PREVIEW 139 209 MORI_V1__Shell_Insert_2
00:45.410  render           | Saved: '/Users/dean/Documents/MORI/mechanical/renders/parts/Shell_Insert_3.png'
PART_PREVIEW 140 209 MORI_V1__Shell_Insert_3
00:45.712  render           | Saved: '/Users/dean/Documents/MORI/mechanical/renders/parts/Shell_Screw_0.png'
PART_PREVIEW 141 209 MORI_V1__Shell_Screw_0
00:46.026  render           | Saved: '/Users/dean/Documents/MORI/mechanical/renders/parts/Shell_Screw_1.png'
PART_PREVIEW 142 209 MORI_V1__Shell_Screw_1
00:46.333  render           | Saved: '/Users/dean/Documents/MORI/mechanical/renders/parts/Shell_Screw_2.png'
PART_PREVIEW 143 209 MORI_V1__Shell_Screw_2
00:46.634  render           | Saved: '/Users/dean/Documents/MORI/mechanical/renders/parts/Shell_Screw_3.png'
PART_PREVIEW 144 209 MORI_V1__Shell_Screw_3
00:46.961  render           | Saved: '/Users/dean/Documents/MORI/mechanical/renders/parts/Speaker.png'
PART_PREVIEW 145 209 MORI_V1__Speaker
00:47.260  render           | Saved: '/Users/dean/Documents/MORI/mechanical/renders/parts/Speaker_Gasket.png'
PART_PREVIEW 146 209 MORI_V1__Speaker_Gasket
00:47.569  render           | Saved: '/Users/dean/Documents/MORI/mechanical/renders/parts/Speaker_Insert_-1.png'
PART_PREVIEW 147 209 MORI_V1__Speaker_Insert_-1
00:47.897  render           | Saved: '/Users/dean/Documents/MORI/mechanical/renders/parts/Speaker_Insert_1.png'
PART_PREVIEW 148 209 MORI_V1__Speaker_Insert_1
00:48.204  render           | Saved: '/Users/dean/Documents/MORI/mechanical/renders/parts/Speaker_Screw_-1.png'
PART_PREVIEW 149 209 MORI_V1__Speaker_Screw_-1
00:48.517  render           | Saved: '/Users/dean/Documents/MORI/mechanical/renders/parts/Speaker_Screw_1.png'
PART_PREVIEW 150 209 MORI_V1__Speaker_Screw_1
00:48.824  render           | Saved: '/Users/dean/Documents/MORI/mechanical/renders/parts/Tire_L.png'
PART_PREVIEW 151 209 MORI_V1__Tire_L
00:49.134  render           | Saved: '/Users/dean/Documents/MORI/mechanical/renders/parts/Tire_R.png'
PART_PREVIEW 152 209 MORI_V1__Tire_R
00:49.485  render           | Saved: '/Users/dean/Documents/MORI/mechanical/renders/parts/USB_Receptacle.png'
PART_PREVIEW 153 209 MORI_V1__USB_Receptacle
00:49.792  render           | Saved: '/Users/dean/Documents/MORI/mechanical/renders/parts/Wheel_Axle_L.png'
PART_PREVIEW 154 209 MORI_V1__Wheel_Axle_L
00:50.096  render           | Saved: '/Users/dean/Documents/MORI/mechanical/renders/parts/Wheel_Axle_R.png'
PART_PREVIEW 155 209 MORI_V1__Wheel_Axle_R
00:50.466  render           | Saved: '/Users/dean/Documents/MORI/mechanical/renders/parts/Wheel_Bearing_L_Inner.png'
PART_PREVIEW 156 209 MORI_V1__Wheel_Bearing_L_Inner
00:50.823  render           | Saved: '/Users/dean/Documents/MORI/mechanical/renders/parts/Wheel_Bearing_L_Outer.png'
PART_PREVIEW 157 209 MORI_V1__Wheel_Bearing_L_Outer
00:51.169  render           | Saved: '/Users/dean/Documents/MORI/mechanical/renders/parts/Wheel_Bearing_R_Inner.png'
PART_PREVIEW 158 209 MORI_V1__Wheel_Bearing_R_Inner
00:51.527  render           | Saved: '/Users/dean/Documents/MORI/mechanical/renders/parts/Wheel_Bearing_R_Outer.png'
PART_PREVIEW 159 209 MORI_V1__Wheel_Bearing_R_Outer
00:51.878  render           | Saved: '/Users/dean/Documents/MORI/mechanical/renders/parts/Wheel_Buck.png'
PART_PREVIEW 160 209 MORI_V1__Wheel_Buck
00:52.178  render           | Saved: '/Users/dean/Documents/MORI/mechanical/renders/parts/Wheel_Buck_Insert_1.png'
PART_PREVIEW 161 209 MORI_V1__Wheel_Buck_Insert_1
00:52.479  render           | Saved: '/Users/dean/Documents/MORI/mechanical/renders/parts/Wheel_Buck_Insert_2.png'
PART_PREVIEW 162 209 MORI_V1__Wheel_Buck_Insert_2
00:52.781  render           | Saved: '/Users/dean/Documents/MORI/mechanical/renders/parts/Wheel_Buck_Screw_1.png'
PART_PREVIEW 163 209 MORI_V1__Wheel_Buck_Screw_1
00:53.084  render           | Saved: '/Users/dean/Documents/MORI/mechanical/renders/parts/Wheel_Buck_Screw_2.png'
PART_PREVIEW 164 209 MORI_V1__Wheel_Buck_Screw_2
00:53.416  render           | Saved: '/Users/dean/Documents/MORI/mechanical/renders/parts/Wheel_Cap_Clamp_Nut_0.png'
PART_PREVIEW 165 209 MORI_V1__Wheel_Cap_Clamp_Nut_0
00:53.731  render           | Saved: '/Users/dean/Documents/MORI/mechanical/renders/parts/Wheel_Cap_Clamp_Nut_1.png'
PART_PREVIEW 166 209 MORI_V1__Wheel_Cap_Clamp_Nut_1
00:54.046  render           | Saved: '/Users/dean/Documents/MORI/mechanical/renders/parts/Wheel_Cap_Clamp_Nut_2.png'
PART_PREVIEW 167 209 MORI_V1__Wheel_Cap_Clamp_Nut_2
00:54.384  render           | Saved: '/Users/dean/Documents/MORI/mechanical/renders/parts/Wheel_Cap_Clamp_Nut_3.png'
PART_PREVIEW 168 209 MORI_V1__Wheel_Cap_Clamp_Nut_3
00:54.678  render           | Saved: '/Users/dean/Documents/MORI/mechanical/renders/parts/Wheel_Cap_Clamp_Screw_0.png'
PART_PREVIEW 169 209 MORI_V1__Wheel_Cap_Clamp_Screw_0
00:54.974  render           | Saved: '/Users/dean/Documents/MORI/mechanical/renders/parts/Wheel_Cap_Clamp_Screw_1.png'
PART_PREVIEW 170 209 MORI_V1__Wheel_Cap_Clamp_Screw_1
00:55.268  render           | Saved: '/Users/dean/Documents/MORI/mechanical/renders/parts/Wheel_Cap_Clamp_Screw_2.png'
PART_PREVIEW 171 209 MORI_V1__Wheel_Cap_Clamp_Screw_2
00:55.559  render           | Saved: '/Users/dean/Documents/MORI/mechanical/renders/parts/Wheel_Cap_Clamp_Screw_3.png'
PART_PREVIEW 172 209 MORI_V1__Wheel_Cap_Clamp_Screw_3
00:55.877  render           | Saved: '/Users/dean/Documents/MORI/mechanical/renders/parts/Wheel_End_Screw_L.png'
PART_PREVIEW 173 209 MORI_V1__Wheel_End_Screw_L
00:56.212  render           | Saved: '/Users/dean/Documents/MORI/mechanical/renders/parts/Wheel_End_Screw_R.png'
PART_PREVIEW 174 209 MORI_V1__Wheel_End_Screw_R
00:56.524  render           | Saved: '/Users/dean/Documents/MORI/mechanical/renders/parts/Wheel_End_Washer_L.png'
PART_PREVIEW 175 209 MORI_V1__Wheel_End_Washer_L
00:56.838  render           | Saved: '/Users/dean/Documents/MORI/mechanical/renders/parts/Wheel_End_Washer_R.png'
PART_PREVIEW 176 209 MORI_V1__Wheel_End_Washer_R
00:57.169  render           | Saved: '/Users/dean/Documents/MORI/mechanical/renders/parts/Wheel_Hub_L.png'
PART_PREVIEW 177 209 MORI_V1__Wheel_Hub_L
00:57.499  render           | Saved: '/Users/dean/Documents/MORI/mechanical/renders/parts/Wheel_Hub_R.png'
PART_PREVIEW 178 209 MORI_V1__Wheel_Hub_R
00:57.806  render           | Saved: '/Users/dean/Documents/MORI/mechanical/renders/parts/Wheel_Output_Screw_L_0.png'
PART_PREVIEW 179 209 MORI_V1__Wheel_Output_Screw_L_0
00:58.108  render           | Saved: '/Users/dean/Documents/MORI/mechanical/renders/parts/Wheel_Output_Screw_L_1.png'
PART_PREVIEW 180 209 MORI_V1__Wheel_Output_Screw_L_1
00:58.417  render           | Saved: '/Users/dean/Documents/MORI/mechanical/renders/parts/Wheel_Output_Screw_L_2.png'
PART_PREVIEW 181 209 MORI_V1__Wheel_Output_Screw_L_2
00:58.730  render           | Saved: '/Users/dean/Documents/MORI/mechanical/renders/parts/Wheel_Output_Screw_L_3.png'
PART_PREVIEW 182 209 MORI_V1__Wheel_Output_Screw_L_3
00:59.031  render           | Saved: '/Users/dean/Documents/MORI/mechanical/renders/parts/Wheel_Output_Screw_L_4.png'
PART_PREVIEW 183 209 MORI_V1__Wheel_Output_Screw_L_4
00:59.348  render           | Saved: '/Users/dean/Documents/MORI/mechanical/renders/parts/Wheel_Output_Screw_L_5.png'
PART_PREVIEW 184 209 MORI_V1__Wheel_Output_Screw_L_5
00:59.651  render           | Saved: '/Users/dean/Documents/MORI/mechanical/renders/parts/Wheel_Output_Screw_R_0.png'
PART_PREVIEW 185 209 MORI_V1__Wheel_Output_Screw_R_0
00:59.953  render           | Saved: '/Users/dean/Documents/MORI/mechanical/renders/parts/Wheel_Output_Screw_R_1.png'
PART_PREVIEW 186 209 MORI_V1__Wheel_Output_Screw_R_1
01:00.261  render           | Saved: '/Users/dean/Documents/MORI/mechanical/renders/parts/Wheel_Output_Screw_R_2.png'
PART_PREVIEW 187 209 MORI_V1__Wheel_Output_Screw_R_2
01:00.565  render           | Saved: '/Users/dean/Documents/MORI/mechanical/renders/parts/Wheel_Output_Screw_R_3.png'
PART_PREVIEW 188 209 MORI_V1__Wheel_Output_Screw_R_3
01:00.872  render           | Saved: '/Users/dean/Documents/MORI/mechanical/renders/parts/Wheel_Output_Screw_R_4.png'
PART_PREVIEW 189 209 MORI_V1__Wheel_Output_Screw_R_4
01:01.193  render           | Saved: '/Users/dean/Documents/MORI/mechanical/renders/parts/Wheel_Output_Screw_R_5.png'
PART_PREVIEW 190 209 MORI_V1__Wheel_Output_Screw_R_5
01:01.561  render           | Saved: '/Users/dean/Documents/MORI/mechanical/renders/parts/Wheel_Spacer_L_0.png'
PART_PREVIEW 191 209 MORI_V1__Wheel_Spacer_L_0
01:01.918  render           | Saved: '/Users/dean/Documents/MORI/mechanical/renders/parts/Wheel_Spacer_L_1.png'
PART_PREVIEW 192 209 MORI_V1__Wheel_Spacer_L_1
01:02.276  render           | Saved: '/Users/dean/Documents/MORI/mechanical/renders/parts/Wheel_Spacer_R_0.png'
PART_PREVIEW 193 209 MORI_V1__Wheel_Spacer_R_0
01:02.654  render           | Saved: '/Users/dean/Documents/MORI/mechanical/renders/parts/Wheel_Spacer_R_1.png'
PART_PREVIEW 194 209 MORI_V1__Wheel_Spacer_R_1
01:02.999  render           | Saved: '/Users/dean/Documents/MORI/mechanical/renders/parts/Yaw_Base.png'
PART_PREVIEW 195 209 MORI_V1__Yaw_Base
01:03.343  render           | Saved: '/Users/dean/Documents/MORI/mechanical/renders/parts/Yaw_Base_-1_Nut.png'
PART_PREVIEW 196 209 MORI_V1__Yaw_Base_-1_Nut
01:03.666  render           | Saved: '/Users/dean/Documents/MORI/mechanical/renders/parts/Yaw_Base_-1_Screw.png'
PART_PREVIEW 197 209 MORI_V1__Yaw_Base_-1_Screw
01:04.005  render           | Saved: '/Users/dean/Documents/MORI/mechanical/renders/parts/Yaw_Base_1_Nut.png'
PART_PREVIEW 198 209 MORI_V1__Yaw_Base_1_Nut
01:04.328  render           | Saved: '/Users/dean/Documents/MORI/mechanical/renders/parts/Yaw_Base_1_Screw.png'
PART_PREVIEW 199 209 MORI_V1__Yaw_Base_1_Screw
01:04.654  render           | Saved: '/Users/dean/Documents/MORI/mechanical/renders/parts/Yaw_Bearing.png'
PART_PREVIEW 200 209 MORI_V1__Yaw_Bearing
01:04.966  render           | Saved: '/Users/dean/Documents/MORI/mechanical/renders/parts/Yaw_Horn.png'
PART_PREVIEW 201 209 MORI_V1__Yaw_Horn
01:05.261  render           | Saved: '/Users/dean/Documents/MORI/mechanical/renders/parts/Yaw_Lock_Screw.png'
PART_PREVIEW 202 209 MORI_V1__Yaw_Lock_Screw
01:05.572  render           | Saved: '/Users/dean/Documents/MORI/mechanical/renders/parts/Yaw_Output.png'
PART_PREVIEW 203 209 MORI_V1__Yaw_Output
01:05.888  render           | Saved: '/Users/dean/Documents/MORI/mechanical/renders/parts/Yaw_Reaction_Clamp_Nut.png'
PART_PREVIEW 204 209 MORI_V1__Yaw_Reaction_Clamp_Nut
01:06.188  render           | Saved: '/Users/dean/Documents/MORI/mechanical/renders/parts/Yaw_Reaction_Clamp_Screw.png'
PART_PREVIEW 205 209 MORI_V1__Yaw_Reaction_Clamp_Screw
01:06.507  render           | Saved: '/Users/dean/Documents/MORI/mechanical/renders/parts/Yaw_Reaction_Link.png'
PART_PREVIEW 206 209 MORI_V1__Yaw_Reaction_Link
01:06.821  render           | Saved: '/Users/dean/Documents/MORI/mechanical/renders/parts/Yaw_Reaction_Retainer_Nut.png'
PART_PREVIEW 207 209 MORI_V1__Yaw_Reaction_Retainer_Nut
01:07.118  render           | Saved: '/Users/dean/Documents/MORI/mechanical/renders/parts/Yaw_Reaction_Retainer_Screw.png'
PART_PREVIEW 208 209 MORI_V1__Yaw_Reaction_Retainer_Screw
01:07.453  render           | Saved: '/Users/dean/Documents/MORI/mechanical/renders/parts/Yaw_Servo.png'
PART_PREVIEW 209 209 MORI_V1__Yaw_Servo
CATALOG_COMPLETE
Blender 5.2.2 LTS (hash d13f752e3b9c built 2026-09-15 01:49:19)

Blender quit
