2026-09-22 13:51:48.450 INFO   Freerouting v2.4.1 (build-date: 2026-09-03)
2026-09-22 13:51:50.251 INFO   [B0291D\0CAF28] Loading board file 'MORI_power_P2.dsn'...
2026-09-22 13:51:50.547 INFO   [B0291D\0CAF28] Job 'B0291D\0CAF28' started at 2026-09-22T05:51:50.547030Z.
2026-09-22 13:51:50.622 INFO   [B0291D\0CAF28] Auto-routing stage started on board 'b249d116a6a349cdf70881c92fd2c0c5' for 153 unrouted items.
2026-09-22 13:51:59.692 INFO   [B0291D\0CAF28] Auto-routing pass #1 on board 'b249d116a6a349cdf70881c92fd2c0c5' was completed in 8.95 seconds with score 722.87 (42 unrouted and 2 violations), using 4.18 CPU seconds and the job allocated 25.95 GB of memory so far.
2026-09-22 13:52:04.903 INFO   [B0291D\0CAF28] Auto-routing pass #2 on board '8f8037423885fa7a3d80db470da9f158' was completed in 5.13 seconds with score 899.34 (15 unrouted and 2 violations), using 7.90 CPU seconds and the job allocated 55.85 GB of memory so far.
2026-09-22 13:52:07.590 INFO   [B0291D\0CAF28] Auto-routing pass #3 on board '42245e7f945194d2f10a38d6ecd788da' was completed in 2.62 seconds with score 951.62 (7 unrouted and 2 violations), using 9.64 CPU seconds and the job allocated 72.73 GB of memory so far.
2026-09-22 13:52:10.455 INFO   [B0291D\0CAF28] Auto-routing pass #4 on board 'ba9e7fbfc113c0706a2335fd56893afa' was completed in 2.67 seconds with score 964.70 (5 unrouted and 2 violations), using 11.84 CPU seconds and the job allocated 89.89 GB of memory so far.
2026-09-22 13:52:12.721 INFO   [B0291D\0CAF28] Auto-routing pass #5 on board 'b1afdf4d549d6bb54bc832cf902e9272' was completed in 2.18 seconds with score 971.23 (4 unrouted and 2 violations), using 13.25 CPU seconds and the job allocated 100.40 GB of memory so far.
2026-09-22 13:52:14.193 INFO   [B0291D\0CAF28] Auto-routing pass #6 on board '82246e13c290622cc8fff5b7e1e45c55' was completed in 1.38 seconds with score 971.23 (4 unrouted and 2 violations), using 14.83 CPU seconds and the job allocated 112.60 GB of memory so far.
2026-09-22 13:52:16.413 INFO   [B0291D\0CAF28] Auto-routing pass #7 on board '56ec7506b7cb509b83da7470be7e9312' was completed in 2.16 seconds with score 971.23 (4 unrouted and 2 violations), using 16.55 CPU seconds and the job allocated 123.94 GB of memory so far.
2026-09-22 13:52:18.414 INFO   [B0291D\0CAF28] Auto-routing pass #8 on board 'cadd7bc170e03619012c5f23137440c5' was completed in 1.91 seconds with score 971.23 (4 unrouted and 2 violations), using 18.31 CPU seconds and the job allocated 135.49 GB of memory so far.
2026-09-22 13:52:20.910 INFO   [B0291D\0CAF28] Auto-routing pass #9 on board '13256be1072b1559b49f4d4da2ce4c2a' was completed in 2.36 seconds with score 971.23 (4 unrouted and 2 violations), using 20.23 CPU seconds and the job allocated 147.99 GB of memory so far.
2026-09-22 13:52:23.176 INFO   [B0291D\0CAF28] Auto-routing pass #10 on board '1d14325ae23f9589eaf4317003cf22a0' was completed in 2.16 seconds with score 971.23 (4 unrouted and 2 violations), using 21.60 CPU seconds and the job allocated 157.59 GB of memory so far.
2026-09-22 13:52:25.543 INFO   [B0291D\0CAF28] Auto-routing pass #11 on board 'dadcdfc6b11c651dd53b23c8f702a0d2' was completed in 2.28 seconds with score 971.23 (4 unrouted and 2 violations), using 22.93 CPU seconds and the job allocated 167.21 GB of memory so far.
2026-09-22 13:52:27.581 INFO   [B0291D\0CAF28] Auto-routing pass #12 on board '3f1cfaeba41a099a879cb49ab51dbbd3' was completed in 1.94 seconds with score 971.23 (4 unrouted and 2 violations), using 24.31 CPU seconds and the job allocated 177.01 GB of memory so far.
2026-09-22 13:52:28.989 INFO   [B0291D\0CAF28] Auto-routing pass #13 on board '24fca5b84f2a57f71a7a165f676b39fc' was completed in 1.34 seconds with score 971.23 (4 unrouted and 2 violations), using 26.19 CPU seconds and the job allocated 190.67 GB of memory so far.
2026-09-22 13:52:31.218 INFO   [B0291D\0CAF28] Auto-routing pass #14 on board 'dc82a229f14a0b6a771b19156d71dcb6' was completed in 2.17 seconds with score 971.23 (4 unrouted and 2 violations), using 27.97 CPU seconds and the job allocated 201.28 GB of memory so far.
2026-09-22 13:52:33.415 INFO   [B0291D\0CAF28] Auto-routing pass #15 on board '3778e29687b4813795ab2858f6fdf814' was completed in 2.13 seconds with score 971.23 (4 unrouted and 2 violations), using 29.50 CPU seconds and the job allocated 211.45 GB of memory so far.
2026-09-22 13:52:37.017 INFO   [B0291D\0CAF28] Auto-routing pass #16 on board '01b039badd8c990f3af0a7172e91899c' was completed in 3.49 seconds with score 971.23 (4 unrouted and 2 violations), using 31.54 CPU seconds and the job allocated 223.98 GB of memory so far.
2026-09-22 13:52:39.538 INFO   [B0291D\0CAF28] Auto-routing pass #17 on board 'b1591ec430204a8b16d058aae23e7fe8' was completed in 2.42 seconds with score 971.23 (4 unrouted and 2 violations), using 32.82 CPU seconds and the job allocated 232.84 GB of memory so far.
2026-09-22 13:52:42.202 INFO   [B0291D\0CAF28] Auto-routing pass #18 on board 'c32b13cd3e85829ef5fe63237b87cf19' was completed in 2.57 seconds with score 971.23 (4 unrouted and 2 violations), using 34.71 CPU seconds and the job allocated 245.02 GB of memory so far.
2026-09-22 13:52:42.226 INFO   [B0291D\0CAF28] The router's score (971.23) has not improved by more than 0.5 points in the last 10 passes (4 items still unconnected). Stopping the auto-router.
The following connections could not be routed -- please review your design (e.g. check pad clearances, trace width rules, and available routing space):
  Net '/BAT_ADC' (1 unrouted connection):
    - J10-5  ->  R51-1
  Net '/WHEEL_ADC' (1 unrouted connection):
    - R52-2  ->  J10-6
  Net '/W_GATE' (1 unrouted connection):
    - R10-1  ->  Q10-4
  Net '/H_SENSE' (1 unrouted connection):
    - U40-3  ->  R41-2
2026-09-22 13:52:42.328 INFO   [B0291D\0CAF28] Auto-routing stage completed: started with 153 unrouted nets, completed in 51.71 seconds, final score: 971.23 (4 unrouted and 2 violations), using 34.71 total CPU seconds, 245.02 GB total allocated, and 791.7 MB peak heap usage.
2026-09-22 13:52:42.372 INFO   [B0291D\0CAF28] Optimization stage started on board 'f44f1b620b52df52425f186d2863025f' with score 971.23 (4 unrouted and 2 violations).
2026-09-22 13:52:45.258 INFO   [B0291D\0CAF28] Stopping optimization pass #1 early after 50 consecutive items could not be improved.
2026-09-22 13:52:45.293 INFO   [B0291D\0CAF28] Optimizer pass #1 on board 'a0d8e4448c4da7012ba3b562b9a72f26' was completed in 2.77 seconds with the score of 971.23 (4 unrouted and 2 violations).
2026-09-22 13:52:45.320 INFO   [B0291D\0CAF28] Stopping optimizer because the improvement in this pass (0.0000%) is below the threshold (1.00%).
2026-09-22 13:52:45.345 INFO   [B0291D\0CAF28] Optimization stage completed: started with score 971.23 (4 unrouted and 2 violations), completed in 2.95 seconds, final score: 971.23 (4 unrouted and 2 violations), using 2.65 total CPU seconds, 53.42 GB total allocated, and 773.8 MB peak heap usage.
2026-09-22 13:52:45.356 INFO   [B0291D\0CAF28] Job 'B0291D\0CAF28' finished with state: COMPLETED (elapsed: 54.81 seconds, finished at UTC: 2026-09-22T05:52:45.355561Z).
2026-09-22 13:52:45.589 INFO   Saving output file '/Users/dean/Documents/MORI/hardware/v1_2/kicad/MORI_power_P2/MORI_power_P2.ses' (SES)...
2026-09-22 13:52:45.592 INFO   Successfully saved output file '/Users/dean/Documents/MORI/hardware/v1_2/kicad/MORI_power_P2/MORI_power_P2.ses' (45520 bytes).
