00:00.321  blend            | Read blend: "/Users/dean/Documents/MORI/mechanical/mori_v1_2.blend"
00:00.939  render           | Saved: '/Users/dean/Documents/MORI/mechanical/renders/parts/Battery.png'
PART_PREVIEW 1 110 MORI_V1__Battery
00:01.213  render           | Saved: '/Users/dean/Documents/MORI/mechanical/renders/parts/Battery_Hanger_0.png'
PART_PREVIEW 2 110 MORI_V1__Battery_Hanger_0
00:01.481  render           | Saved: '/Users/dean/Documents/MORI/mechanical/renders/parts/Battery_Hanger_1.png'
PART_PREVIEW 3 110 MORI_V1__Battery_Hanger_1
00:01.748  render           | Saved: '/Users/dean/Documents/MORI/mechanical/renders/parts/Battery_Hanger_2.png'
PART_PREVIEW 4 110 MORI_V1__Battery_Hanger_2
00:02.019  render           | Saved: '/Users/dean/Documents/MORI/mechanical/renders/parts/Battery_Hanger_3.png'
PART_PREVIEW 5 110 MORI_V1__Battery_Hanger_3
00:02.320  render           | Saved: '/Users/dean/Documents/MORI/mechanical/renders/parts/Battery_Tray.png'
PART_PREVIEW 6 110 MORI_V1__Battery_Tray
00:02.629  render           | Saved: '/Users/dean/Documents/MORI/mechanical/renders/parts/Body_IMU.png'
PART_PREVIEW 7 110 MORI_V1__Body_IMU
00:02.972  render           | Saved: '/Users/dean/Documents/MORI/mechanical/renders/parts/Body_Lower.png'
PART_PREVIEW 8 110 MORI_V1__Body_Lower
00:03.252  render           | Saved: '/Users/dean/Documents/MORI/mechanical/renders/parts/Body_Top_Shroud.png'
PART_PREVIEW 9 110 MORI_V1__Body_Top_Shroud
00:03.578  render           | Saved: '/Users/dean/Documents/MORI/mechanical/renders/parts/Body_Upper.png'
PART_PREVIEW 10 110 MORI_V1__Body_Upper
00:03.874  render           | Saved: '/Users/dean/Documents/MORI/mechanical/renders/parts/Button_Cap.png'
PART_PREVIEW 11 110 MORI_V1__Button_Cap
00:04.200  render           | Saved: '/Users/dean/Documents/MORI/mechanical/renders/parts/CAM_Mainboard.png'
PART_PREVIEW 12 110 MORI_V1__CAM_Mainboard
00:04.517  render           | Saved: '/Users/dean/Documents/MORI/mechanical/renders/parts/CAM_Mainboard_Mount.png'
PART_PREVIEW 13 110 MORI_V1__CAM_Mainboard_Mount
00:04.837  render           | Saved: '/Users/dean/Documents/MORI/mechanical/renders/parts/Camera_Baffle.png'
PART_PREVIEW 14 110 MORI_V1__Camera_Baffle
00:05.152  render           | Saved: '/Users/dean/Documents/MORI/mechanical/renders/parts/Camera_Lens.png'
PART_PREVIEW 15 110 MORI_V1__Camera_Lens
00:05.453  render           | Saved: '/Users/dean/Documents/MORI/mechanical/renders/parts/Camera_Mount.png'
PART_PREVIEW 16 110 MORI_V1__Camera_Mount
00:05.781  render           | Saved: '/Users/dean/Documents/MORI/mechanical/renders/parts/Camera_PCB.png'
PART_PREVIEW 17 110 MORI_V1__Camera_PCB
00:06.093  render           | Saved: '/Users/dean/Documents/MORI/mechanical/renders/parts/Camera_Window.png'
PART_PREVIEW 18 110 MORI_V1__Camera_Window
00:06.400  render           | Saved: '/Users/dean/Documents/MORI/mechanical/renders/parts/Coupon_Insert.png'
PART_PREVIEW 19 110 MORI_V1__Coupon_Insert
00:06.732  render           | Saved: '/Users/dean/Documents/MORI/mechanical/renders/parts/Coupon_Mating_Tab.png'
PART_PREVIEW 20 110 MORI_V1__Coupon_Mating_Tab
00:07.033  render           | Saved: '/Users/dean/Documents/MORI/mechanical/renders/parts/Coupon_Plane_Fit.png'
PART_PREVIEW 21 110 MORI_V1__Coupon_Plane_Fit
00:07.336  render           | Saved: '/Users/dean/Documents/MORI/mechanical/renders/parts/Display_Frame.png'
PART_PREVIEW 22 110 MORI_V1__Display_Frame
00:07.815  render           | Saved: '/Users/dean/Documents/MORI/mechanical/renders/parts/Display_PCB.png'
PART_PREVIEW 23 110 MORI_V1__Display_PCB
00:08.104  render           | Saved: '/Users/dean/Documents/MORI/mechanical/renders/parts/Dock_Pad_0.png'
PART_PREVIEW 24 110 MORI_V1__Dock_Pad_0
00:08.393  render           | Saved: '/Users/dean/Documents/MORI/mechanical/renders/parts/Dock_Pad_1.png'
PART_PREVIEW 25 110 MORI_V1__Dock_Pad_1
00:08.695  render           | Saved: '/Users/dean/Documents/MORI/mechanical/renders/parts/Dock_Pad_2.png'
PART_PREVIEW 26 110 MORI_V1__Dock_Pad_2
00:09.013  render           | Saved: '/Users/dean/Documents/MORI/mechanical/renders/parts/Dock_Pad_3.png'
PART_PREVIEW 27 110 MORI_V1__Dock_Pad_3
00:09.369  render           | Saved: '/Users/dean/Documents/MORI/mechanical/renders/parts/Drive_Motor_L.png'
PART_PREVIEW 28 110 MORI_V1__Drive_Motor_L
00:09.718  render           | Saved: '/Users/dean/Documents/MORI/mechanical/renders/parts/Drive_Motor_R.png'
PART_PREVIEW 29 110 MORI_V1__Drive_Motor_R
00:10.011  render           | Saved: '/Users/dean/Documents/MORI/mechanical/renders/parts/Face_Mask.png'
PART_PREVIEW 30 110 MORI_V1__Face_Mask
00:10.323  render           | Saved: '/Users/dean/Documents/MORI/mechanical/renders/parts/Face_Protector.png'
PART_PREVIEW 31 110 MORI_V1__Face_Protector
00:10.639  render           | Saved: '/Users/dean/Documents/MORI/mechanical/renders/parts/Frame_Insert_0.png'
PART_PREVIEW 32 110 MORI_V1__Frame_Insert_0
00:10.943  render           | Saved: '/Users/dean/Documents/MORI/mechanical/renders/parts/Frame_Insert_1.png'
PART_PREVIEW 33 110 MORI_V1__Frame_Insert_1
00:11.269  render           | Saved: '/Users/dean/Documents/MORI/mechanical/renders/parts/Frame_Insert_2.png'
PART_PREVIEW 34 110 MORI_V1__Frame_Insert_2
00:11.570  render           | Saved: '/Users/dean/Documents/MORI/mechanical/renders/parts/Frame_Insert_3.png'
PART_PREVIEW 35 110 MORI_V1__Frame_Insert_3
00:11.886  render           | Saved: '/Users/dean/Documents/MORI/mechanical/renders/parts/Frame_Screw_0.png'
PART_PREVIEW 36 110 MORI_V1__Frame_Screw_0
00:12.191  render           | Saved: '/Users/dean/Documents/MORI/mechanical/renders/parts/Frame_Screw_1.png'
PART_PREVIEW 37 110 MORI_V1__Frame_Screw_1
00:12.497  render           | Saved: '/Users/dean/Documents/MORI/mechanical/renders/parts/Frame_Screw_2.png'
PART_PREVIEW 38 110 MORI_V1__Frame_Screw_2
00:12.801  render           | Saved: '/Users/dean/Documents/MORI/mechanical/renders/parts/Frame_Screw_3.png'
PART_PREVIEW 39 110 MORI_V1__Frame_Screw_3
00:13.116  render           | Saved: '/Users/dean/Documents/MORI/mechanical/renders/parts/Function_Button.png'
PART_PREVIEW 40 110 MORI_V1__Function_Button
00:13.460  render           | Saved: '/Users/dean/Documents/MORI/mechanical/renders/parts/Head_Front.png'
PART_PREVIEW 41 110 MORI_V1__Head_Front
00:13.788  render           | Saved: '/Users/dean/Documents/MORI/mechanical/renders/parts/Head_Lower_Guard.png'
PART_PREVIEW 42 110 MORI_V1__Head_Lower_Guard
00:14.156  render           | Saved: '/Users/dean/Documents/MORI/mechanical/renders/parts/Head_Rear.png'
PART_PREVIEW 43 110 MORI_V1__Head_Rear
00:14.464  render           | Saved: '/Users/dean/Documents/MORI/mechanical/renders/parts/IMU_Mount.png'
PART_PREVIEW 44 110 MORI_V1__IMU_Mount
00:14.780  render           | Saved: '/Users/dean/Documents/MORI/mechanical/renders/parts/Load_Frame.png'
PART_PREVIEW 45 110 MORI_V1__Load_Frame
00:15.094  render           | Saved: '/Users/dean/Documents/MORI/mechanical/renders/parts/MCU_Motion.png'
PART_PREVIEW 46 110 MORI_V1__MCU_Motion
00:15.401  render           | Saved: '/Users/dean/Documents/MORI/mechanical/renders/parts/MCU_Mount_Motion.png'
PART_PREVIEW 47 110 MORI_V1__MCU_Mount_Motion
00:15.706  render           | Saved: '/Users/dean/Documents/MORI/mechanical/renders/parts/Mic_Duct_L.png'
PART_PREVIEW 48 110 MORI_V1__Mic_Duct_L
00:16.005  render           | Saved: '/Users/dean/Documents/MORI/mechanical/renders/parts/Mic_Duct_R.png'
PART_PREVIEW 49 110 MORI_V1__Mic_Duct_R
00:16.301  render           | Saved: '/Users/dean/Documents/MORI/mechanical/renders/parts/Motor_Mount_L.png'
PART_PREVIEW 50 110 MORI_V1__Motor_Mount_L
00:16.620  render           | Saved: '/Users/dean/Documents/MORI/mechanical/renders/parts/Motor_Mount_R.png'
PART_PREVIEW 51 110 MORI_V1__Motor_Mount_R
00:16.938  render           | Saved: '/Users/dean/Documents/MORI/mechanical/renders/parts/Parking_Cradle.png'
PART_PREVIEW 52 110 MORI_V1__Parking_Cradle
00:17.272  render           | Saved: '/Users/dean/Documents/MORI/mechanical/renders/parts/Pitch_Bearing_L.png'
PART_PREVIEW 53 110 MORI_V1__Pitch_Bearing_L
00:17.607  render           | Saved: '/Users/dean/Documents/MORI/mechanical/renders/parts/Pitch_Bearing_R.png'
PART_PREVIEW 54 110 MORI_V1__Pitch_Bearing_R
00:17.937  render           | Saved: '/Users/dean/Documents/MORI/mechanical/renders/parts/Pitch_Cable_Clip.png'
PART_PREVIEW 55 110 MORI_V1__Pitch_Cable_Clip
00:18.224  render           | Saved: '/Users/dean/Documents/MORI/mechanical/renders/parts/Pitch_Cradle.png'
PART_PREVIEW 56 110 MORI_V1__Pitch_Cradle
00:18.530  render           | Saved: '/Users/dean/Documents/MORI/mechanical/renders/parts/Pitch_Horn.png'
PART_PREVIEW 57 110 MORI_V1__Pitch_Horn
00:18.827  render           | Saved: '/Users/dean/Documents/MORI/mechanical/renders/parts/Pitch_Lock_Screw.png'
PART_PREVIEW 58 110 MORI_V1__Pitch_Lock_Screw
00:19.147  render           | Saved: '/Users/dean/Documents/MORI/mechanical/renders/parts/Pitch_Output.png'
PART_PREVIEW 59 110 MORI_V1__Pitch_Output
00:19.514  render           | Saved: '/Users/dean/Documents/MORI/mechanical/renders/parts/Pitch_Servo.png'
PART_PREVIEW 60 110 MORI_V1__Pitch_Servo
00:19.869  render           | Saved: '/Users/dean/Documents/MORI/mechanical/renders/parts/Pitch_Servo_Mount.png'
PART_PREVIEW 61 110 MORI_V1__Pitch_Servo_Mount
00:20.213  render           | Saved: '/Users/dean/Documents/MORI/mechanical/renders/parts/Pitch_Trunnion_L.png'
PART_PREVIEW 62 110 MORI_V1__Pitch_Trunnion_L
00:20.545  render           | Saved: '/Users/dean/Documents/MORI/mechanical/renders/parts/Pitch_Trunnion_R.png'
PART_PREVIEW 63 110 MORI_V1__Pitch_Trunnion_R
00:20.848  render           | Saved: '/Users/dean/Documents/MORI/mechanical/renders/parts/Pitch_Yoke.png'
PART_PREVIEW 64 110 MORI_V1__Pitch_Yoke
00:21.264  render           | Saved: '/Users/dean/Documents/MORI/mechanical/renders/parts/Power_Module.png'
PART_PREVIEW 65 110 MORI_V1__Power_Module
00:21.581  render           | Saved: '/Users/dean/Documents/MORI/mechanical/renders/parts/Power_Module_Mount.png'
PART_PREVIEW 66 110 MORI_V1__Power_Module_Mount
00:21.957  render           | Saved: '/Users/dean/Documents/MORI/mechanical/renders/parts/Power_Switch.png'
PART_PREVIEW 67 110 MORI_V1__Power_Switch
00:22.282  render           | Saved: '/Users/dean/Documents/MORI/mechanical/renders/parts/S288_Output_L_Inner.png'
PART_PREVIEW 68 110 MORI_V1__S288_Output_L_Inner
00:22.611  render           | Saved: '/Users/dean/Documents/MORI/mechanical/renders/parts/S288_Output_L_Outer.png'
PART_PREVIEW 69 110 MORI_V1__S288_Output_L_Outer
00:22.939  render           | Saved: '/Users/dean/Documents/MORI/mechanical/renders/parts/S288_Output_R_Inner.png'
PART_PREVIEW 70 110 MORI_V1__S288_Output_R_Inner
00:23.282  render           | Saved: '/Users/dean/Documents/MORI/mechanical/renders/parts/S288_Output_R_Outer.png'
PART_PREVIEW 71 110 MORI_V1__S288_Output_R_Outer
00:23.590  render           | Saved: '/Users/dean/Documents/MORI/mechanical/renders/parts/Shell_Insert_0.png'
PART_PREVIEW 72 110 MORI_V1__Shell_Insert_0
00:23.900  render           | Saved: '/Users/dean/Documents/MORI/mechanical/renders/parts/Shell_Insert_1.png'
PART_PREVIEW 73 110 MORI_V1__Shell_Insert_1
00:24.204  render           | Saved: '/Users/dean/Documents/MORI/mechanical/renders/parts/Shell_Insert_2.png'
PART_PREVIEW 74 110 MORI_V1__Shell_Insert_2
00:24.547  render           | Saved: '/Users/dean/Documents/MORI/mechanical/renders/parts/Shell_Insert_3.png'
PART_PREVIEW 75 110 MORI_V1__Shell_Insert_3
00:24.855  render           | Saved: '/Users/dean/Documents/MORI/mechanical/renders/parts/Shell_Screw_0.png'
PART_PREVIEW 76 110 MORI_V1__Shell_Screw_0
00:25.161  render           | Saved: '/Users/dean/Documents/MORI/mechanical/renders/parts/Shell_Screw_1.png'
PART_PREVIEW 77 110 MORI_V1__Shell_Screw_1
00:25.458  render           | Saved: '/Users/dean/Documents/MORI/mechanical/renders/parts/Shell_Screw_2.png'
PART_PREVIEW 78 110 MORI_V1__Shell_Screw_2
00:25.768  render           | Saved: '/Users/dean/Documents/MORI/mechanical/renders/parts/Shell_Screw_3.png'
PART_PREVIEW 79 110 MORI_V1__Shell_Screw_3
00:26.097  render           | Saved: '/Users/dean/Documents/MORI/mechanical/renders/parts/Speaker.png'
PART_PREVIEW 80 110 MORI_V1__Speaker
00:26.473  render           | Saved: '/Users/dean/Documents/MORI/mechanical/renders/parts/Speaker_Mount.png'
PART_PREVIEW 81 110 MORI_V1__Speaker_Mount
00:26.793  render           | Saved: '/Users/dean/Documents/MORI/mechanical/renders/parts/Tire_L.png'
PART_PREVIEW 82 110 MORI_V1__Tire_L
00:27.107  render           | Saved: '/Users/dean/Documents/MORI/mechanical/renders/parts/Tire_R.png'
PART_PREVIEW 83 110 MORI_V1__Tire_R
00:27.458  render           | Saved: '/Users/dean/Documents/MORI/mechanical/renders/parts/USB_Charge.png'
PART_PREVIEW 84 110 MORI_V1__USB_Charge
00:27.761  render           | Saved: '/Users/dean/Documents/MORI/mechanical/renders/parts/USB_Charge_Mount.png'
PART_PREVIEW 85 110 MORI_V1__USB_Charge_Mount
00:28.131  render           | Saved: '/Users/dean/Documents/MORI/mechanical/renders/parts/USB_Receptacle.png'
PART_PREVIEW 86 110 MORI_V1__USB_Receptacle
00:28.429  render           | Saved: '/Users/dean/Documents/MORI/mechanical/renders/parts/Wheel_Axle_L.png'
PART_PREVIEW 87 110 MORI_V1__Wheel_Axle_L
00:28.719  render           | Saved: '/Users/dean/Documents/MORI/mechanical/renders/parts/Wheel_Axle_R.png'
PART_PREVIEW 88 110 MORI_V1__Wheel_Axle_R
00:29.088  render           | Saved: '/Users/dean/Documents/MORI/mechanical/renders/parts/Wheel_Bearing_L_33.png'
PART_PREVIEW 89 110 MORI_V1__Wheel_Bearing_L_33
00:29.428  render           | Saved: '/Users/dean/Documents/MORI/mechanical/renders/parts/Wheel_Bearing_L_39.png'
PART_PREVIEW 90 110 MORI_V1__Wheel_Bearing_L_39
00:29.805  render           | Saved: '/Users/dean/Documents/MORI/mechanical/renders/parts/Wheel_Bearing_R_33.png'
PART_PREVIEW 91 110 MORI_V1__Wheel_Bearing_R_33
00:30.154  render           | Saved: '/Users/dean/Documents/MORI/mechanical/renders/parts/Wheel_Bearing_R_39.png'
PART_PREVIEW 92 110 MORI_V1__Wheel_Bearing_R_39
00:30.476  render           | Saved: '/Users/dean/Documents/MORI/mechanical/renders/parts/Wheel_Cap_L.png'
PART_PREVIEW 93 110 MORI_V1__Wheel_Cap_L
00:30.788  render           | Saved: '/Users/dean/Documents/MORI/mechanical/renders/parts/Wheel_Cap_R.png'
PART_PREVIEW 94 110 MORI_V1__Wheel_Cap_R
00:31.113  render           | Saved: '/Users/dean/Documents/MORI/mechanical/renders/parts/Wheel_Coupler_L.png'
PART_PREVIEW 95 110 MORI_V1__Wheel_Coupler_L
00:31.436  render           | Saved: '/Users/dean/Documents/MORI/mechanical/renders/parts/Wheel_Coupler_R.png'
PART_PREVIEW 96 110 MORI_V1__Wheel_Coupler_R
00:31.777  render           | Saved: '/Users/dean/Documents/MORI/mechanical/renders/parts/Wheel_Hub_L.png'
PART_PREVIEW 97 110 MORI_V1__Wheel_Hub_L
00:32.111  render           | Saved: '/Users/dean/Documents/MORI/mechanical/renders/parts/Wheel_Hub_R.png'
PART_PREVIEW 98 110 MORI_V1__Wheel_Hub_R
00:32.437  render           | Saved: '/Users/dean/Documents/MORI/mechanical/renders/parts/Yaw_Bearing.png'
PART_PREVIEW 99 110 MORI_V1__Yaw_Bearing
00:32.779  render           | Saved: '/Users/dean/Documents/MORI/mechanical/renders/parts/Yaw_Cable_Clip.png'
PART_PREVIEW 100 110 MORI_V1__Yaw_Cable_Clip
00:33.145  render           | Saved: '/Users/dean/Documents/MORI/mechanical/renders/parts/Yaw_Carrier.png'
PART_PREVIEW 101 110 MORI_V1__Yaw_Carrier
00:33.459  render           | Saved: '/Users/dean/Documents/MORI/mechanical/renders/parts/Yaw_Horn.png'
PART_PREVIEW 102 110 MORI_V1__Yaw_Horn
00:33.765  render           | Saved: '/Users/dean/Documents/MORI/mechanical/renders/parts/Yaw_Lock_Screw.png'
PART_PREVIEW 103 110 MORI_V1__Yaw_Lock_Screw
00:34.073  render           | Saved: '/Users/dean/Documents/MORI/mechanical/renders/parts/Yaw_Output.png'
PART_PREVIEW 104 110 MORI_V1__Yaw_Output
00:34.437  render           | Saved: '/Users/dean/Documents/MORI/mechanical/renders/parts/Yaw_Servo.png'
PART_PREVIEW 105 110 MORI_V1__Yaw_Servo
00:34.786  render           | Saved: '/Users/dean/Documents/MORI/mechanical/renders/parts/Yaw_Servo_Mount.png'
PART_PREVIEW 106 110 MORI_V1__Yaw_Servo_Mount
00:35.089  render           | Saved: '/Users/dean/Documents/MORI/mechanical/renders/parts/Yaw_Stop_-76.png'
PART_PREVIEW 107 110 MORI_V1__Yaw_Stop_-76
00:35.399  render           | Saved: '/Users/dean/Documents/MORI/mechanical/renders/parts/Yaw_Stop_76.png'
PART_PREVIEW 108 110 MORI_V1__Yaw_Stop_76
00:35.709  render           | Saved: '/Users/dean/Documents/MORI/mechanical/renders/parts/Yaw_Stop_Flag.png'
PART_PREVIEW 109 110 MORI_V1__Yaw_Stop_Flag
00:36.039  render           | Saved: '/Users/dean/Documents/MORI/mechanical/renders/parts/Yaw_Turntable.png'
PART_PREVIEW 110 110 MORI_V1__Yaw_Turntable
CATALOG_COMPLETE
Blender 5.2.1 LTS (hash 9e2066aef7ef built 2026-08-25 01:35:57)

Blender quit
