00:00.347  blend            | Read blend: "/Users/dean/Documents/MORI/mechanical/mori_v1_2.blend"
MORI STL Battery_Tray PASS
MORI STL Body_Lower PASS
MORI STL Body_Top_Shroud PASS
MORI STL Body_Upper PASS
MORI STL Button_Cap PASS
MORI STL CAM_Mainboard_Mount PASS
MORI STL Camera_Baffle PASS
MORI STL Camera_Mount PASS
MORI STL Coupon_Insert PASS
MORI STL Coupon_Mating_Tab PASS
MORI STL Coupon_Plane_Fit PASS
MORI STL Display_Frame PASS
MORI STL Head_Front PASS
MORI STL Head_Lower_Guard PASS
MORI STL Head_Rear PASS
MORI STL IMU_Mount PASS
MORI STL Load_Frame PASS
MORI STL MCU_Mount_Motion PASS
MORI STL Mic_Duct_L PASS
MORI STL Mic_Duct_R PASS
MORI STL Motor_Mount_L PASS
MORI STL Motor_Mount_R PASS
MORI STL Parking_Cradle PASS
MORI STL Pitch_Cable_Clip PASS
MORI STL Pitch_Cradle PASS
MORI STL Pitch_Servo_Mount PASS
MORI STL Pitch_Yoke PASS
MORI STL Power_Module_Mount PASS
MORI STL Speaker_Mount PASS
MORI STL USB_Charge_Mount PASS
MORI STL Wheel_Cap_L PASS
MORI STL Wheel_Cap_R PASS
MORI STL Wheel_Coupler_L PASS
MORI STL Wheel_Coupler_R PASS
MORI STL Wheel_Hub_L PASS
MORI STL Wheel_Hub_R PASS
MORI STL Yaw_Cable_Clip PASS
MORI STL Yaw_Carrier PASS
MORI STL Yaw_Servo_Mount PASS
MORI STL Yaw_Stop_-76 PASS
MORI STL Yaw_Stop_76 PASS
MORI STL Yaw_Stop_Flag PASS
MORI STL Yaw_Turntable PASS
Blender 5.2.1 LTS (hash 9e2066aef7ef built 2026-08-25 01:35:57)
Timer 'STL Import' took 0.71 ms
Timer 'STL Import' took 3.00 ms
Timer 'STL Import' took 0.15 ms
Timer 'STL Import' took 1.86 ms
Timer 'STL Import' took 0.11 ms
Timer 'STL Import' took 0.36 ms
Timer 'STL Import' took 0.10 ms
Timer 'STL Import' took 0.18 ms
Timer 'STL Import' took 0.25 ms
Timer 'STL Import' took 54125 ns
Timer 'STL Import' took 69833 ns
Timer 'STL Import' took 0.53 ms
Timer 'STL Import' took 1.31 ms
Timer 'STL Import' took 0.93 ms
Timer 'STL Import' took 1.47 ms
Timer 'STL Import' took 74625 ns
Timer 'STL Import' took 0.83 ms
Timer 'STL Import' took 0.26 ms
Timer 'STL Import' took 0.13 ms
Timer 'STL Import' took 0.11 ms
Timer 'STL Import' took 0.14 ms
Timer 'STL Import' took 0.26 ms
Timer 'STL Import' took 0.12 ms
Timer 'STL Import' took 0.11 ms
Timer 'STL Import' took 0.57 ms
Timer 'STL Import' took 0.11 ms
Timer 'STL Import' took 0.59 ms
Timer 'STL Import' took 0.21 ms
Timer 'STL Import' took 0.29 ms
Timer 'STL Import' took 93291 ns
Timer 'STL Import' took 70875 ns
Timer 'STL Import' took 76125 ns
Timer 'STL Import' took 0.13 ms
Timer 'STL Import' took 96500 ns
Timer 'STL Import' took 99416 ns
Timer 'STL Import' took 0.13 ms
Timer 'STL Import' took 95833 ns
Timer 'STL Import' took 0.62 ms
Timer 'STL Import' took 63291 ns
Timer 'STL Import' took 43250 ns
Timer 'STL Import' took 37083 ns
Timer 'STL Import' took 37000 ns
Timer 'STL Import' took 0.52 ms

Blender quit
