00:00.313  blend            | Read blend: "/Users/dean/Documents/MORI/mechanical/mori_v1_2.blend"
RENDER 45_assembled
00:11.680  render           | Saved: '/Users/dean/Documents/MORI/mechanical/renders/45_assembled.png'
RENDER front
00:17.302  render           | Saved: '/Users/dean/Documents/MORI/mechanical/renders/front.png'
RENDER side
00:22.566  render           | Saved: '/Users/dean/Documents/MORI/mechanical/renders/side.png'
RENDER rear
00:27.834  render           | Saved: '/Users/dean/Documents/MORI/mechanical/renders/rear.png'
RENDER top
00:34.632  render           | Saved: '/Users/dean/Documents/MORI/mechanical/renders/top.png'
RENDER bottom
00:41.591  render           | Saved: '/Users/dean/Documents/MORI/mechanical/renders/bottom.png'
RENDER exploded
00:47.369  render           | Saved: '/Users/dean/Documents/MORI/mechanical/renders/exploded.png'
RENDER internal
00:53.591  render           | Saved: '/Users/dean/Documents/MORI/mechanical/renders/internal.png'
RENDER head_section
01:03.070  render           | Saved: '/Users/dean/Documents/MORI/mechanical/renders/head_section.png'
RENDER screen_outline_review
01:09.841  render           | Saved: '/Users/dean/Documents/MORI/mechanical/renders/screen_outline_review.png'
RENDER clearance
01:15.216  render           | Saved: '/Users/dean/Documents/MORI/mechanical/renders/clearance.png'
RENDER wheel_gap_detail
01:21.996  render           | Saved: '/Users/dean/Documents/MORI/mechanical/renders/wheel_gap_detail.png'
RENDER pose_up
01:33.265  render           | Saved: '/Users/dean/Documents/MORI/mechanical/renders/pose_up.png'
RENDER pose_down
01:45.368  render           | Saved: '/Users/dean/Documents/MORI/mechanical/renders/pose_down.png'
RENDER docked
01:57.117  render           | Saved: '/Users/dean/Documents/MORI/mechanical/renders/docked.png'
RENDER_COMPLETE
Blender 5.2.1 LTS (hash 9e2066aef7ef built 2026-08-25 01:35:57)

Blender quit
