./src/common/stdpbase.cpp(59): assert ""traits"" failed in Get(): create wxApp before calling this
12:17:57 PM: Debug: Adding duplicate image handler for 'PNG file'
12:17:57 PM: Debug: Adding duplicate image handler for 'JPEG file'
12:17:57 PM: Debug: Adding duplicate image handler for 'TIFF file'
12:17:57 PM: Debug: Adding duplicate image handler for 'GIF file'
12:17:57 PM: Debug: Adding duplicate image handler for 'PNM file'
12:17:57 PM: Debug: Adding duplicate image handler for 'PCX file'
12:17:57 PM: Debug: Adding duplicate image handler for 'IFF file'
12:17:57 PM: Debug: Adding duplicate image handler for 'Windows icon file'
12:17:57 PM: Debug: Adding duplicate image handler for 'Windows cursor file'
12:17:57 PM: Debug: Adding duplicate image handler for 'Windows animated cursor file'
12:17:57 PM: Debug: Adding duplicate image handler for 'TGA file'
12:17:57 PM: Debug: Adding duplicate image handler for 'XPM file'
12:17:57 PM: Debug: Adding duplicate image handler for 'PNG file'
12:17:57 PM: Debug: Adding duplicate image handler for 'JPEG file'
12:17:57 PM: Debug: Adding duplicate image handler for 'TIFF file'
12:17:57 PM: Debug: Adding duplicate image handler for 'GIF file'
12:17:57 PM: Debug: Adding duplicate image handler for 'PNM file'
12:17:57 PM: Debug: Adding duplicate image handler for 'PCX file'
12:17:57 PM: Debug: Adding duplicate image handler for 'IFF file'
12:17:57 PM: Debug: Adding duplicate image handler for 'Windows icon file'
12:17:57 PM: Debug: Adding duplicate image handler for 'Windows cursor file'
12:17:57 PM: Debug: Adding duplicate image handler for 'Windows animated cursor file'
12:17:57 PM: Debug: Adding duplicate image handler for 'TGA file'
12:17:57 PM: Debug: Adding duplicate image handler for 'XPM file'
12:17:57 PM: Debug: Adding duplicate image handler for 'PNG file'
12:17:57 PM: Debug: Adding duplicate image handler for 'JPEG file'
12:17:57 PM: Debug: Adding duplicate image handler for 'TIFF file'
12:17:57 PM: Debug: Adding duplicate image handler for 'GIF file'
12:17:57 PM: Debug: Adding duplicate image handler for 'PNM file'
12:17:57 PM: Debug: Adding duplicate image handler for 'PCX file'
12:17:57 PM: Debug: Adding duplicate image handler for 'IFF file'
12:17:57 PM: Debug: Adding duplicate image handler for 'Windows icon file'
12:17:57 PM: Debug: Adding duplicate image handler for 'Windows cursor file'
12:17:57 PM: Debug: Adding duplicate image handler for 'Windows animated cursor file'
12:17:57 PM: Debug: Adding duplicate image handler for 'TGA file'
12:17:57 PM: Debug: Adding duplicate image handler for 'XPM file'
