00:00.315  blend            | Read blend: "/Users/dean/Documents/MORI/mechanical/mori_v1_2.blend"
ONE_AT_A_TIME 24.0 0 0.8 PASS None []
ONE_AT_A_TIME 24.0 1 0.8 PASS None []
ONE_AT_A_TIME 24.0 2 0.8 PASS None []
ONE_AT_A_TIME 24.0 3 0.8 PASS None []
ONE_AT_A_TIME 24.0 0 0.775 PASS None []
ONE_AT_A_TIME 24.0 1 0.775 PASS None []
ONE_AT_A_TIME 24.0 2 0.775 PASS None []
ONE_AT_A_TIME 24.0 3 0.775 PASS None []
ONE_AT_A_TIME 24.0 0 0.825 PASS None []
ONE_AT_A_TIME 24.0 1 0.825 BLOCKED None [{'kind': 'other_free_wire', 'other_slot': 0, 'status': 'BLOCKED', 'gap_bound_mm': -0.14852172722103985, 'sample_indices': [13013, 8590]}]
ONE_AT_A_TIME 32.0 0 0.8 PASS None []
ONE_AT_A_TIME 32.0 1 0.8 PASS None []
ONE_AT_A_TIME 32.0 2 0.8 PASS None []
ONE_AT_A_TIME 32.0 3 0.8 PASS None []
ONE_AT_A_TIME 32.0 0 0.775 PASS None []
ONE_AT_A_TIME 32.0 1 0.775 PASS None []
ONE_AT_A_TIME 32.0 2 0.775 PASS None []
ONE_AT_A_TIME 32.0 3 0.775 PASS None []
ONE_AT_A_TIME 32.0 0 0.825 PASS None []
ONE_AT_A_TIME 32.0 1 0.825 BLOCKED None [{'kind': 'other_free_wire', 'other_slot': 0, 'status': 'BLOCKED', 'gap_bound_mm': -0.18933746804478563, 'sample_indices': [13022, 8601]}]
ONE_AT_A_TIME 40.0 0 0.8 PASS None []
ONE_AT_A_TIME 40.0 1 0.8 PASS None []
ONE_AT_A_TIME 40.0 2 0.8 PASS None []
ONE_AT_A_TIME 40.0 3 0.8 PASS None []
ONE_AT_A_TIME 40.0 0 0.775 PASS None []
ONE_AT_A_TIME 40.0 1 0.775 PASS None []
ONE_AT_A_TIME 40.0 2 0.775 PASS None []
ONE_AT_A_TIME 40.0 3 0.775 PASS None []
ONE_AT_A_TIME 40.0 0 0.825 PASS None []
ONE_AT_A_TIME 40.0 1 0.825 BLOCKED None [{'kind': 'other_free_wire', 'other_slot': 0, 'status': 'BLOCKED', 'gap_bound_mm': -0.10203070034268293, 'sample_indices': [12984, 8609]}]
ONE_AT_A_TIME -24.0 0 0.8 BLOCKED {'kind': 'active_wire', 'object': 'Pitch_Yoke', 'point_mm': [0.2305996615876822, 17.303106402698905, 202.6297325165541], 'distance_mm': 0.6301257014274597, 'required_mm': 0.6353155728239335, 'temporal_mm': 0.0, 'nominal_margin_mm': 0.3} []
ONE_WIRE_SEQUENCE_DONE BLOCKED None
Blender 5.2.2 LTS (hash d13f752e3b9c built 2026-09-15 01:49:19)

Blender quit
