./src/common/stdpbase.cpp(59): assert ""traits"" failed in Get(): create wxApp before calling this
motion centred /GND
motion centred /CHG_N
10:36:54 AM: Debug: Adding duplicate image handler for 'PNG file'
10:36:54 AM: Debug: Adding duplicate image handler for 'JPEG file'
10:36:54 AM: Debug: Adding duplicate image handler for 'TIFF file'
10:36:54 AM: Debug: Adding duplicate image handler for 'GIF file'
10:36:54 AM: Debug: Adding duplicate image handler for 'PNM file'
10:36:54 AM: Debug: Adding duplicate image handler for 'PCX file'
10:36:54 AM: Debug: Adding duplicate image handler for 'IFF file'
10:36:54 AM: Debug: Adding duplicate image handler for 'Windows icon file'
10:36:54 AM: Debug: Adding duplicate image handler for 'Windows cursor file'
10:36:54 AM: Debug: Adding duplicate image handler for 'Windows animated cursor file'
10:36:54 AM: Debug: Adding duplicate image handler for 'TGA file'
10:36:54 AM: Debug: Adding duplicate image handler for 'XPM file'
motion removed /CLR_N 0b592e07
10:36:59 AM: Debug: Adding duplicate image handler for 'PNG file'
10:36:59 AM: Debug: Adding duplicate image handler for 'JPEG file'
10:36:59 AM: Debug: Adding duplicate image handler for 'TIFF file'
10:36:59 AM: Debug: Adding duplicate image handler for 'GIF file'
10:36:59 AM: Debug: Adding duplicate image handler for 'PNM file'
10:36:59 AM: Debug: Adding duplicate image handler for 'PCX file'
10:36:59 AM: Debug: Adding duplicate image handler for 'IFF file'
10:36:59 AM: Debug: Adding duplicate image handler for 'Windows icon file'
10:36:59 AM: Debug: Adding duplicate image handler for 'Windows cursor file'
10:36:59 AM: Debug: Adding duplicate image handler for 'Windows animated cursor file'
10:36:59 AM: Debug: Adding duplicate image handler for 'TGA file'
10:36:59 AM: Debug: Adding duplicate image handler for 'XPM file'
10:37:01 AM: Debug: Adding duplicate image handler for 'PNG file'
10:37:01 AM: Debug: Adding duplicate image handler for 'JPEG file'
10:37:01 AM: Debug: Adding duplicate image handler for 'TIFF file'
10:37:01 AM: Debug: Adding duplicate image handler for 'GIF file'
10:37:01 AM: Debug: Adding duplicate image handler for 'PNM file'
10:37:01 AM: Debug: Adding duplicate image handler for 'PCX file'
10:37:01 AM: Debug: Adding duplicate image handler for 'IFF file'
10:37:01 AM: Debug: Adding duplicate image handler for 'Windows icon file'
10:37:01 AM: Debug: Adding duplicate image handler for 'Windows cursor file'
10:37:01 AM: Debug: Adding duplicate image handler for 'Windows animated cursor file'
10:37:01 AM: Debug: Adding duplicate image handler for 'TGA file'
10:37:01 AM: Debug: Adding duplicate image handler for 'XPM file'
motion native cleanup 3 accepted edits Counter({'silk_over_copper': 18, 'silk_overlap': 4, 'track_dangling': 3, 'track_angle': 2}) unconnected 0
