./src/common/stdpbase.cpp(59): assert ""traits"" failed in Get(): create wxApp before calling this
motion centred /USER_KEY_N
motion centred /BAT_ADC_IN
motion removed /CHG_N 339625d8
motion removed /CLR_N f93c9d52
motion removed /CLR_N b83d1a7e
motion removed /CLR_N 032989d4
10:24:26 AM: Debug: Adding duplicate image handler for 'PNG file'
10:24:26 AM: Debug: Adding duplicate image handler for 'JPEG file'
10:24:26 AM: Debug: Adding duplicate image handler for 'TIFF file'
10:24:26 AM: Debug: Adding duplicate image handler for 'GIF file'
10:24:26 AM: Debug: Adding duplicate image handler for 'PNM file'
10:24:26 AM: Debug: Adding duplicate image handler for 'PCX file'
10:24:26 AM: Debug: Adding duplicate image handler for 'IFF file'
10:24:26 AM: Debug: Adding duplicate image handler for 'Windows icon file'
10:24:26 AM: Debug: Adding duplicate image handler for 'Windows cursor file'
10:24:26 AM: Debug: Adding duplicate image handler for 'Windows animated cursor file'
10:24:26 AM: Debug: Adding duplicate image handler for 'TGA file'
10:24:26 AM: Debug: Adding duplicate image handler for 'XPM file'
10:24:29 AM: Debug: Adding duplicate image handler for 'PNG file'
10:24:29 AM: Debug: Adding duplicate image handler for 'JPEG file'
10:24:29 AM: Debug: Adding duplicate image handler for 'TIFF file'
10:24:29 AM: Debug: Adding duplicate image handler for 'GIF file'
10:24:29 AM: Debug: Adding duplicate image handler for 'PNM file'
10:24:29 AM: Debug: Adding duplicate image handler for 'PCX file'
10:24:29 AM: Debug: Adding duplicate image handler for 'IFF file'
10:24:29 AM: Debug: Adding duplicate image handler for 'Windows icon file'
10:24:29 AM: Debug: Adding duplicate image handler for 'Windows cursor file'
10:24:29 AM: Debug: Adding duplicate image handler for 'Windows animated cursor file'
10:24:29 AM: Debug: Adding duplicate image handler for 'TGA file'
10:24:29 AM: Debug: Adding duplicate image handler for 'XPM file'
motion removed /CAM_3V3 b1672431
motion removed /CAM_3V3 5e1f6bcc
10:24:36 AM: Debug: Adding duplicate image handler for 'PNG file'
10:24:36 AM: Debug: Adding duplicate image handler for 'JPEG file'
10:24:36 AM: Debug: Adding duplicate image handler for 'TIFF file'
10:24:36 AM: Debug: Adding duplicate image handler for 'GIF file'
10:24:36 AM: Debug: Adding duplicate image handler for 'PNM file'
10:24:36 AM: Debug: Adding duplicate image handler for 'PCX file'
10:24:36 AM: Debug: Adding duplicate image handler for 'IFF file'
10:24:36 AM: Debug: Adding duplicate image handler for 'Windows icon file'
10:24:36 AM: Debug: Adding duplicate image handler for 'Windows cursor file'
10:24:36 AM: Debug: Adding duplicate image handler for 'Windows animated cursor file'
10:24:36 AM: Debug: Adding duplicate image handler for 'TGA file'
10:24:36 AM: Debug: Adding duplicate image handler for 'XPM file'
10:24:38 AM: Debug: Adding duplicate image handler for 'PNG file'
10:24:38 AM: Debug: Adding duplicate image handler for 'JPEG file'
10:24:38 AM: Debug: Adding duplicate image handler for 'TIFF file'
10:24:38 AM: Debug: Adding duplicate image handler for 'GIF file'
10:24:38 AM: Debug: Adding duplicate image handler for 'PNM file'
10:24:38 AM: Debug: Adding duplicate image handler for 'PCX file'
10:24:38 AM: Debug: Adding duplicate image handler for 'IFF file'
10:24:38 AM: Debug: Adding duplicate image handler for 'Windows icon file'
10:24:38 AM: Debug: Adding duplicate image handler for 'Windows cursor file'
10:24:38 AM: Debug: Adding duplicate image handler for 'Windows animated cursor file'
10:24:38 AM: Debug: Adding duplicate image handler for 'TGA file'
10:24:38 AM: Debug: Adding duplicate image handler for 'XPM file'
motion removed /CAM_3V3 0bbc69ab
motion removed /CAM_3V3 d1a89a29
motion removed /CAM_3V3 17b31dde
motion removed /CHG_N b7077504
10:24:50 AM: Debug: Adding duplicate image handler for 'PNG file'
10:24:50 AM: Debug: Adding duplicate image handler for 'JPEG file'
10:24:50 AM: Debug: Adding duplicate image handler for 'TIFF file'
10:24:50 AM: Debug: Adding duplicate image handler for 'GIF file'
10:24:50 AM: Debug: Adding duplicate image handler for 'PNM file'
10:24:50 AM: Debug: Adding duplicate image handler for 'PCX file'
10:24:50 AM: Debug: Adding duplicate image handler for 'IFF file'
10:24:50 AM: Debug: Adding duplicate image handler for 'Windows icon file'
10:24:50 AM: Debug: Adding duplicate image handler for 'Windows cursor file'
10:24:50 AM: Debug: Adding duplicate image handler for 'Windows animated cursor file'
10:24:50 AM: Debug: Adding duplicate image handler for 'TGA file'
10:24:50 AM: Debug: Adding duplicate image handler for 'XPM file'
motion removed /CHG_N a045a25a
motion removed /CHG_N 99807141
10:24:59 AM: Debug: Adding duplicate image handler for 'PNG file'
10:24:59 AM: Debug: Adding duplicate image handler for 'JPEG file'
10:24:59 AM: Debug: Adding duplicate image handler for 'TIFF file'
10:24:59 AM: Debug: Adding duplicate image handler for 'GIF file'
10:24:59 AM: Debug: Adding duplicate image handler for 'PNM file'
10:24:59 AM: Debug: Adding duplicate image handler for 'PCX file'
10:24:59 AM: Debug: Adding duplicate image handler for 'IFF file'
10:24:59 AM: Debug: Adding duplicate image handler for 'Windows icon file'
10:24:59 AM: Debug: Adding duplicate image handler for 'Windows cursor file'
10:24:59 AM: Debug: Adding duplicate image handler for 'Windows animated cursor file'
10:24:59 AM: Debug: Adding duplicate image handler for 'TGA file'
10:24:59 AM: Debug: Adding duplicate image handler for 'XPM file'
10:25:02 AM: Debug: Adding duplicate image handler for 'PNG file'
10:25:02 AM: Debug: Adding duplicate image handler for 'JPEG file'
10:25:02 AM: Debug: Adding duplicate image handler for 'TIFF file'
10:25:02 AM: Debug: Adding duplicate image handler for 'GIF file'
10:25:02 AM: Debug: Adding duplicate image handler for 'PNM file'
10:25:02 AM: Debug: Adding duplicate image handler for 'PCX file'
10:25:02 AM: Debug: Adding duplicate image handler for 'IFF file'
10:25:02 AM: Debug: Adding duplicate image handler for 'Windows icon file'
10:25:02 AM: Debug: Adding duplicate image handler for 'Windows cursor file'
10:25:02 AM: Debug: Adding duplicate image handler for 'Windows animated cursor file'
10:25:02 AM: Debug: Adding duplicate image handler for 'TGA file'
10:25:02 AM: Debug: Adding duplicate image handler for 'XPM file'
10:25:05 AM: Debug: Adding duplicate image handler for 'PNG file'
10:25:05 AM: Debug: Adding duplicate image handler for 'JPEG file'
10:25:05 AM: Debug: Adding duplicate image handler for 'TIFF file'
10:25:05 AM: Debug: Adding duplicate image handler for 'GIF file'
10:25:05 AM: Debug: Adding duplicate image handler for 'PNM file'
10:25:05 AM: Debug: Adding duplicate image handler for 'PCX file'
10:25:05 AM: Debug: Adding duplicate image handler for 'IFF file'
10:25:05 AM: Debug: Adding duplicate image handler for 'Windows icon file'
10:25:05 AM: Debug: Adding duplicate image handler for 'Windows cursor file'
10:25:05 AM: Debug: Adding duplicate image handler for 'Windows animated cursor file'
10:25:05 AM: Debug: Adding duplicate image handler for 'TGA file'
10:25:05 AM: Debug: Adding duplicate image handler for 'XPM file'
10:25:07 AM: Debug: Adding duplicate image handler for 'PNG file'
10:25:07 AM: Debug: Adding duplicate image handler for 'JPEG file'
10:25:07 AM: Debug: Adding duplicate image handler for 'TIFF file'
10:25:07 AM: Debug: Adding duplicate image handler for 'GIF file'
10:25:07 AM: Debug: Adding duplicate image handler for 'PNM file'
10:25:07 AM: Debug: Adding duplicate image handler for 'PCX file'
10:25:07 AM: Debug: Adding duplicate image handler for 'IFF file'
10:25:07 AM: Debug: Adding duplicate image handler for 'Windows icon file'
10:25:07 AM: Debug: Adding duplicate image handler for 'Windows cursor file'
10:25:07 AM: Debug: Adding duplicate image handler for 'Windows animated cursor file'
10:25:07 AM: Debug: Adding duplicate image handler for 'TGA file'
10:25:07 AM: Debug: Adding duplicate image handler for 'XPM file'
motion native cleanup 14 accepted edits Counter({'track_angle': 30, 'silk_over_copper': 18, 'track_dangling': 4, 'silk_overlap': 4, 'starved_thermal': 1, 'track_not_centered_on_via': 1}) unconnected 0
