./src/common/stdpbase.cpp(59): assert ""traits"" failed in Get(): create wxApp before calling this
motion centred /CLR_N
motion removed /CLR_N 94f5b722
motion removed /CURRENT_ADC_IN 7a599582
motion removed /CLR_N f5e4842f
motion removed /CLR_N e43a4b33
motion removed /IMU_SCK db982ed3
motion removed /IMU_SCK 9b860ad8
motion removed /IMU_SCK 89f472ae
10:09:06 AM: Debug: Adding duplicate image handler for 'PNG file'
10:09:06 AM: Debug: Adding duplicate image handler for 'JPEG file'
10:09:06 AM: Debug: Adding duplicate image handler for 'TIFF file'
10:09:06 AM: Debug: Adding duplicate image handler for 'GIF file'
10:09:06 AM: Debug: Adding duplicate image handler for 'PNM file'
10:09:06 AM: Debug: Adding duplicate image handler for 'PCX file'
10:09:06 AM: Debug: Adding duplicate image handler for 'IFF file'
10:09:06 AM: Debug: Adding duplicate image handler for 'Windows icon file'
10:09:06 AM: Debug: Adding duplicate image handler for 'Windows cursor file'
10:09:06 AM: Debug: Adding duplicate image handler for 'Windows animated cursor file'
10:09:06 AM: Debug: Adding duplicate image handler for 'TGA file'
10:09:06 AM: Debug: Adding duplicate image handler for 'XPM file'
10:09:10 AM: Debug: Adding duplicate image handler for 'PNG file'
10:09:10 AM: Debug: Adding duplicate image handler for 'JPEG file'
10:09:10 AM: Debug: Adding duplicate image handler for 'TIFF file'
10:09:10 AM: Debug: Adding duplicate image handler for 'GIF file'
10:09:10 AM: Debug: Adding duplicate image handler for 'PNM file'
10:09:10 AM: Debug: Adding duplicate image handler for 'PCX file'
10:09:10 AM: Debug: Adding duplicate image handler for 'IFF file'
10:09:10 AM: Debug: Adding duplicate image handler for 'Windows icon file'
10:09:10 AM: Debug: Adding duplicate image handler for 'Windows cursor file'
10:09:10 AM: Debug: Adding duplicate image handler for 'Windows animated cursor file'
10:09:10 AM: Debug: Adding duplicate image handler for 'TGA file'
10:09:10 AM: Debug: Adding duplicate image handler for 'XPM file'
10:09:15 AM: Debug: Adding duplicate image handler for 'PNG file'
10:09:15 AM: Debug: Adding duplicate image handler for 'JPEG file'
10:09:15 AM: Debug: Adding duplicate image handler for 'TIFF file'
10:09:15 AM: Debug: Adding duplicate image handler for 'GIF file'
10:09:15 AM: Debug: Adding duplicate image handler for 'PNM file'
10:09:15 AM: Debug: Adding duplicate image handler for 'PCX file'
10:09:15 AM: Debug: Adding duplicate image handler for 'IFF file'
10:09:15 AM: Debug: Adding duplicate image handler for 'Windows icon file'
10:09:15 AM: Debug: Adding duplicate image handler for 'Windows cursor file'
10:09:15 AM: Debug: Adding duplicate image handler for 'Windows animated cursor file'
10:09:15 AM: Debug: Adding duplicate image handler for 'TGA file'
10:09:15 AM: Debug: Adding duplicate image handler for 'XPM file'
motion removed /HEAD_BUS 1a264116
motion removed /USER_KEY_N 91e31342
motion removed /CLR_N 30e80c3a
10:09:33 AM: Debug: Adding duplicate image handler for 'PNG file'
10:09:33 AM: Debug: Adding duplicate image handler for 'JPEG file'
10:09:33 AM: Debug: Adding duplicate image handler for 'TIFF file'
10:09:33 AM: Debug: Adding duplicate image handler for 'GIF file'
10:09:33 AM: Debug: Adding duplicate image handler for 'PNM file'
10:09:33 AM: Debug: Adding duplicate image handler for 'PCX file'
10:09:33 AM: Debug: Adding duplicate image handler for 'IFF file'
10:09:33 AM: Debug: Adding duplicate image handler for 'Windows icon file'
10:09:33 AM: Debug: Adding duplicate image handler for 'Windows cursor file'
10:09:33 AM: Debug: Adding duplicate image handler for 'Windows animated cursor file'
10:09:33 AM: Debug: Adding duplicate image handler for 'TGA file'
10:09:33 AM: Debug: Adding duplicate image handler for 'XPM file'
motion removed /CLR_N a25e86ca
motion removed /USER_KEY_N 50b79389
motion removed /USER_KEY_N 9d12bf07
motion removed /USER_KEY_N bf00ef29
10:09:52 AM: Debug: Adding duplicate image handler for 'PNG file'
10:09:52 AM: Debug: Adding duplicate image handler for 'JPEG file'
10:09:52 AM: Debug: Adding duplicate image handler for 'TIFF file'
10:09:52 AM: Debug: Adding duplicate image handler for 'GIF file'
10:09:52 AM: Debug: Adding duplicate image handler for 'PNM file'
10:09:52 AM: Debug: Adding duplicate image handler for 'PCX file'
10:09:52 AM: Debug: Adding duplicate image handler for 'IFF file'
10:09:52 AM: Debug: Adding duplicate image handler for 'Windows icon file'
10:09:52 AM: Debug: Adding duplicate image handler for 'Windows cursor file'
10:09:52 AM: Debug: Adding duplicate image handler for 'Windows animated cursor file'
10:09:52 AM: Debug: Adding duplicate image handler for 'TGA file'
10:09:52 AM: Debug: Adding duplicate image handler for 'XPM file'
motion removed /CLR_N b23af672
10:10:00 AM: Debug: Adding duplicate image handler for 'PNG file'
10:10:00 AM: Debug: Adding duplicate image handler for 'JPEG file'
10:10:00 AM: Debug: Adding duplicate image handler for 'TIFF file'
10:10:00 AM: Debug: Adding duplicate image handler for 'GIF file'
10:10:00 AM: Debug: Adding duplicate image handler for 'PNM file'
10:10:00 AM: Debug: Adding duplicate image handler for 'PCX file'
10:10:00 AM: Debug: Adding duplicate image handler for 'IFF file'
10:10:00 AM: Debug: Adding duplicate image handler for 'Windows icon file'
10:10:00 AM: Debug: Adding duplicate image handler for 'Windows cursor file'
10:10:00 AM: Debug: Adding duplicate image handler for 'Windows animated cursor file'
10:10:00 AM: Debug: Adding duplicate image handler for 'TGA file'
10:10:00 AM: Debug: Adding duplicate image handler for 'XPM file'
motion removed /CLR_N 82be59db
motion removed /USER_KEY_N 0b885edd
motion removed /USER_KEY_N 07a15094
motion removed /USER_KEY_N d97e322d
motion removed /USER_KEY_N 999e9bcf
10:10:26 AM: Debug: Adding duplicate image handler for 'PNG file'
10:10:26 AM: Debug: Adding duplicate image handler for 'JPEG file'
10:10:26 AM: Debug: Adding duplicate image handler for 'TIFF file'
10:10:26 AM: Debug: Adding duplicate image handler for 'GIF file'
10:10:26 AM: Debug: Adding duplicate image handler for 'PNM file'
10:10:26 AM: Debug: Adding duplicate image handler for 'PCX file'
10:10:26 AM: Debug: Adding duplicate image handler for 'IFF file'
10:10:26 AM: Debug: Adding duplicate image handler for 'Windows icon file'
10:10:26 AM: Debug: Adding duplicate image handler for 'Windows cursor file'
10:10:26 AM: Debug: Adding duplicate image handler for 'Windows animated cursor file'
10:10:26 AM: Debug: Adding duplicate image handler for 'TGA file'
10:10:26 AM: Debug: Adding duplicate image handler for 'XPM file'
motion removed /CLR_N 34ff1e18
10:10:34 AM: Debug: Adding duplicate image handler for 'PNG file'
10:10:34 AM: Debug: Adding duplicate image handler for 'JPEG file'
10:10:34 AM: Debug: Adding duplicate image handler for 'TIFF file'
10:10:34 AM: Debug: Adding duplicate image handler for 'GIF file'
10:10:34 AM: Debug: Adding duplicate image handler for 'PNM file'
10:10:34 AM: Debug: Adding duplicate image handler for 'PCX file'
10:10:34 AM: Debug: Adding duplicate image handler for 'IFF file'
10:10:34 AM: Debug: Adding duplicate image handler for 'Windows icon file'
10:10:34 AM: Debug: Adding duplicate image handler for 'Windows cursor file'
10:10:34 AM: Debug: Adding duplicate image handler for 'Windows animated cursor file'
10:10:34 AM: Debug: Adding duplicate image handler for 'TGA file'
10:10:34 AM: Debug: Adding duplicate image handler for 'XPM file'
10:10:39 AM: Debug: Adding duplicate image handler for 'PNG file'
10:10:39 AM: Debug: Adding duplicate image handler for 'JPEG file'
10:10:39 AM: Debug: Adding duplicate image handler for 'TIFF file'
10:10:39 AM: Debug: Adding duplicate image handler for 'GIF file'
10:10:39 AM: Debug: Adding duplicate image handler for 'PNM file'
10:10:39 AM: Debug: Adding duplicate image handler for 'PCX file'
10:10:39 AM: Debug: Adding duplicate image handler for 'IFF file'
10:10:39 AM: Debug: Adding duplicate image handler for 'Windows icon file'
10:10:39 AM: Debug: Adding duplicate image handler for 'Windows cursor file'
10:10:39 AM: Debug: Adding duplicate image handler for 'Windows animated cursor file'
10:10:39 AM: Debug: Adding duplicate image handler for 'TGA file'
10:10:39 AM: Debug: Adding duplicate image handler for 'XPM file'
10:10:43 AM: Debug: Adding duplicate image handler for 'PNG file'
10:10:43 AM: Debug: Adding duplicate image handler for 'JPEG file'
10:10:43 AM: Debug: Adding duplicate image handler for 'TIFF file'
10:10:43 AM: Debug: Adding duplicate image handler for 'GIF file'
10:10:43 AM: Debug: Adding duplicate image handler for 'PNM file'
10:10:43 AM: Debug: Adding duplicate image handler for 'PCX file'
10:10:43 AM: Debug: Adding duplicate image handler for 'IFF file'
10:10:43 AM: Debug: Adding duplicate image handler for 'Windows icon file'
10:10:43 AM: Debug: Adding duplicate image handler for 'Windows cursor file'
10:10:43 AM: Debug: Adding duplicate image handler for 'Windows animated cursor file'
10:10:43 AM: Debug: Adding duplicate image handler for 'TGA file'
10:10:43 AM: Debug: Adding duplicate image handler for 'XPM file'
motion removed /BAT_ADC_IN 4f3af457
motion native cleanup 23 accepted edits Counter({'track_angle': 30, 'silk_over_copper': 18, 'track_dangling': 5, 'silk_overlap': 4, 'track_not_centered_on_via': 2}) unconnected 2
