./src/common/stdpbase.cpp(59): assert ""traits"" failed in Get(): create wxApp before calling this
motion centred /S288_BUS
motion centred /CLR_N
09:19:03 AM: Debug: Adding duplicate image handler for 'PNG file'
09:19:03 AM: Debug: Adding duplicate image handler for 'JPEG file'
09:19:03 AM: Debug: Adding duplicate image handler for 'TIFF file'
09:19:03 AM: Debug: Adding duplicate image handler for 'GIF file'
09:19:03 AM: Debug: Adding duplicate image handler for 'PNM file'
09:19:03 AM: Debug: Adding duplicate image handler for 'PCX file'
09:19:03 AM: Debug: Adding duplicate image handler for 'IFF file'
09:19:03 AM: Debug: Adding duplicate image handler for 'Windows icon file'
09:19:03 AM: Debug: Adding duplicate image handler for 'Windows cursor file'
09:19:03 AM: Debug: Adding duplicate image handler for 'Windows animated cursor file'
09:19:03 AM: Debug: Adding duplicate image handler for 'TGA file'
09:19:03 AM: Debug: Adding duplicate image handler for 'XPM file'
09:19:05 AM: Debug: Adding duplicate image handler for 'PNG file'
09:19:05 AM: Debug: Adding duplicate image handler for 'JPEG file'
09:19:05 AM: Debug: Adding duplicate image handler for 'TIFF file'
09:19:05 AM: Debug: Adding duplicate image handler for 'GIF file'
09:19:05 AM: Debug: Adding duplicate image handler for 'PNM file'
09:19:05 AM: Debug: Adding duplicate image handler for 'PCX file'
09:19:05 AM: Debug: Adding duplicate image handler for 'IFF file'
09:19:05 AM: Debug: Adding duplicate image handler for 'Windows icon file'
09:19:05 AM: Debug: Adding duplicate image handler for 'Windows cursor file'
09:19:05 AM: Debug: Adding duplicate image handler for 'Windows animated cursor file'
09:19:05 AM: Debug: Adding duplicate image handler for 'TGA file'
09:19:05 AM: Debug: Adding duplicate image handler for 'XPM file'
motion removed /HEAD_BUS 16212fdf
motion removed /+3V3 3ffa6229
motion removed /HEAD_BUS de1956ea
motion removed /IMU_DRDY 97c27c6e
motion removed /CLR_N c7e76e2e
motion removed /IMU_MISO 73f3a2f6
motion removed /LOOP_3V3 76467eec
motion removed /IMU_DRDY dd9b891c
motion removed /IMU_MISO a84ec21f
motion removed /IMU_MISO 8c71c6b2
motion removed /CURRENT_ADC_IN cc03b547
motion removed /CURRENT_ADC_IN 44368bef
motion removed /IMU_DRDY 8f2f6019
motion removed /IMU_DRDY 80e89ee1
motion removed /IMU_DRDY b61bd83b
motion removed /IMU_DRDY 69a8eb7d
motion removed /CLR_N 546a0aa9
motion removed /CLR_N cecd4e7b
motion removed /+3V3 0a0717ad
motion removed /+3V3 e8e2bb78
motion removed /IMU_SCK 8ed71b01
motion removed /LOOP_3V3 9339e76d
motion removed /LOOP_3V3 0ce8a033
motion removed /+3V3 e633783f
motion removed /+3V3 c789c478
motion removed /LOOP_3V3 f71f6336
motion removed /CURRENT_ADC_IN ad4feb07
motion removed /HEAD_BUS db437693
motion removed /HEAD_BUS 3a9211c7
motion removed /CLR_N ee56f51e
motion removed /CLR_N bdf99443
motion removed /CLR_N 861fe664
motion removed /IMU_DRDY 1092fd34
motion removed /CURRENT_ADC_IN fd5256d0
motion removed /CURRENT_ADC_IN e2950ec6
motion removed /CURRENT_ADC_IN 73d34ec8
motion removed /CHG_N 41c3abe4
motion removed /CHG_N c2327dfa
motion removed /CHG_N 6ddd5545
motion removed /CHG_N 92023d3b
motion removed /CURRENT_ADC_IN d5faacb5
motion removed /CURRENT_ADC_IN 8cafc855
motion removed /CURRENT_ADC_IN b96b4321
motion removed /CLR_N 522e0eaa
motion removed /CLR_N 7ed83d70
motion removed /IMU_SCK b7db78c1
motion removed /HEAD_BUS 1451c80b
motion removed /HEAD_BUS dc3f1b5f
motion removed /HEAD_BUS c9e870de
motion removed /HEAD_BUS 4ebc4073
motion removed /HEAD_BUS 0ad76790
motion removed /LOOP_3V3 78a810eb
motion removed /LOOP_3V3 066ba67f
motion removed /LOOP_3V3 10cf147f
motion removed /LOOP_3V3 cc4eccb0
motion removed /LOOP_3V3 c8bb6a71
motion removed /LOOP_3V3 2fa2b32f
motion removed /LOOP_3V3 2d6db04e
motion removed /LOOP_3V3 469dd4fd
09:21:39 AM: Debug: Adding duplicate image handler for 'PNG file'
09:21:39 AM: Debug: Adding duplicate image handler for 'JPEG file'
09:21:39 AM: Debug: Adding duplicate image handler for 'TIFF file'
09:21:39 AM: Debug: Adding duplicate image handler for 'GIF file'
09:21:39 AM: Debug: Adding duplicate image handler for 'PNM file'
09:21:39 AM: Debug: Adding duplicate image handler for 'PCX file'
09:21:39 AM: Debug: Adding duplicate image handler for 'IFF file'
09:21:39 AM: Debug: Adding duplicate image handler for 'Windows icon file'
09:21:39 AM: Debug: Adding duplicate image handler for 'Windows cursor file'
09:21:39 AM: Debug: Adding duplicate image handler for 'Windows animated cursor file'
09:21:39 AM: Debug: Adding duplicate image handler for 'TGA file'
09:21:39 AM: Debug: Adding duplicate image handler for 'XPM file'
motion removed /WHEEL_ADC_IN 50e18516
09:21:46 AM: Debug: Adding duplicate image handler for 'PNG file'
09:21:46 AM: Debug: Adding duplicate image handler for 'JPEG file'
09:21:46 AM: Debug: Adding duplicate image handler for 'TIFF file'
09:21:46 AM: Debug: Adding duplicate image handler for 'GIF file'
09:21:46 AM: Debug: Adding duplicate image handler for 'PNM file'
09:21:46 AM: Debug: Adding duplicate image handler for 'PCX file'
09:21:46 AM: Debug: Adding duplicate image handler for 'IFF file'
09:21:46 AM: Debug: Adding duplicate image handler for 'Windows icon file'
09:21:46 AM: Debug: Adding duplicate image handler for 'Windows cursor file'
09:21:46 AM: Debug: Adding duplicate image handler for 'Windows animated cursor file'
09:21:46 AM: Debug: Adding duplicate image handler for 'TGA file'
09:21:46 AM: Debug: Adding duplicate image handler for 'XPM file'
motion removed /CAM_RX ee139a0e
motion removed /CAM_RX e13e3b39
motion removed /CAM_RX c63c1061
motion removed /CAM_RX 9f81f67b
motion removed /WHEEL_ADC_IN a1e45b56
09:22:08 AM: Debug: Adding duplicate image handler for 'PNG file'
09:22:08 AM: Debug: Adding duplicate image handler for 'JPEG file'
09:22:08 AM: Debug: Adding duplicate image handler for 'TIFF file'
09:22:08 AM: Debug: Adding duplicate image handler for 'GIF file'
09:22:08 AM: Debug: Adding duplicate image handler for 'PNM file'
09:22:08 AM: Debug: Adding duplicate image handler for 'PCX file'
09:22:08 AM: Debug: Adding duplicate image handler for 'IFF file'
09:22:08 AM: Debug: Adding duplicate image handler for 'Windows icon file'
09:22:08 AM: Debug: Adding duplicate image handler for 'Windows cursor file'
09:22:08 AM: Debug: Adding duplicate image handler for 'Windows animated cursor file'
09:22:08 AM: Debug: Adding duplicate image handler for 'TGA file'
09:22:08 AM: Debug: Adding duplicate image handler for 'XPM file'
motion removed /CURRENT_ADC_IN dd58bf80
motion removed /CAM_3V3 34fb2a6e
motion removed /IMU_MISO 541abde3
motion removed /IMU_MISO 4657d783
motion removed /HEAD_BUS 5d9025c0
motion removed /HEAD_BUS e334f72a
motion removed /HEAD_BUS db4ecd00
09:22:39 AM: Debug: Adding duplicate image handler for 'PNG file'
09:22:39 AM: Debug: Adding duplicate image handler for 'JPEG file'
09:22:39 AM: Debug: Adding duplicate image handler for 'TIFF file'
09:22:39 AM: Debug: Adding duplicate image handler for 'GIF file'
09:22:39 AM: Debug: Adding duplicate image handler for 'PNM file'
09:22:39 AM: Debug: Adding duplicate image handler for 'PCX file'
09:22:39 AM: Debug: Adding duplicate image handler for 'IFF file'
09:22:39 AM: Debug: Adding duplicate image handler for 'Windows icon file'
09:22:39 AM: Debug: Adding duplicate image handler for 'Windows cursor file'
09:22:39 AM: Debug: Adding duplicate image handler for 'Windows animated cursor file'
09:22:39 AM: Debug: Adding duplicate image handler for 'TGA file'
09:22:39 AM: Debug: Adding duplicate image handler for 'XPM file'
motion removed /HEAD_BUS fb6fb437
motion removed /HEAD_BUS 7e685afb
motion removed /IMU_CS 1bcc1d16
motion removed /IMU_CS b4c593d5
motion removed /IMU_CS cfcf5e05
motion removed /IMU_CS ac2aff9a
motion removed /IMU_CS a8ec31ee
motion removed /IMU_CS 13f6be93
motion removed /CURRENT_ADC_IN 482445a7
motion removed /USER_KEY_N a362516f
motion removed /CURRENT_ADC_IN 0117ead5
motion removed /CURRENT_ADC_IN 55afc3de
motion removed /CURRENT_ADC_IN eac52f02
motion removed /CURRENT_ADC_IN 66c2410a
motion removed /CURRENT_ADC_IN e49dcfe7
motion removed /USER_KEY_N 332e8032
motion removed /USER_KEY_N 57913143
motion removed /BAT_ADC_IN 71a8c61f
motion removed /IMU_SCK 3ea85ff0
motion removed /CLR_N a1b809ef
motion removed /CAM_3V3 c9ed2c55
motion removed /CHG_N 06bd6eef
motion removed /CHG_N 13948da7
motion removed /IMU_SCK 402c928a
09:24:08 AM: Debug: Adding duplicate image handler for 'PNG file'
09:24:08 AM: Debug: Adding duplicate image handler for 'JPEG file'
09:24:08 AM: Debug: Adding duplicate image handler for 'TIFF file'
09:24:08 AM: Debug: Adding duplicate image handler for 'GIF file'
09:24:08 AM: Debug: Adding duplicate image handler for 'PNM file'
09:24:08 AM: Debug: Adding duplicate image handler for 'PCX file'
09:24:08 AM: Debug: Adding duplicate image handler for 'IFF file'
09:24:08 AM: Debug: Adding duplicate image handler for 'Windows icon file'
09:24:08 AM: Debug: Adding duplicate image handler for 'Windows cursor file'
09:24:08 AM: Debug: Adding duplicate image handler for 'Windows animated cursor file'
09:24:08 AM: Debug: Adding duplicate image handler for 'TGA file'
09:24:08 AM: Debug: Adding duplicate image handler for 'XPM file'
motion removed /WHEEL_ADC_IN 44c723e4
09:24:15 AM: Debug: Adding duplicate image handler for 'PNG file'
09:24:15 AM: Debug: Adding duplicate image handler for 'JPEG file'
09:24:15 AM: Debug: Adding duplicate image handler for 'TIFF file'
09:24:15 AM: Debug: Adding duplicate image handler for 'GIF file'
09:24:15 AM: Debug: Adding duplicate image handler for 'PNM file'
09:24:15 AM: Debug: Adding duplicate image handler for 'PCX file'
09:24:15 AM: Debug: Adding duplicate image handler for 'IFF file'
09:24:15 AM: Debug: Adding duplicate image handler for 'Windows icon file'
09:24:15 AM: Debug: Adding duplicate image handler for 'Windows cursor file'
09:24:15 AM: Debug: Adding duplicate image handler for 'Windows animated cursor file'
09:24:15 AM: Debug: Adding duplicate image handler for 'TGA file'
09:24:15 AM: Debug: Adding duplicate image handler for 'XPM file'
motion removed /CHG_N 26673761
motion removed /USER_KEY_N 53fb92b8
09:24:24 AM: Debug: Adding duplicate image handler for 'PNG file'
09:24:24 AM: Debug: Adding duplicate image handler for 'JPEG file'
09:24:24 AM: Debug: Adding duplicate image handler for 'TIFF file'
09:24:24 AM: Debug: Adding duplicate image handler for 'GIF file'
09:24:24 AM: Debug: Adding duplicate image handler for 'PNM file'
09:24:24 AM: Debug: Adding duplicate image handler for 'PCX file'
09:24:24 AM: Debug: Adding duplicate image handler for 'IFF file'
09:24:24 AM: Debug: Adding duplicate image handler for 'Windows icon file'
09:24:24 AM: Debug: Adding duplicate image handler for 'Windows cursor file'
09:24:24 AM: Debug: Adding duplicate image handler for 'Windows animated cursor file'
09:24:24 AM: Debug: Adding duplicate image handler for 'TGA file'
09:24:24 AM: Debug: Adding duplicate image handler for 'XPM file'
motion removed /CURRENT_ADC_IN b78002a4
motion removed /CURRENT_ADC_IN 0c685836
motion removed /CURRENT_ADC_IN c089e1b3
09:24:34 AM: Debug: Adding duplicate image handler for 'PNG file'
09:24:34 AM: Debug: Adding duplicate image handler for 'JPEG file'
09:24:34 AM: Debug: Adding duplicate image handler for 'TIFF file'
09:24:34 AM: Debug: Adding duplicate image handler for 'GIF file'
09:24:34 AM: Debug: Adding duplicate image handler for 'PNM file'
09:24:34 AM: Debug: Adding duplicate image handler for 'PCX file'
09:24:34 AM: Debug: Adding duplicate image handler for 'IFF file'
09:24:34 AM: Debug: Adding duplicate image handler for 'Windows icon file'
09:24:34 AM: Debug: Adding duplicate image handler for 'Windows cursor file'
09:24:34 AM: Debug: Adding duplicate image handler for 'Windows animated cursor file'
09:24:34 AM: Debug: Adding duplicate image handler for 'TGA file'
09:24:34 AM: Debug: Adding duplicate image handler for 'XPM file'
09:24:36 AM: Debug: Adding duplicate image handler for 'PNG file'
09:24:36 AM: Debug: Adding duplicate image handler for 'JPEG file'
09:24:36 AM: Debug: Adding duplicate image handler for 'TIFF file'
09:24:36 AM: Debug: Adding duplicate image handler for 'GIF file'
09:24:36 AM: Debug: Adding duplicate image handler for 'PNM file'
09:24:36 AM: Debug: Adding duplicate image handler for 'PCX file'
09:24:36 AM: Debug: Adding duplicate image handler for 'IFF file'
09:24:36 AM: Debug: Adding duplicate image handler for 'Windows icon file'
09:24:36 AM: Debug: Adding duplicate image handler for 'Windows cursor file'
09:24:36 AM: Debug: Adding duplicate image handler for 'Windows animated cursor file'
09:24:36 AM: Debug: Adding duplicate image handler for 'TGA file'
09:24:36 AM: Debug: Adding duplicate image handler for 'XPM file'
09:24:39 AM: Debug: Adding duplicate image handler for 'PNG file'
09:24:39 AM: Debug: Adding duplicate image handler for 'JPEG file'
09:24:39 AM: Debug: Adding duplicate image handler for 'TIFF file'
09:24:39 AM: Debug: Adding duplicate image handler for 'GIF file'
09:24:39 AM: Debug: Adding duplicate image handler for 'PNM file'
09:24:39 AM: Debug: Adding duplicate image handler for 'PCX file'
09:24:39 AM: Debug: Adding duplicate image handler for 'IFF file'
09:24:39 AM: Debug: Adding duplicate image handler for 'Windows icon file'
09:24:39 AM: Debug: Adding duplicate image handler for 'Windows cursor file'
09:24:39 AM: Debug: Adding duplicate image handler for 'Windows animated cursor file'
09:24:39 AM: Debug: Adding duplicate image handler for 'TGA file'
09:24:39 AM: Debug: Adding duplicate image handler for 'XPM file'
motion removed /CHG_N a8673407
motion removed /CHG_N 48db53d4
motion removed /CHG_N a42afa50
09:24:50 AM: Debug: Adding duplicate image handler for 'PNG file'
09:24:50 AM: Debug: Adding duplicate image handler for 'JPEG file'
09:24:50 AM: Debug: Adding duplicate image handler for 'TIFF file'
09:24:50 AM: Debug: Adding duplicate image handler for 'GIF file'
09:24:50 AM: Debug: Adding duplicate image handler for 'PNM file'
09:24:50 AM: Debug: Adding duplicate image handler for 'PCX file'
09:24:50 AM: Debug: Adding duplicate image handler for 'IFF file'
09:24:50 AM: Debug: Adding duplicate image handler for 'Windows icon file'
09:24:50 AM: Debug: Adding duplicate image handler for 'Windows cursor file'
09:24:50 AM: Debug: Adding duplicate image handler for 'Windows animated cursor file'
09:24:50 AM: Debug: Adding duplicate image handler for 'TGA file'
09:24:50 AM: Debug: Adding duplicate image handler for 'XPM file'
09:24:54 AM: Debug: Adding duplicate image handler for 'PNG file'
09:24:54 AM: Debug: Adding duplicate image handler for 'JPEG file'
09:24:54 AM: Debug: Adding duplicate image handler for 'TIFF file'
09:24:54 AM: Debug: Adding duplicate image handler for 'GIF file'
09:24:54 AM: Debug: Adding duplicate image handler for 'PNM file'
09:24:54 AM: Debug: Adding duplicate image handler for 'PCX file'
09:24:54 AM: Debug: Adding duplicate image handler for 'IFF file'
09:24:54 AM: Debug: Adding duplicate image handler for 'Windows icon file'
09:24:54 AM: Debug: Adding duplicate image handler for 'Windows cursor file'
09:24:54 AM: Debug: Adding duplicate image handler for 'Windows animated cursor file'
09:24:54 AM: Debug: Adding duplicate image handler for 'TGA file'
09:24:54 AM: Debug: Adding duplicate image handler for 'XPM file'
motion removed /CURRENT_ADC_IN f52aa8ea
motion removed /CURRENT_ADC_IN 61747afb
motion removed /CURRENT_ADC_IN a51fa2dc
motion removed /CAM_RX cb018649
09:25:13 AM: Debug: Adding duplicate image handler for 'PNG file'
09:25:13 AM: Debug: Adding duplicate image handler for 'JPEG file'
09:25:13 AM: Debug: Adding duplicate image handler for 'TIFF file'
09:25:13 AM: Debug: Adding duplicate image handler for 'GIF file'
09:25:13 AM: Debug: Adding duplicate image handler for 'PNM file'
09:25:13 AM: Debug: Adding duplicate image handler for 'PCX file'
09:25:13 AM: Debug: Adding duplicate image handler for 'IFF file'
09:25:13 AM: Debug: Adding duplicate image handler for 'Windows icon file'
09:25:13 AM: Debug: Adding duplicate image handler for 'Windows cursor file'
09:25:13 AM: Debug: Adding duplicate image handler for 'Windows animated cursor file'
09:25:13 AM: Debug: Adding duplicate image handler for 'TGA file'
09:25:13 AM: Debug: Adding duplicate image handler for 'XPM file'
motion removed /CAM_3V3 317f0e41
09:25:22 AM: Debug: Adding duplicate image handler for 'PNG file'
09:25:22 AM: Debug: Adding duplicate image handler for 'JPEG file'
09:25:22 AM: Debug: Adding duplicate image handler for 'TIFF file'
09:25:22 AM: Debug: Adding duplicate image handler for 'GIF file'
09:25:22 AM: Debug: Adding duplicate image handler for 'PNM file'
09:25:22 AM: Debug: Adding duplicate image handler for 'PCX file'
09:25:22 AM: Debug: Adding duplicate image handler for 'IFF file'
09:25:22 AM: Debug: Adding duplicate image handler for 'Windows icon file'
09:25:22 AM: Debug: Adding duplicate image handler for 'Windows cursor file'
09:25:22 AM: Debug: Adding duplicate image handler for 'Windows animated cursor file'
09:25:22 AM: Debug: Adding duplicate image handler for 'TGA file'
09:25:22 AM: Debug: Adding duplicate image handler for 'XPM file'
motion removed /IMU_SCK d9b3d5ea
motion removed /IMU_SCK 14035d86
motion removed /IMU_SCK dc3308ea
09:25:37 AM: Debug: Adding duplicate image handler for 'PNG file'
09:25:37 AM: Debug: Adding duplicate image handler for 'JPEG file'
09:25:37 AM: Debug: Adding duplicate image handler for 'TIFF file'
09:25:37 AM: Debug: Adding duplicate image handler for 'GIF file'
09:25:37 AM: Debug: Adding duplicate image handler for 'PNM file'
09:25:37 AM: Debug: Adding duplicate image handler for 'PCX file'
09:25:37 AM: Debug: Adding duplicate image handler for 'IFF file'
09:25:37 AM: Debug: Adding duplicate image handler for 'Windows icon file'
09:25:37 AM: Debug: Adding duplicate image handler for 'Windows cursor file'
09:25:37 AM: Debug: Adding duplicate image handler for 'Windows animated cursor file'
09:25:37 AM: Debug: Adding duplicate image handler for 'TGA file'
09:25:37 AM: Debug: Adding duplicate image handler for 'XPM file'
motion removed /CURRENT_ADC_IN e2bd6f18
motion removed /CURRENT_ADC_IN 12212acd
motion removed /CHG_N a9bd075d
09:25:51 AM: Debug: Adding duplicate image handler for 'PNG file'
09:25:51 AM: Debug: Adding duplicate image handler for 'JPEG file'
09:25:51 AM: Debug: Adding duplicate image handler for 'TIFF file'
09:25:51 AM: Debug: Adding duplicate image handler for 'GIF file'
09:25:51 AM: Debug: Adding duplicate image handler for 'PNM file'
09:25:51 AM: Debug: Adding duplicate image handler for 'PCX file'
09:25:51 AM: Debug: Adding duplicate image handler for 'IFF file'
09:25:51 AM: Debug: Adding duplicate image handler for 'Windows icon file'
09:25:51 AM: Debug: Adding duplicate image handler for 'Windows cursor file'
09:25:51 AM: Debug: Adding duplicate image handler for 'Windows animated cursor file'
09:25:51 AM: Debug: Adding duplicate image handler for 'TGA file'
09:25:51 AM: Debug: Adding duplicate image handler for 'XPM file'
motion removed /FAULT_N 22edb7c2
motion removed /FAULT_N 387b4ca3
motion removed /USER_KEY_N 114e71ae
09:26:05 AM: Debug: Adding duplicate image handler for 'PNG file'
09:26:05 AM: Debug: Adding duplicate image handler for 'JPEG file'
09:26:05 AM: Debug: Adding duplicate image handler for 'TIFF file'
09:26:05 AM: Debug: Adding duplicate image handler for 'GIF file'
09:26:05 AM: Debug: Adding duplicate image handler for 'PNM file'
09:26:05 AM: Debug: Adding duplicate image handler for 'PCX file'
09:26:05 AM: Debug: Adding duplicate image handler for 'IFF file'
09:26:05 AM: Debug: Adding duplicate image handler for 'Windows icon file'
09:26:05 AM: Debug: Adding duplicate image handler for 'Windows cursor file'
09:26:05 AM: Debug: Adding duplicate image handler for 'Windows animated cursor file'
09:26:05 AM: Debug: Adding duplicate image handler for 'TGA file'
09:26:05 AM: Debug: Adding duplicate image handler for 'XPM file'
motion removed /CURRENT_ADC_IN a2ee1001
09:26:11 AM: Debug: Adding duplicate image handler for 'PNG file'
09:26:11 AM: Debug: Adding duplicate image handler for 'JPEG file'
09:26:11 AM: Debug: Adding duplicate image handler for 'TIFF file'
09:26:11 AM: Debug: Adding duplicate image handler for 'GIF file'
09:26:11 AM: Debug: Adding duplicate image handler for 'PNM file'
09:26:11 AM: Debug: Adding duplicate image handler for 'PCX file'
09:26:11 AM: Debug: Adding duplicate image handler for 'IFF file'
09:26:11 AM: Debug: Adding duplicate image handler for 'Windows icon file'
09:26:11 AM: Debug: Adding duplicate image handler for 'Windows cursor file'
09:26:11 AM: Debug: Adding duplicate image handler for 'Windows animated cursor file'
09:26:11 AM: Debug: Adding duplicate image handler for 'TGA file'
09:26:11 AM: Debug: Adding duplicate image handler for 'XPM file'
motion removed /USER_KEY_N 81efcfd3
motion removed /USER_KEY_N e8782b71
motion removed /USER_KEY_N f0c0665f
motion removed /USER_KEY_N 527acddf
motion removed /USER_KEY_N 9714f8f6
motion removed /USER_KEY_N 8fe8e99d
motion removed /USER_KEY_N 164416dc
motion removed /USER_KEY_N f0367e0e
09:26:40 AM: Debug: Adding duplicate image handler for 'PNG file'
09:26:40 AM: Debug: Adding duplicate image handler for 'JPEG file'
09:26:40 AM: Debug: Adding duplicate image handler for 'TIFF file'
09:26:40 AM: Debug: Adding duplicate image handler for 'GIF file'
09:26:40 AM: Debug: Adding duplicate image handler for 'PNM file'
09:26:40 AM: Debug: Adding duplicate image handler for 'PCX file'
09:26:40 AM: Debug: Adding duplicate image handler for 'IFF file'
09:26:40 AM: Debug: Adding duplicate image handler for 'Windows icon file'
09:26:40 AM: Debug: Adding duplicate image handler for 'Windows cursor file'
09:26:40 AM: Debug: Adding duplicate image handler for 'Windows animated cursor file'
09:26:40 AM: Debug: Adding duplicate image handler for 'TGA file'
09:26:40 AM: Debug: Adding duplicate image handler for 'XPM file'
motion removed /USER_KEY_N 8da5fb21
motion removed /CURRENT_ADC_IN 56c050e1
09:26:50 AM: Debug: Adding duplicate image handler for 'PNG file'
09:26:50 AM: Debug: Adding duplicate image handler for 'JPEG file'
09:26:50 AM: Debug: Adding duplicate image handler for 'TIFF file'
09:26:50 AM: Debug: Adding duplicate image handler for 'GIF file'
09:26:50 AM: Debug: Adding duplicate image handler for 'PNM file'
09:26:50 AM: Debug: Adding duplicate image handler for 'PCX file'
09:26:50 AM: Debug: Adding duplicate image handler for 'IFF file'
09:26:50 AM: Debug: Adding duplicate image handler for 'Windows icon file'
09:26:50 AM: Debug: Adding duplicate image handler for 'Windows cursor file'
09:26:50 AM: Debug: Adding duplicate image handler for 'Windows animated cursor file'
09:26:50 AM: Debug: Adding duplicate image handler for 'TGA file'
09:26:50 AM: Debug: Adding duplicate image handler for 'XPM file'
motion removed /USER_KEY_N 97b28df0
motion removed /BAT_ADC_IN 084148fd
09:26:59 AM: Debug: Adding duplicate image handler for 'PNG file'
09:26:59 AM: Debug: Adding duplicate image handler for 'JPEG file'
09:26:59 AM: Debug: Adding duplicate image handler for 'TIFF file'
09:26:59 AM: Debug: Adding duplicate image handler for 'GIF file'
09:26:59 AM: Debug: Adding duplicate image handler for 'PNM file'
09:26:59 AM: Debug: Adding duplicate image handler for 'PCX file'
09:26:59 AM: Debug: Adding duplicate image handler for 'IFF file'
09:26:59 AM: Debug: Adding duplicate image handler for 'Windows icon file'
09:26:59 AM: Debug: Adding duplicate image handler for 'Windows cursor file'
09:26:59 AM: Debug: Adding duplicate image handler for 'Windows animated cursor file'
09:26:59 AM: Debug: Adding duplicate image handler for 'TGA file'
09:26:59 AM: Debug: Adding duplicate image handler for 'XPM file'
motion native cleanup 134 accepted edits Counter({'silk_over_copper': 17, 'track_angle': 14, 'track_dangling': 7, 'starved_thermal': 6, 'silk_overlap': 4, 'track_not_centered_on_via': 2}) unconnected 3
