./src/common/stdpbase.cpp(59): assert ""traits"" failed in Get(): create wxApp before calling this
Connecting motion 1 /USER_KEY_N clusters 1 1
local route /USER_KEY_N segments 24 vias 2 nodes 172688
Connecting motion 2 /USER_KEY_N clusters 1 28
local route /USER_KEY_N segments 17 vias 1 nodes 57988
Connecting motion 3 /CHG_N clusters 1 1
local route /CHG_N segments 21 vias 3 nodes 49421
Connecting motion 4 /CHG_N clusters 1 26
local route /CHG_N segments 14 vias 1 nodes 40824
Connecting motion 5 /CHG_N clusters 1 42
local route /CHG_N segments 43 vias 7 nodes 627079
Connecting motion 6 /CLR_N clusters 1 1
local route /CLR_N segments 2 vias 0 nodes 25
Connecting motion 7 /CLR_N clusters 1 4
local route /CLR_N segments 1 vias 0 nodes 20
Connecting motion 8 /CLR_N clusters 1 6
local route /CLR_N segments 5 vias 0 nodes 97
Connecting motion 9 /CLR_N clusters 1 1
BLOCKED CLUSTERS /CLR_N ["('blocked start', '/CLR_N', (12.55, 11.75))"]
Connecting motion 10 /CLR_N clusters 1 12
BLOCKED CLUSTERS /CLR_N ["('blocked start', '/CLR_N', (12.55, 11.75))"]
Connecting motion 11 /CLR_N clusters 1 12
BLOCKED CLUSTERS /CLR_N ["('no route', '/CLR_N', 113)"]
Connecting motion 12 /CLR_N clusters 1 1
BLOCKED CLUSTERS /CLR_N ["('no route', '/CLR_N', 111)"]
Connecting motion 13 /CLR_N clusters 1 1
BLOCKED CLUSTERS /CLR_N ["('no route', '/CLR_N', 266908)"]
