./src/common/stdpbase.cpp(59): assert ""traits"" failed in Get(): create wxApp before calling this
motion ground regions 5 [161, 13, 4, 2, 1]
local route /GND segments 14 vias 2 nodes 15303
motion ground regions 3 [196, 2, 1]
ground bridge candidate (35.5, 13.0, 2) (34.5, 12.0, 2) ('no route', '/GND', 774)
ground bridge candidate (36.0, 13.75, 2) (34.5, 12.0, 2) ('no route', '/GND', 774)
ground bridge candidate (36.75, 13.5, 2) (34.5, 12.0, 2) ('no route', '/GND', 894)
ground bridge candidate (36.75, 14.25, 2) (34.5, 12.0, 2) ('no route', '/GND', 774)
local route /GND segments 2 vias 1 nodes 3034
motion ground regions 3 [199, 2, 1]
ground bridge candidate (35.5, 13.0, 2) (34.5, 12.0, 2) ('no route', '/GND', 774)
ground bridge candidate (36.0, 13.75, 2) (34.5, 12.0, 2) ('no route', '/GND', 774)
ground bridge candidate (36.75, 13.5, 2) (34.5, 12.0, 2) ('no route', '/GND', 894)
ground bridge candidate (36.75, 14.25, 2) (34.5, 12.0, 2) ('no route', '/GND', 774)
local route /GND segments 2 vias 0 nodes 3034
motion ground regions 3 [200, 2, 1]
ground bridge candidate (35.5, 13.0, 2) (34.5, 12.0, 2) ('no route', '/GND', 774)
ground bridge candidate (36.0, 13.75, 2) (34.5, 12.0, 2) ('no route', '/GND', 774)
ground bridge candidate (36.75, 13.5, 2) (34.5, 12.0, 2) ('no route', '/GND', 894)
ground bridge candidate (36.75, 14.25, 2) (34.5, 12.0, 2) ('no route', '/GND', 774)
local route /GND segments 2 vias 0 nodes 3034
motion ground regions 3 [201, 2, 1]
ground bridge candidate (35.5, 13.0, 2) (34.5, 12.0, 2) ('no route', '/GND', 774)
ground bridge candidate (36.0, 13.75, 2) (34.5, 12.0, 2) ('no route', '/GND', 774)
ground bridge candidate (36.75, 13.5, 2) (34.5, 12.0, 2) ('no route', '/GND', 894)
ground bridge candidate (36.75, 14.25, 2) (34.5, 12.0, 2) ('no route', '/GND', 774)
local route /GND segments 2 vias 0 nodes 3034
motion ground regions 3 [202, 2, 1]
ground bridge candidate (35.5, 13.0, 2) (34.5, 12.0, 2) ('no route', '/GND', 774)
ground bridge candidate (36.0, 13.75, 2) (34.5, 12.0, 2) ('no route', '/GND', 774)
ground bridge candidate (36.75, 13.5, 2) (34.5, 12.0, 2) ('no route', '/GND', 894)
ground bridge candidate (36.75, 14.25, 2) (34.5, 12.0, 2) ('no route', '/GND', 774)
local route /GND segments 2 vias 0 nodes 3034
