./src/common/stdpbase.cpp(59): assert ""traits"" failed in Get(): create wxApp before calling this
09:12:32 AM: Debug: Adding duplicate image handler for 'PNG file'
09:12:32 AM: Debug: Adding duplicate image handler for 'JPEG file'
09:12:32 AM: Debug: Adding duplicate image handler for 'TIFF file'
09:12:32 AM: Debug: Adding duplicate image handler for 'GIF file'
09:12:32 AM: Debug: Adding duplicate image handler for 'PNM file'
09:12:32 AM: Debug: Adding duplicate image handler for 'PCX file'
09:12:32 AM: Debug: Adding duplicate image handler for 'IFF file'
09:12:32 AM: Debug: Adding duplicate image handler for 'Windows icon file'
09:12:32 AM: Debug: Adding duplicate image handler for 'Windows cursor file'
09:12:32 AM: Debug: Adding duplicate image handler for 'Windows animated cursor file'
09:12:32 AM: Debug: Adding duplicate image handler for 'TGA file'
09:12:32 AM: Debug: Adding duplicate image handler for 'XPM file'
local route /HEAD_BUS segments 10 vias 3 nodes 162977
RIPUP ROUTE /HEAD_BUS displaced 1 items ['/CLR_N']
09:12:38 AM: Debug: Adding duplicate image handler for 'PNG file'
09:12:38 AM: Debug: Adding duplicate image handler for 'JPEG file'
09:12:38 AM: Debug: Adding duplicate image handler for 'TIFF file'
09:12:38 AM: Debug: Adding duplicate image handler for 'GIF file'
09:12:38 AM: Debug: Adding duplicate image handler for 'PNM file'
09:12:38 AM: Debug: Adding duplicate image handler for 'PCX file'
09:12:38 AM: Debug: Adding duplicate image handler for 'IFF file'
09:12:38 AM: Debug: Adding duplicate image handler for 'Windows icon file'
09:12:38 AM: Debug: Adding duplicate image handler for 'Windows cursor file'
09:12:38 AM: Debug: Adding duplicate image handler for 'Windows animated cursor file'
09:12:38 AM: Debug: Adding duplicate image handler for 'TGA file'
09:12:38 AM: Debug: Adding duplicate image handler for 'XPM file'
local route /CURRENT_ADC_IN segments 21 vias 2 nodes 116019
RIPUP ROUTE /CURRENT_ADC_IN displaced 2 items ['/CLR_N']
09:12:45 AM: Debug: Adding duplicate image handler for 'PNG file'
09:12:45 AM: Debug: Adding duplicate image handler for 'JPEG file'
09:12:45 AM: Debug: Adding duplicate image handler for 'TIFF file'
09:12:45 AM: Debug: Adding duplicate image handler for 'GIF file'
09:12:45 AM: Debug: Adding duplicate image handler for 'PNM file'
09:12:45 AM: Debug: Adding duplicate image handler for 'PCX file'
09:12:45 AM: Debug: Adding duplicate image handler for 'IFF file'
09:12:45 AM: Debug: Adding duplicate image handler for 'Windows icon file'
09:12:45 AM: Debug: Adding duplicate image handler for 'Windows cursor file'
09:12:45 AM: Debug: Adding duplicate image handler for 'Windows animated cursor file'
09:12:45 AM: Debug: Adding duplicate image handler for 'TGA file'
09:12:45 AM: Debug: Adding duplicate image handler for 'XPM file'
local route /WHEEL_ADC_IN segments 28 vias 4 nodes 55079
RIPUP ROUTE /WHEEL_ADC_IN displaced 0 items []
09:12:49 AM: Debug: Adding duplicate image handler for 'PNG file'
09:12:49 AM: Debug: Adding duplicate image handler for 'JPEG file'
09:12:49 AM: Debug: Adding duplicate image handler for 'TIFF file'
09:12:49 AM: Debug: Adding duplicate image handler for 'GIF file'
09:12:49 AM: Debug: Adding duplicate image handler for 'PNM file'
09:12:49 AM: Debug: Adding duplicate image handler for 'PCX file'
09:12:49 AM: Debug: Adding duplicate image handler for 'IFF file'
09:12:49 AM: Debug: Adding duplicate image handler for 'Windows icon file'
09:12:49 AM: Debug: Adding duplicate image handler for 'Windows cursor file'
09:12:49 AM: Debug: Adding duplicate image handler for 'Windows animated cursor file'
09:12:49 AM: Debug: Adding duplicate image handler for 'TGA file'
09:12:49 AM: Debug: Adding duplicate image handler for 'XPM file'
local route /BAT_ADC_IN segments 21 vias 1 nodes 167106
RIPUP ROUTE /BAT_ADC_IN displaced 4 items ['/+3V3', '/CHG_N', '/IMU_SCK']
