./src/common/stdpbase.cpp(59): assert ""traits"" failed in Get(): create wxApp before calling this
10:23:56 AM: Debug: Adding duplicate image handler for 'PNG file'
10:23:56 AM: Debug: Adding duplicate image handler for 'JPEG file'
10:23:56 AM: Debug: Adding duplicate image handler for 'TIFF file'
10:23:56 AM: Debug: Adding duplicate image handler for 'GIF file'
10:23:56 AM: Debug: Adding duplicate image handler for 'PNM file'
10:23:56 AM: Debug: Adding duplicate image handler for 'PCX file'
10:23:56 AM: Debug: Adding duplicate image handler for 'IFF file'
10:23:56 AM: Debug: Adding duplicate image handler for 'Windows icon file'
10:23:56 AM: Debug: Adding duplicate image handler for 'Windows cursor file'
10:23:56 AM: Debug: Adding duplicate image handler for 'Windows animated cursor file'
10:23:56 AM: Debug: Adding duplicate image handler for 'TGA file'
10:23:56 AM: Debug: Adding duplicate image handler for 'XPM file'
10:23:58 AM: Debug: Adding duplicate image handler for 'PNG file'
10:23:58 AM: Debug: Adding duplicate image handler for 'JPEG file'
10:23:58 AM: Debug: Adding duplicate image handler for 'TIFF file'
10:23:58 AM: Debug: Adding duplicate image handler for 'GIF file'
10:23:58 AM: Debug: Adding duplicate image handler for 'PNM file'
10:23:58 AM: Debug: Adding duplicate image handler for 'PCX file'
10:23:58 AM: Debug: Adding duplicate image handler for 'IFF file'
10:23:58 AM: Debug: Adding duplicate image handler for 'Windows icon file'
10:23:58 AM: Debug: Adding duplicate image handler for 'Windows cursor file'
10:23:58 AM: Debug: Adding duplicate image handler for 'Windows animated cursor file'
10:23:58 AM: Debug: Adding duplicate image handler for 'TGA file'
10:23:58 AM: Debug: Adding duplicate image handler for 'XPM file'
10:24:01 AM: Debug: Adding duplicate image handler for 'PNG file'
10:24:01 AM: Debug: Adding duplicate image handler for 'JPEG file'
10:24:01 AM: Debug: Adding duplicate image handler for 'TIFF file'
10:24:01 AM: Debug: Adding duplicate image handler for 'GIF file'
10:24:01 AM: Debug: Adding duplicate image handler for 'PNM file'
10:24:01 AM: Debug: Adding duplicate image handler for 'PCX file'
10:24:01 AM: Debug: Adding duplicate image handler for 'IFF file'
10:24:01 AM: Debug: Adding duplicate image handler for 'Windows icon file'
10:24:01 AM: Debug: Adding duplicate image handler for 'Windows cursor file'
10:24:01 AM: Debug: Adding duplicate image handler for 'Windows animated cursor file'
10:24:01 AM: Debug: Adding duplicate image handler for 'TGA file'
10:24:01 AM: Debug: Adding duplicate image handler for 'XPM file'
10:24:04 AM: Debug: Adding duplicate image handler for 'PNG file'
10:24:04 AM: Debug: Adding duplicate image handler for 'JPEG file'
10:24:04 AM: Debug: Adding duplicate image handler for 'TIFF file'
10:24:04 AM: Debug: Adding duplicate image handler for 'GIF file'
10:24:04 AM: Debug: Adding duplicate image handler for 'PNM file'
10:24:04 AM: Debug: Adding duplicate image handler for 'PCX file'
10:24:04 AM: Debug: Adding duplicate image handler for 'IFF file'
10:24:04 AM: Debug: Adding duplicate image handler for 'Windows icon file'
10:24:04 AM: Debug: Adding duplicate image handler for 'Windows cursor file'
10:24:04 AM: Debug: Adding duplicate image handler for 'Windows animated cursor file'
10:24:04 AM: Debug: Adding duplicate image handler for 'TGA file'
10:24:04 AM: Debug: Adding duplicate image handler for 'XPM file'
motion remaining thermals 1
