2026-09-22 23:04:55.752 INFO   Freerouting v2.4.1 (build-date: 2026-09-03)
2026-09-22 23:04:57.116 INFO   [4E966F\38E36E] Loading board file 'MORI_power_P3.dsn'...
2026-09-22 23:04:57.208 INFO   [4E966F\38E36E] Job '4E966F\38E36E' started at 2026-09-22T15:04:57.208128Z.
2026-09-22 23:04:57.317 INFO   [4E966F\38E36E] Auto-routing stage started on board 'f5fe3b96058f69ff677db26b56f81528' for 58 unrouted items.
2026-09-22 23:05:01.430 INFO   [4E966F\38E36E] Auto-routing pass #1 on board 'f5fe3b96058f69ff677db26b56f81528' was completed in 3.80 seconds with score 725.11 (53 unrouted and 25 violations), using 3.90 CPU seconds and the job allocated 59.47 GB of memory so far.
2026-09-22 23:05:04.615 INFO   [4E966F\38E36E] Auto-routing pass #2 on board '1d90660ce363a9208fa394d0b3974dfa' was completed in 2.93 seconds with score 725.11 (53 unrouted and 25 violations), using 6.84 CPU seconds and the job allocated 113.41 GB of memory so far.
2026-09-22 23:05:07.596 INFO   [4E966F\38E36E] Auto-routing pass #3 on board '1d90660ce363a9208fa394d0b3974dfa' was completed in 2.87 seconds with score 725.11 (53 unrouted and 25 violations), using 9.78 CPU seconds and the job allocated 169.37 GB of memory so far.
2026-09-22 23:05:10.707 INFO   [4E966F\38E36E] Auto-routing pass #4 on board '1d90660ce363a9208fa394d0b3974dfa' was completed in 3.00 seconds with score 725.11 (53 unrouted and 25 violations), using 12.72 CPU seconds and the job allocated 224.04 GB of memory so far.
2026-09-22 23:05:13.671 INFO   [4E966F\38E36E] Auto-routing pass #5 on board '1d90660ce363a9208fa394d0b3974dfa' was completed in 2.85 seconds with score 725.11 (53 unrouted and 25 violations), using 15.66 CPU seconds and the job allocated 279.48 GB of memory so far.
2026-09-22 23:05:16.636 INFO   [4E966F\38E36E] Auto-routing pass #6 on board '1d90660ce363a9208fa394d0b3974dfa' was completed in 2.85 seconds with score 725.11 (53 unrouted and 25 violations), using 18.61 CPU seconds and the job allocated 336.27 GB of memory so far.
2026-09-22 23:05:19.593 INFO   [4E966F\38E36E] Auto-routing pass #7 on board '1d90660ce363a9208fa394d0b3974dfa' was completed in 2.84 seconds with score 725.11 (53 unrouted and 25 violations), using 21.55 CPU seconds and the job allocated 392.80 GB of memory so far.
2026-09-22 23:05:22.640 INFO   [4E966F\38E36E] Auto-routing pass #8 on board '1d90660ce363a9208fa394d0b3974dfa' was completed in 2.93 seconds with score 725.11 (53 unrouted and 25 violations), using 24.49 CPU seconds and the job allocated 447.67 GB of memory so far.
2026-09-22 23:05:25.602 INFO   [4E966F\38E36E] Auto-routing pass #9 on board '1d90660ce363a9208fa394d0b3974dfa' was completed in 2.85 seconds with score 725.11 (53 unrouted and 25 violations), using 27.43 CPU seconds and the job allocated 504.15 GB of memory so far.
2026-09-22 23:05:28.556 INFO   [4E966F\38E36E] Auto-routing pass #10 on board '1d90660ce363a9208fa394d0b3974dfa' was completed in 2.84 seconds with score 725.11 (53 unrouted and 25 violations), using 30.37 CPU seconds and the job allocated 560.99 GB of memory so far.
2026-09-22 23:05:31.511 INFO   [4E966F\38E36E] Auto-routing pass #11 on board '1d90660ce363a9208fa394d0b3974dfa' was completed in 2.84 seconds with score 725.11 (53 unrouted and 25 violations), using 33.31 CPU seconds and the job allocated 617.49 GB of memory so far.
2026-09-22 23:05:35.669 INFO   [4E966F\38E36E] Auto-routing pass #12 on board '1d90660ce363a9208fa394d0b3974dfa' was completed in 4.04 seconds with score 725.11 (53 unrouted and 25 violations), using 36.96 CPU seconds and the job allocated 670.68 GB of memory so far.
2026-09-22 23:05:38.621 INFO   [4E966F\38E36E] Auto-routing pass #13 on board '1d90660ce363a9208fa394d0b3974dfa' was completed in 2.84 seconds with score 725.11 (53 unrouted and 25 violations), using 39.90 CPU seconds and the job allocated 727.44 GB of memory so far.
2026-09-22 23:05:41.574 INFO   [4E966F\38E36E] Auto-routing pass #14 on board '1d90660ce363a9208fa394d0b3974dfa' was completed in 2.84 seconds with score 725.11 (53 unrouted and 25 violations), using 42.84 CPU seconds and the job allocated 783.99 GB of memory so far.
2026-09-22 23:05:44.572 INFO   [4E966F\38E36E] Auto-routing pass #15 on board '1d90660ce363a9208fa394d0b3974dfa' was completed in 2.88 seconds with score 725.11 (53 unrouted and 25 violations), using 45.78 CPU seconds and the job allocated 839.85 GB of memory so far.
2026-09-22 23:05:47.533 INFO   [4E966F\38E36E] Auto-routing pass #16 on board '1d90660ce363a9208fa394d0b3974dfa' was completed in 2.85 seconds with score 725.11 (53 unrouted and 25 violations), using 48.72 CPU seconds and the job allocated 896.33 GB of memory so far.
2026-09-22 23:05:51.189 INFO   [4E966F\38E36E] Auto-routing pass #17 on board '1d90660ce363a9208fa394d0b3974dfa' was completed in 3.54 seconds with score 725.11 (53 unrouted and 25 violations), using 51.54 CPU seconds and the job allocated 942.57 GB of memory so far.
2026-09-22 23:05:54.535 INFO   [4E966F\38E36E] Auto-routing pass #18 on board '1d90660ce363a9208fa394d0b3974dfa' was completed in 3.10 seconds with score 725.11 (53 unrouted and 25 violations), using 55.36 CPU seconds and the job allocated 1007.87 GB of memory so far.
2026-09-22 23:05:54.553 INFO   [4E966F\38E36E] The router's score (725.11) has not improved by more than 0.5 points in the last 10 passes (53 items still unconnected). Stopping the auto-router.
The following connections could not be routed -- please review your design (e.g. check pad clearances, trace width rules, and available routing space):
  Net '/C5_FB' (2 unrouted connections):
    - R70-2  ->  C75-2
    - C75-2  ->  U70-4
  Net '/+5V_CAM' (3 unrouted connections):
    - C75-1  ->  via
    - via  ->  R70-1
    - J18-1  ->  via
  Net '/+5V_MOTION' (2 unrouted connections):
    - J17-1  ->  via
    - L60-2  ->  via
  Net '/M5_FB' (2 unrouted connections):
    - R60-2  ->  C65-2
    - C65-2  ->  U60-4
  Net '/BAT_MON' (2 unrouted connections):
    - R2-2  ->  C2-1
    - F70-1  ->  via
  Net '/M5_VIN' (2 unrouted connections):
    - via  ->  C60-1
    - via  ->  F60-2
  Net '/C5_VIN' (3 unrouted connections):
    - via  ->  C71-1
    - C76-1  ->  C70-1
    - via  ->  F70-2
  Net '/+3V3' (1 unrouted connection):
    - via  ->  C1-1
  Net '/ARM_Q' (3 unrouted connections):
    - via  ->  Q31-1
    - via  ->  R54-1
    - via  ->  Q11-1
  Net '/BAT_ADC' (1 unrouted connection):
    - J10-5  ->  R51-1
  Net '/WHEEL_ADC' (1 unrouted connection):
    - J10-6  ->  R52-2
  Net '/CURRENT_ADC' (1 unrouted connection):
    - U1-1  ->  J10-7
  Net '/W_VM' (3 unrouted connections):
    - Q10-7  ->  Q10-6
    - U20-8  ->  J7-2
    - Q10-7  ->  R52-1
  Net '/W_BUS' (1 unrouted connection):
    - J13-1  ->  J7-3
  Net '/BAT_IN' (3 unrouted connections):
    - Q1-6  ->  Q1-5
    - Q1-7  ->  Q1-6
    - Q1-8  ->  J1-2
  Net '/H_VM' (4 unrouted connections):
    - J9-2  ->  R41-1
    - C40-1  ->  R44-1
    - C40-1  ->  U40-8
    - C30-1  ->  Q30-7
  Net '/W_BRAKE_GATE' (1 unrouted connection):
    - D20-1  ->  via
  Net '/W_SENSE' (1 unrouted connection):
    - R23-2  ->  R21-2
  Net '/H_BRAKE_GATE' (2 unrouted connections):
    - via  ->  R43-1
    - Q40-1  ->  via
  Net '/BAT_REV' (3 unrouted connections):
    - R3-1  ->  D1-1
    - R3-1  ->  R2-1
    - Q1-3  ->  D1-1
  Net '/W_OVSENSE' (1 unrouted connection):
    - C21-1  ->  R25-2
  Net '/W_REF' (3 unrouted connections):
    - via  ->  U21-2
    - U21-1  ->  via
    - U21-2  ->  R20-2
  Net '/H_REF' (1 unrouted connection):
    - U40-5  ->  U40-2
  Net '/H_SENSE' (2 unrouted connections):
    - via  ->  U40-3
    - R41-2  ->  R42-1
  Net '/W_GATE' (2 unrouted connections):
    - R11-1  ->  R10-1
    - Q10-4  ->  R10-1
  Net '/W_GATE_LOW' (1 unrouted connection):
    - Q11-3  ->  R11-2
  Net '/W_PRE' (2 unrouted connections):
    - Q10-1  ->  Q10-2
    - Q10-1  ->  via
2026-09-22 23:05:54.770 INFO   [4E966F\38E36E] Auto-routing stage completed: started with 58 unrouted nets, completed in 57.42 seconds, final score: 725.11 (53 unrouted and 25 violations), using 55.36 total CPU seconds, 1007.87 GB total allocated, and 523.8 MB peak heap usage.
2026-09-22 23:05:54.876 INFO   [4E966F\38E36E] Optimization stage started on board '1d90660ce363a9208fa394d0b3974dfa' with score 725.11 (53 unrouted and 25 violations).
2026-09-22 23:05:57.526 INFO   [4E966F\38E36E] Optimizer pass #1 on board 'fc49509869c74d50fdee76c9bc294771' was completed in 2.32 seconds with the score of 725.11 (53 unrouted and 25 violations).
2026-09-22 23:06:00.091 INFO   [4E966F\38E36E] Optimizer pass #2 on board 'fc49509869c74d50fdee76c9bc294771' was completed in 2.13 seconds with the score of 725.11 (53 unrouted and 25 violations).
2026-09-22 23:06:00.194 INFO   [4E966F\38E36E] Stopping optimizer because the improvement in this pass (0.0000%) is below the threshold (1.00%).
2026-09-22 23:06:00.297 INFO   [4E966F\38E36E] Optimization stage completed: started with score 725.11 (53 unrouted and 25 violations), completed in 5.32 seconds, final score: 725.11 (53 unrouted and 25 violations), using 5.20 total CPU seconds, 105.93 GB total allocated, and 391.5 MB peak heap usage.
2026-09-22 23:06:00.307 INFO   [4E966F\38E36E] Job '4E966F\38E36E' finished with state: COMPLETED (elapsed: 1 minute 3.10 seconds, finished at UTC: 2026-09-22T15:06:00.307511Z).
2026-09-22 23:06:00.392 INFO   Saving output file '/Users/dean/Documents/MORI/hardware/v1_2/kicad/MORI_power_P3/MORI_power_P3.ses' (SES)...
2026-09-22 23:06:00.394 INFO   Successfully saved output file '/Users/dean/Documents/MORI/hardware/v1_2/kicad/MORI_power_P3/MORI_power_P3.ses' (113015 bytes).
