./src/common/stdpbase.cpp(59): assert ""traits"" failed in Get(): create wxApp before calling this
10:03:16 PM: Debug: Adding duplicate image handler for 'PNG file'
10:03:16 PM: Debug: Adding duplicate image handler for 'JPEG file'
10:03:16 PM: Debug: Adding duplicate image handler for 'TIFF file'
10:03:16 PM: Debug: Adding duplicate image handler for 'GIF file'
10:03:16 PM: Debug: Adding duplicate image handler for 'PNM file'
10:03:16 PM: Debug: Adding duplicate image handler for 'PCX file'
10:03:16 PM: Debug: Adding duplicate image handler for 'IFF file'
10:03:16 PM: Debug: Adding duplicate image handler for 'Windows icon file'
10:03:16 PM: Debug: Adding duplicate image handler for 'Windows cursor file'
10:03:16 PM: Debug: Adding duplicate image handler for 'Windows animated cursor file'
10:03:16 PM: Debug: Adding duplicate image handler for 'TGA file'
10:03:16 PM: Debug: Adding duplicate image handler for 'XPM file'
10:03:16 PM: Debug: Adding duplicate image handler for 'PNG file'
10:03:16 PM: Debug: Adding duplicate image handler for 'JPEG file'
10:03:16 PM: Debug: Adding duplicate image handler for 'TIFF file'
10:03:16 PM: Debug: Adding duplicate image handler for 'GIF file'
10:03:16 PM: Debug: Adding duplicate image handler for 'PNM file'
10:03:16 PM: Debug: Adding duplicate image handler for 'PCX file'
10:03:16 PM: Debug: Adding duplicate image handler for 'IFF file'
10:03:16 PM: Debug: Adding duplicate image handler for 'Windows icon file'
10:03:16 PM: Debug: Adding duplicate image handler for 'Windows cursor file'
10:03:16 PM: Debug: Adding duplicate image handler for 'Windows animated cursor file'
10:03:16 PM: Debug: Adding duplicate image handler for 'TGA file'
10:03:16 PM: Debug: Adding duplicate image handler for 'XPM file'
motion components 49 foreign-net candidates 0 own-pin escapes 31 U100 exceptions 403
{
  "source_pcb_sha256": "7d690b89cd582f22a6b7652fbfcb6372ae3a8d01ab5c0443af223df1f63ae027",
  "output_pcb_sha256": "d0937f31fe610d0eacecf0a95fab267f99536f028613bc4f393917e2ab77a4c2",
  "before": {
    "tracks": 507,
    "vias": 98,
    "track_length_mm": 1222.135
  },
  "after": {
    "tracks": 488,
    "vias": 96,
    "track_length_mm": 1205.263
  },
  "pad_net_map_identical": true,
  "changed_placements": {
    "C2": {
      "before": {
        "position": [
          24.5,
          22.75
        ],
        "angle": 0.0,
        "layer": "B.Cu"
      },
      "after": {
        "position": [
          24.25,
          22.75
        ],
        "angle": 0.0,
        "layer": "B.Cu"
      }
    }
  },
  "inner_signal_tracks": 0,
  "drc_exclusions": []
}
