00:00.494  blend            | Read blend: "/Users/dean/Documents/MORI/mechanical/mori_v1_2.blend"
KEEPER_SCREEN Z130_R19.5 signal passes 0 seconds 0.2
KEEPER_SCREEN Z130_R19.5 power_sample passes 0 seconds 0.4
KEEPER_SCREEN Z130_R22.5 signal passes 0 seconds 0.6
KEEPER_SCREEN Z130_R22.5 power_sample passes 0 seconds 0.7
KEEPER_SCREEN Z130_R25.5 signal passes 0 seconds 1.1
KEEPER_SCREEN Z130_R25.5 power_sample passes 0 seconds 1.3
KEEPER_SCREEN Z135_R19.5 signal passes 0 seconds 1.5
KEEPER_SCREEN Z135_R19.5 power_sample passes 0 seconds 1.7
KEEPER_SCREEN Z135_R22.5 signal passes 0 seconds 1.9
KEEPER_SCREEN Z135_R22.5 power_sample passes 0 seconds 2.1
KEEPER_SCREEN Z135_R25.5 signal passes 0 seconds 2.4
KEEPER_SCREEN Z135_R25.5 power_sample passes 0 seconds 2.6
KEEPER_SCREEN Z140_R19.5 signal passes 0 seconds 3.0
KEEPER_SCREEN Z140_R19.5 power_sample passes 0 seconds 3.3
KEEPER_SCREEN Z140_R22.5 signal passes 0 seconds 3.5
KEEPER_SCREEN Z140_R22.5 power_sample passes 0 seconds 3.6
KEEPER_SCREEN Z140_R25.5 signal passes 0 seconds 3.8
KEEPER_SCREEN Z140_R25.5 power_sample passes 0 seconds 4.0
KEEPER_SCREEN_DONE BLOCKED {'Yaw_Anti_Lift_Keeper': 1084, 'Plug_power_J4': 7, 'CAM_Mainboard': 107, 'Plug_power_J5': 41, 'Power_Module': 43, 'Head_Rear': 11, 'CAM_Mount_Screw_2': 1, 'Yaw_Keeper_Screw_1': 1, 'Yaw_Keeper_Screw_0': 1} 7.9
Blender 5.2.2 LTS (hash d13f752e3b9c built 2026-09-15 01:49:19)

Blender quit
