00:00.394  blend            | Read blend: "/Users/dean/Documents/MORI/mechanical/mori_v1_2.blend"
CAM_FORMING 0.0 PASS []
CAM_FORMING 0.025 PASS []
CAM_FORMING 0.05 PASS []
CAM_FORMING 0.075 PASS []
CAM_FORMING 0.1 PASS []
CAM_FORMING 0.125 PASS []
CAM_FORMING 0.15 PASS []
CAM_FORMING 0.175 PASS []
CAM_FORMING 0.2 PASS []
CAM_FORMING 0.225 PASS []
CAM_FORMING 0.25 PASS []
CAM_FORMING 0.275 PASS []
CAM_FORMING 0.3 PASS []
CAM_FORMING 0.325 PASS []
CAM_FORMING 0.35 PASS []
CAM_FORMING 0.375 PASS []
CAM_FORMING 0.4 PASS []
CAM_FORMING 0.425 PASS []
CAM_FORMING 0.45 PASS []
CAM_FORMING 0.475 PASS []
CAM_FORMING 0.5 PASS []
CAM_FORMING 0.525 PASS []
CAM_FORMING 0.55 PASS []
CAM_FORMING 0.575 PASS []
CAM_FORMING 0.6 PASS []
CAM_FORMING 0.625 PASS []
CAM_FORMING 0.65 PASS []
CAM_FORMING 0.675 PASS []
CAM_FORMING 0.7 PASS []
CAM_FORMING 0.725 PASS []
CAM_FORMING 0.75 BLOCKED [{'slot': 0, 'object': 'Pitch_Yoke', 'point_index': 3013, 'point_mm': [-11.600000143051147, 19.64365894369813, 187.41110508834737], 'distance_mm': 0.6436595916748047, 'required_mm': 0.6478043482543716}]
CAM_FORMING 0.775 BLOCKED [{'slot': 0, 'object': 'Pitch_Yoke', 'point_index': 2848, 'point_mm': [-11.482719164527072, 19.615150026569644, 187.52592758362837], 'distance_mm': 0.6151504516601562, 'required_mm': 0.6478802222147438}]
CAM_FORMING 0.8 BLOCKED [{'slot': 0, 'object': 'Pitch_Yoke', 'point_index': 2672, 'point_mm': [-10.344804117963035, 19.643366397357326, 189.86377781154474], 'distance_mm': 0.6433658599853516, 'required_mm': 0.6481741736987131}]
CAM_FORMING 0.825 BLOCKED [{'slot': 0, 'object': 'Yaw_Reaction_Link', 'point_index': 3080, 'point_mm': [-11.600000143051147, 4.9963170331985465, 189.62830014117864], 'distance_mm': 0.6369322538375854, 'required_mm': 0.6478058795043761}]
CAM_FORMING 0.85 BLOCKED [{'slot': 0, 'object': 'Yaw_Reaction_Link', 'point_index': 2894, 'point_mm': [-11.078047532672185, 6.074688192814465, 189.49804733251742], 'distance_mm': 0.6394273042678833, 'required_mm': 0.6481328961988286}]
CAM_FORMING 0.875 BLOCKED [{'slot': 0, 'object': 'Yaw_Reaction_Link', 'point_index': 2680, 'point_mm': [-9.769022520365729, 8.0187194180191, 193.2916890651776], 'distance_mm': 0.638579785823822, 'required_mm': 0.6478430923290998}]
CAM_FORMING 0.9 BLOCKED [{'slot': 0, 'object': 'Yaw_Reaction_Link', 'point_index': 2545, 'point_mm': [-9.712500143051148, 7.786969489129477, 196.4500481806625], 'distance_mm': 0.6394744515419006, 'required_mm': 0.6478095559948128}]
CAM_FORMING 0.925 BLOCKED [{'slot': 0, 'object': 'Yaw_Reaction_Link', 'point_index': 2605, 'point_mm': [-9.712500143051148, 1.8267544071840156, 196.6370725793569], 'distance_mm': 0.6370697021484375, 'required_mm': 0.6478100664114748}]
CAM_FORMING 0.95 PASS []
CAM_FORMING 0.975 PASS []
CAM_FORMING 1.0 PASS []
CAM_WIRE_FORMING_DONE BLOCKED
Blender 5.2.2 LTS (hash d13f752e3b9c built 2026-09-15 01:49:19)

Blender quit
