00:00.394  blend            | Read blend: "/Users/dean/Documents/MORI/mechanical/mori_v1_2.blend"
00:01.137  render           | Saved: '/Users/dean/Documents/MORI/mechanical/renders/parts/Battery.png'
PART_PREVIEW 1 180 MORI_V1__Battery
00:01.567  render           | Saved: '/Users/dean/Documents/MORI/mechanical/renders/parts/Battery_Pad_-38.0.png'
PART_PREVIEW 2 180 MORI_V1__Battery_Pad_-38.0
00:02.000  render           | Saved: '/Users/dean/Documents/MORI/mechanical/renders/parts/Battery_Pad_38.0.png'
PART_PREVIEW 3 180 MORI_V1__Battery_Pad_38.0
00:02.457  render           | Saved: '/Users/dean/Documents/MORI/mechanical/renders/parts/Battery_Pad_Base.png'
PART_PREVIEW 4 180 MORI_V1__Battery_Pad_Base
00:02.984  render           | Saved: '/Users/dean/Documents/MORI/mechanical/renders/parts/Battery_Retainer_Insert_-1.png'
PART_PREVIEW 5 180 MORI_V1__Battery_Retainer_Insert_-1
00:03.485  render           | Saved: '/Users/dean/Documents/MORI/mechanical/renders/parts/Battery_Retainer_Insert_1.png'
PART_PREVIEW 6 180 MORI_V1__Battery_Retainer_Insert_1
00:03.974  render           | Saved: '/Users/dean/Documents/MORI/mechanical/renders/parts/Battery_Retainer_Screw_-1.png'
PART_PREVIEW 7 180 MORI_V1__Battery_Retainer_Screw_-1
00:04.437  render           | Saved: '/Users/dean/Documents/MORI/mechanical/renders/parts/Battery_Retainer_Screw_1.png'
PART_PREVIEW 8 180 MORI_V1__Battery_Retainer_Screw_1
00:04.927  render           | Saved: '/Users/dean/Documents/MORI/mechanical/renders/parts/Battery_Tray.png'
PART_PREVIEW 9 180 MORI_V1__Battery_Tray
00:05.435  render           | Saved: '/Users/dean/Documents/MORI/mechanical/renders/parts/Body_IMU.png'
PART_PREVIEW 10 180 MORI_V1__Body_IMU
00:06.017  render           | Saved: '/Users/dean/Documents/MORI/mechanical/renders/parts/Body_Lower.png'
PART_PREVIEW 11 180 MORI_V1__Body_Lower
00:06.535  render           | Saved: '/Users/dean/Documents/MORI/mechanical/renders/parts/Body_Upper.png'
PART_PREVIEW 12 180 MORI_V1__Body_Upper
00:07.037  render           | Saved: '/Users/dean/Documents/MORI/mechanical/renders/parts/CAM_Mainboard.png'
PART_PREVIEW 13 180 MORI_V1__CAM_Mainboard
00:07.625  render           | Saved: '/Users/dean/Documents/MORI/mechanical/renders/parts/Camera_Lens.png'
PART_PREVIEW 14 180 MORI_V1__Camera_Lens
00:08.197  render           | Saved: '/Users/dean/Documents/MORI/mechanical/renders/parts/Camera_PCB.png'
PART_PREVIEW 15 180 MORI_V1__Camera_PCB
00:08.761  render           | Saved: '/Users/dean/Documents/MORI/mechanical/renders/parts/Camera_Window.png'
PART_PREVIEW 16 180 MORI_V1__Camera_Window
00:09.254  render           | Saved: '/Users/dean/Documents/MORI/mechanical/renders/parts/Carrier_Insert_0.png'
PART_PREVIEW 17 180 MORI_V1__Carrier_Insert_0
00:09.730  render           | Saved: '/Users/dean/Documents/MORI/mechanical/renders/parts/Carrier_Insert_1.png'
PART_PREVIEW 18 180 MORI_V1__Carrier_Insert_1
00:10.192  render           | Saved: '/Users/dean/Documents/MORI/mechanical/renders/parts/Carrier_Insert_2.png'
PART_PREVIEW 19 180 MORI_V1__Carrier_Insert_2
00:10.677  render           | Saved: '/Users/dean/Documents/MORI/mechanical/renders/parts/Carrier_Insert_3.png'
PART_PREVIEW 20 180 MORI_V1__Carrier_Insert_3
00:11.186  render           | Saved: '/Users/dean/Documents/MORI/mechanical/renders/parts/Carrier_Screw_0.png'
PART_PREVIEW 21 180 MORI_V1__Carrier_Screw_0
00:11.715  render           | Saved: '/Users/dean/Documents/MORI/mechanical/renders/parts/Carrier_Screw_1.png'
PART_PREVIEW 22 180 MORI_V1__Carrier_Screw_1
00:12.203  render           | Saved: '/Users/dean/Documents/MORI/mechanical/renders/parts/Carrier_Screw_2.png'
PART_PREVIEW 23 180 MORI_V1__Carrier_Screw_2
00:12.681  render           | Saved: '/Users/dean/Documents/MORI/mechanical/renders/parts/Carrier_Screw_3.png'
PART_PREVIEW 24 180 MORI_V1__Carrier_Screw_3
00:13.251  render           | Saved: '/Users/dean/Documents/MORI/mechanical/renders/parts/Coupon_Insert.png'
PART_PREVIEW 25 180 MORI_V1__Coupon_Insert
00:13.832  render           | Saved: '/Users/dean/Documents/MORI/mechanical/renders/parts/Coupon_Mating_Tab.png'
PART_PREVIEW 26 180 MORI_V1__Coupon_Mating_Tab
00:14.320  render           | Saved: '/Users/dean/Documents/MORI/mechanical/renders/parts/Coupon_Plane_Fit.png'
PART_PREVIEW 27 180 MORI_V1__Coupon_Plane_Fit
00:14.831  render           | Saved: '/Users/dean/Documents/MORI/mechanical/renders/parts/Coupon_Wheel_Fit.png'
PART_PREVIEW 28 180 MORI_V1__Coupon_Wheel_Fit
00:15.396  render           | Saved: '/Users/dean/Documents/MORI/mechanical/renders/parts/Display_Frame.png'
PART_PREVIEW 29 180 MORI_V1__Display_Frame
00:16.280  render           | Saved: '/Users/dean/Documents/MORI/mechanical/renders/parts/Display_PCB.png'
PART_PREVIEW 30 180 MORI_V1__Display_PCB
00:16.813  render           | Saved: '/Users/dean/Documents/MORI/mechanical/renders/parts/Dock_Pad_0.png'
PART_PREVIEW 31 180 MORI_V1__Dock_Pad_0
00:17.342  render           | Saved: '/Users/dean/Documents/MORI/mechanical/renders/parts/Dock_Pad_1.png'
PART_PREVIEW 32 180 MORI_V1__Dock_Pad_1
00:17.917  render           | Saved: '/Users/dean/Documents/MORI/mechanical/renders/parts/Dock_Pad_2.png'
PART_PREVIEW 33 180 MORI_V1__Dock_Pad_2
00:18.580  render           | Saved: '/Users/dean/Documents/MORI/mechanical/renders/parts/Dock_Pad_3.png'
PART_PREVIEW 34 180 MORI_V1__Dock_Pad_3
00:19.175  render           | Saved: '/Users/dean/Documents/MORI/mechanical/renders/parts/Drive_Bridge.png'
PART_PREVIEW 35 180 MORI_V1__Drive_Bridge
00:19.715  render           | Saved: '/Users/dean/Documents/MORI/mechanical/renders/parts/Drive_L_-8_Nut.png'
PART_PREVIEW 36 180 MORI_V1__Drive_L_-8_Nut
00:20.235  render           | Saved: '/Users/dean/Documents/MORI/mechanical/renders/parts/Drive_L_-8_Screw.png'
PART_PREVIEW 37 180 MORI_V1__Drive_L_-8_Screw
00:20.757  render           | Saved: '/Users/dean/Documents/MORI/mechanical/renders/parts/Drive_L_8_Nut.png'
PART_PREVIEW 38 180 MORI_V1__Drive_L_8_Nut
00:21.287  render           | Saved: '/Users/dean/Documents/MORI/mechanical/renders/parts/Drive_L_8_Screw.png'
PART_PREVIEW 39 180 MORI_V1__Drive_L_8_Screw
00:21.965  render           | Saved: '/Users/dean/Documents/MORI/mechanical/renders/parts/Drive_Motor_L.png'
PART_PREVIEW 40 180 MORI_V1__Drive_Motor_L
00:22.786  render           | Saved: '/Users/dean/Documents/MORI/mechanical/renders/parts/Drive_Motor_R.png'
PART_PREVIEW 41 180 MORI_V1__Drive_Motor_R
00:23.327  render           | Saved: '/Users/dean/Documents/MORI/mechanical/renders/parts/Drive_R_-8_Nut.png'
PART_PREVIEW 42 180 MORI_V1__Drive_R_-8_Nut
00:23.838  render           | Saved: '/Users/dean/Documents/MORI/mechanical/renders/parts/Drive_R_-8_Screw.png'
PART_PREVIEW 43 180 MORI_V1__Drive_R_-8_Screw
00:24.352  render           | Saved: '/Users/dean/Documents/MORI/mechanical/renders/parts/Drive_R_8_Nut.png'
PART_PREVIEW 44 180 MORI_V1__Drive_R_8_Nut
00:24.859  render           | Saved: '/Users/dean/Documents/MORI/mechanical/renders/parts/Drive_R_8_Screw.png'
PART_PREVIEW 45 180 MORI_V1__Drive_R_8_Screw
00:25.397  render           | Saved: '/Users/dean/Documents/MORI/mechanical/renders/parts/Face_Joint_-1_0.0_Nut.png'
PART_PREVIEW 46 180 MORI_V1__Face_Joint_-1_0.0_Nut
00:25.917  render           | Saved: '/Users/dean/Documents/MORI/mechanical/renders/parts/Face_Joint_-1_0.0_Screw.png'
PART_PREVIEW 47 180 MORI_V1__Face_Joint_-1_0.0_Screw
00:26.439  render           | Saved: '/Users/dean/Documents/MORI/mechanical/renders/parts/Face_Joint_-1_7.0_Nut.png'
PART_PREVIEW 48 180 MORI_V1__Face_Joint_-1_7.0_Nut
00:26.936  render           | Saved: '/Users/dean/Documents/MORI/mechanical/renders/parts/Face_Joint_-1_7.0_Screw.png'
PART_PREVIEW 49 180 MORI_V1__Face_Joint_-1_7.0_Screw
00:27.498  render           | Saved: '/Users/dean/Documents/MORI/mechanical/renders/parts/Face_Joint_1_0.0_Nut.png'
PART_PREVIEW 50 180 MORI_V1__Face_Joint_1_0.0_Nut
00:28.030  render           | Saved: '/Users/dean/Documents/MORI/mechanical/renders/parts/Face_Joint_1_0.0_Screw.png'
PART_PREVIEW 51 180 MORI_V1__Face_Joint_1_0.0_Screw
00:28.602  render           | Saved: '/Users/dean/Documents/MORI/mechanical/renders/parts/Face_Joint_1_7.0_Nut.png'
PART_PREVIEW 52 180 MORI_V1__Face_Joint_1_7.0_Nut
00:29.185  render           | Saved: '/Users/dean/Documents/MORI/mechanical/renders/parts/Face_Joint_1_7.0_Screw.png'
PART_PREVIEW 53 180 MORI_V1__Face_Joint_1_7.0_Screw
00:29.821  render           | Saved: '/Users/dean/Documents/MORI/mechanical/renders/parts/Face_Mask.png'
PART_PREVIEW 54 180 MORI_V1__Face_Mask
00:30.407  render           | Saved: '/Users/dean/Documents/MORI/mechanical/renders/parts/Face_Protector.png'
PART_PREVIEW 55 180 MORI_V1__Face_Protector
00:30.935  render           | Saved: '/Users/dean/Documents/MORI/mechanical/renders/parts/Frame_Insert_0.png'
PART_PREVIEW 56 180 MORI_V1__Frame_Insert_0
00:31.475  render           | Saved: '/Users/dean/Documents/MORI/mechanical/renders/parts/Frame_Insert_1.png'
PART_PREVIEW 57 180 MORI_V1__Frame_Insert_1
00:32.003  render           | Saved: '/Users/dean/Documents/MORI/mechanical/renders/parts/Frame_Insert_2.png'
PART_PREVIEW 58 180 MORI_V1__Frame_Insert_2
00:32.551  render           | Saved: '/Users/dean/Documents/MORI/mechanical/renders/parts/Frame_Insert_3.png'
PART_PREVIEW 59 180 MORI_V1__Frame_Insert_3
00:33.095  render           | Saved: '/Users/dean/Documents/MORI/mechanical/renders/parts/Frame_Screw_0.png'
PART_PREVIEW 60 180 MORI_V1__Frame_Screw_0
00:33.670  render           | Saved: '/Users/dean/Documents/MORI/mechanical/renders/parts/Frame_Screw_1.png'
PART_PREVIEW 61 180 MORI_V1__Frame_Screw_1
00:34.499  render           | Saved: '/Users/dean/Documents/MORI/mechanical/renders/parts/Frame_Screw_2.png'
PART_PREVIEW 62 180 MORI_V1__Frame_Screw_2
00:35.139  render           | Saved: '/Users/dean/Documents/MORI/mechanical/renders/parts/Frame_Screw_3.png'
PART_PREVIEW 63 180 MORI_V1__Frame_Screw_3
00:35.745  render           | Saved: '/Users/dean/Documents/MORI/mechanical/renders/parts/Head_Front.png'
PART_PREVIEW 64 180 MORI_V1__Head_Front
00:36.414  render           | Saved: '/Users/dean/Documents/MORI/mechanical/renders/parts/Head_Rear.png'
PART_PREVIEW 65 180 MORI_V1__Head_Rear
00:36.937  render           | Saved: '/Users/dean/Documents/MORI/mechanical/renders/parts/Head_Yaw_Ear_0_Nut.png'
PART_PREVIEW 66 180 MORI_V1__Head_Yaw_Ear_0_Nut
00:37.542  render           | Saved: '/Users/dean/Documents/MORI/mechanical/renders/parts/Head_Yaw_Ear_0_Screw.png'
PART_PREVIEW 67 180 MORI_V1__Head_Yaw_Ear_0_Screw
00:38.080  render           | Saved: '/Users/dean/Documents/MORI/mechanical/renders/parts/Head_Yaw_Ear_1_Nut.png'
PART_PREVIEW 68 180 MORI_V1__Head_Yaw_Ear_1_Nut
00:38.630  render           | Saved: '/Users/dean/Documents/MORI/mechanical/renders/parts/Head_Yaw_Ear_1_Screw.png'
PART_PREVIEW 69 180 MORI_V1__Head_Yaw_Ear_1_Screw
00:39.129  render           | Saved: '/Users/dean/Documents/MORI/mechanical/renders/parts/IMU_Insert_0.png'
PART_PREVIEW 70 180 MORI_V1__IMU_Insert_0
00:39.634  render           | Saved: '/Users/dean/Documents/MORI/mechanical/renders/parts/IMU_Insert_1.png'
PART_PREVIEW 71 180 MORI_V1__IMU_Insert_1
00:40.167  render           | Saved: '/Users/dean/Documents/MORI/mechanical/renders/parts/IMU_Screw_0.png'
PART_PREVIEW 72 180 MORI_V1__IMU_Screw_0
00:40.864  render           | Saved: '/Users/dean/Documents/MORI/mechanical/renders/parts/IMU_Screw_1.png'
PART_PREVIEW 73 180 MORI_V1__IMU_Screw_1
00:41.617  render           | Saved: '/Users/dean/Documents/MORI/mechanical/renders/parts/Load_Frame.png'
PART_PREVIEW 74 180 MORI_V1__Load_Frame
00:42.277  render           | Saved: '/Users/dean/Documents/MORI/mechanical/renders/parts/MCU_Carrier.png'
PART_PREVIEW 75 180 MORI_V1__MCU_Carrier
00:43.263  render           | Saved: '/Users/dean/Documents/MORI/mechanical/renders/parts/MCU_Motion.png'
PART_PREVIEW 76 180 MORI_V1__MCU_Motion
00:43.902  render           | Saved: '/Users/dean/Documents/MORI/mechanical/renders/parts/Mic_Duct_L.png'
PART_PREVIEW 77 180 MORI_V1__Mic_Duct_L
00:44.538  render           | Saved: '/Users/dean/Documents/MORI/mechanical/renders/parts/Mic_Duct_R.png'
PART_PREVIEW 78 180 MORI_V1__Mic_Duct_R
00:45.154  render           | Saved: '/Users/dean/Documents/MORI/mechanical/renders/parts/Motor_Retainer.png'
PART_PREVIEW 79 180 MORI_V1__Motor_Retainer
00:45.753  render           | Saved: '/Users/dean/Documents/MORI/mechanical/renders/parts/Motor_Retainer_Pad_-1.png'
PART_PREVIEW 80 180 MORI_V1__Motor_Retainer_Pad_-1
00:46.373  render           | Saved: '/Users/dean/Documents/MORI/mechanical/renders/parts/Motor_Retainer_Pad_1.png'
PART_PREVIEW 81 180 MORI_V1__Motor_Retainer_Pad_1
00:47.004  render           | Saved: '/Users/dean/Documents/MORI/mechanical/renders/parts/Motor_Top_Pad_L.png'
PART_PREVIEW 82 180 MORI_V1__Motor_Top_Pad_L
00:47.599  render           | Saved: '/Users/dean/Documents/MORI/mechanical/renders/parts/Motor_Top_Pad_R.png'
PART_PREVIEW 83 180 MORI_V1__Motor_Top_Pad_R
00:48.182  render           | Saved: '/Users/dean/Documents/MORI/mechanical/renders/parts/Onboard_MIC_L.png'
PART_PREVIEW 84 180 MORI_V1__Onboard_MIC_L
00:48.919  render           | Saved: '/Users/dean/Documents/MORI/mechanical/renders/parts/Onboard_MIC_R.png'
PART_PREVIEW 85 180 MORI_V1__Onboard_MIC_R
00:49.641  render           | Saved: '/Users/dean/Documents/MORI/mechanical/renders/parts/Parking_Cradle.png'
PART_PREVIEW 86 180 MORI_V1__Parking_Cradle
00:50.360  render           | Saved: '/Users/dean/Documents/MORI/mechanical/renders/parts/Pitch_Bearing_L.png'
PART_PREVIEW 87 180 MORI_V1__Pitch_Bearing_L
00:51.008  render           | Saved: '/Users/dean/Documents/MORI/mechanical/renders/parts/Pitch_Bearing_R.png'
PART_PREVIEW 88 180 MORI_V1__Pitch_Bearing_R
00:51.636  render           | Saved: '/Users/dean/Documents/MORI/mechanical/renders/parts/Pitch_Cradle.png'
PART_PREVIEW 89 180 MORI_V1__Pitch_Cradle
00:52.243  render           | Saved: '/Users/dean/Documents/MORI/mechanical/renders/parts/Pitch_Horn.png'
PART_PREVIEW 90 180 MORI_V1__Pitch_Horn
00:52.800  render           | Saved: '/Users/dean/Documents/MORI/mechanical/renders/parts/Pitch_Lock_Screw.png'
PART_PREVIEW 91 180 MORI_V1__Pitch_Lock_Screw
00:53.722  render           | Saved: '/Users/dean/Documents/MORI/mechanical/renders/parts/Pitch_Output.png'
PART_PREVIEW 92 180 MORI_V1__Pitch_Output
00:54.934  render           | Saved: '/Users/dean/Documents/MORI/mechanical/renders/parts/Pitch_Servo.png'
PART_PREVIEW 93 180 MORI_V1__Pitch_Servo
00:56.621  render           | Saved: '/Users/dean/Documents/MORI/mechanical/renders/parts/Pitch_Trunnion_L.png'
PART_PREVIEW 94 180 MORI_V1__Pitch_Trunnion_L
00:58.075  render           | Saved: '/Users/dean/Documents/MORI/mechanical/renders/parts/Pitch_Trunnion_R.png'
PART_PREVIEW 95 180 MORI_V1__Pitch_Trunnion_R
00:58.882  render           | Saved: '/Users/dean/Documents/MORI/mechanical/renders/parts/Pitch_Yoke.png'
PART_PREVIEW 96 180 MORI_V1__Pitch_Yoke
01:00.696  render           | Saved: '/Users/dean/Documents/MORI/mechanical/renders/parts/Power_Board_H2_Insert.png'
PART_PREVIEW 97 180 MORI_V1__Power_Board_H2_Insert
01:01.340  render           | Saved: '/Users/dean/Documents/MORI/mechanical/renders/parts/Power_Board_H2_Screw.png'
PART_PREVIEW 98 180 MORI_V1__Power_Board_H2_Screw
01:01.927  render           | Saved: '/Users/dean/Documents/MORI/mechanical/renders/parts/Power_Board_H3_Insert.png'
PART_PREVIEW 99 180 MORI_V1__Power_Board_H3_Insert
01:02.536  render           | Saved: '/Users/dean/Documents/MORI/mechanical/renders/parts/Power_Board_H3_Screw.png'
PART_PREVIEW 100 180 MORI_V1__Power_Board_H3_Screw
01:03.203  render           | Saved: '/Users/dean/Documents/MORI/mechanical/renders/parts/Power_Module.png'
PART_PREVIEW 101 180 MORI_V1__Power_Module
01:03.917  render           | Saved: '/Users/dean/Documents/MORI/mechanical/renders/parts/Power_Switch.png'
PART_PREVIEW 102 180 MORI_V1__Power_Switch
01:04.566  render           | Saved: '/Users/dean/Documents/MORI/mechanical/renders/parts/Rear_Interface_Insert_0.png'
PART_PREVIEW 103 180 MORI_V1__Rear_Interface_Insert_0
01:05.390  render           | Saved: '/Users/dean/Documents/MORI/mechanical/renders/parts/Rear_Interface_Insert_1.png'
PART_PREVIEW 104 180 MORI_V1__Rear_Interface_Insert_1
01:06.107  render           | Saved: '/Users/dean/Documents/MORI/mechanical/renders/parts/Rear_Interface_PCB.png'
PART_PREVIEW 105 180 MORI_V1__Rear_Interface_PCB
01:06.791  render           | Saved: '/Users/dean/Documents/MORI/mechanical/renders/parts/Rear_Interface_Screw_0.png'
PART_PREVIEW 106 180 MORI_V1__Rear_Interface_Screw_0
01:07.646  render           | Saved: '/Users/dean/Documents/MORI/mechanical/renders/parts/Rear_Interface_Screw_1.png'
PART_PREVIEW 107 180 MORI_V1__Rear_Interface_Screw_1
01:08.475  render           | Saved: '/Users/dean/Documents/MORI/mechanical/renders/parts/S288_Output_L_Inner.png'
PART_PREVIEW 108 180 MORI_V1__S288_Output_L_Inner
01:09.211  render           | Saved: '/Users/dean/Documents/MORI/mechanical/renders/parts/S288_Output_L_Outer.png'
PART_PREVIEW 109 180 MORI_V1__S288_Output_L_Outer
01:10.173  render           | Saved: '/Users/dean/Documents/MORI/mechanical/renders/parts/S288_Output_R_Inner.png'
PART_PREVIEW 110 180 MORI_V1__S288_Output_R_Inner
01:10.976  render           | Saved: '/Users/dean/Documents/MORI/mechanical/renders/parts/S288_Output_R_Outer.png'
PART_PREVIEW 111 180 MORI_V1__S288_Output_R_Outer
01:12.151  render           | Saved: '/Users/dean/Documents/MORI/mechanical/renders/parts/Shell_Insert_0.png'
PART_PREVIEW 112 180 MORI_V1__Shell_Insert_0
01:12.908  render           | Saved: '/Users/dean/Documents/MORI/mechanical/renders/parts/Shell_Insert_1.png'
PART_PREVIEW 113 180 MORI_V1__Shell_Insert_1
01:13.588  render           | Saved: '/Users/dean/Documents/MORI/mechanical/renders/parts/Shell_Insert_2.png'
PART_PREVIEW 114 180 MORI_V1__Shell_Insert_2
01:14.402  render           | Saved: '/Users/dean/Documents/MORI/mechanical/renders/parts/Shell_Insert_3.png'
PART_PREVIEW 115 180 MORI_V1__Shell_Insert_3
01:15.245  render           | Saved: '/Users/dean/Documents/MORI/mechanical/renders/parts/Shell_Screw_0.png'
PART_PREVIEW 116 180 MORI_V1__Shell_Screw_0
01:15.964  render           | Saved: '/Users/dean/Documents/MORI/mechanical/renders/parts/Shell_Screw_1.png'
PART_PREVIEW 117 180 MORI_V1__Shell_Screw_1
01:16.952  render           | Saved: '/Users/dean/Documents/MORI/mechanical/renders/parts/Shell_Screw_2.png'
PART_PREVIEW 118 180 MORI_V1__Shell_Screw_2
01:18.050  render           | Saved: '/Users/dean/Documents/MORI/mechanical/renders/parts/Shell_Screw_3.png'
PART_PREVIEW 119 180 MORI_V1__Shell_Screw_3
01:18.869  render           | Saved: '/Users/dean/Documents/MORI/mechanical/renders/parts/Speaker.png'
PART_PREVIEW 120 180 MORI_V1__Speaker
01:19.563  render           | Saved: '/Users/dean/Documents/MORI/mechanical/renders/parts/Speaker_Gasket.png'
PART_PREVIEW 121 180 MORI_V1__Speaker_Gasket
01:20.283  render           | Saved: '/Users/dean/Documents/MORI/mechanical/renders/parts/Speaker_Insert_-1.png'
PART_PREVIEW 122 180 MORI_V1__Speaker_Insert_-1
01:21.029  render           | Saved: '/Users/dean/Documents/MORI/mechanical/renders/parts/Speaker_Insert_1.png'
PART_PREVIEW 123 180 MORI_V1__Speaker_Insert_1
01:22.298  render           | Saved: '/Users/dean/Documents/MORI/mechanical/renders/parts/Speaker_Mount.png'
PART_PREVIEW 124 180 MORI_V1__Speaker_Mount
01:23.123  render           | Saved: '/Users/dean/Documents/MORI/mechanical/renders/parts/Speaker_Screw_-1.png'
PART_PREVIEW 125 180 MORI_V1__Speaker_Screw_-1
01:23.900  render           | Saved: '/Users/dean/Documents/MORI/mechanical/renders/parts/Speaker_Screw_1.png'
PART_PREVIEW 126 180 MORI_V1__Speaker_Screw_1
01:24.603  render           | Saved: '/Users/dean/Documents/MORI/mechanical/renders/parts/Tire_L.png'
PART_PREVIEW 127 180 MORI_V1__Tire_L
01:25.289  render           | Saved: '/Users/dean/Documents/MORI/mechanical/renders/parts/Tire_R.png'
PART_PREVIEW 128 180 MORI_V1__Tire_R
01:26.113  render           | Saved: '/Users/dean/Documents/MORI/mechanical/renders/parts/USB_Receptacle.png'
PART_PREVIEW 129 180 MORI_V1__USB_Receptacle
01:27.095  render           | Saved: '/Users/dean/Documents/MORI/mechanical/renders/parts/Wheel_Axle_L.png'
PART_PREVIEW 130 180 MORI_V1__Wheel_Axle_L
01:27.849  render           | Saved: '/Users/dean/Documents/MORI/mechanical/renders/parts/Wheel_Axle_R.png'
PART_PREVIEW 131 180 MORI_V1__Wheel_Axle_R
01:29.103  render           | Saved: '/Users/dean/Documents/MORI/mechanical/renders/parts/Wheel_Bearing_L_Inner.png'
PART_PREVIEW 132 180 MORI_V1__Wheel_Bearing_L_Inner
01:29.866  render           | Saved: '/Users/dean/Documents/MORI/mechanical/renders/parts/Wheel_Bearing_L_Outer.png'
PART_PREVIEW 133 180 MORI_V1__Wheel_Bearing_L_Outer
01:30.671  render           | Saved: '/Users/dean/Documents/MORI/mechanical/renders/parts/Wheel_Bearing_R_Inner.png'
PART_PREVIEW 134 180 MORI_V1__Wheel_Bearing_R_Inner
01:31.492  render           | Saved: '/Users/dean/Documents/MORI/mechanical/renders/parts/Wheel_Bearing_R_Outer.png'
PART_PREVIEW 135 180 MORI_V1__Wheel_Bearing_R_Outer
01:32.320  render           | Saved: '/Users/dean/Documents/MORI/mechanical/renders/parts/Wheel_Cap_Clamp_Nut_0.png'
PART_PREVIEW 136 180 MORI_V1__Wheel_Cap_Clamp_Nut_0
01:33.112  render           | Saved: '/Users/dean/Documents/MORI/mechanical/renders/parts/Wheel_Cap_Clamp_Nut_1.png'
PART_PREVIEW 137 180 MORI_V1__Wheel_Cap_Clamp_Nut_1
01:34.104  render           | Saved: '/Users/dean/Documents/MORI/mechanical/renders/parts/Wheel_Cap_Clamp_Nut_2.png'
PART_PREVIEW 138 180 MORI_V1__Wheel_Cap_Clamp_Nut_2
01:35.170  render           | Saved: '/Users/dean/Documents/MORI/mechanical/renders/parts/Wheel_Cap_Clamp_Nut_3.png'
PART_PREVIEW 139 180 MORI_V1__Wheel_Cap_Clamp_Nut_3
01:35.848  render           | Saved: '/Users/dean/Documents/MORI/mechanical/renders/parts/Wheel_Cap_Clamp_Screw_0.png'
PART_PREVIEW 140 180 MORI_V1__Wheel_Cap_Clamp_Screw_0
01:37.474  render           | Saved: '/Users/dean/Documents/MORI/mechanical/renders/parts/Wheel_Cap_Clamp_Screw_1.png'
PART_PREVIEW 141 180 MORI_V1__Wheel_Cap_Clamp_Screw_1
01:39.048  render           | Saved: '/Users/dean/Documents/MORI/mechanical/renders/parts/Wheel_Cap_Clamp_Screw_2.png'
PART_PREVIEW 142 180 MORI_V1__Wheel_Cap_Clamp_Screw_2
01:39.766  render           | Saved: '/Users/dean/Documents/MORI/mechanical/renders/parts/Wheel_Cap_Clamp_Screw_3.png'
PART_PREVIEW 143 180 MORI_V1__Wheel_Cap_Clamp_Screw_3
01:40.536  render           | Saved: '/Users/dean/Documents/MORI/mechanical/renders/parts/Wheel_End_Screw_L.png'
PART_PREVIEW 144 180 MORI_V1__Wheel_End_Screw_L
01:41.305  render           | Saved: '/Users/dean/Documents/MORI/mechanical/renders/parts/Wheel_End_Screw_R.png'
PART_PREVIEW 145 180 MORI_V1__Wheel_End_Screw_R
01:42.086  render           | Saved: '/Users/dean/Documents/MORI/mechanical/renders/parts/Wheel_End_Washer_L.png'
PART_PREVIEW 146 180 MORI_V1__Wheel_End_Washer_L
01:42.910  render           | Saved: '/Users/dean/Documents/MORI/mechanical/renders/parts/Wheel_End_Washer_R.png'
PART_PREVIEW 147 180 MORI_V1__Wheel_End_Washer_R
01:43.733  render           | Saved: '/Users/dean/Documents/MORI/mechanical/renders/parts/Wheel_Hub_L.png'
PART_PREVIEW 148 180 MORI_V1__Wheel_Hub_L
01:44.565  render           | Saved: '/Users/dean/Documents/MORI/mechanical/renders/parts/Wheel_Hub_R.png'
PART_PREVIEW 149 180 MORI_V1__Wheel_Hub_R
01:45.350  render           | Saved: '/Users/dean/Documents/MORI/mechanical/renders/parts/Wheel_Output_Screw_L_0.png'
PART_PREVIEW 150 180 MORI_V1__Wheel_Output_Screw_L_0
01:46.110  render           | Saved: '/Users/dean/Documents/MORI/mechanical/renders/parts/Wheel_Output_Screw_L_1.png'
PART_PREVIEW 151 180 MORI_V1__Wheel_Output_Screw_L_1
01:46.873  render           | Saved: '/Users/dean/Documents/MORI/mechanical/renders/parts/Wheel_Output_Screw_L_2.png'
PART_PREVIEW 152 180 MORI_V1__Wheel_Output_Screw_L_2
01:48.207  render           | Saved: '/Users/dean/Documents/MORI/mechanical/renders/parts/Wheel_Output_Screw_L_3.png'
PART_PREVIEW 153 180 MORI_V1__Wheel_Output_Screw_L_3
01:49.066  render           | Saved: '/Users/dean/Documents/MORI/mechanical/renders/parts/Wheel_Output_Screw_L_4.png'
PART_PREVIEW 154 180 MORI_V1__Wheel_Output_Screw_L_4
01:50.161  render           | Saved: '/Users/dean/Documents/MORI/mechanical/renders/parts/Wheel_Output_Screw_L_5.png'
PART_PREVIEW 155 180 MORI_V1__Wheel_Output_Screw_L_5
01:51.257  render           | Saved: '/Users/dean/Documents/MORI/mechanical/renders/parts/Wheel_Output_Screw_R_0.png'
PART_PREVIEW 156 180 MORI_V1__Wheel_Output_Screw_R_0
01:52.073  render           | Saved: '/Users/dean/Documents/MORI/mechanical/renders/parts/Wheel_Output_Screw_R_1.png'
PART_PREVIEW 157 180 MORI_V1__Wheel_Output_Screw_R_1
01:52.916  render           | Saved: '/Users/dean/Documents/MORI/mechanical/renders/parts/Wheel_Output_Screw_R_2.png'
PART_PREVIEW 158 180 MORI_V1__Wheel_Output_Screw_R_2
01:53.744  render           | Saved: '/Users/dean/Documents/MORI/mechanical/renders/parts/Wheel_Output_Screw_R_3.png'
PART_PREVIEW 159 180 MORI_V1__Wheel_Output_Screw_R_3
01:54.589  render           | Saved: '/Users/dean/Documents/MORI/mechanical/renders/parts/Wheel_Output_Screw_R_4.png'
PART_PREVIEW 160 180 MORI_V1__Wheel_Output_Screw_R_4
01:55.444  render           | Saved: '/Users/dean/Documents/MORI/mechanical/renders/parts/Wheel_Output_Screw_R_5.png'
PART_PREVIEW 161 180 MORI_V1__Wheel_Output_Screw_R_5
01:56.453  render           | Saved: '/Users/dean/Documents/MORI/mechanical/renders/parts/Wheel_Spacer_L_0.png'
PART_PREVIEW 162 180 MORI_V1__Wheel_Spacer_L_0
01:57.358  render           | Saved: '/Users/dean/Documents/MORI/mechanical/renders/parts/Wheel_Spacer_L_1.png'
PART_PREVIEW 163 180 MORI_V1__Wheel_Spacer_L_1
01:58.224  render           | Saved: '/Users/dean/Documents/MORI/mechanical/renders/parts/Wheel_Spacer_R_0.png'
PART_PREVIEW 164 180 MORI_V1__Wheel_Spacer_R_0
01:59.147  render           | Saved: '/Users/dean/Documents/MORI/mechanical/renders/parts/Wheel_Spacer_R_1.png'
PART_PREVIEW 165 180 MORI_V1__Wheel_Spacer_R_1
02:00.316  render           | Saved: '/Users/dean/Documents/MORI/mechanical/renders/parts/Yaw_Base.png'
PART_PREVIEW 166 180 MORI_V1__Yaw_Base
02:01.076  render           | Saved: '/Users/dean/Documents/MORI/mechanical/renders/parts/Yaw_Base_-1_Insert.png'
PART_PREVIEW 167 180 MORI_V1__Yaw_Base_-1_Insert
02:02.484  render           | Saved: '/Users/dean/Documents/MORI/mechanical/renders/parts/Yaw_Base_-1_Screw.png'
PART_PREVIEW 168 180 MORI_V1__Yaw_Base_-1_Screw
02:03.291  render           | Saved: '/Users/dean/Documents/MORI/mechanical/renders/parts/Yaw_Base_1_Insert.png'
PART_PREVIEW 169 180 MORI_V1__Yaw_Base_1_Insert
02:04.623  render           | Saved: '/Users/dean/Documents/MORI/mechanical/renders/parts/Yaw_Base_1_Screw.png'
PART_PREVIEW 170 180 MORI_V1__Yaw_Base_1_Screw
02:05.719  render           | Saved: '/Users/dean/Documents/MORI/mechanical/renders/parts/Yaw_Bearing.png'
PART_PREVIEW 171 180 MORI_V1__Yaw_Bearing
02:06.573  render           | Saved: '/Users/dean/Documents/MORI/mechanical/renders/parts/Yaw_Horn.png'
PART_PREVIEW 172 180 MORI_V1__Yaw_Horn
02:07.450  render           | Saved: '/Users/dean/Documents/MORI/mechanical/renders/parts/Yaw_Lock_Screw.png'
PART_PREVIEW 173 180 MORI_V1__Yaw_Lock_Screw
02:08.519  render           | Saved: '/Users/dean/Documents/MORI/mechanical/renders/parts/Yaw_Output.png'
PART_PREVIEW 174 180 MORI_V1__Yaw_Output
02:09.607  render           | Saved: '/Users/dean/Documents/MORI/mechanical/renders/parts/Yaw_Reaction_Clamp_Nut.png'
PART_PREVIEW 175 180 MORI_V1__Yaw_Reaction_Clamp_Nut
02:10.506  render           | Saved: '/Users/dean/Documents/MORI/mechanical/renders/parts/Yaw_Reaction_Clamp_Screw.png'
PART_PREVIEW 176 180 MORI_V1__Yaw_Reaction_Clamp_Screw
02:11.983  render           | Saved: '/Users/dean/Documents/MORI/mechanical/renders/parts/Yaw_Reaction_Link.png'
PART_PREVIEW 177 180 MORI_V1__Yaw_Reaction_Link
02:12.716  render           | Saved: '/Users/dean/Documents/MORI/mechanical/renders/parts/Yaw_Reaction_Retainer_Nut.png'
PART_PREVIEW 178 180 MORI_V1__Yaw_Reaction_Retainer_Nut
02:13.395  render           | Saved: '/Users/dean/Documents/MORI/mechanical/renders/parts/Yaw_Reaction_Retainer_Screw.png'
PART_PREVIEW 179 180 MORI_V1__Yaw_Reaction_Retainer_Screw
02:14.182  render           | Saved: '/Users/dean/Documents/MORI/mechanical/renders/parts/Yaw_Servo.png'
PART_PREVIEW 180 180 MORI_V1__Yaw_Servo
CATALOG_COMPLETE
Blender 5.2.1 LTS (hash 9e2066aef7ef built 2026-08-25 01:35:57)

Blender quit
