[32;1m
*******************************************************************
******        Statistics on Transfer (Write)                 ******[0m
[32;1m
*******************************************************************
******        Transfer Mode = 0  I.E.  As Is       ******[0m
[32;1m******        Transferring Shape, ShapeType = 0                      ******[0m
[32;1m** WorkSession : Sending all data[0m
[32;1m Step File Name : /Users/dean/Documents/MORI/mechanical/metal_design/Wheel_Axle_Common_DESIGN_REFERENCE.step(3411 ents)  Write  Done[0m
[32;1m
*******************************************************************
******        Statistics on Transfer (Write)                 ******[0m
[32;1m
*******************************************************************
******        Transfer Mode = 0  I.E.  As Is       ******[0m
[32;1m******        Transferring Shape, ShapeType = 0                      ******[0m
[32;1m** WorkSession : Sending all data[0m
[32;1m Step File Name : /Users/dean/Documents/MORI/mechanical/metal_design/Wheel_Spacer_5mm_DESIGN_REFERENCE.step(202 ents)  Write  Done[0m
[32;1m
*******************************************************************
******        Statistics on Transfer (Write)                 ******[0m
[32;1m
*******************************************************************
******        Transfer Mode = 0  I.E.  As Is       ******[0m
[32;1m******        Transferring Shape, ShapeType = 0                      ******[0m
[32;1m** WorkSession : Sending all data[0m
[32;1m Step File Name : /Users/dean/Documents/MORI/mechanical/metal_design/Wheel_Spacer_10mm_DESIGN_REFERENCE.step(202 ents)  Write  Done[0m
WHEEL_METAL_STEP_EXPORTED [('Wheel_Axle_Common_DESIGN_REFERENCE', [14.0, 14.0, 45.7]), ('Wheel_Spacer_5mm_DESIGN_REFERENCE', [8.0, 8.0, 5.0]), ('Wheel_Spacer_10mm_DESIGN_REFERENCE', [8.0, 8.0, 10.0])]
