00:00.329  blend            | Read blend: "/Users/dean/Documents/MORI/mechanical/mori_v1_2.blend"
00:00.941  render           | Saved: '/Users/dean/Documents/MORI/mechanical/renders/parts/Battery.png'
PART_PREVIEW 1 161 MORI_V1__Battery
00:01.259  render           | Saved: '/Users/dean/Documents/MORI/mechanical/renders/parts/Battery_Pad_-38.0.png'
PART_PREVIEW 2 161 MORI_V1__Battery_Pad_-38.0
00:01.568  render           | Saved: '/Users/dean/Documents/MORI/mechanical/renders/parts/Battery_Pad_38.0.png'
PART_PREVIEW 3 161 MORI_V1__Battery_Pad_38.0
00:01.892  render           | Saved: '/Users/dean/Documents/MORI/mechanical/renders/parts/Battery_Pad_Base.png'
PART_PREVIEW 4 161 MORI_V1__Battery_Pad_Base
00:02.202  render           | Saved: '/Users/dean/Documents/MORI/mechanical/renders/parts/Battery_Retainer_Insert_-1.png'
PART_PREVIEW 5 161 MORI_V1__Battery_Retainer_Insert_-1
00:02.558  render           | Saved: '/Users/dean/Documents/MORI/mechanical/renders/parts/Battery_Retainer_Insert_1.png'
PART_PREVIEW 6 161 MORI_V1__Battery_Retainer_Insert_1
00:02.887  render           | Saved: '/Users/dean/Documents/MORI/mechanical/renders/parts/Battery_Retainer_Screw_-1.png'
PART_PREVIEW 7 161 MORI_V1__Battery_Retainer_Screw_-1
00:03.207  render           | Saved: '/Users/dean/Documents/MORI/mechanical/renders/parts/Battery_Retainer_Screw_1.png'
PART_PREVIEW 8 161 MORI_V1__Battery_Retainer_Screw_1
00:03.555  render           | Saved: '/Users/dean/Documents/MORI/mechanical/renders/parts/Battery_Tray.png'
PART_PREVIEW 9 161 MORI_V1__Battery_Tray
00:03.898  render           | Saved: '/Users/dean/Documents/MORI/mechanical/renders/parts/Body_IMU.png'
PART_PREVIEW 10 161 MORI_V1__Body_IMU
00:04.289  render           | Saved: '/Users/dean/Documents/MORI/mechanical/renders/parts/Body_Lower.png'
PART_PREVIEW 11 161 MORI_V1__Body_Lower
00:04.599  render           | Saved: '/Users/dean/Documents/MORI/mechanical/renders/parts/Body_Top_Shroud.png'
PART_PREVIEW 12 161 MORI_V1__Body_Top_Shroud
00:04.964  render           | Saved: '/Users/dean/Documents/MORI/mechanical/renders/parts/Body_Upper.png'
PART_PREVIEW 13 161 MORI_V1__Body_Upper
00:05.313  render           | Saved: '/Users/dean/Documents/MORI/mechanical/renders/parts/CAM_Mainboard.png'
PART_PREVIEW 14 161 MORI_V1__CAM_Mainboard
00:05.671  render           | Saved: '/Users/dean/Documents/MORI/mechanical/renders/parts/Camera_Baffle.png'
PART_PREVIEW 15 161 MORI_V1__Camera_Baffle
00:06.021  render           | Saved: '/Users/dean/Documents/MORI/mechanical/renders/parts/Camera_Lens.png'
PART_PREVIEW 16 161 MORI_V1__Camera_Lens
00:06.437  render           | Saved: '/Users/dean/Documents/MORI/mechanical/renders/parts/Camera_PCB.png'
PART_PREVIEW 17 161 MORI_V1__Camera_PCB
00:06.793  render           | Saved: '/Users/dean/Documents/MORI/mechanical/renders/parts/Camera_Window.png'
PART_PREVIEW 18 161 MORI_V1__Camera_Window
00:07.112  render           | Saved: '/Users/dean/Documents/MORI/mechanical/renders/parts/Carrier_Insert_0.png'
PART_PREVIEW 19 161 MORI_V1__Carrier_Insert_0
00:07.434  render           | Saved: '/Users/dean/Documents/MORI/mechanical/renders/parts/Carrier_Insert_1.png'
PART_PREVIEW 20 161 MORI_V1__Carrier_Insert_1
00:07.747  render           | Saved: '/Users/dean/Documents/MORI/mechanical/renders/parts/Carrier_Insert_2.png'
PART_PREVIEW 21 161 MORI_V1__Carrier_Insert_2
00:08.062  render           | Saved: '/Users/dean/Documents/MORI/mechanical/renders/parts/Carrier_Insert_3.png'
PART_PREVIEW 22 161 MORI_V1__Carrier_Insert_3
00:08.382  render           | Saved: '/Users/dean/Documents/MORI/mechanical/renders/parts/Carrier_Screw_0.png'
PART_PREVIEW 23 161 MORI_V1__Carrier_Screw_0
00:08.723  render           | Saved: '/Users/dean/Documents/MORI/mechanical/renders/parts/Carrier_Screw_1.png'
PART_PREVIEW 24 161 MORI_V1__Carrier_Screw_1
00:09.043  render           | Saved: '/Users/dean/Documents/MORI/mechanical/renders/parts/Carrier_Screw_2.png'
PART_PREVIEW 25 161 MORI_V1__Carrier_Screw_2
00:09.393  render           | Saved: '/Users/dean/Documents/MORI/mechanical/renders/parts/Carrier_Screw_3.png'
PART_PREVIEW 26 161 MORI_V1__Carrier_Screw_3
00:09.741  render           | Saved: '/Users/dean/Documents/MORI/mechanical/renders/parts/Coupon_Insert.png'
PART_PREVIEW 27 161 MORI_V1__Coupon_Insert
00:10.105  render           | Saved: '/Users/dean/Documents/MORI/mechanical/renders/parts/Coupon_Mating_Tab.png'
PART_PREVIEW 28 161 MORI_V1__Coupon_Mating_Tab
00:10.435  render           | Saved: '/Users/dean/Documents/MORI/mechanical/renders/parts/Coupon_Plane_Fit.png'
PART_PREVIEW 29 161 MORI_V1__Coupon_Plane_Fit
00:10.816  render           | Saved: '/Users/dean/Documents/MORI/mechanical/renders/parts/Display_Frame.png'
PART_PREVIEW 30 161 MORI_V1__Display_Frame
00:11.364  render           | Saved: '/Users/dean/Documents/MORI/mechanical/renders/parts/Display_PCB.png'
PART_PREVIEW 31 161 MORI_V1__Display_PCB
00:11.710  render           | Saved: '/Users/dean/Documents/MORI/mechanical/renders/parts/Dock_Pad_0.png'
PART_PREVIEW 32 161 MORI_V1__Dock_Pad_0
00:12.034  render           | Saved: '/Users/dean/Documents/MORI/mechanical/renders/parts/Dock_Pad_1.png'
PART_PREVIEW 33 161 MORI_V1__Dock_Pad_1
00:12.376  render           | Saved: '/Users/dean/Documents/MORI/mechanical/renders/parts/Dock_Pad_2.png'
PART_PREVIEW 34 161 MORI_V1__Dock_Pad_2
00:12.730  render           | Saved: '/Users/dean/Documents/MORI/mechanical/renders/parts/Dock_Pad_3.png'
PART_PREVIEW 35 161 MORI_V1__Dock_Pad_3
00:13.073  render           | Saved: '/Users/dean/Documents/MORI/mechanical/renders/parts/Drive_Bridge.png'
PART_PREVIEW 36 161 MORI_V1__Drive_Bridge
00:13.391  render           | Saved: '/Users/dean/Documents/MORI/mechanical/renders/parts/Drive_L_-8_Nut.png'
PART_PREVIEW 37 161 MORI_V1__Drive_L_-8_Nut
00:13.701  render           | Saved: '/Users/dean/Documents/MORI/mechanical/renders/parts/Drive_L_-8_Screw.png'
PART_PREVIEW 38 161 MORI_V1__Drive_L_-8_Screw
00:14.025  render           | Saved: '/Users/dean/Documents/MORI/mechanical/renders/parts/Drive_L_8_Nut.png'
PART_PREVIEW 39 161 MORI_V1__Drive_L_8_Nut
00:14.330  render           | Saved: '/Users/dean/Documents/MORI/mechanical/renders/parts/Drive_L_8_Screw.png'
PART_PREVIEW 40 161 MORI_V1__Drive_L_8_Screw
00:14.744  render           | Saved: '/Users/dean/Documents/MORI/mechanical/renders/parts/Drive_Motor_L.png'
PART_PREVIEW 41 161 MORI_V1__Drive_Motor_L
00:15.119  render           | Saved: '/Users/dean/Documents/MORI/mechanical/renders/parts/Drive_Motor_R.png'
PART_PREVIEW 42 161 MORI_V1__Drive_Motor_R
00:15.434  render           | Saved: '/Users/dean/Documents/MORI/mechanical/renders/parts/Drive_R_-8_Nut.png'
PART_PREVIEW 43 161 MORI_V1__Drive_R_-8_Nut
00:15.743  render           | Saved: '/Users/dean/Documents/MORI/mechanical/renders/parts/Drive_R_-8_Screw.png'
PART_PREVIEW 44 161 MORI_V1__Drive_R_-8_Screw
00:16.054  render           | Saved: '/Users/dean/Documents/MORI/mechanical/renders/parts/Drive_R_8_Nut.png'
PART_PREVIEW 45 161 MORI_V1__Drive_R_8_Nut
00:16.392  render           | Saved: '/Users/dean/Documents/MORI/mechanical/renders/parts/Drive_R_8_Screw.png'
PART_PREVIEW 46 161 MORI_V1__Drive_R_8_Screw
00:16.711  render           | Saved: '/Users/dean/Documents/MORI/mechanical/renders/parts/Face_Joint_-1_0.0_Nut.png'
PART_PREVIEW 47 161 MORI_V1__Face_Joint_-1_0.0_Nut
00:17.031  render           | Saved: '/Users/dean/Documents/MORI/mechanical/renders/parts/Face_Joint_-1_0.0_Screw.png'
PART_PREVIEW 48 161 MORI_V1__Face_Joint_-1_0.0_Screw
00:17.362  render           | Saved: '/Users/dean/Documents/MORI/mechanical/renders/parts/Face_Joint_-1_7.0_Nut.png'
PART_PREVIEW 49 161 MORI_V1__Face_Joint_-1_7.0_Nut
00:17.685  render           | Saved: '/Users/dean/Documents/MORI/mechanical/renders/parts/Face_Joint_-1_7.0_Screw.png'
PART_PREVIEW 50 161 MORI_V1__Face_Joint_-1_7.0_Screw
00:18.020  render           | Saved: '/Users/dean/Documents/MORI/mechanical/renders/parts/Face_Joint_1_0.0_Nut.png'
PART_PREVIEW 51 161 MORI_V1__Face_Joint_1_0.0_Nut
00:18.348  render           | Saved: '/Users/dean/Documents/MORI/mechanical/renders/parts/Face_Joint_1_0.0_Screw.png'
PART_PREVIEW 52 161 MORI_V1__Face_Joint_1_0.0_Screw
00:18.662  render           | Saved: '/Users/dean/Documents/MORI/mechanical/renders/parts/Face_Joint_1_7.0_Nut.png'
PART_PREVIEW 53 161 MORI_V1__Face_Joint_1_7.0_Nut
00:18.989  render           | Saved: '/Users/dean/Documents/MORI/mechanical/renders/parts/Face_Joint_1_7.0_Screw.png'
PART_PREVIEW 54 161 MORI_V1__Face_Joint_1_7.0_Screw
00:19.310  render           | Saved: '/Users/dean/Documents/MORI/mechanical/renders/parts/Face_Mask.png'
PART_PREVIEW 55 161 MORI_V1__Face_Mask
00:19.663  render           | Saved: '/Users/dean/Documents/MORI/mechanical/renders/parts/Face_Protector.png'
PART_PREVIEW 56 161 MORI_V1__Face_Protector
00:19.997  render           | Saved: '/Users/dean/Documents/MORI/mechanical/renders/parts/Frame_Insert_0.png'
PART_PREVIEW 57 161 MORI_V1__Frame_Insert_0
00:20.350  render           | Saved: '/Users/dean/Documents/MORI/mechanical/renders/parts/Frame_Insert_1.png'
PART_PREVIEW 58 161 MORI_V1__Frame_Insert_1
00:20.685  render           | Saved: '/Users/dean/Documents/MORI/mechanical/renders/parts/Frame_Insert_2.png'
PART_PREVIEW 59 161 MORI_V1__Frame_Insert_2
00:21.029  render           | Saved: '/Users/dean/Documents/MORI/mechanical/renders/parts/Frame_Insert_3.png'
PART_PREVIEW 60 161 MORI_V1__Frame_Insert_3
00:21.389  render           | Saved: '/Users/dean/Documents/MORI/mechanical/renders/parts/Frame_Screw_0.png'
PART_PREVIEW 61 161 MORI_V1__Frame_Screw_0
00:21.769  render           | Saved: '/Users/dean/Documents/MORI/mechanical/renders/parts/Frame_Screw_1.png'
PART_PREVIEW 62 161 MORI_V1__Frame_Screw_1
00:22.149  render           | Saved: '/Users/dean/Documents/MORI/mechanical/renders/parts/Frame_Screw_2.png'
PART_PREVIEW 63 161 MORI_V1__Frame_Screw_2
00:22.556  render           | Saved: '/Users/dean/Documents/MORI/mechanical/renders/parts/Frame_Screw_3.png'
PART_PREVIEW 64 161 MORI_V1__Frame_Screw_3
00:22.910  render           | Saved: '/Users/dean/Documents/MORI/mechanical/renders/parts/Gimbal_Base_-13_Nut.png'
PART_PREVIEW 65 161 MORI_V1__Gimbal_Base_-13_Nut
00:23.264  render           | Saved: '/Users/dean/Documents/MORI/mechanical/renders/parts/Gimbal_Base_-13_Screw.png'
PART_PREVIEW 66 161 MORI_V1__Gimbal_Base_-13_Screw
00:23.698  render           | Saved: '/Users/dean/Documents/MORI/mechanical/renders/parts/Gimbal_Base_13_Nut.png'
PART_PREVIEW 67 161 MORI_V1__Gimbal_Base_13_Nut
00:24.055  render           | Saved: '/Users/dean/Documents/MORI/mechanical/renders/parts/Gimbal_Base_13_Screw.png'
PART_PREVIEW 68 161 MORI_V1__Gimbal_Base_13_Screw
00:24.452  render           | Saved: '/Users/dean/Documents/MORI/mechanical/renders/parts/Head_Front.png'
PART_PREVIEW 69 161 MORI_V1__Head_Front
00:24.928  render           | Saved: '/Users/dean/Documents/MORI/mechanical/renders/parts/Head_Rear.png'
PART_PREVIEW 70 161 MORI_V1__Head_Rear
00:25.280  render           | Saved: '/Users/dean/Documents/MORI/mechanical/renders/parts/Head_Yaw_Ear_0_Nut.png'
PART_PREVIEW 71 161 MORI_V1__Head_Yaw_Ear_0_Nut
00:25.640  render           | Saved: '/Users/dean/Documents/MORI/mechanical/renders/parts/Head_Yaw_Ear_0_Screw.png'
PART_PREVIEW 72 161 MORI_V1__Head_Yaw_Ear_0_Screw
00:26.003  render           | Saved: '/Users/dean/Documents/MORI/mechanical/renders/parts/Head_Yaw_Ear_1_Nut.png'
PART_PREVIEW 73 161 MORI_V1__Head_Yaw_Ear_1_Nut
00:26.358  render           | Saved: '/Users/dean/Documents/MORI/mechanical/renders/parts/Head_Yaw_Ear_1_Screw.png'
PART_PREVIEW 74 161 MORI_V1__Head_Yaw_Ear_1_Screw
00:26.703  render           | Saved: '/Users/dean/Documents/MORI/mechanical/renders/parts/IMU_Insert_0.png'
PART_PREVIEW 75 161 MORI_V1__IMU_Insert_0
00:27.048  render           | Saved: '/Users/dean/Documents/MORI/mechanical/renders/parts/IMU_Insert_1.png'
PART_PREVIEW 76 161 MORI_V1__IMU_Insert_1
00:27.410  render           | Saved: '/Users/dean/Documents/MORI/mechanical/renders/parts/IMU_Screw_0.png'
PART_PREVIEW 77 161 MORI_V1__IMU_Screw_0
00:27.772  render           | Saved: '/Users/dean/Documents/MORI/mechanical/renders/parts/IMU_Screw_1.png'
PART_PREVIEW 78 161 MORI_V1__IMU_Screw_1
00:28.190  render           | Saved: '/Users/dean/Documents/MORI/mechanical/renders/parts/Load_Frame.png'
PART_PREVIEW 79 161 MORI_V1__Load_Frame
00:28.596  render           | Saved: '/Users/dean/Documents/MORI/mechanical/renders/parts/MCU_Carrier.png'
PART_PREVIEW 80 161 MORI_V1__MCU_Carrier
00:29.206  render           | Saved: '/Users/dean/Documents/MORI/mechanical/renders/parts/MCU_Motion.png'
PART_PREVIEW 81 161 MORI_V1__MCU_Motion
00:29.595  render           | Saved: '/Users/dean/Documents/MORI/mechanical/renders/parts/Mic_Duct_L.png'
PART_PREVIEW 82 161 MORI_V1__Mic_Duct_L
00:29.989  render           | Saved: '/Users/dean/Documents/MORI/mechanical/renders/parts/Mic_Duct_R.png'
PART_PREVIEW 83 161 MORI_V1__Mic_Duct_R
00:30.363  render           | Saved: '/Users/dean/Documents/MORI/mechanical/renders/parts/Motor_Retainer.png'
PART_PREVIEW 84 161 MORI_V1__Motor_Retainer
00:30.720  render           | Saved: '/Users/dean/Documents/MORI/mechanical/renders/parts/Motor_Retainer_Insert_0.png'
PART_PREVIEW 85 161 MORI_V1__Motor_Retainer_Insert_0
00:31.087  render           | Saved: '/Users/dean/Documents/MORI/mechanical/renders/parts/Motor_Retainer_Insert_1.png'
PART_PREVIEW 86 161 MORI_V1__Motor_Retainer_Insert_1
00:31.474  render           | Saved: '/Users/dean/Documents/MORI/mechanical/renders/parts/Motor_Retainer_Pad_-1.png'
PART_PREVIEW 87 161 MORI_V1__Motor_Retainer_Pad_-1
00:31.860  render           | Saved: '/Users/dean/Documents/MORI/mechanical/renders/parts/Motor_Retainer_Pad_1.png'
PART_PREVIEW 88 161 MORI_V1__Motor_Retainer_Pad_1
00:32.255  render           | Saved: '/Users/dean/Documents/MORI/mechanical/renders/parts/Motor_Retainer_Screw_0.png'
PART_PREVIEW 89 161 MORI_V1__Motor_Retainer_Screw_0
00:32.637  render           | Saved: '/Users/dean/Documents/MORI/mechanical/renders/parts/Motor_Retainer_Screw_1.png'
PART_PREVIEW 90 161 MORI_V1__Motor_Retainer_Screw_1
00:33.005  render           | Saved: '/Users/dean/Documents/MORI/mechanical/renders/parts/Onboard_MIC_L.png'
PART_PREVIEW 91 161 MORI_V1__Onboard_MIC_L
00:33.362  render           | Saved: '/Users/dean/Documents/MORI/mechanical/renders/parts/Onboard_MIC_R.png'
PART_PREVIEW 92 161 MORI_V1__Onboard_MIC_R
00:33.763  render           | Saved: '/Users/dean/Documents/MORI/mechanical/renders/parts/Parking_Cradle.png'
PART_PREVIEW 93 161 MORI_V1__Parking_Cradle
00:34.182  render           | Saved: '/Users/dean/Documents/MORI/mechanical/renders/parts/Pitch_Bearing_L.png'
PART_PREVIEW 94 161 MORI_V1__Pitch_Bearing_L
00:34.612  render           | Saved: '/Users/dean/Documents/MORI/mechanical/renders/parts/Pitch_Bearing_R.png'
PART_PREVIEW 95 161 MORI_V1__Pitch_Bearing_R
00:35.027  render           | Saved: '/Users/dean/Documents/MORI/mechanical/renders/parts/Pitch_Cable_Clip.png'
PART_PREVIEW 96 161 MORI_V1__Pitch_Cable_Clip
00:35.433  render           | Saved: '/Users/dean/Documents/MORI/mechanical/renders/parts/Pitch_Cradle.png'
PART_PREVIEW 97 161 MORI_V1__Pitch_Cradle
00:35.833  render           | Saved: '/Users/dean/Documents/MORI/mechanical/renders/parts/Pitch_Horn.png'
PART_PREVIEW 98 161 MORI_V1__Pitch_Horn
00:36.192  render           | Saved: '/Users/dean/Documents/MORI/mechanical/renders/parts/Pitch_Lock_Screw.png'
PART_PREVIEW 99 161 MORI_V1__Pitch_Lock_Screw
00:36.572  render           | Saved: '/Users/dean/Documents/MORI/mechanical/renders/parts/Pitch_Output.png'
PART_PREVIEW 100 161 MORI_V1__Pitch_Output
00:36.991  render           | Saved: '/Users/dean/Documents/MORI/mechanical/renders/parts/Pitch_Servo.png'
PART_PREVIEW 101 161 MORI_V1__Pitch_Servo
00:37.413  render           | Saved: '/Users/dean/Documents/MORI/mechanical/renders/parts/Pitch_Trunnion_L.png'
PART_PREVIEW 102 161 MORI_V1__Pitch_Trunnion_L
00:37.818  render           | Saved: '/Users/dean/Documents/MORI/mechanical/renders/parts/Pitch_Trunnion_R.png'
PART_PREVIEW 103 161 MORI_V1__Pitch_Trunnion_R
00:38.256  render           | Saved: '/Users/dean/Documents/MORI/mechanical/renders/parts/Pitch_Yoke.png'
PART_PREVIEW 104 161 MORI_V1__Pitch_Yoke
00:38.666  render           | Saved: '/Users/dean/Documents/MORI/mechanical/renders/parts/Power_Module.png'
PART_PREVIEW 105 161 MORI_V1__Power_Module
00:39.121  render           | Saved: '/Users/dean/Documents/MORI/mechanical/renders/parts/Power_Switch.png'
PART_PREVIEW 106 161 MORI_V1__Power_Switch
00:39.527  render           | Saved: '/Users/dean/Documents/MORI/mechanical/renders/parts/Rear_Interface_Insert_0.png'
PART_PREVIEW 107 161 MORI_V1__Rear_Interface_Insert_0
00:39.890  render           | Saved: '/Users/dean/Documents/MORI/mechanical/renders/parts/Rear_Interface_Insert_1.png'
PART_PREVIEW 108 161 MORI_V1__Rear_Interface_Insert_1
00:40.318  render           | Saved: '/Users/dean/Documents/MORI/mechanical/renders/parts/Rear_Interface_PCB.png'
PART_PREVIEW 109 161 MORI_V1__Rear_Interface_PCB
00:40.687  render           | Saved: '/Users/dean/Documents/MORI/mechanical/renders/parts/Rear_Interface_Screw_0.png'
PART_PREVIEW 110 161 MORI_V1__Rear_Interface_Screw_0
00:41.035  render           | Saved: '/Users/dean/Documents/MORI/mechanical/renders/parts/Rear_Interface_Screw_1.png'
PART_PREVIEW 111 161 MORI_V1__Rear_Interface_Screw_1
00:41.385  render           | Saved: '/Users/dean/Documents/MORI/mechanical/renders/parts/S288_Output_L_Inner.png'
PART_PREVIEW 112 161 MORI_V1__S288_Output_L_Inner
00:41.732  render           | Saved: '/Users/dean/Documents/MORI/mechanical/renders/parts/S288_Output_L_Outer.png'
PART_PREVIEW 113 161 MORI_V1__S288_Output_L_Outer
00:42.087  render           | Saved: '/Users/dean/Documents/MORI/mechanical/renders/parts/S288_Output_R_Inner.png'
PART_PREVIEW 114 161 MORI_V1__S288_Output_R_Inner
00:42.436  render           | Saved: '/Users/dean/Documents/MORI/mechanical/renders/parts/S288_Output_R_Outer.png'
PART_PREVIEW 115 161 MORI_V1__S288_Output_R_Outer
00:42.769  render           | Saved: '/Users/dean/Documents/MORI/mechanical/renders/parts/Shell_Insert_0.png'
PART_PREVIEW 116 161 MORI_V1__Shell_Insert_0
00:43.100  render           | Saved: '/Users/dean/Documents/MORI/mechanical/renders/parts/Shell_Insert_1.png'
PART_PREVIEW 117 161 MORI_V1__Shell_Insert_1
00:43.430  render           | Saved: '/Users/dean/Documents/MORI/mechanical/renders/parts/Shell_Insert_2.png'
PART_PREVIEW 118 161 MORI_V1__Shell_Insert_2
00:43.761  render           | Saved: '/Users/dean/Documents/MORI/mechanical/renders/parts/Shell_Insert_3.png'
PART_PREVIEW 119 161 MORI_V1__Shell_Insert_3
00:44.084  render           | Saved: '/Users/dean/Documents/MORI/mechanical/renders/parts/Shell_Screw_0.png'
PART_PREVIEW 120 161 MORI_V1__Shell_Screw_0
00:44.410  render           | Saved: '/Users/dean/Documents/MORI/mechanical/renders/parts/Shell_Screw_1.png'
PART_PREVIEW 121 161 MORI_V1__Shell_Screw_1
00:44.732  render           | Saved: '/Users/dean/Documents/MORI/mechanical/renders/parts/Shell_Screw_2.png'
PART_PREVIEW 122 161 MORI_V1__Shell_Screw_2
00:45.063  render           | Saved: '/Users/dean/Documents/MORI/mechanical/renders/parts/Shell_Screw_3.png'
PART_PREVIEW 123 161 MORI_V1__Shell_Screw_3
00:45.421  render           | Saved: '/Users/dean/Documents/MORI/mechanical/renders/parts/Speaker.png'
PART_PREVIEW 124 161 MORI_V1__Speaker
00:45.727  render           | Saved: '/Users/dean/Documents/MORI/mechanical/renders/parts/Speaker_Gasket.png'
PART_PREVIEW 125 161 MORI_V1__Speaker_Gasket
00:46.070  render           | Saved: '/Users/dean/Documents/MORI/mechanical/renders/parts/Speaker_Insert_-1.png'
PART_PREVIEW 126 161 MORI_V1__Speaker_Insert_-1
00:46.413  render           | Saved: '/Users/dean/Documents/MORI/mechanical/renders/parts/Speaker_Insert_1.png'
PART_PREVIEW 127 161 MORI_V1__Speaker_Insert_1
00:46.857  render           | Saved: '/Users/dean/Documents/MORI/mechanical/renders/parts/Speaker_Mount.png'
PART_PREVIEW 128 161 MORI_V1__Speaker_Mount
00:47.205  render           | Saved: '/Users/dean/Documents/MORI/mechanical/renders/parts/Speaker_Screw_-1.png'
PART_PREVIEW 129 161 MORI_V1__Speaker_Screw_-1
00:47.547  render           | Saved: '/Users/dean/Documents/MORI/mechanical/renders/parts/Speaker_Screw_1.png'
PART_PREVIEW 130 161 MORI_V1__Speaker_Screw_1
00:47.887  render           | Saved: '/Users/dean/Documents/MORI/mechanical/renders/parts/Tire_L.png'
PART_PREVIEW 131 161 MORI_V1__Tire_L
00:48.228  render           | Saved: '/Users/dean/Documents/MORI/mechanical/renders/parts/Tire_R.png'
PART_PREVIEW 132 161 MORI_V1__Tire_R
00:48.602  render           | Saved: '/Users/dean/Documents/MORI/mechanical/renders/parts/USB_Receptacle.png'
PART_PREVIEW 133 161 MORI_V1__USB_Receptacle
00:48.914  render           | Saved: '/Users/dean/Documents/MORI/mechanical/renders/parts/Wheel_Axle_L.png'
PART_PREVIEW 134 161 MORI_V1__Wheel_Axle_L
00:49.227  render           | Saved: '/Users/dean/Documents/MORI/mechanical/renders/parts/Wheel_Axle_R.png'
PART_PREVIEW 135 161 MORI_V1__Wheel_Axle_R
00:49.602  render           | Saved: '/Users/dean/Documents/MORI/mechanical/renders/parts/Wheel_Bearing_L_33.png'
PART_PREVIEW 136 161 MORI_V1__Wheel_Bearing_L_33
00:49.980  render           | Saved: '/Users/dean/Documents/MORI/mechanical/renders/parts/Wheel_Bearing_L_39.png'
PART_PREVIEW 137 161 MORI_V1__Wheel_Bearing_L_39
00:50.370  render           | Saved: '/Users/dean/Documents/MORI/mechanical/renders/parts/Wheel_Bearing_R_33.png'
PART_PREVIEW 138 161 MORI_V1__Wheel_Bearing_R_33
00:50.747  render           | Saved: '/Users/dean/Documents/MORI/mechanical/renders/parts/Wheel_Bearing_R_39.png'
PART_PREVIEW 139 161 MORI_V1__Wheel_Bearing_R_39
00:51.097  render           | Saved: '/Users/dean/Documents/MORI/mechanical/renders/parts/Wheel_Cap_L.png'
PART_PREVIEW 140 161 MORI_V1__Wheel_Cap_L
00:51.459  render           | Saved: '/Users/dean/Documents/MORI/mechanical/renders/parts/Wheel_Cap_R.png'
PART_PREVIEW 141 161 MORI_V1__Wheel_Cap_R
00:51.818  render           | Saved: '/Users/dean/Documents/MORI/mechanical/renders/parts/Wheel_Coupler_L.png'
PART_PREVIEW 142 161 MORI_V1__Wheel_Coupler_L
00:52.172  render           | Saved: '/Users/dean/Documents/MORI/mechanical/renders/parts/Wheel_Coupler_R.png'
PART_PREVIEW 143 161 MORI_V1__Wheel_Coupler_R
00:52.538  render           | Saved: '/Users/dean/Documents/MORI/mechanical/renders/parts/Wheel_Hub_L.png'
PART_PREVIEW 144 161 MORI_V1__Wheel_Hub_L
00:52.901  render           | Saved: '/Users/dean/Documents/MORI/mechanical/renders/parts/Wheel_Hub_R.png'
PART_PREVIEW 145 161 MORI_V1__Wheel_Hub_R
00:53.270  render           | Saved: '/Users/dean/Documents/MORI/mechanical/renders/parts/Yaw_Base.png'
PART_PREVIEW 146 161 MORI_V1__Yaw_Base
00:53.598  render           | Saved: '/Users/dean/Documents/MORI/mechanical/renders/parts/Yaw_Base_-1_Nut.png'
PART_PREVIEW 147 161 MORI_V1__Yaw_Base_-1_Nut
00:53.926  render           | Saved: '/Users/dean/Documents/MORI/mechanical/renders/parts/Yaw_Base_-1_Screw.png'
PART_PREVIEW 148 161 MORI_V1__Yaw_Base_-1_Screw
00:54.252  render           | Saved: '/Users/dean/Documents/MORI/mechanical/renders/parts/Yaw_Base_1_Nut.png'
PART_PREVIEW 149 161 MORI_V1__Yaw_Base_1_Nut
00:54.574  render           | Saved: '/Users/dean/Documents/MORI/mechanical/renders/parts/Yaw_Base_1_Screw.png'
PART_PREVIEW 150 161 MORI_V1__Yaw_Base_1_Screw
00:54.925  render           | Saved: '/Users/dean/Documents/MORI/mechanical/renders/parts/Yaw_Bearing.png'
PART_PREVIEW 151 161 MORI_V1__Yaw_Bearing
00:55.264  render           | Saved: '/Users/dean/Documents/MORI/mechanical/renders/parts/Yaw_Horn.png'
PART_PREVIEW 152 161 MORI_V1__Yaw_Horn
00:55.574  render           | Saved: '/Users/dean/Documents/MORI/mechanical/renders/parts/Yaw_Lock_Screw.png'
PART_PREVIEW 153 161 MORI_V1__Yaw_Lock_Screw
00:55.904  render           | Saved: '/Users/dean/Documents/MORI/mechanical/renders/parts/Yaw_Output.png'
PART_PREVIEW 154 161 MORI_V1__Yaw_Output
00:56.238  render           | Saved: '/Users/dean/Documents/MORI/mechanical/renders/parts/Yaw_Reaction_Clamp_Nut.png'
PART_PREVIEW 155 161 MORI_V1__Yaw_Reaction_Clamp_Nut
00:56.559  render           | Saved: '/Users/dean/Documents/MORI/mechanical/renders/parts/Yaw_Reaction_Clamp_Screw.png'
PART_PREVIEW 156 161 MORI_V1__Yaw_Reaction_Clamp_Screw
00:56.922  render           | Saved: '/Users/dean/Documents/MORI/mechanical/renders/parts/Yaw_Reaction_Link.png'
PART_PREVIEW 157 161 MORI_V1__Yaw_Reaction_Link
00:57.265  render           | Saved: '/Users/dean/Documents/MORI/mechanical/renders/parts/Yaw_Reaction_Retainer_Nut.png'
PART_PREVIEW 158 161 MORI_V1__Yaw_Reaction_Retainer_Nut
00:57.581  render           | Saved: '/Users/dean/Documents/MORI/mechanical/renders/parts/Yaw_Reaction_Retainer_Screw.png'
PART_PREVIEW 159 161 MORI_V1__Yaw_Reaction_Retainer_Screw
00:57.945  render           | Saved: '/Users/dean/Documents/MORI/mechanical/renders/parts/Yaw_Servo.png'
PART_PREVIEW 160 161 MORI_V1__Yaw_Servo
00:58.316  render           | Saved: '/Users/dean/Documents/MORI/mechanical/renders/parts/Yaw_Turntable.png'
PART_PREVIEW 161 161 MORI_V1__Yaw_Turntable
CATALOG_COMPLETE
Blender 5.2.1 LTS (hash 9e2066aef7ef built 2026-08-25 01:35:57)

Blender quit
