2026-09-22 14:45:05.356 INFO   Freerouting v2.4.1 (build-date: 2026-09-03)
2026-09-22 14:45:06.745 INFO   [256E65\89A168] Loading board file 'MORI_imu_P2.dsn'...
2026-09-22 14:45:06.793 INFO   [256E65\89A168] Job '256E65\89A168' started at 2026-09-22T06:45:06.793683Z.
2026-09-22 14:45:06.826 INFO   [256E65\89A168] Auto-routing stage started on board '5773f1f8da16984ba91097ddf42ab7b2' for 24 unrouted items.
2026-09-22 14:45:07.105 INFO   [256E65\89A168] Auto-routing pass #1 on board '5773f1f8da16984ba91097ddf42ab7b2' was completed in 0.26 seconds with score 333.33 (13 unrouted and 15 violations).
2026-09-22 14:45:07.253 INFO   [256E65\89A168] Auto-routing pass #2 on board 'ddaa1615018db9b07fb8ed9fb57ba274' was completed in 0.14 seconds with score 375.00 (12 unrouted and 15 violations).
2026-09-22 14:45:07.354 INFO   [256E65\89A168] Auto-routing pass #3 on board '333c9292ecd62fb470c99237e6451984' was completed in 0.09 seconds with score 458.33 (10 unrouted and 15 violations).
2026-09-22 14:45:07.450 INFO   [256E65\89A168] Auto-routing pass #4 on board 'd8763f1e596326500100bde28339e6de' was completed in 0.09 seconds with score 500.00 (9 unrouted and 15 violations).
2026-09-22 14:45:07.536 INFO   [256E65\89A168] Auto-routing pass #5 on board 'c28074d74577fd41ead4a97059f5e8f1' was completed in 0.08 seconds with score 500.00 (9 unrouted and 15 violations).
2026-09-22 14:45:07.592 INFO   [256E65\89A168] Auto-routing pass #6 on board 'bb46400183eda1e9052ce34067971e94' was completed in 0.05 seconds with score 541.66 (8 unrouted and 15 violations).
2026-09-22 14:45:07.659 INFO   [256E65\89A168] Auto-routing pass #7 on board '6febef839d41ebdaec8bbb5b17dddac6' was completed in 0.06 seconds with score 583.33 (7 unrouted and 15 violations).
2026-09-22 14:45:07.686 INFO   [256E65\89A168] Auto-routing pass #8 on board '678c64e6cc0451ca187fbc7b36649264' was completed in 0.02 seconds with score 583.33 (7 unrouted and 15 violations).
2026-09-22 14:45:07.715 INFO   [256E65\89A168] Auto-routing pass #9 on board '685773af1bc4e6b0906a6eecffd89343' was completed in 0.02 seconds with score 583.33 (7 unrouted and 15 violations).
2026-09-22 14:45:07.737 INFO   [256E65\89A168] Auto-routing pass #10 on board '685773af1bc4e6b0906a6eecffd89343' was completed in 0.02 seconds with score 583.33 (7 unrouted and 15 violations).
2026-09-22 14:45:07.758 INFO   [256E65\89A168] Auto-routing pass #11 on board '685773af1bc4e6b0906a6eecffd89343' was completed in 0.02 seconds with score 583.33 (7 unrouted and 15 violations).
2026-09-22 14:45:07.779 INFO   [256E65\89A168] Auto-routing pass #12 on board '685773af1bc4e6b0906a6eecffd89343' was completed in 0.02 seconds with score 583.33 (7 unrouted and 15 violations).
2026-09-22 14:45:07.798 INFO   [256E65\89A168] Auto-routing pass #13 on board '685773af1bc4e6b0906a6eecffd89343' was completed in 0.02 seconds with score 583.33 (7 unrouted and 15 violations).
2026-09-22 14:45:07.822 INFO   [256E65\89A168] Auto-routing pass #14 on board '685773af1bc4e6b0906a6eecffd89343' was completed in 0.02 seconds with score 583.33 (7 unrouted and 15 violations), using 0.97 CPU seconds and the job allocated 9.22 GB of memory so far.
2026-09-22 14:45:07.842 INFO   [256E65\89A168] Auto-routing pass #15 on board '685773af1bc4e6b0906a6eecffd89343' was completed in 0.02 seconds with score 583.33 (7 unrouted and 15 violations), using 0.97 CPU seconds and the job allocated 9.22 GB of memory so far.
2026-09-22 14:45:07.862 INFO   [256E65\89A168] Auto-routing pass #16 on board '685773af1bc4e6b0906a6eecffd89343' was completed in 0.02 seconds with score 583.33 (7 unrouted and 15 violations), using 0.97 CPU seconds and the job allocated 9.22 GB of memory so far.
2026-09-22 14:45:07.883 INFO   [256E65\89A168] Auto-routing pass #17 on board '685773af1bc4e6b0906a6eecffd89343' was completed in 0.02 seconds with score 583.33 (7 unrouted and 15 violations), using 0.97 CPU seconds and the job allocated 9.22 GB of memory so far.
2026-09-22 14:45:07.904 INFO   [256E65\89A168] Auto-routing pass #18 on board '685773af1bc4e6b0906a6eecffd89343' was completed in 0.02 seconds with score 583.33 (7 unrouted and 15 violations), using 0.97 CPU seconds and the job allocated 9.22 GB of memory so far.
2026-09-22 14:45:07.905 INFO   [256E65\89A168] The router's score (583.33) has not improved by more than 0.5 points in the last 10 passes (7 items still unconnected). Stopping the auto-router.
The following connections could not be routed -- please review your design (e.g. check pad clearances, trace width rules, and available routing space):
  Net '/+3V3' (1 unrouted connection):
    - U1-8  ->  U1-5
  Net '/GND' (6 unrouted connections):
    - U1-2  ->  U1-3
    - U1-6  ->  U1-7
    - U1-10  ->  U1-9
    - U1-11  ->  U1-10
    - U1-9  ->  U1-7
    - U1-3  ->  U1-6
2026-09-22 14:45:07.917 INFO   [256E65\89A168] Auto-routing stage completed: started with 24 unrouted nets, completed in 1.10 seconds, final score: 583.33 (7 unrouted and 15 violations), using 0.97 total CPU seconds, 9.22 GB total allocated, and 329.3 MB peak heap usage.
2026-09-22 14:45:07.920 INFO   [256E65\89A168] Optimization stage started on board '685773af1bc4e6b0906a6eecffd89343' with score 583.33 (7 unrouted and 15 violations).
2026-09-22 14:45:07.979 INFO   [256E65\89A168] Optimizer pass #1 on board 'a77c9f0b6b971ff16afe80aef9d8b429' was completed in 0.05 seconds with the score of 583.33 (7 unrouted and 15 violations).
2026-09-22 14:45:07.981 INFO   [256E65\89A168] Stopping optimizer because the improvement in this pass (0.0000%) is below the threshold (1.00%).
2026-09-22 14:45:07.983 INFO   [256E65\89A168] Optimization stage completed: started with score 583.33 (7 unrouted and 15 violations), completed in 0.06 seconds, final score: 583.33 (7 unrouted and 15 violations), using 0.06 total CPU seconds, 1.39 GB total allocated, and 237.6 MB peak heap usage.
2026-09-22 14:45:07.985 INFO   [256E65\89A168] Job '256E65\89A168' finished with state: COMPLETED (elapsed: 1.19 seconds, finished at UTC: 2026-09-22T06:45:07.984864Z).
2026-09-22 14:45:08.013 INFO   Saving output file '/Users/dean/Documents/MORI/hardware/v1_2/kicad/MORI_imu_P2/MORI_imu_P2.ses' (SES)...
2026-09-22 14:45:08.014 INFO   Successfully saved output file '/Users/dean/Documents/MORI/hardware/v1_2/kicad/MORI_imu_P2/MORI_imu_P2.ses' (6877 bytes).
