00:00.318  blend            | Read blend: "/Users/dean/Documents/MORI/mechanical/mori_v1_2.blend"
00:00.863  render           | Saved: '/Users/dean/Documents/MORI/mechanical/renders/parts/Battery.png'
PART_PREVIEW 1 139 MORI_V1__Battery
00:01.159  render           | Saved: '/Users/dean/Documents/MORI/mechanical/renders/parts/Battery_Retainer_Insert_-1.png'
PART_PREVIEW 2 139 MORI_V1__Battery_Retainer_Insert_-1
00:01.469  render           | Saved: '/Users/dean/Documents/MORI/mechanical/renders/parts/Battery_Retainer_Insert_1.png'
PART_PREVIEW 3 139 MORI_V1__Battery_Retainer_Insert_1
00:01.783  render           | Saved: '/Users/dean/Documents/MORI/mechanical/renders/parts/Battery_Retainer_Screw_-1.png'
PART_PREVIEW 4 139 MORI_V1__Battery_Retainer_Screw_-1
00:02.092  render           | Saved: '/Users/dean/Documents/MORI/mechanical/renders/parts/Battery_Retainer_Screw_1.png'
PART_PREVIEW 5 139 MORI_V1__Battery_Retainer_Screw_1
00:02.414  render           | Saved: '/Users/dean/Documents/MORI/mechanical/renders/parts/Battery_Tray.png'
PART_PREVIEW 6 139 MORI_V1__Battery_Tray
00:02.767  render           | Saved: '/Users/dean/Documents/MORI/mechanical/renders/parts/Body_Cheek_L.png'
PART_PREVIEW 7 139 MORI_V1__Body_Cheek_L
00:03.108  render           | Saved: '/Users/dean/Documents/MORI/mechanical/renders/parts/Body_Cheek_R.png'
PART_PREVIEW 8 139 MORI_V1__Body_Cheek_R
00:03.461  render           | Saved: '/Users/dean/Documents/MORI/mechanical/renders/parts/Body_IMU.png'
PART_PREVIEW 9 139 MORI_V1__Body_IMU
00:03.820  render           | Saved: '/Users/dean/Documents/MORI/mechanical/renders/parts/Body_Lower.png'
PART_PREVIEW 10 139 MORI_V1__Body_Lower
00:04.115  render           | Saved: '/Users/dean/Documents/MORI/mechanical/renders/parts/Body_Top_Shroud.png'
PART_PREVIEW 11 139 MORI_V1__Body_Top_Shroud
00:04.484  render           | Saved: '/Users/dean/Documents/MORI/mechanical/renders/parts/Body_Upper.png'
PART_PREVIEW 12 139 MORI_V1__Body_Upper
00:04.799  render           | Saved: '/Users/dean/Documents/MORI/mechanical/renders/parts/Button_Cap.png'
PART_PREVIEW 13 139 MORI_V1__Button_Cap
00:05.141  render           | Saved: '/Users/dean/Documents/MORI/mechanical/renders/parts/CAM_Mainboard.png'
PART_PREVIEW 14 139 MORI_V1__CAM_Mainboard
00:05.474  render           | Saved: '/Users/dean/Documents/MORI/mechanical/renders/parts/Camera_Baffle.png'
PART_PREVIEW 15 139 MORI_V1__Camera_Baffle
00:05.824  render           | Saved: '/Users/dean/Documents/MORI/mechanical/renders/parts/Camera_Lens.png'
PART_PREVIEW 16 139 MORI_V1__Camera_Lens
00:06.176  render           | Saved: '/Users/dean/Documents/MORI/mechanical/renders/parts/Camera_PCB.png'
PART_PREVIEW 17 139 MORI_V1__Camera_PCB
00:06.512  render           | Saved: '/Users/dean/Documents/MORI/mechanical/renders/parts/Camera_Window.png'
PART_PREVIEW 18 139 MORI_V1__Camera_Window
00:06.845  render           | Saved: '/Users/dean/Documents/MORI/mechanical/renders/parts/Coupon_Insert.png'
PART_PREVIEW 19 139 MORI_V1__Coupon_Insert
00:07.199  render           | Saved: '/Users/dean/Documents/MORI/mechanical/renders/parts/Coupon_Mating_Tab.png'
PART_PREVIEW 20 139 MORI_V1__Coupon_Mating_Tab
00:07.511  render           | Saved: '/Users/dean/Documents/MORI/mechanical/renders/parts/Coupon_Plane_Fit.png'
PART_PREVIEW 21 139 MORI_V1__Coupon_Plane_Fit
00:07.810  render           | Saved: '/Users/dean/Documents/MORI/mechanical/renders/parts/Deck_L_-8_Nut.png'
PART_PREVIEW 22 139 MORI_V1__Deck_L_-8_Nut
00:08.106  render           | Saved: '/Users/dean/Documents/MORI/mechanical/renders/parts/Deck_L_-8_Screw.png'
PART_PREVIEW 23 139 MORI_V1__Deck_L_-8_Screw
00:08.420  render           | Saved: '/Users/dean/Documents/MORI/mechanical/renders/parts/Deck_L_8_Nut.png'
PART_PREVIEW 24 139 MORI_V1__Deck_L_8_Nut
00:08.720  render           | Saved: '/Users/dean/Documents/MORI/mechanical/renders/parts/Deck_L_8_Screw.png'
PART_PREVIEW 25 139 MORI_V1__Deck_L_8_Screw
00:09.020  render           | Saved: '/Users/dean/Documents/MORI/mechanical/renders/parts/Deck_R_-8_Nut.png'
PART_PREVIEW 26 139 MORI_V1__Deck_R_-8_Nut
00:09.318  render           | Saved: '/Users/dean/Documents/MORI/mechanical/renders/parts/Deck_R_-8_Screw.png'
PART_PREVIEW 27 139 MORI_V1__Deck_R_-8_Screw
00:09.621  render           | Saved: '/Users/dean/Documents/MORI/mechanical/renders/parts/Deck_R_8_Nut.png'
PART_PREVIEW 28 139 MORI_V1__Deck_R_8_Nut
00:09.922  render           | Saved: '/Users/dean/Documents/MORI/mechanical/renders/parts/Deck_R_8_Screw.png'
PART_PREVIEW 29 139 MORI_V1__Deck_R_8_Screw
00:10.231  render           | Saved: '/Users/dean/Documents/MORI/mechanical/renders/parts/Display_Frame.png'
PART_PREVIEW 30 139 MORI_V1__Display_Frame
00:10.722  render           | Saved: '/Users/dean/Documents/MORI/mechanical/renders/parts/Display_PCB.png'
PART_PREVIEW 31 139 MORI_V1__Display_PCB
00:11.017  render           | Saved: '/Users/dean/Documents/MORI/mechanical/renders/parts/Dock_Pad_0.png'
PART_PREVIEW 32 139 MORI_V1__Dock_Pad_0
00:11.325  render           | Saved: '/Users/dean/Documents/MORI/mechanical/renders/parts/Dock_Pad_1.png'
PART_PREVIEW 33 139 MORI_V1__Dock_Pad_1
00:11.640  render           | Saved: '/Users/dean/Documents/MORI/mechanical/renders/parts/Dock_Pad_2.png'
PART_PREVIEW 34 139 MORI_V1__Dock_Pad_2
00:11.970  render           | Saved: '/Users/dean/Documents/MORI/mechanical/renders/parts/Dock_Pad_3.png'
PART_PREVIEW 35 139 MORI_V1__Dock_Pad_3
00:12.343  render           | Saved: '/Users/dean/Documents/MORI/mechanical/renders/parts/Drive_Bridge.png'
PART_PREVIEW 36 139 MORI_V1__Drive_Bridge
00:12.662  render           | Saved: '/Users/dean/Documents/MORI/mechanical/renders/parts/Drive_L_-8_Nut.png'
PART_PREVIEW 37 139 MORI_V1__Drive_L_-8_Nut
00:12.977  render           | Saved: '/Users/dean/Documents/MORI/mechanical/renders/parts/Drive_L_-8_Screw.png'
PART_PREVIEW 38 139 MORI_V1__Drive_L_-8_Screw
00:13.278  render           | Saved: '/Users/dean/Documents/MORI/mechanical/renders/parts/Drive_L_8_Nut.png'
PART_PREVIEW 39 139 MORI_V1__Drive_L_8_Nut
00:13.594  render           | Saved: '/Users/dean/Documents/MORI/mechanical/renders/parts/Drive_L_8_Screw.png'
PART_PREVIEW 40 139 MORI_V1__Drive_L_8_Screw
00:13.970  render           | Saved: '/Users/dean/Documents/MORI/mechanical/renders/parts/Drive_Motor_L.png'
PART_PREVIEW 41 139 MORI_V1__Drive_Motor_L
00:14.350  render           | Saved: '/Users/dean/Documents/MORI/mechanical/renders/parts/Drive_Motor_R.png'
PART_PREVIEW 42 139 MORI_V1__Drive_Motor_R
00:14.651  render           | Saved: '/Users/dean/Documents/MORI/mechanical/renders/parts/Drive_R_-8_Nut.png'
PART_PREVIEW 43 139 MORI_V1__Drive_R_-8_Nut
00:14.947  render           | Saved: '/Users/dean/Documents/MORI/mechanical/renders/parts/Drive_R_-8_Screw.png'
PART_PREVIEW 44 139 MORI_V1__Drive_R_-8_Screw
00:15.246  render           | Saved: '/Users/dean/Documents/MORI/mechanical/renders/parts/Drive_R_8_Nut.png'
PART_PREVIEW 45 139 MORI_V1__Drive_R_8_Nut
00:15.538  render           | Saved: '/Users/dean/Documents/MORI/mechanical/renders/parts/Drive_R_8_Screw.png'
PART_PREVIEW 46 139 MORI_V1__Drive_R_8_Screw
00:15.838  render           | Saved: '/Users/dean/Documents/MORI/mechanical/renders/parts/Face_Joint_-1_0.0_Nut.png'
PART_PREVIEW 47 139 MORI_V1__Face_Joint_-1_0.0_Nut
00:16.137  render           | Saved: '/Users/dean/Documents/MORI/mechanical/renders/parts/Face_Joint_-1_0.0_Screw.png'
PART_PREVIEW 48 139 MORI_V1__Face_Joint_-1_0.0_Screw
00:16.443  render           | Saved: '/Users/dean/Documents/MORI/mechanical/renders/parts/Face_Joint_-1_7.0_Nut.png'
PART_PREVIEW 49 139 MORI_V1__Face_Joint_-1_7.0_Nut
00:16.745  render           | Saved: '/Users/dean/Documents/MORI/mechanical/renders/parts/Face_Joint_-1_7.0_Screw.png'
PART_PREVIEW 50 139 MORI_V1__Face_Joint_-1_7.0_Screw
00:17.042  render           | Saved: '/Users/dean/Documents/MORI/mechanical/renders/parts/Face_Joint_1_0.0_Nut.png'
PART_PREVIEW 51 139 MORI_V1__Face_Joint_1_0.0_Nut
00:17.361  render           | Saved: '/Users/dean/Documents/MORI/mechanical/renders/parts/Face_Joint_1_0.0_Screw.png'
PART_PREVIEW 52 139 MORI_V1__Face_Joint_1_0.0_Screw
00:17.663  render           | Saved: '/Users/dean/Documents/MORI/mechanical/renders/parts/Face_Joint_1_7.0_Nut.png'
PART_PREVIEW 53 139 MORI_V1__Face_Joint_1_7.0_Nut
00:17.958  render           | Saved: '/Users/dean/Documents/MORI/mechanical/renders/parts/Face_Joint_1_7.0_Screw.png'
PART_PREVIEW 54 139 MORI_V1__Face_Joint_1_7.0_Screw
00:18.262  render           | Saved: '/Users/dean/Documents/MORI/mechanical/renders/parts/Face_Mask.png'
PART_PREVIEW 55 139 MORI_V1__Face_Mask
00:18.599  render           | Saved: '/Users/dean/Documents/MORI/mechanical/renders/parts/Face_Protector.png'
PART_PREVIEW 56 139 MORI_V1__Face_Protector
00:18.920  render           | Saved: '/Users/dean/Documents/MORI/mechanical/renders/parts/Frame_Insert_0.png'
PART_PREVIEW 57 139 MORI_V1__Frame_Insert_0
00:19.225  render           | Saved: '/Users/dean/Documents/MORI/mechanical/renders/parts/Frame_Insert_1.png'
PART_PREVIEW 58 139 MORI_V1__Frame_Insert_1
00:19.532  render           | Saved: '/Users/dean/Documents/MORI/mechanical/renders/parts/Frame_Insert_2.png'
PART_PREVIEW 59 139 MORI_V1__Frame_Insert_2
00:19.843  render           | Saved: '/Users/dean/Documents/MORI/mechanical/renders/parts/Frame_Insert_3.png'
PART_PREVIEW 60 139 MORI_V1__Frame_Insert_3
00:20.160  render           | Saved: '/Users/dean/Documents/MORI/mechanical/renders/parts/Frame_Screw_0.png'
PART_PREVIEW 61 139 MORI_V1__Frame_Screw_0
00:20.478  render           | Saved: '/Users/dean/Documents/MORI/mechanical/renders/parts/Frame_Screw_1.png'
PART_PREVIEW 62 139 MORI_V1__Frame_Screw_1
00:20.789  render           | Saved: '/Users/dean/Documents/MORI/mechanical/renders/parts/Frame_Screw_2.png'
PART_PREVIEW 63 139 MORI_V1__Frame_Screw_2
00:21.116  render           | Saved: '/Users/dean/Documents/MORI/mechanical/renders/parts/Frame_Screw_3.png'
PART_PREVIEW 64 139 MORI_V1__Frame_Screw_3
00:21.434  render           | Saved: '/Users/dean/Documents/MORI/mechanical/renders/parts/Function_Button.png'
PART_PREVIEW 65 139 MORI_V1__Function_Button
00:21.732  render           | Saved: '/Users/dean/Documents/MORI/mechanical/renders/parts/Gimbal_Base_-13_Nut.png'
PART_PREVIEW 66 139 MORI_V1__Gimbal_Base_-13_Nut
00:22.027  render           | Saved: '/Users/dean/Documents/MORI/mechanical/renders/parts/Gimbal_Base_-13_Screw.png'
PART_PREVIEW 67 139 MORI_V1__Gimbal_Base_-13_Screw
00:22.317  render           | Saved: '/Users/dean/Documents/MORI/mechanical/renders/parts/Gimbal_Base_13_Nut.png'
PART_PREVIEW 68 139 MORI_V1__Gimbal_Base_13_Nut
00:22.623  render           | Saved: '/Users/dean/Documents/MORI/mechanical/renders/parts/Gimbal_Base_13_Screw.png'
PART_PREVIEW 69 139 MORI_V1__Gimbal_Base_13_Screw
00:22.967  render           | Saved: '/Users/dean/Documents/MORI/mechanical/renders/parts/Head_Front.png'
PART_PREVIEW 70 139 MORI_V1__Head_Front
00:23.355  render           | Saved: '/Users/dean/Documents/MORI/mechanical/renders/parts/Head_Rear.png'
PART_PREVIEW 71 139 MORI_V1__Head_Rear
00:23.673  render           | Saved: '/Users/dean/Documents/MORI/mechanical/renders/parts/Load_Frame.png'
PART_PREVIEW 72 139 MORI_V1__Load_Frame
00:24.009  render           | Saved: '/Users/dean/Documents/MORI/mechanical/renders/parts/MCU_Motion.png'
PART_PREVIEW 73 139 MORI_V1__MCU_Motion
00:24.309  render           | Saved: '/Users/dean/Documents/MORI/mechanical/renders/parts/Mic_Duct_L.png'
PART_PREVIEW 74 139 MORI_V1__Mic_Duct_L
00:24.617  render           | Saved: '/Users/dean/Documents/MORI/mechanical/renders/parts/Mic_Duct_R.png'
PART_PREVIEW 75 139 MORI_V1__Mic_Duct_R
00:24.946  render           | Saved: '/Users/dean/Documents/MORI/mechanical/renders/parts/Motor_Retainer.png'
PART_PREVIEW 76 139 MORI_V1__Motor_Retainer
00:25.241  render           | Saved: '/Users/dean/Documents/MORI/mechanical/renders/parts/Motor_Retainer_Insert_0.png'
PART_PREVIEW 77 139 MORI_V1__Motor_Retainer_Insert_0
00:25.549  render           | Saved: '/Users/dean/Documents/MORI/mechanical/renders/parts/Motor_Retainer_Insert_1.png'
PART_PREVIEW 78 139 MORI_V1__Motor_Retainer_Insert_1
00:25.866  render           | Saved: '/Users/dean/Documents/MORI/mechanical/renders/parts/Motor_Retainer_Pad_-1.png'
PART_PREVIEW 79 139 MORI_V1__Motor_Retainer_Pad_-1
00:26.176  render           | Saved: '/Users/dean/Documents/MORI/mechanical/renders/parts/Motor_Retainer_Pad_1.png'
PART_PREVIEW 80 139 MORI_V1__Motor_Retainer_Pad_1
00:26.493  render           | Saved: '/Users/dean/Documents/MORI/mechanical/renders/parts/Motor_Retainer_Screw_0.png'
PART_PREVIEW 81 139 MORI_V1__Motor_Retainer_Screw_0
00:26.797  render           | Saved: '/Users/dean/Documents/MORI/mechanical/renders/parts/Motor_Retainer_Screw_1.png'
PART_PREVIEW 82 139 MORI_V1__Motor_Retainer_Screw_1
00:27.118  render           | Saved: '/Users/dean/Documents/MORI/mechanical/renders/parts/Parking_Cradle.png'
PART_PREVIEW 83 139 MORI_V1__Parking_Cradle
00:27.459  render           | Saved: '/Users/dean/Documents/MORI/mechanical/renders/parts/Pitch_Bearing_L.png'
PART_PREVIEW 84 139 MORI_V1__Pitch_Bearing_L
00:27.800  render           | Saved: '/Users/dean/Documents/MORI/mechanical/renders/parts/Pitch_Bearing_R.png'
PART_PREVIEW 85 139 MORI_V1__Pitch_Bearing_R
00:28.126  render           | Saved: '/Users/dean/Documents/MORI/mechanical/renders/parts/Pitch_Cable_Clip.png'
PART_PREVIEW 86 139 MORI_V1__Pitch_Cable_Clip
00:28.451  render           | Saved: '/Users/dean/Documents/MORI/mechanical/renders/parts/Pitch_Cradle.png'
PART_PREVIEW 87 139 MORI_V1__Pitch_Cradle
00:28.771  render           | Saved: '/Users/dean/Documents/MORI/mechanical/renders/parts/Pitch_Horn.png'
PART_PREVIEW 88 139 MORI_V1__Pitch_Horn
00:29.072  render           | Saved: '/Users/dean/Documents/MORI/mechanical/renders/parts/Pitch_Lock_Screw.png'
PART_PREVIEW 89 139 MORI_V1__Pitch_Lock_Screw
00:29.373  render           | Saved: '/Users/dean/Documents/MORI/mechanical/renders/parts/Pitch_Output.png'
PART_PREVIEW 90 139 MORI_V1__Pitch_Output
00:29.707  render           | Saved: '/Users/dean/Documents/MORI/mechanical/renders/parts/Pitch_Servo.png'
PART_PREVIEW 91 139 MORI_V1__Pitch_Servo
00:30.076  render           | Saved: '/Users/dean/Documents/MORI/mechanical/renders/parts/Pitch_Trunnion_L.png'
PART_PREVIEW 92 139 MORI_V1__Pitch_Trunnion_L
00:30.404  render           | Saved: '/Users/dean/Documents/MORI/mechanical/renders/parts/Pitch_Trunnion_R.png'
PART_PREVIEW 93 139 MORI_V1__Pitch_Trunnion_R
00:30.763  render           | Saved: '/Users/dean/Documents/MORI/mechanical/renders/parts/Pitch_Yoke.png'
PART_PREVIEW 94 139 MORI_V1__Pitch_Yoke
00:31.083  render           | Saved: '/Users/dean/Documents/MORI/mechanical/renders/parts/Power_Module.png'
PART_PREVIEW 95 139 MORI_V1__Power_Module
00:31.435  render           | Saved: '/Users/dean/Documents/MORI/mechanical/renders/parts/Power_Switch.png'
PART_PREVIEW 96 139 MORI_V1__Power_Switch
00:31.764  render           | Saved: '/Users/dean/Documents/MORI/mechanical/renders/parts/S288_Output_L_Inner.png'
PART_PREVIEW 97 139 MORI_V1__S288_Output_L_Inner
00:32.104  render           | Saved: '/Users/dean/Documents/MORI/mechanical/renders/parts/S288_Output_L_Outer.png'
PART_PREVIEW 98 139 MORI_V1__S288_Output_L_Outer
00:32.421  render           | Saved: '/Users/dean/Documents/MORI/mechanical/renders/parts/S288_Output_R_Inner.png'
PART_PREVIEW 99 139 MORI_V1__S288_Output_R_Inner
00:32.756  render           | Saved: '/Users/dean/Documents/MORI/mechanical/renders/parts/S288_Output_R_Outer.png'
PART_PREVIEW 100 139 MORI_V1__S288_Output_R_Outer
00:33.060  render           | Saved: '/Users/dean/Documents/MORI/mechanical/renders/parts/Shell_Insert_0.png'
PART_PREVIEW 101 139 MORI_V1__Shell_Insert_0
00:33.362  render           | Saved: '/Users/dean/Documents/MORI/mechanical/renders/parts/Shell_Insert_1.png'
PART_PREVIEW 102 139 MORI_V1__Shell_Insert_1
00:33.688  render           | Saved: '/Users/dean/Documents/MORI/mechanical/renders/parts/Shell_Insert_2.png'
PART_PREVIEW 103 139 MORI_V1__Shell_Insert_2
00:33.990  render           | Saved: '/Users/dean/Documents/MORI/mechanical/renders/parts/Shell_Insert_3.png'
PART_PREVIEW 104 139 MORI_V1__Shell_Insert_3
00:34.298  render           | Saved: '/Users/dean/Documents/MORI/mechanical/renders/parts/Shell_Screw_0.png'
PART_PREVIEW 105 139 MORI_V1__Shell_Screw_0
00:34.597  render           | Saved: '/Users/dean/Documents/MORI/mechanical/renders/parts/Shell_Screw_1.png'
PART_PREVIEW 106 139 MORI_V1__Shell_Screw_1
00:34.895  render           | Saved: '/Users/dean/Documents/MORI/mechanical/renders/parts/Shell_Screw_2.png'
PART_PREVIEW 107 139 MORI_V1__Shell_Screw_2
00:35.197  render           | Saved: '/Users/dean/Documents/MORI/mechanical/renders/parts/Shell_Screw_3.png'
PART_PREVIEW 108 139 MORI_V1__Shell_Screw_3
00:35.559  render           | Saved: '/Users/dean/Documents/MORI/mechanical/renders/parts/Speaker.png'
PART_PREVIEW 109 139 MORI_V1__Speaker
00:35.919  render           | Saved: '/Users/dean/Documents/MORI/mechanical/renders/parts/Speaker_Mount.png'
PART_PREVIEW 110 139 MORI_V1__Speaker_Mount
00:36.240  render           | Saved: '/Users/dean/Documents/MORI/mechanical/renders/parts/Tire_L.png'
PART_PREVIEW 111 139 MORI_V1__Tire_L
00:36.565  render           | Saved: '/Users/dean/Documents/MORI/mechanical/renders/parts/Tire_R.png'
PART_PREVIEW 112 139 MORI_V1__Tire_R
00:36.904  render           | Saved: '/Users/dean/Documents/MORI/mechanical/renders/parts/USB_Charge.png'
PART_PREVIEW 113 139 MORI_V1__USB_Charge
00:37.239  render           | Saved: '/Users/dean/Documents/MORI/mechanical/renders/parts/USB_Receptacle.png'
PART_PREVIEW 114 139 MORI_V1__USB_Receptacle
00:37.529  render           | Saved: '/Users/dean/Documents/MORI/mechanical/renders/parts/Wheel_Axle_L.png'
PART_PREVIEW 115 139 MORI_V1__Wheel_Axle_L
00:37.811  render           | Saved: '/Users/dean/Documents/MORI/mechanical/renders/parts/Wheel_Axle_R.png'
PART_PREVIEW 116 139 MORI_V1__Wheel_Axle_R
00:38.175  render           | Saved: '/Users/dean/Documents/MORI/mechanical/renders/parts/Wheel_Bearing_L_33.png'
PART_PREVIEW 117 139 MORI_V1__Wheel_Bearing_L_33
00:38.523  render           | Saved: '/Users/dean/Documents/MORI/mechanical/renders/parts/Wheel_Bearing_L_39.png'
PART_PREVIEW 118 139 MORI_V1__Wheel_Bearing_L_39
00:38.866  render           | Saved: '/Users/dean/Documents/MORI/mechanical/renders/parts/Wheel_Bearing_R_33.png'
PART_PREVIEW 119 139 MORI_V1__Wheel_Bearing_R_33
00:39.222  render           | Saved: '/Users/dean/Documents/MORI/mechanical/renders/parts/Wheel_Bearing_R_39.png'
PART_PREVIEW 120 139 MORI_V1__Wheel_Bearing_R_39
00:39.533  render           | Saved: '/Users/dean/Documents/MORI/mechanical/renders/parts/Wheel_Cap_L.png'
PART_PREVIEW 121 139 MORI_V1__Wheel_Cap_L
00:39.861  render           | Saved: '/Users/dean/Documents/MORI/mechanical/renders/parts/Wheel_Cap_R.png'
PART_PREVIEW 122 139 MORI_V1__Wheel_Cap_R
00:40.182  render           | Saved: '/Users/dean/Documents/MORI/mechanical/renders/parts/Wheel_Coupler_L.png'
PART_PREVIEW 123 139 MORI_V1__Wheel_Coupler_L
00:40.512  render           | Saved: '/Users/dean/Documents/MORI/mechanical/renders/parts/Wheel_Coupler_R.png'
PART_PREVIEW 124 139 MORI_V1__Wheel_Coupler_R
00:40.841  render           | Saved: '/Users/dean/Documents/MORI/mechanical/renders/parts/Wheel_Hub_L.png'
PART_PREVIEW 125 139 MORI_V1__Wheel_Hub_L
00:41.171  render           | Saved: '/Users/dean/Documents/MORI/mechanical/renders/parts/Wheel_Hub_R.png'
PART_PREVIEW 126 139 MORI_V1__Wheel_Hub_R
00:41.542  render           | Saved: '/Users/dean/Documents/MORI/mechanical/renders/parts/Yaw_Base.png'
PART_PREVIEW 127 139 MORI_V1__Yaw_Base
00:41.846  render           | Saved: '/Users/dean/Documents/MORI/mechanical/renders/parts/Yaw_Base_-1_Nut.png'
PART_PREVIEW 128 139 MORI_V1__Yaw_Base_-1_Nut
00:42.149  render           | Saved: '/Users/dean/Documents/MORI/mechanical/renders/parts/Yaw_Base_-1_Screw.png'
PART_PREVIEW 129 139 MORI_V1__Yaw_Base_-1_Screw
00:42.451  render           | Saved: '/Users/dean/Documents/MORI/mechanical/renders/parts/Yaw_Base_1_Nut.png'
PART_PREVIEW 130 139 MORI_V1__Yaw_Base_1_Nut
00:42.766  render           | Saved: '/Users/dean/Documents/MORI/mechanical/renders/parts/Yaw_Base_1_Screw.png'
PART_PREVIEW 131 139 MORI_V1__Yaw_Base_1_Screw
00:43.101  render           | Saved: '/Users/dean/Documents/MORI/mechanical/renders/parts/Yaw_Bearing.png'
PART_PREVIEW 132 139 MORI_V1__Yaw_Bearing
00:43.457  render           | Saved: '/Users/dean/Documents/MORI/mechanical/renders/parts/Yaw_Cable_Clip.png'
PART_PREVIEW 133 139 MORI_V1__Yaw_Cable_Clip
00:43.759  render           | Saved: '/Users/dean/Documents/MORI/mechanical/renders/parts/Yaw_Horn.png'
PART_PREVIEW 134 139 MORI_V1__Yaw_Horn
00:44.049  render           | Saved: '/Users/dean/Documents/MORI/mechanical/renders/parts/Yaw_Lock_Screw.png'
PART_PREVIEW 135 139 MORI_V1__Yaw_Lock_Screw
00:44.354  render           | Saved: '/Users/dean/Documents/MORI/mechanical/renders/parts/Yaw_Output.png'
PART_PREVIEW 136 139 MORI_V1__Yaw_Output
00:44.699  render           | Saved: '/Users/dean/Documents/MORI/mechanical/renders/parts/Yaw_Servo.png'
PART_PREVIEW 137 139 MORI_V1__Yaw_Servo
00:44.993  render           | Saved: '/Users/dean/Documents/MORI/mechanical/renders/parts/Yaw_Stop_Flag.png'
PART_PREVIEW 138 139 MORI_V1__Yaw_Stop_Flag
00:45.328  render           | Saved: '/Users/dean/Documents/MORI/mechanical/renders/parts/Yaw_Turntable.png'
PART_PREVIEW 139 139 MORI_V1__Yaw_Turntable
CATALOG_COMPLETE
Blender 5.2.1 LTS (hash 9e2066aef7ef built 2026-08-25 01:35:57)

Blender quit
