09:03:27 PM: Debug: Adding duplicate image handler for 'PNG file'
09:03:27 PM: Debug: Adding duplicate image handler for 'JPEG file'
09:03:27 PM: Debug: Adding duplicate image handler for 'TIFF file'
09:03:27 PM: Debug: Adding duplicate image handler for 'GIF file'
09:03:27 PM: Debug: Adding duplicate image handler for 'PNM file'
09:03:27 PM: Debug: Adding duplicate image handler for 'PCX file'
09:03:27 PM: Debug: Adding duplicate image handler for 'IFF file'
09:03:27 PM: Debug: Adding duplicate image handler for 'Windows icon file'
09:03:27 PM: Debug: Adding duplicate image handler for 'Windows cursor file'
09:03:27 PM: Debug: Adding duplicate image handler for 'Windows animated cursor file'
09:03:27 PM: Debug: Adding duplicate image handler for 'TGA file'
09:03:27 PM: Debug: Adding duplicate image handler for 'XPM file'
motion PASS changed holes 31 min neighbour gap 0.5
09:03:28 PM: Debug: Adding duplicate image handler for 'PNG file'
09:03:28 PM: Debug: Adding duplicate image handler for 'JPEG file'
09:03:28 PM: Debug: Adding duplicate image handler for 'TIFF file'
09:03:28 PM: Debug: Adding duplicate image handler for 'GIF file'
09:03:28 PM: Debug: Adding duplicate image handler for 'PNM file'
09:03:28 PM: Debug: Adding duplicate image handler for 'PCX file'
09:03:28 PM: Debug: Adding duplicate image handler for 'IFF file'
09:03:28 PM: Debug: Adding duplicate image handler for 'Windows icon file'
09:03:28 PM: Debug: Adding duplicate image handler for 'Windows cursor file'
09:03:28 PM: Debug: Adding duplicate image handler for 'Windows animated cursor file'
09:03:28 PM: Debug: Adding duplicate image handler for 'TGA file'
09:03:28 PM: Debug: Adding duplicate image handler for 'XPM file'
power PASS changed holes 21 min neighbour gap 0.5
09:03:28 PM: Debug: Adding duplicate image handler for 'PNG file'
09:03:28 PM: Debug: Adding duplicate image handler for 'JPEG file'
09:03:28 PM: Debug: Adding duplicate image handler for 'TIFF file'
09:03:28 PM: Debug: Adding duplicate image handler for 'GIF file'
09:03:28 PM: Debug: Adding duplicate image handler for 'PNM file'
09:03:28 PM: Debug: Adding duplicate image handler for 'PCX file'
09:03:28 PM: Debug: Adding duplicate image handler for 'IFF file'
09:03:28 PM: Debug: Adding duplicate image handler for 'Windows icon file'
09:03:28 PM: Debug: Adding duplicate image handler for 'Windows cursor file'
09:03:28 PM: Debug: Adding duplicate image handler for 'Windows animated cursor file'
09:03:28 PM: Debug: Adding duplicate image handler for 'TGA file'
09:03:28 PM: Debug: Adding duplicate image handler for 'XPM file'
rear PASS changed holes 9 min neighbour gap 0.5
09:03:28 PM: Debug: Adding duplicate image handler for 'PNG file'
09:03:28 PM: Debug: Adding duplicate image handler for 'JPEG file'
09:03:28 PM: Debug: Adding duplicate image handler for 'TIFF file'
09:03:28 PM: Debug: Adding duplicate image handler for 'GIF file'
09:03:28 PM: Debug: Adding duplicate image handler for 'PNM file'
09:03:28 PM: Debug: Adding duplicate image handler for 'PCX file'
09:03:28 PM: Debug: Adding duplicate image handler for 'IFF file'
09:03:28 PM: Debug: Adding duplicate image handler for 'Windows icon file'
09:03:28 PM: Debug: Adding duplicate image handler for 'Windows cursor file'
09:03:28 PM: Debug: Adding duplicate image handler for 'Windows animated cursor file'
09:03:28 PM: Debug: Adding duplicate image handler for 'TGA file'
09:03:28 PM: Debug: Adding duplicate image handler for 'XPM file'
imu PASS changed holes 8 min neighbour gap 0.5
