FOOT_DELIVERY check_rebuild START
FOOT_DELIVERY check_rebuild 0
FOOT_DELIVERY render START
FOOT_DELIVERY export START
FOOT_DELIVERY export_wheel_metal START
FOOT_DELIVERY servo_comparison START
FOOT_DELIVERY foot_comparison START
FOOT_DELIVERY animation START
FOOT_DELIVERY export_wheel_metal 0
FOOT_DELIVERY export 0
FOOT_DELIVERY foot_comparison 0
FOOT_DELIVERY servo_comparison 0
FOOT_DELIVERY animation 0
FOOT_DELIVERY render 0
FOOT_DELIVERY head_comparison START
FOOT_DELIVERY corner_comparison START
FOOT_DELIVERY catalog START
FOOT_DELIVERY export_electronics_detail START
FOOT_DELIVERY retained_interfaces START
FOOT_DELIVERY drive_comparison START
FOOT_DELIVERY catalog 0
FOOT_DELIVERY retained_interfaces 0
FOOT_DELIVERY export_electronics_detail 0
FOOT_DELIVERY corner_comparison 0
FOOT_DELIVERY head_comparison 0
FOOT_DELIVERY drive_comparison 0
FOOT_DELIVERY structure_metadata START
FOOT_DELIVERY structure_metadata 0
FOOT_DELIVERY delivery_check START
FOOT_DELIVERY electronics_detail_check START
FOOT_DELIVERY electronics_detail_check 0
FOOT_DELIVERY delivery_check 0
FOOT_DELIVERY report START
FOOT_DELIVERY report 0
CORNER_DELIVERY_COMPLETE
