00:00.325  blend            | Read blend: "/Users/dean/Documents/MORI/mechanical/mori_v1_2.blend"
ANCHOR_CURRENT_YAW -60 blocked_poses 0
ANCHOR_CURRENT_YAW -50 blocked_poses 0
ANCHOR_CURRENT_YAW -40 blocked_poses 0
ANCHOR_CURRENT_YAW -30 blocked_poses 0
ANCHOR_CURRENT_YAW -20 blocked_poses 0
ANCHOR_CURRENT_YAW -10 blocked_poses 0
ANCHOR_CURRENT_YAW 0 blocked_poses 0
ANCHOR_CURRENT_YAW 10 blocked_poses 0
ANCHOR_CURRENT_YAW 20 blocked_poses 0
ANCHOR_CURRENT_YAW 30 blocked_poses 0
ANCHOR_CURRENT_YAW 40 blocked_poses 0
ANCHOR_CURRENT_YAW 50 blocked_poses 0
ANCHOR_CURRENT_YAW 60 blocked_poses 0
ANCHOR_WIRES_YAW -60 hits 0
ANCHOR_WIRES_YAW -50 hits 0
ANCHOR_WIRES_YAW -40 hits 0
ANCHOR_WIRES_YAW -30 hits 0
ANCHOR_WIRES_YAW -20 hits 0
ANCHOR_WIRES_YAW -10 hits 0
ANCHOR_WIRES_YAW 0 hits 0
ANCHOR_WIRES_YAW 10 hits 0
ANCHOR_WIRES_YAW 20 hits 0
ANCHOR_WIRES_YAW 30 hits 0
ANCHOR_WIRES_YAW 40 hits 0
ANCHOR_WIRES_YAW 50 hits 0
ANCHOR_WIRES_YAW 60 hits 0
ANCHOR_CURRENT_DONE PASS wire_hits 0 construct [{'anchor': 'yaw', 'host': 'Pitch_Yoke', 'root_overlap_mm3': 8.40386449071593, 'added_mm3': 430.76704838015553, 'removed_mm3': -5.8777313144405804e-12, 'joined_component_volumes_mm3': [54986.738246147084], 'kernel': 'Error.NoError', 'tie_intersection_with_combined_host_mm3': 0.0, 'status': 'PASS'}, {'anchor': 'connector', 'host': 'Pitch_Cradle', 'root_overlap_mm3': 22.914000000804627, 'added_mm3': 147.68524462935724, 'removed_mm3': 0.0, 'joined_component_volumes_mm3': [26424.674684192818], 'kernel': 'Error.NoError', 'tie_intersection_with_combined_host_mm3': 1.6567603592494392e-06, 'status': 'PASS'}]
Blender 5.2.2 LTS (hash d13f752e3b9c built 2026-09-15 01:49:19)

Blender quit
