00:00.305  blend            | Read blend: "/Users/dean/Documents/MORI/mechanical/mori_v1_2.blend"
CURRENT_CAM_BOARD seating 0.0 0.0 PASS [] []
CURRENT_CAM_BOARD seating 6.0 6.0 PASS [] []
CURRENT_CAM_BOARD seating 3.0 3.0 PASS [] []
CURRENT_CAM_BOARD seating 1.0 1.0 PASS [] []
CURRENT_CAM_BOARD seating 2.0 2.0 PASS [] []
CURRENT_CAM_BOARD seating 4.0 4.0 PASS [] []
CURRENT_CAM_BOARD seating 5.0 5.0 PASS [] []
CURRENT_CAM_BOARD mating 0.0 6.0 PASS [] []
CURRENT_CAM_BOARD mating 1.0 6.0 PASS [] []
CURRENT_CAM_BOARD mating 2.0 6.0 PASS [] []
CURRENT_CAM_BOARD mating 3.0 6.0 PASS [] []
CURRENT_CAM_BOARD mating 3.5 6.0 PASS [] []
CURRENT_CAM_BOARD mating 4.0 6.0 PASS [] []
CURRENT_CAM_BOARD mating 4.5 6.0 PASS [] []
CURRENT_CAM_BOARD mating 5.0 6.0 PASS [] []
CURRENT_CAM_BOARD mating 5.5 6.0 PASS [] []
CURRENT_CAM_BOARD_DONE PASS
Blender 5.2.2 LTS (hash d13f752e3b9c built 2026-09-15 01:49:19)

Blender quit
