00:00.414  blend            | Read blend: "/Users/dean/Documents/MORI/mechanical/mori_v1_2.blend"
MATERIAL_STATION 1 body_port 0.0 0.0 0.0 PASS
MATERIAL_STATION 1 neck_body_boundary 0.0 0.0 0.0 PASS
MATERIAL_STATION 1 neck_yaw_boundary 6.416748320248189e-06 9.582480341949431e-07 0.0 PASS
MATERIAL_STATION 1 yaw_anchor 6.603220640499785e-06 0.0 0.0 PASS
MATERIAL_STATION 1 CAM_anchor 1.5176018905549427e-05 1.432144669219779e-14 1.7075472925031877e-06 PASS
MATERIAL_STATION 1 CAM_port 1.518495196251024e-05 0.0 1.7075472925031877e-06 PASS
MATERIAL_STATION 2 body_port 0.0 0.0 0.0 PASS
MATERIAL_STATION 2 neck_body_boundary 0.0 0.0 0.0 PASS
MATERIAL_STATION 2 neck_yaw_boundary 6.416748362880753e-06 9.58248034391311e-07 0.0 PASS
MATERIAL_STATION 2 yaw_anchor 6.707837002295491e-06 0.0 0.0 PASS
MATERIAL_STATION 2 CAM_anchor 1.5289126736206526e-05 1.432144669219779e-14 1.7075472925031877e-06 PASS
MATERIAL_STATION 2 CAM_port 1.529805985001076e-05 0.0 1.7075472925031877e-06 PASS
MATERIAL_STATION 3 body_port 0.0 0.0 0.0 PASS
MATERIAL_STATION 3 neck_body_boundary 0.0 0.0 0.0 PASS
MATERIAL_STATION 3 neck_yaw_boundary 6.416748320248189e-06 9.582480341949431e-07 0.0 PASS
MATERIAL_STATION 3 yaw_anchor 7.211705195686591e-06 0.0 0.0 PASS
MATERIAL_STATION 3 CAM_anchor 1.5822390764697047e-05 1.432144669219779e-14 1.7075472925031877e-06 PASS
MATERIAL_STATION 3 CAM_port 1.583132382165786e-05 0.0 1.7075472925031877e-06 PASS
MATERIAL_STATION 4 body_port 0.0 0.0 0.0 PASS
MATERIAL_STATION 4 neck_body_boundary 0.0 0.0 0.0 PASS
MATERIAL_STATION 4 neck_yaw_boundary 6.416748334459044e-06 9.58248034391311e-07 0.0 PASS
MATERIAL_STATION 4 yaw_anchor 7.151530269311479e-06 0.0 0.0 PASS
MATERIAL_STATION 4 CAM_anchor 1.575922482288661e-05 1.4273168140722167e-14 1.7075472925031877e-06 PASS
MATERIAL_STATION 4 CAM_port 1.576815793669084e-05 0.0 1.7075472925031877e-06 PASS
MATERIAL_STATIONS_DONE PASS
Blender 5.2.2 LTS (hash d13f752e3b9c built 2026-09-15 01:49:19)

Blender quit
