Activating ESP-IDF 5.5
Setting IDF_PATH to '/Users/dean/esp/esp-idf'.
* Checking python version ... 3.9.6
* Checking python dependencies ... OK
* Deactivating the current ESP-IDF environment (if any) ... OK
* Establishing a new ESP-IDF environment ... OK
* Identifying shell ... bash
* Detecting outdated tools in system ... Found tools that are not used by active ESP-IDF version.
For removing old versions of riscv32-esp-elf, xtensa-esp-elf, xtensa-esp-elf-gdb use command 'python /Users/dean/esp/esp-idf/tools/idf_tools.py uninstall'
To free up even more space, remove installation packages of those tools.
Use option python /Users/dean/esp/esp-idf/tools/idf_tools.py uninstall --remove-archives.
* Shell completion ... Autocompletion code generated
arm-none-eabi-gcc (Arm GNU Toolchain 14.2.Rel1 (Build arm-14.52)) 14.2.1 20241119
Copyright (C) 2024 Free Software Foundation, Inc.
This is free software; see the source for copying conditions.  There is NO
warranty; not even for MERCHANTABILITY or FITNESS FOR A PARTICULAR PURPOSE.

cmake version 4.4.0

CMake suite maintained and supported by Kitware (kitware.com/cmake).
-- Configuring done (0.0s)
-- Generating done (0.0s)
-- Build files have been written to: /Users/dean/Documents/MORI/firmware/motion/build_stm32
[1/7] Building C object CMakeFiles/mori_motion.elf.dir/v1_2/bus.c.obj
[2/7] Building C object CMakeFiles/mori_motion.elf.dir/v1_2/timing.c.obj
/Users/dean/Documents/MORI/firmware/motion/v1_2/timing.c: In function 'mori_timing_mark':
/Users/dean/Documents/MORI/firmware/motion/v1_2/timing.c:5:14: warning: comparison is always false due to limited range of data type [-Wtype-limits]
    5 |  if(!t||stage<0||stage>=T_STAGES)return false;
      |              ^
[3/7] Building C object CMakeFiles/mori_motion.elf.dir/v1_2/s288.c.obj
[4/7] Building C object CMakeFiles/mori_motion.elf.dir/v1_2/stm32/main.c.obj
[5/7] Building C object CMakeFiles/mori_motion.elf.dir/v1_2/motion.c.obj
[6/7] Building C object CMakeFiles/mori_motion.elf.dir/v1_2/sensors.c.obj
[7/7] Linking C executable mori_motion.elf
Memory region         Used Size  Region Size  %age Used
           FLASH:        1172 B         1 MB      0.11%
             RAM:        5344 B       128 KB      4.08%
   text	   data	    bss	    dec	    hex	filename
   1160	     12	   5328	   6500	   1964	/Users/dean/Documents/MORI/firmware/motion/build_stm32/mori_motion.elf
