CORNER_DELIVERY build START
CORNER_DELIVERY build 0
CORNER_DELIVERY check_rebuild START
CORNER_DELIVERY check_rebuild 0
CORNER_DELIVERY validate START
CORNER_DELIVERY validate 0
CORNER_DELIVERY render START
CORNER_DELIVERY export START
CORNER_DELIVERY export_wheel_metal START
CORNER_DELIVERY corner_comparison START
CORNER_DELIVERY animation START
CORNER_DELIVERY export_wheel_metal 0
CORNER_DELIVERY export 0
CORNER_DELIVERY corner_comparison 0
CORNER_DELIVERY animation 0
CORNER_DELIVERY render 0
CORNER_DELIVERY head_comparison START
CORNER_DELIVERY catalog START
CORNER_DELIVERY export_electronics_detail START
CORNER_DELIVERY drive_comparison START
CORNER_DELIVERY retained_interfaces START
CORNER_DELIVERY catalog 0
CORNER_DELIVERY retained_interfaces 0
CORNER_DELIVERY export_electronics_detail 0
CORNER_DELIVERY head_comparison 0
CORNER_DELIVERY drive_comparison 0
CORNER_DELIVERY delivery_check START
CORNER_DELIVERY electronics_detail_check START
CORNER_DELIVERY electronics_detail_check 0
CORNER_DELIVERY delivery_check 0
CORNER_DELIVERY report START
CORNER_DELIVERY report 0
CORNER_DELIVERY_COMPLETE
