00:00.253  blend            | Read blend: "/Users/dean/Documents/MORI/mechanical/mori_v1_2.blend"
00:00.920  render           | Saved: '/Users/dean/Documents/MORI/mechanical/renders/parts/Battery.png'
PART_PREVIEW 1 209 MORI_V1__Battery
00:01.212  render           | Saved: '/Users/dean/Documents/MORI/mechanical/renders/parts/Battery_Pad_-38.0.png'
PART_PREVIEW 2 209 MORI_V1__Battery_Pad_-38.0
00:01.506  render           | Saved: '/Users/dean/Documents/MORI/mechanical/renders/parts/Battery_Pad_38.0.png'
PART_PREVIEW 3 209 MORI_V1__Battery_Pad_38.0
00:01.801  render           | Saved: '/Users/dean/Documents/MORI/mechanical/renders/parts/Battery_Pad_Base.png'
PART_PREVIEW 4 209 MORI_V1__Battery_Pad_Base
00:02.099  render           | Saved: '/Users/dean/Documents/MORI/mechanical/renders/parts/Battery_Pad_Top.png'
PART_PREVIEW 5 209 MORI_V1__Battery_Pad_Top
00:02.412  render           | Saved: '/Users/dean/Documents/MORI/mechanical/renders/parts/Battery_Retainer_Insert_-1.png'
PART_PREVIEW 6 209 MORI_V1__Battery_Retainer_Insert_-1
00:02.742  render           | Saved: '/Users/dean/Documents/MORI/mechanical/renders/parts/Battery_Retainer_Insert_1.png'
PART_PREVIEW 7 209 MORI_V1__Battery_Retainer_Insert_1
00:03.040  render           | Saved: '/Users/dean/Documents/MORI/mechanical/renders/parts/Battery_Retainer_Screw_-1.png'
PART_PREVIEW 8 209 MORI_V1__Battery_Retainer_Screw_-1
00:03.339  render           | Saved: '/Users/dean/Documents/MORI/mechanical/renders/parts/Battery_Retainer_Screw_1.png'
PART_PREVIEW 9 209 MORI_V1__Battery_Retainer_Screw_1
00:03.667  render           | Saved: '/Users/dean/Documents/MORI/mechanical/renders/parts/Battery_Strap.png'
PART_PREVIEW 10 209 MORI_V1__Battery_Strap
00:03.979  render           | Saved: '/Users/dean/Documents/MORI/mechanical/renders/parts/Battery_Tray.png'
PART_PREVIEW 11 209 MORI_V1__Battery_Tray
00:04.316  render           | Saved: '/Users/dean/Documents/MORI/mechanical/renders/parts/Body_IMU.png'
PART_PREVIEW 12 209 MORI_V1__Body_IMU
00:04.688  render           | Saved: '/Users/dean/Documents/MORI/mechanical/renders/parts/Body_Lower.png'
PART_PREVIEW 13 209 MORI_V1__Body_Lower
00:05.055  render           | Saved: '/Users/dean/Documents/MORI/mechanical/renders/parts/Body_Upper.png'
PART_PREVIEW 14 209 MORI_V1__Body_Upper
00:05.479  render           | Saved: '/Users/dean/Documents/MORI/mechanical/renders/parts/CAM_Mainboard.png'
PART_PREVIEW 15 209 MORI_V1__CAM_Mainboard
00:05.824  render           | Saved: '/Users/dean/Documents/MORI/mechanical/renders/parts/CAM_Mount_Insert_0.png'
PART_PREVIEW 16 209 MORI_V1__CAM_Mount_Insert_0
00:06.177  render           | Saved: '/Users/dean/Documents/MORI/mechanical/renders/parts/CAM_Mount_Insert_1.png'
PART_PREVIEW 17 209 MORI_V1__CAM_Mount_Insert_1
00:06.524  render           | Saved: '/Users/dean/Documents/MORI/mechanical/renders/parts/CAM_Mount_Insert_2.png'
PART_PREVIEW 18 209 MORI_V1__CAM_Mount_Insert_2
00:06.875  render           | Saved: '/Users/dean/Documents/MORI/mechanical/renders/parts/CAM_Mount_Insert_3.png'
PART_PREVIEW 19 209 MORI_V1__CAM_Mount_Insert_3
00:07.344  render           | Saved: '/Users/dean/Documents/MORI/mechanical/renders/parts/CAM_Mount_Screw_0.png'
PART_PREVIEW 20 209 MORI_V1__CAM_Mount_Screw_0
00:07.731  render           | Saved: '/Users/dean/Documents/MORI/mechanical/renders/parts/CAM_Mount_Screw_1.png'
PART_PREVIEW 21 209 MORI_V1__CAM_Mount_Screw_1
00:08.078  render           | Saved: '/Users/dean/Documents/MORI/mechanical/renders/parts/CAM_Mount_Screw_2.png'
PART_PREVIEW 22 209 MORI_V1__CAM_Mount_Screw_2
00:08.416  render           | Saved: '/Users/dean/Documents/MORI/mechanical/renders/parts/CAM_Mount_Screw_3.png'
PART_PREVIEW 23 209 MORI_V1__CAM_Mount_Screw_3
00:08.827  render           | Saved: '/Users/dean/Documents/MORI/mechanical/renders/parts/Camera_Lens.png'
PART_PREVIEW 24 209 MORI_V1__Camera_Lens
00:09.216  render           | Saved: '/Users/dean/Documents/MORI/mechanical/renders/parts/Camera_PCB.png'
PART_PREVIEW 25 209 MORI_V1__Camera_PCB
00:09.551  render           | Saved: '/Users/dean/Documents/MORI/mechanical/renders/parts/Carrier_Insert_0.png'
PART_PREVIEW 26 209 MORI_V1__Carrier_Insert_0
00:09.906  render           | Saved: '/Users/dean/Documents/MORI/mechanical/renders/parts/Carrier_Insert_1.png'
PART_PREVIEW 27 209 MORI_V1__Carrier_Insert_1
00:10.244  render           | Saved: '/Users/dean/Documents/MORI/mechanical/renders/parts/Carrier_Insert_2.png'
PART_PREVIEW 28 209 MORI_V1__Carrier_Insert_2
00:10.583  render           | Saved: '/Users/dean/Documents/MORI/mechanical/renders/parts/Carrier_Insert_3.png'
PART_PREVIEW 29 209 MORI_V1__Carrier_Insert_3
00:10.922  render           | Saved: '/Users/dean/Documents/MORI/mechanical/renders/parts/Carrier_Screw_0.png'
PART_PREVIEW 30 209 MORI_V1__Carrier_Screw_0
00:11.260  render           | Saved: '/Users/dean/Documents/MORI/mechanical/renders/parts/Carrier_Screw_1.png'
PART_PREVIEW 31 209 MORI_V1__Carrier_Screw_1
00:11.594  render           | Saved: '/Users/dean/Documents/MORI/mechanical/renders/parts/Carrier_Screw_2.png'
PART_PREVIEW 32 209 MORI_V1__Carrier_Screw_2
00:11.931  render           | Saved: '/Users/dean/Documents/MORI/mechanical/renders/parts/Carrier_Screw_3.png'
PART_PREVIEW 33 209 MORI_V1__Carrier_Screw_3
00:12.307  render           | Saved: '/Users/dean/Documents/MORI/mechanical/renders/parts/Coupon_Insert.png'
PART_PREVIEW 34 209 MORI_V1__Coupon_Insert
00:12.702  render           | Saved: '/Users/dean/Documents/MORI/mechanical/renders/parts/Coupon_Mating_Tab.png'
PART_PREVIEW 35 209 MORI_V1__Coupon_Mating_Tab
00:13.061  render           | Saved: '/Users/dean/Documents/MORI/mechanical/renders/parts/Coupon_Plane_Fit.png'
PART_PREVIEW 36 209 MORI_V1__Coupon_Plane_Fit
00:13.412  render           | Saved: '/Users/dean/Documents/MORI/mechanical/renders/parts/Coupon_Wheel_Fit.png'
PART_PREVIEW 37 209 MORI_V1__Coupon_Wheel_Fit
00:13.762  render           | Saved: '/Users/dean/Documents/MORI/mechanical/renders/parts/Display_Frame.png'
PART_PREVIEW 38 209 MORI_V1__Display_Frame
00:14.313  render           | Saved: '/Users/dean/Documents/MORI/mechanical/renders/parts/Display_PCB.png'
PART_PREVIEW 39 209 MORI_V1__Display_PCB
00:14.643  render           | Saved: '/Users/dean/Documents/MORI/mechanical/renders/parts/Dock_Pad_0.png'
PART_PREVIEW 40 209 MORI_V1__Dock_Pad_0
00:14.984  render           | Saved: '/Users/dean/Documents/MORI/mechanical/renders/parts/Dock_Pad_1.png'
PART_PREVIEW 41 209 MORI_V1__Dock_Pad_1
00:15.330  render           | Saved: '/Users/dean/Documents/MORI/mechanical/renders/parts/Dock_Pad_2.png'
PART_PREVIEW 42 209 MORI_V1__Dock_Pad_2
00:15.704  render           | Saved: '/Users/dean/Documents/MORI/mechanical/renders/parts/Dock_Pad_3.png'
PART_PREVIEW 43 209 MORI_V1__Dock_Pad_3
00:16.085  render           | Saved: '/Users/dean/Documents/MORI/mechanical/renders/parts/Drive_Bridge.png'
PART_PREVIEW 44 209 MORI_V1__Drive_Bridge
00:16.425  render           | Saved: '/Users/dean/Documents/MORI/mechanical/renders/parts/Drive_L_-8_Nut.png'
PART_PREVIEW 45 209 MORI_V1__Drive_L_-8_Nut
00:16.794  render           | Saved: '/Users/dean/Documents/MORI/mechanical/renders/parts/Drive_L_-8_Screw.png'
PART_PREVIEW 46 209 MORI_V1__Drive_L_-8_Screw
00:17.133  render           | Saved: '/Users/dean/Documents/MORI/mechanical/renders/parts/Drive_L_8_Nut.png'
PART_PREVIEW 47 209 MORI_V1__Drive_L_8_Nut
00:17.481  render           | Saved: '/Users/dean/Documents/MORI/mechanical/renders/parts/Drive_L_8_Screw.png'
PART_PREVIEW 48 209 MORI_V1__Drive_L_8_Screw
00:17.892  render           | Saved: '/Users/dean/Documents/MORI/mechanical/renders/parts/Drive_Motor_L.png'
PART_PREVIEW 49 209 MORI_V1__Drive_Motor_L
00:18.307  render           | Saved: '/Users/dean/Documents/MORI/mechanical/renders/parts/Drive_Motor_R.png'
PART_PREVIEW 50 209 MORI_V1__Drive_Motor_R
00:18.644  render           | Saved: '/Users/dean/Documents/MORI/mechanical/renders/parts/Drive_R_-8_Nut.png'
PART_PREVIEW 51 209 MORI_V1__Drive_R_-8_Nut
00:19.009  render           | Saved: '/Users/dean/Documents/MORI/mechanical/renders/parts/Drive_R_-8_Screw.png'
PART_PREVIEW 52 209 MORI_V1__Drive_R_-8_Screw
00:19.344  render           | Saved: '/Users/dean/Documents/MORI/mechanical/renders/parts/Drive_R_8_Nut.png'
PART_PREVIEW 53 209 MORI_V1__Drive_R_8_Nut
00:19.697  render           | Saved: '/Users/dean/Documents/MORI/mechanical/renders/parts/Drive_R_8_Screw.png'
PART_PREVIEW 54 209 MORI_V1__Drive_R_8_Screw
00:20.044  render           | Saved: '/Users/dean/Documents/MORI/mechanical/renders/parts/Face_Joint_-1_0.0_Nut.png'
PART_PREVIEW 55 209 MORI_V1__Face_Joint_-1_0.0_Nut
00:20.377  render           | Saved: '/Users/dean/Documents/MORI/mechanical/renders/parts/Face_Joint_-1_0.0_Screw.png'
PART_PREVIEW 56 209 MORI_V1__Face_Joint_-1_0.0_Screw
00:20.714  render           | Saved: '/Users/dean/Documents/MORI/mechanical/renders/parts/Face_Joint_-1_7.0_Nut.png'
PART_PREVIEW 57 209 MORI_V1__Face_Joint_-1_7.0_Nut
00:21.048  render           | Saved: '/Users/dean/Documents/MORI/mechanical/renders/parts/Face_Joint_-1_7.0_Screw.png'
PART_PREVIEW 58 209 MORI_V1__Face_Joint_-1_7.0_Screw
00:21.383  render           | Saved: '/Users/dean/Documents/MORI/mechanical/renders/parts/Face_Joint_1_0.0_Nut.png'
PART_PREVIEW 59 209 MORI_V1__Face_Joint_1_0.0_Nut
00:21.711  render           | Saved: '/Users/dean/Documents/MORI/mechanical/renders/parts/Face_Joint_1_0.0_Screw.png'
PART_PREVIEW 60 209 MORI_V1__Face_Joint_1_0.0_Screw
00:22.044  render           | Saved: '/Users/dean/Documents/MORI/mechanical/renders/parts/Face_Joint_1_7.0_Nut.png'
PART_PREVIEW 61 209 MORI_V1__Face_Joint_1_7.0_Nut
00:22.374  render           | Saved: '/Users/dean/Documents/MORI/mechanical/renders/parts/Face_Joint_1_7.0_Screw.png'
PART_PREVIEW 62 209 MORI_V1__Face_Joint_1_7.0_Screw
00:22.729  render           | Saved: '/Users/dean/Documents/MORI/mechanical/renders/parts/Frame_Insert_0.png'
PART_PREVIEW 63 209 MORI_V1__Frame_Insert_0
00:23.088  render           | Saved: '/Users/dean/Documents/MORI/mechanical/renders/parts/Frame_Insert_1.png'
PART_PREVIEW 64 209 MORI_V1__Frame_Insert_1
00:23.443  render           | Saved: '/Users/dean/Documents/MORI/mechanical/renders/parts/Frame_Insert_2.png'
PART_PREVIEW 65 209 MORI_V1__Frame_Insert_2
00:23.796  render           | Saved: '/Users/dean/Documents/MORI/mechanical/renders/parts/Frame_Insert_3.png'
PART_PREVIEW 66 209 MORI_V1__Frame_Insert_3
00:24.154  render           | Saved: '/Users/dean/Documents/MORI/mechanical/renders/parts/Frame_Screw_0.png'
PART_PREVIEW 67 209 MORI_V1__Frame_Screw_0
00:24.514  render           | Saved: '/Users/dean/Documents/MORI/mechanical/renders/parts/Frame_Screw_1.png'
PART_PREVIEW 68 209 MORI_V1__Frame_Screw_1
00:24.875  render           | Saved: '/Users/dean/Documents/MORI/mechanical/renders/parts/Frame_Screw_2.png'
PART_PREVIEW 69 209 MORI_V1__Frame_Screw_2
00:25.255  render           | Saved: '/Users/dean/Documents/MORI/mechanical/renders/parts/Frame_Screw_3.png'
PART_PREVIEW 70 209 MORI_V1__Frame_Screw_3
00:25.659  render           | Saved: '/Users/dean/Documents/MORI/mechanical/renders/parts/Head_Buck.png'
PART_PREVIEW 71 209 MORI_V1__Head_Buck
00:25.991  render           | Saved: '/Users/dean/Documents/MORI/mechanical/renders/parts/Head_Buck_Insert_0.png'
PART_PREVIEW 72 209 MORI_V1__Head_Buck_Insert_0
00:26.323  render           | Saved: '/Users/dean/Documents/MORI/mechanical/renders/parts/Head_Buck_Insert_1.png'
PART_PREVIEW 73 209 MORI_V1__Head_Buck_Insert_1
00:26.658  render           | Saved: '/Users/dean/Documents/MORI/mechanical/renders/parts/Head_Buck_Screw_0.png'
PART_PREVIEW 74 209 MORI_V1__Head_Buck_Screw_0
00:26.990  render           | Saved: '/Users/dean/Documents/MORI/mechanical/renders/parts/Head_Buck_Screw_1.png'
PART_PREVIEW 75 209 MORI_V1__Head_Buck_Screw_1
00:27.322  render           | Saved: '/Users/dean/Documents/MORI/mechanical/renders/parts/Head_Cradle_Insert_-1.png'
PART_PREVIEW 76 209 MORI_V1__Head_Cradle_Insert_-1
00:27.666  render           | Saved: '/Users/dean/Documents/MORI/mechanical/renders/parts/Head_Cradle_Insert_1.png'
PART_PREVIEW 77 209 MORI_V1__Head_Cradle_Insert_1
00:28.025  render           | Saved: '/Users/dean/Documents/MORI/mechanical/renders/parts/Head_Cradle_Screw_-1.png'
PART_PREVIEW 78 209 MORI_V1__Head_Cradle_Screw_-1
00:28.374  render           | Saved: '/Users/dean/Documents/MORI/mechanical/renders/parts/Head_Cradle_Screw_1.png'
PART_PREVIEW 79 209 MORI_V1__Head_Cradle_Screw_1
00:28.773  render           | Saved: '/Users/dean/Documents/MORI/mechanical/renders/parts/Head_Front.png'
PART_PREVIEW 80 209 MORI_V1__Head_Front
00:29.120  render           | Saved: '/Users/dean/Documents/MORI/mechanical/renders/parts/Head_Pitch_Ear_0_Nut.png'
PART_PREVIEW 81 209 MORI_V1__Head_Pitch_Ear_0_Nut
00:29.504  render           | Saved: '/Users/dean/Documents/MORI/mechanical/renders/parts/Head_Pitch_Ear_0_Screw.png'
PART_PREVIEW 82 209 MORI_V1__Head_Pitch_Ear_0_Screw
00:29.941  render           | Saved: '/Users/dean/Documents/MORI/mechanical/renders/parts/Head_Pitch_Ear_1_Nut.png'
PART_PREVIEW 83 209 MORI_V1__Head_Pitch_Ear_1_Nut
00:30.325  render           | Saved: '/Users/dean/Documents/MORI/mechanical/renders/parts/Head_Pitch_Ear_1_Screw.png'
PART_PREVIEW 84 209 MORI_V1__Head_Pitch_Ear_1_Screw
00:30.790  render           | Saved: '/Users/dean/Documents/MORI/mechanical/renders/parts/Head_Rear.png'
PART_PREVIEW 85 209 MORI_V1__Head_Rear
00:31.134  render           | Saved: '/Users/dean/Documents/MORI/mechanical/renders/parts/Head_Seam_Insert_-1.png'
PART_PREVIEW 86 209 MORI_V1__Head_Seam_Insert_-1
00:31.471  render           | Saved: '/Users/dean/Documents/MORI/mechanical/renders/parts/Head_Seam_Insert_1.png'
PART_PREVIEW 87 209 MORI_V1__Head_Seam_Insert_1
00:31.792  render           | Saved: '/Users/dean/Documents/MORI/mechanical/renders/parts/Head_Seam_Screw_-1.png'
PART_PREVIEW 88 209 MORI_V1__Head_Seam_Screw_-1
00:32.112  render           | Saved: '/Users/dean/Documents/MORI/mechanical/renders/parts/Head_Seam_Screw_1.png'
PART_PREVIEW 89 209 MORI_V1__Head_Seam_Screw_1
00:32.434  render           | Saved: '/Users/dean/Documents/MORI/mechanical/renders/parts/Head_Yaw_Ear_0_Nut.png'
PART_PREVIEW 90 209 MORI_V1__Head_Yaw_Ear_0_Nut
00:32.768  render           | Saved: '/Users/dean/Documents/MORI/mechanical/renders/parts/Head_Yaw_Ear_0_Screw.png'
PART_PREVIEW 91 209 MORI_V1__Head_Yaw_Ear_0_Screw
00:33.094  render           | Saved: '/Users/dean/Documents/MORI/mechanical/renders/parts/Head_Yaw_Ear_1_Nut.png'
PART_PREVIEW 92 209 MORI_V1__Head_Yaw_Ear_1_Nut
00:33.407  render           | Saved: '/Users/dean/Documents/MORI/mechanical/renders/parts/Head_Yaw_Ear_1_Screw.png'
PART_PREVIEW 93 209 MORI_V1__Head_Yaw_Ear_1_Screw
00:33.734  render           | Saved: '/Users/dean/Documents/MORI/mechanical/renders/parts/IMU_Insert_0.png'
PART_PREVIEW 94 209 MORI_V1__IMU_Insert_0
00:34.066  render           | Saved: '/Users/dean/Documents/MORI/mechanical/renders/parts/IMU_Insert_1.png'
PART_PREVIEW 95 209 MORI_V1__IMU_Insert_1
00:34.404  render           | Saved: '/Users/dean/Documents/MORI/mechanical/renders/parts/IMU_Screw_0.png'
PART_PREVIEW 96 209 MORI_V1__IMU_Screw_0
00:34.753  render           | Saved: '/Users/dean/Documents/MORI/mechanical/renders/parts/IMU_Screw_1.png'
PART_PREVIEW 97 209 MORI_V1__IMU_Screw_1
00:35.089  render           | Saved: '/Users/dean/Documents/MORI/mechanical/renders/parts/LCD_Mount_Screw_0.png'
PART_PREVIEW 98 209 MORI_V1__LCD_Mount_Screw_0
00:35.447  render           | Saved: '/Users/dean/Documents/MORI/mechanical/renders/parts/LCD_Mount_Screw_1.png'
PART_PREVIEW 99 209 MORI_V1__LCD_Mount_Screw_1
00:35.778  render           | Saved: '/Users/dean/Documents/MORI/mechanical/renders/parts/LCD_Mount_Screw_2.png'
PART_PREVIEW 100 209 MORI_V1__LCD_Mount_Screw_2
00:36.184  render           | Saved: '/Users/dean/Documents/MORI/mechanical/renders/parts/Load_Frame.png'
PART_PREVIEW 101 209 MORI_V1__Load_Frame
00:36.610  render           | Saved: '/Users/dean/Documents/MORI/mechanical/renders/parts/MCU_Carrier.png'
PART_PREVIEW 102 209 MORI_V1__MCU_Carrier
00:37.244  render           | Saved: '/Users/dean/Documents/MORI/mechanical/renders/parts/MCU_Motion.png'
PART_PREVIEW 103 209 MORI_V1__MCU_Motion
00:37.633  render           | Saved: '/Users/dean/Documents/MORI/mechanical/renders/parts/Motor_Retainer.png'
PART_PREVIEW 104 209 MORI_V1__Motor_Retainer
00:37.995  render           | Saved: '/Users/dean/Documents/MORI/mechanical/renders/parts/Motor_Retainer_Pad_-1.png'
PART_PREVIEW 105 209 MORI_V1__Motor_Retainer_Pad_-1
00:38.344  render           | Saved: '/Users/dean/Documents/MORI/mechanical/renders/parts/Motor_Retainer_Pad_1.png'
PART_PREVIEW 106 209 MORI_V1__Motor_Retainer_Pad_1
00:38.701  render           | Saved: '/Users/dean/Documents/MORI/mechanical/renders/parts/Motor_Top_Pad_L.png'
PART_PREVIEW 107 209 MORI_V1__Motor_Top_Pad_L
00:39.054  render           | Saved: '/Users/dean/Documents/MORI/mechanical/renders/parts/Motor_Top_Pad_R.png'
PART_PREVIEW 108 209 MORI_V1__Motor_Top_Pad_R
00:39.379  render           | Saved: '/Users/dean/Documents/MORI/mechanical/renders/parts/Onboard_MIC_L.png'
PART_PREVIEW 109 209 MORI_V1__Onboard_MIC_L
00:39.700  render           | Saved: '/Users/dean/Documents/MORI/mechanical/renders/parts/Onboard_MIC_R.png'
PART_PREVIEW 110 209 MORI_V1__Onboard_MIC_R
00:40.059  render           | Saved: '/Users/dean/Documents/MORI/mechanical/renders/parts/Parking_Cradle.png'
PART_PREVIEW 111 209 MORI_V1__Parking_Cradle
00:40.443  render           | Saved: '/Users/dean/Documents/MORI/mechanical/renders/parts/Pitch_Bearing_L.png'
PART_PREVIEW 112 209 MORI_V1__Pitch_Bearing_L
00:40.828  render           | Saved: '/Users/dean/Documents/MORI/mechanical/renders/parts/Pitch_Bearing_R.png'
PART_PREVIEW 113 209 MORI_V1__Pitch_Bearing_R
00:41.212  render           | Saved: '/Users/dean/Documents/MORI/mechanical/renders/parts/Pitch_Cradle.png'
PART_PREVIEW 114 209 MORI_V1__Pitch_Cradle
00:41.574  render           | Saved: '/Users/dean/Documents/MORI/mechanical/renders/parts/Pitch_Horn.png'
PART_PREVIEW 115 209 MORI_V1__Pitch_Horn
00:41.891  render           | Saved: '/Users/dean/Documents/MORI/mechanical/renders/parts/Pitch_Lock_Screw.png'
PART_PREVIEW 116 209 MORI_V1__Pitch_Lock_Screw
00:42.237  render           | Saved: '/Users/dean/Documents/MORI/mechanical/renders/parts/Pitch_Output.png'
PART_PREVIEW 117 209 MORI_V1__Pitch_Output
00:42.622  render           | Saved: '/Users/dean/Documents/MORI/mechanical/renders/parts/Pitch_Servo.png'
PART_PREVIEW 118 209 MORI_V1__Pitch_Servo
00:43.009  render           | Saved: '/Users/dean/Documents/MORI/mechanical/renders/parts/Pitch_Trunnion_L.png'
PART_PREVIEW 119 209 MORI_V1__Pitch_Trunnion_L
00:43.385  render           | Saved: '/Users/dean/Documents/MORI/mechanical/renders/parts/Pitch_Trunnion_R.png'
PART_PREVIEW 120 209 MORI_V1__Pitch_Trunnion_R
00:43.765  render           | Saved: '/Users/dean/Documents/MORI/mechanical/renders/parts/Pitch_Yoke.png'
PART_PREVIEW 121 209 MORI_V1__Pitch_Yoke
00:44.102  render           | Saved: '/Users/dean/Documents/MORI/mechanical/renders/parts/Power_Board_H2_Insert.png'
PART_PREVIEW 122 209 MORI_V1__Power_Board_H2_Insert
00:44.438  render           | Saved: '/Users/dean/Documents/MORI/mechanical/renders/parts/Power_Board_H2_Screw.png'
PART_PREVIEW 123 209 MORI_V1__Power_Board_H2_Screw
00:44.766  render           | Saved: '/Users/dean/Documents/MORI/mechanical/renders/parts/Power_Board_H3_Insert.png'
PART_PREVIEW 124 209 MORI_V1__Power_Board_H3_Insert
00:45.115  render           | Saved: '/Users/dean/Documents/MORI/mechanical/renders/parts/Power_Board_H3_Screw.png'
PART_PREVIEW 125 209 MORI_V1__Power_Board_H3_Screw
00:45.568  render           | Saved: '/Users/dean/Documents/MORI/mechanical/renders/parts/Power_Module.png'
PART_PREVIEW 126 209 MORI_V1__Power_Module
00:45.943  render           | Saved: '/Users/dean/Documents/MORI/mechanical/renders/parts/Power_Switch.png'
PART_PREVIEW 127 209 MORI_V1__Power_Switch
00:46.288  render           | Saved: '/Users/dean/Documents/MORI/mechanical/renders/parts/Rear_Interface_Insert_0.png'
PART_PREVIEW 128 209 MORI_V1__Rear_Interface_Insert_0
00:46.623  render           | Saved: '/Users/dean/Documents/MORI/mechanical/renders/parts/Rear_Interface_Insert_1.png'
PART_PREVIEW 129 209 MORI_V1__Rear_Interface_Insert_1
00:47.011  render           | Saved: '/Users/dean/Documents/MORI/mechanical/renders/parts/Rear_Interface_PCB.png'
PART_PREVIEW 130 209 MORI_V1__Rear_Interface_PCB
00:47.358  render           | Saved: '/Users/dean/Documents/MORI/mechanical/renders/parts/Rear_Interface_Screw_0.png'
PART_PREVIEW 131 209 MORI_V1__Rear_Interface_Screw_0
00:47.705  render           | Saved: '/Users/dean/Documents/MORI/mechanical/renders/parts/Rear_Interface_Screw_1.png'
PART_PREVIEW 132 209 MORI_V1__Rear_Interface_Screw_1
00:48.099  render           | Saved: '/Users/dean/Documents/MORI/mechanical/renders/parts/S288_Output_L_Inner.png'
PART_PREVIEW 133 209 MORI_V1__S288_Output_L_Inner
00:48.503  render           | Saved: '/Users/dean/Documents/MORI/mechanical/renders/parts/S288_Output_L_Outer.png'
PART_PREVIEW 134 209 MORI_V1__S288_Output_L_Outer
00:48.905  render           | Saved: '/Users/dean/Documents/MORI/mechanical/renders/parts/S288_Output_R_Inner.png'
PART_PREVIEW 135 209 MORI_V1__S288_Output_R_Inner
00:49.307  render           | Saved: '/Users/dean/Documents/MORI/mechanical/renders/parts/S288_Output_R_Outer.png'
PART_PREVIEW 136 209 MORI_V1__S288_Output_R_Outer
00:49.672  render           | Saved: '/Users/dean/Documents/MORI/mechanical/renders/parts/Shell_Insert_0.png'
PART_PREVIEW 137 209 MORI_V1__Shell_Insert_0
00:50.034  render           | Saved: '/Users/dean/Documents/MORI/mechanical/renders/parts/Shell_Insert_1.png'
PART_PREVIEW 138 209 MORI_V1__Shell_Insert_1
00:50.401  render           | Saved: '/Users/dean/Documents/MORI/mechanical/renders/parts/Shell_Insert_2.png'
PART_PREVIEW 139 209 MORI_V1__Shell_Insert_2
00:50.769  render           | Saved: '/Users/dean/Documents/MORI/mechanical/renders/parts/Shell_Insert_3.png'
PART_PREVIEW 140 209 MORI_V1__Shell_Insert_3
00:51.119  render           | Saved: '/Users/dean/Documents/MORI/mechanical/renders/parts/Shell_Screw_0.png'
PART_PREVIEW 141 209 MORI_V1__Shell_Screw_0
00:51.460  render           | Saved: '/Users/dean/Documents/MORI/mechanical/renders/parts/Shell_Screw_1.png'
PART_PREVIEW 142 209 MORI_V1__Shell_Screw_1
00:51.822  render           | Saved: '/Users/dean/Documents/MORI/mechanical/renders/parts/Shell_Screw_2.png'
PART_PREVIEW 143 209 MORI_V1__Shell_Screw_2
00:52.171  render           | Saved: '/Users/dean/Documents/MORI/mechanical/renders/parts/Shell_Screw_3.png'
PART_PREVIEW 144 209 MORI_V1__Shell_Screw_3
00:52.553  render           | Saved: '/Users/dean/Documents/MORI/mechanical/renders/parts/Speaker.png'
PART_PREVIEW 145 209 MORI_V1__Speaker
00:52.887  render           | Saved: '/Users/dean/Documents/MORI/mechanical/renders/parts/Speaker_Gasket.png'
PART_PREVIEW 146 209 MORI_V1__Speaker_Gasket
00:53.243  render           | Saved: '/Users/dean/Documents/MORI/mechanical/renders/parts/Speaker_Insert_-1.png'
PART_PREVIEW 147 209 MORI_V1__Speaker_Insert_-1
00:53.596  render           | Saved: '/Users/dean/Documents/MORI/mechanical/renders/parts/Speaker_Insert_1.png'
PART_PREVIEW 148 209 MORI_V1__Speaker_Insert_1
00:53.944  render           | Saved: '/Users/dean/Documents/MORI/mechanical/renders/parts/Speaker_Screw_-1.png'
PART_PREVIEW 149 209 MORI_V1__Speaker_Screw_-1
00:54.295  render           | Saved: '/Users/dean/Documents/MORI/mechanical/renders/parts/Speaker_Screw_1.png'
PART_PREVIEW 150 209 MORI_V1__Speaker_Screw_1
00:54.646  render           | Saved: '/Users/dean/Documents/MORI/mechanical/renders/parts/Tire_L.png'
PART_PREVIEW 151 209 MORI_V1__Tire_L
00:54.993  render           | Saved: '/Users/dean/Documents/MORI/mechanical/renders/parts/Tire_R.png'
PART_PREVIEW 152 209 MORI_V1__Tire_R
00:55.389  render           | Saved: '/Users/dean/Documents/MORI/mechanical/renders/parts/USB_Receptacle.png'
PART_PREVIEW 153 209 MORI_V1__USB_Receptacle
00:55.736  render           | Saved: '/Users/dean/Documents/MORI/mechanical/renders/parts/Wheel_Axle_L.png'
PART_PREVIEW 154 209 MORI_V1__Wheel_Axle_L
00:56.082  render           | Saved: '/Users/dean/Documents/MORI/mechanical/renders/parts/Wheel_Axle_R.png'
PART_PREVIEW 155 209 MORI_V1__Wheel_Axle_R
00:56.488  render           | Saved: '/Users/dean/Documents/MORI/mechanical/renders/parts/Wheel_Bearing_L_Inner.png'
PART_PREVIEW 156 209 MORI_V1__Wheel_Bearing_L_Inner
00:56.894  render           | Saved: '/Users/dean/Documents/MORI/mechanical/renders/parts/Wheel_Bearing_L_Outer.png'
PART_PREVIEW 157 209 MORI_V1__Wheel_Bearing_L_Outer
00:57.297  render           | Saved: '/Users/dean/Documents/MORI/mechanical/renders/parts/Wheel_Bearing_R_Inner.png'
PART_PREVIEW 158 209 MORI_V1__Wheel_Bearing_R_Inner
00:57.697  render           | Saved: '/Users/dean/Documents/MORI/mechanical/renders/parts/Wheel_Bearing_R_Outer.png'
PART_PREVIEW 159 209 MORI_V1__Wheel_Bearing_R_Outer
00:58.090  render           | Saved: '/Users/dean/Documents/MORI/mechanical/renders/parts/Wheel_Buck.png'
PART_PREVIEW 160 209 MORI_V1__Wheel_Buck
00:58.440  render           | Saved: '/Users/dean/Documents/MORI/mechanical/renders/parts/Wheel_Buck_Insert_1.png'
PART_PREVIEW 161 209 MORI_V1__Wheel_Buck_Insert_1
00:58.768  render           | Saved: '/Users/dean/Documents/MORI/mechanical/renders/parts/Wheel_Buck_Insert_2.png'
PART_PREVIEW 162 209 MORI_V1__Wheel_Buck_Insert_2
00:59.106  render           | Saved: '/Users/dean/Documents/MORI/mechanical/renders/parts/Wheel_Buck_Screw_1.png'
PART_PREVIEW 163 209 MORI_V1__Wheel_Buck_Screw_1
00:59.440  render           | Saved: '/Users/dean/Documents/MORI/mechanical/renders/parts/Wheel_Buck_Screw_2.png'
PART_PREVIEW 164 209 MORI_V1__Wheel_Buck_Screw_2
00:59.794  render           | Saved: '/Users/dean/Documents/MORI/mechanical/renders/parts/Wheel_Cap_Clamp_Nut_0.png'
PART_PREVIEW 165 209 MORI_V1__Wheel_Cap_Clamp_Nut_0
01:00.149  render           | Saved: '/Users/dean/Documents/MORI/mechanical/renders/parts/Wheel_Cap_Clamp_Nut_1.png'
PART_PREVIEW 166 209 MORI_V1__Wheel_Cap_Clamp_Nut_1
01:00.504  render           | Saved: '/Users/dean/Documents/MORI/mechanical/renders/parts/Wheel_Cap_Clamp_Nut_2.png'
PART_PREVIEW 167 209 MORI_V1__Wheel_Cap_Clamp_Nut_2
01:00.864  render           | Saved: '/Users/dean/Documents/MORI/mechanical/renders/parts/Wheel_Cap_Clamp_Nut_3.png'
PART_PREVIEW 168 209 MORI_V1__Wheel_Cap_Clamp_Nut_3
01:01.185  render           | Saved: '/Users/dean/Documents/MORI/mechanical/renders/parts/Wheel_Cap_Clamp_Screw_0.png'
PART_PREVIEW 169 209 MORI_V1__Wheel_Cap_Clamp_Screw_0
01:01.506  render           | Saved: '/Users/dean/Documents/MORI/mechanical/renders/parts/Wheel_Cap_Clamp_Screw_1.png'
PART_PREVIEW 170 209 MORI_V1__Wheel_Cap_Clamp_Screw_1
01:01.824  render           | Saved: '/Users/dean/Documents/MORI/mechanical/renders/parts/Wheel_Cap_Clamp_Screw_2.png'
PART_PREVIEW 171 209 MORI_V1__Wheel_Cap_Clamp_Screw_2
01:02.151  render           | Saved: '/Users/dean/Documents/MORI/mechanical/renders/parts/Wheel_Cap_Clamp_Screw_3.png'
PART_PREVIEW 172 209 MORI_V1__Wheel_Cap_Clamp_Screw_3
01:02.507  render           | Saved: '/Users/dean/Documents/MORI/mechanical/renders/parts/Wheel_End_Screw_L.png'
PART_PREVIEW 173 209 MORI_V1__Wheel_End_Screw_L
01:02.860  render           | Saved: '/Users/dean/Documents/MORI/mechanical/renders/parts/Wheel_End_Screw_R.png'
PART_PREVIEW 174 209 MORI_V1__Wheel_End_Screw_R
01:03.210  render           | Saved: '/Users/dean/Documents/MORI/mechanical/renders/parts/Wheel_End_Washer_L.png'
PART_PREVIEW 175 209 MORI_V1__Wheel_End_Washer_L
01:03.562  render           | Saved: '/Users/dean/Documents/MORI/mechanical/renders/parts/Wheel_End_Washer_R.png'
PART_PREVIEW 176 209 MORI_V1__Wheel_End_Washer_R
01:03.931  render           | Saved: '/Users/dean/Documents/MORI/mechanical/renders/parts/Wheel_Hub_L.png'
PART_PREVIEW 177 209 MORI_V1__Wheel_Hub_L
01:04.303  render           | Saved: '/Users/dean/Documents/MORI/mechanical/renders/parts/Wheel_Hub_R.png'
PART_PREVIEW 178 209 MORI_V1__Wheel_Hub_R
01:04.646  render           | Saved: '/Users/dean/Documents/MORI/mechanical/renders/parts/Wheel_Output_Screw_L_0.png'
PART_PREVIEW 179 209 MORI_V1__Wheel_Output_Screw_L_0
01:04.986  render           | Saved: '/Users/dean/Documents/MORI/mechanical/renders/parts/Wheel_Output_Screw_L_1.png'
PART_PREVIEW 180 209 MORI_V1__Wheel_Output_Screw_L_1
01:05.328  render           | Saved: '/Users/dean/Documents/MORI/mechanical/renders/parts/Wheel_Output_Screw_L_2.png'
PART_PREVIEW 181 209 MORI_V1__Wheel_Output_Screw_L_2
01:05.669  render           | Saved: '/Users/dean/Documents/MORI/mechanical/renders/parts/Wheel_Output_Screw_L_3.png'
PART_PREVIEW 182 209 MORI_V1__Wheel_Output_Screw_L_3
01:06.006  render           | Saved: '/Users/dean/Documents/MORI/mechanical/renders/parts/Wheel_Output_Screw_L_4.png'
PART_PREVIEW 183 209 MORI_V1__Wheel_Output_Screw_L_4
01:06.350  render           | Saved: '/Users/dean/Documents/MORI/mechanical/renders/parts/Wheel_Output_Screw_L_5.png'
PART_PREVIEW 184 209 MORI_V1__Wheel_Output_Screw_L_5
01:06.686  render           | Saved: '/Users/dean/Documents/MORI/mechanical/renders/parts/Wheel_Output_Screw_R_0.png'
PART_PREVIEW 185 209 MORI_V1__Wheel_Output_Screw_R_0
01:07.021  render           | Saved: '/Users/dean/Documents/MORI/mechanical/renders/parts/Wheel_Output_Screw_R_1.png'
PART_PREVIEW 186 209 MORI_V1__Wheel_Output_Screw_R_1
01:07.356  render           | Saved: '/Users/dean/Documents/MORI/mechanical/renders/parts/Wheel_Output_Screw_R_2.png'
PART_PREVIEW 187 209 MORI_V1__Wheel_Output_Screw_R_2
01:07.690  render           | Saved: '/Users/dean/Documents/MORI/mechanical/renders/parts/Wheel_Output_Screw_R_3.png'
PART_PREVIEW 188 209 MORI_V1__Wheel_Output_Screw_R_3
01:08.032  render           | Saved: '/Users/dean/Documents/MORI/mechanical/renders/parts/Wheel_Output_Screw_R_4.png'
PART_PREVIEW 189 209 MORI_V1__Wheel_Output_Screw_R_4
01:08.374  render           | Saved: '/Users/dean/Documents/MORI/mechanical/renders/parts/Wheel_Output_Screw_R_5.png'
PART_PREVIEW 190 209 MORI_V1__Wheel_Output_Screw_R_5
01:08.784  render           | Saved: '/Users/dean/Documents/MORI/mechanical/renders/parts/Wheel_Spacer_L_0.png'
PART_PREVIEW 191 209 MORI_V1__Wheel_Spacer_L_0
01:09.208  render           | Saved: '/Users/dean/Documents/MORI/mechanical/renders/parts/Wheel_Spacer_L_1.png'
PART_PREVIEW 192 209 MORI_V1__Wheel_Spacer_L_1
01:09.617  render           | Saved: '/Users/dean/Documents/MORI/mechanical/renders/parts/Wheel_Spacer_R_0.png'
PART_PREVIEW 193 209 MORI_V1__Wheel_Spacer_R_0
01:10.031  render           | Saved: '/Users/dean/Documents/MORI/mechanical/renders/parts/Wheel_Spacer_R_1.png'
PART_PREVIEW 194 209 MORI_V1__Wheel_Spacer_R_1
01:10.427  render           | Saved: '/Users/dean/Documents/MORI/mechanical/renders/parts/Yaw_Base.png'
PART_PREVIEW 195 209 MORI_V1__Yaw_Base
01:10.795  render           | Saved: '/Users/dean/Documents/MORI/mechanical/renders/parts/Yaw_Base_-1_Nut.png'
PART_PREVIEW 196 209 MORI_V1__Yaw_Base_-1_Nut
01:11.183  render           | Saved: '/Users/dean/Documents/MORI/mechanical/renders/parts/Yaw_Base_-1_Screw.png'
PART_PREVIEW 197 209 MORI_V1__Yaw_Base_-1_Screw
01:11.581  render           | Saved: '/Users/dean/Documents/MORI/mechanical/renders/parts/Yaw_Base_1_Nut.png'
PART_PREVIEW 198 209 MORI_V1__Yaw_Base_1_Nut
01:11.950  render           | Saved: '/Users/dean/Documents/MORI/mechanical/renders/parts/Yaw_Base_1_Screw.png'
PART_PREVIEW 199 209 MORI_V1__Yaw_Base_1_Screw
01:12.328  render           | Saved: '/Users/dean/Documents/MORI/mechanical/renders/parts/Yaw_Bearing.png'
PART_PREVIEW 200 209 MORI_V1__Yaw_Bearing
01:12.676  render           | Saved: '/Users/dean/Documents/MORI/mechanical/renders/parts/Yaw_Horn.png'
PART_PREVIEW 201 209 MORI_V1__Yaw_Horn
01:12.995  render           | Saved: '/Users/dean/Documents/MORI/mechanical/renders/parts/Yaw_Lock_Screw.png'
PART_PREVIEW 202 209 MORI_V1__Yaw_Lock_Screw
01:13.338  render           | Saved: '/Users/dean/Documents/MORI/mechanical/renders/parts/Yaw_Output.png'
PART_PREVIEW 203 209 MORI_V1__Yaw_Output
01:13.685  render           | Saved: '/Users/dean/Documents/MORI/mechanical/renders/parts/Yaw_Reaction_Clamp_Nut.png'
PART_PREVIEW 204 209 MORI_V1__Yaw_Reaction_Clamp_Nut
01:14.022  render           | Saved: '/Users/dean/Documents/MORI/mechanical/renders/parts/Yaw_Reaction_Clamp_Screw.png'
PART_PREVIEW 205 209 MORI_V1__Yaw_Reaction_Clamp_Screw
01:14.381  render           | Saved: '/Users/dean/Documents/MORI/mechanical/renders/parts/Yaw_Reaction_Link.png'
PART_PREVIEW 206 209 MORI_V1__Yaw_Reaction_Link
01:14.724  render           | Saved: '/Users/dean/Documents/MORI/mechanical/renders/parts/Yaw_Reaction_Retainer_Nut.png'
PART_PREVIEW 207 209 MORI_V1__Yaw_Reaction_Retainer_Nut
01:15.044  render           | Saved: '/Users/dean/Documents/MORI/mechanical/renders/parts/Yaw_Reaction_Retainer_Screw.png'
PART_PREVIEW 208 209 MORI_V1__Yaw_Reaction_Retainer_Screw
01:15.425  render           | Saved: '/Users/dean/Documents/MORI/mechanical/renders/parts/Yaw_Servo.png'
PART_PREVIEW 209 209 MORI_V1__Yaw_Servo
CATALOG_COMPLETE
Blender 5.2.2 LTS (hash d13f752e3b9c built 2026-09-15 01:49:19)

Blender quit
