prearrival build START
prearrival build 0
prearrival check_rebuild START
prearrival check_rebuild 0
prearrival validate START
prearrival validate 0
prearrival render START
prearrival export START
prearrival readiness_views START
prearrival completion_views START
prearrival export 0
prearrival animation START
prearrival completion_views 0
prearrival readiness_views 0
prearrival animation 0
prearrival render 0
prearrival catalog START
prearrival export_electronics_detail START
prearrival export_wheel_metal START
prearrival structure_metadata START
prearrival export_wheel_metal 0
prearrival structure_metadata 0
prearrival catalog 0
prearrival export_electronics_detail 0
prearrival delivery_check START
prearrival electronics_detail_check START
prearrival electronics_detail_check 0
prearrival delivery_check 0
prearrival report START
prearrival report 0
prearrival_DELIVERY_COMPLETE
