00:00.409  blend            | Read blend: "/Users/dean/Documents/MORI/mechanical/mori_v1_2.blend"
MORI STL Battery_Tray PASS
MORI STL Body_Lower PASS
MORI STL Body_Upper PASS
MORI STL Coupon_Insert PASS
MORI STL Coupon_Mating_Tab PASS
MORI STL Coupon_Plane_Fit PASS
MORI STL Coupon_Wheel_Fit PASS
MORI STL Display_Frame PASS
MORI STL Drive_Bridge PASS
MORI STL Head_Front PASS
MORI STL Head_Rear PASS
MORI STL Load_Frame PASS
MORI STL Motor_Retainer PASS
MORI STL Parking_Cradle PASS
MORI STL Pitch_Cradle PASS
MORI STL Pitch_Yoke PASS
MORI STL Wheel_Hub_L PASS
MORI STL Wheel_Hub_R PASS
MORI STL Yaw_Base PASS
MORI STL Yaw_Reaction_Link PASS
Blender 5.2.1 LTS (hash 9e2066aef7ef built 2026-08-25 01:35:57)
Timer 'STL Import' took 0.70 ms
Timer 'STL Import' took 2.61 ms
Timer 'STL Import' took 3.07 ms
Timer 'STL Import' took 0.32 ms
Timer 'STL Import' took 64500 ns
Timer 'STL Import' took 95917 ns
Timer 'STL Import' took 0.42 ms
Timer 'STL Import' took 0.70 ms
Timer 'STL Import' took 0.86 ms
Timer 'STL Import' took 1.57 ms
Timer 'STL Import' took 1.72 ms
Timer 'STL Import' took 1.69 ms
Timer 'STL Import' took 0.72 ms
Timer 'STL Import' took 0.24 ms
Timer 'STL Import' took 0.49 ms
Timer 'STL Import' took 1.75 ms
Timer 'STL Import' took 0.20 ms
Timer 'STL Import' took 0.19 ms
Timer 'STL Import' took 0.96 ms
Timer 'STL Import' took 0.59 ms

Blender quit
