2026-09-23 12:50:33.848 INFO   Freerouting v2.4.1 (build-date: 2026-09-03)
2026-09-23 12:50:35.246 INFO   [84ABCD\18C8A0] Loading board file 'MORI_motion_P5.dsn'...
2026-09-23 12:50:35.315 INFO   [84ABCD\18C8A0] Job '84ABCD\18C8A0' started at 2026-09-23T04:50:35.314877Z.
2026-09-23 12:50:35.364 INFO   [84ABCD\18C8A0] Auto-routing stage started on board '9bfaa24e1de90bedb83de7beefef24c7' for 69 unrouted items.
2026-09-23 12:50:38.770 INFO   [84ABCD\18C8A0] Auto-routing pass #1 on board '9bfaa24e1de90bedb83de7beefef24c7' was completed in 3.36 seconds with score 0.00 (51 unrouted and 104 violations), using 2.86 CPU seconds and the job allocated 26.27 GB of memory so far.
2026-09-23 12:50:41.714 INFO   [84ABCD\18C8A0] Auto-routing pass #2 on board '68978524f79d18199f0303367bb504f0' was completed in 2.92 seconds with score 46.37 (45 unrouted and 104 violations), using 5.69 CPU seconds and the job allocated 59.35 GB of memory so far.
2026-09-23 12:50:44.759 INFO   [84ABCD\18C8A0] Auto-routing pass #3 on board 'e82bce59fb047d052e960fe8fddf0526' was completed in 3.03 seconds with score 89.84 (42 unrouted and 104 violations), using 8.56 CPU seconds and the job allocated 94.56 GB of memory so far.
2026-09-23 12:50:47.641 INFO   [84ABCD\18C8A0] Auto-routing pass #4 on board '6beb8154a195fbadb5ac90d8c8522b29' was completed in 2.86 seconds with score 75.35 (43 unrouted and 104 violations), using 11.50 CPU seconds and the job allocated 131.19 GB of memory so far.
2026-09-23 12:50:53.645 INFO   [84ABCD\18C8A0] Auto-routing pass #5 on board 'c375a06f4eaae85895d3f82add320afb' was completed in 5.99 seconds with score 75.35 (43 unrouted and 104 violations), using 14.90 CPU seconds and the job allocated 164.13 GB of memory so far.
2026-09-23 12:50:57.065 INFO   [84ABCD\18C8A0] Auto-routing pass #6 on board 'ebc1a92c5a6a23eb80cffc31568e1b0b' was completed in 3.40 seconds with score 89.84 (42 unrouted and 104 violations), using 17.82 CPU seconds and the job allocated 196.22 GB of memory so far.
2026-09-23 12:51:00.077 INFO   [84ABCD\18C8A0] Auto-routing pass #7 on board 'c75d8fb11e829d3ff9b7c079ed8b633c' was completed in 2.99 seconds with score 89.84 (42 unrouted and 104 violations), using 20.76 CPU seconds and the job allocated 230.08 GB of memory so far.
2026-09-23 12:51:03.288 INFO   [84ABCD\18C8A0] Auto-routing pass #8 on board '2e3c5c8e4ed8d5b12a4d9392157b794e' was completed in 3.19 seconds with score 104.34 (41 unrouted and 104 violations), using 23.70 CPU seconds and the job allocated 264.43 GB of memory so far.
2026-09-23 12:51:06.340 INFO   [84ABCD\18C8A0] Auto-routing pass #9 on board '3588f1ee025e30c563690197cb71be8e' was completed in 3.03 seconds with score 118.83 (40 unrouted and 104 violations), using 26.63 CPU seconds and the job allocated 298.46 GB of memory so far.
2026-09-23 12:51:09.647 INFO   [84ABCD\18C8A0] Auto-routing pass #10 on board '024aefdad0d69f59f5107b947930ec31' was completed in 3.29 seconds with score 133.32 (39 unrouted and 104 violations), using 30.55 CPU seconds and the job allocated 341.92 GB of memory so far.
2026-09-23 12:51:12.766 INFO   [84ABCD\18C8A0] Auto-routing pass #11 on board 'fd93b6501a1dff641b2ef1b5d6a7f694' was completed in 3.10 seconds with score 147.81 (38 unrouted and 104 violations), using 33.49 CPU seconds and the job allocated 376.85 GB of memory so far.
2026-09-23 12:51:15.716 INFO   [84ABCD\18C8A0] Auto-routing pass #12 on board '253ffb38c265101864ce30e6e3f768ca' was completed in 2.93 seconds with score 147.81 (38 unrouted and 104 violations), using 36.43 CPU seconds and the job allocated 413.90 GB of memory so far.
2026-09-23 12:51:18.676 INFO   [84ABCD\18C8A0] Auto-routing pass #13 on board 'f8974de307dec2fc779e76ddd2559eec' was completed in 2.94 seconds with score 147.81 (38 unrouted and 104 violations), using 39.36 CPU seconds and the job allocated 451.30 GB of memory so far.
2026-09-23 12:51:21.629 INFO   [84ABCD\18C8A0] Auto-routing pass #14 on board '3124d1c1d603827bc6a7ea8cabebac7e' was completed in 2.94 seconds with score 147.81 (38 unrouted and 104 violations), using 42.30 CPU seconds and the job allocated 489.12 GB of memory so far.
2026-09-23 12:51:24.612 INFO   [84ABCD\18C8A0] Auto-routing pass #15 on board '68f22a435f27ee6d3b4ad3d0066a0f3b' was completed in 2.97 seconds with score 147.81 (38 unrouted and 104 violations), using 45.24 CPU seconds and the job allocated 526.59 GB of memory so far.
2026-09-23 12:51:27.622 INFO   [84ABCD\18C8A0] Auto-routing pass #16 on board '3124d1c1d603827bc6a7ea8cabebac7e' was completed in 0.00 seconds with score 147.81 (38 unrouted and 104 violations), using 48.17 CPU seconds and the job allocated 564.36 GB of memory so far.
2026-09-23 12:51:32.949 WARN   BasicBoard.normalizeTraces: reached 2000 iterations for net '/S288_TX' — stopping to prevent hang. The board geometry for this net may be oscillating (split/combine cycle); traces are kept as-is and further normalization for this net is suppressed on this board candidate.
2026-09-23 12:51:33.036 INFO   [84ABCD\18C8A0] Auto-routing pass #17 on board '3124d1c1d603827bc6a7ea8cabebac7e' was completed in 5.41 seconds with score 191.29 (35 unrouted and 104 violations), using 53.07 CPU seconds and the job allocated 649.95 GB of memory so far.
2026-09-23 12:51:36.193 INFO   [84ABCD\18C8A0] Auto-routing pass #18 on board 'e7f8e00d4ab6ddb70d67a9ed7ef1a295' was completed in 3.14 seconds with score 205.78 (34 unrouted and 104 violations), using 56.01 CPU seconds and the job allocated 691.47 GB of memory so far.
2026-09-23 12:51:39.360 INFO   [84ABCD\18C8A0] Auto-routing pass #19 on board '062fd40d393776e1d1f02556ccce254d' was completed in 3.15 seconds with score 220.28 (33 unrouted and 104 violations), using 58.95 CPU seconds and the job allocated 729.29 GB of memory so far.
2026-09-23 12:51:42.565 INFO   [84ABCD\18C8A0] Auto-routing pass #20 on board 'f59efcf8a9857b9747bf443ccc434668' was completed in 3.19 seconds with score 220.28 (33 unrouted and 104 violations), using 61.90 CPU seconds and the job allocated 766.64 GB of memory so far.
2026-09-23 12:51:45.944 INFO   [84ABCD\18C8A0] Auto-routing pass #21 on board 'f59efcf8a9857b9747bf443ccc434668' was completed in 3.37 seconds with score 234.77 (32 unrouted and 104 violations), using 65.82 CPU seconds and the job allocated 814.92 GB of memory so far.
2026-09-23 12:51:49.337 INFO   [84ABCD\18C8A0] Auto-routing pass #22 on board '5b3592399cfa8efad3399a630f6d3ee0' was completed in 3.37 seconds with score 234.77 (32 unrouted and 104 violations), using 68.76 CPU seconds and the job allocated 852.17 GB of memory so far.
2026-09-23 12:51:52.657 INFO   [84ABCD\18C8A0] Auto-routing pass #23 on board 'fd988c45f55ecf884673f99243aa7085' was completed in 3.30 seconds with score 234.77 (32 unrouted and 104 violations), using 71.70 CPU seconds and the job allocated 889.16 GB of memory so far.
2026-09-23 12:51:56.016 INFO   [84ABCD\18C8A0] Auto-routing pass #24 on board '5b3592399cfa8efad3399a630f6d3ee0' was completed in 0.00 seconds with score 234.77 (32 unrouted and 104 violations), using 75.62 CPU seconds and the job allocated 938.10 GB of memory so far.
2026-09-23 12:51:59.501 INFO   [84ABCD\18C8A0] Auto-routing pass #25 on board '5b3592399cfa8efad3399a630f6d3ee0' was completed in 3.47 seconds with score 234.77 (32 unrouted and 104 violations), using 78.56 CPU seconds and the job allocated 974.81 GB of memory so far.
2026-09-23 12:52:02.755 INFO   [84ABCD\18C8A0] Auto-routing pass #26 on board '02a2698f451868becfc23e3b5cb57a35' was completed in 3.24 seconds with score 234.77 (32 unrouted and 104 violations), using 82.48 CPU seconds and the job allocated 1023.35 GB of memory so far.
2026-09-23 12:52:05.985 INFO   [84ABCD\18C8A0] Auto-routing pass #27 on board '3bc26d13877c64f3164dfe1485ff22e6' was completed in 3.21 seconds with score 234.77 (32 unrouted and 104 violations), using 85.42 CPU seconds and the job allocated 1059.81 GB of memory so far.
2026-09-23 12:52:09.289 INFO   [84ABCD\18C8A0] Auto-routing pass #28 on board '3af3e88d86a4f0328f2d576f906e9dc2' was completed in 3.29 seconds with score 249.26 (31 unrouted and 104 violations), using 88.36 CPU seconds and the job allocated 1097.10 GB of memory so far.
2026-09-23 12:52:12.588 INFO   [84ABCD\18C8A0] Auto-routing pass #29 on board '8d5a4f6326c3a09eaec6dd6dfa3cb0e7' was completed in 3.28 seconds with score 249.26 (31 unrouted and 104 violations), using 91.30 CPU seconds and the job allocated 1134.63 GB of memory so far.
2026-09-23 12:52:15.987 INFO   [84ABCD\18C8A0] Auto-routing pass #30 on board '8c832e7a3e0aa741d0769b293c7dba73' was completed in 3.38 seconds with score 292.74 (28 unrouted and 104 violations), using 95.23 CPU seconds and the job allocated 1182.74 GB of memory so far.
2026-09-23 12:52:19.455 INFO   [84ABCD\18C8A0] Auto-routing pass #31 on board 'b64b12c7232f023b88e66609e45378d4' was completed in 3.45 seconds with score 307.23 (27 unrouted and 104 violations), using 98.17 CPU seconds and the job allocated 1219.74 GB of memory so far.
2026-09-23 12:52:22.954 INFO   [84ABCD\18C8A0] Auto-routing pass #32 on board 'b163c4cf12e76c2ef9083037b535199f' was completed in 3.48 seconds with score 321.72 (26 unrouted and 104 violations), using 102.10 CPU seconds and the job allocated 1267.65 GB of memory so far.
2026-09-23 12:52:26.582 INFO   [84ABCD\18C8A0] Auto-routing pass #33 on board '63886b635de7296df628a823799825c6' was completed in 3.61 seconds with score 336.22 (25 unrouted and 104 violations), using 105.04 CPU seconds and the job allocated 1303.92 GB of memory so far.
2026-09-23 12:52:30.269 INFO   [84ABCD\18C8A0] Auto-routing pass #34 on board 'bdd7b2fa849064dc8052dbd249a27a70' was completed in 3.66 seconds with score 336.22 (25 unrouted and 104 violations), using 108.96 CPU seconds and the job allocated 1349.44 GB of memory so far.
2026-09-23 12:52:33.704 INFO   [84ABCD\18C8A0] Auto-routing pass #35 on board 'c4673249b059097a962df1c83dbc58d5' was completed in 3.41 seconds with score 336.22 (25 unrouted and 104 violations), using 111.91 CPU seconds and the job allocated 1386.26 GB of memory so far.
2026-09-23 12:52:37.165 INFO   [84ABCD\18C8A0] Auto-routing pass #36 on board 'b157b81f7cded54063c20f9be431fd56' was completed in 3.44 seconds with score 336.22 (25 unrouted and 104 violations), using 115.83 CPU seconds and the job allocated 1434.05 GB of memory so far.
2026-09-23 12:52:40.325 INFO   [84ABCD\18C8A0] Auto-routing pass #37 on board '8936cea6901a220b8c8d517fdcd559f6' was completed in 3.13 seconds with score 365.20 (23 unrouted and 104 violations), using 118.78 CPU seconds and the job allocated 1471.12 GB of memory so far.
2026-09-23 12:52:43.703 INFO   [84ABCD\18C8A0] Auto-routing pass #38 on board 'a2edfaa3fbc43a38707f4eec9f1d47ab' was completed in 3.35 seconds with score 350.71 (24 unrouted and 104 violations), using 121.72 CPU seconds and the job allocated 1508.08 GB of memory so far.
2026-09-23 12:52:47.228 INFO   [84ABCD\18C8A0] Auto-routing pass #39 on board '4c44b3c73d1aaf05bc9340f4e8a62cd7' was completed in 3.50 seconds with score 365.20 (23 unrouted and 104 violations), using 125.65 CPU seconds and the job allocated 1555.63 GB of memory so far.
2026-09-23 12:52:50.558 INFO   [84ABCD\18C8A0] Auto-routing pass #40 on board '0f93f433bf83359d4c8f680bfd3b0d3c' was completed in 3.30 seconds with score 365.20 (23 unrouted and 104 violations), using 128.58 CPU seconds and the job allocated 1591.92 GB of memory so far.
2026-09-23 12:52:54.122 INFO   [84ABCD\18C8A0] Auto-routing pass #41 on board '887fc71b75069112bfc4689584083688' was completed in 3.54 seconds with score 365.20 (23 unrouted and 104 violations), using 132.47 CPU seconds and the job allocated 1636.45 GB of memory so far.
2026-09-23 12:52:57.655 INFO   [84ABCD\18C8A0] Auto-routing pass #42 on board '95d0719ccb66017803fdf99a18a24000' was completed in 3.51 seconds with score 350.71 (24 unrouted and 104 violations), using 135.35 CPU seconds and the job allocated 1671.38 GB of memory so far.
2026-09-23 12:53:01.429 INFO   [84ABCD\18C8A0] Auto-routing pass #43 on board '69009b77f8f6d86fc565fc3c82744329' was completed in 3.75 seconds with score 365.20 (23 unrouted and 104 violations), using 139.23 CPU seconds and the job allocated 1715.94 GB of memory so far.
2026-09-23 12:53:04.893 INFO   [84ABCD\18C8A0] Auto-routing pass #44 on board '95d0719ccb66017803fdf99a18a24000' was completed in 0.00 seconds with score 365.20 (23 unrouted and 104 violations), using 142.16 CPU seconds and the job allocated 1752.30 GB of memory so far.
2026-09-23 12:53:08.064 INFO   [84ABCD\18C8A0] Auto-routing pass #45 on board '95d0719ccb66017803fdf99a18a24000' was completed in 3.16 seconds with score 350.71 (24 unrouted and 104 violations), using 146.08 CPU seconds and the job allocated 1801.54 GB of memory so far.
2026-09-23 12:53:08.109 INFO   [84ABCD\18C8A0] Auto-routing stage completed: started with 69 unrouted nets, completed in 152.76 seconds, final score: 365.20 (23 unrouted and 104 violations), using 146.08 total CPU seconds, 1801.54 GB total allocated, and 520.0 MB peak heap usage.
2026-09-23 12:53:08.118 INFO   [84ABCD\18C8A0] Optimization stage started on board '0e82c21f699735cf90bc635d71116589' with score 147.81 (38 unrouted and 104 violations).
2026-09-23 12:53:08.664 INFO   [84ABCD\18C8A0] Optimizer pass #1 on board 'b4c3e4328766d63868d2686e9cf1c81c' was completed in 0.52 seconds with the score of 234.77 (32 unrouted and 104 violations).
2026-09-23 12:53:08.988 INFO   [84ABCD\18C8A0] Optimizer pass #2 on board 'b4c3e4328766d63868d2686e9cf1c81c' was completed in 0.29 seconds with the score of 234.77 (32 unrouted and 104 violations).
2026-09-23 12:53:08.994 INFO   [84ABCD\18C8A0] Stopping optimizer because the improvement in this pass (0.0000%) is below the threshold (1.00%).
2026-09-23 12:53:08.999 INFO   [84ABCD\18C8A0] Optimization stage completed: started with score 147.81 (38 unrouted and 104 violations), completed in 0.88 seconds, final score: 234.77 (32 unrouted and 104 violations), using 0.84 total CPU seconds, 29.16 GB total allocated, and 502.1 MB peak heap usage.
2026-09-23 12:53:09.004 INFO   [84ABCD\18C8A0] Job '84ABCD\18C8A0' finished with state: COMPLETED (elapsed: 2 minutes 33.69 seconds, finished at UTC: 2026-09-23T04:53:09.003687Z).
2026-09-23 12:53:09.343 INFO   Saving output file '/Users/dean/Documents/MORI/hardware/v1_2/kicad/MORI_motion_P5/MORI_motion_P5.ses' (SES)...
2026-09-23 12:53:09.351 INFO   Successfully saved output file '/Users/dean/Documents/MORI/hardware/v1_2/kicad/MORI_motion_P5/MORI_motion_P5.ses' (48552 bytes).
