00:00.291  blend            | Read blend: "/Users/dean/Documents/MORI/mechanical/mori_v1_2.blend"
[
  {
    "source": "mechanical/studies/prearrival_finish/yaw_service_M1_48/cuts_Yaw_Base_trial.npz",
    "pin": 1,
    "point_mm": [
      -6.724235525965072,
      -6.72423552596507,
      140.99911144295632
    ],
    "BVH_distance_mm": 0.88480544090271,
    "BVH_triangle": 2195,
    "float64_all_triangle_distance_mm": 0.592660722757135,
    "float64_nearest_triangle": 1520,
    "sphere_radius_mm": 0.74,
    "sphere_intersection_mm3": 0.0
  },
  {
    "source": "mechanical/studies/prearrival_finish/yaw_service_M1_48/cuts_Yaw_Base_trial.npz",
    "pin": 2,
    "point_mm": [
      -6.59279715641049,
      6.592797156410491,
      141.1682509806287
    ],
    "BVH_distance_mm": 0.6261006593704224,
    "BVH_triangle": 17719,
    "float64_all_triangle_distance_mm": 0.621492479899066,
    "float64_nearest_triangle": 3980,
    "sphere_radius_mm": 0.74,
    "sphere_intersection_mm3": 0.0
  },
  {
    "source": "mechanical/studies/prearrival_finish/yaw_service_M1_48/cuts_Yaw_Base_trial.npz",
    "pin": 3,
    "point_mm": [
      6.592797156410489,
      -6.592797156410492,
      141.1682509806287
    ],
    "BVH_distance_mm": 0.6261006593704224,
    "BVH_triangle": 39916,
    "float64_all_triangle_distance_mm": 0.621492479899065,
    "float64_nearest_triangle": 11428,
    "sphere_radius_mm": 0.74,
    "sphere_intersection_mm3": 0.0
  },
  {
    "source": "mechanical/studies/prearrival_finish/yaw_service_M1_48/cuts_Yaw_Base_trial.npz",
    "pin": 4,
    "point_mm": [
      6.724235525965071,
      6.72423552596507,
      140.99911144295632
    ],
    "BVH_distance_mm": 0.88480544090271,
    "BVH_triangle": 55107,
    "float64_all_triangle_distance_mm": 0.5926607227571341,
    "float64_nearest_triangle": 9023,
    "sphere_radius_mm": 0.74,
    "sphere_intersection_mm3": 0.0
  },
  {
    "source": "mechanical/studies/prearrival_finish/yaw_service_M1_48/refined_Yaw_Base.npz",
    "pin": 1,
    "point_mm": [
      -6.724235525965072,
      -6.72423552596507,
      140.99911144295632
    ],
    "BVH_distance_mm": 0.9047209620475769,
    "BVH_triangle": 6325,
    "float64_all_triangle_distance_mm": 0.9047209464748318,
    "float64_nearest_triangle": 6325,
    "sphere_radius_mm": 0.74,
    "sphere_intersection_mm3": 0.0
  },
  {
    "source": "mechanical/studies/prearrival_finish/yaw_service_M1_48/refined_Yaw_Base.npz",
    "pin": 2,
    "point_mm": [
      -6.59279715641049,
      6.592797156410491,
      141.1682509806287
    ],
    "BVH_distance_mm": 0.7339906096458435,
    "BVH_triangle": 17701,
    "float64_all_triangle_distance_mm": 0.7339932554245315,
    "float64_nearest_triangle": 17700,
    "sphere_radius_mm": 0.74,
    "sphere_intersection_mm3": 0.0
  },
  {
    "source": "mechanical/studies/prearrival_finish/yaw_service_M1_48/refined_Yaw_Base.npz",
    "pin": 3,
    "point_mm": [
      6.592797156410489,
      -6.592797156410492,
      141.1682509806287
    ],
    "BVH_distance_mm": 0.7339906096458435,
    "BVH_triangle": 39145,
    "float64_all_triangle_distance_mm": 0.7339932554245316,
    "float64_nearest_triangle": 39144,
    "sphere_radius_mm": 0.74,
    "sphere_intersection_mm3": 0.0
  },
  {
    "source": "mechanical/studies/prearrival_finish/yaw_service_M1_48/refined_Yaw_Base.npz",
    "pin": 4,
    "point_mm": [
      6.724235525965071,
      6.72423552596507,
      140.99911144295632
    ],
    "BVH_distance_mm": 0.9047209620475769,
    "BVH_triangle": 49020,
    "float64_all_triangle_distance_mm": 0.904720946474831,
    "float64_nearest_triangle": 49019,
    "sphere_radius_mm": 0.74,
    "sphere_intersection_mm3": 0.0
  }
]
Blender 5.2.2 LTS (hash d13f752e3b9c built 2026-09-15 01:49:19)

Blender quit
