00:00.646  blend            | Read blend: "/Users/dean/Documents/MORI/mechanical/mori_v1_2.blend"
LOCAL_CLEARANCE refined_adaptive_all -60 -20 hits []
LOCAL_CLEARANCE refined_adaptive_all -60 -15 hits []
LOCAL_CLEARANCE refined_adaptive_all -60 -10 hits []
LOCAL_CLEARANCE refined_adaptive_all -60 -5 hits []
LOCAL_CLEARANCE refined_adaptive_all -60 0 hits []
LOCAL_CLEARANCE refined_adaptive_all -60 5 hits []
LOCAL_CLEARANCE refined_adaptive_all -60 10 hits []
LOCAL_CLEARANCE refined_adaptive_all -60 15 hits []
LOCAL_CLEARANCE refined_adaptive_all -60 20 hits []
LOCAL_CLEARANCE refined_adaptive_all -60 25 hits []
LOCAL_CLEARANCE refined_adaptive_all -50 -20 hits []
LOCAL_CLEARANCE refined_adaptive_all -50 -15 hits []
LOCAL_CLEARANCE refined_adaptive_all -50 -10 hits []
LOCAL_CLEARANCE refined_adaptive_all -50 -5 hits []
LOCAL_CLEARANCE refined_adaptive_all -50 0 hits []
LOCAL_CLEARANCE refined_adaptive_all -50 5 hits []
LOCAL_CLEARANCE refined_adaptive_all -50 10 hits []
LOCAL_CLEARANCE refined_adaptive_all -50 15 hits []
LOCAL_CLEARANCE refined_adaptive_all -50 20 hits []
LOCAL_CLEARANCE refined_adaptive_all -50 25 hits []
LOCAL_CLEARANCE refined_adaptive_all -40 -20 hits []
LOCAL_CLEARANCE refined_adaptive_all -40 -15 hits []
LOCAL_CLEARANCE refined_adaptive_all -40 -10 hits []
LOCAL_CLEARANCE refined_adaptive_all -40 -5 hits []
LOCAL_CLEARANCE refined_adaptive_all -40 0 hits []
LOCAL_CLEARANCE refined_adaptive_all -40 5 hits []
LOCAL_CLEARANCE refined_adaptive_all -40 10 hits []
LOCAL_CLEARANCE refined_adaptive_all -40 15 hits []
LOCAL_CLEARANCE refined_adaptive_all -40 20 hits []
LOCAL_CLEARANCE refined_adaptive_all -40 25 hits []
LOCAL_CLEARANCE refined_adaptive_all -30 -20 hits []
LOCAL_CLEARANCE refined_adaptive_all -30 -15 hits []
LOCAL_CLEARANCE refined_adaptive_all -30 -10 hits []
LOCAL_CLEARANCE refined_adaptive_all -30 -5 hits []
LOCAL_CLEARANCE refined_adaptive_all -30 0 hits []
LOCAL_CLEARANCE refined_adaptive_all -30 5 hits []
LOCAL_CLEARANCE refined_adaptive_all -30 10 hits []
LOCAL_CLEARANCE refined_adaptive_all -30 15 hits []
LOCAL_CLEARANCE refined_adaptive_all -30 20 hits []
LOCAL_CLEARANCE refined_adaptive_all -30 25 hits []
LOCAL_CLEARANCE refined_adaptive_all -20 -20 hits []
LOCAL_CLEARANCE refined_adaptive_all -20 -15 hits []
LOCAL_CLEARANCE refined_adaptive_all -20 -10 hits []
LOCAL_CLEARANCE refined_adaptive_all -20 -5 hits []
LOCAL_CLEARANCE refined_adaptive_all -20 0 hits []
LOCAL_CLEARANCE refined_adaptive_all -20 5 hits []
LOCAL_CLEARANCE refined_adaptive_all -20 10 hits []
LOCAL_CLEARANCE refined_adaptive_all -20 15 hits []
LOCAL_CLEARANCE refined_adaptive_all -20 20 hits []
LOCAL_CLEARANCE refined_adaptive_all -20 25 hits []
LOCAL_CLEARANCE refined_adaptive_all -10 -20 hits []
LOCAL_CLEARANCE refined_adaptive_all -10 -15 hits []
LOCAL_CLEARANCE refined_adaptive_all -10 -10 hits []
LOCAL_CLEARANCE refined_adaptive_all -10 -5 hits []
LOCAL_CLEARANCE refined_adaptive_all -10 0 hits []
LOCAL_CLEARANCE refined_adaptive_all -10 5 hits []
LOCAL_CLEARANCE refined_adaptive_all -10 10 hits []
LOCAL_CLEARANCE refined_adaptive_all -10 15 hits []
LOCAL_CLEARANCE refined_adaptive_all -10 20 hits []
LOCAL_CLEARANCE refined_adaptive_all -10 25 hits []
LOCAL_CLEARANCE refined_adaptive_all 0 -20 hits []
LOCAL_CLEARANCE refined_adaptive_all 0 -15 hits []
LOCAL_CLEARANCE refined_adaptive_all 0 -10 hits []
LOCAL_CLEARANCE refined_adaptive_all 0 -5 hits []
LOCAL_CLEARANCE refined_adaptive_all 0 0 hits []
LOCAL_CLEARANCE refined_adaptive_all 0 5 hits []
LOCAL_CLEARANCE refined_adaptive_all 0 10 hits []
LOCAL_CLEARANCE refined_adaptive_all 0 15 hits []
LOCAL_CLEARANCE refined_adaptive_all 0 20 hits []
LOCAL_CLEARANCE refined_adaptive_all 0 25 hits []
LOCAL_CLEARANCE refined_adaptive_all 10 -20 hits []
LOCAL_CLEARANCE refined_adaptive_all 10 -15 hits []
LOCAL_CLEARANCE refined_adaptive_all 10 -10 hits []
LOCAL_CLEARANCE refined_adaptive_all 10 -5 hits []
LOCAL_CLEARANCE refined_adaptive_all 10 0 hits []
LOCAL_CLEARANCE refined_adaptive_all 10 5 hits []
LOCAL_CLEARANCE refined_adaptive_all 10 10 hits []
LOCAL_CLEARANCE refined_adaptive_all 10 15 hits []
LOCAL_CLEARANCE refined_adaptive_all 10 20 hits []
LOCAL_CLEARANCE refined_adaptive_all 10 25 hits []
LOCAL_CLEARANCE refined_adaptive_all 20 -20 hits []
LOCAL_CLEARANCE refined_adaptive_all 20 -15 hits []
LOCAL_CLEARANCE refined_adaptive_all 20 -10 hits []
LOCAL_CLEARANCE refined_adaptive_all 20 -5 hits []
LOCAL_CLEARANCE refined_adaptive_all 20 0 hits []
LOCAL_CLEARANCE refined_adaptive_all 20 5 hits []
LOCAL_CLEARANCE refined_adaptive_all 20 10 hits []
LOCAL_CLEARANCE refined_adaptive_all 20 15 hits []
LOCAL_CLEARANCE refined_adaptive_all 20 20 hits []
LOCAL_CLEARANCE refined_adaptive_all 20 25 hits []
LOCAL_CLEARANCE refined_adaptive_all 30 -20 hits []
LOCAL_CLEARANCE refined_adaptive_all 30 -15 hits []
LOCAL_CLEARANCE refined_adaptive_all 30 -10 hits []
LOCAL_CLEARANCE refined_adaptive_all 30 -5 hits []
LOCAL_CLEARANCE refined_adaptive_all 30 0 hits []
LOCAL_CLEARANCE refined_adaptive_all 30 5 hits []
LOCAL_CLEARANCE refined_adaptive_all 30 10 hits []
LOCAL_CLEARANCE refined_adaptive_all 30 15 hits []
LOCAL_CLEARANCE refined_adaptive_all 30 20 hits []
LOCAL_CLEARANCE refined_adaptive_all 30 25 hits []
LOCAL_CLEARANCE refined_adaptive_all 40 -20 hits []
LOCAL_CLEARANCE refined_adaptive_all 40 -15 hits []
LOCAL_CLEARANCE refined_adaptive_all 40 -10 hits []
LOCAL_CLEARANCE refined_adaptive_all 40 -5 hits []
LOCAL_CLEARANCE refined_adaptive_all 40 0 hits []
LOCAL_CLEARANCE refined_adaptive_all 40 5 hits []
LOCAL_CLEARANCE refined_adaptive_all 40 10 hits []
LOCAL_CLEARANCE refined_adaptive_all 40 15 hits []
LOCAL_CLEARANCE refined_adaptive_all 40 20 hits []
LOCAL_CLEARANCE refined_adaptive_all 40 25 hits []
LOCAL_CLEARANCE refined_adaptive_all 50 -20 hits []
LOCAL_CLEARANCE refined_adaptive_all 50 -15 hits []
LOCAL_CLEARANCE refined_adaptive_all 50 -10 hits []
LOCAL_CLEARANCE refined_adaptive_all 50 -5 hits []
LOCAL_CLEARANCE refined_adaptive_all 50 0 hits []
LOCAL_CLEARANCE refined_adaptive_all 50 5 hits []
LOCAL_CLEARANCE refined_adaptive_all 50 10 hits []
LOCAL_CLEARANCE refined_adaptive_all 50 15 hits []
LOCAL_CLEARANCE refined_adaptive_all 50 20 hits []
LOCAL_CLEARANCE refined_adaptive_all 50 25 hits []
LOCAL_CLEARANCE refined_adaptive_all 60 -20 hits []
LOCAL_CLEARANCE refined_adaptive_all 60 -15 hits []
LOCAL_CLEARANCE refined_adaptive_all 60 -10 hits []
LOCAL_CLEARANCE refined_adaptive_all 60 -5 hits []
LOCAL_CLEARANCE refined_adaptive_all 60 0 hits []
LOCAL_CLEARANCE refined_adaptive_all 60 5 hits []
LOCAL_CLEARANCE refined_adaptive_all 60 10 hits []
LOCAL_CLEARANCE refined_adaptive_all 60 15 hits []
LOCAL_CLEARANCE refined_adaptive_all 60 20 hits []
LOCAL_CLEARANCE refined_adaptive_all 60 25 hits []
LOCAL_CLEARANCE_DONE refined_adaptive_all PASS
Blender 5.2.2 LTS (hash d13f752e3b9c built 2026-09-15 01:49:19)

Blender quit
