00:00.312  blend            | Read blend: "/Users/dean/Documents/MORI/mechanical/mori_v1_2.blend"
SEQUENCE_TOOL 0.0 False 0.0 BLOCKED [] BLOCKED
SEQUENCE_TOOL 0.0 False -90.0 BLOCKED ['Pitch_Yoke', 'Head_Pitch_Ear_0_Screw', 'Head_Pitch_Ear_0_Nut', 'Head_Pitch_Ear_1_Screw', 'Head_Pitch_Ear_1_Nut', 'Pitch_Servo', 'Pitch_Bearing_L', 'Pitch_Cradle', 'Head_Cradle_Insert_-1'] NOT_TESTED
SEQUENCE_TOOL 0.0 False 90.0 BLOCKED ['Pitch_Yoke', 'Pitch_Bearing_R', 'Pitch_Cradle', 'Head_Cradle_Insert_1'] NOT_TESTED
SEQUENCE_TOOL 0.0 False 180.0 BLOCKED ['Body_Upper', 'Battery_Tray', 'Yaw_Base', 'Yaw_Reaction_Link', 'Load_Frame', 'Drive_Bridge', 'Motor_Retainer', 'Pitch_Yoke', 'Yaw_Anti_Lift_Keeper', 'Battery', 'S288_Output_L_Inner', 'S288_Output_L_Outer', 'S288_Output_R_Inner', 'S288_Output_R_Outer', 'Power_Module', 'Wheel_Buck', 'Head_Buck', 'Yaw_Output', 'Battery_Strap', 'Head_Yaw_Ear_1_Screw', 'Head_Yaw_Ear_1_Nut', 'Head_Pitch_Ear_1_Screw', 'Yaw_Keeper_Screw_0', 'Yaw_Keeper_Insert_0', 'Yaw_Keeper_Screw_1', 'Yaw_Keeper_Insert_1', 'Yaw_Bearing', 'Yaw_Servo', 'Pitch_Servo', 'Drive_Motor_L', 'Drive_Motor_R', 'Yaw_Horn', 'Yaw_Lock_Screw', 'Yaw_Reaction_Clamp_Screw', 'Yaw_Reaction_Retainer_Screw', 'Battery_Pad_Base', 'Wheel_Output_Screw_L_0', 'Wheel_Output_Screw_L_1', 'Wheel_Output_Screw_L_5', 'Wheel_Axle_L', 'Motor_Top_Pad_L', 'Wheel_Output_Screw_R_0', 'Wheel_Output_Screw_R_1', 'Wheel_Output_Screw_R_5', 'Wheel_Axle_R', 'Wheel_Cap_Clamp_Nut_1', 'Wheel_Cap_Clamp_Nut_3', 'Wheel_Buck_Screw_1', 'Head_Buck_Screw_1', 'Battery_Pad_Top', 'Head_Buck_Insert_1', 'Wheel_Buck_Insert_1', 'Plug_power_J8', 'Plug_power_J19', 'Plug_power_J17', 'Plug_power_J15', 'Plug_power_J10'] NOT_TESTED
SEQUENCE_TOOL 0.0 False -45.0 BLOCKED ['Pitch_Yoke', 'Head_Pitch_Ear_0_Screw', 'Head_Pitch_Ear_0_Nut', 'Pitch_Servo', 'Pitch_Bearing_L', 'Pitch_Cradle', 'Head_Cradle_Insert_-1'] NOT_TESTED
SEQUENCE_TOOL 0.0 False 45.0 BLOCKED ['Pitch_Yoke', 'Pitch_Bearing_R', 'Pitch_Cradle', 'Head_Cradle_Insert_1'] NOT_TESTED
SEQUENCE_TOOL 0.0 False -135.0 BLOCKED ['Body_Upper', 'Yaw_Base', 'Yaw_Reaction_Link', 'Pitch_Yoke', 'Yaw_Anti_Lift_Keeper', 'Yaw_Output', 'Head_Yaw_Ear_1_Screw', 'Head_Pitch_Ear_0_Screw', 'Head_Pitch_Ear_0_Nut', 'Head_Pitch_Ear_1_Screw', 'Head_Pitch_Ear_1_Nut', 'Yaw_Keeper_Screw_0', 'Yaw_Servo', 'Pitch_Servo', 'Yaw_Horn', 'Pitch_Bearing_L', 'Yaw_Lock_Screw', 'Pitch_Cradle'] NOT_TESTED
SEQUENCE_TOOL 0.0 False 135.0 BLOCKED ['Body_Upper', 'Yaw_Base', 'Yaw_Reaction_Link', 'Pitch_Yoke', 'Yaw_Anti_Lift_Keeper', 'Yaw_Output', 'Head_Yaw_Ear_1_Screw', 'Yaw_Keeper_Screw_1', 'Yaw_Keeper_Insert_1', 'Yaw_Servo', 'Pitch_Servo', 'Yaw_Horn', 'Pitch_Bearing_R', 'Yaw_Lock_Screw', 'Yaw_Reaction_Clamp_Screw', 'Pitch_Cradle'] NOT_TESTED
SEQUENCE_TOOL 0.0 True 0.0 BLOCKED [] BLOCKED
SEQUENCE_TOOL 0.0 True -90.0 BLOCKED ['Pitch_Yoke', 'Head_Pitch_Ear_0_Screw', 'Head_Pitch_Ear_0_Nut', 'Head_Pitch_Ear_1_Screw', 'Head_Pitch_Ear_1_Nut', 'Pitch_Servo', 'Pitch_Bearing_L', 'Pitch_Cradle', 'Head_Cradle_Insert_-1'] NOT_TESTED
SEQUENCE_TOOL 0.0 True 90.0 BLOCKED ['Pitch_Yoke', 'Pitch_Bearing_R', 'Pitch_Cradle', 'Head_Cradle_Insert_1'] NOT_TESTED
SEQUENCE_TOOL 0.0 True 180.0 BLOCKED ['Body_Upper', 'Battery_Tray', 'Yaw_Base', 'Yaw_Reaction_Link', 'Load_Frame', 'Drive_Bridge', 'Motor_Retainer', 'Pitch_Yoke', 'Yaw_Anti_Lift_Keeper', 'Battery', 'S288_Output_L_Inner', 'S288_Output_L_Outer', 'S288_Output_R_Inner', 'S288_Output_R_Outer', 'Power_Module', 'Wheel_Buck', 'Head_Buck', 'Battery_Strap', 'Head_Pitch_Ear_1_Screw', 'Yaw_Keeper_Screw_0', 'Yaw_Keeper_Insert_0', 'Yaw_Keeper_Screw_1', 'Yaw_Keeper_Insert_1', 'Yaw_Bearing', 'Pitch_Servo', 'Drive_Motor_L', 'Drive_Motor_R', 'Yaw_Reaction_Clamp_Screw', 'Yaw_Reaction_Retainer_Screw', 'Battery_Pad_Base', 'Wheel_Output_Screw_L_0', 'Wheel_Output_Screw_L_1', 'Wheel_Output_Screw_L_5', 'Wheel_Axle_L', 'Motor_Top_Pad_L', 'Wheel_Output_Screw_R_0', 'Wheel_Output_Screw_R_1', 'Wheel_Output_Screw_R_5', 'Wheel_Axle_R', 'Wheel_Cap_Clamp_Nut_1', 'Wheel_Cap_Clamp_Nut_3', 'Wheel_Buck_Screw_1', 'Head_Buck_Screw_1', 'Battery_Pad_Top', 'Head_Buck_Insert_1', 'Wheel_Buck_Insert_1', 'Plug_power_J8', 'Plug_power_J19', 'Plug_power_J17', 'Plug_power_J15', 'Plug_power_J10'] NOT_TESTED
SEQUENCE_TOOL 0.0 True -45.0 BLOCKED ['Pitch_Yoke', 'Head_Pitch_Ear_0_Screw', 'Head_Pitch_Ear_0_Nut', 'Pitch_Servo', 'Pitch_Bearing_L', 'Pitch_Cradle', 'Head_Cradle_Insert_-1'] NOT_TESTED
SEQUENCE_TOOL 0.0 True 45.0 BLOCKED ['Pitch_Yoke', 'Pitch_Bearing_R', 'Pitch_Cradle', 'Head_Cradle_Insert_1'] NOT_TESTED
SEQUENCE_TOOL 0.0 True -135.0 BLOCKED ['Body_Upper', 'Yaw_Base', 'Yaw_Reaction_Link', 'Pitch_Yoke', 'Yaw_Anti_Lift_Keeper', 'Head_Pitch_Ear_0_Screw', 'Head_Pitch_Ear_0_Nut', 'Head_Pitch_Ear_1_Screw', 'Head_Pitch_Ear_1_Nut', 'Yaw_Keeper_Screw_0', 'Pitch_Servo', 'Pitch_Bearing_L', 'Pitch_Cradle'] NOT_TESTED
SEQUENCE_TOOL 0.0 True 135.0 BLOCKED ['Body_Upper', 'Yaw_Base', 'Yaw_Reaction_Link', 'Pitch_Yoke', 'Yaw_Anti_Lift_Keeper', 'Yaw_Keeper_Screw_1', 'Yaw_Keeper_Insert_1', 'Pitch_Servo', 'Pitch_Bearing_R', 'Yaw_Reaction_Clamp_Screw', 'Pitch_Cradle'] NOT_TESTED
SEQUENCE_TOOL 6.0 False 0.0 BLOCKED [] BLOCKED
SEQUENCE_TOOL 6.0 False -90.0 BLOCKED ['Pitch_Yoke', 'Head_Pitch_Ear_0_Screw', 'Head_Pitch_Ear_0_Nut', 'Head_Pitch_Ear_1_Screw', 'Head_Pitch_Ear_1_Nut', 'Pitch_Servo', 'Pitch_Bearing_L', 'Pitch_Cradle', 'Head_Cradle_Insert_-1'] NOT_TESTED
SEQUENCE_TOOL 6.0 False 90.0 BLOCKED ['Pitch_Yoke', 'Pitch_Bearing_R', 'Pitch_Cradle', 'Head_Cradle_Insert_1'] NOT_TESTED
SEQUENCE_TOOL 6.0 False 180.0 BLOCKED ['Body_Upper', 'Battery_Tray', 'Yaw_Base', 'Yaw_Reaction_Link', 'Load_Frame', 'Drive_Bridge', 'Motor_Retainer', 'Pitch_Yoke', 'Yaw_Anti_Lift_Keeper', 'Battery', 'S288_Output_L_Inner', 'S288_Output_L_Outer', 'S288_Output_R_Inner', 'S288_Output_R_Outer', 'Power_Module', 'Wheel_Buck', 'Head_Buck', 'Yaw_Output', 'Battery_Strap', 'Head_Yaw_Ear_1_Screw', 'Head_Yaw_Ear_1_Nut', 'Head_Pitch_Ear_1_Screw', 'Yaw_Keeper_Screw_0', 'Yaw_Keeper_Insert_0', 'Yaw_Keeper_Screw_1', 'Yaw_Keeper_Insert_1', 'Yaw_Bearing', 'Yaw_Servo', 'Pitch_Servo', 'Drive_Motor_L', 'Drive_Motor_R', 'Yaw_Horn', 'Yaw_Lock_Screw', 'Yaw_Reaction_Clamp_Screw', 'Yaw_Reaction_Retainer_Screw', 'Battery_Pad_Base', 'Wheel_Output_Screw_L_0', 'Wheel_Output_Screw_L_1', 'Wheel_Output_Screw_L_5', 'Wheel_Axle_L', 'Motor_Top_Pad_L', 'Wheel_Output_Screw_R_0', 'Wheel_Output_Screw_R_1', 'Wheel_Output_Screw_R_5', 'Wheel_Axle_R', 'Wheel_Cap_Clamp_Nut_1', 'Wheel_Cap_Clamp_Nut_3', 'Wheel_Buck_Screw_1', 'Head_Buck_Screw_1', 'Battery_Pad_Top', 'Head_Buck_Insert_1', 'Wheel_Buck_Insert_1', 'Plug_power_J8', 'Plug_power_J19', 'Plug_power_J17', 'Plug_power_J15', 'Plug_power_J10'] NOT_TESTED
SEQUENCE_TOOL 6.0 False -45.0 BLOCKED ['Pitch_Yoke', 'Head_Pitch_Ear_0_Screw', 'Head_Pitch_Ear_0_Nut', 'Pitch_Servo', 'Pitch_Bearing_L', 'Pitch_Cradle', 'Head_Cradle_Insert_-1'] NOT_TESTED
SEQUENCE_TOOL 6.0 False 45.0 BLOCKED ['Pitch_Yoke', 'Pitch_Bearing_R', 'Pitch_Cradle', 'Head_Cradle_Insert_1'] NOT_TESTED
SEQUENCE_TOOL 6.0 False -135.0 BLOCKED ['Body_Upper', 'Yaw_Base', 'Yaw_Reaction_Link', 'Pitch_Yoke', 'Yaw_Anti_Lift_Keeper', 'Yaw_Output', 'Head_Yaw_Ear_1_Screw', 'Head_Pitch_Ear_0_Screw', 'Head_Pitch_Ear_0_Nut', 'Head_Pitch_Ear_1_Screw', 'Head_Pitch_Ear_1_Nut', 'Yaw_Keeper_Screw_0', 'Yaw_Servo', 'Pitch_Servo', 'Yaw_Horn', 'Pitch_Bearing_L', 'Yaw_Lock_Screw', 'Pitch_Cradle'] NOT_TESTED
SEQUENCE_TOOL 6.0 False 135.0 BLOCKED ['Body_Upper', 'Yaw_Base', 'Yaw_Reaction_Link', 'Pitch_Yoke', 'Yaw_Anti_Lift_Keeper', 'Yaw_Output', 'Head_Yaw_Ear_1_Screw', 'Yaw_Keeper_Screw_1', 'Yaw_Keeper_Insert_1', 'Yaw_Servo', 'Pitch_Servo', 'Yaw_Horn', 'Pitch_Bearing_R', 'Yaw_Lock_Screw', 'Yaw_Reaction_Clamp_Screw', 'Pitch_Cradle'] NOT_TESTED
SEQUENCE_TOOL 6.0 True 0.0 BLOCKED [] BLOCKED
SEQUENCE_TOOL 6.0 True -90.0 BLOCKED ['Pitch_Yoke', 'Head_Pitch_Ear_0_Screw', 'Head_Pitch_Ear_0_Nut', 'Head_Pitch_Ear_1_Screw', 'Head_Pitch_Ear_1_Nut', 'Pitch_Servo', 'Pitch_Bearing_L', 'Pitch_Cradle', 'Head_Cradle_Insert_-1'] NOT_TESTED
SEQUENCE_TOOL 6.0 True 90.0 BLOCKED ['Pitch_Yoke', 'Pitch_Bearing_R', 'Pitch_Cradle', 'Head_Cradle_Insert_1'] NOT_TESTED
SEQUENCE_TOOL 6.0 True 180.0 BLOCKED ['Body_Upper', 'Battery_Tray', 'Yaw_Base', 'Yaw_Reaction_Link', 'Load_Frame', 'Drive_Bridge', 'Motor_Retainer', 'Pitch_Yoke', 'Yaw_Anti_Lift_Keeper', 'Battery', 'S288_Output_L_Inner', 'S288_Output_L_Outer', 'S288_Output_R_Inner', 'S288_Output_R_Outer', 'Power_Module', 'Wheel_Buck', 'Head_Buck', 'Battery_Strap', 'Head_Pitch_Ear_1_Screw', 'Yaw_Keeper_Screw_0', 'Yaw_Keeper_Insert_0', 'Yaw_Keeper_Screw_1', 'Yaw_Keeper_Insert_1', 'Yaw_Bearing', 'Pitch_Servo', 'Drive_Motor_L', 'Drive_Motor_R', 'Yaw_Reaction_Clamp_Screw', 'Yaw_Reaction_Retainer_Screw', 'Battery_Pad_Base', 'Wheel_Output_Screw_L_0', 'Wheel_Output_Screw_L_1', 'Wheel_Output_Screw_L_5', 'Wheel_Axle_L', 'Motor_Top_Pad_L', 'Wheel_Output_Screw_R_0', 'Wheel_Output_Screw_R_1', 'Wheel_Output_Screw_R_5', 'Wheel_Axle_R', 'Wheel_Cap_Clamp_Nut_1', 'Wheel_Cap_Clamp_Nut_3', 'Wheel_Buck_Screw_1', 'Head_Buck_Screw_1', 'Battery_Pad_Top', 'Head_Buck_Insert_1', 'Wheel_Buck_Insert_1', 'Plug_power_J8', 'Plug_power_J19', 'Plug_power_J17', 'Plug_power_J15', 'Plug_power_J10'] NOT_TESTED
SEQUENCE_TOOL 6.0 True -45.0 BLOCKED ['Pitch_Yoke', 'Head_Pitch_Ear_0_Screw', 'Head_Pitch_Ear_0_Nut', 'Pitch_Servo', 'Pitch_Bearing_L', 'Pitch_Cradle', 'Head_Cradle_Insert_-1'] NOT_TESTED
SEQUENCE_TOOL 6.0 True 45.0 BLOCKED ['Pitch_Yoke', 'Pitch_Bearing_R', 'Pitch_Cradle', 'Head_Cradle_Insert_1'] NOT_TESTED
SEQUENCE_TOOL 6.0 True -135.0 BLOCKED ['Body_Upper', 'Yaw_Base', 'Yaw_Reaction_Link', 'Pitch_Yoke', 'Yaw_Anti_Lift_Keeper', 'Head_Pitch_Ear_0_Screw', 'Head_Pitch_Ear_0_Nut', 'Head_Pitch_Ear_1_Screw', 'Head_Pitch_Ear_1_Nut', 'Yaw_Keeper_Screw_0', 'Pitch_Servo', 'Pitch_Bearing_L', 'Pitch_Cradle'] NOT_TESTED
SEQUENCE_TOOL 6.0 True 135.0 BLOCKED ['Body_Upper', 'Yaw_Base', 'Yaw_Reaction_Link', 'Pitch_Yoke', 'Yaw_Anti_Lift_Keeper', 'Yaw_Keeper_Screw_1', 'Yaw_Keeper_Insert_1', 'Pitch_Servo', 'Pitch_Bearing_R', 'Yaw_Reaction_Clamp_Screw', 'Pitch_Cradle'] NOT_TESTED
SEQUENCE_TOOL 12.0 False 0.0 BLOCKED [] BLOCKED
SEQUENCE_TOOL 12.0 False -90.0 BLOCKED ['Pitch_Yoke', 'Head_Pitch_Ear_0_Screw', 'Head_Pitch_Ear_0_Nut', 'Head_Pitch_Ear_1_Screw', 'Head_Pitch_Ear_1_Nut', 'Pitch_Servo', 'Pitch_Bearing_L', 'Pitch_Cradle', 'Head_Cradle_Insert_-1'] NOT_TESTED
SEQUENCE_TOOL 12.0 False 90.0 BLOCKED ['Pitch_Yoke', 'Pitch_Bearing_R', 'Pitch_Cradle', 'Head_Cradle_Insert_1'] NOT_TESTED
SEQUENCE_TOOL 12.0 False 180.0 BLOCKED ['Body_Upper', 'Battery_Tray', 'Yaw_Base', 'Yaw_Reaction_Link', 'Load_Frame', 'Drive_Bridge', 'Motor_Retainer', 'Pitch_Yoke', 'Yaw_Anti_Lift_Keeper', 'Battery', 'S288_Output_L_Inner', 'S288_Output_L_Outer', 'S288_Output_R_Inner', 'S288_Output_R_Outer', 'Power_Module', 'Wheel_Buck', 'Head_Buck', 'Yaw_Output', 'Battery_Strap', 'Head_Yaw_Ear_1_Screw', 'Head_Yaw_Ear_1_Nut', 'Head_Pitch_Ear_1_Screw', 'Yaw_Keeper_Screw_0', 'Yaw_Keeper_Insert_0', 'Yaw_Keeper_Screw_1', 'Yaw_Keeper_Insert_1', 'Yaw_Bearing', 'Yaw_Servo', 'Pitch_Servo', 'Drive_Motor_L', 'Drive_Motor_R', 'Yaw_Horn', 'Yaw_Lock_Screw', 'Yaw_Reaction_Clamp_Screw', 'Yaw_Reaction_Retainer_Screw', 'Battery_Pad_Base', 'Wheel_Output_Screw_L_0', 'Wheel_Output_Screw_L_1', 'Wheel_Output_Screw_L_5', 'Wheel_Axle_L', 'Motor_Top_Pad_L', 'Wheel_Output_Screw_R_0', 'Wheel_Output_Screw_R_1', 'Wheel_Output_Screw_R_5', 'Wheel_Axle_R', 'Wheel_Cap_Clamp_Nut_1', 'Wheel_Cap_Clamp_Nut_3', 'Wheel_Buck_Screw_1', 'Head_Buck_Screw_1', 'Battery_Pad_Top', 'Head_Buck_Insert_1', 'Wheel_Buck_Insert_1', 'Plug_power_J8', 'Plug_power_J19', 'Plug_power_J17', 'Plug_power_J15', 'Plug_power_J10'] NOT_TESTED
SEQUENCE_TOOL 12.0 False -45.0 BLOCKED ['Pitch_Yoke', 'Head_Pitch_Ear_0_Screw', 'Head_Pitch_Ear_0_Nut', 'Pitch_Servo', 'Pitch_Bearing_L', 'Pitch_Cradle', 'Head_Cradle_Insert_-1'] NOT_TESTED
SEQUENCE_TOOL 12.0 False 45.0 BLOCKED ['Pitch_Yoke', 'Pitch_Bearing_R', 'Pitch_Cradle', 'Head_Cradle_Insert_1'] NOT_TESTED
SEQUENCE_TOOL 12.0 False -135.0 BLOCKED ['Body_Upper', 'Yaw_Base', 'Yaw_Reaction_Link', 'Pitch_Yoke', 'Yaw_Anti_Lift_Keeper', 'Yaw_Output', 'Head_Yaw_Ear_1_Screw', 'Head_Pitch_Ear_0_Screw', 'Head_Pitch_Ear_0_Nut', 'Head_Pitch_Ear_1_Screw', 'Head_Pitch_Ear_1_Nut', 'Yaw_Keeper_Screw_0', 'Yaw_Servo', 'Pitch_Servo', 'Yaw_Horn', 'Pitch_Bearing_L', 'Yaw_Lock_Screw', 'Pitch_Cradle'] NOT_TESTED
SEQUENCE_TOOL 12.0 False 135.0 BLOCKED ['Body_Upper', 'Yaw_Base', 'Yaw_Reaction_Link', 'Pitch_Yoke', 'Yaw_Anti_Lift_Keeper', 'Yaw_Output', 'Head_Yaw_Ear_1_Screw', 'Yaw_Keeper_Screw_1', 'Yaw_Keeper_Insert_1', 'Yaw_Servo', 'Pitch_Servo', 'Yaw_Horn', 'Pitch_Bearing_R', 'Yaw_Lock_Screw', 'Yaw_Reaction_Clamp_Screw', 'Pitch_Cradle'] NOT_TESTED
SEQUENCE_TOOL 12.0 True 0.0 BLOCKED [] BLOCKED
SEQUENCE_TOOL 12.0 True -90.0 BLOCKED ['Pitch_Yoke', 'Head_Pitch_Ear_0_Screw', 'Head_Pitch_Ear_0_Nut', 'Head_Pitch_Ear_1_Screw', 'Head_Pitch_Ear_1_Nut', 'Pitch_Servo', 'Pitch_Bearing_L', 'Pitch_Cradle', 'Head_Cradle_Insert_-1'] NOT_TESTED
SEQUENCE_TOOL 12.0 True 90.0 BLOCKED ['Pitch_Yoke', 'Pitch_Bearing_R', 'Pitch_Cradle', 'Head_Cradle_Insert_1'] NOT_TESTED
SEQUENCE_TOOL 12.0 True 180.0 BLOCKED ['Body_Upper', 'Battery_Tray', 'Yaw_Base', 'Yaw_Reaction_Link', 'Load_Frame', 'Drive_Bridge', 'Motor_Retainer', 'Pitch_Yoke', 'Yaw_Anti_Lift_Keeper', 'Battery', 'S288_Output_L_Inner', 'S288_Output_L_Outer', 'S288_Output_R_Inner', 'S288_Output_R_Outer', 'Power_Module', 'Wheel_Buck', 'Head_Buck', 'Battery_Strap', 'Head_Pitch_Ear_1_Screw', 'Yaw_Keeper_Screw_0', 'Yaw_Keeper_Insert_0', 'Yaw_Keeper_Screw_1', 'Yaw_Keeper_Insert_1', 'Yaw_Bearing', 'Pitch_Servo', 'Drive_Motor_L', 'Drive_Motor_R', 'Yaw_Reaction_Clamp_Screw', 'Yaw_Reaction_Retainer_Screw', 'Battery_Pad_Base', 'Wheel_Output_Screw_L_0', 'Wheel_Output_Screw_L_1', 'Wheel_Output_Screw_L_5', 'Wheel_Axle_L', 'Motor_Top_Pad_L', 'Wheel_Output_Screw_R_0', 'Wheel_Output_Screw_R_1', 'Wheel_Output_Screw_R_5', 'Wheel_Axle_R', 'Wheel_Cap_Clamp_Nut_1', 'Wheel_Cap_Clamp_Nut_3', 'Wheel_Buck_Screw_1', 'Head_Buck_Screw_1', 'Battery_Pad_Top', 'Head_Buck_Insert_1', 'Wheel_Buck_Insert_1', 'Plug_power_J8', 'Plug_power_J19', 'Plug_power_J17', 'Plug_power_J15', 'Plug_power_J10'] NOT_TESTED
SEQUENCE_TOOL 12.0 True -45.0 BLOCKED ['Pitch_Yoke', 'Head_Pitch_Ear_0_Screw', 'Head_Pitch_Ear_0_Nut', 'Pitch_Servo', 'Pitch_Bearing_L', 'Pitch_Cradle', 'Head_Cradle_Insert_-1'] NOT_TESTED
SEQUENCE_TOOL 12.0 True 45.0 BLOCKED ['Pitch_Yoke', 'Pitch_Bearing_R', 'Pitch_Cradle', 'Head_Cradle_Insert_1'] NOT_TESTED
SEQUENCE_TOOL 12.0 True -135.0 BLOCKED ['Body_Upper', 'Yaw_Base', 'Yaw_Reaction_Link', 'Pitch_Yoke', 'Yaw_Anti_Lift_Keeper', 'Head_Pitch_Ear_0_Screw', 'Head_Pitch_Ear_0_Nut', 'Head_Pitch_Ear_1_Screw', 'Head_Pitch_Ear_1_Nut', 'Yaw_Keeper_Screw_0', 'Pitch_Servo', 'Pitch_Bearing_L', 'Pitch_Cradle'] NOT_TESTED
SEQUENCE_TOOL 12.0 True 135.0 BLOCKED ['Body_Upper', 'Yaw_Base', 'Yaw_Reaction_Link', 'Pitch_Yoke', 'Yaw_Anti_Lift_Keeper', 'Yaw_Keeper_Screw_1', 'Yaw_Keeper_Insert_1', 'Pitch_Servo', 'Pitch_Bearing_R', 'Yaw_Reaction_Clamp_Screw', 'Pitch_Cradle'] NOT_TESTED
SEQUENCE_TOOLS_DONE BLOCKED
Blender 5.2.2 LTS (hash d13f752e3b9c built 2026-09-15 01:49:19)

Blender quit
