mount_roots build START
mount_roots build 0
mount_roots check_rebuild START
mount_roots check_rebuild 0
mount_roots validate START
mount_roots validate 0
mount_roots render START
mount_roots export START
mount_roots readiness_views START
mount_roots completion_views START
mount_roots export 0
mount_roots animation START
mount_roots readiness_views 0
mount_roots completion_views 0
mount_roots render 0
mount_roots animation 0
mount_roots mount_audit START
mount_roots mount_views START
mount_roots catalog START
mount_roots export_electronics_detail START
mount_roots catalog 0
mount_roots export_wheel_metal START
mount_roots export_wheel_metal 0
mount_roots structure_metadata START
mount_roots mount_audit 0
mount_roots structure_metadata 0
mount_roots mount_views 0
mount_roots export_electronics_detail 0
mount_roots delivery_check START
mount_roots electronics_detail_check START
mount_roots electronics_detail_check 0
mount_roots delivery_check 0
mount_roots report START
mount_roots report 0
MOUNT_ROOTS_DELIVERY_COMPLETE
