PASS AGENTS.md
PASS params.json
PASS reports/derived.json
PASS hardware/dimensions/MORI_硬件尺寸要求.md
PASS extracted baseline member firmware/CMakeLists.txt
PASS extracted baseline member firmware/components/mori_core/CMakeLists.txt
PASS extracted baseline member firmware/components/mori_core/include/mori_core.h
PASS extracted baseline member firmware/components/mori_core/mori_core.c
PASS extracted baseline member firmware/dependencies.lock
PASS extracted baseline member firmware/main/CMakeLists.txt
PASS extracted baseline member firmware/main/Kconfig.projbuild
PASS extracted baseline member firmware/main/board.h
PASS extracted baseline member firmware/main/display.c
PASS extracted baseline member firmware/main/encoders.c
PASS extracted baseline member firmware/main/idf_component.yml
PASS extracted baseline member firmware/main/main.c
PASS extracted baseline member firmware/main/motor.c
PASS extracted baseline member firmware/main/peripherals.h
PASS extracted baseline member firmware/main/sensors.c
PASS extracted baseline member firmware/sdkconfig
PASS extracted baseline member firmware/sdkconfig.defaults
PASS extracted baseline member pinmap.csv
PASS extracted baseline member tests/run_host_tests.sh
PASS extracted baseline member tests/test_core.c
PASS extracted baseline member wiring.csv
PASS adopted manifest matches archive
PASS authorized HW-SW-0.4
PASS adopted baseline member firmware/CMakeLists.txt
PASS adopted baseline member firmware/README.md
PASS adopted baseline member firmware/components/mori_core/CMakeLists.txt
PASS adopted baseline member firmware/components/mori_core/include/mori_core.h
PASS adopted baseline member firmware/components/mori_core/mori_core.c
PASS adopted baseline member firmware/dependencies.lock
PASS adopted baseline member firmware/main/CMakeLists.txt
PASS adopted baseline member firmware/main/Kconfig.projbuild
PASS adopted baseline member firmware/main/board.h
PASS adopted baseline member firmware/main/display.c
PASS adopted baseline member firmware/main/encoders.c
PASS adopted baseline member firmware/main/idf_component.yml
PASS adopted baseline member firmware/main/main.c
PASS adopted baseline member firmware/main/motor.c
PASS adopted baseline member firmware/main/peripherals.h
PASS adopted baseline member firmware/main/sensors.c
PASS adopted baseline member firmware/sdkconfig
PASS adopted baseline member firmware/sdkconfig.defaults
PASS adopted baseline member pinmap.csv
PASS adopted baseline member tests/physical_test_record.csv
PASS adopted baseline member tests/run_host_tests.sh
PASS adopted baseline member tests/test_core.c
PASS adopted baseline member wiring.csv
PASS historical simulation preserved reports/SIMULATED_final_reset.raw.jsonl
PASS historical simulation preserved reports/SIMULATED_final_reset.meta.json
PASS historical simulation preserved reports/SIMULATED_release_face_360.ppm
PASS historical simulation preserved reports/SIMULATED_face_360.ppm
PASS historical simulation preserved reports/SIMULATED_release_reset.csv
PASS historical simulation preserved reports/SIMULATED_direction_probe.json
PASS historical simulation preserved reports/SIMULATED_face_360.png
PASS historical simulation preserved reports/SIMULATED_face_360.png.meta.json
PASS historical simulation preserved reports/SIMULATED_face_360.meta.json
PASS historical simulation preserved reports/SIMULATED_release_estop.csv
PASS historical simulation preserved reports/SIMULATED_release_face_360.meta.json
PASS historical simulation preserved reports/SIMULATED_final_estop.raw.jsonl
PASS historical simulation preserved reports/SIMULATED_final_estop.meta.json
PASS historical simulation preserved reports/SIMULATED_face_240.ppm
PASS historical simulation preserved reports/SIMULATED_release_face_240.ppm
PASS historical simulation preserved reports/SIMULATED_release_estop.raw.jsonl
PASS historical simulation preserved reports/SIMULATED_release_estop.meta.json
PASS historical simulation preserved reports/SIMULATED_release_face_240.meta.json
PASS historical simulation preserved reports/SIMULATED_final_reset.csv
PASS historical simulation preserved reports/SIMULATED_face_240.meta.json
PASS historical simulation preserved reports/SIMULATED_release_reset.raw.jsonl
PASS historical simulation preserved reports/SIMULATED_release_reset.meta.json
PASS historical simulation preserved reports/SIMULATED_release_direction.json
PASS historical simulation preserved reports/SIMULATED_final_estop.csv
PASS existing implementation preserved firmware_work/firmware/main/board.h
PASS existing implementation preserved firmware_work/firmware/main/sensors.c
PASS existing implementation preserved firmware_work/firmware/main/encoders.c
PASS existing implementation preserved firmware_work/firmware/main/motor.c
PASS existing implementation preserved firmware_work/firmware/main/peripherals.h
PASS existing implementation preserved firmware_work/firmware/components/mori_core/CMakeLists.txt
PASS existing implementation preserved firmware_work/firmware/components/mori_core/include/mori_core.h
PASS existing implementation preserved firmware_work/firmware/components/mori_core/include/mori_protocol.h
PASS existing implementation preserved firmware_work/firmware/components/mori_core/include/mori_runtime.h
PASS existing implementation preserved firmware_work/firmware/components/mori_core/include/mori_telemetry.h
PASS existing implementation preserved firmware_work/firmware/components/mori_core/include/mori_ui.h
PASS existing implementation preserved firmware_work/firmware/components/mori_core/mori_core.c
PASS existing implementation preserved firmware_work/firmware/components/mori_core/mori_protocol.c
PASS existing implementation preserved firmware_work/firmware/components/mori_core/mori_runtime.c
PASS existing implementation preserved firmware_work/firmware/components/mori_core/mori_telemetry.c
PASS existing implementation preserved firmware_work/firmware/components/mori_core/mori_ui.c
PASS existing implementation preserved firmware_work/firmware/sdkconfig.defaults
PASS existing implementation preserved firmware_work/firmware/dependencies.lock
PASS existing implementation preserved firmware_work/tests/test_core.c
PASS existing implementation preserved tools/mori_cli.py
PASS existing implementation preserved tests/sim_hal.c
PASS existing implementation preserved tests/sim_hal.h
PASS dependencies.lock unchanged
PASS pinmap matches HW-SW-0.4
PASS wiring matches HW-SW-0.4
PASS active requirements version HW-SW-0.4
PASS GPIO BATTERY
PASS GPIO NTC_L
PASS GPIO NTC_R
PASS GPIO AIN1
PASS GPIO AIN2
PASS GPIO BIN1
PASS GPIO BIN2
PASS GPIO ENC_LA
PASS GPIO ENC_LB
PASS GPIO ENC_RA
PASS GPIO ENC_RB
PASS GPIO LCD_MOSI
PASS GPIO LCD_CLK
PASS GPIO LCD_CS
PASS GPIO IMU_INT
PASS GPIO SDA
PASS GPIO SCL
PASS GPIO ARM
PASS GPIO LCD_DC
PASS GPIO LCD_RST
PASS GPIO HEAD
PASS GPIO HEARTBEAT
PASS GPIO FAULT
PASS GPIO ESTOP
PASS MORI_POWER_STAGE_VERIFIED default off
PASS MORI_POWER_STAGE_VERIFIED Kconfig default n
PASS MORI_ENABLE_BALANCE default off
PASS MORI_ENABLE_BALANCE Kconfig default n
PASS MORI_HEAD_VERIFIED default off
PASS MORI_HEAD_VERIFIED Kconfig default n
PASS MORI_AXES_VERIFIED default off
PASS MORI_AXES_VERIFIED Kconfig default n
PASS MORI_POWER_STAGE_VERIFIED default binary gate off
PASS MORI_ENABLE_BALANCE default binary gate off
PASS MORI_HEAD_VERIFIED default binary gate off
PASS MORI_AXES_VERIFIED default binary gate off
PASS source hash .gitignore
PASS source hash README.md
PASS source hash config/hardware_test_record.template.json
PASS source hash config/mount_measurements.template.json
PASS source hash docs/debug_manual.md
PASS source hash docs/direction_checks.md
PASS source hash docs/hw_sw_0_4.md
PASS source hash docs/protocol.md
PASS source hash docs/realtime.md
PASS source hash firmware_work/firmware/CMakeLists.txt
PASS source hash firmware_work/firmware/README.md
PASS source hash firmware_work/firmware/components/mori_core/CMakeLists.txt
PASS source hash firmware_work/firmware/components/mori_core/include/mori_core.h
PASS source hash firmware_work/firmware/components/mori_core/include/mori_io.h
PASS source hash firmware_work/firmware/components/mori_core/include/mori_protocol.h
PASS source hash firmware_work/firmware/components/mori_core/include/mori_runtime.h
PASS source hash firmware_work/firmware/components/mori_core/include/mori_telemetry.h
PASS source hash firmware_work/firmware/components/mori_core/include/mori_ui.h
PASS source hash firmware_work/firmware/components/mori_core/mori_core.c
PASS source hash firmware_work/firmware/components/mori_core/mori_io.c
PASS source hash firmware_work/firmware/components/mori_core/mori_protocol.c
PASS source hash firmware_work/firmware/components/mori_core/mori_runtime.c
PASS source hash firmware_work/firmware/components/mori_core/mori_telemetry.c
PASS source hash firmware_work/firmware/components/mori_core/mori_ui.c
PASS source hash firmware_work/firmware/dependencies.lock
PASS source hash firmware_work/firmware/main/CMakeLists.txt
PASS source hash firmware_work/firmware/main/Kconfig.projbuild
PASS source hash firmware_work/firmware/main/board.h
PASS source hash firmware_work/firmware/main/display.c
PASS source hash firmware_work/firmware/main/encoders.c
PASS source hash firmware_work/firmware/main/idf_component.yml
PASS source hash firmware_work/firmware/main/main.c
PASS source hash firmware_work/firmware/main/motor.c
PASS source hash firmware_work/firmware/main/mount_config.h
PASS source hash firmware_work/firmware/main/peripherals.h
PASS source hash firmware_work/firmware/main/sensors.c
PASS source hash firmware_work/firmware/sdkconfig
PASS source hash firmware_work/firmware/sdkconfig.defaults
PASS source hash firmware_work/pinmap.csv
PASS source hash firmware_work/tests/run_host_tests.sh
PASS source hash firmware_work/tests/test_core.c
PASS source hash firmware_work/wiring.csv
PASS source hash interface_change_requests.md
PASS source hash reference_sources/HW-SW-0.2_main.c
PASS source hash reference_sources/HW-SW-0.3_baseline_manifest.json
PASS source hash reference_sources/HW-SW-0.3_firmware_baseline.zip
PASS source hash reference_sources/HW-SW-0.4_CHANGELOG.md
PASS source hash reference_sources/HW-SW-0.4_baseline_manifest.json
PASS source hash reference_sources/HW-SW-0.4_firmware_baseline.zip
PASS source hash reference_sources/HW-SW-0.4_并行软件更新提示.md
PASS source hash reference_sources/HW-SW-0.4_软件调试任务提示词.md
PASS source hash scripts/build_simulator.sh
PASS source hash scripts/build_variants.sh
PASS source hash scripts/fingerprint.py
PASS source hash scripts/idf_build.sh
PASS source hash scripts/reproduce_hw04_baseline.sh
PASS source hash scripts/run_recorded.py
PASS source hash scripts/simulation_demo.sh
PASS source hash scripts/test_host.sh
PASS source hash scripts/verify_delivery.py
PASS source hash scripts/verify_hw04_recordings.py
PASS source hash tests/idf_stubs/driver/gpio.h
PASS source hash tests/idf_stubs/driver/ledc.h
PASS source hash tests/idf_stubs/esp_err.h
PASS source hash tests/idf_stubs/esp_timer.h
PASS source hash tests/idf_stubs/sdkconfig.h
PASS source hash tests/sim_hal.c
PASS source hash tests/sim_hal.h
PASS source hash tests/test_baseline_interface.py
PASS source hash tests/test_baseline_regressions.c
PASS source hash tests/test_direction.py
PASS source hash tests/test_engine.c
PASS source hash tests/test_hw04_interface.py
PASS source hash tests/test_motor_adapter.c
PASS source hash tests/test_tools.py
PASS source hash tools/SIMULATED_device.c
PASS source hash tools/SIMULATED_face.c
PASS source hash tools/check_control_signs.py
PASS source hash tools/check_mount.py
PASS source hash tools/mori_cli.py
PASS built artifact hash firmware_work/firmware/build/mori_hardware_validation.elf
PASS built artifact hash firmware_work/firmware/build/mori_hardware_validation.bin
PASS built artifact hash reports/compile_only/no_screen/mori_hardware_validation.bin
PASS built artifact hash reports/compile_only/DO_NOT_FLASH_gated_coverage/mori_hardware_validation.bin
PASS built artifact hash reports/hw04_baseline_build/mori_hardware_validation.elf
PASS built artifact hash reports/hw04_baseline_build/mori_hardware_validation.bin
222/222 checks; physical NOT_TESTED
PASS current upstream source alignment: HW-SW-0.4; physical validation NOT_TESTED
