00:00.453  blend            | Read blend: "/Users/dean/Documents/MORI/mechanical/mori_v1_2.blend"
00:01.489  render           | Saved: '/Users/dean/Documents/MORI/mechanical/renders/parts/Battery.png'
PART_PREVIEW 1 178 MORI_V1__Battery
00:02.251  render           | Saved: '/Users/dean/Documents/MORI/mechanical/renders/parts/Battery_Pad_-38.0.png'
PART_PREVIEW 2 178 MORI_V1__Battery_Pad_-38.0
00:02.929  render           | Saved: '/Users/dean/Documents/MORI/mechanical/renders/parts/Battery_Pad_38.0.png'
PART_PREVIEW 3 178 MORI_V1__Battery_Pad_38.0
00:03.510  render           | Saved: '/Users/dean/Documents/MORI/mechanical/renders/parts/Battery_Pad_Base.png'
PART_PREVIEW 4 178 MORI_V1__Battery_Pad_Base
00:04.040  render           | Saved: '/Users/dean/Documents/MORI/mechanical/renders/parts/Battery_Retainer_Insert_-1.png'
PART_PREVIEW 5 178 MORI_V1__Battery_Retainer_Insert_-1
00:04.607  render           | Saved: '/Users/dean/Documents/MORI/mechanical/renders/parts/Battery_Retainer_Insert_1.png'
PART_PREVIEW 6 178 MORI_V1__Battery_Retainer_Insert_1
00:05.204  render           | Saved: '/Users/dean/Documents/MORI/mechanical/renders/parts/Battery_Retainer_Screw_-1.png'
PART_PREVIEW 7 178 MORI_V1__Battery_Retainer_Screw_-1
00:05.791  render           | Saved: '/Users/dean/Documents/MORI/mechanical/renders/parts/Battery_Retainer_Screw_1.png'
PART_PREVIEW 8 178 MORI_V1__Battery_Retainer_Screw_1
00:06.443  render           | Saved: '/Users/dean/Documents/MORI/mechanical/renders/parts/Battery_Tray.png'
PART_PREVIEW 9 178 MORI_V1__Battery_Tray
00:07.026  render           | Saved: '/Users/dean/Documents/MORI/mechanical/renders/parts/Body_IMU.png'
PART_PREVIEW 10 178 MORI_V1__Body_IMU
00:07.702  render           | Saved: '/Users/dean/Documents/MORI/mechanical/renders/parts/Body_Lower.png'
PART_PREVIEW 11 178 MORI_V1__Body_Lower
00:08.399  render           | Saved: '/Users/dean/Documents/MORI/mechanical/renders/parts/Body_Upper.png'
PART_PREVIEW 12 178 MORI_V1__Body_Upper
00:09.006  render           | Saved: '/Users/dean/Documents/MORI/mechanical/renders/parts/CAM_Mainboard.png'
PART_PREVIEW 13 178 MORI_V1__CAM_Mainboard
00:09.639  render           | Saved: '/Users/dean/Documents/MORI/mechanical/renders/parts/Camera_Lens.png'
PART_PREVIEW 14 178 MORI_V1__Camera_Lens
00:10.405  render           | Saved: '/Users/dean/Documents/MORI/mechanical/renders/parts/Camera_PCB.png'
PART_PREVIEW 15 178 MORI_V1__Camera_PCB
00:10.974  render           | Saved: '/Users/dean/Documents/MORI/mechanical/renders/parts/Camera_Window.png'
PART_PREVIEW 16 178 MORI_V1__Camera_Window
00:11.529  render           | Saved: '/Users/dean/Documents/MORI/mechanical/renders/parts/Carrier_Insert_0.png'
PART_PREVIEW 17 178 MORI_V1__Carrier_Insert_0
00:12.098  render           | Saved: '/Users/dean/Documents/MORI/mechanical/renders/parts/Carrier_Insert_1.png'
PART_PREVIEW 18 178 MORI_V1__Carrier_Insert_1
00:12.661  render           | Saved: '/Users/dean/Documents/MORI/mechanical/renders/parts/Carrier_Insert_2.png'
PART_PREVIEW 19 178 MORI_V1__Carrier_Insert_2
00:13.256  render           | Saved: '/Users/dean/Documents/MORI/mechanical/renders/parts/Carrier_Insert_3.png'
PART_PREVIEW 20 178 MORI_V1__Carrier_Insert_3
00:13.887  render           | Saved: '/Users/dean/Documents/MORI/mechanical/renders/parts/Carrier_Screw_0.png'
PART_PREVIEW 21 178 MORI_V1__Carrier_Screw_0
00:14.424  render           | Saved: '/Users/dean/Documents/MORI/mechanical/renders/parts/Carrier_Screw_1.png'
PART_PREVIEW 22 178 MORI_V1__Carrier_Screw_1
00:14.984  render           | Saved: '/Users/dean/Documents/MORI/mechanical/renders/parts/Carrier_Screw_2.png'
PART_PREVIEW 23 178 MORI_V1__Carrier_Screw_2
00:15.569  render           | Saved: '/Users/dean/Documents/MORI/mechanical/renders/parts/Carrier_Screw_3.png'
PART_PREVIEW 24 178 MORI_V1__Carrier_Screw_3
00:16.263  render           | Saved: '/Users/dean/Documents/MORI/mechanical/renders/parts/Coupon_Insert.png'
PART_PREVIEW 25 178 MORI_V1__Coupon_Insert
00:16.893  render           | Saved: '/Users/dean/Documents/MORI/mechanical/renders/parts/Coupon_Mating_Tab.png'
PART_PREVIEW 26 178 MORI_V1__Coupon_Mating_Tab
00:17.444  render           | Saved: '/Users/dean/Documents/MORI/mechanical/renders/parts/Coupon_Plane_Fit.png'
PART_PREVIEW 27 178 MORI_V1__Coupon_Plane_Fit
00:17.980  render           | Saved: '/Users/dean/Documents/MORI/mechanical/renders/parts/Coupon_Wheel_Fit.png'
PART_PREVIEW 28 178 MORI_V1__Coupon_Wheel_Fit
00:18.516  render           | Saved: '/Users/dean/Documents/MORI/mechanical/renders/parts/Display_Frame.png'
PART_PREVIEW 29 178 MORI_V1__Display_Frame
00:19.344  render           | Saved: '/Users/dean/Documents/MORI/mechanical/renders/parts/Display_PCB.png'
PART_PREVIEW 30 178 MORI_V1__Display_PCB
00:19.859  render           | Saved: '/Users/dean/Documents/MORI/mechanical/renders/parts/Dock_Pad_0.png'
PART_PREVIEW 31 178 MORI_V1__Dock_Pad_0
00:20.389  render           | Saved: '/Users/dean/Documents/MORI/mechanical/renders/parts/Dock_Pad_1.png'
PART_PREVIEW 32 178 MORI_V1__Dock_Pad_1
00:20.946  render           | Saved: '/Users/dean/Documents/MORI/mechanical/renders/parts/Dock_Pad_2.png'
PART_PREVIEW 33 178 MORI_V1__Dock_Pad_2
00:21.563  render           | Saved: '/Users/dean/Documents/MORI/mechanical/renders/parts/Dock_Pad_3.png'
PART_PREVIEW 34 178 MORI_V1__Dock_Pad_3
00:22.142  render           | Saved: '/Users/dean/Documents/MORI/mechanical/renders/parts/Drive_Bridge.png'
PART_PREVIEW 35 178 MORI_V1__Drive_Bridge
00:22.693  render           | Saved: '/Users/dean/Documents/MORI/mechanical/renders/parts/Drive_L_-8_Nut.png'
PART_PREVIEW 36 178 MORI_V1__Drive_L_-8_Nut
00:23.219  render           | Saved: '/Users/dean/Documents/MORI/mechanical/renders/parts/Drive_L_-8_Screw.png'
PART_PREVIEW 37 178 MORI_V1__Drive_L_-8_Screw
00:23.747  render           | Saved: '/Users/dean/Documents/MORI/mechanical/renders/parts/Drive_L_8_Nut.png'
PART_PREVIEW 38 178 MORI_V1__Drive_L_8_Nut
00:24.277  render           | Saved: '/Users/dean/Documents/MORI/mechanical/renders/parts/Drive_L_8_Screw.png'
PART_PREVIEW 39 178 MORI_V1__Drive_L_8_Screw
00:24.946  render           | Saved: '/Users/dean/Documents/MORI/mechanical/renders/parts/Drive_Motor_L.png'
PART_PREVIEW 40 178 MORI_V1__Drive_Motor_L
00:25.639  render           | Saved: '/Users/dean/Documents/MORI/mechanical/renders/parts/Drive_Motor_R.png'
PART_PREVIEW 41 178 MORI_V1__Drive_Motor_R
00:26.173  render           | Saved: '/Users/dean/Documents/MORI/mechanical/renders/parts/Drive_R_-8_Nut.png'
PART_PREVIEW 42 178 MORI_V1__Drive_R_-8_Nut
00:26.701  render           | Saved: '/Users/dean/Documents/MORI/mechanical/renders/parts/Drive_R_-8_Screw.png'
PART_PREVIEW 43 178 MORI_V1__Drive_R_-8_Screw
00:27.231  render           | Saved: '/Users/dean/Documents/MORI/mechanical/renders/parts/Drive_R_8_Nut.png'
PART_PREVIEW 44 178 MORI_V1__Drive_R_8_Nut
00:27.764  render           | Saved: '/Users/dean/Documents/MORI/mechanical/renders/parts/Drive_R_8_Screw.png'
PART_PREVIEW 45 178 MORI_V1__Drive_R_8_Screw
00:28.319  render           | Saved: '/Users/dean/Documents/MORI/mechanical/renders/parts/Face_Joint_-1_0.0_Nut.png'
PART_PREVIEW 46 178 MORI_V1__Face_Joint_-1_0.0_Nut
00:28.839  render           | Saved: '/Users/dean/Documents/MORI/mechanical/renders/parts/Face_Joint_-1_0.0_Screw.png'
PART_PREVIEW 47 178 MORI_V1__Face_Joint_-1_0.0_Screw
00:29.498  render           | Saved: '/Users/dean/Documents/MORI/mechanical/renders/parts/Face_Joint_-1_7.0_Nut.png'
PART_PREVIEW 48 178 MORI_V1__Face_Joint_-1_7.0_Nut
00:30.090  render           | Saved: '/Users/dean/Documents/MORI/mechanical/renders/parts/Face_Joint_-1_7.0_Screw.png'
PART_PREVIEW 49 178 MORI_V1__Face_Joint_-1_7.0_Screw
00:30.671  render           | Saved: '/Users/dean/Documents/MORI/mechanical/renders/parts/Face_Joint_1_0.0_Nut.png'
PART_PREVIEW 50 178 MORI_V1__Face_Joint_1_0.0_Nut
00:31.336  render           | Saved: '/Users/dean/Documents/MORI/mechanical/renders/parts/Face_Joint_1_0.0_Screw.png'
PART_PREVIEW 51 178 MORI_V1__Face_Joint_1_0.0_Screw
00:31.885  render           | Saved: '/Users/dean/Documents/MORI/mechanical/renders/parts/Face_Joint_1_7.0_Nut.png'
PART_PREVIEW 52 178 MORI_V1__Face_Joint_1_7.0_Nut
00:32.418  render           | Saved: '/Users/dean/Documents/MORI/mechanical/renders/parts/Face_Joint_1_7.0_Screw.png'
PART_PREVIEW 53 178 MORI_V1__Face_Joint_1_7.0_Screw
00:32.937  render           | Saved: '/Users/dean/Documents/MORI/mechanical/renders/parts/Face_Mask.png'
PART_PREVIEW 54 178 MORI_V1__Face_Mask
00:33.526  render           | Saved: '/Users/dean/Documents/MORI/mechanical/renders/parts/Face_Protector.png'
PART_PREVIEW 55 178 MORI_V1__Face_Protector
00:34.072  render           | Saved: '/Users/dean/Documents/MORI/mechanical/renders/parts/Frame_Insert_0.png'
PART_PREVIEW 56 178 MORI_V1__Frame_Insert_0
00:34.700  render           | Saved: '/Users/dean/Documents/MORI/mechanical/renders/parts/Frame_Insert_1.png'
PART_PREVIEW 57 178 MORI_V1__Frame_Insert_1
00:35.316  render           | Saved: '/Users/dean/Documents/MORI/mechanical/renders/parts/Frame_Insert_2.png'
PART_PREVIEW 58 178 MORI_V1__Frame_Insert_2
00:35.842  render           | Saved: '/Users/dean/Documents/MORI/mechanical/renders/parts/Frame_Insert_3.png'
PART_PREVIEW 59 178 MORI_V1__Frame_Insert_3
00:36.357  render           | Saved: '/Users/dean/Documents/MORI/mechanical/renders/parts/Frame_Screw_0.png'
PART_PREVIEW 60 178 MORI_V1__Frame_Screw_0
00:36.857  render           | Saved: '/Users/dean/Documents/MORI/mechanical/renders/parts/Frame_Screw_1.png'
PART_PREVIEW 61 178 MORI_V1__Frame_Screw_1
00:37.377  render           | Saved: '/Users/dean/Documents/MORI/mechanical/renders/parts/Frame_Screw_2.png'
PART_PREVIEW 62 178 MORI_V1__Frame_Screw_2
00:37.915  render           | Saved: '/Users/dean/Documents/MORI/mechanical/renders/parts/Frame_Screw_3.png'
PART_PREVIEW 63 178 MORI_V1__Frame_Screw_3
00:38.515  render           | Saved: '/Users/dean/Documents/MORI/mechanical/renders/parts/Head_Front.png'
PART_PREVIEW 64 178 MORI_V1__Head_Front
00:39.218  render           | Saved: '/Users/dean/Documents/MORI/mechanical/renders/parts/Head_Rear.png'
PART_PREVIEW 65 178 MORI_V1__Head_Rear
00:39.766  render           | Saved: '/Users/dean/Documents/MORI/mechanical/renders/parts/Head_Yaw_Ear_0_Nut.png'
PART_PREVIEW 66 178 MORI_V1__Head_Yaw_Ear_0_Nut
00:40.322  render           | Saved: '/Users/dean/Documents/MORI/mechanical/renders/parts/Head_Yaw_Ear_0_Screw.png'
PART_PREVIEW 67 178 MORI_V1__Head_Yaw_Ear_0_Screw
00:40.836  render           | Saved: '/Users/dean/Documents/MORI/mechanical/renders/parts/Head_Yaw_Ear_1_Nut.png'
PART_PREVIEW 68 178 MORI_V1__Head_Yaw_Ear_1_Nut
00:41.353  render           | Saved: '/Users/dean/Documents/MORI/mechanical/renders/parts/Head_Yaw_Ear_1_Screw.png'
PART_PREVIEW 69 178 MORI_V1__Head_Yaw_Ear_1_Screw
00:41.844  render           | Saved: '/Users/dean/Documents/MORI/mechanical/renders/parts/IMU_Insert_0.png'
PART_PREVIEW 70 178 MORI_V1__IMU_Insert_0
00:42.358  render           | Saved: '/Users/dean/Documents/MORI/mechanical/renders/parts/IMU_Insert_1.png'
PART_PREVIEW 71 178 MORI_V1__IMU_Insert_1
00:42.889  render           | Saved: '/Users/dean/Documents/MORI/mechanical/renders/parts/IMU_Screw_0.png'
PART_PREVIEW 72 178 MORI_V1__IMU_Screw_0
00:43.476  render           | Saved: '/Users/dean/Documents/MORI/mechanical/renders/parts/IMU_Screw_1.png'
PART_PREVIEW 73 178 MORI_V1__IMU_Screw_1
00:44.167  render           | Saved: '/Users/dean/Documents/MORI/mechanical/renders/parts/Load_Frame.png'
PART_PREVIEW 74 178 MORI_V1__Load_Frame
00:44.767  render           | Saved: '/Users/dean/Documents/MORI/mechanical/renders/parts/MCU_Carrier.png'
PART_PREVIEW 75 178 MORI_V1__MCU_Carrier
00:45.658  render           | Saved: '/Users/dean/Documents/MORI/mechanical/renders/parts/MCU_Motion.png'
PART_PREVIEW 76 178 MORI_V1__MCU_Motion
00:46.196  render           | Saved: '/Users/dean/Documents/MORI/mechanical/renders/parts/Motor_Retainer.png'
PART_PREVIEW 77 178 MORI_V1__Motor_Retainer
00:46.733  render           | Saved: '/Users/dean/Documents/MORI/mechanical/renders/parts/Motor_Retainer_Pad_-1.png'
PART_PREVIEW 78 178 MORI_V1__Motor_Retainer_Pad_-1
00:47.274  render           | Saved: '/Users/dean/Documents/MORI/mechanical/renders/parts/Motor_Retainer_Pad_1.png'
PART_PREVIEW 79 178 MORI_V1__Motor_Retainer_Pad_1
00:47.826  render           | Saved: '/Users/dean/Documents/MORI/mechanical/renders/parts/Motor_Top_Pad_L.png'
PART_PREVIEW 80 178 MORI_V1__Motor_Top_Pad_L
00:48.386  render           | Saved: '/Users/dean/Documents/MORI/mechanical/renders/parts/Motor_Top_Pad_R.png'
PART_PREVIEW 81 178 MORI_V1__Motor_Top_Pad_R
00:48.900  render           | Saved: '/Users/dean/Documents/MORI/mechanical/renders/parts/Onboard_MIC_L.png'
PART_PREVIEW 82 178 MORI_V1__Onboard_MIC_L
00:49.405  render           | Saved: '/Users/dean/Documents/MORI/mechanical/renders/parts/Onboard_MIC_R.png'
PART_PREVIEW 83 178 MORI_V1__Onboard_MIC_R
00:49.975  render           | Saved: '/Users/dean/Documents/MORI/mechanical/renders/parts/Parking_Cradle.png'
PART_PREVIEW 84 178 MORI_V1__Parking_Cradle
00:50.578  render           | Saved: '/Users/dean/Documents/MORI/mechanical/renders/parts/Pitch_Bearing_L.png'
PART_PREVIEW 85 178 MORI_V1__Pitch_Bearing_L
00:51.216  render           | Saved: '/Users/dean/Documents/MORI/mechanical/renders/parts/Pitch_Bearing_R.png'
PART_PREVIEW 86 178 MORI_V1__Pitch_Bearing_R
00:51.812  render           | Saved: '/Users/dean/Documents/MORI/mechanical/renders/parts/Pitch_Cradle.png'
PART_PREVIEW 87 178 MORI_V1__Pitch_Cradle
00:52.373  render           | Saved: '/Users/dean/Documents/MORI/mechanical/renders/parts/Pitch_Horn.png'
PART_PREVIEW 88 178 MORI_V1__Pitch_Horn
00:52.867  render           | Saved: '/Users/dean/Documents/MORI/mechanical/renders/parts/Pitch_Lock_Screw.png'
PART_PREVIEW 89 178 MORI_V1__Pitch_Lock_Screw
00:53.393  render           | Saved: '/Users/dean/Documents/MORI/mechanical/renders/parts/Pitch_Output.png'
PART_PREVIEW 90 178 MORI_V1__Pitch_Output
00:53.974  render           | Saved: '/Users/dean/Documents/MORI/mechanical/renders/parts/Pitch_Servo.png'
PART_PREVIEW 91 178 MORI_V1__Pitch_Servo
00:54.598  render           | Saved: '/Users/dean/Documents/MORI/mechanical/renders/parts/Pitch_Trunnion_L.png'
PART_PREVIEW 92 178 MORI_V1__Pitch_Trunnion_L
00:55.187  render           | Saved: '/Users/dean/Documents/MORI/mechanical/renders/parts/Pitch_Trunnion_R.png'
PART_PREVIEW 93 178 MORI_V1__Pitch_Trunnion_R
00:55.794  render           | Saved: '/Users/dean/Documents/MORI/mechanical/renders/parts/Pitch_Yoke.png'
PART_PREVIEW 94 178 MORI_V1__Pitch_Yoke
00:56.308  render           | Saved: '/Users/dean/Documents/MORI/mechanical/renders/parts/Power_Board_H2_Insert.png'
PART_PREVIEW 95 178 MORI_V1__Power_Board_H2_Insert
00:56.863  render           | Saved: '/Users/dean/Documents/MORI/mechanical/renders/parts/Power_Board_H2_Screw.png'
PART_PREVIEW 96 178 MORI_V1__Power_Board_H2_Screw
00:58.215  render           | Saved: '/Users/dean/Documents/MORI/mechanical/renders/parts/Power_Board_H3_Insert.png'
PART_PREVIEW 97 178 MORI_V1__Power_Board_H3_Insert
00:59.226  render           | Saved: '/Users/dean/Documents/MORI/mechanical/renders/parts/Power_Board_H3_Screw.png'
PART_PREVIEW 98 178 MORI_V1__Power_Board_H3_Screw
00:59.891  render           | Saved: '/Users/dean/Documents/MORI/mechanical/renders/parts/Power_Module.png'
PART_PREVIEW 99 178 MORI_V1__Power_Module
01:00.606  render           | Saved: '/Users/dean/Documents/MORI/mechanical/renders/parts/Power_Switch.png'
PART_PREVIEW 100 178 MORI_V1__Power_Switch
01:01.551  render           | Saved: '/Users/dean/Documents/MORI/mechanical/renders/parts/Rear_Interface_Insert_0.png'
PART_PREVIEW 101 178 MORI_V1__Rear_Interface_Insert_0
01:02.205  render           | Saved: '/Users/dean/Documents/MORI/mechanical/renders/parts/Rear_Interface_Insert_1.png'
PART_PREVIEW 102 178 MORI_V1__Rear_Interface_Insert_1
01:03.501  render           | Saved: '/Users/dean/Documents/MORI/mechanical/renders/parts/Rear_Interface_PCB.png'
PART_PREVIEW 103 178 MORI_V1__Rear_Interface_PCB
01:04.563  render           | Saved: '/Users/dean/Documents/MORI/mechanical/renders/parts/Rear_Interface_Screw_0.png'
PART_PREVIEW 104 178 MORI_V1__Rear_Interface_Screw_0
01:05.467  render           | Saved: '/Users/dean/Documents/MORI/mechanical/renders/parts/Rear_Interface_Screw_1.png'
PART_PREVIEW 105 178 MORI_V1__Rear_Interface_Screw_1
01:06.859  render           | Saved: '/Users/dean/Documents/MORI/mechanical/renders/parts/S288_Output_L_Inner.png'
PART_PREVIEW 106 178 MORI_V1__S288_Output_L_Inner
01:08.021  render           | Saved: '/Users/dean/Documents/MORI/mechanical/renders/parts/S288_Output_L_Outer.png'
PART_PREVIEW 107 178 MORI_V1__S288_Output_L_Outer
01:09.315  render           | Saved: '/Users/dean/Documents/MORI/mechanical/renders/parts/S288_Output_R_Inner.png'
PART_PREVIEW 108 178 MORI_V1__S288_Output_R_Inner
01:10.329  render           | Saved: '/Users/dean/Documents/MORI/mechanical/renders/parts/S288_Output_R_Outer.png'
PART_PREVIEW 109 178 MORI_V1__S288_Output_R_Outer
01:11.401  render           | Saved: '/Users/dean/Documents/MORI/mechanical/renders/parts/Shell_Insert_0.png'
PART_PREVIEW 110 178 MORI_V1__Shell_Insert_0
01:12.464  render           | Saved: '/Users/dean/Documents/MORI/mechanical/renders/parts/Shell_Insert_1.png'
PART_PREVIEW 111 178 MORI_V1__Shell_Insert_1
01:13.356  render           | Saved: '/Users/dean/Documents/MORI/mechanical/renders/parts/Shell_Insert_2.png'
PART_PREVIEW 112 178 MORI_V1__Shell_Insert_2
01:14.220  render           | Saved: '/Users/dean/Documents/MORI/mechanical/renders/parts/Shell_Insert_3.png'
PART_PREVIEW 113 178 MORI_V1__Shell_Insert_3
01:15.120  render           | Saved: '/Users/dean/Documents/MORI/mechanical/renders/parts/Shell_Screw_0.png'
PART_PREVIEW 114 178 MORI_V1__Shell_Screw_0
01:16.052  render           | Saved: '/Users/dean/Documents/MORI/mechanical/renders/parts/Shell_Screw_1.png'
PART_PREVIEW 115 178 MORI_V1__Shell_Screw_1
01:16.847  render           | Saved: '/Users/dean/Documents/MORI/mechanical/renders/parts/Shell_Screw_2.png'
PART_PREVIEW 116 178 MORI_V1__Shell_Screw_2
01:17.666  render           | Saved: '/Users/dean/Documents/MORI/mechanical/renders/parts/Shell_Screw_3.png'
PART_PREVIEW 117 178 MORI_V1__Shell_Screw_3
01:18.477  render           | Saved: '/Users/dean/Documents/MORI/mechanical/renders/parts/Speaker.png'
PART_PREVIEW 118 178 MORI_V1__Speaker
01:19.136  render           | Saved: '/Users/dean/Documents/MORI/mechanical/renders/parts/Speaker_Gasket.png'
PART_PREVIEW 119 178 MORI_V1__Speaker_Gasket
01:19.934  render           | Saved: '/Users/dean/Documents/MORI/mechanical/renders/parts/Speaker_Insert_-1.png'
PART_PREVIEW 120 178 MORI_V1__Speaker_Insert_-1
01:20.807  render           | Saved: '/Users/dean/Documents/MORI/mechanical/renders/parts/Speaker_Insert_1.png'
PART_PREVIEW 121 178 MORI_V1__Speaker_Insert_1
01:21.846  render           | Saved: '/Users/dean/Documents/MORI/mechanical/renders/parts/Speaker_Mount.png'
PART_PREVIEW 122 178 MORI_V1__Speaker_Mount
01:22.529  render           | Saved: '/Users/dean/Documents/MORI/mechanical/renders/parts/Speaker_Screw_-1.png'
PART_PREVIEW 123 178 MORI_V1__Speaker_Screw_-1
01:23.116  render           | Saved: '/Users/dean/Documents/MORI/mechanical/renders/parts/Speaker_Screw_1.png'
PART_PREVIEW 124 178 MORI_V1__Speaker_Screw_1
01:23.778  render           | Saved: '/Users/dean/Documents/MORI/mechanical/renders/parts/Tire_L.png'
PART_PREVIEW 125 178 MORI_V1__Tire_L
01:24.417  render           | Saved: '/Users/dean/Documents/MORI/mechanical/renders/parts/Tire_R.png'
PART_PREVIEW 126 178 MORI_V1__Tire_R
01:25.401  render           | Saved: '/Users/dean/Documents/MORI/mechanical/renders/parts/USB_Receptacle.png'
PART_PREVIEW 127 178 MORI_V1__USB_Receptacle
01:26.402  render           | Saved: '/Users/dean/Documents/MORI/mechanical/renders/parts/Wheel_Axle_L.png'
PART_PREVIEW 128 178 MORI_V1__Wheel_Axle_L
01:27.159  render           | Saved: '/Users/dean/Documents/MORI/mechanical/renders/parts/Wheel_Axle_R.png'
PART_PREVIEW 129 178 MORI_V1__Wheel_Axle_R
01:28.131  render           | Saved: '/Users/dean/Documents/MORI/mechanical/renders/parts/Wheel_Bearing_L_Inner.png'
PART_PREVIEW 130 178 MORI_V1__Wheel_Bearing_L_Inner
01:28.876  render           | Saved: '/Users/dean/Documents/MORI/mechanical/renders/parts/Wheel_Bearing_L_Outer.png'
PART_PREVIEW 131 178 MORI_V1__Wheel_Bearing_L_Outer
01:29.525  render           | Saved: '/Users/dean/Documents/MORI/mechanical/renders/parts/Wheel_Bearing_R_Inner.png'
PART_PREVIEW 132 178 MORI_V1__Wheel_Bearing_R_Inner
01:30.318  render           | Saved: '/Users/dean/Documents/MORI/mechanical/renders/parts/Wheel_Bearing_R_Outer.png'
PART_PREVIEW 133 178 MORI_V1__Wheel_Bearing_R_Outer
01:31.057  render           | Saved: '/Users/dean/Documents/MORI/mechanical/renders/parts/Wheel_Cap_Clamp_Nut_0.png'
PART_PREVIEW 134 178 MORI_V1__Wheel_Cap_Clamp_Nut_0
01:32.040  render           | Saved: '/Users/dean/Documents/MORI/mechanical/renders/parts/Wheel_Cap_Clamp_Nut_1.png'
PART_PREVIEW 135 178 MORI_V1__Wheel_Cap_Clamp_Nut_1
01:32.679  render           | Saved: '/Users/dean/Documents/MORI/mechanical/renders/parts/Wheel_Cap_Clamp_Nut_2.png'
PART_PREVIEW 136 178 MORI_V1__Wheel_Cap_Clamp_Nut_2
01:33.465  render           | Saved: '/Users/dean/Documents/MORI/mechanical/renders/parts/Wheel_Cap_Clamp_Nut_3.png'
PART_PREVIEW 137 178 MORI_V1__Wheel_Cap_Clamp_Nut_3
01:34.236  render           | Saved: '/Users/dean/Documents/MORI/mechanical/renders/parts/Wheel_Cap_Clamp_Screw_0.png'
PART_PREVIEW 138 178 MORI_V1__Wheel_Cap_Clamp_Screw_0
01:34.932  render           | Saved: '/Users/dean/Documents/MORI/mechanical/renders/parts/Wheel_Cap_Clamp_Screw_1.png'
PART_PREVIEW 139 178 MORI_V1__Wheel_Cap_Clamp_Screw_1
01:35.594  render           | Saved: '/Users/dean/Documents/MORI/mechanical/renders/parts/Wheel_Cap_Clamp_Screw_2.png'
PART_PREVIEW 140 178 MORI_V1__Wheel_Cap_Clamp_Screw_2
01:36.397  render           | Saved: '/Users/dean/Documents/MORI/mechanical/renders/parts/Wheel_Cap_Clamp_Screw_3.png'
PART_PREVIEW 141 178 MORI_V1__Wheel_Cap_Clamp_Screw_3
01:37.283  render           | Saved: '/Users/dean/Documents/MORI/mechanical/renders/parts/Wheel_End_Screw_L.png'
PART_PREVIEW 142 178 MORI_V1__Wheel_End_Screw_L
01:38.683  render           | Saved: '/Users/dean/Documents/MORI/mechanical/renders/parts/Wheel_End_Screw_R.png'
PART_PREVIEW 143 178 MORI_V1__Wheel_End_Screw_R
01:39.603  render           | Saved: '/Users/dean/Documents/MORI/mechanical/renders/parts/Wheel_End_Washer_L.png'
PART_PREVIEW 144 178 MORI_V1__Wheel_End_Washer_L
01:40.458  render           | Saved: '/Users/dean/Documents/MORI/mechanical/renders/parts/Wheel_End_Washer_R.png'
PART_PREVIEW 145 178 MORI_V1__Wheel_End_Washer_R
01:41.166  render           | Saved: '/Users/dean/Documents/MORI/mechanical/renders/parts/Wheel_Hub_L.png'
PART_PREVIEW 146 178 MORI_V1__Wheel_Hub_L
01:41.955  render           | Saved: '/Users/dean/Documents/MORI/mechanical/renders/parts/Wheel_Hub_R.png'
PART_PREVIEW 147 178 MORI_V1__Wheel_Hub_R
01:42.661  render           | Saved: '/Users/dean/Documents/MORI/mechanical/renders/parts/Wheel_Output_Screw_L_0.png'
PART_PREVIEW 148 178 MORI_V1__Wheel_Output_Screw_L_0
01:43.263  render           | Saved: '/Users/dean/Documents/MORI/mechanical/renders/parts/Wheel_Output_Screw_L_1.png'
PART_PREVIEW 149 178 MORI_V1__Wheel_Output_Screw_L_1
01:44.650  render           | Saved: '/Users/dean/Documents/MORI/mechanical/renders/parts/Wheel_Output_Screw_L_2.png'
PART_PREVIEW 150 178 MORI_V1__Wheel_Output_Screw_L_2
01:45.340  render           | Saved: '/Users/dean/Documents/MORI/mechanical/renders/parts/Wheel_Output_Screw_L_3.png'
PART_PREVIEW 151 178 MORI_V1__Wheel_Output_Screw_L_3
01:45.915  render           | Saved: '/Users/dean/Documents/MORI/mechanical/renders/parts/Wheel_Output_Screw_L_4.png'
PART_PREVIEW 152 178 MORI_V1__Wheel_Output_Screw_L_4
01:46.580  render           | Saved: '/Users/dean/Documents/MORI/mechanical/renders/parts/Wheel_Output_Screw_L_5.png'
PART_PREVIEW 153 178 MORI_V1__Wheel_Output_Screw_L_5
01:47.189  render           | Saved: '/Users/dean/Documents/MORI/mechanical/renders/parts/Wheel_Output_Screw_R_0.png'
PART_PREVIEW 154 178 MORI_V1__Wheel_Output_Screw_R_0
01:47.988  render           | Saved: '/Users/dean/Documents/MORI/mechanical/renders/parts/Wheel_Output_Screw_R_1.png'
PART_PREVIEW 155 178 MORI_V1__Wheel_Output_Screw_R_1
01:48.588  render           | Saved: '/Users/dean/Documents/MORI/mechanical/renders/parts/Wheel_Output_Screw_R_2.png'
PART_PREVIEW 156 178 MORI_V1__Wheel_Output_Screw_R_2
01:49.180  render           | Saved: '/Users/dean/Documents/MORI/mechanical/renders/parts/Wheel_Output_Screw_R_3.png'
PART_PREVIEW 157 178 MORI_V1__Wheel_Output_Screw_R_3
01:49.922  render           | Saved: '/Users/dean/Documents/MORI/mechanical/renders/parts/Wheel_Output_Screw_R_4.png'
PART_PREVIEW 158 178 MORI_V1__Wheel_Output_Screw_R_4
01:50.611  render           | Saved: '/Users/dean/Documents/MORI/mechanical/renders/parts/Wheel_Output_Screw_R_5.png'
PART_PREVIEW 159 178 MORI_V1__Wheel_Output_Screw_R_5
01:51.360  render           | Saved: '/Users/dean/Documents/MORI/mechanical/renders/parts/Wheel_Spacer_L_0.png'
PART_PREVIEW 160 178 MORI_V1__Wheel_Spacer_L_0
01:52.154  render           | Saved: '/Users/dean/Documents/MORI/mechanical/renders/parts/Wheel_Spacer_L_1.png'
PART_PREVIEW 161 178 MORI_V1__Wheel_Spacer_L_1
01:52.917  render           | Saved: '/Users/dean/Documents/MORI/mechanical/renders/parts/Wheel_Spacer_R_0.png'
PART_PREVIEW 162 178 MORI_V1__Wheel_Spacer_R_0
01:53.825  render           | Saved: '/Users/dean/Documents/MORI/mechanical/renders/parts/Wheel_Spacer_R_1.png'
PART_PREVIEW 163 178 MORI_V1__Wheel_Spacer_R_1
01:55.034  render           | Saved: '/Users/dean/Documents/MORI/mechanical/renders/parts/Yaw_Base.png'
PART_PREVIEW 164 178 MORI_V1__Yaw_Base
01:56.088  render           | Saved: '/Users/dean/Documents/MORI/mechanical/renders/parts/Yaw_Base_-1_Insert.png'
PART_PREVIEW 165 178 MORI_V1__Yaw_Base_-1_Insert
01:56.991  render           | Saved: '/Users/dean/Documents/MORI/mechanical/renders/parts/Yaw_Base_-1_Screw.png'
PART_PREVIEW 166 178 MORI_V1__Yaw_Base_-1_Screw
01:57.597  render           | Saved: '/Users/dean/Documents/MORI/mechanical/renders/parts/Yaw_Base_1_Insert.png'
PART_PREVIEW 167 178 MORI_V1__Yaw_Base_1_Insert
01:58.289  render           | Saved: '/Users/dean/Documents/MORI/mechanical/renders/parts/Yaw_Base_1_Screw.png'
PART_PREVIEW 168 178 MORI_V1__Yaw_Base_1_Screw
01:59.094  render           | Saved: '/Users/dean/Documents/MORI/mechanical/renders/parts/Yaw_Bearing.png'
PART_PREVIEW 169 178 MORI_V1__Yaw_Bearing
01:59.928  render           | Saved: '/Users/dean/Documents/MORI/mechanical/renders/parts/Yaw_Horn.png'
PART_PREVIEW 170 178 MORI_V1__Yaw_Horn
02:00.593  render           | Saved: '/Users/dean/Documents/MORI/mechanical/renders/parts/Yaw_Lock_Screw.png'
PART_PREVIEW 171 178 MORI_V1__Yaw_Lock_Screw
02:01.506  render           | Saved: '/Users/dean/Documents/MORI/mechanical/renders/parts/Yaw_Output.png'
PART_PREVIEW 172 178 MORI_V1__Yaw_Output
02:02.147  render           | Saved: '/Users/dean/Documents/MORI/mechanical/renders/parts/Yaw_Reaction_Clamp_Nut.png'
PART_PREVIEW 173 178 MORI_V1__Yaw_Reaction_Clamp_Nut
02:03.196  render           | Saved: '/Users/dean/Documents/MORI/mechanical/renders/parts/Yaw_Reaction_Clamp_Screw.png'
PART_PREVIEW 174 178 MORI_V1__Yaw_Reaction_Clamp_Screw
02:03.909  render           | Saved: '/Users/dean/Documents/MORI/mechanical/renders/parts/Yaw_Reaction_Link.png'
PART_PREVIEW 175 178 MORI_V1__Yaw_Reaction_Link
02:05.328  render           | Saved: '/Users/dean/Documents/MORI/mechanical/renders/parts/Yaw_Reaction_Retainer_Nut.png'
PART_PREVIEW 176 178 MORI_V1__Yaw_Reaction_Retainer_Nut
02:07.243  render           | Saved: '/Users/dean/Documents/MORI/mechanical/renders/parts/Yaw_Reaction_Retainer_Screw.png'
PART_PREVIEW 177 178 MORI_V1__Yaw_Reaction_Retainer_Screw
02:09.229  render           | Saved: '/Users/dean/Documents/MORI/mechanical/renders/parts/Yaw_Servo.png'
PART_PREVIEW 178 178 MORI_V1__Yaw_Servo
CATALOG_COMPLETE
Blender 5.2.1 LTS (hash 9e2066aef7ef built 2026-08-25 01:35:57)

Blender quit
