00:00.360  blend            | Read blend: "/Users/dean/Documents/MORI/mechanical/mori_v1_2.blend"
RENDER battery_tray_fit
00:14.944  render           | Saved: '/Users/dean/Documents/MORI/mechanical/renders/battery_tray_fit.png'
RENDER battery_frame_flat
00:21.061  render           | Saved: '/Users/dean/Documents/MORI/mechanical/renders/battery_frame_flat.png'
RENDER battery_tray_wide
00:26.188  render           | Saved: '/Users/dean/Documents/MORI/mechanical/renders/battery_tray_wide.png'
RENDER power_seats
00:36.456  render           | Saved: '/Users/dean/Documents/MORI/mechanical/renders/power_seats.png'
/Users/dean/Documents/MORI/mechanical/scripts/render.py:151: DeprecationWarning: 'Material.use_nodes' is expected to be removed in Blender 6.0
  mat.use_nodes=True;nodes=mat.node_tree.nodes;nodes.clear()
RENDER power_board_mounted
00:49.688  render           | Saved: '/Users/dean/Documents/MORI/mechanical/renders/power_board_mounted.png'
RENDER battery_retention_detail
01:06.088  render           | Saved: '/Users/dean/Documents/MORI/mechanical/renders/battery_retention_detail.png'
RENDER battery_retention_open
01:21.957  render           | Saved: '/Users/dean/Documents/MORI/mechanical/renders/battery_retention_open.png'
RENDER flush_bridge
01:30.178  render           | Saved: '/Users/dean/Documents/MORI/mechanical/renders/flush_bridge.png'
RENDER flush_bridge_underside
01:38.832  render           | Saved: '/Users/dean/Documents/MORI/mechanical/renders/flush_bridge_underside.png'
RENDER flush_speaker
01:47.120  render           | Saved: '/Users/dean/Documents/MORI/mechanical/renders/flush_speaker.png'
RENDER flush_cap
01:54.265  render           | Saved: '/Users/dean/Documents/MORI/mechanical/renders/flush_cap.png'
RENDER flush_reaction
02:02.188  render           | Saved: '/Users/dean/Documents/MORI/mechanical/renders/flush_reaction.png'
RENDER consolidated_yaw
02:11.387  render           | Saved: '/Users/dean/Documents/MORI/mechanical/renders/consolidated_yaw.png'
RENDER consolidated_base
02:18.522  render           | Saved: '/Users/dean/Documents/MORI/mechanical/renders/consolidated_base.png'
RENDER consolidated_camera
02:25.653  render           | Saved: '/Users/dean/Documents/MORI/mechanical/renders/consolidated_camera.png'
RENDER consolidated_wheel
02:36.033  render           | Saved: '/Users/dean/Documents/MORI/mechanical/renders/consolidated_wheel.png'
RENDER rear_interface_section
02:41.163  render           | Saved: '/Users/dean/Documents/MORI/mechanical/renders/rear_interface_section.png'
RENDER frame_underside
02:48.960  render           | Saved: '/Users/dean/Documents/MORI/mechanical/renders/frame_underside.png'
RENDER face_surface_side
02:58.814  render           | Saved: '/Users/dean/Documents/MORI/mechanical/renders/face_surface_side.png'
RENDER imu_underside
03:06.625  render           | Saved: '/Users/dean/Documents/MORI/mechanical/renders/imu_underside.png'
RENDER rear_interface_detail
03:14.374  render           | Saved: '/Users/dean/Documents/MORI/mechanical/renders/rear_interface_detail.png'
/Users/dean/Documents/MORI/mechanical/scripts/render.py:118: DeprecationWarning: 'Material.use_nodes' is expected to be removed in Blender 6.0
  shell=bpy.data.objects[PREFIX+n];mat=bpy.data.materials.get(PREFIX+'level_xray') or bpy.data.materials.new(PREFIX+'level_xray');mat.use_nodes=True;nodes=mat.node_tree.nodes;nodes.clear();out=nodes.new('ShaderNodeOutputMaterial');mix=nodes.new('ShaderNodeMixShader');mix.inputs[0].default_value=.82;solid=nodes.new('ShaderNodeBsdfDiffuse');solid.inputs['Color'].default_value=(.8,.85,.9,1);clear=nodes.new('ShaderNodeBsdfTransparent');mat.node_tree.links.new(solid.outputs[0],mix.inputs[1]);mat.node_tree.links.new(clear.outputs[0],mix.inputs[2]);mat.node_tree.links.new(mix.outputs[0],out.inputs[0]);shell.data.materials.clear();shell.data.materials.append(mat)
RENDER level_head_side
03:38.749  render           | Saved: '/Users/dean/Documents/MORI/mechanical/renders/level_head_side.png'
RENDER deck_plan
03:49.230  render           | Saved: '/Users/dean/Documents/MORI/mechanical/renders/deck_plan.png'
RENDER weact_detail
03:54.230  render           | Saved: '/Users/dean/Documents/MORI/mechanical/renders/weact_detail.png'
/Users/dean/Documents/MORI/mechanical/scripts/render.py:99: DeprecationWarning: 'Material.use_nodes' is expected to be removed in Blender 6.0
  mat=bpy.data.materials.get(PREFIX+'speaker_xray') or bpy.data.materials.new(PREFIX+'speaker_xray');mat.use_nodes=True;nodes=mat.node_tree.nodes;nodes.clear();out=nodes.new('ShaderNodeOutputMaterial');mix=nodes.new('ShaderNodeMixShader');mix.inputs[0].default_value=.84;solid=nodes.new('ShaderNodeBsdfDiffuse');solid.inputs['Color'].default_value=(.65,.72,.78,1);clear=nodes.new('ShaderNodeBsdfTransparent');mat.node_tree.links.new(solid.outputs[0],mix.inputs[1]);mat.node_tree.links.new(clear.outputs[0],mix.inputs[2]);mat.node_tree.links.new(mix.outputs[0],out.inputs[0]);shell.data.materials.clear();shell.data.materials.append(mat)
RENDER speaker_shell_detail
04:20.605  render           | Saved: '/Users/dean/Documents/MORI/mechanical/renders/speaker_shell_detail.png'
RENDER mic_detail
04:25.128  render           | Saved: '/Users/dean/Documents/MORI/mechanical/renders/mic_detail.png'
/Users/dean/Documents/MORI/mechanical/scripts/render.py:109: DeprecationWarning: 'Material.use_nodes' is expected to be removed in Blender 6.0
  mat=bpy.data.materials.new(PREFIX+'mic_open_'+n);mat.use_nodes=True;nodes=mat.node_tree.nodes;nodes.clear();out=nodes.new('ShaderNodeOutputMaterial');mix=nodes.new('ShaderNodeMixShader');mix.inputs[0].default_value=alpha;solid=nodes.new('ShaderNodeBsdfDiffuse');solid.inputs['Color'].default_value=(.8,.86,.9,1);clear=nodes.new('ShaderNodeBsdfTransparent');mat.node_tree.links.new(solid.outputs[0],mix.inputs[1]);mat.node_tree.links.new(clear.outputs[0],mix.inputs[2]);mat.node_tree.links.new(mix.outputs[0],out.inputs[0]);ob=bpy.data.objects[PREFIX+n];ob.data.materials.clear();ob.data.materials.append(mat)
RENDER mic_open_path
04:44.569  render           | Saved: '/Users/dean/Documents/MORI/mechanical/renders/mic_open_path.png'
RENDER belly_detail
04:58.860  render           | Saved: '/Users/dean/Documents/MORI/mechanical/renders/belly_detail.png'
RENDER yaw_drive_detail
05:16.422  render           | Saved: '/Users/dean/Documents/MORI/mechanical/renders/yaw_drive_detail.png'
RENDER 45_assembled
05:30.364  render           | Saved: '/Users/dean/Documents/MORI/mechanical/renders/45_assembled.png'
RENDER front
05:37.475  render           | Saved: '/Users/dean/Documents/MORI/mechanical/renders/front.png'
RENDER side
05:45.354  render           | Saved: '/Users/dean/Documents/MORI/mechanical/renders/side.png'
RENDER rear
05:53.693  render           | Saved: '/Users/dean/Documents/MORI/mechanical/renders/rear.png'
RENDER top
06:03.180  render           | Saved: '/Users/dean/Documents/MORI/mechanical/renders/top.png'
RENDER bottom
06:12.343  render           | Saved: '/Users/dean/Documents/MORI/mechanical/renders/bottom.png'
RENDER exploded
06:19.859  render           | Saved: '/Users/dean/Documents/MORI/mechanical/renders/exploded.png'
RENDER internal
06:27.535  render           | Saved: '/Users/dean/Documents/MORI/mechanical/renders/internal.png'
RENDER structure_only
06:35.054  render           | Saved: '/Users/dean/Documents/MORI/mechanical/renders/structure_only.png'
RENDER structure_exploded
06:40.170  render           | Saved: '/Users/dean/Documents/MORI/mechanical/renders/structure_exploded.png'
RENDER deck_detail
06:49.137  render           | Saved: '/Users/dean/Documents/MORI/mechanical/renders/deck_detail.png'
RENDER head_support
06:53.766  render           | Saved: '/Users/dean/Documents/MORI/mechanical/renders/head_support.png'
RENDER face_detail
07:06.508  render           | Saved: '/Users/dean/Documents/MORI/mechanical/renders/face_detail.png'
RENDER head_section
07:17.314  render           | Saved: '/Users/dean/Documents/MORI/mechanical/renders/head_section.png'
RENDER screen_outline_review
07:25.333  render           | Saved: '/Users/dean/Documents/MORI/mechanical/renders/screen_outline_review.png'
RENDER clearance
07:31.268  render           | Saved: '/Users/dean/Documents/MORI/mechanical/renders/clearance.png'
RENDER balance_side
07:36.961  render           | Saved: '/Users/dean/Documents/MORI/mechanical/renders/balance_side.png'
RENDER wheel_gap_detail
07:44.753  render           | Saved: '/Users/dean/Documents/MORI/mechanical/renders/wheel_gap_detail.png'
RENDER pose_up
07:58.003  render           | Saved: '/Users/dean/Documents/MORI/mechanical/renders/pose_up.png'
RENDER pose_down
08:11.700  render           | Saved: '/Users/dean/Documents/MORI/mechanical/renders/pose_down.png'
RENDER docked
08:25.023  render           | Saved: '/Users/dean/Documents/MORI/mechanical/renders/docked.png'
RENDER_COMPLETE
Blender 5.2.1 LTS (hash 9e2066aef7ef built 2026-08-25 01:35:57)

Blender quit
