00:00.252  blend            | Read blend: "/Users/dean/Documents/MORI/mechanical/mori_v1_2.blend"
BODY_SPLIT_PATH {"module": "front", "wheels": "present", "status": "PASS", "direction": [0, 1, 0], "travel_mm": 220, "step_mm": 1, "checked_samples": 221, "first_failure": null}
BODY_SPLIT_PATH {"module": "rear", "wheels": "present", "status": "PASS", "direction": [0, -1, 0], "travel_mm": 220, "step_mm": 1, "checked_samples": 221, "first_failure": null}
BODY_SPLIT_PATH {"module": "front", "wheels": "tyres_hubs_deferred", "status": "PASS", "direction": [0, 1, 0], "travel_mm": 220, "step_mm": 1, "checked_samples": 221, "first_failure": null}
BODY_SPLIT_PATH {"module": "rear", "wheels": "tyres_hubs_deferred", "status": "PASS", "direction": [0, -1, 0], "travel_mm": 220, "step_mm": 1, "checked_samples": 221, "first_failure": null}
BODY_SPLIT_FRAME_ACCESS {"screw": "Frame_Screw_0", "axis_mm": [48, 42], "status": "BLOCKED", "hits": [{"piece": "screw_1", "target": "Load_Frame", "overlap_mm3": 36.367910428787575, "bounds_mm": [45.29999923706055, 39.29999923706055, 111.0, 50.70000076293945, 44.70000076293945, 115.0]}, {"piece": "screw_1", "target": "Frame_Insert_0", "overlap_mm3": 11.45561220905681, "bounds_mm": [45.9299991798398, 39.9299991798398, 115.19999694824219, 50.0700008201602, 44.0700008201602, 119.0]}, {"piece": "screw_1", "target": "Body_Front_candidate", "overlap_mm3": 0.23470516812299105, "bounds_mm": [45.89999961853027, 39.89999961853027, 115.0, 50.10000038146973, 44.10000038146973, 115.50724157936342]}]}
BODY_SPLIT_FRAME_ACCESS {"screw": "Frame_Screw_1", "axis_mm": [-48, 42], "status": "BLOCKED", "hits": [{"piece": "screw_1", "target": "Load_Frame", "overlap_mm3": 36.36791042878757, "bounds_mm": [-50.70000076293945, 39.29999923706055, 111.0, -45.29999923706055, 44.70000076293945, 115.0]}, {"piece": "screw_1", "target": "Frame_Insert_1", "overlap_mm3": 11.455612209056785, "bounds_mm": [-50.0700008201602, 39.9299991798398, 115.19999694824219, -45.9299991798398, 44.0700008201602, 119.0]}, {"piece": "screw_1", "target": "Body_Front_candidate", "overlap_mm3": 0.23470516812299186, "bounds_mm": [-50.10000038146973, 39.89999961853027, 115.0, -45.89999961853027, 44.10000038146973, 115.50724157936342]}]}
BODY_SPLIT_FRAME_ACCESS {"screw": "Frame_Screw_2", "axis_mm": [48, -42], "status": "BLOCKED", "hits": [{"piece": "screw_1", "target": "Load_Frame", "overlap_mm3": 36.36791042878757, "bounds_mm": [45.29999923706055, -44.70000076293945, 111.0, 50.70000076293945, -39.29999923706055, 115.0]}, {"piece": "screw_1", "target": "Frame_Insert_2", "overlap_mm3": 11.455612209056792, "bounds_mm": [45.9299991798398, -44.0700008201602, 115.19999694824219, 50.0700008201602, -39.9299991798398, 119.0]}, {"piece": "screw_1", "target": "Body_Rear_candidate", "overlap_mm3": 0.2347051681229912, "bounds_mm": [45.89999961853027, -44.10000038146973, 115.0, 50.10000038146973, -39.89999961853027, 115.50724157936342]}]}
BODY_SPLIT_FRAME_ACCESS {"screw": "Frame_Screw_3", "axis_mm": [-48, -42], "status": "BLOCKED", "hits": [{"piece": "screw_1", "target": "Load_Frame", "overlap_mm3": 36.36791042878757, "bounds_mm": [-50.70000076293945, -44.70000076293945, 111.0, -45.29999923706055, -39.29999923706055, 115.0]}, {"piece": "screw_1", "target": "Frame_Insert_3", "overlap_mm3": 11.455612209056776, "bounds_mm": [-50.0700008201602, -44.0700008201602, 115.19999694824219, -45.9299991798398, -39.9299991798398, 119.0]}, {"piece": "screw_1", "target": "Body_Rear_candidate", "overlap_mm3": 0.23470516812299053, "bounds_mm": [-50.10000038146973, -44.10000038146973, 115.0, -45.89999961853027, -39.89999961853027, 115.50724157936342]}]}
BODY_SPLIT_MOTION -60 -20 0
BODY_SPLIT_MOTION -60 -15 0
BODY_SPLIT_MOTION -60 -10 0
BODY_SPLIT_MOTION -60 -5 0
BODY_SPLIT_MOTION -60 0 0
BODY_SPLIT_MOTION -60 5 0
BODY_SPLIT_MOTION -60 10 0
BODY_SPLIT_MOTION -60 15 0
BODY_SPLIT_MOTION -60 20 0
BODY_SPLIT_MOTION -60 25 0
BODY_SPLIT_MOTION -50 -20 0
BODY_SPLIT_MOTION -50 -15 0
BODY_SPLIT_MOTION -50 -10 0
BODY_SPLIT_MOTION -50 -5 0
BODY_SPLIT_MOTION -50 0 0
BODY_SPLIT_MOTION -50 5 0
BODY_SPLIT_MOTION -50 10 0
BODY_SPLIT_MOTION -50 15 0
BODY_SPLIT_MOTION -50 20 0
BODY_SPLIT_MOTION -50 25 0
BODY_SPLIT_MOTION -40 -20 0
BODY_SPLIT_MOTION -40 -15 0
BODY_SPLIT_MOTION -40 -10 0
BODY_SPLIT_MOTION -40 -5 0
BODY_SPLIT_MOTION -40 0 0
BODY_SPLIT_MOTION -40 5 0
BODY_SPLIT_MOTION -40 10 0
BODY_SPLIT_MOTION -40 15 0
BODY_SPLIT_MOTION -40 20 0
BODY_SPLIT_MOTION -40 25 0
BODY_SPLIT_MOTION -30 -20 0
BODY_SPLIT_MOTION -30 -15 0
BODY_SPLIT_MOTION -30 -10 0
BODY_SPLIT_MOTION -30 -5 0
BODY_SPLIT_MOTION -30 0 0
BODY_SPLIT_MOTION -30 5 0
BODY_SPLIT_MOTION -30 10 0
BODY_SPLIT_MOTION -30 15 0
BODY_SPLIT_MOTION -30 20 0
BODY_SPLIT_MOTION -30 25 0
BODY_SPLIT_MOTION -20 -20 0
BODY_SPLIT_MOTION -20 -15 0
BODY_SPLIT_MOTION -20 -10 0
BODY_SPLIT_MOTION -20 -5 0
BODY_SPLIT_MOTION -20 0 0
BODY_SPLIT_MOTION -20 5 0
BODY_SPLIT_MOTION -20 10 0
BODY_SPLIT_MOTION -20 15 0
BODY_SPLIT_MOTION -20 20 0
BODY_SPLIT_MOTION -20 25 0
BODY_SPLIT_MOTION -10 -20 0
BODY_SPLIT_MOTION -10 -15 0
BODY_SPLIT_MOTION -10 -10 0
BODY_SPLIT_MOTION -10 -5 0
BODY_SPLIT_MOTION -10 0 0
BODY_SPLIT_MOTION -10 5 0
BODY_SPLIT_MOTION -10 10 0
BODY_SPLIT_MOTION -10 15 0
BODY_SPLIT_MOTION -10 20 0
BODY_SPLIT_MOTION -10 25 0
BODY_SPLIT_MOTION 0 -20 0
BODY_SPLIT_MOTION 0 -15 0
BODY_SPLIT_MOTION 0 -10 0
BODY_SPLIT_MOTION 0 -5 0
BODY_SPLIT_MOTION 0 0 0
BODY_SPLIT_MOTION 0 5 0
BODY_SPLIT_MOTION 0 10 0
BODY_SPLIT_MOTION 0 15 0
BODY_SPLIT_MOTION 0 20 0
BODY_SPLIT_MOTION 0 25 0
BODY_SPLIT_MOTION 10 -20 0
BODY_SPLIT_MOTION 10 -15 0
BODY_SPLIT_MOTION 10 -10 0
BODY_SPLIT_MOTION 10 -5 0
BODY_SPLIT_MOTION 10 0 0
BODY_SPLIT_MOTION 10 5 0
BODY_SPLIT_MOTION 10 10 0
BODY_SPLIT_MOTION 10 15 0
BODY_SPLIT_MOTION 10 20 0
BODY_SPLIT_MOTION 10 25 0
BODY_SPLIT_MOTION 20 -20 0
BODY_SPLIT_MOTION 20 -15 0
BODY_SPLIT_MOTION 20 -10 0
BODY_SPLIT_MOTION 20 -5 0
BODY_SPLIT_MOTION 20 0 0
BODY_SPLIT_MOTION 20 5 0
BODY_SPLIT_MOTION 20 10 0
BODY_SPLIT_MOTION 20 15 0
BODY_SPLIT_MOTION 20 20 0
BODY_SPLIT_MOTION 20 25 0
BODY_SPLIT_MOTION 30 -20 0
BODY_SPLIT_MOTION 30 -15 0
BODY_SPLIT_MOTION 30 -10 0
BODY_SPLIT_MOTION 30 -5 0
BODY_SPLIT_MOTION 30 0 0
BODY_SPLIT_MOTION 30 5 0
BODY_SPLIT_MOTION 30 10 0
BODY_SPLIT_MOTION 30 15 0
BODY_SPLIT_MOTION 30 20 0
BODY_SPLIT_MOTION 30 25 0
BODY_SPLIT_MOTION 40 -20 0
BODY_SPLIT_MOTION 40 -15 0
BODY_SPLIT_MOTION 40 -10 0
BODY_SPLIT_MOTION 40 -5 0
BODY_SPLIT_MOTION 40 0 0
BODY_SPLIT_MOTION 40 5 0
BODY_SPLIT_MOTION 40 10 0
BODY_SPLIT_MOTION 40 15 0
BODY_SPLIT_MOTION 40 20 0
BODY_SPLIT_MOTION 40 25 0
BODY_SPLIT_MOTION 50 -20 0
BODY_SPLIT_MOTION 50 -15 0
BODY_SPLIT_MOTION 50 -10 0
BODY_SPLIT_MOTION 50 -5 0
BODY_SPLIT_MOTION 50 0 0
BODY_SPLIT_MOTION 50 5 0
BODY_SPLIT_MOTION 50 10 0
BODY_SPLIT_MOTION 50 15 0
BODY_SPLIT_MOTION 50 20 0
BODY_SPLIT_MOTION 50 25 0
BODY_SPLIT_MOTION 60 -20 0
BODY_SPLIT_MOTION 60 -15 0
BODY_SPLIT_MOTION 60 -10 0
BODY_SPLIT_MOTION 60 -5 0
BODY_SPLIT_MOTION 60 0 0
BODY_SPLIT_MOTION 60 5 0
BODY_SPLIT_MOTION 60 10 0
BODY_SPLIT_MOTION 60 15 0
BODY_SPLIT_MOTION 60 20 0
BODY_SPLIT_MOTION 60 25 0
BODY_FRONT_REAR_SPLIT_DONE BLOCKED 13.046902179718018
Blender 5.2.2 LTS (hash d13f752e3b9c built 2026-09-15 01:49:19)

Blender quit
