PASS 0.3 exact unique member set
PASS 0.3 complete ZIP CRC
PASS 0.3 firmware/CMakeLists.txt
PASS 0.3 firmware/components/mori_core/CMakeLists.txt
PASS 0.3 firmware/components/mori_core/include/mori_core.h
PASS 0.3 firmware/components/mori_core/mori_core.c
PASS 0.3 firmware/dependencies.lock
PASS 0.3 firmware/main/CMakeLists.txt
PASS 0.3 firmware/main/Kconfig.projbuild
PASS 0.3 firmware/main/board.h
PASS 0.3 firmware/main/display.c
PASS 0.3 firmware/main/encoders.c
PASS 0.3 firmware/main/idf_component.yml
PASS 0.3 firmware/main/main.c
PASS 0.3 firmware/main/motor.c
PASS 0.3 firmware/main/peripherals.h
PASS 0.3 firmware/main/sensors.c
PASS 0.3 firmware/sdkconfig
PASS 0.3 firmware/sdkconfig.defaults
PASS 0.3 pinmap.csv
PASS 0.3 tests/run_host_tests.sh
PASS 0.3 tests/test_core.c
PASS 0.3 wiring.csv
PASS 0.4 exact unique member set
PASS 0.4 complete ZIP CRC
PASS 0.4 firmware/CMakeLists.txt
PASS 0.4 firmware/README.md
PASS 0.4 firmware/components/mori_core/CMakeLists.txt
PASS 0.4 firmware/components/mori_core/include/mori_core.h
PASS 0.4 firmware/components/mori_core/mori_core.c
PASS 0.4 firmware/dependencies.lock
PASS 0.4 firmware/main/CMakeLists.txt
PASS 0.4 firmware/main/Kconfig.projbuild
PASS 0.4 firmware/main/board.h
PASS 0.4 firmware/main/display.c
PASS 0.4 firmware/main/encoders.c
PASS 0.4 firmware/main/idf_component.yml
PASS 0.4 firmware/main/main.c
PASS 0.4 firmware/main/motor.c
PASS 0.4 firmware/main/peripherals.h
PASS 0.4 firmware/main/sensors.c
PASS 0.4 firmware/sdkconfig
PASS 0.4 firmware/sdkconfig.defaults
PASS 0.4 pinmap.csv
PASS 0.4 tests/physical_test_record.csv
PASS 0.4 tests/run_host_tests.sh
PASS 0.4 tests/test_core.c
PASS 0.4 wiring.csv
48/48 immutable archive checks (member set, CRC, hashes); current firmware/build/hardware NOT_TESTED by this check
