./src/common/stdpbase.cpp(59): assert ""traits"" failed in Get(): create wxApp before calling this
motion ADC: aligned corridor within unchanged C9/R14 pad lands; remove S jog without disturbing same-net via clearance ACCEPTED opens 0
10:43:58 PM: Debug: Adding duplicate image handler for 'PNG file'
10:43:58 PM: Debug: Adding duplicate image handler for 'JPEG file'
10:43:58 PM: Debug: Adding duplicate image handler for 'TIFF file'
10:43:58 PM: Debug: Adding duplicate image handler for 'GIF file'
10:43:58 PM: Debug: Adding duplicate image handler for 'PNM file'
10:43:58 PM: Debug: Adding duplicate image handler for 'PCX file'
10:43:58 PM: Debug: Adding duplicate image handler for 'IFF file'
10:43:58 PM: Debug: Adding duplicate image handler for 'Windows icon file'
10:43:58 PM: Debug: Adding duplicate image handler for 'Windows cursor file'
10:43:58 PM: Debug: Adding duplicate image handler for 'Windows animated cursor file'
10:43:58 PM: Debug: Adding duplicate image handler for 'TGA file'
10:43:58 PM: Debug: Adding duplicate image handler for 'XPM file'
motion C7 move 0.1 mm upward: clear its ground pad and straighten downstream 3V3 corridor {'courtyards_overlap': 1} opens 0
10:44:00 PM: Debug: Adding duplicate image handler for 'PNG file'
10:44:00 PM: Debug: Adding duplicate image handler for 'JPEG file'
10:44:00 PM: Debug: Adding duplicate image handler for 'TIFF file'
10:44:00 PM: Debug: Adding duplicate image handler for 'GIF file'
10:44:00 PM: Debug: Adding duplicate image handler for 'PNM file'
10:44:00 PM: Debug: Adding duplicate image handler for 'PCX file'
10:44:00 PM: Debug: Adding duplicate image handler for 'IFF file'
10:44:00 PM: Debug: Adding duplicate image handler for 'Windows icon file'
10:44:00 PM: Debug: Adding duplicate image handler for 'Windows cursor file'
10:44:00 PM: Debug: Adding duplicate image handler for 'Windows animated cursor file'
10:44:00 PM: Debug: Adding duplicate image handler for 'TGA file'
10:44:00 PM: Debug: Adding duplicate image handler for 'XPM file'
