./src/common/stdpbase.cpp(59): assert ""traits"" failed in Get(): create wxApp before calling this
motion C9 align by 0.055 mm: one continuous ADC corridor and outward header entry; remove entire S jog {'clearance': 1} opens 0
10:41:12 PM: Debug: Adding duplicate image handler for 'PNG file'
10:41:12 PM: Debug: Adding duplicate image handler for 'JPEG file'
10:41:12 PM: Debug: Adding duplicate image handler for 'TIFF file'
10:41:12 PM: Debug: Adding duplicate image handler for 'GIF file'
10:41:12 PM: Debug: Adding duplicate image handler for 'PNM file'
10:41:12 PM: Debug: Adding duplicate image handler for 'PCX file'
10:41:12 PM: Debug: Adding duplicate image handler for 'IFF file'
10:41:12 PM: Debug: Adding duplicate image handler for 'Windows icon file'
10:41:12 PM: Debug: Adding duplicate image handler for 'Windows cursor file'
10:41:12 PM: Debug: Adding duplicate image handler for 'Windows animated cursor file'
10:41:12 PM: Debug: Adding duplicate image handler for 'TGA file'
10:41:12 PM: Debug: Adding duplicate image handler for 'XPM file'
motion R13 rotate and translate left: outward T branch for CS, clear diagonal CLR on opposite face, reconnect 3V3 via ACCEPTED opens 0
10:41:14 PM: Debug: Adding duplicate image handler for 'PNG file'
10:41:14 PM: Debug: Adding duplicate image handler for 'JPEG file'
10:41:14 PM: Debug: Adding duplicate image handler for 'TIFF file'
10:41:14 PM: Debug: Adding duplicate image handler for 'GIF file'
10:41:14 PM: Debug: Adding duplicate image handler for 'PNM file'
10:41:14 PM: Debug: Adding duplicate image handler for 'PCX file'
10:41:14 PM: Debug: Adding duplicate image handler for 'IFF file'
10:41:14 PM: Debug: Adding duplicate image handler for 'Windows icon file'
10:41:14 PM: Debug: Adding duplicate image handler for 'Windows cursor file'
10:41:14 PM: Debug: Adding duplicate image handler for 'Windows animated cursor file'
10:41:14 PM: Debug: Adding duplicate image handler for 'TGA file'
10:41:14 PM: Debug: Adding duplicate image handler for 'XPM file'
motion C7 onward rail: continuous 12.7 mm corridor above R9; remove 0.1 mm raise/lower kink while retaining own-pad outward exit {'clearance': 1} opens 0
10:41:15 PM: Debug: Adding duplicate image handler for 'PNG file'
10:41:15 PM: Debug: Adding duplicate image handler for 'JPEG file'
10:41:15 PM: Debug: Adding duplicate image handler for 'TIFF file'
10:41:15 PM: Debug: Adding duplicate image handler for 'GIF file'
10:41:15 PM: Debug: Adding duplicate image handler for 'PNM file'
10:41:15 PM: Debug: Adding duplicate image handler for 'PCX file'
10:41:15 PM: Debug: Adding duplicate image handler for 'IFF file'
10:41:15 PM: Debug: Adding duplicate image handler for 'Windows icon file'
10:41:15 PM: Debug: Adding duplicate image handler for 'Windows cursor file'
10:41:15 PM: Debug: Adding duplicate image handler for 'Windows animated cursor file'
10:41:15 PM: Debug: Adding duplicate image handler for 'TGA file'
10:41:15 PM: Debug: Adding duplicate image handler for 'XPM file'
