./src/common/stdpbase.cpp(59): assert ""traits"" failed in Get(): create wxApp before calling this
motion R13 placement trial: bring pull-up onto CS corridor to remove small roof-shaped detour {'items_not_allowed': 2, 'shorting_items': 1, 'clearance': 4, 'hole_clearance': 1, 'solder_mask_bridge': 1, 'via_dangling': 1} opens 1
10:30:12 PM: Debug: Adding duplicate image handler for 'PNG file'
10:30:12 PM: Debug: Adding duplicate image handler for 'JPEG file'
10:30:12 PM: Debug: Adding duplicate image handler for 'TIFF file'
10:30:12 PM: Debug: Adding duplicate image handler for 'GIF file'
10:30:12 PM: Debug: Adding duplicate image handler for 'PNM file'
10:30:12 PM: Debug: Adding duplicate image handler for 'PCX file'
10:30:12 PM: Debug: Adding duplicate image handler for 'IFF file'
10:30:12 PM: Debug: Adding duplicate image handler for 'Windows icon file'
10:30:12 PM: Debug: Adding duplicate image handler for 'Windows cursor file'
10:30:12 PM: Debug: Adding duplicate image handler for 'Windows animated cursor file'
10:30:12 PM: Debug: Adding duplicate image handler for 'TGA file'
10:30:12 PM: Debug: Adding duplicate image handler for 'XPM file'
motion CAM_3V3: eliminate small raise/lower jog between C7 and J5, preserve local U4 decoupling connection {'items_not_allowed': 3, 'shorting_items': 2, 'solder_mask_bridge': 2} opens 0
10:30:14 PM: Debug: Adding duplicate image handler for 'PNG file'
10:30:14 PM: Debug: Adding duplicate image handler for 'JPEG file'
10:30:14 PM: Debug: Adding duplicate image handler for 'TIFF file'
10:30:14 PM: Debug: Adding duplicate image handler for 'GIF file'
10:30:14 PM: Debug: Adding duplicate image handler for 'PNM file'
10:30:14 PM: Debug: Adding duplicate image handler for 'PCX file'
10:30:14 PM: Debug: Adding duplicate image handler for 'IFF file'
10:30:14 PM: Debug: Adding duplicate image handler for 'Windows icon file'
10:30:14 PM: Debug: Adding duplicate image handler for 'Windows cursor file'
10:30:14 PM: Debug: Adding duplicate image handler for 'Windows animated cursor file'
10:30:14 PM: Debug: Adding duplicate image handler for 'TGA file'
10:30:14 PM: Debug: Adding duplicate image handler for 'XPM file'
