./src/common/stdpbase.cpp(59): assert ""traits"" failed in Get(): create wxApp before calling this
motion R13 rotation and slight translation: CS straight corridor with outward perpendicular pull-up branch {'items_not_allowed': 2, 'via_dangling': 1} opens 1
10:36:55 PM: Debug: Adding duplicate image handler for 'PNG file'
10:36:55 PM: Debug: Adding duplicate image handler for 'JPEG file'
10:36:55 PM: Debug: Adding duplicate image handler for 'TIFF file'
10:36:55 PM: Debug: Adding duplicate image handler for 'GIF file'
10:36:55 PM: Debug: Adding duplicate image handler for 'PNM file'
10:36:55 PM: Debug: Adding duplicate image handler for 'PCX file'
10:36:55 PM: Debug: Adding duplicate image handler for 'IFF file'
10:36:55 PM: Debug: Adding duplicate image handler for 'Windows icon file'
10:36:55 PM: Debug: Adding duplicate image handler for 'Windows cursor file'
10:36:55 PM: Debug: Adding duplicate image handler for 'Windows animated cursor file'
10:36:55 PM: Debug: Adding duplicate image handler for 'TGA file'
10:36:55 PM: Debug: Adding duplicate image handler for 'XPM file'
motion C9 small placement trial: align ADC corridor between header pads, remove S-shaped offset {'clearance': 2, 'courtyards_overlap': 1} opens 0
10:36:57 PM: Debug: Adding duplicate image handler for 'PNG file'
10:36:57 PM: Debug: Adding duplicate image handler for 'JPEG file'
10:36:57 PM: Debug: Adding duplicate image handler for 'TIFF file'
10:36:57 PM: Debug: Adding duplicate image handler for 'GIF file'
10:36:57 PM: Debug: Adding duplicate image handler for 'PNM file'
10:36:57 PM: Debug: Adding duplicate image handler for 'PCX file'
10:36:57 PM: Debug: Adding duplicate image handler for 'IFF file'
10:36:57 PM: Debug: Adding duplicate image handler for 'Windows icon file'
10:36:57 PM: Debug: Adding duplicate image handler for 'Windows cursor file'
10:36:57 PM: Debug: Adding duplicate image handler for 'Windows animated cursor file'
10:36:57 PM: Debug: Adding duplicate image handler for 'TGA file'
10:36:57 PM: Debug: Adding duplicate image handler for 'XPM file'
