./src/common/stdpbase.cpp(59): assert ""traits"" failed in Get(): create wxApp before calling this
motion redundant /IMU_SCK_M Contained redundant segment; existing equal/wider conductor or own pad retained
motion redundant /IMU_CS Contained redundant segment; existing equal/wider conductor or own pad retained
motion redundant /IMU_CS Contained redundant segment; existing equal/wider conductor or own pad retained
motion redundant /CHG_N Contained redundant segment; existing equal/wider conductor or own pad retained
motion redundant /S288_OE_REQ_N Contained redundant segment; existing equal/wider conductor or own pad retained
motion redundant /S288_OE_REQ_N Contained redundant segment; existing equal/wider conductor or own pad retained
motion redundant /CAM_3V3 Contained redundant segment; existing equal/wider conductor or own pad retained
motion redundant /HEAD_OE_N Contained redundant segment; existing equal/wider conductor or own pad retained
motion redundant /IMU_SCK Contained redundant segment; existing equal/wider conductor or own pad retained
motion redundant /FAULT_N Contained redundant segment; existing equal/wider conductor or own pad retained
motion redundant /BAT_ADC Contained redundant segment; existing equal/wider conductor or own pad retained
motion redundant /IMU_MOSI Contained redundant segment; existing equal/wider conductor or own pad retained
motion redundant /IMU_DRDY Contained redundant segment; existing equal/wider conductor or own pad retained
motion redundant /IMU_CS Contained redundant segment; existing equal/wider conductor or own pad retained
motion redundant /+3V3 Contained redundant segment; existing equal/wider conductor or own pad retained
motion redundant /S288_BUS Contained redundant segment; existing equal/wider conductor or own pad retained
motion redundant /S288_BUS Contained redundant segment; existing equal/wider conductor or own pad retained
motion redundant /GND Contained redundant segment; existing equal/wider conductor or own pad retained
motion redundant /GND Contained redundant segment; existing equal/wider conductor or own pad retained
motion redundant /GND Contained redundant segment; existing equal/wider conductor or own pad retained
motion redundant /HEAD_BUS Contained redundant segment; existing equal/wider conductor or own pad retained
motion redundant /LOOP_3V3 Contained redundant segment; existing equal/wider conductor or own pad retained
motion redundant /ARM_FEEDBACK Contained redundant segment; existing equal/wider conductor or own pad retained
motion redundant /IMU_MISO Contained redundant segment; existing equal/wider conductor or own pad retained
motion redundant /NRST Contained redundant segment; existing equal/wider conductor or own pad retained
motion redundant /USER_KEY_N Contained redundant segment; existing equal/wider conductor or own pad retained
motion redundant /ARM_CLK Contained redundant segment; existing equal/wider conductor or own pad retained
motion redundant /CLR_N Contained redundant segment; existing equal/wider conductor or own pad retained
motion redundant accepted 28 rejected 0
