08:12:30 PM: Debug: Adding duplicate image handler for 'PNG file'
08:12:30 PM: Debug: Adding duplicate image handler for 'JPEG file'
08:12:30 PM: Debug: Adding duplicate image handler for 'TIFF file'
08:12:30 PM: Debug: Adding duplicate image handler for 'GIF file'
08:12:30 PM: Debug: Adding duplicate image handler for 'PNM file'
08:12:30 PM: Debug: Adding duplicate image handler for 'PCX file'
08:12:30 PM: Debug: Adding duplicate image handler for 'IFF file'
08:12:30 PM: Debug: Adding duplicate image handler for 'Windows icon file'
08:12:30 PM: Debug: Adding duplicate image handler for 'Windows cursor file'
08:12:30 PM: Debug: Adding duplicate image handler for 'Windows animated cursor file'
08:12:30 PM: Debug: Adding duplicate image handler for 'TGA file'
08:12:30 PM: Debug: Adding duplicate image handler for 'XPM file'
02_placement 5 Counter({'items_not_allowed': 14, 'solder_mask_bridge': 11, 'shorting_items': 10, 'silk_over_copper': 9, 'clearance': 8, 'track_dangling': 5, 'hole_clearance': 3, 'starved_thermal': 2, 'via_dangling': 2, 'tracks_crossing': 1}) opens 14
08:12:33 PM: Debug: Adding duplicate image handler for 'PNG file'
08:12:33 PM: Debug: Adding duplicate image handler for 'JPEG file'
08:12:33 PM: Debug: Adding duplicate image handler for 'TIFF file'
08:12:33 PM: Debug: Adding duplicate image handler for 'GIF file'
08:12:33 PM: Debug: Adding duplicate image handler for 'PNM file'
08:12:33 PM: Debug: Adding duplicate image handler for 'PCX file'
08:12:33 PM: Debug: Adding duplicate image handler for 'IFF file'
08:12:33 PM: Debug: Adding duplicate image handler for 'Windows icon file'
08:12:33 PM: Debug: Adding duplicate image handler for 'Windows cursor file'
08:12:33 PM: Debug: Adding duplicate image handler for 'Windows animated cursor file'
08:12:33 PM: Debug: Adding duplicate image handler for 'TGA file'
08:12:33 PM: Debug: Adding duplicate image handler for 'XPM file'
05_placement_unrouted 5 Counter({'items_not_allowed': 14, 'shorting_items': 10, 'solder_mask_bridge': 10, 'silk_over_copper': 9, 'clearance': 6, 'track_dangling': 4, 'hole_clearance': 3, 'starved_thermal': 2, 'tracks_crossing': 1, 'via_dangling': 1}) opens 21
08:12:35 PM: Debug: Adding duplicate image handler for 'PNG file'
08:12:35 PM: Debug: Adding duplicate image handler for 'JPEG file'
08:12:35 PM: Debug: Adding duplicate image handler for 'TIFF file'
08:12:35 PM: Debug: Adding duplicate image handler for 'GIF file'
08:12:35 PM: Debug: Adding duplicate image handler for 'PNM file'
08:12:35 PM: Debug: Adding duplicate image handler for 'PCX file'
08:12:35 PM: Debug: Adding duplicate image handler for 'IFF file'
08:12:35 PM: Debug: Adding duplicate image handler for 'Windows icon file'
08:12:35 PM: Debug: Adding duplicate image handler for 'Windows cursor file'
08:12:35 PM: Debug: Adding duplicate image handler for 'Windows animated cursor file'
08:12:35 PM: Debug: Adding duplicate image handler for 'TGA file'
08:12:35 PM: Debug: Adding duplicate image handler for 'XPM file'
FINAL_PLACEMENT_ONLY 5 Counter({'track_dangling': 8, 'via_dangling': 3, 'silk_over_copper': 3}) opens 26
FINAL 14 26 ERC 0
