07:59:20 PM: Debug: Adding duplicate image handler for 'PNG file'
07:59:20 PM: Debug: Adding duplicate image handler for 'JPEG file'
07:59:20 PM: Debug: Adding duplicate image handler for 'TIFF file'
07:59:20 PM: Debug: Adding duplicate image handler for 'GIF file'
07:59:20 PM: Debug: Adding duplicate image handler for 'PNM file'
07:59:20 PM: Debug: Adding duplicate image handler for 'PCX file'
07:59:20 PM: Debug: Adding duplicate image handler for 'IFF file'
07:59:20 PM: Debug: Adding duplicate image handler for 'Windows icon file'
07:59:20 PM: Debug: Adding duplicate image handler for 'Windows cursor file'
07:59:20 PM: Debug: Adding duplicate image handler for 'Windows animated cursor file'
07:59:20 PM: Debug: Adding duplicate image handler for 'TGA file'
07:59:20 PM: Debug: Adding duplicate image handler for 'XPM file'
07:59:20 PM: Debug: Adding duplicate image handler for 'PNG file'
07:59:20 PM: Debug: Adding duplicate image handler for 'JPEG file'
07:59:20 PM: Debug: Adding duplicate image handler for 'TIFF file'
07:59:20 PM: Debug: Adding duplicate image handler for 'GIF file'
07:59:20 PM: Debug: Adding duplicate image handler for 'PNM file'
07:59:20 PM: Debug: Adding duplicate image handler for 'PCX file'
07:59:20 PM: Debug: Adding duplicate image handler for 'IFF file'
07:59:20 PM: Debug: Adding duplicate image handler for 'Windows icon file'
07:59:20 PM: Debug: Adding duplicate image handler for 'Windows cursor file'
07:59:20 PM: Debug: Adding duplicate image handler for 'Windows animated cursor file'
07:59:20 PM: Debug: Adding duplicate image handler for 'TGA file'
07:59:20 PM: Debug: Adding duplicate image handler for 'XPM file'
power /BAT_MON BLOCKED islands 3
power /BAT_MON islands 3
07:59:20 PM: Debug: Adding duplicate image handler for 'PNG file'
07:59:20 PM: Debug: Adding duplicate image handler for 'JPEG file'
07:59:20 PM: Debug: Adding duplicate image handler for 'TIFF file'
07:59:20 PM: Debug: Adding duplicate image handler for 'GIF file'
07:59:20 PM: Debug: Adding duplicate image handler for 'PNM file'
07:59:20 PM: Debug: Adding duplicate image handler for 'PCX file'
07:59:20 PM: Debug: Adding duplicate image handler for 'IFF file'
07:59:20 PM: Debug: Adding duplicate image handler for 'Windows icon file'
07:59:20 PM: Debug: Adding duplicate image handler for 'Windows cursor file'
07:59:20 PM: Debug: Adding duplicate image handler for 'Windows animated cursor file'
07:59:20 PM: Debug: Adding duplicate image handler for 'TGA file'
07:59:20 PM: Debug: Adding duplicate image handler for 'XPM file'
power /BAT_MON islands 1
07:59:20 PM: Debug: Adding duplicate image handler for 'PNG file'
07:59:20 PM: Debug: Adding duplicate image handler for 'JPEG file'
07:59:20 PM: Debug: Adding duplicate image handler for 'TIFF file'
07:59:20 PM: Debug: Adding duplicate image handler for 'GIF file'
07:59:20 PM: Debug: Adding duplicate image handler for 'PNM file'
07:59:20 PM: Debug: Adding duplicate image handler for 'PCX file'
07:59:20 PM: Debug: Adding duplicate image handler for 'IFF file'
07:59:20 PM: Debug: Adding duplicate image handler for 'Windows icon file'
07:59:20 PM: Debug: Adding duplicate image handler for 'Windows cursor file'
07:59:20 PM: Debug: Adding duplicate image handler for 'Windows animated cursor file'
07:59:20 PM: Debug: Adding duplicate image handler for 'TGA file'
07:59:20 PM: Debug: Adding duplicate image handler for 'XPM file'
local route /H6_IN segments 12 vias 1 nodes 2444
power /H6_IN islands 1
power /H_PRE BLOCKED islands 3
power /H_PRE islands 3
power /C5_VIN islands 1
local route /+5V_CAM segments 16 vias 2 nodes 8106
power /+5V_CAM islands 1
local route /C5_EN segments 5 vias 0 nodes 200
power /C5_EN islands 1
power /ARM_Q islands 1
local route /BAT_ADC segments 5 vias 1 nodes 117
power /BAT_ADC BLOCKED islands 2
power /BAT_ADC islands 2
local route /WHEEL_ADC segments 4 vias 0 nodes 77
power /WHEEL_ADC BLOCKED islands 2
power /WHEEL_ADC islands 2
03_routes 5 Counter({'track_angle': 10, 'track_dangling': 6, 'silk_over_copper': 4, 'via_dangling': 3, 'starved_thermal': 1}) opens 9
