00:00.614  blend            | Read blend: "/Users/dean/Documents/MORI/mechanical/studies/interface_completion/socket_candidate.blend"
[8.45, 19.5] 0 body [] plug [{'target': 'Load_Frame', 'overlap_mm3': 7.1049999999999836}] sweep [{'target': 'Load_Frame', 'overlap_mm3': 348.14499999999856}]
[8.45, 19.5] 180 body [{'target': 'Body_Upper', 'overlap_mm3': 31.838974395273752}, {'target': 'Power_Switch', 'overlap_mm3': 19.797502077984802}, {'target': 'Rear/SW1/0', 'overlap_mm3': 14.45499999999991}, {'target': 'Rear/SW1/2', 'overlap_mm3': 0.18000000000000213}] plug [{'target': 'Body_Upper', 'overlap_mm3': 62.70146543592555}, {'target': 'Power_Switch', 'overlap_mm3': 35.70499957162851}, {'target': 'Rear/SW1/0', 'overlap_mm3': 34.50999999999991}, {'target': 'Rear/SW1/2', 'overlap_mm3': 0.18000000000000213}] sweep [{'target': 'Body_Upper', 'overlap_mm3': 364.3851836516254}, {'target': 'Power_Switch', 'overlap_mm3': 35.88499957162852}, {'target': 'Rear/SW1/0', 'overlap_mm3': 35.52499999999982}, {'target': 'Rear/SW1/2', 'overlap_mm3': 0.18000000000000213}, {'target': 'Rear/SW1/3', 'overlap_mm3': 0.18000000000000102}]
[8.45, 19.5] 90 body [{'target': 'Power_Switch', 'overlap_mm3': 89.54749948770292}, {'target': 'Rear/SW1/0', 'overlap_mm3': 78.66249999999984}, {'target': 'Rear/SW1/2', 'overlap_mm3': 0.18000000000000213}, {'target': 'Rear/SW1/4', 'overlap_mm3': 0.1800000000000008}, {'target': 'Rear/SW1/6', 'overlap_mm3': 0.1500000000000005}] plug [{'target': 'Power_Switch', 'overlap_mm3': 82.54750042837196}, {'target': 'Rear/SW1/0', 'overlap_mm3': 71.52249999999964}, {'target': 'Rear/SW1/4', 'overlap_mm3': 0.1800000000000008}, {'target': 'Rear/SW1/6', 'overlap_mm3': 0.18000000000000146}] sweep [{'target': 'Body_Upper', 'overlap_mm3': 65.45889060324596}, {'target': 'Load_Frame', 'overlap_mm3': 48.31399999999985}, {'target': 'Power_Switch', 'overlap_mm3': 82.54750042837196}, {'target': 'Rear/J2/0', 'overlap_mm3': 1.2321786778683914}, {'target': 'Rear/SW1/0', 'overlap_mm3': 71.5224999999997}, {'target': 'Rear/SW1/4', 'overlap_mm3': 0.1800000000000008}, {'target': 'Rear/SW1/6', 'overlap_mm3': 0.18000000000000146}]
[8.45, 19.5] 270 body [] plug [] sweep [{'target': 'Load_Frame', 'overlap_mm3': 252.94856419991183}]
[8.45, 18.0] 0 body [{'target': 'Power_Switch', 'overlap_mm3': 0.02699999999999817}] plug [] sweep [{'target': 'Load_Frame', 'overlap_mm3': 305.5149999999993}]
[8.45, 17.5] 0 body [{'target': 'Power_Switch', 'overlap_mm3': 0.2969999999999977}] plug [] sweep [{'target': 'Load_Frame', 'overlap_mm3': 291.3049999999991}]
[8.45, 20] 0 body [] plug [{'target': 'Load_Frame', 'overlap_mm3': 21.315000000000023}] sweep [{'target': 'Load_Frame', 'overlap_mm3': 362.35499999999854}]
[5.5, 18.3] 270 body [] plug [] sweep [{'target': 'Load_Frame', 'overlap_mm3': 334.229298610436}]
[5.5, 18.8] 270 body [] plug [{'target': 'Load_Frame', 'overlap_mm3': 0.21366574652433035}] sweep [{'target': 'Load_Frame', 'overlap_mm3': 334.7998775490382}]
[6, 18.3] 270 body [] plug [] sweep [{'target': 'Load_Frame', 'overlap_mm3': 320.01929861043635}]
[6, 18.8] 270 body [] plug [] sweep [{'target': 'Load_Frame', 'overlap_mm3': 320.58987754903814}]
[6.5, 18.3] 270 body [] plug [] sweep [{'target': 'Load_Frame', 'overlap_mm3': 305.8092986104358}]
[6.5, 18.8] 270 body [] plug [] sweep [{'target': 'Load_Frame', 'overlap_mm3': 306.3798775490378}]
[7, 18.3] 270 body [] plug [] sweep [{'target': 'Load_Frame', 'overlap_mm3': 291.5992986104367}]
[7, 18.8] 270 body [] plug [] sweep [{'target': 'Load_Frame', 'overlap_mm3': 292.169877549038}]
[7.5, 18.3] 270 body [] plug [] sweep [{'target': 'Load_Frame', 'overlap_mm3': 277.38929861043613}]
[7.5, 18.8] 270 body [] plug [] sweep [{'target': 'Load_Frame', 'overlap_mm3': 277.95987754903825}]
[8, 18.3] 270 body [{'target': 'Power_Switch', 'overlap_mm3': 0.015749978362842865}] plug [] sweep [{'target': 'Load_Frame', 'overlap_mm3': 263.17929861043575}]
[8, 18.8] 270 body [] plug [] sweep [{'target': 'Load_Frame', 'overlap_mm3': 263.74987754903805}]
[10.8, 24.0] 90 body [{'target': 'Rear/D1/0', 'overlap_mm3': 1.114130227483723}, {'target': 'Rear/C1/0', 'overlap_mm3': 0.1601806709480407}] plug [{'target': 'Rear/D1/0', 'overlap_mm3': 4.392487854724033}, {'target': 'Rear/C1/0', 'overlap_mm3': 0.9303613418960928}] sweep [{'target': 'Rear/D1/0', 'overlap_mm3': 4.444487854724036}, {'target': 'Rear/C1/0', 'overlap_mm3': 0.9303613418960928}]
[10.8, 24.5] 90 body [{'target': 'Rear/D1/0', 'overlap_mm3': 1.114130227483723}, {'target': 'Rear/C1/0', 'overlap_mm3': 0.1601806709480407}] plug [{'target': 'Rear/D1/0', 'overlap_mm3': 4.392487854724033}, {'target': 'Rear/C1/0', 'overlap_mm3': 0.9303613418960928}] sweep [{'target': 'Rear/D1/0', 'overlap_mm3': 4.444487854724036}, {'target': 'Rear/C1/0', 'overlap_mm3': 0.9303613418960928}]
[10.8, 24.8] 90 body [{'target': 'Rear/D1/0', 'overlap_mm3': 1.114130227483723}, {'target': 'Rear/C1/0', 'overlap_mm3': 0.1601806709480407}] plug [{'target': 'Rear/D1/0', 'overlap_mm3': 4.392487854724029}, {'target': 'Rear/C1/0', 'overlap_mm3': 0.9303613418960928}] sweep [{'target': 'Rear/D1/0', 'overlap_mm3': 4.444487854724034}, {'target': 'Rear/C1/0', 'overlap_mm3': 0.9303613418960928}]
[11.3, 24.0] 90 body [{'target': 'Rear/D1/0', 'overlap_mm3': 0.26883631564015087}] plug [{'target': 'Rear/D1/0', 'overlap_mm3': 3.6649735422559018}, {'target': 'Rear/C1/0', 'overlap_mm3': 0.9303613418960928}] sweep [{'target': 'Rear/D1/0', 'overlap_mm3': 4.444487854724036}, {'target': 'Rear/C1/0', 'overlap_mm3': 0.9303613418960928}]
[11.3, 24.5] 90 body [{'target': 'Rear/D1/0', 'overlap_mm3': 0.26883631564015087}] plug [{'target': 'Rear/D1/0', 'overlap_mm3': 3.6649735422559018}, {'target': 'Rear/C1/0', 'overlap_mm3': 0.9303613418960928}] sweep [{'target': 'Rear/D1/0', 'overlap_mm3': 4.444487854724036}, {'target': 'Rear/C1/0', 'overlap_mm3': 0.9303613418960928}]
[11.3, 24.8] 90 body [{'target': 'Rear/D1/0', 'overlap_mm3': 0.26883631564015087}] plug [{'target': 'Rear/D1/0', 'overlap_mm3': 3.6649735422559018}, {'target': 'Rear/C1/0', 'overlap_mm3': 0.9303613418960928}] sweep [{'target': 'Rear/D1/0', 'overlap_mm3': 4.444487854724034}, {'target': 'Rear/C1/0', 'overlap_mm3': 0.9303613418960928}]
[11.8, 24.0] 90 body [{'target': 'Rear/D1/0', 'overlap_mm3': 0.013000000000000067}] plug [{'target': 'Rear/D1/0', 'overlap_mm3': 2.814692437331832}, {'target': 'Rear/C1/0', 'overlap_mm3': 0.9303613418960928}] sweep [{'target': 'Rear/D1/0', 'overlap_mm3': 4.444487854724036}, {'target': 'Rear/C1/0', 'overlap_mm3': 0.9303613418960928}]
[11.8, 24.5] 90 body [{'target': 'Rear/D1/0', 'overlap_mm3': 0.013000000000000067}] plug [{'target': 'Rear/D1/0', 'overlap_mm3': 2.814692437331832}, {'target': 'Rear/C1/0', 'overlap_mm3': 0.9303613418960928}] sweep [{'target': 'Rear/D1/0', 'overlap_mm3': 4.444487854724036}, {'target': 'Rear/C1/0', 'overlap_mm3': 0.9303613418960928}]
[11.8, 24.8] 90 body [{'target': 'Rear/D1/0', 'overlap_mm3': 0.013000000000000067}] plug [{'target': 'Rear/D1/0', 'overlap_mm3': 2.8146924373318294}, {'target': 'Rear/C1/0', 'overlap_mm3': 0.9303613418960928}] sweep [{'target': 'Rear/D1/0', 'overlap_mm3': 4.444487854724034}, {'target': 'Rear/C1/0', 'overlap_mm3': 0.9303613418960928}]
[12.3, 24.0] 90 body [] plug [{'target': 'Rear/D1/0', 'overlap_mm3': 1.9644113324077863}, {'target': 'Rear/C1/0', 'overlap_mm3': 0.7701806709480489}] sweep [{'target': 'Rear/D1/0', 'overlap_mm3': 4.444487854724036}, {'target': 'Rear/C1/0', 'overlap_mm3': 0.9303613418960928}]
[12.3, 24.5] 90 body [] plug [{'target': 'Rear/D1/0', 'overlap_mm3': 1.9644113324077863}, {'target': 'Rear/C1/0', 'overlap_mm3': 0.7701806709480489}] sweep [{'target': 'Rear/D1/0', 'overlap_mm3': 4.444487854724036}, {'target': 'Rear/C1/0', 'overlap_mm3': 0.9303613418960928}]
[12.3, 24.8] 90 body [] plug [{'target': 'Rear/D1/0', 'overlap_mm3': 1.9644113324077863}, {'target': 'Rear/C1/0', 'overlap_mm3': 0.7701806709480489}] sweep [{'target': 'Rear/D1/0', 'overlap_mm3': 4.444487854724034}, {'target': 'Rear/C1/0', 'overlap_mm3': 0.9303613418960928}]
[12.8, 24.0] 90 body [] plug [{'target': 'Rear/D1/0', 'overlap_mm3': 1.114130227483723}, {'target': 'Rear/C1/0', 'overlap_mm3': 0.1601806709480407}] sweep [{'target': 'Rear/D1/0', 'overlap_mm3': 4.444487854724036}, {'target': 'Rear/C1/0', 'overlap_mm3': 0.9303613418960928}]
[12.8, 24.5] 90 body [] plug [{'target': 'Rear/D1/0', 'overlap_mm3': 1.114130227483723}, {'target': 'Rear/C1/0', 'overlap_mm3': 0.1601806709480407}] sweep [{'target': 'Rear/D1/0', 'overlap_mm3': 4.444487854724036}, {'target': 'Rear/C1/0', 'overlap_mm3': 0.9303613418960928}]
[12.8, 24.8] 90 body [] plug [{'target': 'Rear/D1/0', 'overlap_mm3': 1.114130227483723}, {'target': 'Rear/C1/0', 'overlap_mm3': 0.1601806709480407}] sweep [{'target': 'Rear/D1/0', 'overlap_mm3': 4.444487854724034}, {'target': 'Rear/C1/0', 'overlap_mm3': 0.9303613418960928}]
[13.3, 24.0] 90 body [] plug [{'target': 'Rear/D1/0', 'overlap_mm3': 0.26883631564015087}] sweep [{'target': 'Rear/D1/0', 'overlap_mm3': 4.444487854724036}, {'target': 'Rear/C1/0', 'overlap_mm3': 0.9303613418960928}]
[13.3, 24.5] 90 body [] plug [{'target': 'Rear/D1/0', 'overlap_mm3': 0.26883631564015087}] sweep [{'target': 'Rear/D1/0', 'overlap_mm3': 4.444487854724036}, {'target': 'Rear/C1/0', 'overlap_mm3': 0.9303613418960928}]
[13.3, 24.8] 90 body [] plug [{'target': 'Rear/D1/0', 'overlap_mm3': 0.26883631564015087}] sweep [{'target': 'Rear/D1/0', 'overlap_mm3': 4.444487854724034}, {'target': 'Rear/C1/0', 'overlap_mm3': 0.9303613418960928}]
[13.8, 24.0] 90 body [] plug [{'target': 'Rear/D1/0', 'overlap_mm3': 0.013000000000000067}] sweep [{'target': 'Rear/D1/0', 'overlap_mm3': 4.444487854724036}, {'target': 'Rear/C1/0', 'overlap_mm3': 0.9303613418960928}]
[13.8, 24.5] 90 body [] plug [{'target': 'Rear/D1/0', 'overlap_mm3': 0.013000000000000067}] sweep [{'target': 'Rear/D1/0', 'overlap_mm3': 4.444487854724036}, {'target': 'Rear/C1/0', 'overlap_mm3': 0.9303613418960928}]
[13.8, 24.8] 90 body [] plug [{'target': 'Rear/D1/0', 'overlap_mm3': 0.013000000000000067}] sweep [{'target': 'Rear/D1/0', 'overlap_mm3': 4.444487854724034}, {'target': 'Rear/C1/0', 'overlap_mm3': 0.9303613418960928}]
[14.3, 24.0] 90 body [] plug [] sweep [{'target': 'Rear/D1/0', 'overlap_mm3': 4.444487854724036}, {'target': 'Rear/C1/0', 'overlap_mm3': 0.9303613418960928}]
[14.3, 24.5] 90 body [] plug [] sweep [{'target': 'Rear/D1/0', 'overlap_mm3': 4.444487854724036}, {'target': 'Rear/C1/0', 'overlap_mm3': 0.9303613418960928}]
[14.3, 24.8] 90 body [] plug [] sweep [{'target': 'Rear/D1/0', 'overlap_mm3': 4.444487854724034}, {'target': 'Rear/C1/0', 'overlap_mm3': 0.9303613418960928}]
[8.45, 19.5] 0 body [] plug [] sweep []
[8.45, 20] 0 body [] plug [] sweep []
[8.45, 21] 0 body [] plug [] sweep []
[8.45, 22] 0 body [] plug [] sweep []
[14.45, 21.2] 180 body [] plug [] sweep []
Blender 5.2.2 LTS (hash d13f752e3b9c built 2026-09-15 01:49:19)

Blender quit
