11:03:49 PM: Debug: Adding duplicate image handler for 'PNG file'
11:03:49 PM: Debug: Adding duplicate image handler for 'JPEG file'
11:03:49 PM: Debug: Adding duplicate image handler for 'TIFF file'
11:03:49 PM: Debug: Adding duplicate image handler for 'GIF file'
11:03:49 PM: Debug: Adding duplicate image handler for 'PNM file'
11:03:49 PM: Debug: Adding duplicate image handler for 'PCX file'
11:03:49 PM: Debug: Adding duplicate image handler for 'IFF file'
11:03:49 PM: Debug: Adding duplicate image handler for 'Windows icon file'
11:03:49 PM: Debug: Adding duplicate image handler for 'Windows cursor file'
11:03:49 PM: Debug: Adding duplicate image handler for 'Windows animated cursor file'
11:03:49 PM: Debug: Adding duplicate image handler for 'TGA file'
11:03:49 PM: Debug: Adding duplicate image handler for 'XPM file'
/ARM_FEEDBACK 9282 [{'layer': 'B.Cu', 'points': [(33, 15.325), (33.0, 27.43), (30.23, 30.2)]}] vias []
/NRST 14822 [{'layer': 'B.Cu', 'points': [(30, 22.4), (30.0, 23.400000000000002), (30.4, 23.8)]}, {'layer': 'F.Cu', 'points': [(30.4, 23.8), (30.4, 24.099999999999994), (33.2, 26.9)]}] vias [(30.4, 23.8)]
/CLR_N 57707 [{'layer': 'B.Cu', 'points': [(31.496, 17.779999), (31.496, 16.504), (31.7, 16.3)]}, {'layer': 'F.Cu', 'points': [(31.7, 16.3), (48.0, 16.3), (48.0, 27.9), (48.2, 28.1), (48.5, 28.1)]}] vias [(31.7, 16.3)]
/IMU_SCK 122306 [{'layer': 'B.Cu', 'points': [(27.325, 27), (27.3, 27.0), (27.3, 25.7)]}, {'layer': 'F.Cu', 'points': [(27.3, 25.7), (28.6, 24.4), (29.2, 24.4), (33.400000000000006, 28.6), (39.2, 28.6), (39.2, 24.9)]}, {'layer': 'B.Cu', 'points': [(39.2, 24.9), (39.2, 24.604798999999996), (41.147999, 22.6568)]}] vias [(27.3, 25.7), (39.2, 24.9)]
/IMU_MOSI 131264 [{'layer': 'B.Cu', 'points': [(29.5, 26.175), (29.775, 26.175), (30.7, 27.1)]}, {'layer': 'F.Cu', 'points': [(30.7, 27.1), (31.3, 27.1), (33.5, 29.3), (33.9, 29.3), (34.0, 29.4)]}, {'layer': 'B.Cu', 'points': [(34.0, 29.4), (34.8, 28.6), (40.8, 28.6)]}, {'layer': 'F.Cu', 'points': [(40.8, 28.6), (46.228, 23.171999999999997), (46.228, 21.843999)]}] vias [(30.7, 27.1), (34.0, 29.4), (40.8, 28.6)]
/IMU_CS 149488 [{'layer': 'B.Cu', 'points': [(23.5, 26.175), (23.5, 24.3), (25.3, 24.3)]}, {'layer': 'F.Cu', 'points': [(25.3, 24.3), (25.3, 22.799999999999997), (28.7, 19.4)]}, {'layer': 'B.Cu', 'points': [(28.7, 19.4), (28.7, 17.3)]}, {'layer': 'F.Cu', 'points': [(28.7, 17.3), (30.5, 15.5), (38.4, 15.5)]}, {'layer': 'B.Cu', 'points': [(38.4, 15.5), (44.236, 21.336), (45.5, 21.336)]}] vias [(25.3, 24.3), (28.7, 19.4), (28.7, 17.3), (38.4, 15.5)]
/USER_KEY_N 11756 [{'layer': 'F.Cu', 'points': [(30.581599, 28.1432), (31.5, 29.061601), (31.5, 33.5)]}, {'layer': 'B.Cu', 'points': [(31.5, 33.5), (31.9, 33.9), (41.6, 33.9), (41.6, 29.113599999999998), (42.5704, 28.1432)]}] vias [(31.5, 33.5)]
drc 5 发现 24 条违规项
发现 1 个未连接的项目
发现 0 个原理图一致性问题
保存 DRC 报告到 /Users/dean/Documents/MORI/hardware/v1_2/reviews/weact_E_J3_20260930/reports/motion/routed/drc.json
 Fontconfig error: Cannot load default config file: File not found

erc 0 发现 0 条违规项
已将 ERC 报告保存到文件 /Users/dean/Documents/MORI/hardware/v1_2/reviews/weact_E_J3_20260930/reports/motion/routed/erc.json
 Fontconfig error: Cannot load default config file: File not found

