01:20:11 AM: Debug: Adding duplicate image handler for 'PNG file'
01:20:11 AM: Debug: Adding duplicate image handler for 'JPEG file'
01:20:11 AM: Debug: Adding duplicate image handler for 'TIFF file'
01:20:11 AM: Debug: Adding duplicate image handler for 'GIF file'
01:20:11 AM: Debug: Adding duplicate image handler for 'PNM file'
01:20:11 AM: Debug: Adding duplicate image handler for 'PCX file'
01:20:11 AM: Debug: Adding duplicate image handler for 'IFF file'
01:20:11 AM: Debug: Adding duplicate image handler for 'Windows icon file'
01:20:11 AM: Debug: Adding duplicate image handler for 'Windows cursor file'
01:20:11 AM: Debug: Adding duplicate image handler for 'Windows animated cursor file'
01:20:11 AM: Debug: Adding duplicate image handler for 'TGA file'
01:20:11 AM: Debug: Adding duplicate image handler for 'XPM file'
01:20:11 AM: Debug: Adding duplicate image handler for 'PNG file'
01:20:11 AM: Debug: Adding duplicate image handler for 'JPEG file'
01:20:11 AM: Debug: Adding duplicate image handler for 'TIFF file'
01:20:11 AM: Debug: Adding duplicate image handler for 'GIF file'
01:20:11 AM: Debug: Adding duplicate image handler for 'PNM file'
01:20:11 AM: Debug: Adding duplicate image handler for 'PCX file'
01:20:11 AM: Debug: Adding duplicate image handler for 'IFF file'
01:20:11 AM: Debug: Adding duplicate image handler for 'Windows icon file'
01:20:11 AM: Debug: Adding duplicate image handler for 'Windows cursor file'
01:20:11 AM: Debug: Adding duplicate image handler for 'Windows animated cursor file'
01:20:11 AM: Debug: Adding duplicate image handler for 'TGA file'
01:20:11 AM: Debug: Adding duplicate image handler for 'XPM file'
01:20:11 AM: Debug: Adding duplicate image handler for 'PNG file'
01:20:11 AM: Debug: Adding duplicate image handler for 'JPEG file'
01:20:11 AM: Debug: Adding duplicate image handler for 'TIFF file'
01:20:11 AM: Debug: Adding duplicate image handler for 'GIF file'
01:20:11 AM: Debug: Adding duplicate image handler for 'PNM file'
01:20:11 AM: Debug: Adding duplicate image handler for 'PCX file'
01:20:11 AM: Debug: Adding duplicate image handler for 'IFF file'
01:20:11 AM: Debug: Adding duplicate image handler for 'Windows icon file'
01:20:11 AM: Debug: Adding duplicate image handler for 'Windows cursor file'
01:20:11 AM: Debug: Adding duplicate image handler for 'Windows animated cursor file'
01:20:11 AM: Debug: Adding duplicate image handler for 'TGA file'
01:20:11 AM: Debug: Adding duplicate image handler for 'XPM file'
01:20:11 AM: Debug: Adding duplicate image handler for 'PNG file'
01:20:11 AM: Debug: Adding duplicate image handler for 'JPEG file'
01:20:11 AM: Debug: Adding duplicate image handler for 'TIFF file'
01:20:11 AM: Debug: Adding duplicate image handler for 'GIF file'
01:20:11 AM: Debug: Adding duplicate image handler for 'PNM file'
01:20:11 AM: Debug: Adding duplicate image handler for 'PCX file'
01:20:11 AM: Debug: Adding duplicate image handler for 'IFF file'
01:20:11 AM: Debug: Adding duplicate image handler for 'Windows icon file'
01:20:11 AM: Debug: Adding duplicate image handler for 'Windows cursor file'
01:20:11 AM: Debug: Adding duplicate image handler for 'Windows animated cursor file'
01:20:11 AM: Debug: Adding duplicate image handler for 'TGA file'
01:20:11 AM: Debug: Adding duplicate image handler for 'XPM file'
{"status": "PASS", "errors": [], "native_input_hashes_checked": 78, "pinmap_rows": 71, "numbered_harness_rows": 63, "native_harness_endpoints_checked": 91, "connector_pin_rows_checked": 126}
