00:00.293  blend            | Read blend: "/Users/dean/Documents/MORI/mechanical/mori_v1_2.blend"
INNER_TAIL 0 PASS 3.0 1.0 -33.0 [] {'status': 'PASS', 'hits': []}
INNER_TAIL 1 PASS 3.0 1.0 -34.0 [] {'status': 'PASS', 'hits': []}
INNER_TAIL 2 PASS 3.0 1.0 -35.0 [] {'status': 'PASS', 'hits': []}
INNER_TAIL 3 PASS 3.0 2.0 -33.0 [] {'status': 'PASS', 'hits': []}
INNER_TAIL 4 PASS 3.0 2.0 -34.0 [] {'status': 'PASS', 'hits': []}
INNER_TAIL 5 PASS 3.0 2.0 -35.0 [] {'status': 'PASS', 'hits': []}
INNER_TAIL 6 PASS 3.0 3.0 -33.0 [] {'status': 'PASS', 'hits': []}
INNER_TAIL 7 PASS 3.0 3.0 -34.0 [] {'status': 'PASS', 'hits': []}
INNER_TAIL 8 PASS 3.0 3.0 -35.0 [] {'status': 'PASS', 'hits': []}
INNER_TAIL 9 PASS 3.0 4.0 -33.0 [] {'status': 'PASS', 'hits': []}
INNER_TAIL 10 PASS 3.0 4.0 -34.0 [] {'status': 'PASS', 'hits': []}
INNER_TAIL 11 PASS 3.0 4.0 -35.0 [] {'status': 'PASS', 'hits': []}
INNER_TAIL 12 PASS 4.0 1.0 -33.0 [] {'status': 'PASS', 'hits': []}
INNER_TAIL 13 PASS 4.0 1.0 -34.0 [] {'status': 'PASS', 'hits': []}
INNER_TAIL 14 PASS 4.0 1.0 -35.0 [] {'status': 'PASS', 'hits': []}
INNER_TAIL 15 PASS 4.0 2.0 -33.0 [] {'status': 'PASS', 'hits': []}
INNER_TAIL 16 PASS 4.0 2.0 -34.0 [] {'status': 'PASS', 'hits': []}
INNER_TAIL 17 PASS 4.0 2.0 -35.0 [] {'status': 'PASS', 'hits': []}
INNER_TAIL 18 PASS 4.0 3.0 -33.0 [] {'status': 'PASS', 'hits': []}
INNER_TAIL 19 PASS 4.0 3.0 -34.0 [] {'status': 'PASS', 'hits': []}
INNER_TAIL 20 PASS 4.0 3.0 -35.0 [] {'status': 'PASS', 'hits': []}
INNER_TAIL 21 PASS 4.0 4.0 -33.0 [] {'status': 'PASS', 'hits': []}
INNER_TAIL 22 PASS 4.0 4.0 -34.0 [] {'status': 'PASS', 'hits': []}
INNER_TAIL 23 PASS 4.0 4.0 -35.0 [] {'status': 'PASS', 'hits': []}
INNER_TAIL 24 PASS 5.0 1.0 -33.0 [] {'status': 'PASS', 'hits': []}
INNER_TAIL 25 PASS 5.0 1.0 -34.0 [] {'status': 'PASS', 'hits': []}
INNER_TAIL 26 PASS 5.0 1.0 -35.0 [] {'status': 'PASS', 'hits': []}
INNER_TAIL 27 PASS 5.0 2.0 -33.0 [] {'status': 'PASS', 'hits': []}
INNER_TAIL 28 PASS 5.0 2.0 -34.0 [] {'status': 'PASS', 'hits': []}
INNER_TAIL 29 PASS 5.0 2.0 -35.0 [] {'status': 'PASS', 'hits': []}
INNER_TAIL 30 PASS 5.0 3.0 -33.0 [] {'status': 'PASS', 'hits': []}
INNER_TAIL 31 PASS 5.0 3.0 -34.0 [] {'status': 'PASS', 'hits': []}
INNER_TAIL 32 PASS 5.0 3.0 -35.0 [] {'status': 'PASS', 'hits': []}
INNER_TAIL 33 PASS 5.0 4.0 -33.0 [] {'status': 'PASS', 'hits': []}
INNER_TAIL 34 PASS 5.0 4.0 -34.0 [] {'status': 'PASS', 'hits': []}
INNER_TAIL 35 PASS 5.0 4.0 -35.0 [] {'status': 'PASS', 'hits': []}
INNER_TAIL_DONE PASS [0, 1, 2, 3, 4, 5, 6, 7, 8, 9, 10, 11, 12, 13, 14, 15, 16, 17, 18, 19, 20, 21, 22, 23, 24, 25, 26, 27, 28, 29, 30, 31, 32, 33, 34, 35]
Blender 5.2.2 LTS (hash d13f752e3b9c built 2026-09-15 01:49:19)

Blender quit
