00:00.472  blend            | Read blend: "/Users/dean/Documents/MORI/mechanical/mori_v1_2.blend"
TAIL_RIBBON 0 BLOCKED 3.0 1.0 -38.0 ['Pitch_Yoke'] {'status': 'NOT_TESTED'}
TAIL_RIBBON 1 BLOCKED 3.0 1.0 -40.0 ['Pitch_Yoke'] {'status': 'NOT_TESTED'}
TAIL_RIBBON 2 BLOCKED 3.0 1.0 -42.0 ['Pitch_Yoke', 'Pitch_Cradle'] {'status': 'NOT_TESTED'}
TAIL_RIBBON 3 BLOCKED 3.0 1.0 -44.0 ['Pitch_Cradle'] {'status': 'NOT_TESTED'}
TAIL_RIBBON 4 BLOCKED 3.0 2.0 -38.0 ['Pitch_Yoke'] {'status': 'NOT_TESTED'}
TAIL_RIBBON 5 BLOCKED 3.0 2.0 -40.0 ['Pitch_Yoke'] {'status': 'NOT_TESTED'}
TAIL_RIBBON 6 BLOCKED 3.0 2.0 -42.0 ['Pitch_Yoke', 'Pitch_Cradle'] {'status': 'NOT_TESTED'}
TAIL_RIBBON 7 BLOCKED 3.0 2.0 -44.0 ['Pitch_Cradle'] {'status': 'NOT_TESTED'}
TAIL_RIBBON 8 BLOCKED 3.0 3.0 -38.0 ['Pitch_Yoke'] {'status': 'NOT_TESTED'}
TAIL_RIBBON 9 BLOCKED 3.0 3.0 -40.0 ['Pitch_Yoke'] {'status': 'NOT_TESTED'}
TAIL_RIBBON 10 BLOCKED 3.0 3.0 -42.0 ['Pitch_Yoke', 'Pitch_Cradle'] {'status': 'NOT_TESTED'}
TAIL_RIBBON 11 BLOCKED 3.0 3.0 -44.0 ['Pitch_Yoke', 'Pitch_Cradle'] {'status': 'NOT_TESTED'}
TAIL_RIBBON 12 BLOCKED 3.0 4.0 -38.0 ['Pitch_Yoke'] {'status': 'NOT_TESTED'}
TAIL_RIBBON 13 BLOCKED 3.0 4.0 -40.0 ['Pitch_Yoke'] {'status': 'NOT_TESTED'}
TAIL_RIBBON 14 BLOCKED 3.0 4.0 -42.0 ['Pitch_Yoke', 'Pitch_Cradle'] {'status': 'NOT_TESTED'}
TAIL_RIBBON 15 BLOCKED 3.0 4.0 -44.0 ['Pitch_Yoke', 'Pitch_Cradle'] {'status': 'NOT_TESTED'}
TAIL_RIBBON 16 BLOCKED 4.0 1.0 -38.0 ['Pitch_Yoke'] {'status': 'NOT_TESTED'}
TAIL_RIBBON 17 BLOCKED 4.0 1.0 -40.0 ['Pitch_Yoke'] {'status': 'NOT_TESTED'}
TAIL_RIBBON 18 BLOCKED 4.0 1.0 -42.0 ['Pitch_Yoke', 'Pitch_Cradle'] {'status': 'NOT_TESTED'}
TAIL_RIBBON 19 BLOCKED 4.0 1.0 -44.0 ['Pitch_Yoke', 'Pitch_Cradle'] {'status': 'NOT_TESTED'}
TAIL_RIBBON 20 BLOCKED 4.0 2.0 -38.0 ['Pitch_Yoke'] {'status': 'NOT_TESTED'}
TAIL_RIBBON 21 BLOCKED 4.0 2.0 -40.0 ['Pitch_Yoke'] {'status': 'NOT_TESTED'}
TAIL_RIBBON 22 BLOCKED 4.0 2.0 -42.0 ['Pitch_Yoke', 'Pitch_Cradle'] {'status': 'NOT_TESTED'}
TAIL_RIBBON 23 BLOCKED 4.0 2.0 -44.0 ['Pitch_Yoke', 'Pitch_Cradle'] {'status': 'NOT_TESTED'}
TAIL_RIBBON 24 BLOCKED 4.0 3.0 -38.0 ['Pitch_Yoke'] {'status': 'NOT_TESTED'}
TAIL_RIBBON 25 BLOCKED 4.0 3.0 -40.0 ['Pitch_Yoke'] {'status': 'NOT_TESTED'}
TAIL_RIBBON 26 BLOCKED 4.0 3.0 -42.0 ['Pitch_Yoke', 'Pitch_Cradle'] {'status': 'NOT_TESTED'}
TAIL_RIBBON 27 BLOCKED 4.0 3.0 -44.0 ['Pitch_Yoke', 'Pitch_Cradle'] {'status': 'NOT_TESTED'}
TAIL_RIBBON 28 BLOCKED 4.0 4.0 -38.0 ['Pitch_Yoke'] {'status': 'NOT_TESTED'}
TAIL_RIBBON 29 BLOCKED 4.0 4.0 -40.0 ['Pitch_Yoke'] {'status': 'NOT_TESTED'}
TAIL_RIBBON 30 BLOCKED 4.0 4.0 -42.0 ['Pitch_Yoke', 'Pitch_Cradle'] {'status': 'NOT_TESTED'}
TAIL_RIBBON 31 BLOCKED 4.0 4.0 -44.0 ['Pitch_Yoke', 'Pitch_Cradle'] {'status': 'NOT_TESTED'}
TAIL_RIBBON 32 BLOCKED 5.0 1.0 -38.0 ['Pitch_Yoke'] {'status': 'NOT_TESTED'}
TAIL_RIBBON 33 BLOCKED 5.0 1.0 -40.0 ['Pitch_Yoke'] {'status': 'NOT_TESTED'}
TAIL_RIBBON 34 BLOCKED 5.0 1.0 -42.0 ['Pitch_Yoke', 'Pitch_Cradle'] {'status': 'NOT_TESTED'}
TAIL_RIBBON 35 BLOCKED 5.0 1.0 -44.0 ['Pitch_Yoke', 'Pitch_Cradle'] {'status': 'NOT_TESTED'}
TAIL_RIBBON 36 BLOCKED 5.0 2.0 -38.0 ['Pitch_Yoke'] {'status': 'NOT_TESTED'}
TAIL_RIBBON 37 BLOCKED 5.0 2.0 -40.0 ['Pitch_Yoke'] {'status': 'NOT_TESTED'}
TAIL_RIBBON 38 BLOCKED 5.0 2.0 -42.0 ['Pitch_Yoke', 'Pitch_Cradle'] {'status': 'NOT_TESTED'}
TAIL_RIBBON 39 BLOCKED 5.0 2.0 -44.0 ['Pitch_Yoke', 'Pitch_Cradle'] {'status': 'NOT_TESTED'}
TAIL_RIBBON 40 BLOCKED 5.0 3.0 -38.0 ['Pitch_Yoke'] {'status': 'NOT_TESTED'}
TAIL_RIBBON 41 BLOCKED 5.0 3.0 -40.0 ['Pitch_Yoke'] {'status': 'NOT_TESTED'}
TAIL_RIBBON 42 BLOCKED 5.0 3.0 -42.0 ['Pitch_Yoke', 'Pitch_Cradle'] {'status': 'NOT_TESTED'}
TAIL_RIBBON 43 BLOCKED 5.0 3.0 -44.0 ['Pitch_Yoke', 'Pitch_Cradle'] {'status': 'NOT_TESTED'}
TAIL_RIBBON 44 BLOCKED 5.0 4.0 -38.0 ['Pitch_Yoke'] {'status': 'NOT_TESTED'}
TAIL_RIBBON 45 BLOCKED 5.0 4.0 -40.0 ['Pitch_Yoke'] {'status': 'NOT_TESTED'}
TAIL_RIBBON 46 BLOCKED 5.0 4.0 -42.0 ['Pitch_Yoke', 'Pitch_Cradle'] {'status': 'NOT_TESTED'}
TAIL_RIBBON 47 BLOCKED 5.0 4.0 -44.0 ['Pitch_Yoke', 'Pitch_Cradle'] {'status': 'NOT_TESTED'}
TAIL_RIBBON_DONE BLOCKED []
Blender 5.2.2 LTS (hash d13f752e3b9c built 2026-09-15 01:49:19)

Blender quit
