Apple clang version 21.0.0 (clang-2100.3.34.2)
Target: arm64-apple-darwin27.0.0
Thread model: posix
InstalledDir: /Applications/Xcode.app/Contents/Developer/Toolchains/XcodeDefault.xctoolchain/usr/bin
PASS 163 assertions; simulated-input safety/state tests only
PASS repeated timestamp cannot complete calibration
PASS first fault cause remains latched
PASS sensor failure in READY invalidates readiness and latches fault
PASS bench enabled interval <=200ms with 5.5ms frame cadence
tests/test_engine.c:107:8: error: absolute value function 'fabsf' given an argument of type 'double' but has parameter of type 'float' which may cause truncation of value [-Werror,-Wabsolute-value]
  107 |  CHECK(fabsf(MORI_WHEEL_M_PER_COUNT-(float)(3.141592653589793*.095/979.616))<1e-10f);
      |        ^
tests/test_engine.c:107:8: note: use function 'fabs' instead
  107 |  CHECK(fabsf(MORI_WHEEL_M_PER_COUNT-(float)(3.141592653589793*.095/979.616))<1e-10f);
      |        ^~~~~
      |        fabs
tests/test_engine.c:8:36: note: expanded from macro 'CHECK'
    8 | #define CHECK(c) do {checks++;if(!(c)){fprintf(stderr,"FAIL %s:%d: %s\n",__FILE__,__LINE__,#c);exit(1);}}while(0)
      |                                    ^
tests/test_engine.c:112:8: error: absolute value function 'fabsf' given an argument of type 'double' but has parameter of type 'float' which may cause truncation of value [-Werror,-Wabsolute-value]
  112 |  CHECK(fabsf(speed[0]-MORI_WHEEL_M_PER_COUNT/(8*.002404f))<1e-6f);
      |        ^
tests/test_engine.c:112:8: note: use function 'fabs' instead
  112 |  CHECK(fabsf(speed[0]-MORI_WHEEL_M_PER_COUNT/(8*.002404f))<1e-6f);
      |        ^~~~~
      |        fabs
tests/test_engine.c:8:36: note: expanded from macro 'CHECK'
    8 | #define CHECK(c) do {checks++;if(!(c)){fprintf(stderr,"FAIL %s:%d: %s\n",__FILE__,__LINE__,#c);exit(1);}}while(0)
      |                                    ^
2 errors generated.
