00:00.332  blend            | Read blend: "/Users/dean/Documents/MORI/mechanical/mori_v1_2.blend"
00:00.888  render           | Saved: '/Users/dean/Documents/MORI/mechanical/renders/parts/Battery.png'
PART_PREVIEW 1 155 MORI_V1__Battery
00:01.192  render           | Saved: '/Users/dean/Documents/MORI/mechanical/renders/parts/Battery_Retainer_Insert_-1.png'
PART_PREVIEW 2 155 MORI_V1__Battery_Retainer_Insert_-1
00:01.501  render           | Saved: '/Users/dean/Documents/MORI/mechanical/renders/parts/Battery_Retainer_Insert_1.png'
PART_PREVIEW 3 155 MORI_V1__Battery_Retainer_Insert_1
00:01.808  render           | Saved: '/Users/dean/Documents/MORI/mechanical/renders/parts/Battery_Retainer_Screw_-1.png'
PART_PREVIEW 4 155 MORI_V1__Battery_Retainer_Screw_-1
00:02.128  render           | Saved: '/Users/dean/Documents/MORI/mechanical/renders/parts/Battery_Retainer_Screw_1.png'
PART_PREVIEW 5 155 MORI_V1__Battery_Retainer_Screw_1
00:02.481  render           | Saved: '/Users/dean/Documents/MORI/mechanical/renders/parts/Battery_Tray.png'
PART_PREVIEW 6 155 MORI_V1__Battery_Tray
00:02.838  render           | Saved: '/Users/dean/Documents/MORI/mechanical/renders/parts/Body_Cheek_L.png'
PART_PREVIEW 7 155 MORI_V1__Body_Cheek_L
00:03.197  render           | Saved: '/Users/dean/Documents/MORI/mechanical/renders/parts/Body_Cheek_R.png'
PART_PREVIEW 8 155 MORI_V1__Body_Cheek_R
00:03.542  render           | Saved: '/Users/dean/Documents/MORI/mechanical/renders/parts/Body_IMU.png'
PART_PREVIEW 9 155 MORI_V1__Body_IMU
00:03.923  render           | Saved: '/Users/dean/Documents/MORI/mechanical/renders/parts/Body_Lower.png'
PART_PREVIEW 10 155 MORI_V1__Body_Lower
00:04.224  render           | Saved: '/Users/dean/Documents/MORI/mechanical/renders/parts/Body_Top_Shroud.png'
PART_PREVIEW 11 155 MORI_V1__Body_Top_Shroud
00:04.588  render           | Saved: '/Users/dean/Documents/MORI/mechanical/renders/parts/Body_Upper.png'
PART_PREVIEW 12 155 MORI_V1__Body_Upper
00:04.901  render           | Saved: '/Users/dean/Documents/MORI/mechanical/renders/parts/Button_Cap.png'
PART_PREVIEW 13 155 MORI_V1__Button_Cap
00:05.265  render           | Saved: '/Users/dean/Documents/MORI/mechanical/renders/parts/CAM_Mainboard.png'
PART_PREVIEW 14 155 MORI_V1__CAM_Mainboard
00:05.640  render           | Saved: '/Users/dean/Documents/MORI/mechanical/renders/parts/Camera_Baffle.png'
PART_PREVIEW 15 155 MORI_V1__Camera_Baffle
00:05.978  render           | Saved: '/Users/dean/Documents/MORI/mechanical/renders/parts/Camera_Lens.png'
PART_PREVIEW 16 155 MORI_V1__Camera_Lens
00:06.361  render           | Saved: '/Users/dean/Documents/MORI/mechanical/renders/parts/Camera_PCB.png'
PART_PREVIEW 17 155 MORI_V1__Camera_PCB
00:06.693  render           | Saved: '/Users/dean/Documents/MORI/mechanical/renders/parts/Camera_Window.png'
PART_PREVIEW 18 155 MORI_V1__Camera_Window
00:07.069  render           | Saved: '/Users/dean/Documents/MORI/mechanical/renders/parts/Coupon_Insert.png'
PART_PREVIEW 19 155 MORI_V1__Coupon_Insert
00:07.436  render           | Saved: '/Users/dean/Documents/MORI/mechanical/renders/parts/Coupon_Mating_Tab.png'
PART_PREVIEW 20 155 MORI_V1__Coupon_Mating_Tab
00:07.765  render           | Saved: '/Users/dean/Documents/MORI/mechanical/renders/parts/Coupon_Plane_Fit.png'
PART_PREVIEW 21 155 MORI_V1__Coupon_Plane_Fit
00:08.075  render           | Saved: '/Users/dean/Documents/MORI/mechanical/renders/parts/Deck_L_-8_Nut.png'
PART_PREVIEW 22 155 MORI_V1__Deck_L_-8_Nut
00:08.375  render           | Saved: '/Users/dean/Documents/MORI/mechanical/renders/parts/Deck_L_-8_Screw.png'
PART_PREVIEW 23 155 MORI_V1__Deck_L_-8_Screw
00:08.675  render           | Saved: '/Users/dean/Documents/MORI/mechanical/renders/parts/Deck_L_8_Nut.png'
PART_PREVIEW 24 155 MORI_V1__Deck_L_8_Nut
00:08.977  render           | Saved: '/Users/dean/Documents/MORI/mechanical/renders/parts/Deck_L_8_Screw.png'
PART_PREVIEW 25 155 MORI_V1__Deck_L_8_Screw
00:09.295  render           | Saved: '/Users/dean/Documents/MORI/mechanical/renders/parts/Deck_R_-8_Nut.png'
PART_PREVIEW 26 155 MORI_V1__Deck_R_-8_Nut
00:09.604  render           | Saved: '/Users/dean/Documents/MORI/mechanical/renders/parts/Deck_R_-8_Screw.png'
PART_PREVIEW 27 155 MORI_V1__Deck_R_-8_Screw
00:09.906  render           | Saved: '/Users/dean/Documents/MORI/mechanical/renders/parts/Deck_R_8_Nut.png'
PART_PREVIEW 28 155 MORI_V1__Deck_R_8_Nut
00:10.211  render           | Saved: '/Users/dean/Documents/MORI/mechanical/renders/parts/Deck_R_8_Screw.png'
PART_PREVIEW 29 155 MORI_V1__Deck_R_8_Screw
00:10.524  render           | Saved: '/Users/dean/Documents/MORI/mechanical/renders/parts/Display_Frame.png'
PART_PREVIEW 30 155 MORI_V1__Display_Frame
00:11.029  render           | Saved: '/Users/dean/Documents/MORI/mechanical/renders/parts/Display_PCB.png'
PART_PREVIEW 31 155 MORI_V1__Display_PCB
00:11.332  render           | Saved: '/Users/dean/Documents/MORI/mechanical/renders/parts/Dock_Pad_0.png'
PART_PREVIEW 32 155 MORI_V1__Dock_Pad_0
00:11.657  render           | Saved: '/Users/dean/Documents/MORI/mechanical/renders/parts/Dock_Pad_1.png'
PART_PREVIEW 33 155 MORI_V1__Dock_Pad_1
00:11.973  render           | Saved: '/Users/dean/Documents/MORI/mechanical/renders/parts/Dock_Pad_2.png'
PART_PREVIEW 34 155 MORI_V1__Dock_Pad_2
00:12.321  render           | Saved: '/Users/dean/Documents/MORI/mechanical/renders/parts/Dock_Pad_3.png'
PART_PREVIEW 35 155 MORI_V1__Dock_Pad_3
00:12.675  render           | Saved: '/Users/dean/Documents/MORI/mechanical/renders/parts/Drive_Bridge.png'
PART_PREVIEW 36 155 MORI_V1__Drive_Bridge
00:12.996  render           | Saved: '/Users/dean/Documents/MORI/mechanical/renders/parts/Drive_L_-8_Nut.png'
PART_PREVIEW 37 155 MORI_V1__Drive_L_-8_Nut
00:13.315  render           | Saved: '/Users/dean/Documents/MORI/mechanical/renders/parts/Drive_L_-8_Screw.png'
PART_PREVIEW 38 155 MORI_V1__Drive_L_-8_Screw
00:13.621  render           | Saved: '/Users/dean/Documents/MORI/mechanical/renders/parts/Drive_L_8_Nut.png'
PART_PREVIEW 39 155 MORI_V1__Drive_L_8_Nut
00:13.923  render           | Saved: '/Users/dean/Documents/MORI/mechanical/renders/parts/Drive_L_8_Screw.png'
PART_PREVIEW 40 155 MORI_V1__Drive_L_8_Screw
00:14.285  render           | Saved: '/Users/dean/Documents/MORI/mechanical/renders/parts/Drive_Motor_L.png'
PART_PREVIEW 41 155 MORI_V1__Drive_Motor_L
00:14.668  render           | Saved: '/Users/dean/Documents/MORI/mechanical/renders/parts/Drive_Motor_R.png'
PART_PREVIEW 42 155 MORI_V1__Drive_Motor_R
00:14.975  render           | Saved: '/Users/dean/Documents/MORI/mechanical/renders/parts/Drive_R_-8_Nut.png'
PART_PREVIEW 43 155 MORI_V1__Drive_R_-8_Nut
00:15.276  render           | Saved: '/Users/dean/Documents/MORI/mechanical/renders/parts/Drive_R_-8_Screw.png'
PART_PREVIEW 44 155 MORI_V1__Drive_R_-8_Screw
00:15.577  render           | Saved: '/Users/dean/Documents/MORI/mechanical/renders/parts/Drive_R_8_Nut.png'
PART_PREVIEW 45 155 MORI_V1__Drive_R_8_Nut
00:15.888  render           | Saved: '/Users/dean/Documents/MORI/mechanical/renders/parts/Drive_R_8_Screw.png'
PART_PREVIEW 46 155 MORI_V1__Drive_R_8_Screw
00:16.197  render           | Saved: '/Users/dean/Documents/MORI/mechanical/renders/parts/Face_Joint_-1_0.0_Nut.png'
PART_PREVIEW 47 155 MORI_V1__Face_Joint_-1_0.0_Nut
00:16.512  render           | Saved: '/Users/dean/Documents/MORI/mechanical/renders/parts/Face_Joint_-1_0.0_Screw.png'
PART_PREVIEW 48 155 MORI_V1__Face_Joint_-1_0.0_Screw
00:16.832  render           | Saved: '/Users/dean/Documents/MORI/mechanical/renders/parts/Face_Joint_-1_7.0_Nut.png'
PART_PREVIEW 49 155 MORI_V1__Face_Joint_-1_7.0_Nut
00:17.145  render           | Saved: '/Users/dean/Documents/MORI/mechanical/renders/parts/Face_Joint_-1_7.0_Screw.png'
PART_PREVIEW 50 155 MORI_V1__Face_Joint_-1_7.0_Screw
00:17.462  render           | Saved: '/Users/dean/Documents/MORI/mechanical/renders/parts/Face_Joint_1_0.0_Nut.png'
PART_PREVIEW 51 155 MORI_V1__Face_Joint_1_0.0_Nut
00:17.762  render           | Saved: '/Users/dean/Documents/MORI/mechanical/renders/parts/Face_Joint_1_0.0_Screw.png'
PART_PREVIEW 52 155 MORI_V1__Face_Joint_1_0.0_Screw
00:18.090  render           | Saved: '/Users/dean/Documents/MORI/mechanical/renders/parts/Face_Joint_1_7.0_Nut.png'
PART_PREVIEW 53 155 MORI_V1__Face_Joint_1_7.0_Nut
00:18.390  render           | Saved: '/Users/dean/Documents/MORI/mechanical/renders/parts/Face_Joint_1_7.0_Screw.png'
PART_PREVIEW 54 155 MORI_V1__Face_Joint_1_7.0_Screw
00:18.694  render           | Saved: '/Users/dean/Documents/MORI/mechanical/renders/parts/Face_Mask.png'
PART_PREVIEW 55 155 MORI_V1__Face_Mask
00:19.019  render           | Saved: '/Users/dean/Documents/MORI/mechanical/renders/parts/Face_Protector.png'
PART_PREVIEW 56 155 MORI_V1__Face_Protector
00:19.405  render           | Saved: '/Users/dean/Documents/MORI/mechanical/renders/parts/Frame_Insert_0.png'
PART_PREVIEW 57 155 MORI_V1__Frame_Insert_0
00:19.733  render           | Saved: '/Users/dean/Documents/MORI/mechanical/renders/parts/Frame_Insert_1.png'
PART_PREVIEW 58 155 MORI_V1__Frame_Insert_1
00:20.047  render           | Saved: '/Users/dean/Documents/MORI/mechanical/renders/parts/Frame_Insert_2.png'
PART_PREVIEW 59 155 MORI_V1__Frame_Insert_2
00:20.365  render           | Saved: '/Users/dean/Documents/MORI/mechanical/renders/parts/Frame_Insert_3.png'
PART_PREVIEW 60 155 MORI_V1__Frame_Insert_3
00:20.712  render           | Saved: '/Users/dean/Documents/MORI/mechanical/renders/parts/Frame_Screw_0.png'
PART_PREVIEW 61 155 MORI_V1__Frame_Screw_0
00:21.034  render           | Saved: '/Users/dean/Documents/MORI/mechanical/renders/parts/Frame_Screw_1.png'
PART_PREVIEW 62 155 MORI_V1__Frame_Screw_1
00:21.396  render           | Saved: '/Users/dean/Documents/MORI/mechanical/renders/parts/Frame_Screw_2.png'
PART_PREVIEW 63 155 MORI_V1__Frame_Screw_2
00:21.727  render           | Saved: '/Users/dean/Documents/MORI/mechanical/renders/parts/Frame_Screw_3.png'
PART_PREVIEW 64 155 MORI_V1__Frame_Screw_3
00:22.055  render           | Saved: '/Users/dean/Documents/MORI/mechanical/renders/parts/Function_Button.png'
PART_PREVIEW 65 155 MORI_V1__Function_Button
00:22.359  render           | Saved: '/Users/dean/Documents/MORI/mechanical/renders/parts/Gimbal_Base_-13_Nut.png'
PART_PREVIEW 66 155 MORI_V1__Gimbal_Base_-13_Nut
00:22.661  render           | Saved: '/Users/dean/Documents/MORI/mechanical/renders/parts/Gimbal_Base_-13_Screw.png'
PART_PREVIEW 67 155 MORI_V1__Gimbal_Base_-13_Screw
00:22.963  render           | Saved: '/Users/dean/Documents/MORI/mechanical/renders/parts/Gimbal_Base_13_Nut.png'
PART_PREVIEW 68 155 MORI_V1__Gimbal_Base_13_Nut
00:23.278  render           | Saved: '/Users/dean/Documents/MORI/mechanical/renders/parts/Gimbal_Base_13_Screw.png'
PART_PREVIEW 69 155 MORI_V1__Gimbal_Base_13_Screw
00:23.616  render           | Saved: '/Users/dean/Documents/MORI/mechanical/renders/parts/Head_Front.png'
PART_PREVIEW 70 155 MORI_V1__Head_Front
00:23.993  render           | Saved: '/Users/dean/Documents/MORI/mechanical/renders/parts/Head_Rear.png'
PART_PREVIEW 71 155 MORI_V1__Head_Rear
00:24.295  render           | Saved: '/Users/dean/Documents/MORI/mechanical/renders/parts/Head_Yaw_Ear_0_Nut.png'
PART_PREVIEW 72 155 MORI_V1__Head_Yaw_Ear_0_Nut
00:24.607  render           | Saved: '/Users/dean/Documents/MORI/mechanical/renders/parts/Head_Yaw_Ear_0_Screw.png'
PART_PREVIEW 73 155 MORI_V1__Head_Yaw_Ear_0_Screw
00:24.911  render           | Saved: '/Users/dean/Documents/MORI/mechanical/renders/parts/Head_Yaw_Ear_1_Nut.png'
PART_PREVIEW 74 155 MORI_V1__Head_Yaw_Ear_1_Nut
00:25.224  render           | Saved: '/Users/dean/Documents/MORI/mechanical/renders/parts/Head_Yaw_Ear_1_Screw.png'
PART_PREVIEW 75 155 MORI_V1__Head_Yaw_Ear_1_Screw
00:25.566  render           | Saved: '/Users/dean/Documents/MORI/mechanical/renders/parts/Load_Frame.png'
PART_PREVIEW 76 155 MORI_V1__Load_Frame
00:25.888  render           | Saved: '/Users/dean/Documents/MORI/mechanical/renders/parts/MCU_Motion.png'
PART_PREVIEW 77 155 MORI_V1__MCU_Motion
00:26.201  render           | Saved: '/Users/dean/Documents/MORI/mechanical/renders/parts/Mic_Duct_L.png'
PART_PREVIEW 78 155 MORI_V1__Mic_Duct_L
00:26.545  render           | Saved: '/Users/dean/Documents/MORI/mechanical/renders/parts/Mic_Duct_R.png'
PART_PREVIEW 79 155 MORI_V1__Mic_Duct_R
00:26.865  render           | Saved: '/Users/dean/Documents/MORI/mechanical/renders/parts/Motor_Retainer.png'
PART_PREVIEW 80 155 MORI_V1__Motor_Retainer
00:27.184  render           | Saved: '/Users/dean/Documents/MORI/mechanical/renders/parts/Motor_Retainer_Insert_0.png'
PART_PREVIEW 81 155 MORI_V1__Motor_Retainer_Insert_0
00:27.488  render           | Saved: '/Users/dean/Documents/MORI/mechanical/renders/parts/Motor_Retainer_Insert_1.png'
PART_PREVIEW 82 155 MORI_V1__Motor_Retainer_Insert_1
00:27.809  render           | Saved: '/Users/dean/Documents/MORI/mechanical/renders/parts/Motor_Retainer_Pad_-1.png'
PART_PREVIEW 83 155 MORI_V1__Motor_Retainer_Pad_-1
00:28.126  render           | Saved: '/Users/dean/Documents/MORI/mechanical/renders/parts/Motor_Retainer_Pad_1.png'
PART_PREVIEW 84 155 MORI_V1__Motor_Retainer_Pad_1
00:28.447  render           | Saved: '/Users/dean/Documents/MORI/mechanical/renders/parts/Motor_Retainer_Screw_0.png'
PART_PREVIEW 85 155 MORI_V1__Motor_Retainer_Screw_0
00:28.760  render           | Saved: '/Users/dean/Documents/MORI/mechanical/renders/parts/Motor_Retainer_Screw_1.png'
PART_PREVIEW 86 155 MORI_V1__Motor_Retainer_Screw_1
00:29.098  render           | Saved: '/Users/dean/Documents/MORI/mechanical/renders/parts/Parking_Cradle.png'
PART_PREVIEW 87 155 MORI_V1__Parking_Cradle
00:29.437  render           | Saved: '/Users/dean/Documents/MORI/mechanical/renders/parts/Pitch_Bearing_L.png'
PART_PREVIEW 88 155 MORI_V1__Pitch_Bearing_L
00:29.790  render           | Saved: '/Users/dean/Documents/MORI/mechanical/renders/parts/Pitch_Bearing_R.png'
PART_PREVIEW 89 155 MORI_V1__Pitch_Bearing_R
00:30.130  render           | Saved: '/Users/dean/Documents/MORI/mechanical/renders/parts/Pitch_Cable_Clip.png'
PART_PREVIEW 90 155 MORI_V1__Pitch_Cable_Clip
00:30.468  render           | Saved: '/Users/dean/Documents/MORI/mechanical/renders/parts/Pitch_Cradle.png'
PART_PREVIEW 91 155 MORI_V1__Pitch_Cradle
00:30.792  render           | Saved: '/Users/dean/Documents/MORI/mechanical/renders/parts/Pitch_Horn.png'
PART_PREVIEW 92 155 MORI_V1__Pitch_Horn
00:31.082  render           | Saved: '/Users/dean/Documents/MORI/mechanical/renders/parts/Pitch_Lock_Screw.png'
PART_PREVIEW 93 155 MORI_V1__Pitch_Lock_Screw
00:31.395  render           | Saved: '/Users/dean/Documents/MORI/mechanical/renders/parts/Pitch_Output.png'
PART_PREVIEW 94 155 MORI_V1__Pitch_Output
00:31.746  render           | Saved: '/Users/dean/Documents/MORI/mechanical/renders/parts/Pitch_Servo.png'
PART_PREVIEW 95 155 MORI_V1__Pitch_Servo
00:32.100  render           | Saved: '/Users/dean/Documents/MORI/mechanical/renders/parts/Pitch_Trunnion_L.png'
PART_PREVIEW 96 155 MORI_V1__Pitch_Trunnion_L
00:32.434  render           | Saved: '/Users/dean/Documents/MORI/mechanical/renders/parts/Pitch_Trunnion_R.png'
PART_PREVIEW 97 155 MORI_V1__Pitch_Trunnion_R
00:32.801  render           | Saved: '/Users/dean/Documents/MORI/mechanical/renders/parts/Pitch_Yoke.png'
PART_PREVIEW 98 155 MORI_V1__Pitch_Yoke
00:33.114  render           | Saved: '/Users/dean/Documents/MORI/mechanical/renders/parts/Power_Board_Carrier.png'
PART_PREVIEW 99 155 MORI_V1__Power_Board_Carrier
00:33.410  render           | Saved: '/Users/dean/Documents/MORI/mechanical/renders/parts/Power_Carrier_0_Nut.png'
PART_PREVIEW 100 155 MORI_V1__Power_Carrier_0_Nut
00:33.723  render           | Saved: '/Users/dean/Documents/MORI/mechanical/renders/parts/Power_Carrier_0_Screw.png'
PART_PREVIEW 101 155 MORI_V1__Power_Carrier_0_Screw
00:34.028  render           | Saved: '/Users/dean/Documents/MORI/mechanical/renders/parts/Power_Carrier_1_Nut.png'
PART_PREVIEW 102 155 MORI_V1__Power_Carrier_1_Nut
00:34.336  render           | Saved: '/Users/dean/Documents/MORI/mechanical/renders/parts/Power_Carrier_1_Screw.png'
PART_PREVIEW 103 155 MORI_V1__Power_Carrier_1_Screw
00:34.645  render           | Saved: '/Users/dean/Documents/MORI/mechanical/renders/parts/Power_Carrier_2_Nut.png'
PART_PREVIEW 104 155 MORI_V1__Power_Carrier_2_Nut
00:34.956  render           | Saved: '/Users/dean/Documents/MORI/mechanical/renders/parts/Power_Carrier_2_Screw.png'
PART_PREVIEW 105 155 MORI_V1__Power_Carrier_2_Screw
00:35.259  render           | Saved: '/Users/dean/Documents/MORI/mechanical/renders/parts/Power_Carrier_3_Nut.png'
PART_PREVIEW 106 155 MORI_V1__Power_Carrier_3_Nut
00:35.586  render           | Saved: '/Users/dean/Documents/MORI/mechanical/renders/parts/Power_Carrier_3_Screw.png'
PART_PREVIEW 107 155 MORI_V1__Power_Carrier_3_Screw
00:35.917  render           | Saved: '/Users/dean/Documents/MORI/mechanical/renders/parts/Power_Module.png'
PART_PREVIEW 108 155 MORI_V1__Power_Module
00:36.314  render           | Saved: '/Users/dean/Documents/MORI/mechanical/renders/parts/Power_Switch.png'
PART_PREVIEW 109 155 MORI_V1__Power_Switch
00:36.655  render           | Saved: '/Users/dean/Documents/MORI/mechanical/renders/parts/S288_Output_L_Inner.png'
PART_PREVIEW 110 155 MORI_V1__S288_Output_L_Inner
00:36.989  render           | Saved: '/Users/dean/Documents/MORI/mechanical/renders/parts/S288_Output_L_Outer.png'
PART_PREVIEW 111 155 MORI_V1__S288_Output_L_Outer
00:37.324  render           | Saved: '/Users/dean/Documents/MORI/mechanical/renders/parts/S288_Output_R_Inner.png'
PART_PREVIEW 112 155 MORI_V1__S288_Output_R_Inner
00:37.656  render           | Saved: '/Users/dean/Documents/MORI/mechanical/renders/parts/S288_Output_R_Outer.png'
PART_PREVIEW 113 155 MORI_V1__S288_Output_R_Outer
00:37.968  render           | Saved: '/Users/dean/Documents/MORI/mechanical/renders/parts/Shell_Insert_0.png'
PART_PREVIEW 114 155 MORI_V1__Shell_Insert_0
00:38.306  render           | Saved: '/Users/dean/Documents/MORI/mechanical/renders/parts/Shell_Insert_1.png'
PART_PREVIEW 115 155 MORI_V1__Shell_Insert_1
00:38.621  render           | Saved: '/Users/dean/Documents/MORI/mechanical/renders/parts/Shell_Insert_2.png'
PART_PREVIEW 116 155 MORI_V1__Shell_Insert_2
00:38.933  render           | Saved: '/Users/dean/Documents/MORI/mechanical/renders/parts/Shell_Insert_3.png'
PART_PREVIEW 117 155 MORI_V1__Shell_Insert_3
00:39.245  render           | Saved: '/Users/dean/Documents/MORI/mechanical/renders/parts/Shell_Screw_0.png'
PART_PREVIEW 118 155 MORI_V1__Shell_Screw_0
00:39.548  render           | Saved: '/Users/dean/Documents/MORI/mechanical/renders/parts/Shell_Screw_1.png'
PART_PREVIEW 119 155 MORI_V1__Shell_Screw_1
00:39.865  render           | Saved: '/Users/dean/Documents/MORI/mechanical/renders/parts/Shell_Screw_2.png'
PART_PREVIEW 120 155 MORI_V1__Shell_Screw_2
00:40.181  render           | Saved: '/Users/dean/Documents/MORI/mechanical/renders/parts/Shell_Screw_3.png'
PART_PREVIEW 121 155 MORI_V1__Shell_Screw_3
00:40.535  render           | Saved: '/Users/dean/Documents/MORI/mechanical/renders/parts/Speaker.png'
PART_PREVIEW 122 155 MORI_V1__Speaker
00:40.922  render           | Saved: '/Users/dean/Documents/MORI/mechanical/renders/parts/Speaker_Mount.png'
PART_PREVIEW 123 155 MORI_V1__Speaker_Mount
00:41.234  render           | Saved: '/Users/dean/Documents/MORI/mechanical/renders/parts/Tire_L.png'
PART_PREVIEW 124 155 MORI_V1__Tire_L
00:41.584  render           | Saved: '/Users/dean/Documents/MORI/mechanical/renders/parts/Tire_R.png'
PART_PREVIEW 125 155 MORI_V1__Tire_R
00:41.927  render           | Saved: '/Users/dean/Documents/MORI/mechanical/renders/parts/USB_Charge.png'
PART_PREVIEW 126 155 MORI_V1__USB_Charge
00:42.279  render           | Saved: '/Users/dean/Documents/MORI/mechanical/renders/parts/USB_Receptacle.png'
PART_PREVIEW 127 155 MORI_V1__USB_Receptacle
00:42.566  render           | Saved: '/Users/dean/Documents/MORI/mechanical/renders/parts/Wheel_Axle_L.png'
PART_PREVIEW 128 155 MORI_V1__Wheel_Axle_L
00:42.860  render           | Saved: '/Users/dean/Documents/MORI/mechanical/renders/parts/Wheel_Axle_R.png'
PART_PREVIEW 129 155 MORI_V1__Wheel_Axle_R
00:43.217  render           | Saved: '/Users/dean/Documents/MORI/mechanical/renders/parts/Wheel_Bearing_L_33.png'
PART_PREVIEW 130 155 MORI_V1__Wheel_Bearing_L_33
00:43.562  render           | Saved: '/Users/dean/Documents/MORI/mechanical/renders/parts/Wheel_Bearing_L_39.png'
PART_PREVIEW 131 155 MORI_V1__Wheel_Bearing_L_39
00:43.923  render           | Saved: '/Users/dean/Documents/MORI/mechanical/renders/parts/Wheel_Bearing_R_33.png'
PART_PREVIEW 132 155 MORI_V1__Wheel_Bearing_R_33
00:44.274  render           | Saved: '/Users/dean/Documents/MORI/mechanical/renders/parts/Wheel_Bearing_R_39.png'
PART_PREVIEW 133 155 MORI_V1__Wheel_Bearing_R_39
00:44.591  render           | Saved: '/Users/dean/Documents/MORI/mechanical/renders/parts/Wheel_Cap_L.png'
PART_PREVIEW 134 155 MORI_V1__Wheel_Cap_L
00:44.912  render           | Saved: '/Users/dean/Documents/MORI/mechanical/renders/parts/Wheel_Cap_R.png'
PART_PREVIEW 135 155 MORI_V1__Wheel_Cap_R
00:45.248  render           | Saved: '/Users/dean/Documents/MORI/mechanical/renders/parts/Wheel_Coupler_L.png'
PART_PREVIEW 136 155 MORI_V1__Wheel_Coupler_L
00:45.580  render           | Saved: '/Users/dean/Documents/MORI/mechanical/renders/parts/Wheel_Coupler_R.png'
PART_PREVIEW 137 155 MORI_V1__Wheel_Coupler_R
00:45.917  render           | Saved: '/Users/dean/Documents/MORI/mechanical/renders/parts/Wheel_Hub_L.png'
PART_PREVIEW 138 155 MORI_V1__Wheel_Hub_L
00:46.259  render           | Saved: '/Users/dean/Documents/MORI/mechanical/renders/parts/Wheel_Hub_R.png'
PART_PREVIEW 139 155 MORI_V1__Wheel_Hub_R
00:46.604  render           | Saved: '/Users/dean/Documents/MORI/mechanical/renders/parts/Yaw_Base.png'
PART_PREVIEW 140 155 MORI_V1__Yaw_Base
00:46.899  render           | Saved: '/Users/dean/Documents/MORI/mechanical/renders/parts/Yaw_Base_-1_Nut.png'
PART_PREVIEW 141 155 MORI_V1__Yaw_Base_-1_Nut
00:47.227  render           | Saved: '/Users/dean/Documents/MORI/mechanical/renders/parts/Yaw_Base_-1_Screw.png'
PART_PREVIEW 142 155 MORI_V1__Yaw_Base_-1_Screw
00:47.530  render           | Saved: '/Users/dean/Documents/MORI/mechanical/renders/parts/Yaw_Base_1_Nut.png'
PART_PREVIEW 143 155 MORI_V1__Yaw_Base_1_Nut
00:47.855  render           | Saved: '/Users/dean/Documents/MORI/mechanical/renders/parts/Yaw_Base_1_Screw.png'
PART_PREVIEW 144 155 MORI_V1__Yaw_Base_1_Screw
00:48.180  render           | Saved: '/Users/dean/Documents/MORI/mechanical/renders/parts/Yaw_Bearing.png'
PART_PREVIEW 145 155 MORI_V1__Yaw_Bearing
00:48.496  render           | Saved: '/Users/dean/Documents/MORI/mechanical/renders/parts/Yaw_Horn.png'
PART_PREVIEW 146 155 MORI_V1__Yaw_Horn
00:48.789  render           | Saved: '/Users/dean/Documents/MORI/mechanical/renders/parts/Yaw_Lock_Screw.png'
PART_PREVIEW 147 155 MORI_V1__Yaw_Lock_Screw
00:49.113  render           | Saved: '/Users/dean/Documents/MORI/mechanical/renders/parts/Yaw_Output.png'
PART_PREVIEW 148 155 MORI_V1__Yaw_Output
00:49.419  render           | Saved: '/Users/dean/Documents/MORI/mechanical/renders/parts/Yaw_Reaction_Clamp_Nut.png'
PART_PREVIEW 149 155 MORI_V1__Yaw_Reaction_Clamp_Nut
00:49.720  render           | Saved: '/Users/dean/Documents/MORI/mechanical/renders/parts/Yaw_Reaction_Clamp_Screw.png'
PART_PREVIEW 150 155 MORI_V1__Yaw_Reaction_Clamp_Screw
00:50.037  render           | Saved: '/Users/dean/Documents/MORI/mechanical/renders/parts/Yaw_Reaction_Link.png'
PART_PREVIEW 151 155 MORI_V1__Yaw_Reaction_Link
00:50.362  render           | Saved: '/Users/dean/Documents/MORI/mechanical/renders/parts/Yaw_Reaction_Retainer_Nut.png'
PART_PREVIEW 152 155 MORI_V1__Yaw_Reaction_Retainer_Nut
00:50.655  render           | Saved: '/Users/dean/Documents/MORI/mechanical/renders/parts/Yaw_Reaction_Retainer_Screw.png'
PART_PREVIEW 153 155 MORI_V1__Yaw_Reaction_Retainer_Screw
00:50.990  render           | Saved: '/Users/dean/Documents/MORI/mechanical/renders/parts/Yaw_Servo.png'
PART_PREVIEW 154 155 MORI_V1__Yaw_Servo
00:51.330  render           | Saved: '/Users/dean/Documents/MORI/mechanical/renders/parts/Yaw_Turntable.png'
PART_PREVIEW 155 155 MORI_V1__Yaw_Turntable
CATALOG_COMPLETE
Blender 5.2.1 LTS (hash 9e2066aef7ef built 2026-08-25 01:35:57)

Blender quit
