PASS AGENTS.md
PASS params.json
PASS reports/derived.json
PASS hardware/dimensions/MORI_硬件尺寸要求.md
PASS extracted baseline member firmware/CMakeLists.txt
PASS extracted baseline member firmware/components/mori_core/CMakeLists.txt
PASS extracted baseline member firmware/components/mori_core/include/mori_core.h
PASS extracted baseline member firmware/components/mori_core/mori_core.c
PASS extracted baseline member firmware/dependencies.lock
PASS extracted baseline member firmware/main/CMakeLists.txt
PASS extracted baseline member firmware/main/Kconfig.projbuild
PASS extracted baseline member firmware/main/board.h
PASS extracted baseline member firmware/main/display.c
PASS extracted baseline member firmware/main/encoders.c
PASS extracted baseline member firmware/main/idf_component.yml
PASS extracted baseline member firmware/main/main.c
PASS extracted baseline member firmware/main/motor.c
PASS extracted baseline member firmware/main/peripherals.h
PASS extracted baseline member firmware/main/sensors.c
PASS extracted baseline member firmware/sdkconfig
PASS extracted baseline member firmware/sdkconfig.defaults
PASS extracted baseline member pinmap.csv
PASS extracted baseline member tests/run_host_tests.sh
PASS extracted baseline member tests/test_core.c
PASS extracted baseline member wiring.csv
PASS dependencies.lock unchanged
PASS pinmap unchanged
PASS wiring unchanged
PASS GPIO BATTERY
PASS GPIO NTC_L
PASS GPIO NTC_R
PASS GPIO AIN1
PASS GPIO AIN2
PASS GPIO BIN1
PASS GPIO BIN2
PASS GPIO ENC_LA
PASS GPIO ENC_LB
PASS GPIO ENC_RA
PASS GPIO ENC_RB
PASS GPIO LCD_MOSI
PASS GPIO LCD_CLK
PASS GPIO LCD_CS
PASS GPIO IMU_INT
PASS GPIO SDA
PASS GPIO SCL
PASS GPIO ARM
PASS GPIO LCD_DC
PASS GPIO LCD_RST
PASS GPIO HEAD
PASS GPIO HEARTBEAT
PASS GPIO FAULT
PASS GPIO ESTOP
PASS MORI_POWER_STAGE_VERIFIED default off
PASS MORI_POWER_STAGE_VERIFIED Kconfig default n
PASS MORI_ENABLE_BALANCE default off
PASS MORI_ENABLE_BALANCE Kconfig default n
PASS MORI_HEAD_VERIFIED default off
PASS MORI_HEAD_VERIFIED Kconfig default n
PASS MORI_AXES_VERIFIED default off
PASS MORI_AXES_VERIFIED Kconfig default n
PASS MORI_POWER_STAGE_VERIFIED default binary gate off
PASS MORI_ENABLE_BALANCE default binary gate off
PASS MORI_HEAD_VERIFIED default binary gate off
PASS MORI_AXES_VERIFIED default binary gate off
64/64 checks; physical NOT_TESTED
FAIL current upstream compatibility: HW-SW-0.4; production commissioning requires --require-current-handoff
