{
  "source_header_sections": [
    [
      0.6400001119011449,
      0.6400001119037455
    ],
    [
      0.6400001119011449,
      0.6400001119008891
    ],
    [
      0.6400001119011449,
      0.6400001119037384
    ],
    [
      0.6400001119011591,
      0.6400001119008891
    ],
    [
      0.6400001119011591,
      0.6400001119037455
    ],
    [
      0.6400001119011449,
      0.6400001119008891
    ],
    [
      0.6400001119011449,
      0.6400001119037384
    ],
    [
      0.6400001119011449,
      0.6400001119008891
    ]
  ],
  "source_pin_overlap_total_mm3": 0.12278587654791571,
  "ideal_064_overlap_total_mm3": 0.12220824031142558,
  "original_header_intersections": [
    {
      "connector": "E/P5",
      "solid_index": 32,
      "original_STEP_PCB_overlap_mm3": 0.12278587653353072
    },
    {
      "connector": "D/P4",
      "solid_index": 159,
      "original_STEP_PCB_overlap_mm3": 0.09165697846371033
    },
    {
      "connector": "C/P3",
      "solid_index": 160,
      "original_STEP_PCB_overlap_mm3": 0.09165696259365184
    },
    {
      "connector": "B/P2",
      "solid_index": 161,
      "original_STEP_PCB_overlap_mm3": 0.3666279919572246
    },
    {
      "connector": "A/P1",
      "solid_index": 162,
      "original_STEP_PCB_overlap_mm3": 0.3666277380895126
    }
  ]
}
