2026-09-23 12:48:23.968 INFO   Freerouting v2.4.1 (build-date: 2026-09-03)
2026-09-23 12:48:25.373 INFO   [DB4DDB\38B05B] Loading board file 'MORI_rear_P5.dsn'...
2026-09-23 12:48:25.429 INFO   [DB4DDB\38B05B] Job 'DB4DDB\38B05B' started at 2026-09-23T04:48:25.429776Z.
2026-09-23 12:48:25.467 INFO   [DB4DDB\38B05B] Auto-routing stage started on board 'ddcded1b7391de694f78fadc002b1cec' for 13 unrouted items.
2026-09-23 12:48:26.082 INFO   [DB4DDB\38B05B] Auto-routing pass #1 on board 'ddcded1b7391de694f78fadc002b1cec' was completed in 0.57 seconds with score 13.33 (11 unrouted and 19 violations).
2026-09-23 12:48:26.438 INFO   [DB4DDB\38B05B] Auto-routing pass #2 on board 'f2d72445caa1da0f4317ae0367f6636e' was completed in 0.34 seconds with score 79.99 (10 unrouted and 19 violations).
2026-09-23 12:48:26.726 INFO   [DB4DDB\38B05B] Auto-routing pass #3 on board '1882bde3bc598a4f6b9db739dad0821d' was completed in 0.27 seconds with score 13.33 (11 unrouted and 19 violations), using 0.91 CPU seconds and the job allocated 4.03 GB of memory so far.
2026-09-23 12:48:26.999 INFO   [DB4DDB\38B05B] Auto-routing pass #4 on board '336753bfc49b5960247a375a90c43481' was completed in 0.27 seconds with score 79.99 (10 unrouted and 19 violations), using 0.91 CPU seconds and the job allocated 4.03 GB of memory so far.
2026-09-23 12:48:27.205 INFO   [DB4DDB\38B05B] Auto-routing pass #5 on board 'b73f1efc7e00e8ef65cb79f25c247f1d' was completed in 0.20 seconds with score 80.00 (10 unrouted and 19 violations), using 0.91 CPU seconds and the job allocated 4.03 GB of memory so far.
2026-09-23 12:48:27.372 INFO   [DB4DDB\38B05B] Auto-routing pass #6 on board '95efb4fa6914718da60a4a938660fddc' was completed in 0.16 seconds with score 79.99 (10 unrouted and 19 violations), using 0.91 CPU seconds and the job allocated 4.03 GB of memory so far.
2026-09-23 12:48:27.527 INFO   [DB4DDB\38B05B] Auto-routing pass #7 on board 'd1e6fef655c654e5268c5f3e5fdf637c' was completed in 0.15 seconds with score 80.00 (10 unrouted and 19 violations), using 1.88 CPU seconds and the job allocated 12.99 GB of memory so far.
2026-09-23 12:48:27.711 INFO   [DB4DDB\38B05B] Auto-routing pass #8 on board '95efb4fa6914718da60a4a938660fddc' was completed in 0.00 seconds with score 80.00 (10 unrouted and 19 violations), using 1.88 CPU seconds and the job allocated 12.99 GB of memory so far.
2026-09-23 12:48:27.875 INFO   [DB4DDB\38B05B] Auto-routing pass #9 on board '95efb4fa6914718da60a4a938660fddc' was completed in 0.16 seconds with score 79.99 (10 unrouted and 19 violations), using 1.88 CPU seconds and the job allocated 12.99 GB of memory so far.
2026-09-23 12:48:28.034 INFO   [DB4DDB\38B05B] Auto-routing pass #10 on board 'f080cba65ea5cf76a4e81a9167fc1f40' was completed in 0.15 seconds with score 80.00 (10 unrouted and 19 violations), using 1.88 CPU seconds and the job allocated 12.99 GB of memory so far.
2026-09-23 12:48:28.193 INFO   [DB4DDB\38B05B] Auto-routing pass #11 on board 'ebec4b7aecda86a34e9f92b83d74364f' was completed in 0.15 seconds with score 79.99 (10 unrouted and 19 violations), using 1.88 CPU seconds and the job allocated 12.99 GB of memory so far.
2026-09-23 12:48:28.339 INFO   [DB4DDB\38B05B] Auto-routing pass #12 on board '4f82c77636167a243db14ca5e5f6de96' was completed in 0.14 seconds with score 80.00 (10 unrouted and 19 violations), using 1.88 CPU seconds and the job allocated 12.99 GB of memory so far.
2026-09-23 12:48:28.495 INFO   [DB4DDB\38B05B] Auto-routing pass #13 on board '989958ce5e5b3d221f4efc026c74c75c' was completed in 0.15 seconds with score 80.00 (10 unrouted and 19 violations), using 2.85 CPU seconds and the job allocated 25.29 GB of memory so far.
2026-09-23 12:48:28.659 INFO   [DB4DDB\38B05B] Auto-routing pass #14 on board 'edf2b0f3ce4860061d2d7764d155f329' was completed in 0.16 seconds with score 80.00 (10 unrouted and 19 violations), using 2.85 CPU seconds and the job allocated 25.29 GB of memory so far.
2026-09-23 12:48:28.813 INFO   [DB4DDB\38B05B] Auto-routing pass #15 on board '690cf5e115c0125ba44a3410ce488912' was completed in 0.15 seconds with score 80.00 (10 unrouted and 19 violations), using 2.85 CPU seconds and the job allocated 25.29 GB of memory so far.
2026-09-23 12:48:28.968 INFO   [DB4DDB\38B05B] Auto-routing pass #16 on board 'b81bf22934e6cd887cc09bba22b53ed5' was completed in 0.15 seconds with score 80.00 (10 unrouted and 19 violations), using 2.85 CPU seconds and the job allocated 25.29 GB of memory so far.
2026-09-23 12:48:29.123 INFO   [DB4DDB\38B05B] Auto-routing pass #17 on board '724092e58200ee98127074c95d21b21f' was completed in 0.15 seconds with score 80.00 (10 unrouted and 19 violations), using 2.85 CPU seconds and the job allocated 25.29 GB of memory so far.
2026-09-23 12:48:29.124 INFO   [DB4DDB\38B05B] The router's score (80.00) has not improved by more than 0.5 points in the last 10 passes (10 items still unconnected). Stopping the auto-router.
The following connections could not be routed -- please review your design (e.g. check pad clearances, trace width rules, and available routing space):
  Net '/MASTER_RETURN' (1 unrouted connection):
    - J3-1  ->  SW1-1
  Net '/LOOP_3V3' (1 unrouted connection):
    - J3-3  ->  SW1-4
  Net '/CC1' (2 unrouted connections):
    - USB1-A5  ->  D2-1
    - D2-1  ->  J2-3
  Net '/CC2' (2 unrouted connections):
    - D3-1  ->  USB1-B5
    - J2-4  ->  USB1-B5
  Net '/VBUS_RAW' (3 unrouted connections):
    - USB1-A4  ->  USB1-A9
    - USB1-A4  ->  F1-1
    - USB1-A4  ->  J2-5
  Net '/VBUS_FUSED' (1 unrouted connection):
    - D1-1  ->  C1-1
2026-09-23 12:48:29.132 INFO   [DB4DDB\38B05B] Auto-routing stage completed: started with 13 unrouted nets, completed in 3.67 seconds, final score: 80.00 (10 unrouted and 19 violations), using 2.85 total CPU seconds, 25.29 GB total allocated, and 370.8 MB peak heap usage.
2026-09-23 12:48:29.135 INFO   [DB4DDB\38B05B] Optimization stage started on board '97c9ce96db46ac656c99163bcf452180' with score 79.99 (10 unrouted and 19 violations).
2026-09-23 12:48:29.151 INFO   [DB4DDB\38B05B] Optimizer pass #1 on board '3640e49b2b468dc904c40e2ab32a1c2b' was completed in 0.01 seconds with the score of 79.99 (10 unrouted and 19 violations).
2026-09-23 12:48:29.153 INFO   [DB4DDB\38B05B] Stopping optimizer because the improvement in this pass (0.0000%) is below the threshold (1.00%).
2026-09-23 12:48:29.155 INFO   [DB4DDB\38B05B] Optimization stage completed: started with score 79.99 (10 unrouted and 19 violations), completed in 0.02 seconds, final score: 79.99 (10 unrouted and 19 violations), using 0.02 total CPU seconds, 0.29 GB total allocated, and 197.2 MB peak heap usage.
2026-09-23 12:48:29.157 INFO   [DB4DDB\38B05B] Job 'DB4DDB\38B05B' finished with state: COMPLETED (elapsed: 3.73 seconds, finished at UTC: 2026-09-23T04:48:29.157276Z).
2026-09-23 12:48:29.661 INFO   Saving output file '/Users/dean/Documents/MORI/hardware/v1_2/kicad/MORI_rear_P5/MORI_rear_P5.ses' (SES)...
2026-09-23 12:48:29.665 INFO   Successfully saved output file '/Users/dean/Documents/MORI/hardware/v1_2/kicad/MORI_rear_P5/MORI_rear_P5.ses' (5206 bytes).
