无法为 J3 添加 3D 模型。
找不到文件: ${KICAD10_3DMODEL_DIR}/Connector_AMASS.3dshapes/AMASS_XT30UPB-M_1x02_P5.0mm_Vertical.step
无法为 F60 添加 3D 模型。
找不到文件: ${KICAD10_3DMODEL_DIR}/Fuse.3dshapes/Fuse_Littelfuse-NANO2-451_453.step
无法为 J5 添加 3D 模型。
找不到文件: ${KICAD10_3DMODEL_DIR}/Connector_AMASS.3dshapes/AMASS_XT30UPB-M_1x02_P5.0mm_Vertical.step
无法为 J2 添加 3D 模型。
找不到文件: ${KICAD10_3DMODEL_DIR}/Connector_AMASS.3dshapes/AMASS_XT30UPB-M_1x02_P5.0mm_Vertical.step
无法为 J4 添加 3D 模型。
找不到文件: ${KICAD10_3DMODEL_DIR}/Connector_AMASS.3dshapes/AMASS_XT30UPB-M_1x02_P5.0mm_Vertical.step
无法为 J1 添加 3D 模型。
找不到文件: ${KICAD10_3DMODEL_DIR}/Connector_AMASS.3dshapes/AMASS_XT30UPB-M_1x02_P5.0mm_Vertical.step
无法为 F70 添加 3D 模型。
找不到文件: ${KICAD10_3DMODEL_DIR}/Fuse.3dshapes/Fuse_Littelfuse-NANO2-451_453.step
无法为 J12 添加 3D 模型。
找不到文件: ${KICAD10_3DMODEL_DIR}/Connector_AMASS.3dshapes/AMASS_XT30UPB-M_1x02_P5.0mm_Vertical.step
无法为 J11 添加 3D 模型。
找不到文件: ${KICAD10_3DMODEL_DIR}/Connector_AMASS.3dshapes/AMASS_XT30UPB-M_1x02_P5.0mm_Vertical.step
STEP file '/Users/dean/Documents/MORI/mechanical/studies/power_P3_detail/MORI_power_P3_POPULATED_PARTIAL.step' created.

导出耗时 0.546 s

2026-09-23 01:01:04.820 kicad-cli[31330:14231128] Error retrieving source file attributes: Error Domain=NSCocoaErrorDomain Code=260 "The file “MORI_power_P3_POPULATED_PARTIAL.step” couldn’t be opened because there is no such file." UserInfo={NSFilePath=/Users/dean/Documents/MORI/mechanical/studies/power_P3_detail/MORI_power_P3_POPULATED_PARTIAL.step, NSURL=file:///Users/dean/Documents/MORI/mechanical/studies/power_P3_detail/MORI_power_P3_POPULATED_PARTIAL.step, NSUnderlyingError=0x766f014390 {Error Domain=NSPOSIXErrorDomain Code=2 "No such file or directory"}}
