00:00.425  blend            | Read blend: "/Users/dean/Documents/MORI/mechanical/mori_v1_2.blend"
SEQUENTIAL_CONTINUOUS 3 0.85244140625 0.8525390625 passed 20 tests 44 sec 8.5
SEQUENTIAL_CONTINUOUS 3 0.85439453125 0.8544921875 passed 40 tests 83 sec 16.2
SEQUENTIAL_CONTINUOUS 3 0.85634765625 0.8564453125 passed 60 tests 125 sec 24.5
SEQUENTIAL_CONTINUOUS 3 0.85830078125 0.8583984375 passed 80 tests 163 sec 31.9
SEQUENTIAL_CONTINUOUS 3 0.86025390625 0.8603515625 passed 100 tests 203 sec 39.9
SEQUENTIAL_CONTINUOUS 3 0.8622070312500001 0.8623046875 passed 120 tests 241 sec 47.4
SEQUENTIAL_CONTINUOUS 3 0.8641601562500001 0.8642578125 passed 140 tests 284 sec 55.7
SEQUENTIAL_CONTINUOUS 3 0.8661132812500001 0.8662109375 passed 160 tests 323 sec 63.4
SEQUENTIAL_CONTINUOUS 3 0.86806640625 0.8681640625 passed 180 tests 362 sec 71.2
SEQUENTIAL_CONTINUOUS 3 0.8700195312500001 0.8701171875 passed 200 tests 402 sec 79.1
SEQUENTIAL_CONTINUOUS 3 0.87197265625 0.8720703125 passed 220 tests 443 sec 87.4
SEQUENTIAL_CONTINUOUS 3 0.87392578125 0.8740234375 passed 240 tests 481 sec 95.0
CONTINUOUS_SEARCH_NODE 0.85 9.0 0.0 rejected 0 retained_intervals 250 candidate_checks 1 seconds 98.6
SEQUENTIAL_CONTINUOUS 3 0.828125 0.8283203125 passed 20 tests 792 sec 145.5
SEQUENTIAL_CONTINUOUS 3 0.830859375 0.83095703125 passed 40 tests 830 sec 150.5
SEQUENTIAL_CONTINUOUS 3 0.8328125 0.83291015625 passed 60 tests 872 sec 156.1
SEQUENTIAL_CONTINUOUS 3 0.8340820312499999 0.8341308593749999 passed 80 tests 910 sec 161.2
SEQUENTIAL_CONTINUOUS 3 0.8350585937499998 0.8351074218749999 passed 100 tests 950 sec 166.6
SEQUENTIAL_CONTINUOUS 3 0.8360351562499999 0.8360839843749999 passed 120 tests 991 sec 172.2
SEQUENTIAL_CONTINUOUS 3 0.8370117187499999 0.8370605468749999 passed 140 tests 1029 sec 177.4
SEQUENTIAL_CONTINUOUS 3 0.8359374999999999 0.83671875 passed 20 tests 1086 sec 186.7
SEQUENTIAL_CONTINUOUS 3 0.827734375 0.8279296875 passed 20 tests 1132 sec 192.6
SEQUENTIAL_CONTINUOUS 3 0.8359374999999999 0.83671875 passed 40 tests 1170 sec 197.7
SEQUENTIAL_CONTINUOUS 3 0.8339843749999999 0.8343749999999999 passed 20 tests 1214 sec 203.4
SEQUENTIAL_CONTINUOUS 3 0.83984375 0.840234375 passed 20 tests 1273 sec 211.4
SEQUENTIAL_CONTINUOUS 3 0.832421875 0.8328125 passed 20 tests 1338 sec 222.1
SEQUENTIAL_CONTINUOUS 3 0.840625 0.8414062499999999 passed 40 tests 1378 sec 228.7
SEQUENTIAL_CONTINUOUS 3 0.8287109374999999 0.82890625 passed 20 tests 1459 sec 244.2
SEQUENTIAL_CONTINUOUS 3 0.8347656249999998 0.8351562499999998 passed 40 tests 1498 sec 252.2
SEQUENTIAL_CONTINUOUS 3 0.842578125 0.84296875 passed 60 tests 1537 sec 259.7
SEQUENTIAL_CONTINUOUS 3 0.832421875 0.8326171874999999 passed 20 tests 1593 sec 268.7
SEQUENTIAL_CONTINUOUS 3 0.8355468749999999 0.8357421875 passed 40 tests 1632 sec 274.1
SEQUENTIAL_CONTINUOUS 3 0.8410156249999999 0.8414062499999999 passed 60 tests 1672 sec 279.5
SEQUENTIAL_CONTINUOUS 3 0.825927734375 0.8259765625 passed 20 tests 1746 sec 293.0
SEQUENTIAL_CONTINUOUS 3 0.826904296875 0.826953125 passed 40 tests 1785 sec 300.3
SEQUENTIAL_CONTINUOUS 3 0.827880859375 0.8279296875 passed 60 tests 1824 sec 307.7
SEQUENTIAL_CONTINUOUS 3 0.8297851562499999 0.8298828125 passed 80 tests 1865 sec 315.6
SEQUENTIAL_CONTINUOUS 3 0.8317382812499999 0.8318359375 passed 100 tests 1905 sec 323.1
SEQUENTIAL_CONTINUOUS 3 0.8343749999999999 0.8345703124999999 passed 120 tests 1945 sec 331.0
SEQUENTIAL_CONTINUOUS 3 0.8414062499999999 0.841796875 passed 140 tests 1983 sec 337.7
SEQUENTIAL_CONTINUOUS 3 0.832421875 0.8328125 passed 20 tests 2034 sec 346.5
SEQUENTIAL_CONTINUOUS 3 0.840234375 0.840625 passed 40 tests 2073 sec 352.0
CONTINUOUS_SEARCH_DONE BLOCKED 250 {'fraction': 0.825, 'next': {'fraction': 0.85, 'amplitude_mm': 9.0, 'side_angle_deg': 0.0}, 'tested': 348}
Blender 5.2.2 LTS (hash d13f752e3b9c built 2026-09-15 01:49:19)

Blender quit
