00:00.379  blend            | Read blend: "/Users/dean/Documents/MORI/mechanical/mori_v1_2.blend"
FIRST_THREE_EDGE 2 0.8 0.825
SEQUENTIAL_CONTINUOUS 2 0.8074218750000001 0.8078125 passed 20 tests 42 sec 8.1
SEQUENTIAL_CONTINUOUS 2 0.8234374999999999 0.825 passed 40 tests 79 sec 15.2
FIRST_THREE_EDGE 2 0.775 0.8
SEQUENTIAL_CONTINUOUS 2 0.7953125000000001 0.7957031250000001 passed 60 tests 121 sec 22.6
FIRST_THREE_EDGE 2 0.0 0.025
SEQUENTIAL_CONTINUOUS 2 0.0001953125 0.000244140625 passed 80 tests 165 sec 31.0
SEQUENTIAL_CONTINUOUS 2 0.0125 0.0140625 passed 100 tests 200 sec 37.2
FIRST_THREE_EDGE 0 0.0 0.025
SEQUENTIAL_CONTINUOUS 0 0.000390625 0.000439453125 passed 120 tests 244 sec 45.4
SEQUENTIAL_CONTINUOUS 0 0.0171875 0.018750000000000003 passed 140 tests 277 sec 50.6
FIRST_THREE_EDGE 0 0.025 0.05
SEQUENTIAL_CONTINUOUS 0 0.0484375 0.05 passed 160 tests 315 sec 56.9
FIRST_THREE_EDGE 0 0.05 0.075
FIRST_THREE_EDGE 0 0.075 0.1
SEQUENTIAL_CONTINUOUS 0 0.0796875 0.08124999999999999 passed 180 tests 355 sec 63.4
FIRST_THREE_EDGE 0 0.1 0.125
SEQUENTIAL_CONTINUOUS 0 0.1109375 0.1125 passed 200 tests 393 sec 69.8
FIRST_THREE_EDGE 0 0.125 0.15
SEQUENTIAL_CONTINUOUS 0 0.1421875 0.14375 passed 220 tests 432 sec 76.8
FIRST_THREE_EDGE 0 0.15 0.175
SEQUENTIAL_CONTINUOUS 0 0.1734375 0.175 passed 240 tests 470 sec 84.4
FIRST_THREE_EDGE 0 0.175 0.2
FIRST_THREE_EDGE 0 0.2 0.225
SEQUENTIAL_CONTINUOUS 0 0.20468750000000002 0.20625000000000002 passed 260 tests 510 sec 92.4
FIRST_THREE_EDGE 0 0.225 0.25
SEQUENTIAL_CONTINUOUS 0 0.2359375 0.2375 passed 280 tests 548 sec 100.4
FIRST_THREE_EDGE 0 0.25 0.275
SEQUENTIAL_CONTINUOUS 0 0.2671875 0.26875000000000004 passed 300 tests 587 sec 107.3
FIRST_THREE_EDGE 0 0.275 0.3
SEQUENTIAL_CONTINUOUS 0 0.2984375 0.3 passed 320 tests 625 sec 113.2
FIRST_THREE_EDGE 0 0.3 0.325
FIRST_THREE_EDGE 0 0.325 0.35
SEQUENTIAL_CONTINUOUS 0 0.3296875 0.33125000000000004 passed 340 tests 665 sec 119.0
FIRST_THREE_EDGE 0 0.35 0.375
SEQUENTIAL_CONTINUOUS 0 0.3609375 0.3625 passed 360 tests 703 sec 124.7
FIRST_THREE_EDGE 0 0.375 0.4
SEQUENTIAL_CONTINUOUS 0 0.3921875 0.39375000000000004 passed 380 tests 742 sec 130.4
FIRST_THREE_EDGE 0 0.4 0.425
SEQUENTIAL_CONTINUOUS 0 0.4234375 0.425 passed 400 tests 780 sec 136.6
FIRST_THREE_EDGE 0 0.425 0.45
FIRST_THREE_EDGE 0 0.45 0.475
SEQUENTIAL_CONTINUOUS 0 0.4546875 0.45625000000000004 passed 420 tests 820 sec 143.1
FIRST_THREE_EDGE 0 0.475 0.5
SEQUENTIAL_CONTINUOUS 0 0.4859375 0.4875 passed 440 tests 858 sec 149.4
FIRST_THREE_EDGE 0 0.5 0.525
SEQUENTIAL_CONTINUOUS 0 0.5171875 0.51875 passed 460 tests 897 sec 155.9
FIRST_THREE_EDGE 0 0.525 0.55
SEQUENTIAL_CONTINUOUS 0 0.5484375 0.55 passed 480 tests 935 sec 162.4
FIRST_THREE_EDGE 0 0.55 0.575
FIRST_THREE_EDGE 0 0.575 0.6
SEQUENTIAL_CONTINUOUS 0 0.5796874999999999 0.5812499999999999 passed 500 tests 975 sec 168.8
FIRST_THREE_EDGE 0 0.6 0.625
SEQUENTIAL_CONTINUOUS 0 0.6109375 0.6125 passed 520 tests 1013 sec 175.2
FIRST_THREE_EDGE 0 0.625 0.65
SEQUENTIAL_CONTINUOUS 0 0.6421875 0.64375 passed 540 tests 1052 sec 181.6
FIRST_THREE_EDGE 0 0.65 0.675
SEQUENTIAL_CONTINUOUS 0 0.6734375 0.675 passed 560 tests 1090 sec 188.1
FIRST_THREE_EDGE 0 0.675 0.7
FIRST_THREE_EDGE 0 0.7 0.725
SEQUENTIAL_CONTINUOUS 0 0.7046874999999999 0.7062499999999999 passed 580 tests 1130 sec 194.7
FIRST_THREE_EDGE 0 0.725 0.75
SEQUENTIAL_CONTINUOUS 0 0.7359375 0.7375 passed 600 tests 1168 sec 201.3
FIRST_THREE_EDGE 0 0.75 0.775
SEQUENTIAL_CONTINUOUS 0 0.7671875 0.76875 passed 620 tests 1207 sec 208.1
FIRST_THREE_EDGE 0 0.775 0.8
SEQUENTIAL_CONTINUOUS 0 0.7984375 0.8 passed 640 tests 1245 sec 214.4
FIRST_THREE_EDGE 0 0.8 0.825
SEQUENTIAL_CONTINUOUS 0 0.8119140625000001 0.812109375 passed 660 tests 1286 sec 220.7
SEQUENTIAL_CONTINUOUS 0 0.8158203125000001 0.816015625 passed 680 tests 1328 sec 227.3
SEQUENTIAL_CONTINUOUS 0 0.8181640625 0.81826171875 passed 700 tests 1367 sec 233.4
SEQUENTIAL_CONTINUOUS 0 0.8201171875 0.82021484375 passed 720 tests 1407 sec 239.8
SEQUENTIAL_CONTINUOUS 0 0.8220703125 0.8221679687499999 passed 740 tests 1448 sec 246.4
SEQUENTIAL_CONTINUOUS 0 0.8240234375 0.82412109375 passed 760 tests 1486 sec 252.4
FIRST_THREE_EDGE 0 0.825 0.85
SEQUENTIAL_CONTINUOUS 0 0.8259765625 0.82607421875 passed 780 tests 1529 sec 258.9
SEQUENTIAL_CONTINUOUS 0 0.8279296875 0.82802734375 passed 800 tests 1567 sec 265.0
SEQUENTIAL_CONTINUOUS 0 0.8298828125 0.8299804687499999 passed 820 tests 1608 sec 271.6
SEQUENTIAL_CONTINUOUS 0 0.8318359375 0.83193359375 passed 840 tests 1648 sec 278.1
SEQUENTIAL_CONTINUOUS 0 0.8337890625 0.8338867187499999 passed 860 tests 1687 sec 284.5
SEQUENTIAL_CONTINUOUS 0 0.8357421875 0.8358398437499999 passed 880 tests 1726 sec 292.4
SEQUENTIAL_CONTINUOUS 0 0.8376953125 0.8377929687499999 passed 900 tests 1769 sec 299.4
SEQUENTIAL_CONTINUOUS 0 0.8396484375 0.83974609375 passed 920 tests 1807 sec 305.7
SEQUENTIAL_CONTINUOUS 0 0.8416015625 0.84169921875 passed 940 tests 1847 sec 312.4
SEQUENTIAL_CONTINUOUS 0 0.8435546875 0.84365234375 passed 960 tests 1885 sec 319.7
SEQUENTIAL_CONTINUOUS 0 0.8455078125 0.84560546875 passed 980 tests 1927 sec 327.0
SEQUENTIAL_CONTINUOUS 0 0.8474609375 0.84755859375 passed 1000 tests 1966 sec 333.6
SEQUENTIAL_CONTINUOUS 0 0.8494140625 0.84951171875 passed 1020 tests 2005 sec 340.3
FIRST_THREE_EDGE 0 0.85 0.875
SEQUENTIAL_CONTINUOUS 0 0.8513671875 0.85146484375 passed 1040 tests 2047 sec 347.1
SEQUENTIAL_CONTINUOUS 0 0.8533203125 0.8534179687499999 passed 1060 tests 2088 sec 354.2
SEQUENTIAL_CONTINUOUS 0 0.8552734375 0.85537109375 passed 1080 tests 2126 sec 360.7
SEQUENTIAL_CONTINUOUS 0 0.8572265625 0.85732421875 passed 1100 tests 2167 sec 367.8
SEQUENTIAL_CONTINUOUS 0 0.8591796875 0.85927734375 passed 1120 tests 2205 sec 374.4
SEQUENTIAL_CONTINUOUS 0 0.8611328125 0.86123046875 passed 1140 tests 2246 sec 381.5
SEQUENTIAL_CONTINUOUS 0 0.8630859375 0.86318359375 passed 1160 tests 2287 sec 388.6
SEQUENTIAL_CONTINUOUS 0 0.8650390625000002 0.8651367187500001 passed 1180 tests 2326 sec 395.3
SEQUENTIAL_CONTINUOUS 0 0.8669921875 0.86708984375 passed 1200 tests 2365 sec 402.0
SEQUENTIAL_CONTINUOUS 0 0.8689453125 0.86904296875 passed 1220 tests 2407 sec 409.4
SEQUENTIAL_CONTINUOUS 0 0.8708984375 0.87099609375 passed 1240 tests 2445 sec 416.0
SEQUENTIAL_CONTINUOUS 0 0.8728515625 0.87294921875 passed 1260 tests 2485 sec 423.1
SEQUENTIAL_CONTINUOUS 0 0.8748046875 0.87490234375 passed 1280 tests 2523 sec 429.8
FIRST_THREE_EDGE 0 0.875 0.9
SEQUENTIAL_CONTINUOUS 0 0.8767578125 0.87685546875 passed 1300 tests 2567 sec 437.6
SEQUENTIAL_CONTINUOUS 0 0.8787109375 0.87880859375 passed 1320 tests 2606 sec 444.5
SEQUENTIAL_CONTINUOUS 0 0.8806640625 0.88076171875 passed 1340 tests 2645 sec 451.6
SEQUENTIAL_CONTINUOUS 0 0.8826171875 0.88271484375 passed 1360 tests 2685 sec 458.7
SEQUENTIAL_CONTINUOUS 0 0.8845703125 0.8846679687499999 passed 1380 tests 2726 sec 465.9
SEQUENTIAL_CONTINUOUS 0 0.8865234375 0.88662109375 passed 1400 tests 2764 sec 472.5
SEQUENTIAL_CONTINUOUS 0 0.8884765625 0.88857421875 passed 1420 tests 2806 sec 479.7
SEQUENTIAL_CONTINUOUS 0 0.8904296875 0.89052734375 passed 1440 tests 2844 sec 486.2
SEQUENTIAL_CONTINUOUS 0 0.8923828125 0.89248046875 passed 1460 tests 2885 sec 493.9
SEQUENTIAL_CONTINUOUS 0 0.8943359375 0.89443359375 passed 1480 tests 2925 sec 501.2
SEQUENTIAL_CONTINUOUS 0 0.8962890625000002 0.8963867187500001 passed 1500 tests 2964 sec 508.0
SEQUENTIAL_CONTINUOUS 0 0.8982421875 0.89833984375 passed 1520 tests 3003 sec 514.9
FIRST_THREE_EDGE 0 0.9 0.925
SEQUENTIAL_CONTINUOUS 0 0.9001953125 0.90029296875 passed 1540 tests 3047 sec 522.4
SEQUENTIAL_CONTINUOUS 0 0.9021484375 0.90224609375 passed 1560 tests 3085 sec 529.1
SEQUENTIAL_CONTINUOUS 0 0.9041015625 0.90419921875 passed 1580 tests 3125 sec 536.3
SEQUENTIAL_CONTINUOUS 0 0.9060546875 0.90615234375 passed 1600 tests 3163 sec 543.1
SEQUENTIAL_CONTINUOUS 0 0.9080078125 0.90810546875 passed 1620 tests 3205 sec 550.6
SEQUENTIAL_CONTINUOUS 0 0.9099609375 0.91005859375 passed 1640 tests 3244 sec 557.5
SEQUENTIAL_CONTINUOUS 0 0.9119140625000002 0.9120117187500001 passed 1660 tests 3283 sec 564.7
SEQUENTIAL_CONTINUOUS 0 0.9138671875000002 0.9139648437500001 passed 1680 tests 3324 sec 572.9
SEQUENTIAL_CONTINUOUS 0 0.9158203125000002 0.9159179687500001 passed 1700 tests 3365 sec 581.1
SEQUENTIAL_CONTINUOUS 0 0.9177734375 0.91787109375 passed 1720 tests 3403 sec 588.3
SEQUENTIAL_CONTINUOUS 0 0.9197265625000002 0.9198242187500001 passed 1740 tests 3444 sec 596.5
SEQUENTIAL_CONTINUOUS 0 0.9216796875 0.92177734375 passed 1760 tests 3482 sec 604.4
SEQUENTIAL_CONTINUOUS 0 0.9236328125 0.92373046875 passed 1780 tests 3523 sec 612.4
FIRST_THREE_EDGE 0 0.925 0.95
SEQUENTIAL_CONTINUOUS 0 0.9255859375 0.92568359375 passed 1800 tests 3565 sec 619.8
SEQUENTIAL_CONTINUOUS 0 0.9275390625000002 0.9276367187500001 passed 1820 tests 3604 sec 626.9
SEQUENTIAL_CONTINUOUS 0 0.9294921875 0.92958984375 passed 1840 tests 3643 sec 634.1
SEQUENTIAL_CONTINUOUS 0 0.9314453125 0.93154296875 passed 1860 tests 3685 sec 643.0
SEQUENTIAL_CONTINUOUS 0 0.9333984375 0.93349609375 passed 1880 tests 3723 sec 650.6
SEQUENTIAL_CONTINUOUS 0 0.9353515625 0.93544921875 passed 1900 tests 3763 sec 659.3
SEQUENTIAL_CONTINUOUS 0 0.9373046875 0.93740234375 passed 1920 tests 3801 sec 667.1
SEQUENTIAL_CONTINUOUS 0 0.9392578125 0.93935546875 passed 1940 tests 3844 sec 675.6
SEQUENTIAL_CONTINUOUS 0 0.9412109375 0.94130859375 passed 1960 tests 3883 sec 683.2
SEQUENTIAL_CONTINUOUS 0 0.9431640625 0.94326171875 passed 1980 tests 3922 sec 691.1
SEQUENTIAL_CONTINUOUS 0 0.9451171875 0.94521484375 passed 2000 tests 3962 sec 698.9
SEQUENTIAL_CONTINUOUS 0 0.9470703125 0.9471679687499999 passed 2020 tests 4003 sec 707.1
SEQUENTIAL_CONTINUOUS 0 0.9490234375 0.94912109375 passed 2040 tests 4041 sec 714.0
FIRST_THREE_EDGE 0 0.95 0.975
SEQUENTIAL_CONTINUOUS 0 0.9509765625 0.95107421875 passed 2060 tests 4084 sec 720.4
SEQUENTIAL_CONTINUOUS 0 0.9529296875 0.95302734375 passed 2080 tests 4122 sec 726.2
SEQUENTIAL_CONTINUOUS 0 0.9548828125 0.9549804687499999 passed 2100 tests 4163 sec 732.8
SEQUENTIAL_CONTINUOUS 0 0.9568359375 0.95693359375 passed 2120 tests 4203 sec 739.7
SEQUENTIAL_CONTINUOUS 0 0.9587890625 0.9588867187499999 passed 2140 tests 4242 sec 745.8
SEQUENTIAL_CONTINUOUS 0 0.9607421875 0.9608398437499999 passed 2160 tests 4281 sec 752.0
SEQUENTIAL_CONTINUOUS 0 0.9626953125 0.9627929687499999 passed 2180 tests 4324 sec 758.5
SEQUENTIAL_CONTINUOUS 0 0.9646484375 0.96474609375 passed 2200 tests 4362 sec 764.4
SEQUENTIAL_CONTINUOUS 0 0.9666015625 0.96669921875 passed 2220 tests 4402 sec 770.5
SEQUENTIAL_CONTINUOUS 0 0.9685546875 0.96865234375 passed 2240 tests 4440 sec 776.3
SEQUENTIAL_CONTINUOUS 0 0.9705078125 0.97060546875 passed 2260 tests 4482 sec 782.8
SEQUENTIAL_CONTINUOUS 0 0.9724609375 0.97255859375 passed 2280 tests 4521 sec 788.7
SEQUENTIAL_CONTINUOUS 0 0.9744140625 0.97451171875 passed 2300 tests 4560 sec 794.7
FIRST_THREE_EDGE 0 0.975 1.0
SEQUENTIAL_CONTINUOUS 0 0.9763671875 0.97646484375 passed 2320 tests 4602 sec 800.8
SEQUENTIAL_CONTINUOUS 0 0.9783203125 0.9784179687499999 passed 2340 tests 4643 sec 807.3
SEQUENTIAL_CONTINUOUS 0 0.9802734375 0.98037109375 passed 2360 tests 4681 sec 813.1
SEQUENTIAL_CONTINUOUS 0 0.9822265625 0.98232421875 passed 2380 tests 4722 sec 819.5
SEQUENTIAL_CONTINUOUS 0 0.9841796875 0.98427734375 passed 2400 tests 4760 sec 825.3
SEQUENTIAL_CONTINUOUS 0 0.9861328125 0.98623046875 passed 2420 tests 4801 sec 831.8
SEQUENTIAL_CONTINUOUS 0 0.9880859375 0.98818359375 passed 2440 tests 4842 sec 838.0
SEQUENTIAL_CONTINUOUS 0 0.9900390625000002 0.9901367187500001 passed 2460 tests 4881 sec 844.0
SEQUENTIAL_CONTINUOUS 0 0.9919921875 0.99208984375 passed 2480 tests 4920 sec 850.4
SEQUENTIAL_CONTINUOUS 0 0.9939453125 0.99404296875 passed 2500 tests 4962 sec 857.7
SEQUENTIAL_CONTINUOUS 0 0.9958984375 0.99599609375 passed 2520 tests 5000 sec 864.5
SEQUENTIAL_CONTINUOUS 0 0.9978515625 0.99794921875 passed 2540 tests 5040 sec 871.8
SEQUENTIAL_CONTINUOUS 0 0.9998046875 0.9998535156249999 passed 2560 tests 5079 sec 878.6
FIRST_THREE_EDGE 1 0.0 0.025
SEQUENTIAL_CONTINUOUS 1 0.0006835937500000001 0.00078125 passed 2580 tests 5121 sec 886.0
SEQUENTIAL_CONTINUOUS 1 0.0234375 0.025 passed 2600 tests 5156 sec 891.7
FIRST_THREE_EDGE 1 0.025 0.05
FIRST_THREE_EDGE 1 0.05 0.075
SEQUENTIAL_CONTINUOUS 1 0.0546875 0.05625 passed 2620 tests 5196 sec 897.6
FIRST_THREE_EDGE 1 0.075 0.1
SEQUENTIAL_CONTINUOUS 1 0.0859375 0.0875 passed 2640 tests 5234 sec 903.5
FIRST_THREE_EDGE 1 0.1 0.125
SEQUENTIAL_CONTINUOUS 1 0.1171875 0.11875 passed 2660 tests 5273 sec 909.3
FIRST_THREE_EDGE 1 0.125 0.15
SEQUENTIAL_CONTINUOUS 1 0.1484375 0.15 passed 2680 tests 5311 sec 915.1
FIRST_THREE_EDGE 1 0.15 0.175
FIRST_THREE_EDGE 1 0.175 0.2
SEQUENTIAL_CONTINUOUS 1 0.1796875 0.18125 passed 2700 tests 5351 sec 920.8
FIRST_THREE_EDGE 1 0.2 0.225
SEQUENTIAL_CONTINUOUS 1 0.21093750000000003 0.21250000000000002 passed 2720 tests 5389 sec 926.6
FIRST_THREE_EDGE 1 0.225 0.25
SEQUENTIAL_CONTINUOUS 1 0.2421875 0.24375 passed 2740 tests 5428 sec 932.3
FIRST_THREE_EDGE 1 0.25 0.275
SEQUENTIAL_CONTINUOUS 1 0.2734375 0.275 passed 2760 tests 5466 sec 938.0
FIRST_THREE_EDGE 1 0.275 0.3
FIRST_THREE_EDGE 1 0.3 0.325
SEQUENTIAL_CONTINUOUS 1 0.3046875 0.30625 passed 2780 tests 5506 sec 943.8
FIRST_THREE_EDGE 1 0.325 0.35
SEQUENTIAL_CONTINUOUS 1 0.3359375 0.3375 passed 2800 tests 5544 sec 949.5
FIRST_THREE_EDGE 1 0.35 0.375
SEQUENTIAL_CONTINUOUS 1 0.3671875 0.36875 passed 2820 tests 5583 sec 955.2
FIRST_THREE_EDGE 1 0.375 0.4
SEQUENTIAL_CONTINUOUS 1 0.3984375 0.4 passed 2840 tests 5621 sec 961.0
FIRST_THREE_EDGE 1 0.4 0.425
FIRST_THREE_EDGE 1 0.425 0.45
SEQUENTIAL_CONTINUOUS 1 0.4296875 0.43125 passed 2860 tests 5661 sec 966.8
FIRST_THREE_EDGE 1 0.45 0.475
SEQUENTIAL_CONTINUOUS 1 0.4609375 0.4625 passed 2880 tests 5699 sec 972.6
FIRST_THREE_EDGE 1 0.475 0.5
SEQUENTIAL_CONTINUOUS 1 0.4921875 0.49375 passed 2900 tests 5738 sec 978.4
FIRST_THREE_EDGE 1 0.5 0.525
SEQUENTIAL_CONTINUOUS 1 0.5234375 0.525 passed 2920 tests 5776 sec 984.1
FIRST_THREE_EDGE 1 0.525 0.55
FIRST_THREE_EDGE 1 0.55 0.575
SEQUENTIAL_CONTINUOUS 1 0.5546875 0.55625 passed 2940 tests 5816 sec 989.8
FIRST_THREE_EDGE 1 0.575 0.6
SEQUENTIAL_CONTINUOUS 1 0.5859374999999999 0.5874999999999999 passed 2960 tests 5854 sec 995.4
FIRST_THREE_EDGE 1 0.6 0.625
SEQUENTIAL_CONTINUOUS 1 0.6171875 0.61875 passed 2980 tests 5893 sec 1001.2
FIRST_THREE_EDGE 1 0.625 0.65
SEQUENTIAL_CONTINUOUS 1 0.6484375 0.65 passed 3000 tests 5931 sec 1007.2
FIRST_THREE_EDGE 1 0.65 0.675
FIRST_THREE_EDGE 1 0.675 0.7
SEQUENTIAL_CONTINUOUS 1 0.6796875 0.68125 passed 3020 tests 5971 sec 1013.2
FIRST_THREE_EDGE 1 0.7 0.725
SEQUENTIAL_CONTINUOUS 1 0.7109374999999999 0.7124999999999999 passed 3040 tests 6009 sec 1019.3
FIRST_THREE_EDGE 1 0.725 0.75
SEQUENTIAL_CONTINUOUS 1 0.7421875 0.74375 passed 3060 tests 6048 sec 1025.1
FIRST_THREE_EDGE 1 0.75 0.775
SEQUENTIAL_CONTINUOUS 1 0.7734375 0.775 passed 3080 tests 6086 sec 1031.0
FIRST_THREE_EDGE 1 0.775 0.8
FIRST_THREE_EDGE 1 0.8 0.825
SEQUENTIAL_CONTINUOUS 1 0.8046875 0.80625 passed 3100 tests 6126 sec 1037.0
FIRST_THREE_EDGE 1 0.825 0.85
SEQUENTIAL_CONTINUOUS 1 0.8359374999999999 0.8374999999999999 passed 3120 tests 6164 sec 1043.0
SEQUENTIAL_CONTINUOUS 1 0.8482421874999999 0.8484375 passed 3140 tests 6204 sec 1050.3
FIRST_THREE_EDGE 1 0.85 0.875
SEQUENTIAL_CONTINUOUS 1 0.85166015625 0.8517578125 passed 3160 tests 6248 sec 1058.5
SEQUENTIAL_CONTINUOUS 1 0.8536132812499999 0.8537109374999998 passed 3180 tests 6287 sec 1066.0
SEQUENTIAL_CONTINUOUS 1 0.85556640625 0.8556640625 passed 3200 tests 6326 sec 1073.5
SEQUENTIAL_CONTINUOUS 1 0.85751953125 0.8576171875 passed 3220 tests 6366 sec 1081.1
SEQUENTIAL_CONTINUOUS 1 0.85947265625 0.8595703125 passed 3240 tests 6407 sec 1089.2
SEQUENTIAL_CONTINUOUS 1 0.86142578125 0.8615234375 passed 3260 tests 6445 sec 1096.4
SEQUENTIAL_CONTINUOUS 1 0.86337890625 0.8634765625 passed 3280 tests 6487 sec 1104.4
SEQUENTIAL_CONTINUOUS 1 0.8653320312500001 0.8654296875 passed 3300 tests 6525 sec 1111.7
SEQUENTIAL_CONTINUOUS 1 0.86728515625 0.8673828125 passed 3320 tests 6566 sec 1119.9
SEQUENTIAL_CONTINUOUS 1 0.86923828125 0.8693359375 passed 3340 tests 6606 sec 1127.7
SEQUENTIAL_CONTINUOUS 1 0.87119140625 0.8712890625 passed 3360 tests 6645 sec 1135.5
SEQUENTIAL_CONTINUOUS 1 0.87314453125 0.8732421875 passed 3380 tests 6684 sec 1143.6
FIRST_THREE_EDGE 1 0.875 0.9
SEQUENTIAL_CONTINUOUS 1 0.87509765625 0.8751953125 passed 3400 tests 6728 sec 1152.3
SEQUENTIAL_CONTINUOUS 1 0.87705078125 0.8771484375 passed 3420 tests 6766 sec 1159.7
SEQUENTIAL_CONTINUOUS 1 0.87900390625 0.8791015625 passed 3440 tests 6806 sec 1167.7
SEQUENTIAL_CONTINUOUS 1 0.88095703125 0.8810546875 passed 3460 tests 6844 sec 1175.3
SEQUENTIAL_CONTINUOUS 1 0.88291015625 0.8830078125 passed 3480 tests 6886 sec 1184.0
SEQUENTIAL_CONTINUOUS 1 0.8848632812499999 0.8849609374999998 passed 3500 tests 6925 sec 1191.9
SEQUENTIAL_CONTINUOUS 1 0.88681640625 0.8869140625 passed 3520 tests 6964 sec 1199.7
SEQUENTIAL_CONTINUOUS 1 0.88876953125 0.8888671875 passed 3540 tests 7005 sec 1207.9
SEQUENTIAL_CONTINUOUS 1 0.89072265625 0.8908203125 passed 3560 tests 7046 sec 1216.3
SEQUENTIAL_CONTINUOUS 1 0.89267578125 0.8927734375 passed 3580 tests 7084 sec 1223.9
SEQUENTIAL_CONTINUOUS 1 0.89462890625 0.8947265625 passed 3600 tests 7125 sec 1232.2
SEQUENTIAL_CONTINUOUS 1 0.8965820312500001 0.8966796875 passed 3620 tests 7163 sec 1239.9
SEQUENTIAL_CONTINUOUS 1 0.89853515625 0.8986328125 passed 3640 tests 7204 sec 1248.6
FIRST_THREE_EDGE 1 0.9 0.925
SEQUENTIAL_CONTINUOUS 1 0.90048828125 0.9005859375 passed 3660 tests 7246 sec 1256.7
SEQUENTIAL_CONTINUOUS 1 0.90244140625 0.9025390625 passed 3680 tests 7285 sec 1264.7
SEQUENTIAL_CONTINUOUS 1 0.90439453125 0.9044921875 passed 3700 tests 7324 sec 1272.7
SEQUENTIAL_CONTINUOUS 1 0.90634765625 0.9064453125 passed 3720 tests 7366 sec 1281.5
SEQUENTIAL_CONTINUOUS 1 0.90830078125 0.9083984375 passed 3740 tests 7404 sec 1289.2
SEQUENTIAL_CONTINUOUS 1 0.91025390625 0.9103515625 passed 3760 tests 7444 sec 1298.0
SEQUENTIAL_CONTINUOUS 1 0.9122070312500001 0.9123046875 passed 3780 tests 7482 sec 1306.6
SEQUENTIAL_CONTINUOUS 1 0.9141601562500001 0.9142578125 passed 3800 tests 7525 sec 1315.8
SEQUENTIAL_CONTINUOUS 1 0.9161132812500001 0.9162109375 passed 3820 tests 7564 sec 1324.2
SEQUENTIAL_CONTINUOUS 1 0.91806640625 0.9181640625 passed 3840 tests 7603 sec 1332.6
SEQUENTIAL_CONTINUOUS 1 0.9200195312500001 0.9201171875 passed 3860 tests 7643 sec 1340.8
SEQUENTIAL_CONTINUOUS 1 0.92197265625 0.9220703125 passed 3880 tests 7684 sec 1349.5
SEQUENTIAL_CONTINUOUS 1 0.92392578125 0.9240234375 passed 3900 tests 7722 sec 1357.4
FIRST_THREE_EDGE 1 0.925 0.95
SEQUENTIAL_CONTINUOUS 1 0.92587890625 0.9259765625 passed 3920 tests 7765 sec 1366.1
SEQUENTIAL_CONTINUOUS 1 0.9278320312500001 0.9279296875 passed 3940 tests 7803 sec 1374.0
SEQUENTIAL_CONTINUOUS 1 0.92978515625 0.9298828125 passed 3960 tests 7844 sec 1382.8
SEQUENTIAL_CONTINUOUS 1 0.93173828125 0.9318359375 passed 3980 tests 7884 sec 1391.1
SEQUENTIAL_CONTINUOUS 1 0.93369140625 0.9337890625 passed 4000 tests 7923 sec 1399.3
SEQUENTIAL_CONTINUOUS 1 0.93564453125 0.9357421875 passed 4020 tests 7962 sec 1407.4
SEQUENTIAL_CONTINUOUS 1 0.93759765625 0.9376953125 passed 4040 tests 8005 sec 1416.2
SEQUENTIAL_CONTINUOUS 1 0.93955078125 0.9396484375 passed 4060 tests 8043 sec 1424.1
SEQUENTIAL_CONTINUOUS 1 0.94150390625 0.9416015625 passed 4080 tests 8083 sec 1432.6
SEQUENTIAL_CONTINUOUS 1 0.94345703125 0.9435546875 passed 4100 tests 8121 sec 1440.4
SEQUENTIAL_CONTINUOUS 1 0.94541015625 0.9455078125 passed 4120 tests 8163 sec 1449.2
SEQUENTIAL_CONTINUOUS 1 0.9473632812499999 0.9474609374999998 passed 4140 tests 8202 sec 1457.4
SEQUENTIAL_CONTINUOUS 1 0.94931640625 0.9494140625 passed 4160 tests 8241 sec 1465.6
FIRST_THREE_EDGE 1 0.95 0.975
SEQUENTIAL_CONTINUOUS 1 0.95126953125 0.9513671875 passed 4180 tests 8283 sec 1474.0
SEQUENTIAL_CONTINUOUS 1 0.95322265625 0.9533203125 passed 4200 tests 8324 sec 1482.9
SEQUENTIAL_CONTINUOUS 1 0.9551757812499999 0.9552734374999998 passed 4220 tests 8362 sec 1490.9
SEQUENTIAL_CONTINUOUS 1 0.95712890625 0.9572265625 passed 4240 tests 8403 sec 1500.3
SEQUENTIAL_CONTINUOUS 1 0.9590820312499999 0.9591796874999998 passed 4260 tests 8441 sec 1509.5
SEQUENTIAL_CONTINUOUS 1 0.9610351562499999 0.9611328124999998 passed 4280 tests 8482 sec 1519.4
SEQUENTIAL_CONTINUOUS 1 0.9629882812499999 0.9630859374999998 passed 4300 tests 8523 sec 1528.9
SEQUENTIAL_CONTINUOUS 1 0.96494140625 0.9650390625 passed 4320 tests 8562 sec 2132.9
SEQUENTIAL_CONTINUOUS 1 0.96689453125 0.9669921875 passed 4340 tests 8601 sec 2145.8
SEQUENTIAL_CONTINUOUS 1 0.96884765625 0.9689453125 passed 4360 tests 8643 sec 2154.3
SEQUENTIAL_CONTINUOUS 1 0.97080078125 0.9708984375 passed 4380 tests 8681 sec 3107.0
SEQUENTIAL_CONTINUOUS 1 0.97275390625 0.9728515625 passed 4400 tests 8721 sec 3120.8
SEQUENTIAL_CONTINUOUS 1 0.97470703125 0.9748046875 passed 4420 tests 8759 sec 3133.9
FIRST_THREE_EDGE 1 0.975 1.0
SEQUENTIAL_CONTINUOUS 1 0.97666015625 0.9767578125 passed 4440 tests 8803 sec 3148.2
SEQUENTIAL_CONTINUOUS 1 0.9786132812499999 0.9787109374999998 passed 4460 tests 8842 sec 4120.3
SEQUENTIAL_CONTINUOUS 1 0.98056640625 0.9806640625 passed 4480 tests 8881 sec 4133.7
SEQUENTIAL_CONTINUOUS 1 0.98251953125 0.9826171875 passed 4500 tests 8921 sec 4144.8
SEQUENTIAL_CONTINUOUS 1 0.98447265625 0.9845703125 passed 4520 tests 8962 sec 5135.2
SEQUENTIAL_CONTINUOUS 1 0.98642578125 0.9865234375 passed 4540 tests 9000 sec 6060.1
SEQUENTIAL_CONTINUOUS 1 0.98837890625 0.9884765625 passed 4560 tests 9042 sec 7070.1
SEQUENTIAL_CONTINUOUS 1 0.9903320312500001 0.9904296875 passed 4580 tests 9080 sec 7084.7
SEQUENTIAL_CONTINUOUS 1 0.99228515625 0.9923828125 passed 4600 tests 9121 sec 7099.9
SEQUENTIAL_CONTINUOUS 1 0.99423828125 0.9943359375 passed 4620 tests 9161 sec 7113.6
SEQUENTIAL_CONTINUOUS 1 0.99619140625 0.9962890625 passed 4640 tests 9200 sec 7127.4
SEQUENTIAL_CONTINUOUS 1 0.99814453125 0.9982421875 passed 4660 tests 9239 sec 7141.4
SEQUENTIAL_CONTINUOUS 1 0.9998535156249999 0.99990234375 passed 4680 tests 9278 sec 7154.6
FIRST_THREE_EDGE 2 0.025 0.05
SEQUENTIAL_CONTINUOUS 2 0.0484375 0.05 passed 4700 tests 9316 sec 7164.3
FIRST_THREE_EDGE 2 0.05 0.075
FIRST_THREE_EDGE 2 0.075 0.1
SEQUENTIAL_CONTINUOUS 2 0.0796875 0.08124999999999999 passed 4720 tests 9356 sec 7173.5
FIRST_THREE_EDGE 2 0.1 0.125
SEQUENTIAL_CONTINUOUS 2 0.1109375 0.1125 passed 4740 tests 9394 sec 7182.6
FIRST_THREE_EDGE 2 0.125 0.15
SEQUENTIAL_CONTINUOUS 2 0.1421875 0.14375 passed 4760 tests 9433 sec 7191.9
FIRST_THREE_EDGE 2 0.15 0.175
SEQUENTIAL_CONTINUOUS 2 0.1734375 0.175 passed 4780 tests 9471 sec 7201.2
FIRST_THREE_EDGE 2 0.175 0.2
FIRST_THREE_EDGE 2 0.2 0.225
SEQUENTIAL_CONTINUOUS 2 0.20468750000000002 0.20625000000000002 passed 4800 tests 9511 sec 7210.4
FIRST_THREE_EDGE 2 0.225 0.25
SEQUENTIAL_CONTINUOUS 2 0.2359375 0.2375 passed 4820 tests 9549 sec 7219.6
FIRST_THREE_EDGE 2 0.25 0.275
SEQUENTIAL_CONTINUOUS 2 0.2671875 0.26875000000000004 passed 4840 tests 9588 sec 7228.9
FIRST_THREE_EDGE 2 0.275 0.3
SEQUENTIAL_CONTINUOUS 2 0.2984375 0.3 passed 4860 tests 9626 sec 7238.2
FIRST_THREE_EDGE 2 0.3 0.325
FIRST_THREE_EDGE 2 0.325 0.35
SEQUENTIAL_CONTINUOUS 2 0.3296875 0.33125000000000004 passed 4880 tests 9666 sec 7246.5
FIRST_THREE_EDGE 2 0.35 0.375
SEQUENTIAL_CONTINUOUS 2 0.3609375 0.3625 passed 4900 tests 9704 sec 8264.8
FIRST_THREE_EDGE 2 0.375 0.4
SEQUENTIAL_CONTINUOUS 2 0.3921875 0.39375000000000004 passed 4920 tests 9743 sec 8274.5
FIRST_THREE_EDGE 2 0.4 0.425
SEQUENTIAL_CONTINUOUS 2 0.4234375 0.425 passed 4940 tests 9781 sec 8281.6
FIRST_THREE_EDGE 2 0.425 0.45
FIRST_THREE_EDGE 2 0.45 0.475
SEQUENTIAL_CONTINUOUS 2 0.4546875 0.45625000000000004 passed 4960 tests 9821 sec 8787.3
FIRST_THREE_EDGE 2 0.475 0.5
SEQUENTIAL_CONTINUOUS 2 0.4859375 0.4875 passed 4980 tests 9859 sec 8796.5
FIRST_THREE_EDGE 2 0.5 0.525
SEQUENTIAL_CONTINUOUS 2 0.5171875 0.51875 passed 5000 tests 9898 sec 8805.9
FIRST_THREE_EDGE 2 0.525 0.55
SEQUENTIAL_CONTINUOUS 2 0.5484375 0.55 passed 5020 tests 9936 sec 8815.1
FIRST_THREE_EDGE 2 0.55 0.575
FIRST_THREE_EDGE 2 0.575 0.6
SEQUENTIAL_CONTINUOUS 2 0.5796874999999999 0.5812499999999999 passed 5040 tests 9976 sec 8824.3
FIRST_THREE_EDGE 2 0.6 0.625
SEQUENTIAL_CONTINUOUS 2 0.6109375 0.6125 passed 5060 tests 10014 sec 8833.5
FIRST_THREE_EDGE 2 0.625 0.65
SEQUENTIAL_CONTINUOUS 2 0.6421875 0.64375 passed 5080 tests 10053 sec 8842.8
FIRST_THREE_EDGE 2 0.65 0.675
SEQUENTIAL_CONTINUOUS 2 0.6734375 0.675 passed 5100 tests 10091 sec 8852.2
FIRST_THREE_EDGE 2 0.675 0.7
FIRST_THREE_EDGE 2 0.7 0.725
SEQUENTIAL_CONTINUOUS 2 0.7046874999999999 0.7062499999999999 passed 5120 tests 10131 sec 8861.9
FIRST_THREE_EDGE 2 0.725 0.75
SEQUENTIAL_CONTINUOUS 2 0.7359375 0.7375 passed 5140 tests 10169 sec 8871.6
FIRST_THREE_EDGE 2 0.75 0.775
SEQUENTIAL_CONTINUOUS 2 0.7671875 0.76875 passed 5160 tests 10208 sec 8880.9
FIRST_THREE_EDGE 2 0.825 0.85
SEQUENTIAL_CONTINUOUS 2 0.84453125 0.844921875 passed 5180 tests 10249 sec 8891.3
SEQUENTIAL_CONTINUOUS 2 0.8498046875 0.85 passed 5200 tests 10286 sec 8902.4
FIRST_THREE_EDGE 2 0.85 0.875
SEQUENTIAL_CONTINUOUS 2 0.85244140625 0.8525390625 passed 5220 tests 10330 sec 8915.4
SEQUENTIAL_CONTINUOUS 2 0.85439453125 0.8544921875 passed 5240 tests 10369 sec 8927.3
SEQUENTIAL_CONTINUOUS 2 0.85634765625 0.8564453125 passed 5260 tests 10411 sec 8940.5
SEQUENTIAL_CONTINUOUS 2 0.85830078125 0.8583984375 passed 5280 tests 10449 sec 8952.1
SEQUENTIAL_CONTINUOUS 2 0.86025390625 0.8603515625 passed 5300 tests 10489 sec 8964.5
SEQUENTIAL_CONTINUOUS 2 0.8622070312500001 0.8623046875 passed 5320 tests 10527 sec 9261.3
SEQUENTIAL_CONTINUOUS 2 0.8641601562500001 0.8642578125 passed 5340 tests 10570 sec 9553.7
SEQUENTIAL_CONTINUOUS 2 0.8661132812500001 0.8662109375 passed 5360 tests 10609 sec 9856.9
SEQUENTIAL_CONTINUOUS 2 0.86806640625 0.8681640625 passed 5380 tests 10648 sec 9865.4
SEQUENTIAL_CONTINUOUS 2 0.8700195312500001 0.8701171875 passed 5400 tests 10688 sec 9873.4
SEQUENTIAL_CONTINUOUS 2 0.87197265625 0.8720703125 passed 5420 tests 10729 sec 9881.6
SEQUENTIAL_CONTINUOUS 2 0.87392578125 0.8740234375 passed 5440 tests 10767 sec 9888.9
FIRST_THREE_EDGE 2 0.875 0.9
SEQUENTIAL_CONTINUOUS 2 0.87587890625 0.8759765625 passed 5460 tests 10810 sec 9896.9
SEQUENTIAL_CONTINUOUS 2 0.8778320312500001 0.8779296875 passed 5480 tests 10848 sec 9904.3
SEQUENTIAL_CONTINUOUS 2 0.87978515625 0.8798828125 passed 5500 tests 10889 sec 9912.4
SEQUENTIAL_CONTINUOUS 2 0.88173828125 0.8818359375 passed 5520 tests 10929 sec 9920.3
SEQUENTIAL_CONTINUOUS 2 0.88369140625 0.8837890625 passed 5540 tests 10968 sec 9928.0
SEQUENTIAL_CONTINUOUS 2 0.88564453125 0.8857421875 passed 5560 tests 11007 sec 9935.8
SEQUENTIAL_CONTINUOUS 2 0.88759765625 0.8876953125 passed 5580 tests 11050 sec 9944.2
SEQUENTIAL_CONTINUOUS 2 0.88955078125 0.8896484375 passed 5600 tests 11088 sec 9951.9
SEQUENTIAL_CONTINUOUS 2 0.89150390625 0.8916015625 passed 5620 tests 11128 sec 9960.1
SEQUENTIAL_CONTINUOUS 2 0.8934570312500001 0.8935546875 passed 5640 tests 11166 sec 9968.1
SEQUENTIAL_CONTINUOUS 2 0.8954101562500001 0.8955078125 passed 5660 tests 11208 sec 9978.1
SEQUENTIAL_CONTINUOUS 2 0.8973632812500001 0.8974609375 passed 5680 tests 11247 sec 9988.0
SEQUENTIAL_CONTINUOUS 2 0.89931640625 0.8994140625 passed 5700 tests 11286 sec 9995.9
FIRST_THREE_EDGE 2 0.9 0.925
SEQUENTIAL_CONTINUOUS 2 0.9012695312500001 0.9013671875 passed 5720 tests 11328 sec 10005.8
SEQUENTIAL_CONTINUOUS 2 0.90322265625 0.9033203125 passed 5740 tests 11369 sec 10015.0
SEQUENTIAL_CONTINUOUS 2 0.90517578125 0.9052734375 passed 5760 tests 11407 sec 10023.2
SEQUENTIAL_CONTINUOUS 2 0.90712890625 0.9072265625 passed 5780 tests 11448 sec 10031.8
SEQUENTIAL_CONTINUOUS 2 0.9090820312500001 0.9091796875 passed 5800 tests 11486 sec 10039.5
SEQUENTIAL_CONTINUOUS 2 0.9110351562500001 0.9111328125 passed 5820 tests 11527 sec 10048.2
SEQUENTIAL_CONTINUOUS 2 0.9129882812500001 0.9130859375 passed 5840 tests 11568 sec 10056.3
SEQUENTIAL_CONTINUOUS 2 0.9149414062500002 0.9150390625000002 passed 5860 tests 11607 sec 10064.3
SEQUENTIAL_CONTINUOUS 2 0.9168945312500001 0.9169921875 passed 5880 tests 11646 sec 10072.2
SEQUENTIAL_CONTINUOUS 2 0.9188476562500001 0.9189453125 passed 5900 tests 11688 sec 10080.8
SEQUENTIAL_CONTINUOUS 2 0.9208007812500001 0.9208984375 passed 5920 tests 11726 sec 10088.6
SEQUENTIAL_CONTINUOUS 2 0.92275390625 0.9228515625 passed 5940 tests 11766 sec 10096.8
SEQUENTIAL_CONTINUOUS 2 0.9247070312500001 0.9248046875 passed 5960 tests 11804 sec 10104.6
FIRST_THREE_EDGE 2 0.925 0.95
SEQUENTIAL_CONTINUOUS 2 0.9266601562500001 0.9267578125 passed 5980 tests 11848 sec 10113.3
SEQUENTIAL_CONTINUOUS 2 0.9286132812500001 0.9287109375 passed 6000 tests 11887 sec 10121.4
SEQUENTIAL_CONTINUOUS 2 0.93056640625 0.9306640625 passed 6020 tests 11926 sec 10129.4
SEQUENTIAL_CONTINUOUS 2 0.9325195312500001 0.9326171875 passed 6040 tests 11966 sec 10137.7
SEQUENTIAL_CONTINUOUS 2 0.93447265625 0.9345703125 passed 6060 tests 12007 sec 10146.4
SEQUENTIAL_CONTINUOUS 2 0.93642578125 0.9365234375 passed 6080 tests 12045 sec 10154.5
SEQUENTIAL_CONTINUOUS 2 0.93837890625 0.9384765625 passed 6100 tests 12087 sec 10163.2
SEQUENTIAL_CONTINUOUS 2 0.9403320312500001 0.9404296875 passed 6120 tests 12125 sec 10171.2
SEQUENTIAL_CONTINUOUS 2 0.94228515625 0.9423828125 passed 6140 tests 12166 sec 10180.0
SEQUENTIAL_CONTINUOUS 2 0.94423828125 0.9443359375 passed 6160 tests 12206 sec 10188.4
SEQUENTIAL_CONTINUOUS 2 0.94619140625 0.9462890625 passed 6180 tests 12245 sec 10196.9
SEQUENTIAL_CONTINUOUS 2 0.94814453125 0.9482421875 passed 6200 tests 12284 sec 10205.7
FIRST_THREE_EDGE 2 0.95 0.975
SEQUENTIAL_CONTINUOUS 2 0.95009765625 0.9501953125 passed 6220 tests 12328 sec 10214.8
SEQUENTIAL_CONTINUOUS 2 0.95205078125 0.9521484375 passed 6240 tests 12366 sec 10223.3
SEQUENTIAL_CONTINUOUS 2 0.95400390625 0.9541015625 passed 6260 tests 12406 sec 10232.0
SEQUENTIAL_CONTINUOUS 2 0.95595703125 0.9560546875 passed 6280 tests 12444 sec 10240.1
SEQUENTIAL_CONTINUOUS 2 0.95791015625 0.9580078125 passed 6300 tests 12486 sec 10249.1
SEQUENTIAL_CONTINUOUS 2 0.9598632812499999 0.9599609374999998 passed 6320 tests 12525 sec 10257.5
SEQUENTIAL_CONTINUOUS 2 0.96181640625 0.9619140625 passed 6340 tests 12564 sec 10265.9
SEQUENTIAL_CONTINUOUS 2 0.96376953125 0.9638671875 passed 6360 tests 12605 sec 10274.6
SEQUENTIAL_CONTINUOUS 2 0.96572265625 0.9658203125 passed 6380 tests 12646 sec 10283.6
SEQUENTIAL_CONTINUOUS 2 0.96767578125 0.9677734375 passed 6400 tests 12684 sec 10291.9
SEQUENTIAL_CONTINUOUS 2 0.96962890625 0.9697265625 passed 6420 tests 12725 sec 10301.1
SEQUENTIAL_CONTINUOUS 2 0.9715820312500001 0.9716796875 passed 6440 tests 12763 sec 10309.5
SEQUENTIAL_CONTINUOUS 2 0.97353515625 0.9736328125 passed 6460 tests 12804 sec 10318.7
FIRST_THREE_EDGE 2 0.975 1.0
SEQUENTIAL_CONTINUOUS 2 0.97548828125 0.9755859375 passed 6480 tests 12846 sec 10327.6
SEQUENTIAL_CONTINUOUS 2 0.97744140625 0.9775390625 passed 6500 tests 12885 sec 10336.4
SEQUENTIAL_CONTINUOUS 2 0.97939453125 0.9794921875 passed 6520 tests 12924 sec 10345.1
SEQUENTIAL_CONTINUOUS 2 0.98134765625 0.9814453125 passed 6540 tests 12966 sec 10354.9
SEQUENTIAL_CONTINUOUS 2 0.98330078125 0.9833984375 passed 6560 tests 13004 sec 10363.6
SEQUENTIAL_CONTINUOUS 2 0.98525390625 0.9853515625 passed 6580 tests 13044 sec 10373.2
SEQUENTIAL_CONTINUOUS 2 0.9872070312500001 0.9873046875 passed 6600 tests 13082 sec 10382.3
SEQUENTIAL_CONTINUOUS 2 0.9891601562500001 0.9892578125 passed 6620 tests 13125 sec 10392.6
SEQUENTIAL_CONTINUOUS 2 0.9911132812500001 0.9912109375 passed 6640 tests 13164 sec 10402.1
SEQUENTIAL_CONTINUOUS 2 0.99306640625 0.9931640625 passed 6660 tests 13203 sec 10411.7
SEQUENTIAL_CONTINUOUS 2 0.9950195312500001 0.9951171875 passed 6680 tests 13243 sec 10421.3
SEQUENTIAL_CONTINUOUS 2 0.99697265625 0.9970703125 passed 6700 tests 13284 sec 10431.4
SEQUENTIAL_CONTINUOUS 2 0.99892578125 0.9990234375 passed 6720 tests 13322 sec 10440.6
FIRST_THREE_DONE PASS 6736 None
Blender 5.2.2 LTS (hash d13f752e3b9c built 2026-09-15 01:49:19)

Blender quit
