00:00.316  blend            | Read blend: "/Users/dean/Documents/MORI/mechanical/mori_v1_2.blend"
SEQUENTIAL_CONTINUOUS 3 0.97685546875 0.976953125 passed 20 tests 44 sec 12.0
SEQUENTIAL_CONTINUOUS 3 0.9788085937499998 0.9789062499999999 passed 40 tests 83 sec 22.1
SEQUENTIAL_CONTINUOUS 3 0.98076171875 0.980859375 passed 60 tests 122 sec 31.2
SEQUENTIAL_CONTINUOUS 3 0.98271484375 0.9828125 passed 80 tests 162 sec 40.5
SEQUENTIAL_CONTINUOUS 3 0.98466796875 0.984765625 passed 100 tests 203 sec 51.0
SEQUENTIAL_CONTINUOUS 3 0.9866210937500001 0.9867187500000001 passed 120 tests 241 sec 60.2
SEQUENTIAL_CONTINUOUS 3 0.9885742187500001 0.9886718750000001 passed 140 tests 283 sec 70.2
SEQUENTIAL_CONTINUOUS 3 0.9905273437500001 0.9906250000000001 passed 160 tests 321 sec 79.6
SEQUENTIAL_CONTINUOUS 3 0.99248046875 0.992578125 passed 180 tests 362 sec 89.9
SEQUENTIAL_CONTINUOUS 3 0.9944335937500001 0.9945312500000001 passed 200 tests 402 sec 99.7
SEQUENTIAL_CONTINUOUS 3 0.99638671875 0.996484375 passed 220 tests 441 sec 109.3
SEQUENTIAL_CONTINUOUS 3 0.99833984375 0.9984375 passed 240 tests 480 sec 119.1
SEQUENTIAL_CONTINUOUS 3 0.9999267578125 0.999951171875 passed 260 tests 520 sec 129.0
CONTINUOUS_SEARCH_NODE 0.975 9.0 0.0 rejected 0 retained_intervals 262 candidate_checks 1 seconds 129.7
SEQUENTIAL_CONTINUOUS 3 0.9518554687499999 0.951953125 passed 20 tests 567 sec 139.0
SEQUENTIAL_CONTINUOUS 3 0.9538085937499999 0.95390625 passed 40 tests 606 sec 147.6
SEQUENTIAL_CONTINUOUS 3 0.9557617187499999 0.955859375 passed 60 tests 645 sec 156.2
SEQUENTIAL_CONTINUOUS 3 0.9577148437499999 0.9578125 passed 80 tests 685 sec 165.0
SEQUENTIAL_CONTINUOUS 3 0.9596679687499998 0.9597656249999998 passed 100 tests 726 sec 174.1
SEQUENTIAL_CONTINUOUS 3 0.9616210937499999 0.96171875 passed 120 tests 764 sec 182.4
SEQUENTIAL_CONTINUOUS 3 0.9635742187499999 0.963671875 passed 140 tests 806 sec 191.4
SEQUENTIAL_CONTINUOUS 3 0.9655273437499999 0.965625 passed 160 tests 844 sec 199.8
SEQUENTIAL_CONTINUOUS 3 0.9674804687499999 0.967578125 passed 180 tests 885 sec 209.1
SEQUENTIAL_CONTINUOUS 3 0.9694335937499999 0.96953125 passed 200 tests 925 sec 217.9
SEQUENTIAL_CONTINUOUS 3 0.97138671875 0.9714843750000001 passed 220 tests 964 sec 226.9
SEQUENTIAL_CONTINUOUS 3 0.9733398437499999 0.9734375 passed 240 tests 1003 sec 235.7
CONTINUOUS_SEARCH_NODE 0.95 9.0 0.0 rejected 0 retained_intervals 518 candidate_checks 2 seconds 243.0
SEQUENTIAL_CONTINUOUS 3 0.92685546875 0.926953125 passed 20 tests 1078 sec 252.3
SEQUENTIAL_CONTINUOUS 3 0.92880859375 0.92890625 passed 40 tests 1117 sec 260.8
SEQUENTIAL_CONTINUOUS 3 0.93076171875 0.930859375 passed 60 tests 1156 sec 269.2
SEQUENTIAL_CONTINUOUS 3 0.93271484375 0.9328125 passed 80 tests 1196 sec 277.7
SEQUENTIAL_CONTINUOUS 3 0.9346679687499999 0.9347656249999999 passed 100 tests 1237 sec 286.7
SEQUENTIAL_CONTINUOUS 3 0.93662109375 0.93671875 passed 120 tests 1275 sec 294.9
SEQUENTIAL_CONTINUOUS 3 0.93857421875 0.938671875 passed 140 tests 1317 sec 303.8
SEQUENTIAL_CONTINUOUS 3 0.94052734375 0.940625 passed 160 tests 1355 sec 312.0
SEQUENTIAL_CONTINUOUS 3 0.9424804687499999 0.9425781249999999 passed 180 tests 1396 sec 321.0
SEQUENTIAL_CONTINUOUS 3 0.94443359375 0.94453125 passed 200 tests 1436 sec 329.7
SEQUENTIAL_CONTINUOUS 3 0.9463867187499999 0.9464843749999999 passed 220 tests 1475 sec 338.3
SEQUENTIAL_CONTINUOUS 3 0.9483398437499999 0.9484374999999999 passed 240 tests 1514 sec 347.0
CONTINUOUS_SEARCH_NODE 0.925 9.0 0.0 rejected 0 retained_intervals 774 candidate_checks 3 seconds 353.8
SEQUENTIAL_CONTINUOUS 3 0.90185546875 0.901953125 passed 20 tests 1589 sec 362.8
SEQUENTIAL_CONTINUOUS 3 0.9038085937499999 0.9039062499999999 passed 40 tests 1628 sec 370.8
SEQUENTIAL_CONTINUOUS 3 0.90576171875 0.905859375 passed 60 tests 1667 sec 378.9
SEQUENTIAL_CONTINUOUS 3 0.90771484375 0.9078125 passed 80 tests 1707 sec 387.3
SEQUENTIAL_CONTINUOUS 3 0.90966796875 0.909765625 passed 100 tests 1748 sec 396.8
SEQUENTIAL_CONTINUOUS 3 0.9116210937500001 0.9117187500000001 passed 120 tests 1786 sec 405.5
SEQUENTIAL_CONTINUOUS 3 0.9135742187500001 0.9136718750000001 passed 140 tests 1828 sec 417.2
SEQUENTIAL_CONTINUOUS 3 0.9155273437500001 0.9156250000000001 passed 160 tests 1866 sec 426.2
SEQUENTIAL_CONTINUOUS 3 0.91748046875 0.917578125 passed 180 tests 1907 sec 435.3
SEQUENTIAL_CONTINUOUS 3 0.9194335937500001 0.9195312500000001 passed 200 tests 1947 sec 443.9
SEQUENTIAL_CONTINUOUS 3 0.92138671875 0.921484375 passed 220 tests 1986 sec 452.4
SEQUENTIAL_CONTINUOUS 3 0.92333984375 0.9234375 passed 240 tests 2025 sec 461.0
CONTINUOUS_SEARCH_NODE 0.9 9.0 0.0 rejected 0 retained_intervals 1030 candidate_checks 4 seconds 467.7
SEQUENTIAL_CONTINUOUS 3 0.87685546875 0.876953125 passed 20 tests 2100 sec 477.9
SEQUENTIAL_CONTINUOUS 3 0.87880859375 0.87890625 passed 40 tests 2139 sec 487.0
