00:00.320  blend            | Read blend: "/Users/dean/Documents/MORI/mechanical/mori_v1_2.blend"
SEQUENTIAL_CONTINUOUS 3 0.7970312500000001 0.7978125 passed 20 tests 41 sec 6.7
NEGATIVE_PREFIX_NODE 0.7775 10.5 -9.0 rejected 2 step 0.025 intervals 26 tests 3 seconds 8.3
NEGATIVE_PREFIX_NODE 0.7525 10.5 -9.0 rejected 0 step 0.025 intervals 42 tests 4 seconds 12.6
NEGATIVE_PREFIX_NODE 0.7275 10.5 -9.0 rejected 0 step 0.025 intervals 58 tests 5 seconds 17.5
NEGATIVE_PREFIX_NODE 0.7025 10.5 -9.0 rejected 0 step 0.025 intervals 74 tests 6 seconds 22.3
SEQUENTIAL_CONTINUOUS 3 0.69234375 0.693125 passed 20 tests 185 sec 28.6
NEGATIVE_PREFIX_NODE 0.6775 10.5 0.0 rejected 0 step 0.025 intervals 104 tests 7 seconds 31.5
NEGATIVE_PREFIX_NODE 0.6525 10.5 0.0 rejected 0 step 0.025 intervals 120 tests 8 seconds 36.3
NEGATIVE_PREFIX_NODE 0.6275 10.5 0.0 rejected 0 step 0.025 intervals 136 tests 9 seconds 41.0
NEGATIVE_PREFIX_NODE 0.6025 10.5 0.0 rejected 0 step 0.025 intervals 152 tests 10 seconds 45.7
NEGATIVE_PREFIX_NODE 0.5775 10.5 0.0 rejected 0 step 0.025 intervals 168 tests 11 seconds 50.4
NEGATIVE_PREFIX_NODE 0.5525 10.5 0.0 rejected 0 step 0.025 intervals 184 tests 12 seconds 55.0
NEGATIVE_PREFIX_NODE 0.5275 10.5 0.0 rejected 0 step 0.025 intervals 200 tests 13 seconds 59.7
NEGATIVE_PREFIX_NODE 0.5025 10.5 0.0 rejected 0 step 0.025 intervals 216 tests 14 seconds 64.3
NEGATIVE_PREFIX_NODE 0.4775 10.5 0.0 rejected 0 step 0.025 intervals 232 tests 15 seconds 69.0
NEGATIVE_PREFIX_NODE 0.4525 10.5 0.0 rejected 0 step 0.025 intervals 248 tests 16 seconds 73.6
NEGATIVE_PREFIX_NODE 0.4275 10.5 0.0 rejected 0 step 0.025 intervals 264 tests 17 seconds 78.3
NEGATIVE_PREFIX_NODE 0.4025 10.5 0.0 rejected 0 step 0.025 intervals 280 tests 18 seconds 83.0
NEGATIVE_PREFIX_NODE 0.3775 10.5 0.0 rejected 0 step 0.025 intervals 296 tests 19 seconds 87.6
NEGATIVE_PREFIX_NODE 0.3525 10.5 0.0 rejected 0 step 0.025 intervals 312 tests 20 seconds 92.3
NEGATIVE_PREFIX_NODE 0.3275 10.5 0.0 rejected 0 step 0.025 intervals 328 tests 21 seconds 97.1
NEGATIVE_PREFIX_NODE 0.3025 10.5 0.0 rejected 0 step 0.025 intervals 344 tests 22 seconds 101.8
NEGATIVE_PREFIX_NODE 0.2775 10.5 0.0 rejected 0 step 0.025 intervals 360 tests 23 seconds 106.9
NEGATIVE_PREFIX_NODE 0.2525 10.5 0.0 rejected 0 step 0.025 intervals 376 tests 24 seconds 112.3
NEGATIVE_PREFIX_NODE 0.2275 10.5 0.0 rejected 0 step 0.025 intervals 392 tests 25 seconds 117.6
NEGATIVE_PREFIX_NODE 0.2025 10.5 0.0 rejected 0 step 0.025 intervals 408 tests 26 seconds 123.0
NEGATIVE_PREFIX_NODE 0.1775 10.5 0.0 rejected 0 step 0.025 intervals 424 tests 27 seconds 128.3
NEGATIVE_PREFIX_NODE 0.1525 10.5 0.0 rejected 0 step 0.025 intervals 440 tests 28 seconds 133.7
NEGATIVE_PREFIX_NODE 0.1275 10.5 0.0 rejected 0 step 0.025 intervals 456 tests 29 seconds 139.2
NEGATIVE_PREFIX_NODE 0.1025 10.5 0.0 rejected 0 step 0.025 intervals 472 tests 30 seconds 144.6
NEGATIVE_PREFIX_NODE 0.0775 10.5 0.0 rejected 0 step 0.025 intervals 488 tests 31 seconds 150.0
NEGATIVE_PREFIX_NODE 0.0525 10.5 0.0 rejected 0 step 0.025 intervals 504 tests 32 seconds 155.4
NEGATIVE_PREFIX_NODE 0.0275 10.5 0.0 rejected 0 step 0.025 intervals 520 tests 33 seconds 160.7
NEGATIVE_PREFIX_NODE 0.0025 10.5 0.0 rejected 0 step 0.025 intervals 536 tests 34 seconds 166.1
NEGATIVE_PREFIX_NODE 0.0 9.0 0.0 rejected 0 step 0.025 intervals 538 tests 35 seconds 166.7
NEGATIVE_PREFIX_DONE PASS 538 None
Blender 5.2.2 LTS (hash d13f752e3b9c built 2026-09-15 01:49:19)

Blender quit
