00:00.349  blend            | Read blend: "/Users/dean/Documents/MORI/mechanical/mori_v1_2.blend"
SEQUENTIAL_CONTINUOUS 3 0.8773193359375 0.87744140625 passed 20 tests 46 sec 10.2
SEQUENTIAL_CONTINUOUS 3 0.8797607421875 0.8798828125 passed 40 tests 85 sec 19.4
SEQUENTIAL_CONTINUOUS 3 0.8822021484375 0.88232421875 passed 60 tests 124 sec 28.6
SEQUENTIAL_CONTINUOUS 3 0.8846435546875 0.884765625 passed 80 tests 164 sec 38.0
SEQUENTIAL_CONTINUOUS 3 0.8870849609375 0.88720703125 passed 100 tests 205 sec 47.6
SEQUENTIAL_CONTINUOUS 3 0.8895263671875 0.8896484375 passed 120 tests 243 sec 56.4
SEQUENTIAL_CONTINUOUS 3 0.8919677734375 0.89208984375 passed 140 tests 285 sec 66.3
SEQUENTIAL_CONTINUOUS 3 0.8944091796875 0.89453125 passed 160 tests 323 sec 75.2
SEQUENTIAL_CONTINUOUS 3 0.8968505859375 0.89697265625 passed 180 tests 364 sec 84.9
SEQUENTIAL_CONTINUOUS 3 0.8992919921875 0.8994140625 passed 200 tests 404 sec 94.4
SEQUENTIAL_CONTINUOUS 3 0.9017333984375 0.90185546875 passed 220 tests 443 sec 103.6
SEQUENTIAL_CONTINUOUS 3 0.9041748046875 0.904296875 passed 240 tests 482 sec 113.1
SEQUENTIAL_CONTINUOUS 3 0.9066162109375 0.90673828125 passed 260 tests 526 sec 123.9
SEQUENTIAL_CONTINUOUS 3 0.9090576171875 0.9091796875 passed 280 tests 564 sec 133.7
SEQUENTIAL_CONTINUOUS 3 0.9114990234375 0.91162109375 passed 300 tests 604 sec 144.5
SEQUENTIAL_CONTINUOUS 3 0.9139404296875 0.9140625 passed 320 tests 642 sec 153.8
SEQUENTIAL_CONTINUOUS 3 0.9163818359375 0.91650390625 passed 340 tests 684 sec 165.2
SEQUENTIAL_CONTINUOUS 3 0.9188232421875 0.9189453125 passed 360 tests 723 sec 175.2
SEQUENTIAL_CONTINUOUS 3 0.9212646484375 0.92138671875 passed 380 tests 762 sec 185.2
SEQUENTIAL_CONTINUOUS 3 0.9237060546875 0.923828125 passed 400 tests 803 sec 195.6
SEQUENTIAL_CONTINUOUS 3 0.9261474609375 0.92626953125 passed 420 tests 844 sec 206.3
SEQUENTIAL_CONTINUOUS 3 0.9285888671875 0.9287109375 passed 440 tests 882 sec 216.1
SEQUENTIAL_CONTINUOUS 3 0.9310302734375 0.93115234375 passed 460 tests 923 sec 226.8
SEQUENTIAL_CONTINUOUS 3 0.9334716796875 0.93359375 passed 480 tests 961 sec 236.7
SEQUENTIAL_CONTINUOUS 3 0.9359130859375 0.93603515625 passed 500 tests 1002 sec 247.5
SEQUENTIAL_CONTINUOUS 3 0.9383544921875 0.9384765625 passed 520 tests 1045 sec 258.4
SEQUENTIAL_CONTINUOUS 3 0.9407958984375 0.94091796875 passed 540 tests 1084 sec 268.6
SEQUENTIAL_CONTINUOUS 3 0.9432373046875 0.943359375 passed 560 tests 1123 sec 278.9
SEQUENTIAL_CONTINUOUS 3 0.9456787109375 0.94580078125 passed 580 tests 1165 sec 290.7
SEQUENTIAL_CONTINUOUS 3 0.9481201171875 0.9482421875 passed 600 tests 1203 sec 301.0
SEQUENTIAL_CONTINUOUS 3 0.9505615234375 0.95068359375 passed 620 tests 1243 sec 312.0
SEQUENTIAL_CONTINUOUS 3 0.9530029296875 0.953125 passed 640 tests 1281 sec 321.8
SEQUENTIAL_CONTINUOUS 3 0.9554443359375 0.95556640625 passed 660 tests 1324 sec 333.3
SEQUENTIAL_CONTINUOUS 3 0.9578857421875 0.9580078125 passed 680 tests 1363 sec 344.1
SEQUENTIAL_CONTINUOUS 3 0.9603271484375 0.96044921875 passed 700 tests 1402 sec 354.7
SEQUENTIAL_CONTINUOUS 3 0.9627685546875 0.962890625 passed 720 tests 1442 sec 365.4
SEQUENTIAL_CONTINUOUS 3 0.9652099609375 0.96533203125 passed 740 tests 1483 sec 376.6
SEQUENTIAL_CONTINUOUS 3 0.9676513671875 0.9677734375 passed 760 tests 1521 sec 386.8
SEQUENTIAL_CONTINUOUS 3 0.9700927734375 0.97021484375 passed 780 tests 1564 sec 398.3
SEQUENTIAL_CONTINUOUS 3 0.9725341796875 0.97265625 passed 800 tests 1602 sec 408.8
SEQUENTIAL_CONTINUOUS 3 0.9749755859375 0.97509765625 passed 820 tests 1643 sec 421.5
SEQUENTIAL_CONTINUOUS 3 0.9774169921875 0.9775390625 passed 840 tests 1683 sec 433.6
SEQUENTIAL_CONTINUOUS 3 0.9798583984375 0.97998046875 passed 860 tests 1722 sec 446.3
SEQUENTIAL_CONTINUOUS 3 0.9822998046875 0.982421875 passed 880 tests 1761 sec 458.4
SEQUENTIAL_CONTINUOUS 3 0.9847412109375 0.98486328125 passed 900 tests 1804 sec 471.2
SEQUENTIAL_CONTINUOUS 3 0.9871826171875 0.9873046875 passed 920 tests 1842 sec 482.6
SEQUENTIAL_CONTINUOUS 3 0.9896240234375 0.98974609375 passed 940 tests 1882 sec 496.5
SEQUENTIAL_CONTINUOUS 3 0.9920654296875 0.9921875 passed 960 tests 1920 sec 510.0
SEQUENTIAL_CONTINUOUS 3 0.9945068359375 0.99462890625 passed 980 tests 1962 sec 524.3
SEQUENTIAL_CONTINUOUS 3 0.9969482421875 0.9970703125 passed 1000 tests 2001 sec 537.0
SEQUENTIAL_CONTINUOUS 3 0.9993896484375 0.99945068359375 passed 1020 tests 2041 sec 550.2
NEGATIVE_TAIL_DONE PASS 1032 1945 None
Blender 5.2.2 LTS (hash d13f752e3b9c built 2026-09-15 01:49:19)

Blender quit
