00:00.476  blend            | Read blend: "/Users/dean/Documents/MORI/mechanical/mori_v1_2.blend"
NEGATIVE_BRANCH_EDGE 0.82 0.8225
NEGATIVE_BRANCH_EDGE 0.83 0.8325
SEQUENTIAL_CONTINUOUS 3 0.8324609375 0.83248046875 passed 20 tests 39 sec 6.2
NEGATIVE_BRANCH_EDGE 0.8075 0.81
NEGATIVE_BRANCH_EDGE 0.8025 0.805
SEQUENTIAL_CONTINUOUS 3 0.803125 0.80375 passed 40 tests 77 sec 11.9
NEGATIVE_BRANCH_EDGE 0.805 0.8075
NEGATIVE_BRANCH_EDGE 0.81 0.8125
NEGATIVE_BRANCH_EDGE 0.8125 0.815
NEGATIVE_BRANCH_EDGE 0.815 0.8175
NEGATIVE_BRANCH_EDGE 0.8175 0.82
NEGATIVE_BRANCH_EDGE 0.8225 0.825
SEQUENTIAL_CONTINUOUS 3 0.8225 0.82265625 passed 60 tests 114 sec 16.9
NEGATIVE_BRANCH_EDGE 0.825 0.8275
NEGATIVE_BRANCH_EDGE 0.8275 0.83
NEGATIVE_BRANCH_EDGE 0.8325 0.835
SEQUENTIAL_CONTINUOUS 3 0.8325976562499999 0.8326171874999999 passed 80 tests 152 sec 23.0
NEGATIVE_BRANCH_EDGE 0.835 0.8375
NEGATIVE_BRANCH_EDGE 0.8375 0.84
NEGATIVE_BRANCH_EDGE 0.84 0.8425
SEQUENTIAL_CONTINUOUS 3 0.84125 0.8425 passed 100 tests 184 sec 28.0
NEGATIVE_BRANCH_EDGE 0.8425 0.845
NEGATIVE_BRANCH_EDGE 0.845 0.8475
NEGATIVE_BRANCH_EDGE 0.8475 0.85
SEQUENTIAL_CONTINUOUS 3 0.8490625 0.84921875 passed 120 tests 223 sec 34.4
NEGATIVE_BRANCH_DONE PASS 125 None
Blender 5.2.2 LTS (hash d13f752e3b9c built 2026-09-15 01:49:19)

Blender quit
