00:00.314  blend            | Read blend: "/Users/dean/Documents/MORI/mechanical/mori_v1_2.blend"
RETURN_CORRIDOR 0.8725 9.0 0.0 discarded 0 checks 5 sec 3.9
RETURN_CORRIDOR 0.87 9.0 0.0 discarded 0 checks 9 sec 7.0
RETURN_CORRIDOR 0.8675 9.0 0.0 discarded 0 checks 13 sec 10.0
RETURN_CORRIDOR 0.865 9.0 0.0 discarded 0 checks 17 sec 12.9
RETURN_CORRIDOR 0.8625 9.0 0.0 discarded 0 checks 21 sec 15.9
RETURN_CORRIDOR 0.86 9.0 0.0 discarded 0 checks 25 sec 18.8
RETURN_CORRIDOR 0.8575 9.0 0.0 discarded 0 checks 29 sec 21.7
RETURN_CORRIDOR 0.855 9.0 0.0 discarded 0 checks 33 sec 24.8
RETURN_CORRIDOR 0.8525 9.0 0.0 discarded 0 checks 37 sec 27.8
RETURN_CORRIDOR 0.85 9.0 0.0 discarded 0 checks 41 sec 30.7
RETURN_CORRIDOR 0.8475 9.0 0.0 discarded 0 checks 45 sec 33.6
RETURN_CORRIDOR 0.845 9.0 0.0 discarded 0 checks 49 sec 36.5
RETURN_CORRIDOR 0.8425 9.0 0.0 discarded 0 checks 53 sec 39.4
RETURN_CORRIDOR 0.84 9.0 0.0 discarded 0 checks 57 sec 42.3
RETURN_CORRIDOR 0.8375 9.0 0.0 discarded 0 checks 61 sec 45.1
RETURN_CORRIDOR 0.835 9.0 0.0 discarded 0 checks 65 sec 48.0
RETURN_CORRIDOR 0.8325 9.0 0.0 discarded 0 checks 69 sec 50.8
RETURN_CORRIDOR 0.83 9.0 -3.0 discarded 2 checks 75 sec 55.0
RETURN_CORRIDOR 0.8275 9.0 -3.0 discarded 0 checks 79 sec 57.9
RETURN_CORRIDOR 0.825 9.0 -3.0 discarded 0 checks 83 sec 60.7
RETURN_CORRIDOR 0.8225 9.0 -3.0 discarded 0 checks 87 sec 63.5
RETURN_CORRIDOR 0.82 9.0 -6.0 discarded 2 checks 93 sec 67.6
RETURN_CORRIDOR 0.8175 9.0 -6.0 discarded 0 checks 97 sec 70.6
RETURN_CORRIDOR 0.815 9.0 -6.0 discarded 0 checks 101 sec 73.6
RETURN_CORRIDOR 0.8125 9.0 -6.0 discarded 0 checks 105 sec 76.5
RETURN_CORRIDOR 0.81 9.0 -6.0 discarded 0 checks 109 sec 79.4
RETURN_CORRIDOR 0.8075 10.5 -6.0 discarded 4 checks 117 sec 84.2
RETURN_CORRIDOR 0.805 10.5 -6.0 discarded 0 checks 121 sec 87.0
RETURN_CORRIDOR 0.8025 10.5 -6.0 discarded 0 checks 125 sec 89.9
RETURN_CORRIDOR 0.8 10.5 48.0 discarded 0 checks 129 sec 92.8
RETURN_CORRIDOR_DONE PASS None
Blender 5.2.2 LTS (hash d13f752e3b9c built 2026-09-15 01:49:19)

Blender quit
