00:00.309  blend            | Read blend: "/Users/dean/Documents/MORI/mechanical/mori_v1_2.blend"
CONTACT_REFINED 3 0.975 9.0 0.0 discarded 0 checks 5 sec 4.1
CONTACT_REFINED 3 0.95 9.0 0.0 discarded 0 checks 9 sec 7.3
CONTACT_REFINED 3 0.925 9.0 0.0 discarded 0 checks 13 sec 10.4
CONTACT_REFINED 3 0.9 9.0 0.0 discarded 0 checks 17 sec 13.5
CONTACT_REFINED 3 0.875 9.0 0.0 discarded 0 checks 21 sec 16.4
CONTACT_REFINED 3 0.85 9.0 0.0 discarded 0 checks 25 sec 19.3
CONTACT_REFINED 3 0.825 10.5 48.0 discarded 188 checks 242 sec 57.3
CONTACT_REFINED 3 0.8 10.5 48.0 discarded 1 checks 248 sec 60.7
CONTACT_REFINED 3 0.775 7.5 48.0 discarded 0 checks 252 sec 63.5
CONTACT_REFINED 3 0.75 7.5 48.0 discarded 0 checks 256 sec 66.2
CONTACT_REFINED 3 0.725 7.5 48.0 discarded 0 checks 260 sec 68.9
CONTACT_REFINED 3 0.7 7.5 48.0 discarded 0 checks 264 sec 71.6
CONTACT_REFINED 3 0.675 7.5 48.0 discarded 0 checks 268 sec 74.3
CONTACT_REFINED 3 0.65 7.5 36.0 discarded 0 checks 272 sec 77.1
CONTACT_REFINED 3 0.625 7.5 36.0 discarded 0 checks 276 sec 79.8
CONTACT_REFINED 3 0.6 7.5 36.0 discarded 0 checks 280 sec 82.5
CONTACT_REFINED 3 0.575 7.5 36.0 discarded 0 checks 284 sec 85.1
CONTACT_REFINED 3 0.55 7.5 36.0 discarded 0 checks 288 sec 87.7
CONTACT_REFINED 3 0.525 7.5 36.0 discarded 0 checks 292 sec 90.4
CONTACT_REFINED 3 0.5 7.5 36.0 discarded 0 checks 296 sec 93.0
CONTACT_REFINED 3 0.475 7.5 36.0 discarded 0 checks 300 sec 95.7
CONTACT_REFINED 3 0.45 7.5 36.0 discarded 0 checks 304 sec 98.4
CONTACT_REFINED 3 0.425 7.5 36.0 discarded 0 checks 308 sec 101.1
CONTACT_REFINED 3 0.4 7.5 36.0 discarded 0 checks 312 sec 103.7
CONTACT_REFINED 3 0.375 7.5 36.0 discarded 0 checks 316 sec 106.4
CONTACT_REFINED 3 0.35 7.5 36.0 discarded 0 checks 320 sec 109.1
CONTACT_REFINED 3 0.325 7.5 36.0 discarded 0 checks 324 sec 111.8
CONTACT_REFINED 3 0.3 7.5 36.0 discarded 0 checks 328 sec 114.4
CONTACT_REFINED 3 0.275 7.5 36.0 discarded 0 checks 332 sec 117.1
CONTACT_REFINED 3 0.25 7.5 36.0 discarded 0 checks 336 sec 119.8
CONTACT_REFINED 3 0.225 7.5 36.0 discarded 0 checks 340 sec 122.5
CONTACT_REFINED 3 0.2 7.5 36.0 discarded 0 checks 344 sec 125.2
CONTACT_REFINED 3 0.175 7.5 36.0 discarded 0 checks 348 sec 127.9
CONTACT_REFINED 3 0.15 7.5 36.0 discarded 0 checks 352 sec 130.6
CONTACT_REFINED 3 0.125 7.5 36.0 discarded 0 checks 356 sec 133.3
CONTACT_REFINED 3 0.1 7.5 36.0 discarded 0 checks 360 sec 136.0
CONTACT_REFINED 3 0.075 7.5 36.0 discarded 0 checks 364 sec 138.6
CONTACT_REFINED 3 0.05 7.5 36.0 discarded 0 checks 368 sec 141.3
CONTACT_REFINED 3 0.025 7.5 36.0 discarded 0 checks 372 sec 144.0
CONTACT_REFINED 3 0.0 9.0 0.0 discarded 0 checks 376 sec 146.7
CONTACT_REFINED_DONE PASS None 644
Blender 5.2.2 LTS (hash d13f752e3b9c built 2026-09-15 01:49:19)

Blender quit
