./src/common/stdpbase.cpp(59): assert ""traits"" failed in Get(): create wxApp before calling this
D3 ground via (15.95, 10.7) distance 0.9219544457292881
rear_ESD_01 5 Counter({'shorting_items': 4, 'hole_clearance': 4, 'clearance': 3, 'solder_mask_bridge': 3, 'tracks_crossing': 1, 'starved_thermal': 1, 'silk_over_copper': 1}) opens 0
./src/common/stdpbase.cpp(59): assert ""traits"" failed in Get(): create wxApp before calling this
Traceback (most recent call last):
  File "/Users/dean/Documents/MORI/hardware/v1_2/tools/fix_rear_P5R4.py", line 23, in <module>
    assert choices, ref
AssertionError: D3
./src/common/stdpbase.cpp(59): assert ""traits"" failed in Get(): create wxApp before calling this
D3 ground via (15.95, 10.7) distance 0.9219544457292881
rear_ESD_03 5 Counter({'items_not_allowed': 2, 'track_angle': 2, 'silk_over_copper': 1}) opens 0
./src/common/stdpbase.cpp(59): assert ""traits"" failed in Get(): create wxApp before calling this
10:29:38 AM: Debug: Adding duplicate image handler for 'PNG file'
10:29:38 AM: Debug: Adding duplicate image handler for 'JPEG file'
10:29:38 AM: Debug: Adding duplicate image handler for 'TIFF file'
10:29:38 AM: Debug: Adding duplicate image handler for 'GIF file'
10:29:38 AM: Debug: Adding duplicate image handler for 'PNM file'
10:29:38 AM: Debug: Adding duplicate image handler for 'PCX file'
10:29:38 AM: Debug: Adding duplicate image handler for 'IFF file'
10:29:38 AM: Debug: Adding duplicate image handler for 'Windows icon file'
10:29:38 AM: Debug: Adding duplicate image handler for 'Windows cursor file'
10:29:38 AM: Debug: Adding duplicate image handler for 'Windows animated cursor file'
10:29:38 AM: Debug: Adding duplicate image handler for 'TGA file'
10:29:38 AM: Debug: Adding duplicate image handler for 'XPM file'
D3 ground via (15.95, 10.7) distance 0.9219544457292881
MORI_rear_P5R4 silk outline portions trimmed {'SW1': 1}
10:29:39 AM: Debug: Adding duplicate image handler for 'PNG file'
10:29:39 AM: Debug: Adding duplicate image handler for 'JPEG file'
10:29:39 AM: Debug: Adding duplicate image handler for 'TIFF file'
10:29:39 AM: Debug: Adding duplicate image handler for 'GIF file'
10:29:39 AM: Debug: Adding duplicate image handler for 'PNM file'
10:29:39 AM: Debug: Adding duplicate image handler for 'PCX file'
10:29:39 AM: Debug: Adding duplicate image handler for 'IFF file'
10:29:39 AM: Debug: Adding duplicate image handler for 'Windows icon file'
10:29:39 AM: Debug: Adding duplicate image handler for 'Windows cursor file'
10:29:39 AM: Debug: Adding duplicate image handler for 'Windows animated cursor file'
10:29:39 AM: Debug: Adding duplicate image handler for 'TGA file'
10:29:39 AM: Debug: Adding duplicate image handler for 'XPM file'
rear_ESD_04 0 Counter() opens 0
