./src/common/stdpbase.cpp(59): assert ""traits"" failed in Get(): create wxApp before calling this
10:32:21 AM: Debug: Adding duplicate image handler for 'PNG file'
10:32:21 AM: Debug: Adding duplicate image handler for 'JPEG file'
10:32:21 AM: Debug: Adding duplicate image handler for 'TIFF file'
10:32:21 AM: Debug: Adding duplicate image handler for 'GIF file'
10:32:21 AM: Debug: Adding duplicate image handler for 'PNM file'
10:32:21 AM: Debug: Adding duplicate image handler for 'PCX file'
10:32:21 AM: Debug: Adding duplicate image handler for 'IFF file'
10:32:21 AM: Debug: Adding duplicate image handler for 'Windows icon file'
10:32:21 AM: Debug: Adding duplicate image handler for 'Windows cursor file'
10:32:21 AM: Debug: Adding duplicate image handler for 'Windows animated cursor file'
10:32:21 AM: Debug: Adding duplicate image handler for 'TGA file'
10:32:21 AM: Debug: Adding duplicate image handler for 'XPM file'
MORI_rear_P5R4 silk outline portions trimmed {'D1': 1}
10:32:21 AM: Debug: Adding duplicate image handler for 'PNG file'
10:32:21 AM: Debug: Adding duplicate image handler for 'JPEG file'
10:32:21 AM: Debug: Adding duplicate image handler for 'TIFF file'
10:32:21 AM: Debug: Adding duplicate image handler for 'GIF file'
10:32:21 AM: Debug: Adding duplicate image handler for 'PNM file'
10:32:21 AM: Debug: Adding duplicate image handler for 'PCX file'
10:32:21 AM: Debug: Adding duplicate image handler for 'IFF file'
10:32:21 AM: Debug: Adding duplicate image handler for 'Windows icon file'
10:32:21 AM: Debug: Adding duplicate image handler for 'Windows cursor file'
10:32:21 AM: Debug: Adding duplicate image handler for 'Windows animated cursor file'
10:32:21 AM: Debug: Adding duplicate image handler for 'TGA file'
10:32:21 AM: Debug: Adding duplicate image handler for 'XPM file'
rear_power_01 5 Counter({'clearance': 7, 'track_angle': 6, 'items_not_allowed': 5, 'shorting_items': 5, 'tracks_crossing': 3, 'hole_clearance': 3, 'solder_mask_bridge': 3}) opens 0
./src/common/stdpbase.cpp(59): assert ""traits"" failed in Get(): create wxApp before calling this
01:14:40 PM: Debug: Adding duplicate image handler for 'PNG file'
01:14:40 PM: Debug: Adding duplicate image handler for 'JPEG file'
01:14:40 PM: Debug: Adding duplicate image handler for 'TIFF file'
01:14:40 PM: Debug: Adding duplicate image handler for 'GIF file'
01:14:40 PM: Debug: Adding duplicate image handler for 'PNM file'
01:14:40 PM: Debug: Adding duplicate image handler for 'PCX file'
01:14:40 PM: Debug: Adding duplicate image handler for 'IFF file'
01:14:40 PM: Debug: Adding duplicate image handler for 'Windows icon file'
01:14:40 PM: Debug: Adding duplicate image handler for 'Windows cursor file'
01:14:40 PM: Debug: Adding duplicate image handler for 'Windows animated cursor file'
01:14:40 PM: Debug: Adding duplicate image handler for 'TGA file'
01:14:40 PM: Debug: Adding duplicate image handler for 'XPM file'
MORI_rear_P5R4 silk outline portions trimmed {'D1': 2}
01:14:40 PM: Debug: Adding duplicate image handler for 'PNG file'
01:14:40 PM: Debug: Adding duplicate image handler for 'JPEG file'
01:14:40 PM: Debug: Adding duplicate image handler for 'TIFF file'
01:14:40 PM: Debug: Adding duplicate image handler for 'GIF file'
01:14:40 PM: Debug: Adding duplicate image handler for 'PNM file'
01:14:40 PM: Debug: Adding duplicate image handler for 'PCX file'
01:14:40 PM: Debug: Adding duplicate image handler for 'IFF file'
01:14:40 PM: Debug: Adding duplicate image handler for 'Windows icon file'
01:14:40 PM: Debug: Adding duplicate image handler for 'Windows cursor file'
01:14:40 PM: Debug: Adding duplicate image handler for 'Windows animated cursor file'
01:14:40 PM: Debug: Adding duplicate image handler for 'TGA file'
01:14:40 PM: Debug: Adding duplicate image handler for 'XPM file'
rear_power_02 5 Counter({'items_not_allowed': 6, 'clearance': 4}) opens 0
./src/common/stdpbase.cpp(59): assert ""traits"" failed in Get(): create wxApp before calling this
01:20:03 PM: Debug: Adding duplicate image handler for 'PNG file'
01:20:03 PM: Debug: Adding duplicate image handler for 'JPEG file'
01:20:03 PM: Debug: Adding duplicate image handler for 'TIFF file'
01:20:03 PM: Debug: Adding duplicate image handler for 'GIF file'
01:20:03 PM: Debug: Adding duplicate image handler for 'PNM file'
01:20:03 PM: Debug: Adding duplicate image handler for 'PCX file'
01:20:03 PM: Debug: Adding duplicate image handler for 'IFF file'
01:20:03 PM: Debug: Adding duplicate image handler for 'Windows icon file'
01:20:03 PM: Debug: Adding duplicate image handler for 'Windows cursor file'
01:20:03 PM: Debug: Adding duplicate image handler for 'Windows animated cursor file'
01:20:03 PM: Debug: Adding duplicate image handler for 'TGA file'
01:20:03 PM: Debug: Adding duplicate image handler for 'XPM file'
MORI_rear_P5R4 silk outline portions trimmed {'D1': 1}
01:20:03 PM: Debug: Adding duplicate image handler for 'PNG file'
01:20:03 PM: Debug: Adding duplicate image handler for 'JPEG file'
01:20:03 PM: Debug: Adding duplicate image handler for 'TIFF file'
01:20:03 PM: Debug: Adding duplicate image handler for 'GIF file'
01:20:03 PM: Debug: Adding duplicate image handler for 'PNM file'
01:20:03 PM: Debug: Adding duplicate image handler for 'PCX file'
01:20:03 PM: Debug: Adding duplicate image handler for 'IFF file'
01:20:03 PM: Debug: Adding duplicate image handler for 'Windows icon file'
01:20:03 PM: Debug: Adding duplicate image handler for 'Windows cursor file'
01:20:03 PM: Debug: Adding duplicate image handler for 'Windows animated cursor file'
01:20:03 PM: Debug: Adding duplicate image handler for 'TGA file'
01:20:03 PM: Debug: Adding duplicate image handler for 'XPM file'
rear_power_03 5 Counter({'shorting_items': 3, 'items_not_allowed': 2, 'hole_clearance': 2, 'tracks_crossing': 1, 'solder_mask_bridge': 1}) opens 0
./src/common/stdpbase.cpp(59): assert ""traits"" failed in Get(): create wxApp before calling this
01:22:27 PM: Debug: Adding duplicate image handler for 'PNG file'
01:22:27 PM: Debug: Adding duplicate image handler for 'JPEG file'
01:22:27 PM: Debug: Adding duplicate image handler for 'TIFF file'
01:22:27 PM: Debug: Adding duplicate image handler for 'GIF file'
01:22:27 PM: Debug: Adding duplicate image handler for 'PNM file'
01:22:27 PM: Debug: Adding duplicate image handler for 'PCX file'
01:22:27 PM: Debug: Adding duplicate image handler for 'IFF file'
01:22:27 PM: Debug: Adding duplicate image handler for 'Windows icon file'
01:22:27 PM: Debug: Adding duplicate image handler for 'Windows cursor file'
01:22:27 PM: Debug: Adding duplicate image handler for 'Windows animated cursor file'
01:22:27 PM: Debug: Adding duplicate image handler for 'TGA file'
01:22:27 PM: Debug: Adding duplicate image handler for 'XPM file'
MORI_rear_P5R4 silk outline portions trimmed {'D1': 1}
01:22:28 PM: Debug: Adding duplicate image handler for 'PNG file'
01:22:28 PM: Debug: Adding duplicate image handler for 'JPEG file'
01:22:28 PM: Debug: Adding duplicate image handler for 'TIFF file'
01:22:28 PM: Debug: Adding duplicate image handler for 'GIF file'
01:22:28 PM: Debug: Adding duplicate image handler for 'PNM file'
01:22:28 PM: Debug: Adding duplicate image handler for 'PCX file'
01:22:28 PM: Debug: Adding duplicate image handler for 'IFF file'
01:22:28 PM: Debug: Adding duplicate image handler for 'Windows icon file'
01:22:28 PM: Debug: Adding duplicate image handler for 'Windows cursor file'
01:22:28 PM: Debug: Adding duplicate image handler for 'Windows animated cursor file'
01:22:28 PM: Debug: Adding duplicate image handler for 'TGA file'
01:22:28 PM: Debug: Adding duplicate image handler for 'XPM file'
rear_power_04 0 Counter() opens 0
