./src/common/stdpbase.cpp(59): assert ""traits"" failed in Get(): create wxApp before calling this
01:29:51 PM: Debug: Adding duplicate image handler for 'PNG file'
01:29:51 PM: Debug: Adding duplicate image handler for 'JPEG file'
01:29:51 PM: Debug: Adding duplicate image handler for 'TIFF file'
01:29:51 PM: Debug: Adding duplicate image handler for 'GIF file'
01:29:51 PM: Debug: Adding duplicate image handler for 'PNM file'
01:29:51 PM: Debug: Adding duplicate image handler for 'PCX file'
01:29:51 PM: Debug: Adding duplicate image handler for 'IFF file'
01:29:51 PM: Debug: Adding duplicate image handler for 'Windows icon file'
01:29:51 PM: Debug: Adding duplicate image handler for 'Windows cursor file'
01:29:51 PM: Debug: Adding duplicate image handler for 'Windows animated cursor file'
01:29:51 PM: Debug: Adding duplicate image handler for 'TGA file'
01:29:51 PM: Debug: Adding duplicate image handler for 'XPM file'
MORI_rear_P5R4 silk outline portions trimmed {'D1': 2}
01:29:51 PM: Debug: Adding duplicate image handler for 'PNG file'
01:29:51 PM: Debug: Adding duplicate image handler for 'JPEG file'
01:29:51 PM: Debug: Adding duplicate image handler for 'TIFF file'
01:29:51 PM: Debug: Adding duplicate image handler for 'GIF file'
01:29:51 PM: Debug: Adding duplicate image handler for 'PNM file'
01:29:51 PM: Debug: Adding duplicate image handler for 'PCX file'
01:29:51 PM: Debug: Adding duplicate image handler for 'IFF file'
01:29:51 PM: Debug: Adding duplicate image handler for 'Windows icon file'
01:29:51 PM: Debug: Adding duplicate image handler for 'Windows cursor file'
01:29:51 PM: Debug: Adding duplicate image handler for 'Windows animated cursor file'
01:29:51 PM: Debug: Adding duplicate image handler for 'TGA file'
01:29:51 PM: Debug: Adding duplicate image handler for 'XPM file'
rear_TVS_rotation_01 0 Counter() opens 0
./src/common/stdpbase.cpp(59): assert ""traits"" failed in Get(): create wxApp before calling this
01:30:44 PM: Debug: Adding duplicate image handler for 'PNG file'
01:30:44 PM: Debug: Adding duplicate image handler for 'JPEG file'
01:30:44 PM: Debug: Adding duplicate image handler for 'TIFF file'
01:30:44 PM: Debug: Adding duplicate image handler for 'GIF file'
01:30:44 PM: Debug: Adding duplicate image handler for 'PNM file'
01:30:44 PM: Debug: Adding duplicate image handler for 'PCX file'
01:30:44 PM: Debug: Adding duplicate image handler for 'IFF file'
01:30:44 PM: Debug: Adding duplicate image handler for 'Windows icon file'
01:30:44 PM: Debug: Adding duplicate image handler for 'Windows cursor file'
01:30:44 PM: Debug: Adding duplicate image handler for 'Windows animated cursor file'
01:30:44 PM: Debug: Adding duplicate image handler for 'TGA file'
01:30:44 PM: Debug: Adding duplicate image handler for 'XPM file'
MORI_rear_P5R4 silk outline portions trimmed {'D1': 2}
01:30:44 PM: Debug: Adding duplicate image handler for 'PNG file'
01:30:44 PM: Debug: Adding duplicate image handler for 'JPEG file'
01:30:44 PM: Debug: Adding duplicate image handler for 'TIFF file'
01:30:44 PM: Debug: Adding duplicate image handler for 'GIF file'
01:30:44 PM: Debug: Adding duplicate image handler for 'PNM file'
01:30:44 PM: Debug: Adding duplicate image handler for 'PCX file'
01:30:44 PM: Debug: Adding duplicate image handler for 'IFF file'
01:30:44 PM: Debug: Adding duplicate image handler for 'Windows icon file'
01:30:44 PM: Debug: Adding duplicate image handler for 'Windows cursor file'
01:30:44 PM: Debug: Adding duplicate image handler for 'Windows animated cursor file'
01:30:44 PM: Debug: Adding duplicate image handler for 'TGA file'
01:30:44 PM: Debug: Adding duplicate image handler for 'XPM file'
rear_TVS_rotation_02 0 Counter() opens 0
