{
  "status": "PASS",
  "source": "SIMULATED",
  "rows": 1000,
  "timing_evidence": "INJECTED_SIMULATION",
  "timing_sample_quantiles_us": {
    "run_us": {
      "status": "PASS",
      "samples": 1000,
      "p50": 520,
      "p95": 520,
      "p99": 520,
      "max": 520
    },
    "wake_us": {
      "status": "PASS",
      "samples": 1000,
      "p50": 0,
      "p95": 0,
      "p99": 0,
      "max": 0
    },
    "imu_io_us": {
      "status": "PASS",
      "samples": 1000,
      "p50": 500,
      "p95": 500,
      "p99": 500,
      "max": 500
    },
    "monitor_io_us": {
      "status": "PASS",
      "samples": 1000,
      "p50": 0,
      "p95": 0,
      "p99": 0,
      "max": 0
    },
    "encoder_us": {
      "status": "PASS",
      "samples": 1000,
      "p50": 0,
      "p95": 0,
      "p99": 0,
      "max": 0
    },
    "fusion_us": {
      "status": "PASS",
      "samples": 1000,
      "p50": 0,
      "p95": 0,
      "p99": 0,
      "max": 0
    },
    "feedback_us": {
      "status": "PASS",
      "samples": 1000,
      "p50": 0,
      "p95": 0,
      "p99": 0,
      "max": 0
    },
    "pwm_submit_us": {
      "status": "PASS",
      "samples": 1000,
      "p50": 20,
      "p95": 20,
      "p99": 20,
      "max": 20
    },
    "jitter_us": {
      "status": "PASS",
      "samples": 1000,
      "p50": 0,
      "p95": 0,
      "p99": 0,
      "max": 0
    }
  },
  "device_all_frame_max_us": {
    "max_run_us": 520,
    "max_wake_us": 0,
    "max_jitter_us": 0
  },
  "resets_or_clock_discontinuities": 0,
  "telemetry_stride": 1,
  "estimated_missing_telemetry_rows": 0,
  "device_counters_max": {
    "sample_missed": 0,
    "log_dropped": 0,
    "command_overflows": 0,
    "reply_dropped": 0,
    "dropped": null
  },
  "faults": [
    "ESTOP: physical emergency-stop chain not OK"
  ],
  "command_rtt_us": {
    "status": "NOT_TESTED",
    "samples": 0
  },
  "warning": "Quantiles cover recorded rows; all-frame histograms are 100us buckets, UINT32_MAX means >3200us. Maxima and counters restart on reset. No hardware PASS is inferred.",
  "device_metadata": {
    "firmware": "SW-0.4",
    "requirements": "HW-SW-0.4",
    "snapshot": "HW-SW-0.4",
    "origin": "HW-SW-0.3",
    "wheel_counts_per_turn": "979.616",
    "wheel_m_per_count": "0.000304661523",
    "source": "SIMULATED",
    "physical": "NOT_TESTED",
    "telemetry_stride": "1",
    "timing": "INJECTED",
    "power_gate": "0",
    "balance_gate": "0",
    "head_gate": "0",
    "axes_gate": "0"
  },
  "protocol": "MORI/1",
  "start_utc": "2026-09-21T06:31:23.853231+00:00",
  "physical_validation": "NOT_TESTED",
  "invalid_rows": 0,
  "info": [
    "INFO 0 MORI/1 firmware=SW-0.4 requirements=HW-SW-0.4 snapshot=HW-SW-0.4 origin=HW-SW-0.3 wheel_counts_per_turn=979.616 wheel_m_per_count=0.000304661523 source=SIMULATED physical=NOT_TESTED telemetry_stride=1 timing=INJECTED power_gate=0 balance_gate=0 head_gate=0 axes_gate=0"
  ],
  "replies": [],
  "csv_sha256": "e5b56f14ea5d936d8b80c825193d30470b1f2b18d4649457ef5a54c8c0114e7d",
  "raw_sha256": "43ab60edf4d04ffedd8a21314e832b3f3a7943dfa4c15ac5fd00748bcebff4f3"
}
{
  "status": "PASS",
  "source": "SIMULATED",
  "rows": 1000,
  "timing_evidence": "INJECTED_SIMULATION",
  "timing_sample_quantiles_us": {
    "run_us": {
      "status": "PASS",
      "samples": 1000,
      "p50": 520,
      "p95": 520,
      "p99": 520,
      "max": 520
    },
    "wake_us": {
      "status": "PASS",
      "samples": 1000,
      "p50": 0,
      "p95": 0,
      "p99": 0,
      "max": 0
    },
    "imu_io_us": {
      "status": "PASS",
      "samples": 1000,
      "p50": 500,
      "p95": 500,
      "p99": 500,
      "max": 500
    },
    "monitor_io_us": {
      "status": "PASS",
      "samples": 1000,
      "p50": 0,
      "p95": 0,
      "p99": 0,
      "max": 0
    },
    "encoder_us": {
      "status": "PASS",
      "samples": 1000,
      "p50": 0,
      "p95": 0,
      "p99": 0,
      "max": 0
    },
    "fusion_us": {
      "status": "PASS",
      "samples": 1000,
      "p50": 0,
      "p95": 0,
      "p99": 0,
      "max": 0
    },
    "feedback_us": {
      "status": "PASS",
      "samples": 1000,
      "p50": 0,
      "p95": 0,
      "p99": 0,
      "max": 0
    },
    "pwm_submit_us": {
      "status": "PASS",
      "samples": 1000,
      "p50": 20,
      "p95": 20,
      "p99": 20,
      "max": 20
    },
    "jitter_us": {
      "status": "PASS",
      "samples": 1000,
      "p50": 0,
      "p95": 0,
      "p99": 0,
      "max": 0
    }
  },
  "device_all_frame_max_us": {
    "max_run_us": 520,
    "max_wake_us": 0,
    "max_jitter_us": 0
  },
  "resets_or_clock_discontinuities": 0,
  "telemetry_stride": 1,
  "estimated_missing_telemetry_rows": 0,
  "device_counters_max": {
    "sample_missed": 0,
    "log_dropped": 0,
    "command_overflows": 0,
    "reply_dropped": 0,
    "dropped": null
  },
  "faults": [
    "ESTOP: physical emergency-stop chain not OK"
  ],
  "command_rtt_us": {
    "status": "NOT_TESTED"
  },
  "warning": "Quantiles cover recorded rows; all-frame histograms are 100us buckets, UINT32_MAX means >3200us. Maxima and counters restart on reset. No hardware PASS is inferred.",
  "device_metadata": {
    "firmware": "SW-0.4",
    "requirements": "HW-SW-0.4",
    "snapshot": "HW-SW-0.4",
    "origin": "HW-SW-0.3",
    "wheel_counts_per_turn": "979.616",
    "wheel_m_per_count": "0.000304661523",
    "source": "SIMULATED",
    "physical": "NOT_TESTED",
    "telemetry_stride": "1",
    "timing": "INJECTED",
    "power_gate": "0",
    "balance_gate": "0",
    "head_gate": "0",
    "axes_gate": "0"
  }
}
{
  "status": "PASS",
  "source": "SIMULATED",
  "rows": 400,
  "timing_evidence": "INJECTED_SIMULATION",
  "timing_sample_quantiles_us": {
    "run_us": {
      "status": "PASS",
      "samples": 400,
      "p50": 520,
      "p95": 520,
      "p99": 520,
      "max": 520
    },
    "wake_us": {
      "status": "PASS",
      "samples": 400,
      "p50": 0,
      "p95": 0,
      "p99": 0,
      "max": 0
    },
    "imu_io_us": {
      "status": "PASS",
      "samples": 400,
      "p50": 500,
      "p95": 500,
      "p99": 500,
      "max": 500
    },
    "monitor_io_us": {
      "status": "PASS",
      "samples": 400,
      "p50": 0,
      "p95": 0,
      "p99": 0,
      "max": 0
    },
    "encoder_us": {
      "status": "PASS",
      "samples": 400,
      "p50": 0,
      "p95": 0,
      "p99": 0,
      "max": 0
    },
    "fusion_us": {
      "status": "PASS",
      "samples": 400,
      "p50": 0,
      "p95": 0,
      "p99": 0,
      "max": 0
    },
    "feedback_us": {
      "status": "PASS",
      "samples": 400,
      "p50": 0,
      "p95": 0,
      "p99": 0,
      "max": 0
    },
    "pwm_submit_us": {
      "status": "PASS",
      "samples": 400,
      "p50": 20,
      "p95": 20,
      "p99": 20,
      "max": 20
    },
    "jitter_us": {
      "status": "PASS",
      "samples": 400,
      "p50": 0,
      "p95": 0,
      "p99": 0,
      "max": 0
    }
  },
  "device_all_frame_max_us": {
    "max_run_us": 520,
    "max_wake_us": 0,
    "max_jitter_us": 0
  },
  "resets_or_clock_discontinuities": 1,
  "telemetry_stride": 1,
  "estimated_missing_telemetry_rows": 0,
  "device_counters_max": {
    "sample_missed": 0,
    "log_dropped": 0,
    "command_overflows": 0,
    "reply_dropped": 0,
    "dropped": null
  },
  "faults": [],
  "command_rtt_us": {
    "status": "NOT_TESTED",
    "samples": 0
  },
  "warning": "Quantiles cover recorded rows; all-frame histograms are 100us buckets, UINT32_MAX means >3200us. Maxima and counters restart on reset. No hardware PASS is inferred.",
  "device_metadata": {
    "firmware": "SW-0.4",
    "requirements": "HW-SW-0.4",
    "snapshot": "HW-SW-0.4",
    "origin": "HW-SW-0.3",
    "wheel_counts_per_turn": "979.616",
    "wheel_m_per_count": "0.000304661523",
    "source": "SIMULATED",
    "physical": "NOT_TESTED",
    "telemetry_stride": "1",
    "timing": "INJECTED",
    "power_gate": "0",
    "balance_gate": "0",
    "head_gate": "0",
    "axes_gate": "0"
  },
  "protocol": "MORI/1",
  "start_utc": "2026-09-21T06:31:24.689111+00:00",
  "physical_validation": "NOT_TESTED",
  "invalid_rows": 0,
  "info": [
    "INFO 0 MORI/1 firmware=SW-0.4 requirements=HW-SW-0.4 snapshot=HW-SW-0.4 origin=HW-SW-0.3 wheel_counts_per_turn=979.616 wheel_m_per_count=0.000304661523 source=SIMULATED physical=NOT_TESTED telemetry_stride=1 timing=INJECTED power_gate=0 balance_gate=0 head_gate=0 axes_gate=0"
  ],
  "replies": [],
  "csv_sha256": "30d7a00fe6a0caf5ae05ad6a3c43f5999200fcb5c15828d04436155868da9876",
  "raw_sha256": "7986de7777888ecc31e357d5c71c3fa7792ae7687ace657b152aa3b26174b9d5"
}
{
  "status": "PASS",
  "source": "SIMULATED",
  "rows": 400,
  "timing_evidence": "INJECTED_SIMULATION",
  "timing_sample_quantiles_us": {
    "run_us": {
      "status": "PASS",
      "samples": 400,
      "p50": 520,
      "p95": 520,
      "p99": 520,
      "max": 520
    },
    "wake_us": {
      "status": "PASS",
      "samples": 400,
      "p50": 0,
      "p95": 0,
      "p99": 0,
      "max": 0
    },
    "imu_io_us": {
      "status": "PASS",
      "samples": 400,
      "p50": 500,
      "p95": 500,
      "p99": 500,
      "max": 500
    },
    "monitor_io_us": {
      "status": "PASS",
      "samples": 400,
      "p50": 0,
      "p95": 0,
      "p99": 0,
      "max": 0
    },
    "encoder_us": {
      "status": "PASS",
      "samples": 400,
      "p50": 0,
      "p95": 0,
      "p99": 0,
      "max": 0
    },
    "fusion_us": {
      "status": "PASS",
      "samples": 400,
      "p50": 0,
      "p95": 0,
      "p99": 0,
      "max": 0
    },
    "feedback_us": {
      "status": "PASS",
      "samples": 400,
      "p50": 0,
      "p95": 0,
      "p99": 0,
      "max": 0
    },
    "pwm_submit_us": {
      "status": "PASS",
      "samples": 400,
      "p50": 20,
      "p95": 20,
      "p99": 20,
      "max": 20
    },
    "jitter_us": {
      "status": "PASS",
      "samples": 400,
      "p50": 0,
      "p95": 0,
      "p99": 0,
      "max": 0
    }
  },
  "device_all_frame_max_us": {
    "max_run_us": 520,
    "max_wake_us": 0,
    "max_jitter_us": 0
  },
  "resets_or_clock_discontinuities": 1,
  "telemetry_stride": 1,
  "estimated_missing_telemetry_rows": 0,
  "device_counters_max": {
    "sample_missed": 0,
    "log_dropped": 0,
    "command_overflows": 0,
    "reply_dropped": 0,
    "dropped": null
  },
  "faults": [],
  "command_rtt_us": {
    "status": "NOT_TESTED"
  },
  "warning": "Quantiles cover recorded rows; all-frame histograms are 100us buckets, UINT32_MAX means >3200us. Maxima and counters restart on reset. No hardware PASS is inferred.",
  "device_metadata": {
    "firmware": "SW-0.4",
    "requirements": "HW-SW-0.4",
    "snapshot": "HW-SW-0.4",
    "origin": "HW-SW-0.3",
    "wheel_counts_per_turn": "979.616",
    "wheel_m_per_count": "0.000304661523",
    "source": "SIMULATED",
    "physical": "NOT_TESTED",
    "telemetry_stride": "1",
    "timing": "INJECTED",
    "power_gate": "0",
    "balance_gate": "0",
    "head_gate": "0",
    "axes_gate": "0"
  }
}
{
  "source": "SIMULATED",
  "physical_validation": "NOT_TESTED",
  "status": "PASS",
  "model": "theta_ddot = g/l * theta - wheel_acceleration/l",
  "assumptions": {
    "hypothetical_length_m": 0.15,
    "small_lean_rad": 0.02,
    "imposed_forward_acceleration_m_s2": 1.0
  },
  "predicted_angular_acceleration_rad_s2": {
    "unforced": 1.3075533333333333,
    "forward_catch": -5.359113333333333,
    "reversed_output": 7.974220000000001
  },
  "conclusion": "Positive forward lean needs positive forward wheel torque; reversed output amplifies lean. Positive speed error requests positive lean; initial negative torque initiates lean. This is not tuning or a balance demonstration."
}
