00:00.828  blend            | Read blend: "/Users/dean/Documents/MORI/mechanical/mori_v1_2.blend"
00:02.618  render           | Saved: '/Users/dean/Documents/MORI/mechanical/renders/parts/Battery.png'
PART_PREVIEW 1 180 MORI_V1__Battery
00:03.578  render           | Saved: '/Users/dean/Documents/MORI/mechanical/renders/parts/Battery_Pad_-38.0.png'
PART_PREVIEW 2 180 MORI_V1__Battery_Pad_-38.0
00:04.490  render           | Saved: '/Users/dean/Documents/MORI/mechanical/renders/parts/Battery_Pad_38.0.png'
PART_PREVIEW 3 180 MORI_V1__Battery_Pad_38.0
00:05.301  render           | Saved: '/Users/dean/Documents/MORI/mechanical/renders/parts/Battery_Pad_Base.png'
PART_PREVIEW 4 180 MORI_V1__Battery_Pad_Base
00:06.155  render           | Saved: '/Users/dean/Documents/MORI/mechanical/renders/parts/Battery_Retainer_Insert_-1.png'
PART_PREVIEW 5 180 MORI_V1__Battery_Retainer_Insert_-1
00:07.185  render           | Saved: '/Users/dean/Documents/MORI/mechanical/renders/parts/Battery_Retainer_Insert_1.png'
PART_PREVIEW 6 180 MORI_V1__Battery_Retainer_Insert_1
00:08.028  render           | Saved: '/Users/dean/Documents/MORI/mechanical/renders/parts/Battery_Retainer_Screw_-1.png'
PART_PREVIEW 7 180 MORI_V1__Battery_Retainer_Screw_-1
00:09.080  render           | Saved: '/Users/dean/Documents/MORI/mechanical/renders/parts/Battery_Retainer_Screw_1.png'
PART_PREVIEW 8 180 MORI_V1__Battery_Retainer_Screw_1
00:09.873  render           | Saved: '/Users/dean/Documents/MORI/mechanical/renders/parts/Battery_Tray.png'
PART_PREVIEW 9 180 MORI_V1__Battery_Tray
00:10.820  render           | Saved: '/Users/dean/Documents/MORI/mechanical/renders/parts/Body_IMU.png'
PART_PREVIEW 10 180 MORI_V1__Body_IMU
00:11.763  render           | Saved: '/Users/dean/Documents/MORI/mechanical/renders/parts/Body_Lower.png'
PART_PREVIEW 11 180 MORI_V1__Body_Lower
00:12.838  render           | Saved: '/Users/dean/Documents/MORI/mechanical/renders/parts/Body_Upper.png'
PART_PREVIEW 12 180 MORI_V1__Body_Upper
00:13.647  render           | Saved: '/Users/dean/Documents/MORI/mechanical/renders/parts/CAM_Mainboard.png'
PART_PREVIEW 13 180 MORI_V1__CAM_Mainboard
00:14.633  render           | Saved: '/Users/dean/Documents/MORI/mechanical/renders/parts/Camera_Lens.png'
PART_PREVIEW 14 180 MORI_V1__Camera_Lens
00:15.671  render           | Saved: '/Users/dean/Documents/MORI/mechanical/renders/parts/Camera_PCB.png'
PART_PREVIEW 15 180 MORI_V1__Camera_PCB
00:16.535  render           | Saved: '/Users/dean/Documents/MORI/mechanical/renders/parts/Camera_Window.png'
PART_PREVIEW 16 180 MORI_V1__Camera_Window
00:17.574  render           | Saved: '/Users/dean/Documents/MORI/mechanical/renders/parts/Carrier_Insert_0.png'
PART_PREVIEW 17 180 MORI_V1__Carrier_Insert_0
00:18.285  render           | Saved: '/Users/dean/Documents/MORI/mechanical/renders/parts/Carrier_Insert_1.png'
PART_PREVIEW 18 180 MORI_V1__Carrier_Insert_1
00:18.995  render           | Saved: '/Users/dean/Documents/MORI/mechanical/renders/parts/Carrier_Insert_2.png'
PART_PREVIEW 19 180 MORI_V1__Carrier_Insert_2
00:19.976  render           | Saved: '/Users/dean/Documents/MORI/mechanical/renders/parts/Carrier_Insert_3.png'
PART_PREVIEW 20 180 MORI_V1__Carrier_Insert_3
00:20.760  render           | Saved: '/Users/dean/Documents/MORI/mechanical/renders/parts/Carrier_Screw_0.png'
PART_PREVIEW 21 180 MORI_V1__Carrier_Screw_0
00:21.564  render           | Saved: '/Users/dean/Documents/MORI/mechanical/renders/parts/Carrier_Screw_1.png'
PART_PREVIEW 22 180 MORI_V1__Carrier_Screw_1
00:22.305  render           | Saved: '/Users/dean/Documents/MORI/mechanical/renders/parts/Carrier_Screw_2.png'
PART_PREVIEW 23 180 MORI_V1__Carrier_Screw_2
00:23.295  render           | Saved: '/Users/dean/Documents/MORI/mechanical/renders/parts/Carrier_Screw_3.png'
PART_PREVIEW 24 180 MORI_V1__Carrier_Screw_3
00:24.193  render           | Saved: '/Users/dean/Documents/MORI/mechanical/renders/parts/Coupon_Insert.png'
PART_PREVIEW 25 180 MORI_V1__Coupon_Insert
00:25.451  render           | Saved: '/Users/dean/Documents/MORI/mechanical/renders/parts/Coupon_Mating_Tab.png'
PART_PREVIEW 26 180 MORI_V1__Coupon_Mating_Tab
00:26.527  render           | Saved: '/Users/dean/Documents/MORI/mechanical/renders/parts/Coupon_Plane_Fit.png'
PART_PREVIEW 27 180 MORI_V1__Coupon_Plane_Fit
00:27.393  render           | Saved: '/Users/dean/Documents/MORI/mechanical/renders/parts/Coupon_Wheel_Fit.png'
PART_PREVIEW 28 180 MORI_V1__Coupon_Wheel_Fit
00:28.240  render           | Saved: '/Users/dean/Documents/MORI/mechanical/renders/parts/Display_Frame.png'
PART_PREVIEW 29 180 MORI_V1__Display_Frame
00:29.736  render           | Saved: '/Users/dean/Documents/MORI/mechanical/renders/parts/Display_PCB.png'
PART_PREVIEW 30 180 MORI_V1__Display_PCB
00:30.627  render           | Saved: '/Users/dean/Documents/MORI/mechanical/renders/parts/Dock_Pad_0.png'
PART_PREVIEW 31 180 MORI_V1__Dock_Pad_0
00:31.518  render           | Saved: '/Users/dean/Documents/MORI/mechanical/renders/parts/Dock_Pad_1.png'
PART_PREVIEW 32 180 MORI_V1__Dock_Pad_1
00:32.532  render           | Saved: '/Users/dean/Documents/MORI/mechanical/renders/parts/Dock_Pad_2.png'
PART_PREVIEW 33 180 MORI_V1__Dock_Pad_2
00:34.505  render           | Saved: '/Users/dean/Documents/MORI/mechanical/renders/parts/Dock_Pad_3.png'
PART_PREVIEW 34 180 MORI_V1__Dock_Pad_3
00:36.897  render           | Saved: '/Users/dean/Documents/MORI/mechanical/renders/parts/Drive_Bridge.png'
PART_PREVIEW 35 180 MORI_V1__Drive_Bridge
00:39.053  render           | Saved: '/Users/dean/Documents/MORI/mechanical/renders/parts/Drive_L_-8_Nut.png'
PART_PREVIEW 36 180 MORI_V1__Drive_L_-8_Nut
00:41.381  render           | Saved: '/Users/dean/Documents/MORI/mechanical/renders/parts/Drive_L_-8_Screw.png'
PART_PREVIEW 37 180 MORI_V1__Drive_L_-8_Screw
00:43.636  render           | Saved: '/Users/dean/Documents/MORI/mechanical/renders/parts/Drive_L_8_Nut.png'
PART_PREVIEW 38 180 MORI_V1__Drive_L_8_Nut
00:45.875  render           | Saved: '/Users/dean/Documents/MORI/mechanical/renders/parts/Drive_L_8_Screw.png'
PART_PREVIEW 39 180 MORI_V1__Drive_L_8_Screw
00:48.680  render           | Saved: '/Users/dean/Documents/MORI/mechanical/renders/parts/Drive_Motor_L.png'
PART_PREVIEW 40 180 MORI_V1__Drive_Motor_L
00:50.703  render           | Saved: '/Users/dean/Documents/MORI/mechanical/renders/parts/Drive_Motor_R.png'
PART_PREVIEW 41 180 MORI_V1__Drive_Motor_R
00:52.617  render           | Saved: '/Users/dean/Documents/MORI/mechanical/renders/parts/Drive_R_-8_Nut.png'
PART_PREVIEW 42 180 MORI_V1__Drive_R_-8_Nut
00:54.507  render           | Saved: '/Users/dean/Documents/MORI/mechanical/renders/parts/Drive_R_-8_Screw.png'
PART_PREVIEW 43 180 MORI_V1__Drive_R_-8_Screw
00:56.894  render           | Saved: '/Users/dean/Documents/MORI/mechanical/renders/parts/Drive_R_8_Nut.png'
PART_PREVIEW 44 180 MORI_V1__Drive_R_8_Nut
00:58.829  render           | Saved: '/Users/dean/Documents/MORI/mechanical/renders/parts/Drive_R_8_Screw.png'
PART_PREVIEW 45 180 MORI_V1__Drive_R_8_Screw
01:00.854  render           | Saved: '/Users/dean/Documents/MORI/mechanical/renders/parts/Face_Joint_-1_0.0_Nut.png'
PART_PREVIEW 46 180 MORI_V1__Face_Joint_-1_0.0_Nut
01:02.676  render           | Saved: '/Users/dean/Documents/MORI/mechanical/renders/parts/Face_Joint_-1_0.0_Screw.png'
PART_PREVIEW 47 180 MORI_V1__Face_Joint_-1_0.0_Screw
01:04.821  render           | Saved: '/Users/dean/Documents/MORI/mechanical/renders/parts/Face_Joint_-1_7.0_Nut.png'
PART_PREVIEW 48 180 MORI_V1__Face_Joint_-1_7.0_Nut
01:06.677  render           | Saved: '/Users/dean/Documents/MORI/mechanical/renders/parts/Face_Joint_-1_7.0_Screw.png'
PART_PREVIEW 49 180 MORI_V1__Face_Joint_-1_7.0_Screw
01:08.411  render           | Saved: '/Users/dean/Documents/MORI/mechanical/renders/parts/Face_Joint_1_0.0_Nut.png'
PART_PREVIEW 50 180 MORI_V1__Face_Joint_1_0.0_Nut
01:09.103  render           | Saved: '/Users/dean/Documents/MORI/mechanical/renders/parts/Face_Joint_1_0.0_Screw.png'
PART_PREVIEW 51 180 MORI_V1__Face_Joint_1_0.0_Screw
01:09.750  render           | Saved: '/Users/dean/Documents/MORI/mechanical/renders/parts/Face_Joint_1_7.0_Nut.png'
PART_PREVIEW 52 180 MORI_V1__Face_Joint_1_7.0_Nut
01:10.391  render           | Saved: '/Users/dean/Documents/MORI/mechanical/renders/parts/Face_Joint_1_7.0_Screw.png'
PART_PREVIEW 53 180 MORI_V1__Face_Joint_1_7.0_Screw
01:11.071  render           | Saved: '/Users/dean/Documents/MORI/mechanical/renders/parts/Face_Mask.png'
PART_PREVIEW 54 180 MORI_V1__Face_Mask
01:11.796  render           | Saved: '/Users/dean/Documents/MORI/mechanical/renders/parts/Face_Protector.png'
PART_PREVIEW 55 180 MORI_V1__Face_Protector
01:12.466  render           | Saved: '/Users/dean/Documents/MORI/mechanical/renders/parts/Frame_Insert_0.png'
PART_PREVIEW 56 180 MORI_V1__Frame_Insert_0
01:13.125  render           | Saved: '/Users/dean/Documents/MORI/mechanical/renders/parts/Frame_Insert_1.png'
PART_PREVIEW 57 180 MORI_V1__Frame_Insert_1
01:13.823  render           | Saved: '/Users/dean/Documents/MORI/mechanical/renders/parts/Frame_Insert_2.png'
PART_PREVIEW 58 180 MORI_V1__Frame_Insert_2
01:14.506  render           | Saved: '/Users/dean/Documents/MORI/mechanical/renders/parts/Frame_Insert_3.png'
PART_PREVIEW 59 180 MORI_V1__Frame_Insert_3
01:15.194  render           | Saved: '/Users/dean/Documents/MORI/mechanical/renders/parts/Frame_Screw_0.png'
PART_PREVIEW 60 180 MORI_V1__Frame_Screw_0
01:15.858  render           | Saved: '/Users/dean/Documents/MORI/mechanical/renders/parts/Frame_Screw_1.png'
PART_PREVIEW 61 180 MORI_V1__Frame_Screw_1
01:16.520  render           | Saved: '/Users/dean/Documents/MORI/mechanical/renders/parts/Frame_Screw_2.png'
PART_PREVIEW 62 180 MORI_V1__Frame_Screw_2
01:17.188  render           | Saved: '/Users/dean/Documents/MORI/mechanical/renders/parts/Frame_Screw_3.png'
PART_PREVIEW 63 180 MORI_V1__Frame_Screw_3
01:17.886  render           | Saved: '/Users/dean/Documents/MORI/mechanical/renders/parts/Head_Front.png'
PART_PREVIEW 64 180 MORI_V1__Head_Front
01:18.702  render           | Saved: '/Users/dean/Documents/MORI/mechanical/renders/parts/Head_Rear.png'
PART_PREVIEW 65 180 MORI_V1__Head_Rear
01:19.356  render           | Saved: '/Users/dean/Documents/MORI/mechanical/renders/parts/Head_Yaw_Ear_0_Nut.png'
PART_PREVIEW 66 180 MORI_V1__Head_Yaw_Ear_0_Nut
01:20.018  render           | Saved: '/Users/dean/Documents/MORI/mechanical/renders/parts/Head_Yaw_Ear_0_Screw.png'
PART_PREVIEW 67 180 MORI_V1__Head_Yaw_Ear_0_Screw
01:20.674  render           | Saved: '/Users/dean/Documents/MORI/mechanical/renders/parts/Head_Yaw_Ear_1_Nut.png'
PART_PREVIEW 68 180 MORI_V1__Head_Yaw_Ear_1_Nut
01:21.344  render           | Saved: '/Users/dean/Documents/MORI/mechanical/renders/parts/Head_Yaw_Ear_1_Screw.png'
PART_PREVIEW 69 180 MORI_V1__Head_Yaw_Ear_1_Screw
01:22.022  render           | Saved: '/Users/dean/Documents/MORI/mechanical/renders/parts/IMU_Insert_0.png'
PART_PREVIEW 70 180 MORI_V1__IMU_Insert_0
01:22.667  render           | Saved: '/Users/dean/Documents/MORI/mechanical/renders/parts/IMU_Insert_1.png'
PART_PREVIEW 71 180 MORI_V1__IMU_Insert_1
01:23.354  render           | Saved: '/Users/dean/Documents/MORI/mechanical/renders/parts/IMU_Screw_0.png'
PART_PREVIEW 72 180 MORI_V1__IMU_Screw_0
01:24.022  render           | Saved: '/Users/dean/Documents/MORI/mechanical/renders/parts/IMU_Screw_1.png'
PART_PREVIEW 73 180 MORI_V1__IMU_Screw_1
01:24.842  render           | Saved: '/Users/dean/Documents/MORI/mechanical/renders/parts/Load_Frame.png'
PART_PREVIEW 74 180 MORI_V1__Load_Frame
01:25.591  render           | Saved: '/Users/dean/Documents/MORI/mechanical/renders/parts/MCU_Carrier.png'
PART_PREVIEW 75 180 MORI_V1__MCU_Carrier
01:26.770  render           | Saved: '/Users/dean/Documents/MORI/mechanical/renders/parts/MCU_Motion.png'
PART_PREVIEW 76 180 MORI_V1__MCU_Motion
01:27.507  render           | Saved: '/Users/dean/Documents/MORI/mechanical/renders/parts/Mic_Duct_L.png'
PART_PREVIEW 77 180 MORI_V1__Mic_Duct_L
01:28.232  render           | Saved: '/Users/dean/Documents/MORI/mechanical/renders/parts/Mic_Duct_R.png'
PART_PREVIEW 78 180 MORI_V1__Mic_Duct_R
01:28.913  render           | Saved: '/Users/dean/Documents/MORI/mechanical/renders/parts/Motor_Retainer.png'
PART_PREVIEW 79 180 MORI_V1__Motor_Retainer
01:29.625  render           | Saved: '/Users/dean/Documents/MORI/mechanical/renders/parts/Motor_Retainer_Pad_-1.png'
PART_PREVIEW 80 180 MORI_V1__Motor_Retainer_Pad_-1
01:30.291  render           | Saved: '/Users/dean/Documents/MORI/mechanical/renders/parts/Motor_Retainer_Pad_1.png'
PART_PREVIEW 81 180 MORI_V1__Motor_Retainer_Pad_1
01:30.974  render           | Saved: '/Users/dean/Documents/MORI/mechanical/renders/parts/Motor_Top_Pad_L.png'
PART_PREVIEW 82 180 MORI_V1__Motor_Top_Pad_L
01:31.650  render           | Saved: '/Users/dean/Documents/MORI/mechanical/renders/parts/Motor_Top_Pad_R.png'
PART_PREVIEW 83 180 MORI_V1__Motor_Top_Pad_R
01:32.291  render           | Saved: '/Users/dean/Documents/MORI/mechanical/renders/parts/Onboard_MIC_L.png'
PART_PREVIEW 84 180 MORI_V1__Onboard_MIC_L
01:32.927  render           | Saved: '/Users/dean/Documents/MORI/mechanical/renders/parts/Onboard_MIC_R.png'
PART_PREVIEW 85 180 MORI_V1__Onboard_MIC_R
01:33.633  render           | Saved: '/Users/dean/Documents/MORI/mechanical/renders/parts/Parking_Cradle.png'
PART_PREVIEW 86 180 MORI_V1__Parking_Cradle
01:34.379  render           | Saved: '/Users/dean/Documents/MORI/mechanical/renders/parts/Pitch_Bearing_L.png'
PART_PREVIEW 87 180 MORI_V1__Pitch_Bearing_L
01:36.235  render           | Saved: '/Users/dean/Documents/MORI/mechanical/renders/parts/Pitch_Bearing_R.png'
PART_PREVIEW 88 180 MORI_V1__Pitch_Bearing_R
01:38.201  render           | Saved: '/Users/dean/Documents/MORI/mechanical/renders/parts/Pitch_Cradle.png'
PART_PREVIEW 89 180 MORI_V1__Pitch_Cradle
01:39.967  render           | Saved: '/Users/dean/Documents/MORI/mechanical/renders/parts/Pitch_Horn.png'
PART_PREVIEW 90 180 MORI_V1__Pitch_Horn
01:41.962  render           | Saved: '/Users/dean/Documents/MORI/mechanical/renders/parts/Pitch_Lock_Screw.png'
PART_PREVIEW 91 180 MORI_V1__Pitch_Lock_Screw
01:43.923  render           | Saved: '/Users/dean/Documents/MORI/mechanical/renders/parts/Pitch_Output.png'
PART_PREVIEW 92 180 MORI_V1__Pitch_Output
01:45.851  render           | Saved: '/Users/dean/Documents/MORI/mechanical/renders/parts/Pitch_Servo.png'
PART_PREVIEW 93 180 MORI_V1__Pitch_Servo
01:47.970  render           | Saved: '/Users/dean/Documents/MORI/mechanical/renders/parts/Pitch_Trunnion_L.png'
PART_PREVIEW 94 180 MORI_V1__Pitch_Trunnion_L
01:50.943  render           | Saved: '/Users/dean/Documents/MORI/mechanical/renders/parts/Pitch_Trunnion_R.png'
PART_PREVIEW 95 180 MORI_V1__Pitch_Trunnion_R
01:55.491  render           | Saved: '/Users/dean/Documents/MORI/mechanical/renders/parts/Pitch_Yoke.png'
PART_PREVIEW 96 180 MORI_V1__Pitch_Yoke
01:58.597  render           | Saved: '/Users/dean/Documents/MORI/mechanical/renders/parts/Power_Board_H2_Insert.png'
PART_PREVIEW 97 180 MORI_V1__Power_Board_H2_Insert
02:01.093  render           | Saved: '/Users/dean/Documents/MORI/mechanical/renders/parts/Power_Board_H2_Screw.png'
PART_PREVIEW 98 180 MORI_V1__Power_Board_H2_Screw
02:03.849  render           | Saved: '/Users/dean/Documents/MORI/mechanical/renders/parts/Power_Board_H3_Insert.png'
PART_PREVIEW 99 180 MORI_V1__Power_Board_H3_Insert
02:06.970  render           | Saved: '/Users/dean/Documents/MORI/mechanical/renders/parts/Power_Board_H3_Screw.png'
PART_PREVIEW 100 180 MORI_V1__Power_Board_H3_Screw
02:09.137  render           | Saved: '/Users/dean/Documents/MORI/mechanical/renders/parts/Power_Module.png'
PART_PREVIEW 101 180 MORI_V1__Power_Module
02:12.338  render           | Saved: '/Users/dean/Documents/MORI/mechanical/renders/parts/Power_Switch.png'
PART_PREVIEW 102 180 MORI_V1__Power_Switch
02:14.629  render           | Saved: '/Users/dean/Documents/MORI/mechanical/renders/parts/Rear_Interface_Insert_0.png'
PART_PREVIEW 103 180 MORI_V1__Rear_Interface_Insert_0
02:17.385  render           | Saved: '/Users/dean/Documents/MORI/mechanical/renders/parts/Rear_Interface_Insert_1.png'
PART_PREVIEW 104 180 MORI_V1__Rear_Interface_Insert_1
02:19.988  render           | Saved: '/Users/dean/Documents/MORI/mechanical/renders/parts/Rear_Interface_PCB.png'
PART_PREVIEW 105 180 MORI_V1__Rear_Interface_PCB
02:21.672  render           | Saved: '/Users/dean/Documents/MORI/mechanical/renders/parts/Rear_Interface_Screw_0.png'
PART_PREVIEW 106 180 MORI_V1__Rear_Interface_Screw_0
02:23.613  render           | Saved: '/Users/dean/Documents/MORI/mechanical/renders/parts/Rear_Interface_Screw_1.png'
PART_PREVIEW 107 180 MORI_V1__Rear_Interface_Screw_1
02:25.826  render           | Saved: '/Users/dean/Documents/MORI/mechanical/renders/parts/S288_Output_L_Inner.png'
PART_PREVIEW 108 180 MORI_V1__S288_Output_L_Inner
02:28.111  render           | Saved: '/Users/dean/Documents/MORI/mechanical/renders/parts/S288_Output_L_Outer.png'
PART_PREVIEW 109 180 MORI_V1__S288_Output_L_Outer
02:30.022  render           | Saved: '/Users/dean/Documents/MORI/mechanical/renders/parts/S288_Output_R_Inner.png'
PART_PREVIEW 110 180 MORI_V1__S288_Output_R_Inner
02:32.048  render           | Saved: '/Users/dean/Documents/MORI/mechanical/renders/parts/S288_Output_R_Outer.png'
PART_PREVIEW 111 180 MORI_V1__S288_Output_R_Outer
02:34.768  render           | Saved: '/Users/dean/Documents/MORI/mechanical/renders/parts/Shell_Insert_0.png'
PART_PREVIEW 112 180 MORI_V1__Shell_Insert_0
02:36.642  render           | Saved: '/Users/dean/Documents/MORI/mechanical/renders/parts/Shell_Insert_1.png'
PART_PREVIEW 113 180 MORI_V1__Shell_Insert_1
02:38.533  render           | Saved: '/Users/dean/Documents/MORI/mechanical/renders/parts/Shell_Insert_2.png'
PART_PREVIEW 114 180 MORI_V1__Shell_Insert_2
02:40.625  render           | Saved: '/Users/dean/Documents/MORI/mechanical/renders/parts/Shell_Insert_3.png'
PART_PREVIEW 115 180 MORI_V1__Shell_Insert_3
02:42.526  render           | Saved: '/Users/dean/Documents/MORI/mechanical/renders/parts/Shell_Screw_0.png'
PART_PREVIEW 116 180 MORI_V1__Shell_Screw_0
02:44.435  render           | Saved: '/Users/dean/Documents/MORI/mechanical/renders/parts/Shell_Screw_1.png'
PART_PREVIEW 117 180 MORI_V1__Shell_Screw_1
02:46.489  render           | Saved: '/Users/dean/Documents/MORI/mechanical/renders/parts/Shell_Screw_2.png'
PART_PREVIEW 118 180 MORI_V1__Shell_Screw_2
02:48.382  render           | Saved: '/Users/dean/Documents/MORI/mechanical/renders/parts/Shell_Screw_3.png'
PART_PREVIEW 119 180 MORI_V1__Shell_Screw_3
02:50.384  render           | Saved: '/Users/dean/Documents/MORI/mechanical/renders/parts/Speaker.png'
PART_PREVIEW 120 180 MORI_V1__Speaker
02:52.193  render           | Saved: '/Users/dean/Documents/MORI/mechanical/renders/parts/Speaker_Gasket.png'
PART_PREVIEW 121 180 MORI_V1__Speaker_Gasket
02:54.299  render           | Saved: '/Users/dean/Documents/MORI/mechanical/renders/parts/Speaker_Insert_-1.png'
PART_PREVIEW 122 180 MORI_V1__Speaker_Insert_-1
02:56.810  render           | Saved: '/Users/dean/Documents/MORI/mechanical/renders/parts/Speaker_Insert_1.png'
PART_PREVIEW 123 180 MORI_V1__Speaker_Insert_1
02:59.896  render           | Saved: '/Users/dean/Documents/MORI/mechanical/renders/parts/Speaker_Mount.png'
PART_PREVIEW 124 180 MORI_V1__Speaker_Mount
03:02.233  render           | Saved: '/Users/dean/Documents/MORI/mechanical/renders/parts/Speaker_Screw_-1.png'
PART_PREVIEW 125 180 MORI_V1__Speaker_Screw_-1
03:04.375  render           | Saved: '/Users/dean/Documents/MORI/mechanical/renders/parts/Speaker_Screw_1.png'
PART_PREVIEW 126 180 MORI_V1__Speaker_Screw_1
03:06.299  render           | Saved: '/Users/dean/Documents/MORI/mechanical/renders/parts/Tire_L.png'
PART_PREVIEW 127 180 MORI_V1__Tire_L
03:10.089  render           | Saved: '/Users/dean/Documents/MORI/mechanical/renders/parts/Tire_R.png'
PART_PREVIEW 128 180 MORI_V1__Tire_R
03:14.123  render           | Saved: '/Users/dean/Documents/MORI/mechanical/renders/parts/USB_Receptacle.png'
PART_PREVIEW 129 180 MORI_V1__USB_Receptacle
03:16.564  render           | Saved: '/Users/dean/Documents/MORI/mechanical/renders/parts/Wheel_Axle_L.png'
PART_PREVIEW 130 180 MORI_V1__Wheel_Axle_L
03:19.635  render           | Saved: '/Users/dean/Documents/MORI/mechanical/renders/parts/Wheel_Axle_R.png'
PART_PREVIEW 131 180 MORI_V1__Wheel_Axle_R
03:22.301  render           | Saved: '/Users/dean/Documents/MORI/mechanical/renders/parts/Wheel_Bearing_L_Inner.png'
PART_PREVIEW 132 180 MORI_V1__Wheel_Bearing_L_Inner
03:25.045  render           | Saved: '/Users/dean/Documents/MORI/mechanical/renders/parts/Wheel_Bearing_L_Outer.png'
PART_PREVIEW 133 180 MORI_V1__Wheel_Bearing_L_Outer
03:28.522  render           | Saved: '/Users/dean/Documents/MORI/mechanical/renders/parts/Wheel_Bearing_R_Inner.png'
PART_PREVIEW 134 180 MORI_V1__Wheel_Bearing_R_Inner
03:31.554  render           | Saved: '/Users/dean/Documents/MORI/mechanical/renders/parts/Wheel_Bearing_R_Outer.png'
PART_PREVIEW 135 180 MORI_V1__Wheel_Bearing_R_Outer
03:35.859  render           | Saved: '/Users/dean/Documents/MORI/mechanical/renders/parts/Wheel_Cap_Clamp_Nut_0.png'
PART_PREVIEW 136 180 MORI_V1__Wheel_Cap_Clamp_Nut_0
03:39.603  render           | Saved: '/Users/dean/Documents/MORI/mechanical/renders/parts/Wheel_Cap_Clamp_Nut_1.png'
PART_PREVIEW 137 180 MORI_V1__Wheel_Cap_Clamp_Nut_1
03:42.035  render           | Saved: '/Users/dean/Documents/MORI/mechanical/renders/parts/Wheel_Cap_Clamp_Nut_2.png'
PART_PREVIEW 138 180 MORI_V1__Wheel_Cap_Clamp_Nut_2
03:45.019  render           | Saved: '/Users/dean/Documents/MORI/mechanical/renders/parts/Wheel_Cap_Clamp_Nut_3.png'
PART_PREVIEW 139 180 MORI_V1__Wheel_Cap_Clamp_Nut_3
03:47.730  render           | Saved: '/Users/dean/Documents/MORI/mechanical/renders/parts/Wheel_Cap_Clamp_Screw_0.png'
PART_PREVIEW 140 180 MORI_V1__Wheel_Cap_Clamp_Screw_0
03:50.128  render           | Saved: '/Users/dean/Documents/MORI/mechanical/renders/parts/Wheel_Cap_Clamp_Screw_1.png'
PART_PREVIEW 141 180 MORI_V1__Wheel_Cap_Clamp_Screw_1
03:52.674  render           | Saved: '/Users/dean/Documents/MORI/mechanical/renders/parts/Wheel_Cap_Clamp_Screw_2.png'
PART_PREVIEW 142 180 MORI_V1__Wheel_Cap_Clamp_Screw_2
03:54.884  render           | Saved: '/Users/dean/Documents/MORI/mechanical/renders/parts/Wheel_Cap_Clamp_Screw_3.png'
PART_PREVIEW 143 180 MORI_V1__Wheel_Cap_Clamp_Screw_3
03:57.036  render           | Saved: '/Users/dean/Documents/MORI/mechanical/renders/parts/Wheel_End_Screw_L.png'
PART_PREVIEW 144 180 MORI_V1__Wheel_End_Screw_L
03:59.125  render           | Saved: '/Users/dean/Documents/MORI/mechanical/renders/parts/Wheel_End_Screw_R.png'
PART_PREVIEW 145 180 MORI_V1__Wheel_End_Screw_R
04:01.710  render           | Saved: '/Users/dean/Documents/MORI/mechanical/renders/parts/Wheel_End_Washer_L.png'
PART_PREVIEW 146 180 MORI_V1__Wheel_End_Washer_L
04:04.167  render           | Saved: '/Users/dean/Documents/MORI/mechanical/renders/parts/Wheel_End_Washer_R.png'
PART_PREVIEW 147 180 MORI_V1__Wheel_End_Washer_R
04:06.770  render           | Saved: '/Users/dean/Documents/MORI/mechanical/renders/parts/Wheel_Hub_L.png'
PART_PREVIEW 148 180 MORI_V1__Wheel_Hub_L
04:09.271  render           | Saved: '/Users/dean/Documents/MORI/mechanical/renders/parts/Wheel_Hub_R.png'
PART_PREVIEW 149 180 MORI_V1__Wheel_Hub_R
04:11.465  render           | Saved: '/Users/dean/Documents/MORI/mechanical/renders/parts/Wheel_Output_Screw_L_0.png'
PART_PREVIEW 150 180 MORI_V1__Wheel_Output_Screw_L_0
04:13.540  render           | Saved: '/Users/dean/Documents/MORI/mechanical/renders/parts/Wheel_Output_Screw_L_1.png'
PART_PREVIEW 151 180 MORI_V1__Wheel_Output_Screw_L_1
04:15.578  render           | Saved: '/Users/dean/Documents/MORI/mechanical/renders/parts/Wheel_Output_Screw_L_2.png'
PART_PREVIEW 152 180 MORI_V1__Wheel_Output_Screw_L_2
04:17.551  render           | Saved: '/Users/dean/Documents/MORI/mechanical/renders/parts/Wheel_Output_Screw_L_3.png'
PART_PREVIEW 153 180 MORI_V1__Wheel_Output_Screw_L_3
04:19.613  render           | Saved: '/Users/dean/Documents/MORI/mechanical/renders/parts/Wheel_Output_Screw_L_4.png'
PART_PREVIEW 154 180 MORI_V1__Wheel_Output_Screw_L_4
04:21.702  render           | Saved: '/Users/dean/Documents/MORI/mechanical/renders/parts/Wheel_Output_Screw_L_5.png'
PART_PREVIEW 155 180 MORI_V1__Wheel_Output_Screw_L_5
04:23.667  render           | Saved: '/Users/dean/Documents/MORI/mechanical/renders/parts/Wheel_Output_Screw_R_0.png'
PART_PREVIEW 156 180 MORI_V1__Wheel_Output_Screw_R_0
04:24.803  render           | Saved: '/Users/dean/Documents/MORI/mechanical/renders/parts/Wheel_Output_Screw_R_1.png'
PART_PREVIEW 157 180 MORI_V1__Wheel_Output_Screw_R_1
04:25.484  render           | Saved: '/Users/dean/Documents/MORI/mechanical/renders/parts/Wheel_Output_Screw_R_2.png'
PART_PREVIEW 158 180 MORI_V1__Wheel_Output_Screw_R_2
04:26.006  render           | Saved: '/Users/dean/Documents/MORI/mechanical/renders/parts/Wheel_Output_Screw_R_3.png'
PART_PREVIEW 159 180 MORI_V1__Wheel_Output_Screw_R_3
04:26.566  render           | Saved: '/Users/dean/Documents/MORI/mechanical/renders/parts/Wheel_Output_Screw_R_4.png'
PART_PREVIEW 160 180 MORI_V1__Wheel_Output_Screw_R_4
04:27.128  render           | Saved: '/Users/dean/Documents/MORI/mechanical/renders/parts/Wheel_Output_Screw_R_5.png'
PART_PREVIEW 161 180 MORI_V1__Wheel_Output_Screw_R_5
04:27.839  render           | Saved: '/Users/dean/Documents/MORI/mechanical/renders/parts/Wheel_Spacer_L_0.png'
PART_PREVIEW 162 180 MORI_V1__Wheel_Spacer_L_0
04:28.472  render           | Saved: '/Users/dean/Documents/MORI/mechanical/renders/parts/Wheel_Spacer_L_1.png'
PART_PREVIEW 163 180 MORI_V1__Wheel_Spacer_L_1
04:29.102  render           | Saved: '/Users/dean/Documents/MORI/mechanical/renders/parts/Wheel_Spacer_R_0.png'
PART_PREVIEW 164 180 MORI_V1__Wheel_Spacer_R_0
04:29.724  render           | Saved: '/Users/dean/Documents/MORI/mechanical/renders/parts/Wheel_Spacer_R_1.png'
PART_PREVIEW 165 180 MORI_V1__Wheel_Spacer_R_1
04:30.236  render           | Saved: '/Users/dean/Documents/MORI/mechanical/renders/parts/Yaw_Base.png'
PART_PREVIEW 166 180 MORI_V1__Yaw_Base
04:30.675  render           | Saved: '/Users/dean/Documents/MORI/mechanical/renders/parts/Yaw_Base_-1_Insert.png'
PART_PREVIEW 167 180 MORI_V1__Yaw_Base_-1_Insert
04:31.122  render           | Saved: '/Users/dean/Documents/MORI/mechanical/renders/parts/Yaw_Base_-1_Screw.png'
PART_PREVIEW 168 180 MORI_V1__Yaw_Base_-1_Screw
04:31.520  render           | Saved: '/Users/dean/Documents/MORI/mechanical/renders/parts/Yaw_Base_1_Insert.png'
PART_PREVIEW 169 180 MORI_V1__Yaw_Base_1_Insert
04:31.916  render           | Saved: '/Users/dean/Documents/MORI/mechanical/renders/parts/Yaw_Base_1_Screw.png'
PART_PREVIEW 170 180 MORI_V1__Yaw_Base_1_Screw
04:32.317  render           | Saved: '/Users/dean/Documents/MORI/mechanical/renders/parts/Yaw_Bearing.png'
PART_PREVIEW 171 180 MORI_V1__Yaw_Bearing
04:32.713  render           | Saved: '/Users/dean/Documents/MORI/mechanical/renders/parts/Yaw_Horn.png'
PART_PREVIEW 172 180 MORI_V1__Yaw_Horn
04:33.083  render           | Saved: '/Users/dean/Documents/MORI/mechanical/renders/parts/Yaw_Lock_Screw.png'
PART_PREVIEW 173 180 MORI_V1__Yaw_Lock_Screw
04:33.472  render           | Saved: '/Users/dean/Documents/MORI/mechanical/renders/parts/Yaw_Output.png'
PART_PREVIEW 174 180 MORI_V1__Yaw_Output
04:33.852  render           | Saved: '/Users/dean/Documents/MORI/mechanical/renders/parts/Yaw_Reaction_Clamp_Nut.png'
PART_PREVIEW 175 180 MORI_V1__Yaw_Reaction_Clamp_Nut
04:34.223  render           | Saved: '/Users/dean/Documents/MORI/mechanical/renders/parts/Yaw_Reaction_Clamp_Screw.png'
PART_PREVIEW 176 180 MORI_V1__Yaw_Reaction_Clamp_Screw
04:34.618  render           | Saved: '/Users/dean/Documents/MORI/mechanical/renders/parts/Yaw_Reaction_Link.png'
PART_PREVIEW 177 180 MORI_V1__Yaw_Reaction_Link
04:35.005  render           | Saved: '/Users/dean/Documents/MORI/mechanical/renders/parts/Yaw_Reaction_Retainer_Nut.png'
PART_PREVIEW 178 180 MORI_V1__Yaw_Reaction_Retainer_Nut
04:35.362  render           | Saved: '/Users/dean/Documents/MORI/mechanical/renders/parts/Yaw_Reaction_Retainer_Screw.png'
PART_PREVIEW 179 180 MORI_V1__Yaw_Reaction_Retainer_Screw
04:35.796  render           | Saved: '/Users/dean/Documents/MORI/mechanical/renders/parts/Yaw_Servo.png'
PART_PREVIEW 180 180 MORI_V1__Yaw_Servo
CATALOG_COMPLETE
Blender 5.2.1 LTS (hash 9e2066aef7ef built 2026-08-25 01:35:57)

Blender quit
