00:00.325  blend            | Read blend: "/Users/dean/Documents/MORI/mechanical/mori_v1_2.blend"
00:00.908  render           | Saved: '/Users/dean/Documents/MORI/mechanical/renders/parts/Battery.png'
PART_PREVIEW 1 119 MORI_V1__Battery
00:01.231  render           | Saved: '/Users/dean/Documents/MORI/mechanical/renders/parts/Battery_Retainer_Insert_-1.png'
PART_PREVIEW 2 119 MORI_V1__Battery_Retainer_Insert_-1
00:01.545  render           | Saved: '/Users/dean/Documents/MORI/mechanical/renders/parts/Battery_Retainer_Insert_1.png'
PART_PREVIEW 3 119 MORI_V1__Battery_Retainer_Insert_1
00:01.869  render           | Saved: '/Users/dean/Documents/MORI/mechanical/renders/parts/Battery_Retainer_Screw_-1.png'
PART_PREVIEW 4 119 MORI_V1__Battery_Retainer_Screw_-1
00:02.213  render           | Saved: '/Users/dean/Documents/MORI/mechanical/renders/parts/Battery_Retainer_Screw_1.png'
PART_PREVIEW 5 119 MORI_V1__Battery_Retainer_Screw_1
00:02.561  render           | Saved: '/Users/dean/Documents/MORI/mechanical/renders/parts/Battery_Tray.png'
PART_PREVIEW 6 119 MORI_V1__Battery_Tray
00:02.967  render           | Saved: '/Users/dean/Documents/MORI/mechanical/renders/parts/Body_IMU.png'
PART_PREVIEW 7 119 MORI_V1__Body_IMU
00:03.357  render           | Saved: '/Users/dean/Documents/MORI/mechanical/renders/parts/Body_Lower.png'
PART_PREVIEW 8 119 MORI_V1__Body_Lower
00:03.675  render           | Saved: '/Users/dean/Documents/MORI/mechanical/renders/parts/Body_Top_Shroud.png'
PART_PREVIEW 9 119 MORI_V1__Body_Top_Shroud
00:04.060  render           | Saved: '/Users/dean/Documents/MORI/mechanical/renders/parts/Body_Upper.png'
PART_PREVIEW 10 119 MORI_V1__Body_Upper
00:04.387  render           | Saved: '/Users/dean/Documents/MORI/mechanical/renders/parts/Button_Cap.png'
PART_PREVIEW 11 119 MORI_V1__Button_Cap
00:04.782  render           | Saved: '/Users/dean/Documents/MORI/mechanical/renders/parts/CAM_Mainboard.png'
PART_PREVIEW 12 119 MORI_V1__CAM_Mainboard
00:05.132  render           | Saved: '/Users/dean/Documents/MORI/mechanical/renders/parts/Camera_Baffle.png'
PART_PREVIEW 13 119 MORI_V1__Camera_Baffle
00:05.493  render           | Saved: '/Users/dean/Documents/MORI/mechanical/renders/parts/Camera_Lens.png'
PART_PREVIEW 14 119 MORI_V1__Camera_Lens
00:05.879  render           | Saved: '/Users/dean/Documents/MORI/mechanical/renders/parts/Camera_PCB.png'
PART_PREVIEW 15 119 MORI_V1__Camera_PCB
00:06.229  render           | Saved: '/Users/dean/Documents/MORI/mechanical/renders/parts/Camera_Window.png'
PART_PREVIEW 16 119 MORI_V1__Camera_Window
00:06.577  render           | Saved: '/Users/dean/Documents/MORI/mechanical/renders/parts/Coupon_Insert.png'
PART_PREVIEW 17 119 MORI_V1__Coupon_Insert
00:06.947  render           | Saved: '/Users/dean/Documents/MORI/mechanical/renders/parts/Coupon_Mating_Tab.png'
PART_PREVIEW 18 119 MORI_V1__Coupon_Mating_Tab
00:07.291  render           | Saved: '/Users/dean/Documents/MORI/mechanical/renders/parts/Coupon_Plane_Fit.png'
PART_PREVIEW 19 119 MORI_V1__Coupon_Plane_Fit
00:07.603  render           | Saved: '/Users/dean/Documents/MORI/mechanical/renders/parts/Display_Frame.png'
PART_PREVIEW 20 119 MORI_V1__Display_Frame
00:07.928  render           | Saved: '/Users/dean/Documents/MORI/mechanical/renders/parts/Display_Frame_Nut_-1.png'
PART_PREVIEW 21 119 MORI_V1__Display_Frame_Nut_-1
00:08.257  render           | Saved: '/Users/dean/Documents/MORI/mechanical/renders/parts/Display_Frame_Nut_1.png'
PART_PREVIEW 22 119 MORI_V1__Display_Frame_Nut_1
00:08.564  render           | Saved: '/Users/dean/Documents/MORI/mechanical/renders/parts/Display_Frame_Screw_-1.png'
PART_PREVIEW 23 119 MORI_V1__Display_Frame_Screw_-1
00:08.900  render           | Saved: '/Users/dean/Documents/MORI/mechanical/renders/parts/Display_Frame_Screw_1.png'
PART_PREVIEW 24 119 MORI_V1__Display_Frame_Screw_1
00:09.429  render           | Saved: '/Users/dean/Documents/MORI/mechanical/renders/parts/Display_PCB.png'
PART_PREVIEW 25 119 MORI_V1__Display_PCB
00:09.770  render           | Saved: '/Users/dean/Documents/MORI/mechanical/renders/parts/Dock_Pad_0.png'
PART_PREVIEW 26 119 MORI_V1__Dock_Pad_0
00:10.090  render           | Saved: '/Users/dean/Documents/MORI/mechanical/renders/parts/Dock_Pad_1.png'
PART_PREVIEW 27 119 MORI_V1__Dock_Pad_1
00:10.432  render           | Saved: '/Users/dean/Documents/MORI/mechanical/renders/parts/Dock_Pad_2.png'
PART_PREVIEW 28 119 MORI_V1__Dock_Pad_2
00:10.792  render           | Saved: '/Users/dean/Documents/MORI/mechanical/renders/parts/Dock_Pad_3.png'
PART_PREVIEW 29 119 MORI_V1__Dock_Pad_3
00:11.214  render           | Saved: '/Users/dean/Documents/MORI/mechanical/renders/parts/Drive_Motor_L.png'
PART_PREVIEW 30 119 MORI_V1__Drive_Motor_L
00:11.600  render           | Saved: '/Users/dean/Documents/MORI/mechanical/renders/parts/Drive_Motor_R.png'
PART_PREVIEW 31 119 MORI_V1__Drive_Motor_R
00:11.920  render           | Saved: '/Users/dean/Documents/MORI/mechanical/renders/parts/Face_Mask.png'
PART_PREVIEW 32 119 MORI_V1__Face_Mask
00:12.285  render           | Saved: '/Users/dean/Documents/MORI/mechanical/renders/parts/Face_Protector.png'
PART_PREVIEW 33 119 MORI_V1__Face_Protector
00:12.610  render           | Saved: '/Users/dean/Documents/MORI/mechanical/renders/parts/Frame_Insert_0.png'
PART_PREVIEW 34 119 MORI_V1__Frame_Insert_0
00:12.953  render           | Saved: '/Users/dean/Documents/MORI/mechanical/renders/parts/Frame_Insert_1.png'
PART_PREVIEW 35 119 MORI_V1__Frame_Insert_1
00:13.274  render           | Saved: '/Users/dean/Documents/MORI/mechanical/renders/parts/Frame_Insert_2.png'
PART_PREVIEW 36 119 MORI_V1__Frame_Insert_2
00:13.613  render           | Saved: '/Users/dean/Documents/MORI/mechanical/renders/parts/Frame_Insert_3.png'
PART_PREVIEW 37 119 MORI_V1__Frame_Insert_3
00:13.943  render           | Saved: '/Users/dean/Documents/MORI/mechanical/renders/parts/Frame_Screw_0.png'
PART_PREVIEW 38 119 MORI_V1__Frame_Screw_0
00:14.268  render           | Saved: '/Users/dean/Documents/MORI/mechanical/renders/parts/Frame_Screw_1.png'
PART_PREVIEW 39 119 MORI_V1__Frame_Screw_1
00:14.594  render           | Saved: '/Users/dean/Documents/MORI/mechanical/renders/parts/Frame_Screw_2.png'
PART_PREVIEW 40 119 MORI_V1__Frame_Screw_2
00:14.924  render           | Saved: '/Users/dean/Documents/MORI/mechanical/renders/parts/Frame_Screw_3.png'
PART_PREVIEW 41 119 MORI_V1__Frame_Screw_3
00:15.265  render           | Saved: '/Users/dean/Documents/MORI/mechanical/renders/parts/Function_Button.png'
PART_PREVIEW 42 119 MORI_V1__Function_Button
00:15.615  render           | Saved: '/Users/dean/Documents/MORI/mechanical/renders/parts/Head_Front.png'
PART_PREVIEW 43 119 MORI_V1__Head_Front
00:15.944  render           | Saved: '/Users/dean/Documents/MORI/mechanical/renders/parts/Head_Lower_Guard.png'
PART_PREVIEW 44 119 MORI_V1__Head_Lower_Guard
00:16.355  render           | Saved: '/Users/dean/Documents/MORI/mechanical/renders/parts/Head_Rear.png'
PART_PREVIEW 45 119 MORI_V1__Head_Rear
00:16.684  render           | Saved: '/Users/dean/Documents/MORI/mechanical/renders/parts/IMU_Mount.png'
PART_PREVIEW 46 119 MORI_V1__IMU_Mount
00:17.067  render           | Saved: '/Users/dean/Documents/MORI/mechanical/renders/parts/Load_Frame.png'
PART_PREVIEW 47 119 MORI_V1__Load_Frame
00:17.404  render           | Saved: '/Users/dean/Documents/MORI/mechanical/renders/parts/MCU_Motion.png'
PART_PREVIEW 48 119 MORI_V1__MCU_Motion
00:17.730  render           | Saved: '/Users/dean/Documents/MORI/mechanical/renders/parts/MCU_Mount_Motion.png'
PART_PREVIEW 49 119 MORI_V1__MCU_Mount_Motion
00:18.048  render           | Saved: '/Users/dean/Documents/MORI/mechanical/renders/parts/Mic_Duct_L.png'
PART_PREVIEW 50 119 MORI_V1__Mic_Duct_L
00:18.387  render           | Saved: '/Users/dean/Documents/MORI/mechanical/renders/parts/Mic_Duct_R.png'
PART_PREVIEW 51 119 MORI_V1__Mic_Duct_R
00:18.718  render           | Saved: '/Users/dean/Documents/MORI/mechanical/renders/parts/Motor_Mount_L.png'
PART_PREVIEW 52 119 MORI_V1__Motor_Mount_L
00:19.062  render           | Saved: '/Users/dean/Documents/MORI/mechanical/renders/parts/Motor_Mount_Nut_L0.png'
PART_PREVIEW 53 119 MORI_V1__Motor_Mount_Nut_L0
00:19.390  render           | Saved: '/Users/dean/Documents/MORI/mechanical/renders/parts/Motor_Mount_Nut_L1.png'
PART_PREVIEW 54 119 MORI_V1__Motor_Mount_Nut_L1
00:19.743  render           | Saved: '/Users/dean/Documents/MORI/mechanical/renders/parts/Motor_Mount_Nut_R0.png'
PART_PREVIEW 55 119 MORI_V1__Motor_Mount_Nut_R0
00:20.090  render           | Saved: '/Users/dean/Documents/MORI/mechanical/renders/parts/Motor_Mount_Nut_R1.png'
PART_PREVIEW 56 119 MORI_V1__Motor_Mount_Nut_R1
00:20.478  render           | Saved: '/Users/dean/Documents/MORI/mechanical/renders/parts/Motor_Mount_R.png'
PART_PREVIEW 57 119 MORI_V1__Motor_Mount_R
00:20.976  render           | Saved: '/Users/dean/Documents/MORI/mechanical/renders/parts/Motor_Mount_Screw_L0.png'
PART_PREVIEW 58 119 MORI_V1__Motor_Mount_Screw_L0
00:21.624  render           | Saved: '/Users/dean/Documents/MORI/mechanical/renders/parts/Motor_Mount_Screw_L1.png'
PART_PREVIEW 59 119 MORI_V1__Motor_Mount_Screw_L1
00:22.287  render           | Saved: '/Users/dean/Documents/MORI/mechanical/renders/parts/Motor_Mount_Screw_R0.png'
PART_PREVIEW 60 119 MORI_V1__Motor_Mount_Screw_R0
00:22.977  render           | Saved: '/Users/dean/Documents/MORI/mechanical/renders/parts/Motor_Mount_Screw_R1.png'
PART_PREVIEW 61 119 MORI_V1__Motor_Mount_Screw_R1
00:23.687  render           | Saved: '/Users/dean/Documents/MORI/mechanical/renders/parts/Parking_Cradle.png'
PART_PREVIEW 62 119 MORI_V1__Parking_Cradle
00:24.407  render           | Saved: '/Users/dean/Documents/MORI/mechanical/renders/parts/Pitch_Bearing_L.png'
PART_PREVIEW 63 119 MORI_V1__Pitch_Bearing_L
00:25.154  render           | Saved: '/Users/dean/Documents/MORI/mechanical/renders/parts/Pitch_Bearing_R.png'
PART_PREVIEW 64 119 MORI_V1__Pitch_Bearing_R
00:25.811  render           | Saved: '/Users/dean/Documents/MORI/mechanical/renders/parts/Pitch_Cable_Clip.png'
PART_PREVIEW 65 119 MORI_V1__Pitch_Cable_Clip
00:26.516  render           | Saved: '/Users/dean/Documents/MORI/mechanical/renders/parts/Pitch_Cradle.png'
PART_PREVIEW 66 119 MORI_V1__Pitch_Cradle
00:27.247  render           | Saved: '/Users/dean/Documents/MORI/mechanical/renders/parts/Pitch_Horn.png'
PART_PREVIEW 67 119 MORI_V1__Pitch_Horn
00:27.882  render           | Saved: '/Users/dean/Documents/MORI/mechanical/renders/parts/Pitch_Lock_Screw.png'
PART_PREVIEW 68 119 MORI_V1__Pitch_Lock_Screw
00:28.573  render           | Saved: '/Users/dean/Documents/MORI/mechanical/renders/parts/Pitch_Output.png'
PART_PREVIEW 69 119 MORI_V1__Pitch_Output
00:29.230  render           | Saved: '/Users/dean/Documents/MORI/mechanical/renders/parts/Pitch_Servo.png'
PART_PREVIEW 70 119 MORI_V1__Pitch_Servo
00:29.989  render           | Saved: '/Users/dean/Documents/MORI/mechanical/renders/parts/Pitch_Trunnion_L.png'
PART_PREVIEW 71 119 MORI_V1__Pitch_Trunnion_L
00:30.712  render           | Saved: '/Users/dean/Documents/MORI/mechanical/renders/parts/Pitch_Trunnion_R.png'
PART_PREVIEW 72 119 MORI_V1__Pitch_Trunnion_R
00:31.522  render           | Saved: '/Users/dean/Documents/MORI/mechanical/renders/parts/Pitch_Yoke.png'
PART_PREVIEW 73 119 MORI_V1__Pitch_Yoke
00:32.329  render           | Saved: '/Users/dean/Documents/MORI/mechanical/renders/parts/Power_Module.png'
PART_PREVIEW 74 119 MORI_V1__Power_Module
00:33.057  render           | Saved: '/Users/dean/Documents/MORI/mechanical/renders/parts/Power_Module_Mount.png'
PART_PREVIEW 75 119 MORI_V1__Power_Module_Mount
00:33.855  render           | Saved: '/Users/dean/Documents/MORI/mechanical/renders/parts/Power_Switch.png'
PART_PREVIEW 76 119 MORI_V1__Power_Switch
00:34.557  render           | Saved: '/Users/dean/Documents/MORI/mechanical/renders/parts/S288_Output_L_Inner.png'
PART_PREVIEW 77 119 MORI_V1__S288_Output_L_Inner
00:35.314  render           | Saved: '/Users/dean/Documents/MORI/mechanical/renders/parts/S288_Output_L_Outer.png'
PART_PREVIEW 78 119 MORI_V1__S288_Output_L_Outer
00:36.008  render           | Saved: '/Users/dean/Documents/MORI/mechanical/renders/parts/S288_Output_R_Inner.png'
PART_PREVIEW 79 119 MORI_V1__S288_Output_R_Inner
00:36.738  render           | Saved: '/Users/dean/Documents/MORI/mechanical/renders/parts/S288_Output_R_Outer.png'
PART_PREVIEW 80 119 MORI_V1__S288_Output_R_Outer
00:37.502  render           | Saved: '/Users/dean/Documents/MORI/mechanical/renders/parts/Shell_Insert_0.png'
PART_PREVIEW 81 119 MORI_V1__Shell_Insert_0
00:38.307  render           | Saved: '/Users/dean/Documents/MORI/mechanical/renders/parts/Shell_Insert_1.png'
PART_PREVIEW 82 119 MORI_V1__Shell_Insert_1
00:39.034  render           | Saved: '/Users/dean/Documents/MORI/mechanical/renders/parts/Shell_Insert_2.png'
PART_PREVIEW 83 119 MORI_V1__Shell_Insert_2
00:39.686  render           | Saved: '/Users/dean/Documents/MORI/mechanical/renders/parts/Shell_Insert_3.png'
PART_PREVIEW 84 119 MORI_V1__Shell_Insert_3
00:40.276  render           | Saved: '/Users/dean/Documents/MORI/mechanical/renders/parts/Shell_Screw_0.png'
PART_PREVIEW 85 119 MORI_V1__Shell_Screw_0
00:40.981  render           | Saved: '/Users/dean/Documents/MORI/mechanical/renders/parts/Shell_Screw_1.png'
PART_PREVIEW 86 119 MORI_V1__Shell_Screw_1
00:41.591  render           | Saved: '/Users/dean/Documents/MORI/mechanical/renders/parts/Shell_Screw_2.png'
PART_PREVIEW 87 119 MORI_V1__Shell_Screw_2
00:42.095  render           | Saved: '/Users/dean/Documents/MORI/mechanical/renders/parts/Shell_Screw_3.png'
PART_PREVIEW 88 119 MORI_V1__Shell_Screw_3
00:42.491  render           | Saved: '/Users/dean/Documents/MORI/mechanical/renders/parts/Speaker.png'
PART_PREVIEW 89 119 MORI_V1__Speaker
00:42.887  render           | Saved: '/Users/dean/Documents/MORI/mechanical/renders/parts/Speaker_Mount.png'
PART_PREVIEW 90 119 MORI_V1__Speaker_Mount
00:43.214  render           | Saved: '/Users/dean/Documents/MORI/mechanical/renders/parts/Tire_L.png'
PART_PREVIEW 91 119 MORI_V1__Tire_L
00:43.542  render           | Saved: '/Users/dean/Documents/MORI/mechanical/renders/parts/Tire_R.png'
PART_PREVIEW 92 119 MORI_V1__Tire_R
00:43.900  render           | Saved: '/Users/dean/Documents/MORI/mechanical/renders/parts/USB_Charge.png'
PART_PREVIEW 93 119 MORI_V1__USB_Charge
00:44.215  render           | Saved: '/Users/dean/Documents/MORI/mechanical/renders/parts/USB_Charge_Mount.png'
PART_PREVIEW 94 119 MORI_V1__USB_Charge_Mount
00:44.568  render           | Saved: '/Users/dean/Documents/MORI/mechanical/renders/parts/USB_Receptacle.png'
PART_PREVIEW 95 119 MORI_V1__USB_Receptacle
00:44.872  render           | Saved: '/Users/dean/Documents/MORI/mechanical/renders/parts/Wheel_Axle_L.png'
PART_PREVIEW 96 119 MORI_V1__Wheel_Axle_L
00:45.175  render           | Saved: '/Users/dean/Documents/MORI/mechanical/renders/parts/Wheel_Axle_R.png'
PART_PREVIEW 97 119 MORI_V1__Wheel_Axle_R
00:45.531  render           | Saved: '/Users/dean/Documents/MORI/mechanical/renders/parts/Wheel_Bearing_L_33.png'
PART_PREVIEW 98 119 MORI_V1__Wheel_Bearing_L_33
00:45.893  render           | Saved: '/Users/dean/Documents/MORI/mechanical/renders/parts/Wheel_Bearing_L_39.png'
PART_PREVIEW 99 119 MORI_V1__Wheel_Bearing_L_39
00:46.258  render           | Saved: '/Users/dean/Documents/MORI/mechanical/renders/parts/Wheel_Bearing_R_33.png'
PART_PREVIEW 100 119 MORI_V1__Wheel_Bearing_R_33
00:46.623  render           | Saved: '/Users/dean/Documents/MORI/mechanical/renders/parts/Wheel_Bearing_R_39.png'
PART_PREVIEW 101 119 MORI_V1__Wheel_Bearing_R_39
00:46.963  render           | Saved: '/Users/dean/Documents/MORI/mechanical/renders/parts/Wheel_Cap_L.png'
PART_PREVIEW 102 119 MORI_V1__Wheel_Cap_L
00:47.301  render           | Saved: '/Users/dean/Documents/MORI/mechanical/renders/parts/Wheel_Cap_R.png'
PART_PREVIEW 103 119 MORI_V1__Wheel_Cap_R
00:47.658  render           | Saved: '/Users/dean/Documents/MORI/mechanical/renders/parts/Wheel_Coupler_L.png'
PART_PREVIEW 104 119 MORI_V1__Wheel_Coupler_L
00:48.016  render           | Saved: '/Users/dean/Documents/MORI/mechanical/renders/parts/Wheel_Coupler_R.png'
PART_PREVIEW 105 119 MORI_V1__Wheel_Coupler_R
00:48.371  render           | Saved: '/Users/dean/Documents/MORI/mechanical/renders/parts/Wheel_Hub_L.png'
PART_PREVIEW 106 119 MORI_V1__Wheel_Hub_L
00:48.732  render           | Saved: '/Users/dean/Documents/MORI/mechanical/renders/parts/Wheel_Hub_R.png'
PART_PREVIEW 107 119 MORI_V1__Wheel_Hub_R
00:49.070  render           | Saved: '/Users/dean/Documents/MORI/mechanical/renders/parts/Yaw_Bearing.png'
PART_PREVIEW 108 119 MORI_V1__Yaw_Bearing
00:49.439  render           | Saved: '/Users/dean/Documents/MORI/mechanical/renders/parts/Yaw_Cable_Clip.png'
PART_PREVIEW 109 119 MORI_V1__Yaw_Cable_Clip
00:49.817  render           | Saved: '/Users/dean/Documents/MORI/mechanical/renders/parts/Yaw_Carrier.png'
PART_PREVIEW 110 119 MORI_V1__Yaw_Carrier
00:50.143  render           | Saved: '/Users/dean/Documents/MORI/mechanical/renders/parts/Yaw_Horn.png'
PART_PREVIEW 111 119 MORI_V1__Yaw_Horn
00:50.443  render           | Saved: '/Users/dean/Documents/MORI/mechanical/renders/parts/Yaw_Lock_Screw.png'
PART_PREVIEW 112 119 MORI_V1__Yaw_Lock_Screw
00:50.763  render           | Saved: '/Users/dean/Documents/MORI/mechanical/renders/parts/Yaw_Output.png'
PART_PREVIEW 113 119 MORI_V1__Yaw_Output
00:51.125  render           | Saved: '/Users/dean/Documents/MORI/mechanical/renders/parts/Yaw_Servo.png'
PART_PREVIEW 114 119 MORI_V1__Yaw_Servo
00:51.494  render           | Saved: '/Users/dean/Documents/MORI/mechanical/renders/parts/Yaw_Servo_Mount.png'
PART_PREVIEW 115 119 MORI_V1__Yaw_Servo_Mount
00:51.823  render           | Saved: '/Users/dean/Documents/MORI/mechanical/renders/parts/Yaw_Stop_-76.png'
PART_PREVIEW 116 119 MORI_V1__Yaw_Stop_-76
00:52.143  render           | Saved: '/Users/dean/Documents/MORI/mechanical/renders/parts/Yaw_Stop_76.png'
PART_PREVIEW 117 119 MORI_V1__Yaw_Stop_76
00:52.460  render           | Saved: '/Users/dean/Documents/MORI/mechanical/renders/parts/Yaw_Stop_Flag.png'
PART_PREVIEW 118 119 MORI_V1__Yaw_Stop_Flag
00:52.805  render           | Saved: '/Users/dean/Documents/MORI/mechanical/renders/parts/Yaw_Turntable.png'
PART_PREVIEW 119 119 MORI_V1__Yaw_Turntable
CATALOG_COMPLETE
Blender 5.2.1 LTS (hash 9e2066aef7ef built 2026-08-25 01:35:57)

Blender quit
