00:00.390  blend            | Read blend: "/Users/dean/Documents/MORI/mechanical/mori_v1_2.blend"
MORI STL Battery_Tray PASS
MORI STL Body_Lower PASS
MORI STL Body_Top_Shroud PASS
MORI STL Body_Upper PASS
MORI STL Button_Cap PASS
MORI STL Camera_Baffle PASS
MORI STL Coupon_Insert PASS
MORI STL Coupon_Mating_Tab PASS
MORI STL Coupon_Plane_Fit PASS
MORI STL Display_Frame PASS
MORI STL Head_Front PASS
MORI STL Head_Lower_Guard PASS
MORI STL Head_Rear PASS
MORI STL IMU_Mount PASS
MORI STL Load_Frame PASS
MORI STL MCU_Mount_Motion PASS
MORI STL Mic_Duct_L PASS
MORI STL Mic_Duct_R PASS
MORI STL Motor_Mount_L PASS
MORI STL Motor_Mount_R PASS
MORI STL Parking_Cradle PASS
MORI STL Pitch_Cable_Clip PASS
MORI STL Pitch_Cradle PASS
MORI STL Pitch_Yoke PASS
MORI STL Power_Module_Mount PASS
MORI STL Speaker_Mount PASS
MORI STL USB_Charge_Mount PASS
MORI STL Wheel_Cap_L PASS
MORI STL Wheel_Cap_R PASS
MORI STL Wheel_Coupler_L PASS
MORI STL Wheel_Coupler_R PASS
MORI STL Wheel_Hub_L PASS
MORI STL Wheel_Hub_R PASS
MORI STL Yaw_Cable_Clip PASS
MORI STL Yaw_Carrier PASS
MORI STL Yaw_Servo_Mount PASS
MORI STL Yaw_Stop_-76 PASS
MORI STL Yaw_Stop_76 PASS
MORI STL Yaw_Stop_Flag PASS
MORI STL Yaw_Turntable PASS
Blender 5.2.1 LTS (hash 9e2066aef7ef built 2026-08-25 01:35:57)
Timer 'STL Import' took 0.82 ms
Timer 'STL Import' took 5.08 ms
Timer 'STL Import' took 0.14 ms
Timer 'STL Import' took 1.87 ms
Timer 'STL Import' took 93000 ns
Timer 'STL Import' took 97541 ns
Timer 'STL Import' took 0.29 ms
Timer 'STL Import' took 53416 ns
Timer 'STL Import' took 69375 ns
Timer 'STL Import' took 0.49 ms
Timer 'STL Import' took 1.30 ms
Timer 'STL Import' took 0.95 ms
Timer 'STL Import' took 1.59 ms
Timer 'STL Import' took 66583 ns
Timer 'STL Import' took 0.63 ms
Timer 'STL Import' took 0.22 ms
Timer 'STL Import' took 0.12 ms
Timer 'STL Import' took 0.11 ms
Timer 'STL Import' took 0.14 ms
Timer 'STL Import' took 0.14 ms
Timer 'STL Import' took 0.13 ms
Timer 'STL Import' took 93250 ns
Timer 'STL Import' took 0.54 ms
Timer 'STL Import' took 0.35 ms
Timer 'STL Import' took 0.33 ms
Timer 'STL Import' took 0.35 ms
Timer 'STL Import' took 85833 ns
Timer 'STL Import' took 70584 ns
Timer 'STL Import' took 66375 ns
Timer 'STL Import' took 90750 ns
Timer 'STL Import' took 94417 ns
Timer 'STL Import' took 0.10 ms
Timer 'STL Import' took 96291 ns
Timer 'STL Import' took 0.10 ms
Timer 'STL Import' took 0.33 ms
Timer 'STL Import' took 63541 ns
Timer 'STL Import' took 47583 ns
Timer 'STL Import' took 0.11 ms
Timer 'STL Import' took 40667 ns
Timer 'STL Import' took 0.60 ms

Blender quit
