00:00.316  blend            | Read blend: "/Users/dean/Documents/MORI/mechanical/mori_v1_2.blend"
RENDER 45_assembled
00:11.501  render           | Saved: '/Users/dean/Documents/MORI/mechanical/renders/45_assembled.png'
RENDER front
00:16.735  render           | Saved: '/Users/dean/Documents/MORI/mechanical/renders/front.png'
RENDER side
00:21.585  render           | Saved: '/Users/dean/Documents/MORI/mechanical/renders/side.png'
RENDER rear
00:26.395  render           | Saved: '/Users/dean/Documents/MORI/mechanical/renders/rear.png'
RENDER top
00:32.569  render           | Saved: '/Users/dean/Documents/MORI/mechanical/renders/top.png'
RENDER bottom
00:38.933  render           | Saved: '/Users/dean/Documents/MORI/mechanical/renders/bottom.png'
RENDER exploded
00:44.064  render           | Saved: '/Users/dean/Documents/MORI/mechanical/renders/exploded.png'
RENDER internal
00:50.793  render           | Saved: '/Users/dean/Documents/MORI/mechanical/renders/internal.png'
RENDER structure_only
00:56.155  render           | Saved: '/Users/dean/Documents/MORI/mechanical/renders/structure_only.png'
RENDER head_section
01:05.856  render           | Saved: '/Users/dean/Documents/MORI/mechanical/renders/head_section.png'
RENDER screen_outline_review
01:11.411  render           | Saved: '/Users/dean/Documents/MORI/mechanical/renders/screen_outline_review.png'
RENDER clearance
01:16.607  render           | Saved: '/Users/dean/Documents/MORI/mechanical/renders/clearance.png'
RENDER wheel_gap_detail
01:23.092  render           | Saved: '/Users/dean/Documents/MORI/mechanical/renders/wheel_gap_detail.png'
RENDER pose_up
01:39.284  render           | Saved: '/Users/dean/Documents/MORI/mechanical/renders/pose_up.png'
RENDER pose_down
01:51.358  render           | Saved: '/Users/dean/Documents/MORI/mechanical/renders/pose_down.png'
RENDER docked
02:02.730  render           | Saved: '/Users/dean/Documents/MORI/mechanical/renders/docked.png'
RENDER_COMPLETE
Blender 5.2.1 LTS (hash 9e2066aef7ef built 2026-08-25 01:35:57)

Blender quit
